[2026-02-07T02:59:51.731+0000] {local_task_job_runner.py:120} INFO - ::group::Pre task execution logs
[2026-02-07T02:59:51.785+0000] {taskinstance.py:2073} INFO - Dependencies all met for dep_context=non-requeueable deps ti=<TaskInstance: pipeline.fin_pipeline manual__2026-02-07T02:59:36.275983+00:00 [queued]>
[2026-02-07T02:59:51.798+0000] {taskinstance.py:2073} INFO - Dependencies all met for dep_context=requeueable deps ti=<TaskInstance: pipeline.fin_pipeline manual__2026-02-07T02:59:36.275983+00:00 [queued]>
[2026-02-07T02:59:51.800+0000] {taskinstance.py:2303} INFO - Starting attempt 1 of 1
[2026-02-07T02:59:51.831+0000] {taskinstance.py:2327} INFO - Executing <Task(PythonOperator): fin_pipeline> on 2026-02-07 02:59:36.275983+00:00
[2026-02-07T02:59:51.846+0000] {warnings.py:110} WARNING - /home/***/.local/lib/python3.12/site-packages/***/task/task_runner/standard_task_runner.py:61: DeprecationWarning: This process (pid=63) is multi-threaded, use of fork() may lead to deadlocks in the child.
  pid = os.fork()

[2026-02-07T02:59:51.855+0000] {standard_task_runner.py:63} INFO - Started process 66 to run task
[2026-02-07T02:59:51.854+0000] {standard_task_runner.py:90} INFO - Running: ['***', 'tasks', 'run', 'pipeline', 'fin_pipeline', 'manual__2026-02-07T02:59:36.275983+00:00', '--job-id', '10', '--raw', '--subdir', 'DAGS_FOLDER/temperature_pipeline.py', '--cfg-path', '/tmp/tmp3n85gtzp']
[2026-02-07T02:59:51.860+0000] {standard_task_runner.py:91} INFO - Job 10: Subtask fin_pipeline
[2026-02-07T02:59:51.892+0000] {warnings.py:110} WARNING - /home/***/.local/lib/python3.12/site-packages/***/settings.py:195: DeprecationWarning: The sql_alchemy_conn option in [core] has been moved to the sql_alchemy_conn option in [database] - the old setting has been used, but please update your config.
  SQL_ALCHEMY_CONN = conf.get("database", "SQL_ALCHEMY_CONN")

[2026-02-07T02:59:51.980+0000] {task_command.py:426} INFO - Running <TaskInstance: pipeline.fin_pipeline manual__2026-02-07T02:59:36.275983+00:00 [running]> on host 9d1206ff4a3b
[2026-02-07T02:59:52.193+0000] {taskinstance.py:2644} INFO - Exporting env vars: AIRFLOW_CTX_DAG_OWNER='emmanuel' AIRFLOW_CTX_DAG_ID='pipeline' AIRFLOW_CTX_TASK_ID='fin_pipeline' AIRFLOW_CTX_EXECUTION_DATE='2026-02-07T02:59:36.275983+00:00' AIRFLOW_CTX_TRY_NUMBER='1' AIRFLOW_CTX_DAG_RUN_ID='manual__2026-02-07T02:59:36.275983+00:00'
[2026-02-07T02:59:52.214+0000] {taskinstance.py:430} INFO - ::endgroup::
[2026-02-07T02:59:52.215+0000] {logging_mixin.py:188} INFO - Pipeline terminé avec succès.
[2026-02-07T02:59:52.216+0000] {python.py:237} INFO - Done. Returned value was: None
[2026-02-07T02:59:52.218+0000] {taskinstance.py:441} INFO - ::group::Post task execution logs
[2026-02-07T02:59:52.240+0000] {taskinstance.py:1205} INFO - Marking task as SUCCESS. dag_id=pipeline, task_id=fin_pipeline, execution_date=20260207T025936, start_date=20260207T025951, end_date=20260207T025952
[2026-02-07T02:59:52.320+0000] {local_task_job_runner.py:240} INFO - Task exited with return code 0
[2026-02-07T02:59:52.355+0000] {taskinstance.py:3482} INFO - 0 downstream tasks scheduled from follow-on schedule check
[2026-02-07T02:59:52.361+0000] {local_task_job_runner.py:222} INFO - ::endgroup::
