[2026-01-27 23:26:57,953] {scheduler_job.py:182} INFO - Started process (PID=33) to work on /home/airflow/.local/lib/python3.6/site-packages/airflow/example_dags/example_python_operator.py
[2026-01-27 23:26:57,956] {scheduler_job.py:629} INFO - Processing file /home/airflow/.local/lib/python3.6/site-packages/airflow/example_dags/example_python_operator.py for tasks to queue
[2026-01-27 23:26:57,959] {logging_mixin.py:104} INFO - [2026-01-27 23:26:57,958] {dagbag.py:448} INFO - Filling up the DagBag from /home/airflow/.local/lib/python3.6/site-packages/airflow/example_dags/example_python_operator.py
[2026-01-27 23:26:58,005] {scheduler_job.py:639} INFO - DAG(s) dict_keys(['example_python_operator']) retrieved from /home/airflow/.local/lib/python3.6/site-packages/airflow/example_dags/example_python_operator.py
[2026-01-27 23:26:58,124] {logging_mixin.py:104} INFO - [2026-01-27 23:26:58,124] {dag.py:1818} INFO - Sync 1 DAGs
[2026-01-27 23:26:58,260] {logging_mixin.py:104} INFO - [2026-01-27 23:26:58,259] {dag.py:1837} INFO - Creating ORM DAG for example_python_operator
[2026-01-27 23:26:58,300] {logging_mixin.py:104} INFO - [2026-01-27 23:26:58,300] {dag.py:2273} INFO - Setting next_dagrun for example_python_operator to None
[2026-01-27 23:26:58,368] {scheduler_job.py:190} INFO - Processing /home/airflow/.local/lib/python3.6/site-packages/airflow/example_dags/example_python_operator.py took 0.427 seconds
[2026-01-27 23:27:29,185] {scheduler_job.py:182} INFO - Started process (PID=59) to work on /home/airflow/.local/lib/python3.6/site-packages/airflow/example_dags/example_python_operator.py
[2026-01-27 23:27:29,188] {scheduler_job.py:629} INFO - Processing file /home/airflow/.local/lib/python3.6/site-packages/airflow/example_dags/example_python_operator.py for tasks to queue
[2026-01-27 23:27:29,190] {logging_mixin.py:104} INFO - [2026-01-27 23:27:29,190] {dagbag.py:448} INFO - Filling up the DagBag from /home/airflow/.local/lib/python3.6/site-packages/airflow/example_dags/example_python_operator.py
[2026-01-27 23:27:29,227] {scheduler_job.py:639} INFO - DAG(s) dict_keys(['example_python_operator']) retrieved from /home/airflow/.local/lib/python3.6/site-packages/airflow/example_dags/example_python_operator.py
[2026-01-27 23:27:29,276] {logging_mixin.py:104} INFO - [2026-01-27 23:27:29,275] {dag.py:1818} INFO - Sync 1 DAGs
[2026-01-27 23:27:29,316] {logging_mixin.py:104} INFO - [2026-01-27 23:27:29,316] {dag.py:2273} INFO - Setting next_dagrun for example_python_operator to None
[2026-01-27 23:27:29,347] {scheduler_job.py:190} INFO - Processing /home/airflow/.local/lib/python3.6/site-packages/airflow/example_dags/example_python_operator.py took 0.175 seconds
[2026-01-27 23:27:59,617] {scheduler_job.py:182} INFO - Started process (PID=80) to work on /home/airflow/.local/lib/python3.6/site-packages/airflow/example_dags/example_python_operator.py
[2026-01-27 23:27:59,620] {scheduler_job.py:629} INFO - Processing file /home/airflow/.local/lib/python3.6/site-packages/airflow/example_dags/example_python_operator.py for tasks to queue
[2026-01-27 23:27:59,622] {logging_mixin.py:104} INFO - [2026-01-27 23:27:59,622] {dagbag.py:448} INFO - Filling up the DagBag from /home/airflow/.local/lib/python3.6/site-packages/airflow/example_dags/example_python_operator.py
[2026-01-27 23:27:59,651] {scheduler_job.py:639} INFO - DAG(s) dict_keys(['example_python_operator']) retrieved from /home/airflow/.local/lib/python3.6/site-packages/airflow/example_dags/example_python_operator.py
[2026-01-27 23:27:59,716] {logging_mixin.py:104} INFO - [2026-01-27 23:27:59,715] {dag.py:1818} INFO - Sync 1 DAGs
[2026-01-27 23:27:59,766] {logging_mixin.py:104} INFO - [2026-01-27 23:27:59,766] {dag.py:2273} INFO - Setting next_dagrun for example_python_operator to None
[2026-01-27 23:27:59,801] {scheduler_job.py:190} INFO - Processing /home/airflow/.local/lib/python3.6/site-packages/airflow/example_dags/example_python_operator.py took 0.194 seconds
[2026-01-27 23:28:30,463] {scheduler_job.py:182} INFO - Started process (PID=106) to work on /home/airflow/.local/lib/python3.6/site-packages/airflow/example_dags/example_python_operator.py
[2026-01-27 23:28:30,464] {scheduler_job.py:629} INFO - Processing file /home/airflow/.local/lib/python3.6/site-packages/airflow/example_dags/example_python_operator.py for tasks to queue
[2026-01-27 23:28:30,465] {logging_mixin.py:104} INFO - [2026-01-27 23:28:30,465] {dagbag.py:448} INFO - Filling up the DagBag from /home/airflow/.local/lib/python3.6/site-packages/airflow/example_dags/example_python_operator.py
[2026-01-27 23:28:30,481] {scheduler_job.py:639} INFO - DAG(s) dict_keys(['example_python_operator']) retrieved from /home/airflow/.local/lib/python3.6/site-packages/airflow/example_dags/example_python_operator.py
[2026-01-27 23:28:30,517] {logging_mixin.py:104} INFO - [2026-01-27 23:28:30,517] {dag.py:1818} INFO - Sync 1 DAGs
[2026-01-27 23:28:30,538] {logging_mixin.py:104} INFO - [2026-01-27 23:28:30,538] {dag.py:2273} INFO - Setting next_dagrun for example_python_operator to None
[2026-01-27 23:28:30,549] {scheduler_job.py:190} INFO - Processing /home/airflow/.local/lib/python3.6/site-packages/airflow/example_dags/example_python_operator.py took 0.090 seconds
[2026-01-27 23:29:01,093] {scheduler_job.py:182} INFO - Started process (PID=132) to work on /home/airflow/.local/lib/python3.6/site-packages/airflow/example_dags/example_python_operator.py
[2026-01-27 23:29:01,094] {scheduler_job.py:629} INFO - Processing file /home/airflow/.local/lib/python3.6/site-packages/airflow/example_dags/example_python_operator.py for tasks to queue
[2026-01-27 23:29:01,097] {logging_mixin.py:104} INFO - [2026-01-27 23:29:01,097] {dagbag.py:448} INFO - Filling up the DagBag from /home/airflow/.local/lib/python3.6/site-packages/airflow/example_dags/example_python_operator.py
[2026-01-27 23:29:01,109] {scheduler_job.py:639} INFO - DAG(s) dict_keys(['example_python_operator']) retrieved from /home/airflow/.local/lib/python3.6/site-packages/airflow/example_dags/example_python_operator.py
[2026-01-27 23:29:01,133] {logging_mixin.py:104} INFO - [2026-01-27 23:29:01,133] {dag.py:1818} INFO - Sync 1 DAGs
[2026-01-27 23:29:01,154] {logging_mixin.py:104} INFO - [2026-01-27 23:29:01,154] {dag.py:2273} INFO - Setting next_dagrun for example_python_operator to None
[2026-01-27 23:29:01,166] {scheduler_job.py:190} INFO - Processing /home/airflow/.local/lib/python3.6/site-packages/airflow/example_dags/example_python_operator.py took 0.077 seconds
[2026-01-27 23:29:31,351] {scheduler_job.py:182} INFO - Started process (PID=158) to work on /home/airflow/.local/lib/python3.6/site-packages/airflow/example_dags/example_python_operator.py
[2026-01-27 23:29:31,353] {scheduler_job.py:629} INFO - Processing file /home/airflow/.local/lib/python3.6/site-packages/airflow/example_dags/example_python_operator.py for tasks to queue
[2026-01-27 23:29:31,354] {logging_mixin.py:104} INFO - [2026-01-27 23:29:31,354] {dagbag.py:448} INFO - Filling up the DagBag from /home/airflow/.local/lib/python3.6/site-packages/airflow/example_dags/example_python_operator.py
[2026-01-27 23:29:31,371] {scheduler_job.py:639} INFO - DAG(s) dict_keys(['example_python_operator']) retrieved from /home/airflow/.local/lib/python3.6/site-packages/airflow/example_dags/example_python_operator.py
[2026-01-27 23:29:31,397] {logging_mixin.py:104} INFO - [2026-01-27 23:29:31,397] {dag.py:1818} INFO - Sync 1 DAGs
[2026-01-27 23:29:31,413] {logging_mixin.py:104} INFO - [2026-01-27 23:29:31,413] {dag.py:2273} INFO - Setting next_dagrun for example_python_operator to None
[2026-01-27 23:29:31,431] {scheduler_job.py:190} INFO - Processing /home/airflow/.local/lib/python3.6/site-packages/airflow/example_dags/example_python_operator.py took 0.083 seconds
[2026-01-27 23:30:01,585] {scheduler_job.py:182} INFO - Started process (PID=184) to work on /home/airflow/.local/lib/python3.6/site-packages/airflow/example_dags/example_python_operator.py
[2026-01-27 23:30:01,586] {scheduler_job.py:629} INFO - Processing file /home/airflow/.local/lib/python3.6/site-packages/airflow/example_dags/example_python_operator.py for tasks to queue
[2026-01-27 23:30:01,587] {logging_mixin.py:104} INFO - [2026-01-27 23:30:01,587] {dagbag.py:448} INFO - Filling up the DagBag from /home/airflow/.local/lib/python3.6/site-packages/airflow/example_dags/example_python_operator.py
[2026-01-27 23:30:01,600] {scheduler_job.py:639} INFO - DAG(s) dict_keys(['example_python_operator']) retrieved from /home/airflow/.local/lib/python3.6/site-packages/airflow/example_dags/example_python_operator.py
[2026-01-27 23:30:01,625] {logging_mixin.py:104} INFO - [2026-01-27 23:30:01,625] {dag.py:1818} INFO - Sync 1 DAGs
[2026-01-27 23:30:01,639] {logging_mixin.py:104} INFO - [2026-01-27 23:30:01,639] {dag.py:2273} INFO - Setting next_dagrun for example_python_operator to None
[2026-01-27 23:30:01,654] {scheduler_job.py:190} INFO - Processing /home/airflow/.local/lib/python3.6/site-packages/airflow/example_dags/example_python_operator.py took 0.073 seconds
[2026-01-27 23:30:31,917] {scheduler_job.py:182} INFO - Started process (PID=210) to work on /home/airflow/.local/lib/python3.6/site-packages/airflow/example_dags/example_python_operator.py
[2026-01-27 23:30:31,918] {scheduler_job.py:629} INFO - Processing file /home/airflow/.local/lib/python3.6/site-packages/airflow/example_dags/example_python_operator.py for tasks to queue
[2026-01-27 23:30:31,921] {logging_mixin.py:104} INFO - [2026-01-27 23:30:31,921] {dagbag.py:448} INFO - Filling up the DagBag from /home/airflow/.local/lib/python3.6/site-packages/airflow/example_dags/example_python_operator.py
[2026-01-27 23:30:31,936] {scheduler_job.py:639} INFO - DAG(s) dict_keys(['example_python_operator']) retrieved from /home/airflow/.local/lib/python3.6/site-packages/airflow/example_dags/example_python_operator.py
[2026-01-27 23:30:31,964] {logging_mixin.py:104} INFO - [2026-01-27 23:30:31,964] {dag.py:1818} INFO - Sync 1 DAGs
[2026-01-27 23:30:31,983] {logging_mixin.py:104} INFO - [2026-01-27 23:30:31,983] {dag.py:2273} INFO - Setting next_dagrun for example_python_operator to None
[2026-01-27 23:30:32,005] {scheduler_job.py:190} INFO - Processing /home/airflow/.local/lib/python3.6/site-packages/airflow/example_dags/example_python_operator.py took 0.093 seconds
[2026-01-27 23:31:02,275] {scheduler_job.py:182} INFO - Started process (PID=236) to work on /home/airflow/.local/lib/python3.6/site-packages/airflow/example_dags/example_python_operator.py
[2026-01-27 23:31:02,277] {scheduler_job.py:629} INFO - Processing file /home/airflow/.local/lib/python3.6/site-packages/airflow/example_dags/example_python_operator.py for tasks to queue
[2026-01-27 23:31:02,280] {logging_mixin.py:104} INFO - [2026-01-27 23:31:02,279] {dagbag.py:448} INFO - Filling up the DagBag from /home/airflow/.local/lib/python3.6/site-packages/airflow/example_dags/example_python_operator.py
[2026-01-27 23:31:02,298] {scheduler_job.py:639} INFO - DAG(s) dict_keys(['example_python_operator']) retrieved from /home/airflow/.local/lib/python3.6/site-packages/airflow/example_dags/example_python_operator.py
[2026-01-27 23:31:02,323] {logging_mixin.py:104} INFO - [2026-01-27 23:31:02,323] {dag.py:1818} INFO - Sync 1 DAGs
[2026-01-27 23:31:02,342] {logging_mixin.py:104} INFO - [2026-01-27 23:31:02,341] {dag.py:2273} INFO - Setting next_dagrun for example_python_operator to None
[2026-01-27 23:31:02,361] {scheduler_job.py:190} INFO - Processing /home/airflow/.local/lib/python3.6/site-packages/airflow/example_dags/example_python_operator.py took 0.091 seconds
[2026-01-27T23:35:54.236+0000] {processor.py:161} INFO - Started process (PID=33) to work on /home/airflow/.local/lib/python3.12/site-packages/airflow/example_dags/example_python_operator.py
[2026-01-27T23:35:54.257+0000] {processor.py:830} INFO - Processing file /home/airflow/.local/lib/python3.12/site-packages/airflow/example_dags/example_python_operator.py for tasks to queue
[2026-01-27T23:35:54.274+0000] {logging_mixin.py:188} INFO - [2026-01-27T23:35:54.261+0000] {dagbag.py:540} INFO - Filling up the DagBag from /home/airflow/.local/lib/python3.12/site-packages/airflow/example_dags/example_python_operator.py
[2026-01-27T23:35:54.543+0000] {processor.py:840} INFO - DAG(s) 'example_python_operator' retrieved from /home/airflow/.local/lib/python3.12/site-packages/airflow/example_dags/example_python_operator.py
[2026-01-27T23:35:55.873+0000] {logging_mixin.py:188} INFO - [2026-01-27T23:35:55.872+0000] {dag.py:3096} INFO - Sync 1 DAGs
[2026-01-27T23:35:55.945+0000] {logging_mixin.py:188} INFO - [2026-01-27T23:35:55.945+0000] {dag.py:3954} INFO - Setting next_dagrun for example_python_operator to None, run_after=None
[2026-01-27T23:35:56.044+0000] {processor.py:183} INFO - Processing /home/airflow/.local/lib/python3.12/site-packages/airflow/example_dags/example_python_operator.py took 1.840 seconds
[2026-01-27T23:36:26.644+0000] {processor.py:161} INFO - Started process (PID=85) to work on /home/airflow/.local/lib/python3.12/site-packages/airflow/example_dags/example_python_operator.py
[2026-01-27T23:36:26.646+0000] {processor.py:830} INFO - Processing file /home/airflow/.local/lib/python3.12/site-packages/airflow/example_dags/example_python_operator.py for tasks to queue
[2026-01-27T23:36:26.653+0000] {logging_mixin.py:188} INFO - [2026-01-27T23:36:26.652+0000] {dagbag.py:540} INFO - Filling up the DagBag from /home/airflow/.local/lib/python3.12/site-packages/airflow/example_dags/example_python_operator.py
[2026-01-27T23:36:26.691+0000] {processor.py:840} INFO - DAG(s) 'example_python_operator' retrieved from /home/airflow/.local/lib/python3.12/site-packages/airflow/example_dags/example_python_operator.py
[2026-01-27T23:36:26.785+0000] {logging_mixin.py:188} INFO - [2026-01-27T23:36:26.784+0000] {dag.py:3096} INFO - Sync 1 DAGs
[2026-01-27T23:36:26.850+0000] {logging_mixin.py:188} INFO - [2026-01-27T23:36:26.850+0000] {dag.py:3954} INFO - Setting next_dagrun for example_python_operator to None, run_after=None
[2026-01-27T23:36:26.935+0000] {processor.py:183} INFO - Processing /home/airflow/.local/lib/python3.12/site-packages/airflow/example_dags/example_python_operator.py took 0.308 seconds
[2026-01-27T23:36:57.249+0000] {processor.py:161} INFO - Started process (PID=137) to work on /home/airflow/.local/lib/python3.12/site-packages/airflow/example_dags/example_python_operator.py
[2026-01-27T23:36:57.251+0000] {processor.py:830} INFO - Processing file /home/airflow/.local/lib/python3.12/site-packages/airflow/example_dags/example_python_operator.py for tasks to queue
[2026-01-27T23:36:57.254+0000] {logging_mixin.py:188} INFO - [2026-01-27T23:36:57.254+0000] {dagbag.py:540} INFO - Filling up the DagBag from /home/airflow/.local/lib/python3.12/site-packages/airflow/example_dags/example_python_operator.py
[2026-01-27T23:36:57.268+0000] {processor.py:840} INFO - DAG(s) 'example_python_operator' retrieved from /home/airflow/.local/lib/python3.12/site-packages/airflow/example_dags/example_python_operator.py
[2026-01-27T23:36:57.293+0000] {logging_mixin.py:188} INFO - [2026-01-27T23:36:57.292+0000] {dag.py:3096} INFO - Sync 1 DAGs
[2026-01-27T23:36:57.306+0000] {logging_mixin.py:188} INFO - [2026-01-27T23:36:57.306+0000] {dag.py:3954} INFO - Setting next_dagrun for example_python_operator to None, run_after=None
[2026-01-27T23:36:57.326+0000] {processor.py:183} INFO - Processing /home/airflow/.local/lib/python3.12/site-packages/airflow/example_dags/example_python_operator.py took 0.089 seconds
[2026-01-27T23:37:27.785+0000] {processor.py:161} INFO - Started process (PID=189) to work on /home/airflow/.local/lib/python3.12/site-packages/airflow/example_dags/example_python_operator.py
[2026-01-27T23:37:27.786+0000] {processor.py:830} INFO - Processing file /home/airflow/.local/lib/python3.12/site-packages/airflow/example_dags/example_python_operator.py for tasks to queue
[2026-01-27T23:37:27.788+0000] {logging_mixin.py:188} INFO - [2026-01-27T23:37:27.788+0000] {dagbag.py:540} INFO - Filling up the DagBag from /home/airflow/.local/lib/python3.12/site-packages/airflow/example_dags/example_python_operator.py
[2026-01-27T23:37:27.798+0000] {processor.py:840} INFO - DAG(s) 'example_python_operator' retrieved from /home/airflow/.local/lib/python3.12/site-packages/airflow/example_dags/example_python_operator.py
[2026-01-27T23:37:27.821+0000] {logging_mixin.py:188} INFO - [2026-01-27T23:37:27.821+0000] {dag.py:3096} INFO - Sync 1 DAGs
[2026-01-27T23:37:27.834+0000] {logging_mixin.py:188} INFO - [2026-01-27T23:37:27.834+0000] {dag.py:3954} INFO - Setting next_dagrun for example_python_operator to None, run_after=None
[2026-01-27T23:37:27.863+0000] {processor.py:183} INFO - Processing /home/airflow/.local/lib/python3.12/site-packages/airflow/example_dags/example_python_operator.py took 0.084 seconds
[2026-01-27T23:37:58.128+0000] {processor.py:161} INFO - Started process (PID=241) to work on /home/airflow/.local/lib/python3.12/site-packages/airflow/example_dags/example_python_operator.py
[2026-01-27T23:37:58.129+0000] {processor.py:830} INFO - Processing file /home/airflow/.local/lib/python3.12/site-packages/airflow/example_dags/example_python_operator.py for tasks to queue
[2026-01-27T23:37:58.132+0000] {logging_mixin.py:188} INFO - [2026-01-27T23:37:58.131+0000] {dagbag.py:540} INFO - Filling up the DagBag from /home/airflow/.local/lib/python3.12/site-packages/airflow/example_dags/example_python_operator.py
[2026-01-27T23:37:58.141+0000] {processor.py:840} INFO - DAG(s) 'example_python_operator' retrieved from /home/airflow/.local/lib/python3.12/site-packages/airflow/example_dags/example_python_operator.py
[2026-01-27T23:37:58.173+0000] {logging_mixin.py:188} INFO - [2026-01-27T23:37:58.172+0000] {dag.py:3096} INFO - Sync 1 DAGs
[2026-01-27T23:37:58.186+0000] {logging_mixin.py:188} INFO - [2026-01-27T23:37:58.186+0000] {dag.py:3954} INFO - Setting next_dagrun for example_python_operator to None, run_after=None
[2026-01-27T23:37:58.210+0000] {processor.py:183} INFO - Processing /home/airflow/.local/lib/python3.12/site-packages/airflow/example_dags/example_python_operator.py took 0.089 seconds
[2026-01-27T23:38:28.360+0000] {processor.py:161} INFO - Started process (PID=293) to work on /home/airflow/.local/lib/python3.12/site-packages/airflow/example_dags/example_python_operator.py
[2026-01-27T23:38:28.362+0000] {processor.py:830} INFO - Processing file /home/airflow/.local/lib/python3.12/site-packages/airflow/example_dags/example_python_operator.py for tasks to queue
[2026-01-27T23:38:28.364+0000] {logging_mixin.py:188} INFO - [2026-01-27T23:38:28.364+0000] {dagbag.py:540} INFO - Filling up the DagBag from /home/airflow/.local/lib/python3.12/site-packages/airflow/example_dags/example_python_operator.py
[2026-01-27T23:38:28.375+0000] {processor.py:840} INFO - DAG(s) 'example_python_operator' retrieved from /home/airflow/.local/lib/python3.12/site-packages/airflow/example_dags/example_python_operator.py
[2026-01-27T23:38:28.405+0000] {logging_mixin.py:188} INFO - [2026-01-27T23:38:28.405+0000] {dag.py:3096} INFO - Sync 1 DAGs
[2026-01-27T23:38:28.422+0000] {logging_mixin.py:188} INFO - [2026-01-27T23:38:28.421+0000] {dag.py:3954} INFO - Setting next_dagrun for example_python_operator to None, run_after=None
[2026-01-27T23:38:28.449+0000] {processor.py:183} INFO - Processing /home/airflow/.local/lib/python3.12/site-packages/airflow/example_dags/example_python_operator.py took 0.096 seconds
[2026-01-27T23:38:58.718+0000] {processor.py:161} INFO - Started process (PID=345) to work on /home/airflow/.local/lib/python3.12/site-packages/airflow/example_dags/example_python_operator.py
[2026-01-27T23:38:58.720+0000] {processor.py:830} INFO - Processing file /home/airflow/.local/lib/python3.12/site-packages/airflow/example_dags/example_python_operator.py for tasks to queue
[2026-01-27T23:38:58.723+0000] {logging_mixin.py:188} INFO - [2026-01-27T23:38:58.722+0000] {dagbag.py:540} INFO - Filling up the DagBag from /home/airflow/.local/lib/python3.12/site-packages/airflow/example_dags/example_python_operator.py
[2026-01-27T23:38:58.746+0000] {processor.py:840} INFO - DAG(s) 'example_python_operator' retrieved from /home/airflow/.local/lib/python3.12/site-packages/airflow/example_dags/example_python_operator.py
[2026-01-27T23:38:58.778+0000] {logging_mixin.py:188} INFO - [2026-01-27T23:38:58.778+0000] {dag.py:3096} INFO - Sync 1 DAGs
[2026-01-27T23:38:58.807+0000] {logging_mixin.py:188} INFO - [2026-01-27T23:38:58.807+0000] {dag.py:3954} INFO - Setting next_dagrun for example_python_operator to None, run_after=None
[2026-01-27T23:38:58.833+0000] {processor.py:183} INFO - Processing /home/airflow/.local/lib/python3.12/site-packages/airflow/example_dags/example_python_operator.py took 0.125 seconds
[2026-01-27T23:39:29.153+0000] {processor.py:161} INFO - Started process (PID=397) to work on /home/airflow/.local/lib/python3.12/site-packages/airflow/example_dags/example_python_operator.py
[2026-01-27T23:39:29.155+0000] {processor.py:830} INFO - Processing file /home/airflow/.local/lib/python3.12/site-packages/airflow/example_dags/example_python_operator.py for tasks to queue
[2026-01-27T23:39:29.158+0000] {logging_mixin.py:188} INFO - [2026-01-27T23:39:29.157+0000] {dagbag.py:540} INFO - Filling up the DagBag from /home/airflow/.local/lib/python3.12/site-packages/airflow/example_dags/example_python_operator.py
[2026-01-27T23:39:29.175+0000] {processor.py:840} INFO - DAG(s) 'example_python_operator' retrieved from /home/airflow/.local/lib/python3.12/site-packages/airflow/example_dags/example_python_operator.py
[2026-01-27T23:39:29.205+0000] {logging_mixin.py:188} INFO - [2026-01-27T23:39:29.204+0000] {dag.py:3096} INFO - Sync 1 DAGs
[2026-01-27T23:39:29.227+0000] {logging_mixin.py:188} INFO - [2026-01-27T23:39:29.227+0000] {dag.py:3954} INFO - Setting next_dagrun for example_python_operator to None, run_after=None
[2026-01-27T23:39:29.255+0000] {processor.py:183} INFO - Processing /home/airflow/.local/lib/python3.12/site-packages/airflow/example_dags/example_python_operator.py took 0.110 seconds
[2026-01-27T23:39:59.795+0000] {processor.py:161} INFO - Started process (PID=449) to work on /home/airflow/.local/lib/python3.12/site-packages/airflow/example_dags/example_python_operator.py
[2026-01-27T23:39:59.797+0000] {processor.py:830} INFO - Processing file /home/airflow/.local/lib/python3.12/site-packages/airflow/example_dags/example_python_operator.py for tasks to queue
[2026-01-27T23:39:59.800+0000] {logging_mixin.py:188} INFO - [2026-01-27T23:39:59.799+0000] {dagbag.py:540} INFO - Filling up the DagBag from /home/airflow/.local/lib/python3.12/site-packages/airflow/example_dags/example_python_operator.py
[2026-01-27T23:39:59.815+0000] {processor.py:840} INFO - DAG(s) 'example_python_operator' retrieved from /home/airflow/.local/lib/python3.12/site-packages/airflow/example_dags/example_python_operator.py
[2026-01-27T23:39:59.849+0000] {logging_mixin.py:188} INFO - [2026-01-27T23:39:59.849+0000] {dag.py:3096} INFO - Sync 1 DAGs
[2026-01-27T23:39:59.867+0000] {logging_mixin.py:188} INFO - [2026-01-27T23:39:59.867+0000] {dag.py:3954} INFO - Setting next_dagrun for example_python_operator to None, run_after=None
[2026-01-27T23:39:59.894+0000] {processor.py:183} INFO - Processing /home/airflow/.local/lib/python3.12/site-packages/airflow/example_dags/example_python_operator.py took 0.108 seconds
[2026-01-27T23:40:29.961+0000] {processor.py:161} INFO - Started process (PID=501) to work on /home/airflow/.local/lib/python3.12/site-packages/airflow/example_dags/example_python_operator.py
[2026-01-27T23:40:29.962+0000] {processor.py:830} INFO - Processing file /home/airflow/.local/lib/python3.12/site-packages/airflow/example_dags/example_python_operator.py for tasks to queue
[2026-01-27T23:40:29.965+0000] {logging_mixin.py:188} INFO - [2026-01-27T23:40:29.964+0000] {dagbag.py:540} INFO - Filling up the DagBag from /home/airflow/.local/lib/python3.12/site-packages/airflow/example_dags/example_python_operator.py
[2026-01-27T23:40:29.976+0000] {processor.py:840} INFO - DAG(s) 'example_python_operator' retrieved from /home/airflow/.local/lib/python3.12/site-packages/airflow/example_dags/example_python_operator.py
[2026-01-27T23:40:30.002+0000] {logging_mixin.py:188} INFO - [2026-01-27T23:40:30.001+0000] {dag.py:3096} INFO - Sync 1 DAGs
[2026-01-27T23:40:30.017+0000] {logging_mixin.py:188} INFO - [2026-01-27T23:40:30.017+0000] {dag.py:3954} INFO - Setting next_dagrun for example_python_operator to None, run_after=None
[2026-01-27T23:40:30.044+0000] {processor.py:183} INFO - Processing /home/airflow/.local/lib/python3.12/site-packages/airflow/example_dags/example_python_operator.py took 0.092 seconds
[2026-01-27T23:41:00.307+0000] {processor.py:161} INFO - Started process (PID=553) to work on /home/airflow/.local/lib/python3.12/site-packages/airflow/example_dags/example_python_operator.py
[2026-01-27T23:41:00.308+0000] {processor.py:830} INFO - Processing file /home/airflow/.local/lib/python3.12/site-packages/airflow/example_dags/example_python_operator.py for tasks to queue
[2026-01-27T23:41:00.310+0000] {logging_mixin.py:188} INFO - [2026-01-27T23:41:00.310+0000] {dagbag.py:540} INFO - Filling up the DagBag from /home/airflow/.local/lib/python3.12/site-packages/airflow/example_dags/example_python_operator.py
[2026-01-27T23:41:00.323+0000] {processor.py:840} INFO - DAG(s) 'example_python_operator' retrieved from /home/airflow/.local/lib/python3.12/site-packages/airflow/example_dags/example_python_operator.py
[2026-01-27T23:41:00.350+0000] {logging_mixin.py:188} INFO - [2026-01-27T23:41:00.350+0000] {dag.py:3096} INFO - Sync 1 DAGs
[2026-01-27T23:41:00.365+0000] {logging_mixin.py:188} INFO - [2026-01-27T23:41:00.364+0000] {dag.py:3954} INFO - Setting next_dagrun for example_python_operator to None, run_after=None
[2026-01-27T23:41:00.383+0000] {processor.py:183} INFO - Processing /home/airflow/.local/lib/python3.12/site-packages/airflow/example_dags/example_python_operator.py took 0.082 seconds
[2026-01-27T23:41:30.536+0000] {processor.py:161} INFO - Started process (PID=605) to work on /home/airflow/.local/lib/python3.12/site-packages/airflow/example_dags/example_python_operator.py
[2026-01-27T23:41:30.538+0000] {processor.py:830} INFO - Processing file /home/airflow/.local/lib/python3.12/site-packages/airflow/example_dags/example_python_operator.py for tasks to queue
[2026-01-27T23:41:30.540+0000] {logging_mixin.py:188} INFO - [2026-01-27T23:41:30.539+0000] {dagbag.py:540} INFO - Filling up the DagBag from /home/airflow/.local/lib/python3.12/site-packages/airflow/example_dags/example_python_operator.py
[2026-01-27T23:41:30.551+0000] {processor.py:840} INFO - DAG(s) 'example_python_operator' retrieved from /home/airflow/.local/lib/python3.12/site-packages/airflow/example_dags/example_python_operator.py
[2026-01-27T23:41:30.577+0000] {logging_mixin.py:188} INFO - [2026-01-27T23:41:30.576+0000] {dag.py:3096} INFO - Sync 1 DAGs
[2026-01-27T23:41:30.592+0000] {logging_mixin.py:188} INFO - [2026-01-27T23:41:30.592+0000] {dag.py:3954} INFO - Setting next_dagrun for example_python_operator to None, run_after=None
[2026-01-27T23:41:30.615+0000] {processor.py:183} INFO - Processing /home/airflow/.local/lib/python3.12/site-packages/airflow/example_dags/example_python_operator.py took 0.086 seconds
[2026-01-27T23:42:00.854+0000] {processor.py:161} INFO - Started process (PID=657) to work on /home/airflow/.local/lib/python3.12/site-packages/airflow/example_dags/example_python_operator.py
[2026-01-27T23:42:00.855+0000] {processor.py:830} INFO - Processing file /home/airflow/.local/lib/python3.12/site-packages/airflow/example_dags/example_python_operator.py for tasks to queue
[2026-01-27T23:42:00.858+0000] {logging_mixin.py:188} INFO - [2026-01-27T23:42:00.857+0000] {dagbag.py:540} INFO - Filling up the DagBag from /home/airflow/.local/lib/python3.12/site-packages/airflow/example_dags/example_python_operator.py
[2026-01-27T23:42:00.870+0000] {processor.py:840} INFO - DAG(s) 'example_python_operator' retrieved from /home/airflow/.local/lib/python3.12/site-packages/airflow/example_dags/example_python_operator.py
[2026-01-27T23:42:00.898+0000] {logging_mixin.py:188} INFO - [2026-01-27T23:42:00.897+0000] {dag.py:3096} INFO - Sync 1 DAGs
[2026-01-27T23:42:00.912+0000] {logging_mixin.py:188} INFO - [2026-01-27T23:42:00.912+0000] {dag.py:3954} INFO - Setting next_dagrun for example_python_operator to None, run_after=None
[2026-01-27T23:42:00.936+0000] {processor.py:183} INFO - Processing /home/airflow/.local/lib/python3.12/site-packages/airflow/example_dags/example_python_operator.py took 0.088 seconds
[2026-01-27T23:42:31.516+0000] {processor.py:161} INFO - Started process (PID=709) to work on /home/airflow/.local/lib/python3.12/site-packages/airflow/example_dags/example_python_operator.py
[2026-01-27T23:42:31.518+0000] {processor.py:830} INFO - Processing file /home/airflow/.local/lib/python3.12/site-packages/airflow/example_dags/example_python_operator.py for tasks to queue
[2026-01-27T23:42:31.521+0000] {logging_mixin.py:188} INFO - [2026-01-27T23:42:31.520+0000] {dagbag.py:540} INFO - Filling up the DagBag from /home/airflow/.local/lib/python3.12/site-packages/airflow/example_dags/example_python_operator.py
[2026-01-27T23:42:31.532+0000] {processor.py:840} INFO - DAG(s) 'example_python_operator' retrieved from /home/airflow/.local/lib/python3.12/site-packages/airflow/example_dags/example_python_operator.py
[2026-01-27T23:42:31.560+0000] {logging_mixin.py:188} INFO - [2026-01-27T23:42:31.560+0000] {dag.py:3096} INFO - Sync 1 DAGs
[2026-01-27T23:42:31.575+0000] {logging_mixin.py:188} INFO - [2026-01-27T23:42:31.575+0000] {dag.py:3954} INFO - Setting next_dagrun for example_python_operator to None, run_after=None
[2026-01-27T23:42:31.612+0000] {processor.py:183} INFO - Processing /home/airflow/.local/lib/python3.12/site-packages/airflow/example_dags/example_python_operator.py took 0.102 seconds
[2026-01-27T23:43:01.957+0000] {processor.py:161} INFO - Started process (PID=761) to work on /home/airflow/.local/lib/python3.12/site-packages/airflow/example_dags/example_python_operator.py
[2026-01-27T23:43:01.958+0000] {processor.py:830} INFO - Processing file /home/airflow/.local/lib/python3.12/site-packages/airflow/example_dags/example_python_operator.py for tasks to queue
[2026-01-27T23:43:01.964+0000] {logging_mixin.py:188} INFO - [2026-01-27T23:43:01.963+0000] {dagbag.py:540} INFO - Filling up the DagBag from /home/airflow/.local/lib/python3.12/site-packages/airflow/example_dags/example_python_operator.py
[2026-01-27T23:43:01.982+0000] {processor.py:840} INFO - DAG(s) 'example_python_operator' retrieved from /home/airflow/.local/lib/python3.12/site-packages/airflow/example_dags/example_python_operator.py
[2026-01-27T23:43:02.014+0000] {logging_mixin.py:188} INFO - [2026-01-27T23:43:02.014+0000] {dag.py:3096} INFO - Sync 1 DAGs
[2026-01-27T23:43:02.035+0000] {logging_mixin.py:188} INFO - [2026-01-27T23:43:02.034+0000] {dag.py:3954} INFO - Setting next_dagrun for example_python_operator to None, run_after=None
[2026-01-27T23:43:02.065+0000] {processor.py:183} INFO - Processing /home/airflow/.local/lib/python3.12/site-packages/airflow/example_dags/example_python_operator.py took 0.118 seconds
[2026-01-27T23:43:32.231+0000] {processor.py:161} INFO - Started process (PID=813) to work on /home/airflow/.local/lib/python3.12/site-packages/airflow/example_dags/example_python_operator.py
[2026-01-27T23:43:32.232+0000] {processor.py:830} INFO - Processing file /home/airflow/.local/lib/python3.12/site-packages/airflow/example_dags/example_python_operator.py for tasks to queue
[2026-01-27T23:43:32.235+0000] {logging_mixin.py:188} INFO - [2026-01-27T23:43:32.234+0000] {dagbag.py:540} INFO - Filling up the DagBag from /home/airflow/.local/lib/python3.12/site-packages/airflow/example_dags/example_python_operator.py
[2026-01-27T23:43:32.246+0000] {processor.py:840} INFO - DAG(s) 'example_python_operator' retrieved from /home/airflow/.local/lib/python3.12/site-packages/airflow/example_dags/example_python_operator.py
[2026-01-27T23:43:32.273+0000] {logging_mixin.py:188} INFO - [2026-01-27T23:43:32.272+0000] {dag.py:3096} INFO - Sync 1 DAGs
[2026-01-27T23:43:32.287+0000] {logging_mixin.py:188} INFO - [2026-01-27T23:43:32.286+0000] {dag.py:3954} INFO - Setting next_dagrun for example_python_operator to None, run_after=None
[2026-01-27T23:43:32.319+0000] {processor.py:183} INFO - Processing /home/airflow/.local/lib/python3.12/site-packages/airflow/example_dags/example_python_operator.py took 0.094 seconds
[2026-01-27T23:44:02.505+0000] {processor.py:161} INFO - Started process (PID=866) to work on /home/airflow/.local/lib/python3.12/site-packages/airflow/example_dags/example_python_operator.py
[2026-01-27T23:44:02.506+0000] {processor.py:830} INFO - Processing file /home/airflow/.local/lib/python3.12/site-packages/airflow/example_dags/example_python_operator.py for tasks to queue
[2026-01-27T23:44:02.510+0000] {logging_mixin.py:188} INFO - [2026-01-27T23:44:02.509+0000] {dagbag.py:540} INFO - Filling up the DagBag from /home/airflow/.local/lib/python3.12/site-packages/airflow/example_dags/example_python_operator.py
[2026-01-27T23:44:02.521+0000] {processor.py:840} INFO - DAG(s) 'example_python_operator' retrieved from /home/airflow/.local/lib/python3.12/site-packages/airflow/example_dags/example_python_operator.py
[2026-01-27T23:44:02.549+0000] {logging_mixin.py:188} INFO - [2026-01-27T23:44:02.548+0000] {dag.py:3096} INFO - Sync 1 DAGs
[2026-01-27T23:44:02.562+0000] {logging_mixin.py:188} INFO - [2026-01-27T23:44:02.562+0000] {dag.py:3954} INFO - Setting next_dagrun for example_python_operator to None, run_after=None
[2026-01-27T23:44:02.583+0000] {processor.py:183} INFO - Processing /home/airflow/.local/lib/python3.12/site-packages/airflow/example_dags/example_python_operator.py took 0.085 seconds
[2026-01-27T23:44:32.974+0000] {processor.py:161} INFO - Started process (PID=917) to work on /home/airflow/.local/lib/python3.12/site-packages/airflow/example_dags/example_python_operator.py
[2026-01-27T23:44:32.975+0000] {processor.py:830} INFO - Processing file /home/airflow/.local/lib/python3.12/site-packages/airflow/example_dags/example_python_operator.py for tasks to queue
[2026-01-27T23:44:32.977+0000] {logging_mixin.py:188} INFO - [2026-01-27T23:44:32.977+0000] {dagbag.py:540} INFO - Filling up the DagBag from /home/airflow/.local/lib/python3.12/site-packages/airflow/example_dags/example_python_operator.py
[2026-01-27T23:44:32.986+0000] {processor.py:840} INFO - DAG(s) 'example_python_operator' retrieved from /home/airflow/.local/lib/python3.12/site-packages/airflow/example_dags/example_python_operator.py
[2026-01-27T23:44:33.012+0000] {logging_mixin.py:188} INFO - [2026-01-27T23:44:33.012+0000] {dag.py:3096} INFO - Sync 1 DAGs
[2026-01-27T23:44:33.026+0000] {logging_mixin.py:188} INFO - [2026-01-27T23:44:33.026+0000] {dag.py:3954} INFO - Setting next_dagrun for example_python_operator to None, run_after=None
[2026-01-27T23:44:33.058+0000] {processor.py:183} INFO - Processing /home/airflow/.local/lib/python3.12/site-packages/airflow/example_dags/example_python_operator.py took 0.090 seconds
[2026-01-27T23:45:03.156+0000] {processor.py:161} INFO - Started process (PID=969) to work on /home/airflow/.local/lib/python3.12/site-packages/airflow/example_dags/example_python_operator.py
[2026-01-27T23:45:03.157+0000] {processor.py:830} INFO - Processing file /home/airflow/.local/lib/python3.12/site-packages/airflow/example_dags/example_python_operator.py for tasks to queue
[2026-01-27T23:45:03.159+0000] {logging_mixin.py:188} INFO - [2026-01-27T23:45:03.159+0000] {dagbag.py:540} INFO - Filling up the DagBag from /home/airflow/.local/lib/python3.12/site-packages/airflow/example_dags/example_python_operator.py
[2026-01-27T23:45:03.169+0000] {processor.py:840} INFO - DAG(s) 'example_python_operator' retrieved from /home/airflow/.local/lib/python3.12/site-packages/airflow/example_dags/example_python_operator.py
[2026-01-27T23:45:03.194+0000] {logging_mixin.py:188} INFO - [2026-01-27T23:45:03.194+0000] {dag.py:3096} INFO - Sync 1 DAGs
[2026-01-27T23:45:03.207+0000] {logging_mixin.py:188} INFO - [2026-01-27T23:45:03.207+0000] {dag.py:3954} INFO - Setting next_dagrun for example_python_operator to None, run_after=None
[2026-01-27T23:45:03.228+0000] {processor.py:183} INFO - Processing /home/airflow/.local/lib/python3.12/site-packages/airflow/example_dags/example_python_operator.py took 0.079 seconds
[2026-01-27T23:45:33.395+0000] {processor.py:161} INFO - Started process (PID=1021) to work on /home/airflow/.local/lib/python3.12/site-packages/airflow/example_dags/example_python_operator.py
[2026-01-27T23:45:33.397+0000] {processor.py:830} INFO - Processing file /home/airflow/.local/lib/python3.12/site-packages/airflow/example_dags/example_python_operator.py for tasks to queue
[2026-01-27T23:45:33.400+0000] {logging_mixin.py:188} INFO - [2026-01-27T23:45:33.400+0000] {dagbag.py:540} INFO - Filling up the DagBag from /home/airflow/.local/lib/python3.12/site-packages/airflow/example_dags/example_python_operator.py
[2026-01-27T23:45:33.412+0000] {processor.py:840} INFO - DAG(s) 'example_python_operator' retrieved from /home/airflow/.local/lib/python3.12/site-packages/airflow/example_dags/example_python_operator.py
[2026-01-27T23:45:33.438+0000] {logging_mixin.py:188} INFO - [2026-01-27T23:45:33.438+0000] {dag.py:3096} INFO - Sync 1 DAGs
[2026-01-27T23:45:33.455+0000] {logging_mixin.py:188} INFO - [2026-01-27T23:45:33.454+0000] {dag.py:3954} INFO - Setting next_dagrun for example_python_operator to None, run_after=None
[2026-01-27T23:45:33.490+0000] {processor.py:183} INFO - Processing /home/airflow/.local/lib/python3.12/site-packages/airflow/example_dags/example_python_operator.py took 0.102 seconds
[2026-01-27T23:46:04.004+0000] {processor.py:161} INFO - Started process (PID=1073) to work on /home/airflow/.local/lib/python3.12/site-packages/airflow/example_dags/example_python_operator.py
[2026-01-27T23:46:04.005+0000] {processor.py:830} INFO - Processing file /home/airflow/.local/lib/python3.12/site-packages/airflow/example_dags/example_python_operator.py for tasks to queue
[2026-01-27T23:46:04.008+0000] {logging_mixin.py:188} INFO - [2026-01-27T23:46:04.007+0000] {dagbag.py:540} INFO - Filling up the DagBag from /home/airflow/.local/lib/python3.12/site-packages/airflow/example_dags/example_python_operator.py
[2026-01-27T23:46:04.020+0000] {processor.py:840} INFO - DAG(s) 'example_python_operator' retrieved from /home/airflow/.local/lib/python3.12/site-packages/airflow/example_dags/example_python_operator.py
[2026-01-27T23:46:04.048+0000] {logging_mixin.py:188} INFO - [2026-01-27T23:46:04.047+0000] {dag.py:3096} INFO - Sync 1 DAGs
[2026-01-27T23:46:04.061+0000] {logging_mixin.py:188} INFO - [2026-01-27T23:46:04.061+0000] {dag.py:3954} INFO - Setting next_dagrun for example_python_operator to None, run_after=None
[2026-01-27T23:46:04.287+0000] {processor.py:183} INFO - Processing /home/airflow/.local/lib/python3.12/site-packages/airflow/example_dags/example_python_operator.py took 0.290 seconds
[2026-01-27T23:46:34.650+0000] {processor.py:161} INFO - Started process (PID=1123) to work on /home/airflow/.local/lib/python3.12/site-packages/airflow/example_dags/example_python_operator.py
[2026-01-27T23:46:34.653+0000] {processor.py:830} INFO - Processing file /home/airflow/.local/lib/python3.12/site-packages/airflow/example_dags/example_python_operator.py for tasks to queue
[2026-01-27T23:46:34.655+0000] {logging_mixin.py:188} INFO - [2026-01-27T23:46:34.654+0000] {dagbag.py:540} INFO - Filling up the DagBag from /home/airflow/.local/lib/python3.12/site-packages/airflow/example_dags/example_python_operator.py
[2026-01-27T23:46:34.664+0000] {processor.py:840} INFO - DAG(s) 'example_python_operator' retrieved from /home/airflow/.local/lib/python3.12/site-packages/airflow/example_dags/example_python_operator.py
[2026-01-27T23:46:34.688+0000] {logging_mixin.py:188} INFO - [2026-01-27T23:46:34.688+0000] {dag.py:3096} INFO - Sync 1 DAGs
[2026-01-27T23:46:34.699+0000] {logging_mixin.py:188} INFO - [2026-01-27T23:46:34.699+0000] {dag.py:3954} INFO - Setting next_dagrun for example_python_operator to None, run_after=None
[2026-01-27T23:46:34.731+0000] {processor.py:183} INFO - Processing /home/airflow/.local/lib/python3.12/site-packages/airflow/example_dags/example_python_operator.py took 0.087 seconds
[2026-01-27T23:47:05.000+0000] {processor.py:161} INFO - Started process (PID=1175) to work on /home/airflow/.local/lib/python3.12/site-packages/airflow/example_dags/example_python_operator.py
[2026-01-27T23:47:05.002+0000] {processor.py:830} INFO - Processing file /home/airflow/.local/lib/python3.12/site-packages/airflow/example_dags/example_python_operator.py for tasks to queue
[2026-01-27T23:47:05.005+0000] {logging_mixin.py:188} INFO - [2026-01-27T23:47:05.004+0000] {dagbag.py:540} INFO - Filling up the DagBag from /home/airflow/.local/lib/python3.12/site-packages/airflow/example_dags/example_python_operator.py
[2026-01-27T23:47:05.015+0000] {processor.py:840} INFO - DAG(s) 'example_python_operator' retrieved from /home/airflow/.local/lib/python3.12/site-packages/airflow/example_dags/example_python_operator.py
[2026-01-27T23:47:05.049+0000] {logging_mixin.py:188} INFO - [2026-01-27T23:47:05.048+0000] {dag.py:3096} INFO - Sync 1 DAGs
[2026-01-27T23:47:05.066+0000] {logging_mixin.py:188} INFO - [2026-01-27T23:47:05.066+0000] {dag.py:3954} INFO - Setting next_dagrun for example_python_operator to None, run_after=None
[2026-01-27T23:47:05.096+0000] {processor.py:183} INFO - Processing /home/airflow/.local/lib/python3.12/site-packages/airflow/example_dags/example_python_operator.py took 0.102 seconds
[2026-01-27T23:47:35.341+0000] {processor.py:161} INFO - Started process (PID=1227) to work on /home/airflow/.local/lib/python3.12/site-packages/airflow/example_dags/example_python_operator.py
[2026-01-27T23:47:35.342+0000] {processor.py:830} INFO - Processing file /home/airflow/.local/lib/python3.12/site-packages/airflow/example_dags/example_python_operator.py for tasks to queue
[2026-01-27T23:47:35.344+0000] {logging_mixin.py:188} INFO - [2026-01-27T23:47:35.344+0000] {dagbag.py:540} INFO - Filling up the DagBag from /home/airflow/.local/lib/python3.12/site-packages/airflow/example_dags/example_python_operator.py
[2026-01-27T23:47:35.354+0000] {processor.py:840} INFO - DAG(s) 'example_python_operator' retrieved from /home/airflow/.local/lib/python3.12/site-packages/airflow/example_dags/example_python_operator.py
[2026-01-27T23:47:35.530+0000] {logging_mixin.py:188} INFO - [2026-01-27T23:47:35.530+0000] {dag.py:3096} INFO - Sync 1 DAGs
[2026-01-27T23:47:35.542+0000] {logging_mixin.py:188} INFO - [2026-01-27T23:47:35.542+0000] {dag.py:3954} INFO - Setting next_dagrun for example_python_operator to None, run_after=None
[2026-01-27T23:47:35.566+0000] {processor.py:183} INFO - Processing /home/airflow/.local/lib/python3.12/site-packages/airflow/example_dags/example_python_operator.py took 0.231 seconds
[2026-01-27T23:48:05.933+0000] {processor.py:161} INFO - Started process (PID=1279) to work on /home/airflow/.local/lib/python3.12/site-packages/airflow/example_dags/example_python_operator.py
[2026-01-27T23:48:05.934+0000] {processor.py:830} INFO - Processing file /home/airflow/.local/lib/python3.12/site-packages/airflow/example_dags/example_python_operator.py for tasks to queue
[2026-01-27T23:48:05.936+0000] {logging_mixin.py:188} INFO - [2026-01-27T23:48:05.936+0000] {dagbag.py:540} INFO - Filling up the DagBag from /home/airflow/.local/lib/python3.12/site-packages/airflow/example_dags/example_python_operator.py
[2026-01-27T23:48:05.947+0000] {processor.py:840} INFO - DAG(s) 'example_python_operator' retrieved from /home/airflow/.local/lib/python3.12/site-packages/airflow/example_dags/example_python_operator.py
[2026-01-27T23:48:05.969+0000] {logging_mixin.py:188} INFO - [2026-01-27T23:48:05.968+0000] {dag.py:3096} INFO - Sync 1 DAGs
[2026-01-27T23:48:05.980+0000] {logging_mixin.py:188} INFO - [2026-01-27T23:48:05.980+0000] {dag.py:3954} INFO - Setting next_dagrun for example_python_operator to None, run_after=None
[2026-01-27T23:48:06.001+0000] {processor.py:183} INFO - Processing /home/airflow/.local/lib/python3.12/site-packages/airflow/example_dags/example_python_operator.py took 0.074 seconds
[2026-01-27T23:48:36.138+0000] {processor.py:161} INFO - Started process (PID=1331) to work on /home/airflow/.local/lib/python3.12/site-packages/airflow/example_dags/example_python_operator.py
[2026-01-27T23:48:36.139+0000] {processor.py:830} INFO - Processing file /home/airflow/.local/lib/python3.12/site-packages/airflow/example_dags/example_python_operator.py for tasks to queue
[2026-01-27T23:48:36.142+0000] {logging_mixin.py:188} INFO - [2026-01-27T23:48:36.141+0000] {dagbag.py:540} INFO - Filling up the DagBag from /home/airflow/.local/lib/python3.12/site-packages/airflow/example_dags/example_python_operator.py
[2026-01-27T23:48:36.152+0000] {processor.py:840} INFO - DAG(s) 'example_python_operator' retrieved from /home/airflow/.local/lib/python3.12/site-packages/airflow/example_dags/example_python_operator.py
[2026-01-27T23:48:36.175+0000] {logging_mixin.py:188} INFO - [2026-01-27T23:48:36.174+0000] {dag.py:3096} INFO - Sync 1 DAGs
[2026-01-27T23:48:36.187+0000] {logging_mixin.py:188} INFO - [2026-01-27T23:48:36.186+0000] {dag.py:3954} INFO - Setting next_dagrun for example_python_operator to None, run_after=None
[2026-01-27T23:48:36.220+0000] {processor.py:183} INFO - Processing /home/airflow/.local/lib/python3.12/site-packages/airflow/example_dags/example_python_operator.py took 0.088 seconds
[2026-01-27T23:49:07.166+0000] {processor.py:161} INFO - Started process (PID=1383) to work on /home/airflow/.local/lib/python3.12/site-packages/airflow/example_dags/example_python_operator.py
[2026-01-27T23:49:07.168+0000] {processor.py:830} INFO - Processing file /home/airflow/.local/lib/python3.12/site-packages/airflow/example_dags/example_python_operator.py for tasks to queue
[2026-01-27T23:49:07.171+0000] {logging_mixin.py:188} INFO - [2026-01-27T23:49:07.171+0000] {dagbag.py:540} INFO - Filling up the DagBag from /home/airflow/.local/lib/python3.12/site-packages/airflow/example_dags/example_python_operator.py
[2026-01-27T23:49:07.181+0000] {processor.py:840} INFO - DAG(s) 'example_python_operator' retrieved from /home/airflow/.local/lib/python3.12/site-packages/airflow/example_dags/example_python_operator.py
[2026-01-27T23:49:07.210+0000] {logging_mixin.py:188} INFO - [2026-01-27T23:49:07.210+0000] {dag.py:3096} INFO - Sync 1 DAGs
[2026-01-27T23:49:07.225+0000] {logging_mixin.py:188} INFO - [2026-01-27T23:49:07.225+0000] {dag.py:3954} INFO - Setting next_dagrun for example_python_operator to None, run_after=None
[2026-01-27T23:49:07.261+0000] {processor.py:183} INFO - Processing /home/airflow/.local/lib/python3.12/site-packages/airflow/example_dags/example_python_operator.py took 0.101 seconds
[2026-01-27T23:49:37.550+0000] {processor.py:161} INFO - Started process (PID=1435) to work on /home/airflow/.local/lib/python3.12/site-packages/airflow/example_dags/example_python_operator.py
[2026-01-27T23:49:37.551+0000] {processor.py:830} INFO - Processing file /home/airflow/.local/lib/python3.12/site-packages/airflow/example_dags/example_python_operator.py for tasks to queue
[2026-01-27T23:49:37.554+0000] {logging_mixin.py:188} INFO - [2026-01-27T23:49:37.553+0000] {dagbag.py:540} INFO - Filling up the DagBag from /home/airflow/.local/lib/python3.12/site-packages/airflow/example_dags/example_python_operator.py
[2026-01-27T23:49:37.564+0000] {processor.py:840} INFO - DAG(s) 'example_python_operator' retrieved from /home/airflow/.local/lib/python3.12/site-packages/airflow/example_dags/example_python_operator.py
[2026-01-27T23:49:37.586+0000] {logging_mixin.py:188} INFO - [2026-01-27T23:49:37.586+0000] {dag.py:3096} INFO - Sync 1 DAGs
[2026-01-27T23:49:37.597+0000] {logging_mixin.py:188} INFO - [2026-01-27T23:49:37.597+0000] {dag.py:3954} INFO - Setting next_dagrun for example_python_operator to None, run_after=None
[2026-01-27T23:49:37.628+0000] {processor.py:183} INFO - Processing /home/airflow/.local/lib/python3.12/site-packages/airflow/example_dags/example_python_operator.py took 0.083 seconds
[2026-01-27T23:50:07.805+0000] {processor.py:161} INFO - Started process (PID=1487) to work on /home/airflow/.local/lib/python3.12/site-packages/airflow/example_dags/example_python_operator.py
[2026-01-27T23:50:07.806+0000] {processor.py:830} INFO - Processing file /home/airflow/.local/lib/python3.12/site-packages/airflow/example_dags/example_python_operator.py for tasks to queue
[2026-01-27T23:50:07.808+0000] {logging_mixin.py:188} INFO - [2026-01-27T23:50:07.808+0000] {dagbag.py:540} INFO - Filling up the DagBag from /home/airflow/.local/lib/python3.12/site-packages/airflow/example_dags/example_python_operator.py
[2026-01-27T23:50:07.819+0000] {processor.py:840} INFO - DAG(s) 'example_python_operator' retrieved from /home/airflow/.local/lib/python3.12/site-packages/airflow/example_dags/example_python_operator.py
[2026-01-27T23:50:07.843+0000] {logging_mixin.py:188} INFO - [2026-01-27T23:50:07.842+0000] {dag.py:3096} INFO - Sync 1 DAGs
[2026-01-27T23:50:07.855+0000] {logging_mixin.py:188} INFO - [2026-01-27T23:50:07.855+0000] {dag.py:3954} INFO - Setting next_dagrun for example_python_operator to None, run_after=None
[2026-01-27T23:50:07.885+0000] {processor.py:183} INFO - Processing /home/airflow/.local/lib/python3.12/site-packages/airflow/example_dags/example_python_operator.py took 0.087 seconds
[2026-01-27T23:50:38.107+0000] {processor.py:161} INFO - Started process (PID=1539) to work on /home/airflow/.local/lib/python3.12/site-packages/airflow/example_dags/example_python_operator.py
[2026-01-27T23:50:38.108+0000] {processor.py:830} INFO - Processing file /home/airflow/.local/lib/python3.12/site-packages/airflow/example_dags/example_python_operator.py for tasks to queue
[2026-01-27T23:50:38.110+0000] {logging_mixin.py:188} INFO - [2026-01-27T23:50:38.110+0000] {dagbag.py:540} INFO - Filling up the DagBag from /home/airflow/.local/lib/python3.12/site-packages/airflow/example_dags/example_python_operator.py
[2026-01-27T23:50:38.120+0000] {processor.py:840} INFO - DAG(s) 'example_python_operator' retrieved from /home/airflow/.local/lib/python3.12/site-packages/airflow/example_dags/example_python_operator.py
[2026-01-27T23:50:38.143+0000] {logging_mixin.py:188} INFO - [2026-01-27T23:50:38.143+0000] {dag.py:3096} INFO - Sync 1 DAGs
[2026-01-27T23:50:38.157+0000] {logging_mixin.py:188} INFO - [2026-01-27T23:50:38.157+0000] {dag.py:3954} INFO - Setting next_dagrun for example_python_operator to None, run_after=None
[2026-01-27T23:50:38.187+0000] {processor.py:183} INFO - Processing /home/airflow/.local/lib/python3.12/site-packages/airflow/example_dags/example_python_operator.py took 0.086 seconds
[2026-01-27T23:51:08.632+0000] {processor.py:161} INFO - Started process (PID=1591) to work on /home/airflow/.local/lib/python3.12/site-packages/airflow/example_dags/example_python_operator.py
[2026-01-27T23:51:08.633+0000] {processor.py:830} INFO - Processing file /home/airflow/.local/lib/python3.12/site-packages/airflow/example_dags/example_python_operator.py for tasks to queue
[2026-01-27T23:51:08.636+0000] {logging_mixin.py:188} INFO - [2026-01-27T23:51:08.636+0000] {dagbag.py:540} INFO - Filling up the DagBag from /home/airflow/.local/lib/python3.12/site-packages/airflow/example_dags/example_python_operator.py
[2026-01-27T23:51:08.649+0000] {processor.py:840} INFO - DAG(s) 'example_python_operator' retrieved from /home/airflow/.local/lib/python3.12/site-packages/airflow/example_dags/example_python_operator.py
[2026-01-27T23:51:08.678+0000] {logging_mixin.py:188} INFO - [2026-01-27T23:51:08.678+0000] {dag.py:3096} INFO - Sync 1 DAGs
[2026-01-27T23:51:08.693+0000] {logging_mixin.py:188} INFO - [2026-01-27T23:51:08.693+0000] {dag.py:3954} INFO - Setting next_dagrun for example_python_operator to None, run_after=None
[2026-01-27T23:51:08.728+0000] {processor.py:183} INFO - Processing /home/airflow/.local/lib/python3.12/site-packages/airflow/example_dags/example_python_operator.py took 0.104 seconds
[2026-01-27T23:51:39.135+0000] {processor.py:161} INFO - Started process (PID=1643) to work on /home/airflow/.local/lib/python3.12/site-packages/airflow/example_dags/example_python_operator.py
[2026-01-27T23:51:39.136+0000] {processor.py:830} INFO - Processing file /home/airflow/.local/lib/python3.12/site-packages/airflow/example_dags/example_python_operator.py for tasks to queue
[2026-01-27T23:51:39.138+0000] {logging_mixin.py:188} INFO - [2026-01-27T23:51:39.138+0000] {dagbag.py:540} INFO - Filling up the DagBag from /home/airflow/.local/lib/python3.12/site-packages/airflow/example_dags/example_python_operator.py
[2026-01-27T23:51:39.149+0000] {processor.py:840} INFO - DAG(s) 'example_python_operator' retrieved from /home/airflow/.local/lib/python3.12/site-packages/airflow/example_dags/example_python_operator.py
[2026-01-27T23:51:39.178+0000] {logging_mixin.py:188} INFO - [2026-01-27T23:51:39.177+0000] {dag.py:3096} INFO - Sync 1 DAGs
[2026-01-27T23:51:39.189+0000] {logging_mixin.py:188} INFO - [2026-01-27T23:51:39.189+0000] {dag.py:3954} INFO - Setting next_dagrun for example_python_operator to None, run_after=None
[2026-01-27T23:51:39.220+0000] {processor.py:183} INFO - Processing /home/airflow/.local/lib/python3.12/site-packages/airflow/example_dags/example_python_operator.py took 0.091 seconds
[2026-01-27T23:52:09.414+0000] {processor.py:161} INFO - Started process (PID=1695) to work on /home/airflow/.local/lib/python3.12/site-packages/airflow/example_dags/example_python_operator.py
[2026-01-27T23:52:09.415+0000] {processor.py:830} INFO - Processing file /home/airflow/.local/lib/python3.12/site-packages/airflow/example_dags/example_python_operator.py for tasks to queue
[2026-01-27T23:52:09.417+0000] {logging_mixin.py:188} INFO - [2026-01-27T23:52:09.417+0000] {dagbag.py:540} INFO - Filling up the DagBag from /home/airflow/.local/lib/python3.12/site-packages/airflow/example_dags/example_python_operator.py
[2026-01-27T23:52:09.428+0000] {processor.py:840} INFO - DAG(s) 'example_python_operator' retrieved from /home/airflow/.local/lib/python3.12/site-packages/airflow/example_dags/example_python_operator.py
[2026-01-27T23:52:09.452+0000] {logging_mixin.py:188} INFO - [2026-01-27T23:52:09.452+0000] {dag.py:3096} INFO - Sync 1 DAGs
[2026-01-27T23:52:09.467+0000] {logging_mixin.py:188} INFO - [2026-01-27T23:52:09.467+0000] {dag.py:3954} INFO - Setting next_dagrun for example_python_operator to None, run_after=None
[2026-01-27T23:52:09.490+0000] {processor.py:183} INFO - Processing /home/airflow/.local/lib/python3.12/site-packages/airflow/example_dags/example_python_operator.py took 0.083 seconds
[2026-01-27T23:52:39.586+0000] {processor.py:161} INFO - Started process (PID=1747) to work on /home/airflow/.local/lib/python3.12/site-packages/airflow/example_dags/example_python_operator.py
[2026-01-27T23:52:39.587+0000] {processor.py:830} INFO - Processing file /home/airflow/.local/lib/python3.12/site-packages/airflow/example_dags/example_python_operator.py for tasks to queue
[2026-01-27T23:52:39.589+0000] {logging_mixin.py:188} INFO - [2026-01-27T23:52:39.589+0000] {dagbag.py:540} INFO - Filling up the DagBag from /home/airflow/.local/lib/python3.12/site-packages/airflow/example_dags/example_python_operator.py
[2026-01-27T23:52:39.602+0000] {processor.py:840} INFO - DAG(s) 'example_python_operator' retrieved from /home/airflow/.local/lib/python3.12/site-packages/airflow/example_dags/example_python_operator.py
[2026-01-27T23:52:39.626+0000] {logging_mixin.py:188} INFO - [2026-01-27T23:52:39.626+0000] {dag.py:3096} INFO - Sync 1 DAGs
[2026-01-27T23:52:39.636+0000] {logging_mixin.py:188} INFO - [2026-01-27T23:52:39.636+0000] {dag.py:3954} INFO - Setting next_dagrun for example_python_operator to None, run_after=None
[2026-01-27T23:52:39.667+0000] {processor.py:183} INFO - Processing /home/airflow/.local/lib/python3.12/site-packages/airflow/example_dags/example_python_operator.py took 0.088 seconds
[2026-01-27T23:53:09.881+0000] {processor.py:161} INFO - Started process (PID=1799) to work on /home/airflow/.local/lib/python3.12/site-packages/airflow/example_dags/example_python_operator.py
[2026-01-27T23:53:09.882+0000] {processor.py:830} INFO - Processing file /home/airflow/.local/lib/python3.12/site-packages/airflow/example_dags/example_python_operator.py for tasks to queue
[2026-01-27T23:53:09.884+0000] {logging_mixin.py:188} INFO - [2026-01-27T23:53:09.884+0000] {dagbag.py:540} INFO - Filling up the DagBag from /home/airflow/.local/lib/python3.12/site-packages/airflow/example_dags/example_python_operator.py
[2026-01-27T23:53:09.894+0000] {processor.py:840} INFO - DAG(s) 'example_python_operator' retrieved from /home/airflow/.local/lib/python3.12/site-packages/airflow/example_dags/example_python_operator.py
[2026-01-27T23:53:09.916+0000] {logging_mixin.py:188} INFO - [2026-01-27T23:53:09.916+0000] {dag.py:3096} INFO - Sync 1 DAGs
[2026-01-27T23:53:09.927+0000] {logging_mixin.py:188} INFO - [2026-01-27T23:53:09.927+0000] {dag.py:3954} INFO - Setting next_dagrun for example_python_operator to None, run_after=None
[2026-01-27T23:53:09.960+0000] {processor.py:183} INFO - Processing /home/airflow/.local/lib/python3.12/site-packages/airflow/example_dags/example_python_operator.py took 0.085 seconds
[2026-01-27T23:53:40.176+0000] {processor.py:161} INFO - Started process (PID=1851) to work on /home/airflow/.local/lib/python3.12/site-packages/airflow/example_dags/example_python_operator.py
[2026-01-27T23:53:40.177+0000] {processor.py:830} INFO - Processing file /home/airflow/.local/lib/python3.12/site-packages/airflow/example_dags/example_python_operator.py for tasks to queue
[2026-01-27T23:53:40.179+0000] {logging_mixin.py:188} INFO - [2026-01-27T23:53:40.179+0000] {dagbag.py:540} INFO - Filling up the DagBag from /home/airflow/.local/lib/python3.12/site-packages/airflow/example_dags/example_python_operator.py
[2026-01-27T23:53:40.192+0000] {processor.py:840} INFO - DAG(s) 'example_python_operator' retrieved from /home/airflow/.local/lib/python3.12/site-packages/airflow/example_dags/example_python_operator.py
[2026-01-27T23:53:40.216+0000] {logging_mixin.py:188} INFO - [2026-01-27T23:53:40.215+0000] {dag.py:3096} INFO - Sync 1 DAGs
[2026-01-27T23:53:40.228+0000] {logging_mixin.py:188} INFO - [2026-01-27T23:53:40.227+0000] {dag.py:3954} INFO - Setting next_dagrun for example_python_operator to None, run_after=None
[2026-01-27T23:53:40.248+0000] {processor.py:183} INFO - Processing /home/airflow/.local/lib/python3.12/site-packages/airflow/example_dags/example_python_operator.py took 0.078 seconds
[2026-01-27T23:54:10.582+0000] {processor.py:161} INFO - Started process (PID=1903) to work on /home/airflow/.local/lib/python3.12/site-packages/airflow/example_dags/example_python_operator.py
[2026-01-27T23:54:10.584+0000] {processor.py:830} INFO - Processing file /home/airflow/.local/lib/python3.12/site-packages/airflow/example_dags/example_python_operator.py for tasks to queue
[2026-01-27T23:54:10.587+0000] {logging_mixin.py:188} INFO - [2026-01-27T23:54:10.587+0000] {dagbag.py:540} INFO - Filling up the DagBag from /home/airflow/.local/lib/python3.12/site-packages/airflow/example_dags/example_python_operator.py
[2026-01-27T23:54:10.605+0000] {processor.py:840} INFO - DAG(s) 'example_python_operator' retrieved from /home/airflow/.local/lib/python3.12/site-packages/airflow/example_dags/example_python_operator.py
[2026-01-27T23:54:10.634+0000] {logging_mixin.py:188} INFO - [2026-01-27T23:54:10.633+0000] {dag.py:3096} INFO - Sync 1 DAGs
[2026-01-27T23:54:10.656+0000] {logging_mixin.py:188} INFO - [2026-01-27T23:54:10.655+0000] {dag.py:3954} INFO - Setting next_dagrun for example_python_operator to None, run_after=None
[2026-01-27T23:54:10.688+0000] {processor.py:183} INFO - Processing /home/airflow/.local/lib/python3.12/site-packages/airflow/example_dags/example_python_operator.py took 0.114 seconds
[2026-01-27T23:54:40.772+0000] {processor.py:161} INFO - Started process (PID=1955) to work on /home/airflow/.local/lib/python3.12/site-packages/airflow/example_dags/example_python_operator.py
[2026-01-27T23:54:40.773+0000] {processor.py:830} INFO - Processing file /home/airflow/.local/lib/python3.12/site-packages/airflow/example_dags/example_python_operator.py for tasks to queue
[2026-01-27T23:54:40.775+0000] {logging_mixin.py:188} INFO - [2026-01-27T23:54:40.775+0000] {dagbag.py:540} INFO - Filling up the DagBag from /home/airflow/.local/lib/python3.12/site-packages/airflow/example_dags/example_python_operator.py
[2026-01-27T23:54:40.788+0000] {processor.py:840} INFO - DAG(s) 'example_python_operator' retrieved from /home/airflow/.local/lib/python3.12/site-packages/airflow/example_dags/example_python_operator.py
[2026-01-27T23:54:40.815+0000] {logging_mixin.py:188} INFO - [2026-01-27T23:54:40.815+0000] {dag.py:3096} INFO - Sync 1 DAGs
[2026-01-27T23:54:40.827+0000] {logging_mixin.py:188} INFO - [2026-01-27T23:54:40.827+0000] {dag.py:3954} INFO - Setting next_dagrun for example_python_operator to None, run_after=None
[2026-01-27T23:54:40.849+0000] {processor.py:183} INFO - Processing /home/airflow/.local/lib/python3.12/site-packages/airflow/example_dags/example_python_operator.py took 0.082 seconds
[2026-01-27T23:55:11.598+0000] {processor.py:161} INFO - Started process (PID=2007) to work on /home/airflow/.local/lib/python3.12/site-packages/airflow/example_dags/example_python_operator.py
[2026-01-27T23:55:11.599+0000] {processor.py:830} INFO - Processing file /home/airflow/.local/lib/python3.12/site-packages/airflow/example_dags/example_python_operator.py for tasks to queue
[2026-01-27T23:55:11.601+0000] {logging_mixin.py:188} INFO - [2026-01-27T23:55:11.601+0000] {dagbag.py:540} INFO - Filling up the DagBag from /home/airflow/.local/lib/python3.12/site-packages/airflow/example_dags/example_python_operator.py
[2026-01-27T23:55:11.610+0000] {processor.py:840} INFO - DAG(s) 'example_python_operator' retrieved from /home/airflow/.local/lib/python3.12/site-packages/airflow/example_dags/example_python_operator.py
[2026-01-27T23:55:11.635+0000] {logging_mixin.py:188} INFO - [2026-01-27T23:55:11.635+0000] {dag.py:3096} INFO - Sync 1 DAGs
[2026-01-27T23:55:11.646+0000] {logging_mixin.py:188} INFO - [2026-01-27T23:55:11.646+0000] {dag.py:3954} INFO - Setting next_dagrun for example_python_operator to None, run_after=None
[2026-01-27T23:55:11.678+0000] {processor.py:183} INFO - Processing /home/airflow/.local/lib/python3.12/site-packages/airflow/example_dags/example_python_operator.py took 0.085 seconds
[2026-01-27T23:55:42.537+0000] {processor.py:161} INFO - Started process (PID=2059) to work on /home/airflow/.local/lib/python3.12/site-packages/airflow/example_dags/example_python_operator.py
[2026-01-27T23:55:42.538+0000] {processor.py:830} INFO - Processing file /home/airflow/.local/lib/python3.12/site-packages/airflow/example_dags/example_python_operator.py for tasks to queue
[2026-01-27T23:55:42.541+0000] {logging_mixin.py:188} INFO - [2026-01-27T23:55:42.540+0000] {dagbag.py:540} INFO - Filling up the DagBag from /home/airflow/.local/lib/python3.12/site-packages/airflow/example_dags/example_python_operator.py
[2026-01-27T23:55:42.550+0000] {processor.py:840} INFO - DAG(s) 'example_python_operator' retrieved from /home/airflow/.local/lib/python3.12/site-packages/airflow/example_dags/example_python_operator.py
[2026-01-27T23:55:42.572+0000] {logging_mixin.py:188} INFO - [2026-01-27T23:55:42.571+0000] {dag.py:3096} INFO - Sync 1 DAGs
[2026-01-27T23:55:42.586+0000] {logging_mixin.py:188} INFO - [2026-01-27T23:55:42.586+0000] {dag.py:3954} INFO - Setting next_dagrun for example_python_operator to None, run_after=None
[2026-01-27T23:55:42.618+0000] {processor.py:183} INFO - Processing /home/airflow/.local/lib/python3.12/site-packages/airflow/example_dags/example_python_operator.py took 0.087 seconds
[2026-01-27T23:56:12.893+0000] {processor.py:161} INFO - Started process (PID=2111) to work on /home/airflow/.local/lib/python3.12/site-packages/airflow/example_dags/example_python_operator.py
[2026-01-27T23:56:12.894+0000] {processor.py:830} INFO - Processing file /home/airflow/.local/lib/python3.12/site-packages/airflow/example_dags/example_python_operator.py for tasks to queue
[2026-01-27T23:56:12.896+0000] {logging_mixin.py:188} INFO - [2026-01-27T23:56:12.896+0000] {dagbag.py:540} INFO - Filling up the DagBag from /home/airflow/.local/lib/python3.12/site-packages/airflow/example_dags/example_python_operator.py
[2026-01-27T23:56:12.910+0000] {processor.py:840} INFO - DAG(s) 'example_python_operator' retrieved from /home/airflow/.local/lib/python3.12/site-packages/airflow/example_dags/example_python_operator.py
[2026-01-27T23:56:12.935+0000] {logging_mixin.py:188} INFO - [2026-01-27T23:56:12.935+0000] {dag.py:3096} INFO - Sync 1 DAGs
[2026-01-27T23:56:12.949+0000] {logging_mixin.py:188} INFO - [2026-01-27T23:56:12.949+0000] {dag.py:3954} INFO - Setting next_dagrun for example_python_operator to None, run_after=None
[2026-01-27T23:56:12.982+0000] {processor.py:183} INFO - Processing /home/airflow/.local/lib/python3.12/site-packages/airflow/example_dags/example_python_operator.py took 0.096 seconds
[2026-01-27T23:56:43.146+0000] {processor.py:161} INFO - Started process (PID=2163) to work on /home/airflow/.local/lib/python3.12/site-packages/airflow/example_dags/example_python_operator.py
[2026-01-27T23:56:43.147+0000] {processor.py:830} INFO - Processing file /home/airflow/.local/lib/python3.12/site-packages/airflow/example_dags/example_python_operator.py for tasks to queue
[2026-01-27T23:56:43.149+0000] {logging_mixin.py:188} INFO - [2026-01-27T23:56:43.149+0000] {dagbag.py:540} INFO - Filling up the DagBag from /home/airflow/.local/lib/python3.12/site-packages/airflow/example_dags/example_python_operator.py
[2026-01-27T23:56:43.162+0000] {processor.py:840} INFO - DAG(s) 'example_python_operator' retrieved from /home/airflow/.local/lib/python3.12/site-packages/airflow/example_dags/example_python_operator.py
[2026-01-27T23:56:43.191+0000] {logging_mixin.py:188} INFO - [2026-01-27T23:56:43.191+0000] {dag.py:3096} INFO - Sync 1 DAGs
[2026-01-27T23:56:43.206+0000] {logging_mixin.py:188} INFO - [2026-01-27T23:56:43.206+0000] {dag.py:3954} INFO - Setting next_dagrun for example_python_operator to None, run_after=None
[2026-01-27T23:56:43.232+0000] {processor.py:183} INFO - Processing /home/airflow/.local/lib/python3.12/site-packages/airflow/example_dags/example_python_operator.py took 0.093 seconds
[2026-01-27T23:57:14.012+0000] {processor.py:161} INFO - Started process (PID=2215) to work on /home/airflow/.local/lib/python3.12/site-packages/airflow/example_dags/example_python_operator.py
[2026-01-27T23:57:14.013+0000] {processor.py:830} INFO - Processing file /home/airflow/.local/lib/python3.12/site-packages/airflow/example_dags/example_python_operator.py for tasks to queue
[2026-01-27T23:57:14.015+0000] {logging_mixin.py:188} INFO - [2026-01-27T23:57:14.015+0000] {dagbag.py:540} INFO - Filling up the DagBag from /home/airflow/.local/lib/python3.12/site-packages/airflow/example_dags/example_python_operator.py
[2026-01-27T23:57:14.027+0000] {processor.py:840} INFO - DAG(s) 'example_python_operator' retrieved from /home/airflow/.local/lib/python3.12/site-packages/airflow/example_dags/example_python_operator.py
[2026-01-27T23:57:14.052+0000] {logging_mixin.py:188} INFO - [2026-01-27T23:57:14.052+0000] {dag.py:3096} INFO - Sync 1 DAGs
[2026-01-27T23:57:14.068+0000] {logging_mixin.py:188} INFO - [2026-01-27T23:57:14.068+0000] {dag.py:3954} INFO - Setting next_dagrun for example_python_operator to None, run_after=None
[2026-01-27T23:57:14.093+0000] {processor.py:183} INFO - Processing /home/airflow/.local/lib/python3.12/site-packages/airflow/example_dags/example_python_operator.py took 0.089 seconds
[2026-01-27T23:57:45.014+0000] {processor.py:161} INFO - Started process (PID=2267) to work on /home/airflow/.local/lib/python3.12/site-packages/airflow/example_dags/example_python_operator.py
[2026-01-27T23:57:45.016+0000] {processor.py:830} INFO - Processing file /home/airflow/.local/lib/python3.12/site-packages/airflow/example_dags/example_python_operator.py for tasks to queue
[2026-01-27T23:57:45.018+0000] {logging_mixin.py:188} INFO - [2026-01-27T23:57:45.017+0000] {dagbag.py:540} INFO - Filling up the DagBag from /home/airflow/.local/lib/python3.12/site-packages/airflow/example_dags/example_python_operator.py
[2026-01-27T23:57:45.033+0000] {processor.py:840} INFO - DAG(s) 'example_python_operator' retrieved from /home/airflow/.local/lib/python3.12/site-packages/airflow/example_dags/example_python_operator.py
[2026-01-27T23:57:45.057+0000] {logging_mixin.py:188} INFO - [2026-01-27T23:57:45.057+0000] {dag.py:3096} INFO - Sync 1 DAGs
[2026-01-27T23:57:45.069+0000] {logging_mixin.py:188} INFO - [2026-01-27T23:57:45.069+0000] {dag.py:3954} INFO - Setting next_dagrun for example_python_operator to None, run_after=None
[2026-01-27T23:57:45.089+0000] {processor.py:183} INFO - Processing /home/airflow/.local/lib/python3.12/site-packages/airflow/example_dags/example_python_operator.py took 0.082 seconds
[2026-01-27T23:58:16.090+0000] {processor.py:161} INFO - Started process (PID=2319) to work on /home/airflow/.local/lib/python3.12/site-packages/airflow/example_dags/example_python_operator.py
[2026-01-27T23:58:16.091+0000] {processor.py:830} INFO - Processing file /home/airflow/.local/lib/python3.12/site-packages/airflow/example_dags/example_python_operator.py for tasks to queue
[2026-01-27T23:58:16.093+0000] {logging_mixin.py:188} INFO - [2026-01-27T23:58:16.093+0000] {dagbag.py:540} INFO - Filling up the DagBag from /home/airflow/.local/lib/python3.12/site-packages/airflow/example_dags/example_python_operator.py
[2026-01-27T23:58:16.103+0000] {processor.py:840} INFO - DAG(s) 'example_python_operator' retrieved from /home/airflow/.local/lib/python3.12/site-packages/airflow/example_dags/example_python_operator.py
[2026-01-27T23:58:16.124+0000] {logging_mixin.py:188} INFO - [2026-01-27T23:58:16.123+0000] {dag.py:3096} INFO - Sync 1 DAGs
[2026-01-27T23:58:16.135+0000] {logging_mixin.py:188} INFO - [2026-01-27T23:58:16.135+0000] {dag.py:3954} INFO - Setting next_dagrun for example_python_operator to None, run_after=None
[2026-01-27T23:58:16.157+0000] {processor.py:183} INFO - Processing /home/airflow/.local/lib/python3.12/site-packages/airflow/example_dags/example_python_operator.py took 0.072 seconds
[2026-01-27T23:58:46.932+0000] {processor.py:161} INFO - Started process (PID=2371) to work on /home/airflow/.local/lib/python3.12/site-packages/airflow/example_dags/example_python_operator.py
[2026-01-27T23:58:46.933+0000] {processor.py:830} INFO - Processing file /home/airflow/.local/lib/python3.12/site-packages/airflow/example_dags/example_python_operator.py for tasks to queue
[2026-01-27T23:58:46.937+0000] {logging_mixin.py:188} INFO - [2026-01-27T23:58:46.936+0000] {dagbag.py:540} INFO - Filling up the DagBag from /home/airflow/.local/lib/python3.12/site-packages/airflow/example_dags/example_python_operator.py
[2026-01-27T23:58:46.953+0000] {processor.py:840} INFO - DAG(s) 'example_python_operator' retrieved from /home/airflow/.local/lib/python3.12/site-packages/airflow/example_dags/example_python_operator.py
[2026-01-27T23:58:46.981+0000] {logging_mixin.py:188} INFO - [2026-01-27T23:58:46.981+0000] {dag.py:3096} INFO - Sync 1 DAGs
[2026-01-27T23:58:46.995+0000] {logging_mixin.py:188} INFO - [2026-01-27T23:58:46.994+0000] {dag.py:3954} INFO - Setting next_dagrun for example_python_operator to None, run_after=None
[2026-01-27T23:58:47.027+0000] {processor.py:183} INFO - Processing /home/airflow/.local/lib/python3.12/site-packages/airflow/example_dags/example_python_operator.py took 0.104 seconds
[2026-01-27T23:59:17.649+0000] {processor.py:161} INFO - Started process (PID=2423) to work on /home/airflow/.local/lib/python3.12/site-packages/airflow/example_dags/example_python_operator.py
[2026-01-27T23:59:17.650+0000] {processor.py:830} INFO - Processing file /home/airflow/.local/lib/python3.12/site-packages/airflow/example_dags/example_python_operator.py for tasks to queue
[2026-01-27T23:59:17.652+0000] {logging_mixin.py:188} INFO - [2026-01-27T23:59:17.652+0000] {dagbag.py:540} INFO - Filling up the DagBag from /home/airflow/.local/lib/python3.12/site-packages/airflow/example_dags/example_python_operator.py
[2026-01-27T23:59:17.662+0000] {processor.py:840} INFO - DAG(s) 'example_python_operator' retrieved from /home/airflow/.local/lib/python3.12/site-packages/airflow/example_dags/example_python_operator.py
[2026-01-27T23:59:17.684+0000] {logging_mixin.py:188} INFO - [2026-01-27T23:59:17.684+0000] {dag.py:3096} INFO - Sync 1 DAGs
[2026-01-27T23:59:17.696+0000] {logging_mixin.py:188} INFO - [2026-01-27T23:59:17.696+0000] {dag.py:3954} INFO - Setting next_dagrun for example_python_operator to None, run_after=None
[2026-01-27T23:59:17.729+0000] {processor.py:183} INFO - Processing /home/airflow/.local/lib/python3.12/site-packages/airflow/example_dags/example_python_operator.py took 0.086 seconds
[2026-01-27T23:59:48.131+0000] {processor.py:161} INFO - Started process (PID=2475) to work on /home/airflow/.local/lib/python3.12/site-packages/airflow/example_dags/example_python_operator.py
[2026-01-27T23:59:48.132+0000] {processor.py:830} INFO - Processing file /home/airflow/.local/lib/python3.12/site-packages/airflow/example_dags/example_python_operator.py for tasks to queue
[2026-01-27T23:59:48.134+0000] {logging_mixin.py:188} INFO - [2026-01-27T23:59:48.134+0000] {dagbag.py:540} INFO - Filling up the DagBag from /home/airflow/.local/lib/python3.12/site-packages/airflow/example_dags/example_python_operator.py
[2026-01-27T23:59:48.144+0000] {processor.py:840} INFO - DAG(s) 'example_python_operator' retrieved from /home/airflow/.local/lib/python3.12/site-packages/airflow/example_dags/example_python_operator.py
[2026-01-27T23:59:48.165+0000] {logging_mixin.py:188} INFO - [2026-01-27T23:59:48.165+0000] {dag.py:3096} INFO - Sync 1 DAGs
[2026-01-27T23:59:48.176+0000] {logging_mixin.py:188} INFO - [2026-01-27T23:59:48.176+0000] {dag.py:3954} INFO - Setting next_dagrun for example_python_operator to None, run_after=None
[2026-01-27T23:59:48.196+0000] {processor.py:183} INFO - Processing /home/airflow/.local/lib/python3.12/site-packages/airflow/example_dags/example_python_operator.py took 0.071 seconds
