[2026-01-27T23:35:56.912+0000] {processor.py:161} INFO - Started process (PID=37) to work on /home/airflow/.local/lib/python3.12/site-packages/airflow/example_dags/example_setup_teardown.py
[2026-01-27T23:35:56.914+0000] {processor.py:830} INFO - Processing file /home/airflow/.local/lib/python3.12/site-packages/airflow/example_dags/example_setup_teardown.py for tasks to queue
[2026-01-27T23:35:56.933+0000] {logging_mixin.py:188} INFO - [2026-01-27T23:35:56.930+0000] {dagbag.py:540} INFO - Filling up the DagBag from /home/airflow/.local/lib/python3.12/site-packages/airflow/example_dags/example_setup_teardown.py
[2026-01-27T23:35:57.009+0000] {processor.py:840} INFO - DAG(s) 'example_setup_teardown' retrieved from /home/airflow/.local/lib/python3.12/site-packages/airflow/example_dags/example_setup_teardown.py
[2026-01-27T23:35:57.667+0000] {logging_mixin.py:188} INFO - [2026-01-27T23:35:57.666+0000] {dag.py:3096} INFO - Sync 1 DAGs
[2026-01-27T23:35:57.749+0000] {logging_mixin.py:188} INFO - [2026-01-27T23:35:57.749+0000] {dag.py:3954} INFO - Setting next_dagrun for example_setup_teardown to 2026-01-26 00:00:00+00:00, run_after=2026-01-27 00:00:00+00:00
[2026-01-27T23:35:57.808+0000] {processor.py:183} INFO - Processing /home/airflow/.local/lib/python3.12/site-packages/airflow/example_dags/example_setup_teardown.py took 0.911 seconds
[2026-01-27T23:36:28.088+0000] {processor.py:161} INFO - Started process (PID=89) to work on /home/airflow/.local/lib/python3.12/site-packages/airflow/example_dags/example_setup_teardown.py
[2026-01-27T23:36:28.090+0000] {processor.py:830} INFO - Processing file /home/airflow/.local/lib/python3.12/site-packages/airflow/example_dags/example_setup_teardown.py for tasks to queue
[2026-01-27T23:36:28.097+0000] {logging_mixin.py:188} INFO - [2026-01-27T23:36:28.095+0000] {dagbag.py:540} INFO - Filling up the DagBag from /home/airflow/.local/lib/python3.12/site-packages/airflow/example_dags/example_setup_teardown.py
[2026-01-27T23:36:28.116+0000] {processor.py:840} INFO - DAG(s) 'example_setup_teardown' retrieved from /home/airflow/.local/lib/python3.12/site-packages/airflow/example_dags/example_setup_teardown.py
[2026-01-27T23:36:28.177+0000] {logging_mixin.py:188} INFO - [2026-01-27T23:36:28.176+0000] {dag.py:3096} INFO - Sync 1 DAGs
[2026-01-27T23:36:28.242+0000] {logging_mixin.py:188} INFO - [2026-01-27T23:36:28.241+0000] {dag.py:3954} INFO - Setting next_dagrun for example_setup_teardown to 2026-01-26 00:00:00+00:00, run_after=2026-01-27 00:00:00+00:00
[2026-01-27T23:36:28.286+0000] {processor.py:183} INFO - Processing /home/airflow/.local/lib/python3.12/site-packages/airflow/example_dags/example_setup_teardown.py took 0.214 seconds
[2026-01-27T23:36:58.375+0000] {processor.py:161} INFO - Started process (PID=141) to work on /home/airflow/.local/lib/python3.12/site-packages/airflow/example_dags/example_setup_teardown.py
[2026-01-27T23:36:58.376+0000] {processor.py:830} INFO - Processing file /home/airflow/.local/lib/python3.12/site-packages/airflow/example_dags/example_setup_teardown.py for tasks to queue
[2026-01-27T23:36:58.379+0000] {logging_mixin.py:188} INFO - [2026-01-27T23:36:58.378+0000] {dagbag.py:540} INFO - Filling up the DagBag from /home/airflow/.local/lib/python3.12/site-packages/airflow/example_dags/example_setup_teardown.py
[2026-01-27T23:36:58.385+0000] {processor.py:840} INFO - DAG(s) 'example_setup_teardown' retrieved from /home/airflow/.local/lib/python3.12/site-packages/airflow/example_dags/example_setup_teardown.py
[2026-01-27T23:36:58.406+0000] {logging_mixin.py:188} INFO - [2026-01-27T23:36:58.406+0000] {dag.py:3096} INFO - Sync 1 DAGs
[2026-01-27T23:36:58.426+0000] {logging_mixin.py:188} INFO - [2026-01-27T23:36:58.426+0000] {dag.py:3954} INFO - Setting next_dagrun for example_setup_teardown to 2026-01-26 00:00:00+00:00, run_after=2026-01-27 00:00:00+00:00
[2026-01-27T23:36:58.445+0000] {processor.py:183} INFO - Processing /home/airflow/.local/lib/python3.12/site-packages/airflow/example_dags/example_setup_teardown.py took 0.077 seconds
[2026-01-27T23:37:28.914+0000] {processor.py:161} INFO - Started process (PID=193) to work on /home/airflow/.local/lib/python3.12/site-packages/airflow/example_dags/example_setup_teardown.py
[2026-01-27T23:37:28.915+0000] {processor.py:830} INFO - Processing file /home/airflow/.local/lib/python3.12/site-packages/airflow/example_dags/example_setup_teardown.py for tasks to queue
[2026-01-27T23:37:28.917+0000] {logging_mixin.py:188} INFO - [2026-01-27T23:37:28.917+0000] {dagbag.py:540} INFO - Filling up the DagBag from /home/airflow/.local/lib/python3.12/site-packages/airflow/example_dags/example_setup_teardown.py
[2026-01-27T23:37:28.923+0000] {processor.py:840} INFO - DAG(s) 'example_setup_teardown' retrieved from /home/airflow/.local/lib/python3.12/site-packages/airflow/example_dags/example_setup_teardown.py
[2026-01-27T23:37:28.945+0000] {logging_mixin.py:188} INFO - [2026-01-27T23:37:28.944+0000] {dag.py:3096} INFO - Sync 1 DAGs
[2026-01-27T23:37:28.964+0000] {logging_mixin.py:188} INFO - [2026-01-27T23:37:28.964+0000] {dag.py:3954} INFO - Setting next_dagrun for example_setup_teardown to 2026-01-26 00:00:00+00:00, run_after=2026-01-27 00:00:00+00:00
[2026-01-27T23:37:28.984+0000] {processor.py:183} INFO - Processing /home/airflow/.local/lib/python3.12/site-packages/airflow/example_dags/example_setup_teardown.py took 0.078 seconds
[2026-01-27T23:37:59.264+0000] {processor.py:161} INFO - Started process (PID=245) to work on /home/airflow/.local/lib/python3.12/site-packages/airflow/example_dags/example_setup_teardown.py
[2026-01-27T23:37:59.266+0000] {processor.py:830} INFO - Processing file /home/airflow/.local/lib/python3.12/site-packages/airflow/example_dags/example_setup_teardown.py for tasks to queue
[2026-01-27T23:37:59.268+0000] {logging_mixin.py:188} INFO - [2026-01-27T23:37:59.267+0000] {dagbag.py:540} INFO - Filling up the DagBag from /home/airflow/.local/lib/python3.12/site-packages/airflow/example_dags/example_setup_teardown.py
[2026-01-27T23:37:59.274+0000] {processor.py:840} INFO - DAG(s) 'example_setup_teardown' retrieved from /home/airflow/.local/lib/python3.12/site-packages/airflow/example_dags/example_setup_teardown.py
[2026-01-27T23:37:59.300+0000] {logging_mixin.py:188} INFO - [2026-01-27T23:37:59.300+0000] {dag.py:3096} INFO - Sync 1 DAGs
[2026-01-27T23:37:59.322+0000] {logging_mixin.py:188} INFO - [2026-01-27T23:37:59.321+0000] {dag.py:3954} INFO - Setting next_dagrun for example_setup_teardown to 2026-01-26 00:00:00+00:00, run_after=2026-01-27 00:00:00+00:00
[2026-01-27T23:37:59.347+0000] {processor.py:183} INFO - Processing /home/airflow/.local/lib/python3.12/site-packages/airflow/example_dags/example_setup_teardown.py took 0.090 seconds
[2026-01-27T23:38:29.501+0000] {processor.py:161} INFO - Started process (PID=297) to work on /home/airflow/.local/lib/python3.12/site-packages/airflow/example_dags/example_setup_teardown.py
[2026-01-27T23:38:29.502+0000] {processor.py:830} INFO - Processing file /home/airflow/.local/lib/python3.12/site-packages/airflow/example_dags/example_setup_teardown.py for tasks to queue
[2026-01-27T23:38:29.504+0000] {logging_mixin.py:188} INFO - [2026-01-27T23:38:29.503+0000] {dagbag.py:540} INFO - Filling up the DagBag from /home/airflow/.local/lib/python3.12/site-packages/airflow/example_dags/example_setup_teardown.py
[2026-01-27T23:38:29.511+0000] {processor.py:840} INFO - DAG(s) 'example_setup_teardown' retrieved from /home/airflow/.local/lib/python3.12/site-packages/airflow/example_dags/example_setup_teardown.py
[2026-01-27T23:38:29.534+0000] {logging_mixin.py:188} INFO - [2026-01-27T23:38:29.533+0000] {dag.py:3096} INFO - Sync 1 DAGs
[2026-01-27T23:38:29.557+0000] {logging_mixin.py:188} INFO - [2026-01-27T23:38:29.556+0000] {dag.py:3954} INFO - Setting next_dagrun for example_setup_teardown to 2026-01-26 00:00:00+00:00, run_after=2026-01-27 00:00:00+00:00
[2026-01-27T23:38:29.580+0000] {processor.py:183} INFO - Processing /home/airflow/.local/lib/python3.12/site-packages/airflow/example_dags/example_setup_teardown.py took 0.085 seconds
[2026-01-27T23:38:59.893+0000] {processor.py:161} INFO - Started process (PID=349) to work on /home/airflow/.local/lib/python3.12/site-packages/airflow/example_dags/example_setup_teardown.py
[2026-01-27T23:38:59.894+0000] {processor.py:830} INFO - Processing file /home/airflow/.local/lib/python3.12/site-packages/airflow/example_dags/example_setup_teardown.py for tasks to queue
[2026-01-27T23:38:59.897+0000] {logging_mixin.py:188} INFO - [2026-01-27T23:38:59.897+0000] {dagbag.py:540} INFO - Filling up the DagBag from /home/airflow/.local/lib/python3.12/site-packages/airflow/example_dags/example_setup_teardown.py
[2026-01-27T23:38:59.905+0000] {processor.py:840} INFO - DAG(s) 'example_setup_teardown' retrieved from /home/airflow/.local/lib/python3.12/site-packages/airflow/example_dags/example_setup_teardown.py
[2026-01-27T23:38:59.932+0000] {logging_mixin.py:188} INFO - [2026-01-27T23:38:59.931+0000] {dag.py:3096} INFO - Sync 1 DAGs
[2026-01-27T23:38:59.962+0000] {logging_mixin.py:188} INFO - [2026-01-27T23:38:59.961+0000] {dag.py:3954} INFO - Setting next_dagrun for example_setup_teardown to 2026-01-26 00:00:00+00:00, run_after=2026-01-27 00:00:00+00:00
[2026-01-27T23:38:59.998+0000] {processor.py:183} INFO - Processing /home/airflow/.local/lib/python3.12/site-packages/airflow/example_dags/example_setup_teardown.py took 0.112 seconds
[2026-01-27T23:39:30.335+0000] {processor.py:161} INFO - Started process (PID=401) to work on /home/airflow/.local/lib/python3.12/site-packages/airflow/example_dags/example_setup_teardown.py
[2026-01-27T23:39:30.337+0000] {processor.py:830} INFO - Processing file /home/airflow/.local/lib/python3.12/site-packages/airflow/example_dags/example_setup_teardown.py for tasks to queue
[2026-01-27T23:39:30.340+0000] {logging_mixin.py:188} INFO - [2026-01-27T23:39:30.339+0000] {dagbag.py:540} INFO - Filling up the DagBag from /home/airflow/.local/lib/python3.12/site-packages/airflow/example_dags/example_setup_teardown.py
[2026-01-27T23:39:30.349+0000] {processor.py:840} INFO - DAG(s) 'example_setup_teardown' retrieved from /home/airflow/.local/lib/python3.12/site-packages/airflow/example_dags/example_setup_teardown.py
[2026-01-27T23:39:30.384+0000] {logging_mixin.py:188} INFO - [2026-01-27T23:39:30.383+0000] {dag.py:3096} INFO - Sync 1 DAGs
[2026-01-27T23:39:30.417+0000] {logging_mixin.py:188} INFO - [2026-01-27T23:39:30.417+0000] {dag.py:3954} INFO - Setting next_dagrun for example_setup_teardown to 2026-01-26 00:00:00+00:00, run_after=2026-01-27 00:00:00+00:00
[2026-01-27T23:39:30.447+0000] {processor.py:183} INFO - Processing /home/airflow/.local/lib/python3.12/site-packages/airflow/example_dags/example_setup_teardown.py took 0.122 seconds
[2026-01-27T23:40:00.956+0000] {processor.py:161} INFO - Started process (PID=453) to work on /home/airflow/.local/lib/python3.12/site-packages/airflow/example_dags/example_setup_teardown.py
[2026-01-27T23:40:00.958+0000] {processor.py:830} INFO - Processing file /home/airflow/.local/lib/python3.12/site-packages/airflow/example_dags/example_setup_teardown.py for tasks to queue
[2026-01-27T23:40:00.960+0000] {logging_mixin.py:188} INFO - [2026-01-27T23:40:00.960+0000] {dagbag.py:540} INFO - Filling up the DagBag from /home/airflow/.local/lib/python3.12/site-packages/airflow/example_dags/example_setup_teardown.py
[2026-01-27T23:40:00.969+0000] {processor.py:840} INFO - DAG(s) 'example_setup_teardown' retrieved from /home/airflow/.local/lib/python3.12/site-packages/airflow/example_dags/example_setup_teardown.py
[2026-01-27T23:40:00.996+0000] {logging_mixin.py:188} INFO - [2026-01-27T23:40:00.995+0000] {dag.py:3096} INFO - Sync 1 DAGs
[2026-01-27T23:40:01.025+0000] {logging_mixin.py:188} INFO - [2026-01-27T23:40:01.024+0000] {dag.py:3954} INFO - Setting next_dagrun for example_setup_teardown to 2026-01-26 00:00:00+00:00, run_after=2026-01-27 00:00:00+00:00
[2026-01-27T23:40:01.053+0000] {processor.py:183} INFO - Processing /home/airflow/.local/lib/python3.12/site-packages/airflow/example_dags/example_setup_teardown.py took 0.106 seconds
[2026-01-27T23:40:31.110+0000] {processor.py:161} INFO - Started process (PID=505) to work on /home/airflow/.local/lib/python3.12/site-packages/airflow/example_dags/example_setup_teardown.py
[2026-01-27T23:40:31.112+0000] {processor.py:830} INFO - Processing file /home/airflow/.local/lib/python3.12/site-packages/airflow/example_dags/example_setup_teardown.py for tasks to queue
[2026-01-27T23:40:31.115+0000] {logging_mixin.py:188} INFO - [2026-01-27T23:40:31.115+0000] {dagbag.py:540} INFO - Filling up the DagBag from /home/airflow/.local/lib/python3.12/site-packages/airflow/example_dags/example_setup_teardown.py
[2026-01-27T23:40:31.125+0000] {processor.py:840} INFO - DAG(s) 'example_setup_teardown' retrieved from /home/airflow/.local/lib/python3.12/site-packages/airflow/example_dags/example_setup_teardown.py
[2026-01-27T23:40:31.151+0000] {logging_mixin.py:188} INFO - [2026-01-27T23:40:31.150+0000] {dag.py:3096} INFO - Sync 1 DAGs
[2026-01-27T23:40:31.178+0000] {logging_mixin.py:188} INFO - [2026-01-27T23:40:31.178+0000] {dag.py:3954} INFO - Setting next_dagrun for example_setup_teardown to 2026-01-26 00:00:00+00:00, run_after=2026-01-27 00:00:00+00:00
[2026-01-27T23:40:31.211+0000] {processor.py:183} INFO - Processing /home/airflow/.local/lib/python3.12/site-packages/airflow/example_dags/example_setup_teardown.py took 0.109 seconds
[2026-01-27T23:41:01.452+0000] {processor.py:161} INFO - Started process (PID=557) to work on /home/airflow/.local/lib/python3.12/site-packages/airflow/example_dags/example_setup_teardown.py
[2026-01-27T23:41:01.453+0000] {processor.py:830} INFO - Processing file /home/airflow/.local/lib/python3.12/site-packages/airflow/example_dags/example_setup_teardown.py for tasks to queue
[2026-01-27T23:41:01.458+0000] {logging_mixin.py:188} INFO - [2026-01-27T23:41:01.456+0000] {dagbag.py:540} INFO - Filling up the DagBag from /home/airflow/.local/lib/python3.12/site-packages/airflow/example_dags/example_setup_teardown.py
[2026-01-27T23:41:01.469+0000] {processor.py:840} INFO - DAG(s) 'example_setup_teardown' retrieved from /home/airflow/.local/lib/python3.12/site-packages/airflow/example_dags/example_setup_teardown.py
[2026-01-27T23:41:01.510+0000] {logging_mixin.py:188} INFO - [2026-01-27T23:41:01.509+0000] {dag.py:3096} INFO - Sync 1 DAGs
[2026-01-27T23:41:01.535+0000] {logging_mixin.py:188} INFO - [2026-01-27T23:41:01.534+0000] {dag.py:3954} INFO - Setting next_dagrun for example_setup_teardown to 2026-01-26 00:00:00+00:00, run_after=2026-01-27 00:00:00+00:00
[2026-01-27T23:41:01.563+0000] {processor.py:183} INFO - Processing /home/airflow/.local/lib/python3.12/site-packages/airflow/example_dags/example_setup_teardown.py took 0.122 seconds
[2026-01-27T23:41:31.679+0000] {processor.py:161} INFO - Started process (PID=609) to work on /home/airflow/.local/lib/python3.12/site-packages/airflow/example_dags/example_setup_teardown.py
[2026-01-27T23:41:31.680+0000] {processor.py:830} INFO - Processing file /home/airflow/.local/lib/python3.12/site-packages/airflow/example_dags/example_setup_teardown.py for tasks to queue
[2026-01-27T23:41:31.683+0000] {logging_mixin.py:188} INFO - [2026-01-27T23:41:31.683+0000] {dagbag.py:540} INFO - Filling up the DagBag from /home/airflow/.local/lib/python3.12/site-packages/airflow/example_dags/example_setup_teardown.py
[2026-01-27T23:41:31.694+0000] {processor.py:840} INFO - DAG(s) 'example_setup_teardown' retrieved from /home/airflow/.local/lib/python3.12/site-packages/airflow/example_dags/example_setup_teardown.py
[2026-01-27T23:41:31.725+0000] {logging_mixin.py:188} INFO - [2026-01-27T23:41:31.724+0000] {dag.py:3096} INFO - Sync 1 DAGs
[2026-01-27T23:41:31.750+0000] {logging_mixin.py:188} INFO - [2026-01-27T23:41:31.750+0000] {dag.py:3954} INFO - Setting next_dagrun for example_setup_teardown to 2026-01-26 00:00:00+00:00, run_after=2026-01-27 00:00:00+00:00
[2026-01-27T23:41:31.786+0000] {processor.py:183} INFO - Processing /home/airflow/.local/lib/python3.12/site-packages/airflow/example_dags/example_setup_teardown.py took 0.117 seconds
[2026-01-27T23:42:02.002+0000] {processor.py:161} INFO - Started process (PID=661) to work on /home/airflow/.local/lib/python3.12/site-packages/airflow/example_dags/example_setup_teardown.py
[2026-01-27T23:42:02.003+0000] {processor.py:830} INFO - Processing file /home/airflow/.local/lib/python3.12/site-packages/airflow/example_dags/example_setup_teardown.py for tasks to queue
[2026-01-27T23:42:02.005+0000] {logging_mixin.py:188} INFO - [2026-01-27T23:42:02.005+0000] {dagbag.py:540} INFO - Filling up the DagBag from /home/airflow/.local/lib/python3.12/site-packages/airflow/example_dags/example_setup_teardown.py
[2026-01-27T23:42:02.013+0000] {processor.py:840} INFO - DAG(s) 'example_setup_teardown' retrieved from /home/airflow/.local/lib/python3.12/site-packages/airflow/example_dags/example_setup_teardown.py
[2026-01-27T23:42:02.038+0000] {logging_mixin.py:188} INFO - [2026-01-27T23:42:02.037+0000] {dag.py:3096} INFO - Sync 1 DAGs
[2026-01-27T23:42:02.061+0000] {logging_mixin.py:188} INFO - [2026-01-27T23:42:02.061+0000] {dag.py:3954} INFO - Setting next_dagrun for example_setup_teardown to 2026-01-26 00:00:00+00:00, run_after=2026-01-27 00:00:00+00:00
[2026-01-27T23:42:02.098+0000] {processor.py:183} INFO - Processing /home/airflow/.local/lib/python3.12/site-packages/airflow/example_dags/example_setup_teardown.py took 0.103 seconds
[2026-01-27T23:42:32.675+0000] {processor.py:161} INFO - Started process (PID=713) to work on /home/airflow/.local/lib/python3.12/site-packages/airflow/example_dags/example_setup_teardown.py
[2026-01-27T23:42:32.677+0000] {processor.py:830} INFO - Processing file /home/airflow/.local/lib/python3.12/site-packages/airflow/example_dags/example_setup_teardown.py for tasks to queue
[2026-01-27T23:42:32.679+0000] {logging_mixin.py:188} INFO - [2026-01-27T23:42:32.679+0000] {dagbag.py:540} INFO - Filling up the DagBag from /home/airflow/.local/lib/python3.12/site-packages/airflow/example_dags/example_setup_teardown.py
[2026-01-27T23:42:32.689+0000] {processor.py:840} INFO - DAG(s) 'example_setup_teardown' retrieved from /home/airflow/.local/lib/python3.12/site-packages/airflow/example_dags/example_setup_teardown.py
[2026-01-27T23:42:32.714+0000] {logging_mixin.py:188} INFO - [2026-01-27T23:42:32.714+0000] {dag.py:3096} INFO - Sync 1 DAGs
[2026-01-27T23:42:32.741+0000] {logging_mixin.py:188} INFO - [2026-01-27T23:42:32.740+0000] {dag.py:3954} INFO - Setting next_dagrun for example_setup_teardown to 2026-01-26 00:00:00+00:00, run_after=2026-01-27 00:00:00+00:00
[2026-01-27T23:42:32.766+0000] {processor.py:183} INFO - Processing /home/airflow/.local/lib/python3.12/site-packages/airflow/example_dags/example_setup_teardown.py took 0.098 seconds
[2026-01-27T23:43:03.139+0000] {processor.py:161} INFO - Started process (PID=765) to work on /home/airflow/.local/lib/python3.12/site-packages/airflow/example_dags/example_setup_teardown.py
[2026-01-27T23:43:03.141+0000] {processor.py:830} INFO - Processing file /home/airflow/.local/lib/python3.12/site-packages/airflow/example_dags/example_setup_teardown.py for tasks to queue
[2026-01-27T23:43:03.143+0000] {logging_mixin.py:188} INFO - [2026-01-27T23:43:03.143+0000] {dagbag.py:540} INFO - Filling up the DagBag from /home/airflow/.local/lib/python3.12/site-packages/airflow/example_dags/example_setup_teardown.py
[2026-01-27T23:43:03.152+0000] {processor.py:840} INFO - DAG(s) 'example_setup_teardown' retrieved from /home/airflow/.local/lib/python3.12/site-packages/airflow/example_dags/example_setup_teardown.py
[2026-01-27T23:43:03.180+0000] {logging_mixin.py:188} INFO - [2026-01-27T23:43:03.180+0000] {dag.py:3096} INFO - Sync 1 DAGs
[2026-01-27T23:43:03.211+0000] {logging_mixin.py:188} INFO - [2026-01-27T23:43:03.211+0000] {dag.py:3954} INFO - Setting next_dagrun for example_setup_teardown to 2026-01-26 00:00:00+00:00, run_after=2026-01-27 00:00:00+00:00
[2026-01-27T23:43:03.244+0000] {processor.py:183} INFO - Processing /home/airflow/.local/lib/python3.12/site-packages/airflow/example_dags/example_setup_teardown.py took 0.113 seconds
[2026-01-27T23:43:33.375+0000] {processor.py:161} INFO - Started process (PID=817) to work on /home/airflow/.local/lib/python3.12/site-packages/airflow/example_dags/example_setup_teardown.py
[2026-01-27T23:43:33.376+0000] {processor.py:830} INFO - Processing file /home/airflow/.local/lib/python3.12/site-packages/airflow/example_dags/example_setup_teardown.py for tasks to queue
[2026-01-27T23:43:33.379+0000] {logging_mixin.py:188} INFO - [2026-01-27T23:43:33.379+0000] {dagbag.py:540} INFO - Filling up the DagBag from /home/airflow/.local/lib/python3.12/site-packages/airflow/example_dags/example_setup_teardown.py
[2026-01-27T23:43:33.391+0000] {processor.py:840} INFO - DAG(s) 'example_setup_teardown' retrieved from /home/airflow/.local/lib/python3.12/site-packages/airflow/example_dags/example_setup_teardown.py
[2026-01-27T23:43:33.418+0000] {logging_mixin.py:188} INFO - [2026-01-27T23:43:33.418+0000] {dag.py:3096} INFO - Sync 1 DAGs
[2026-01-27T23:43:33.444+0000] {logging_mixin.py:188} INFO - [2026-01-27T23:43:33.444+0000] {dag.py:3954} INFO - Setting next_dagrun for example_setup_teardown to 2026-01-26 00:00:00+00:00, run_after=2026-01-27 00:00:00+00:00
[2026-01-27T23:43:33.477+0000] {processor.py:183} INFO - Processing /home/airflow/.local/lib/python3.12/site-packages/airflow/example_dags/example_setup_teardown.py took 0.108 seconds
[2026-01-27T23:44:03.627+0000] {processor.py:161} INFO - Started process (PID=869) to work on /home/airflow/.local/lib/python3.12/site-packages/airflow/example_dags/example_setup_teardown.py
[2026-01-27T23:44:03.628+0000] {processor.py:830} INFO - Processing file /home/airflow/.local/lib/python3.12/site-packages/airflow/example_dags/example_setup_teardown.py for tasks to queue
[2026-01-27T23:44:03.631+0000] {logging_mixin.py:188} INFO - [2026-01-27T23:44:03.630+0000] {dagbag.py:540} INFO - Filling up the DagBag from /home/airflow/.local/lib/python3.12/site-packages/airflow/example_dags/example_setup_teardown.py
[2026-01-27T23:44:03.640+0000] {processor.py:840} INFO - DAG(s) 'example_setup_teardown' retrieved from /home/airflow/.local/lib/python3.12/site-packages/airflow/example_dags/example_setup_teardown.py
[2026-01-27T23:44:03.670+0000] {logging_mixin.py:188} INFO - [2026-01-27T23:44:03.670+0000] {dag.py:3096} INFO - Sync 1 DAGs
[2026-01-27T23:44:03.706+0000] {logging_mixin.py:188} INFO - [2026-01-27T23:44:03.705+0000] {dag.py:3954} INFO - Setting next_dagrun for example_setup_teardown to 2026-01-26 00:00:00+00:00, run_after=2026-01-27 00:00:00+00:00
[2026-01-27T23:44:03.732+0000] {processor.py:183} INFO - Processing /home/airflow/.local/lib/python3.12/site-packages/airflow/example_dags/example_setup_teardown.py took 0.111 seconds
[2026-01-27T23:44:34.110+0000] {processor.py:161} INFO - Started process (PID=921) to work on /home/airflow/.local/lib/python3.12/site-packages/airflow/example_dags/example_setup_teardown.py
[2026-01-27T23:44:34.112+0000] {processor.py:830} INFO - Processing file /home/airflow/.local/lib/python3.12/site-packages/airflow/example_dags/example_setup_teardown.py for tasks to queue
[2026-01-27T23:44:34.115+0000] {logging_mixin.py:188} INFO - [2026-01-27T23:44:34.114+0000] {dagbag.py:540} INFO - Filling up the DagBag from /home/airflow/.local/lib/python3.12/site-packages/airflow/example_dags/example_setup_teardown.py
[2026-01-27T23:44:34.125+0000] {processor.py:840} INFO - DAG(s) 'example_setup_teardown' retrieved from /home/airflow/.local/lib/python3.12/site-packages/airflow/example_dags/example_setup_teardown.py
[2026-01-27T23:44:34.150+0000] {logging_mixin.py:188} INFO - [2026-01-27T23:44:34.150+0000] {dag.py:3096} INFO - Sync 1 DAGs
[2026-01-27T23:44:34.186+0000] {logging_mixin.py:188} INFO - [2026-01-27T23:44:34.185+0000] {dag.py:3954} INFO - Setting next_dagrun for example_setup_teardown to 2026-01-26 00:00:00+00:00, run_after=2026-01-27 00:00:00+00:00
[2026-01-27T23:44:34.210+0000] {processor.py:183} INFO - Processing /home/airflow/.local/lib/python3.12/site-packages/airflow/example_dags/example_setup_teardown.py took 0.107 seconds
[2026-01-27T23:45:04.279+0000] {processor.py:161} INFO - Started process (PID=973) to work on /home/airflow/.local/lib/python3.12/site-packages/airflow/example_dags/example_setup_teardown.py
[2026-01-27T23:45:04.281+0000] {processor.py:830} INFO - Processing file /home/airflow/.local/lib/python3.12/site-packages/airflow/example_dags/example_setup_teardown.py for tasks to queue
[2026-01-27T23:45:04.283+0000] {logging_mixin.py:188} INFO - [2026-01-27T23:45:04.283+0000] {dagbag.py:540} INFO - Filling up the DagBag from /home/airflow/.local/lib/python3.12/site-packages/airflow/example_dags/example_setup_teardown.py
[2026-01-27T23:45:04.289+0000] {processor.py:840} INFO - DAG(s) 'example_setup_teardown' retrieved from /home/airflow/.local/lib/python3.12/site-packages/airflow/example_dags/example_setup_teardown.py
[2026-01-27T23:45:04.311+0000] {logging_mixin.py:188} INFO - [2026-01-27T23:45:04.311+0000] {dag.py:3096} INFO - Sync 1 DAGs
[2026-01-27T23:45:04.332+0000] {logging_mixin.py:188} INFO - [2026-01-27T23:45:04.332+0000] {dag.py:3954} INFO - Setting next_dagrun for example_setup_teardown to 2026-01-26 00:00:00+00:00, run_after=2026-01-27 00:00:00+00:00
[2026-01-27T23:45:04.354+0000] {processor.py:183} INFO - Processing /home/airflow/.local/lib/python3.12/site-packages/airflow/example_dags/example_setup_teardown.py took 0.080 seconds
[2026-01-27T23:45:34.541+0000] {processor.py:161} INFO - Started process (PID=1025) to work on /home/airflow/.local/lib/python3.12/site-packages/airflow/example_dags/example_setup_teardown.py
[2026-01-27T23:45:34.542+0000] {processor.py:830} INFO - Processing file /home/airflow/.local/lib/python3.12/site-packages/airflow/example_dags/example_setup_teardown.py for tasks to queue
[2026-01-27T23:45:34.544+0000] {logging_mixin.py:188} INFO - [2026-01-27T23:45:34.544+0000] {dagbag.py:540} INFO - Filling up the DagBag from /home/airflow/.local/lib/python3.12/site-packages/airflow/example_dags/example_setup_teardown.py
[2026-01-27T23:45:34.551+0000] {processor.py:840} INFO - DAG(s) 'example_setup_teardown' retrieved from /home/airflow/.local/lib/python3.12/site-packages/airflow/example_dags/example_setup_teardown.py
[2026-01-27T23:45:34.572+0000] {logging_mixin.py:188} INFO - [2026-01-27T23:45:34.571+0000] {dag.py:3096} INFO - Sync 1 DAGs
[2026-01-27T23:45:34.597+0000] {logging_mixin.py:188} INFO - [2026-01-27T23:45:34.597+0000] {dag.py:3954} INFO - Setting next_dagrun for example_setup_teardown to 2026-01-26 00:00:00+00:00, run_after=2026-01-27 00:00:00+00:00
[2026-01-27T23:45:34.625+0000] {processor.py:183} INFO - Processing /home/airflow/.local/lib/python3.12/site-packages/airflow/example_dags/example_setup_teardown.py took 0.089 seconds
[2026-01-27T23:46:05.346+0000] {processor.py:161} INFO - Started process (PID=1077) to work on /home/airflow/.local/lib/python3.12/site-packages/airflow/example_dags/example_setup_teardown.py
[2026-01-27T23:46:05.347+0000] {processor.py:830} INFO - Processing file /home/airflow/.local/lib/python3.12/site-packages/airflow/example_dags/example_setup_teardown.py for tasks to queue
[2026-01-27T23:46:05.349+0000] {logging_mixin.py:188} INFO - [2026-01-27T23:46:05.349+0000] {dagbag.py:540} INFO - Filling up the DagBag from /home/airflow/.local/lib/python3.12/site-packages/airflow/example_dags/example_setup_teardown.py
[2026-01-27T23:46:05.357+0000] {processor.py:840} INFO - DAG(s) 'example_setup_teardown' retrieved from /home/airflow/.local/lib/python3.12/site-packages/airflow/example_dags/example_setup_teardown.py
[2026-01-27T23:46:05.379+0000] {logging_mixin.py:188} INFO - [2026-01-27T23:46:05.379+0000] {dag.py:3096} INFO - Sync 1 DAGs
[2026-01-27T23:46:05.401+0000] {logging_mixin.py:188} INFO - [2026-01-27T23:46:05.401+0000] {dag.py:3954} INFO - Setting next_dagrun for example_setup_teardown to 2026-01-26 00:00:00+00:00, run_after=2026-01-27 00:00:00+00:00
[2026-01-27T23:46:05.582+0000] {processor.py:183} INFO - Processing /home/airflow/.local/lib/python3.12/site-packages/airflow/example_dags/example_setup_teardown.py took 0.242 seconds
[2026-01-27T23:46:35.889+0000] {processor.py:161} INFO - Started process (PID=1129) to work on /home/airflow/.local/lib/python3.12/site-packages/airflow/example_dags/example_setup_teardown.py
[2026-01-27T23:46:35.890+0000] {processor.py:830} INFO - Processing file /home/airflow/.local/lib/python3.12/site-packages/airflow/example_dags/example_setup_teardown.py for tasks to queue
[2026-01-27T23:46:35.892+0000] {logging_mixin.py:188} INFO - [2026-01-27T23:46:35.891+0000] {dagbag.py:540} INFO - Filling up the DagBag from /home/airflow/.local/lib/python3.12/site-packages/airflow/example_dags/example_setup_teardown.py
[2026-01-27T23:46:35.898+0000] {processor.py:840} INFO - DAG(s) 'example_setup_teardown' retrieved from /home/airflow/.local/lib/python3.12/site-packages/airflow/example_dags/example_setup_teardown.py
[2026-01-27T23:46:35.920+0000] {logging_mixin.py:188} INFO - [2026-01-27T23:46:35.920+0000] {dag.py:3096} INFO - Sync 1 DAGs
[2026-01-27T23:46:35.940+0000] {logging_mixin.py:188} INFO - [2026-01-27T23:46:35.940+0000] {dag.py:3954} INFO - Setting next_dagrun for example_setup_teardown to 2026-01-26 00:00:00+00:00, run_after=2026-01-27 00:00:00+00:00
[2026-01-27T23:46:35.974+0000] {processor.py:183} INFO - Processing /home/airflow/.local/lib/python3.12/site-packages/airflow/example_dags/example_setup_teardown.py took 0.091 seconds
[2026-01-27T23:47:06.152+0000] {processor.py:161} INFO - Started process (PID=1179) to work on /home/airflow/.local/lib/python3.12/site-packages/airflow/example_dags/example_setup_teardown.py
[2026-01-27T23:47:06.153+0000] {processor.py:830} INFO - Processing file /home/airflow/.local/lib/python3.12/site-packages/airflow/example_dags/example_setup_teardown.py for tasks to queue
[2026-01-27T23:47:06.156+0000] {logging_mixin.py:188} INFO - [2026-01-27T23:47:06.155+0000] {dagbag.py:540} INFO - Filling up the DagBag from /home/airflow/.local/lib/python3.12/site-packages/airflow/example_dags/example_setup_teardown.py
[2026-01-27T23:47:06.165+0000] {processor.py:840} INFO - DAG(s) 'example_setup_teardown' retrieved from /home/airflow/.local/lib/python3.12/site-packages/airflow/example_dags/example_setup_teardown.py
[2026-01-27T23:47:06.191+0000] {logging_mixin.py:188} INFO - [2026-01-27T23:47:06.191+0000] {dag.py:3096} INFO - Sync 1 DAGs
[2026-01-27T23:47:06.221+0000] {logging_mixin.py:188} INFO - [2026-01-27T23:47:06.220+0000] {dag.py:3954} INFO - Setting next_dagrun for example_setup_teardown to 2026-01-26 00:00:00+00:00, run_after=2026-01-27 00:00:00+00:00
[2026-01-27T23:47:06.246+0000] {processor.py:183} INFO - Processing /home/airflow/.local/lib/python3.12/site-packages/airflow/example_dags/example_setup_teardown.py took 0.100 seconds
[2026-01-27T23:47:36.621+0000] {processor.py:161} INFO - Started process (PID=1231) to work on /home/airflow/.local/lib/python3.12/site-packages/airflow/example_dags/example_setup_teardown.py
[2026-01-27T23:47:36.622+0000] {processor.py:830} INFO - Processing file /home/airflow/.local/lib/python3.12/site-packages/airflow/example_dags/example_setup_teardown.py for tasks to queue
[2026-01-27T23:47:36.624+0000] {logging_mixin.py:188} INFO - [2026-01-27T23:47:36.624+0000] {dagbag.py:540} INFO - Filling up the DagBag from /home/airflow/.local/lib/python3.12/site-packages/airflow/example_dags/example_setup_teardown.py
[2026-01-27T23:47:36.630+0000] {processor.py:840} INFO - DAG(s) 'example_setup_teardown' retrieved from /home/airflow/.local/lib/python3.12/site-packages/airflow/example_dags/example_setup_teardown.py
[2026-01-27T23:47:36.782+0000] {logging_mixin.py:188} INFO - [2026-01-27T23:47:36.781+0000] {dag.py:3096} INFO - Sync 1 DAGs
[2026-01-27T23:47:36.800+0000] {logging_mixin.py:188} INFO - [2026-01-27T23:47:36.800+0000] {dag.py:3954} INFO - Setting next_dagrun for example_setup_teardown to 2026-01-26 00:00:00+00:00, run_after=2026-01-27 00:00:00+00:00
[2026-01-27T23:47:36.821+0000] {processor.py:183} INFO - Processing /home/airflow/.local/lib/python3.12/site-packages/airflow/example_dags/example_setup_teardown.py took 0.205 seconds
[2026-01-27T23:48:07.049+0000] {processor.py:161} INFO - Started process (PID=1283) to work on /home/airflow/.local/lib/python3.12/site-packages/airflow/example_dags/example_setup_teardown.py
[2026-01-27T23:48:07.050+0000] {processor.py:830} INFO - Processing file /home/airflow/.local/lib/python3.12/site-packages/airflow/example_dags/example_setup_teardown.py for tasks to queue
[2026-01-27T23:48:07.052+0000] {logging_mixin.py:188} INFO - [2026-01-27T23:48:07.052+0000] {dagbag.py:540} INFO - Filling up the DagBag from /home/airflow/.local/lib/python3.12/site-packages/airflow/example_dags/example_setup_teardown.py
[2026-01-27T23:48:07.058+0000] {processor.py:840} INFO - DAG(s) 'example_setup_teardown' retrieved from /home/airflow/.local/lib/python3.12/site-packages/airflow/example_dags/example_setup_teardown.py
[2026-01-27T23:48:07.078+0000] {logging_mixin.py:188} INFO - [2026-01-27T23:48:07.078+0000] {dag.py:3096} INFO - Sync 1 DAGs
[2026-01-27T23:48:07.099+0000] {logging_mixin.py:188} INFO - [2026-01-27T23:48:07.098+0000] {dag.py:3954} INFO - Setting next_dagrun for example_setup_teardown to 2026-01-26 00:00:00+00:00, run_after=2026-01-27 00:00:00+00:00
[2026-01-27T23:48:07.119+0000] {processor.py:183} INFO - Processing /home/airflow/.local/lib/python3.12/site-packages/airflow/example_dags/example_setup_teardown.py took 0.075 seconds
[2026-01-27T23:48:37.271+0000] {processor.py:161} INFO - Started process (PID=1335) to work on /home/airflow/.local/lib/python3.12/site-packages/airflow/example_dags/example_setup_teardown.py
[2026-01-27T23:48:37.272+0000] {processor.py:830} INFO - Processing file /home/airflow/.local/lib/python3.12/site-packages/airflow/example_dags/example_setup_teardown.py for tasks to queue
[2026-01-27T23:48:37.274+0000] {logging_mixin.py:188} INFO - [2026-01-27T23:48:37.273+0000] {dagbag.py:540} INFO - Filling up the DagBag from /home/airflow/.local/lib/python3.12/site-packages/airflow/example_dags/example_setup_teardown.py
[2026-01-27T23:48:37.282+0000] {processor.py:840} INFO - DAG(s) 'example_setup_teardown' retrieved from /home/airflow/.local/lib/python3.12/site-packages/airflow/example_dags/example_setup_teardown.py
[2026-01-27T23:48:37.304+0000] {logging_mixin.py:188} INFO - [2026-01-27T23:48:37.304+0000] {dag.py:3096} INFO - Sync 1 DAGs
[2026-01-27T23:48:37.324+0000] {logging_mixin.py:188} INFO - [2026-01-27T23:48:37.324+0000] {dag.py:3954} INFO - Setting next_dagrun for example_setup_teardown to 2026-01-26 00:00:00+00:00, run_after=2026-01-27 00:00:00+00:00
[2026-01-27T23:48:37.355+0000] {processor.py:183} INFO - Processing /home/airflow/.local/lib/python3.12/site-packages/airflow/example_dags/example_setup_teardown.py took 0.091 seconds
[2026-01-27T23:49:07.411+0000] {processor.py:161} INFO - Started process (PID=1387) to work on /home/airflow/.local/lib/python3.12/site-packages/airflow/example_dags/example_setup_teardown.py
[2026-01-27T23:49:07.412+0000] {processor.py:830} INFO - Processing file /home/airflow/.local/lib/python3.12/site-packages/airflow/example_dags/example_setup_teardown.py for tasks to queue
[2026-01-27T23:49:07.414+0000] {logging_mixin.py:188} INFO - [2026-01-27T23:49:07.414+0000] {dagbag.py:540} INFO - Filling up the DagBag from /home/airflow/.local/lib/python3.12/site-packages/airflow/example_dags/example_setup_teardown.py
[2026-01-27T23:49:07.421+0000] {processor.py:840} INFO - DAG(s) 'example_setup_teardown' retrieved from /home/airflow/.local/lib/python3.12/site-packages/airflow/example_dags/example_setup_teardown.py
[2026-01-27T23:49:07.444+0000] {logging_mixin.py:188} INFO - [2026-01-27T23:49:07.444+0000] {dag.py:3096} INFO - Sync 1 DAGs
[2026-01-27T23:49:07.465+0000] {logging_mixin.py:188} INFO - [2026-01-27T23:49:07.464+0000] {dag.py:3954} INFO - Setting next_dagrun for example_setup_teardown to 2026-01-26 00:00:00+00:00, run_after=2026-01-27 00:00:00+00:00
[2026-01-27T23:49:07.484+0000] {processor.py:183} INFO - Processing /home/airflow/.local/lib/python3.12/site-packages/airflow/example_dags/example_setup_teardown.py took 0.078 seconds
[2026-01-27T23:49:37.753+0000] {processor.py:161} INFO - Started process (PID=1439) to work on /home/airflow/.local/lib/python3.12/site-packages/airflow/example_dags/example_setup_teardown.py
[2026-01-27T23:49:37.754+0000] {processor.py:830} INFO - Processing file /home/airflow/.local/lib/python3.12/site-packages/airflow/example_dags/example_setup_teardown.py for tasks to queue
[2026-01-27T23:49:37.756+0000] {logging_mixin.py:188} INFO - [2026-01-27T23:49:37.756+0000] {dagbag.py:540} INFO - Filling up the DagBag from /home/airflow/.local/lib/python3.12/site-packages/airflow/example_dags/example_setup_teardown.py
[2026-01-27T23:49:37.763+0000] {processor.py:840} INFO - DAG(s) 'example_setup_teardown' retrieved from /home/airflow/.local/lib/python3.12/site-packages/airflow/example_dags/example_setup_teardown.py
[2026-01-27T23:49:37.781+0000] {logging_mixin.py:188} INFO - [2026-01-27T23:49:37.781+0000] {dag.py:3096} INFO - Sync 1 DAGs
[2026-01-27T23:49:37.800+0000] {logging_mixin.py:188} INFO - [2026-01-27T23:49:37.799+0000] {dag.py:3954} INFO - Setting next_dagrun for example_setup_teardown to 2026-01-26 00:00:00+00:00, run_after=2026-01-27 00:00:00+00:00
[2026-01-27T23:49:37.818+0000] {processor.py:183} INFO - Processing /home/airflow/.local/lib/python3.12/site-packages/airflow/example_dags/example_setup_teardown.py took 0.071 seconds
[2026-01-27T23:50:08.191+0000] {processor.py:161} INFO - Started process (PID=1491) to work on /home/airflow/.local/lib/python3.12/site-packages/airflow/example_dags/example_setup_teardown.py
[2026-01-27T23:50:08.192+0000] {processor.py:830} INFO - Processing file /home/airflow/.local/lib/python3.12/site-packages/airflow/example_dags/example_setup_teardown.py for tasks to queue
[2026-01-27T23:50:08.195+0000] {logging_mixin.py:188} INFO - [2026-01-27T23:50:08.195+0000] {dagbag.py:540} INFO - Filling up the DagBag from /home/airflow/.local/lib/python3.12/site-packages/airflow/example_dags/example_setup_teardown.py
[2026-01-27T23:50:08.204+0000] {processor.py:840} INFO - DAG(s) 'example_setup_teardown' retrieved from /home/airflow/.local/lib/python3.12/site-packages/airflow/example_dags/example_setup_teardown.py
[2026-01-27T23:50:08.227+0000] {logging_mixin.py:188} INFO - [2026-01-27T23:50:08.227+0000] {dag.py:3096} INFO - Sync 1 DAGs
[2026-01-27T23:50:08.250+0000] {logging_mixin.py:188} INFO - [2026-01-27T23:50:08.250+0000] {dag.py:3954} INFO - Setting next_dagrun for example_setup_teardown to 2026-01-26 00:00:00+00:00, run_after=2026-01-27 00:00:00+00:00
[2026-01-27T23:50:08.273+0000] {processor.py:183} INFO - Processing /home/airflow/.local/lib/python3.12/site-packages/airflow/example_dags/example_setup_teardown.py took 0.089 seconds
[2026-01-27T23:50:38.321+0000] {processor.py:161} INFO - Started process (PID=1543) to work on /home/airflow/.local/lib/python3.12/site-packages/airflow/example_dags/example_setup_teardown.py
[2026-01-27T23:50:38.323+0000] {processor.py:830} INFO - Processing file /home/airflow/.local/lib/python3.12/site-packages/airflow/example_dags/example_setup_teardown.py for tasks to queue
[2026-01-27T23:50:38.325+0000] {logging_mixin.py:188} INFO - [2026-01-27T23:50:38.325+0000] {dagbag.py:540} INFO - Filling up the DagBag from /home/airflow/.local/lib/python3.12/site-packages/airflow/example_dags/example_setup_teardown.py
[2026-01-27T23:50:38.332+0000] {processor.py:840} INFO - DAG(s) 'example_setup_teardown' retrieved from /home/airflow/.local/lib/python3.12/site-packages/airflow/example_dags/example_setup_teardown.py
[2026-01-27T23:50:38.351+0000] {logging_mixin.py:188} INFO - [2026-01-27T23:50:38.351+0000] {dag.py:3096} INFO - Sync 1 DAGs
[2026-01-27T23:50:38.371+0000] {logging_mixin.py:188} INFO - [2026-01-27T23:50:38.371+0000] {dag.py:3954} INFO - Setting next_dagrun for example_setup_teardown to 2026-01-26 00:00:00+00:00, run_after=2026-01-27 00:00:00+00:00
[2026-01-27T23:50:38.390+0000] {processor.py:183} INFO - Processing /home/airflow/.local/lib/python3.12/site-packages/airflow/example_dags/example_setup_teardown.py took 0.075 seconds
[2026-01-27T23:51:08.907+0000] {processor.py:161} INFO - Started process (PID=1595) to work on /home/airflow/.local/lib/python3.12/site-packages/airflow/example_dags/example_setup_teardown.py
[2026-01-27T23:51:08.909+0000] {processor.py:830} INFO - Processing file /home/airflow/.local/lib/python3.12/site-packages/airflow/example_dags/example_setup_teardown.py for tasks to queue
[2026-01-27T23:51:08.913+0000] {logging_mixin.py:188} INFO - [2026-01-27T23:51:08.912+0000] {dagbag.py:540} INFO - Filling up the DagBag from /home/airflow/.local/lib/python3.12/site-packages/airflow/example_dags/example_setup_teardown.py
[2026-01-27T23:51:08.923+0000] {processor.py:840} INFO - DAG(s) 'example_setup_teardown' retrieved from /home/airflow/.local/lib/python3.12/site-packages/airflow/example_dags/example_setup_teardown.py
[2026-01-27T23:51:08.952+0000] {logging_mixin.py:188} INFO - [2026-01-27T23:51:08.951+0000] {dag.py:3096} INFO - Sync 1 DAGs
[2026-01-27T23:51:08.985+0000] {logging_mixin.py:188} INFO - [2026-01-27T23:51:08.985+0000] {dag.py:3954} INFO - Setting next_dagrun for example_setup_teardown to 2026-01-26 00:00:00+00:00, run_after=2026-01-27 00:00:00+00:00
[2026-01-27T23:51:09.011+0000] {processor.py:183} INFO - Processing /home/airflow/.local/lib/python3.12/site-packages/airflow/example_dags/example_setup_teardown.py took 0.112 seconds
[2026-01-27T23:51:39.353+0000] {processor.py:161} INFO - Started process (PID=1647) to work on /home/airflow/.local/lib/python3.12/site-packages/airflow/example_dags/example_setup_teardown.py
[2026-01-27T23:51:39.354+0000] {processor.py:830} INFO - Processing file /home/airflow/.local/lib/python3.12/site-packages/airflow/example_dags/example_setup_teardown.py for tasks to queue
[2026-01-27T23:51:39.356+0000] {logging_mixin.py:188} INFO - [2026-01-27T23:51:39.356+0000] {dagbag.py:540} INFO - Filling up the DagBag from /home/airflow/.local/lib/python3.12/site-packages/airflow/example_dags/example_setup_teardown.py
[2026-01-27T23:51:39.362+0000] {processor.py:840} INFO - DAG(s) 'example_setup_teardown' retrieved from /home/airflow/.local/lib/python3.12/site-packages/airflow/example_dags/example_setup_teardown.py
[2026-01-27T23:51:39.382+0000] {logging_mixin.py:188} INFO - [2026-01-27T23:51:39.382+0000] {dag.py:3096} INFO - Sync 1 DAGs
[2026-01-27T23:51:39.402+0000] {logging_mixin.py:188} INFO - [2026-01-27T23:51:39.402+0000] {dag.py:3954} INFO - Setting next_dagrun for example_setup_teardown to 2026-01-26 00:00:00+00:00, run_after=2026-01-27 00:00:00+00:00
[2026-01-27T23:51:39.421+0000] {processor.py:183} INFO - Processing /home/airflow/.local/lib/python3.12/site-packages/airflow/example_dags/example_setup_teardown.py took 0.074 seconds
[2026-01-27T23:52:09.752+0000] {processor.py:161} INFO - Started process (PID=1699) to work on /home/airflow/.local/lib/python3.12/site-packages/airflow/example_dags/example_setup_teardown.py
[2026-01-27T23:52:09.754+0000] {processor.py:830} INFO - Processing file /home/airflow/.local/lib/python3.12/site-packages/airflow/example_dags/example_setup_teardown.py for tasks to queue
[2026-01-27T23:52:09.756+0000] {logging_mixin.py:188} INFO - [2026-01-27T23:52:09.756+0000] {dagbag.py:540} INFO - Filling up the DagBag from /home/airflow/.local/lib/python3.12/site-packages/airflow/example_dags/example_setup_teardown.py
[2026-01-27T23:52:09.763+0000] {processor.py:840} INFO - DAG(s) 'example_setup_teardown' retrieved from /home/airflow/.local/lib/python3.12/site-packages/airflow/example_dags/example_setup_teardown.py
[2026-01-27T23:52:09.785+0000] {logging_mixin.py:188} INFO - [2026-01-27T23:52:09.784+0000] {dag.py:3096} INFO - Sync 1 DAGs
[2026-01-27T23:52:09.806+0000] {logging_mixin.py:188} INFO - [2026-01-27T23:52:09.806+0000] {dag.py:3954} INFO - Setting next_dagrun for example_setup_teardown to 2026-01-26 00:00:00+00:00, run_after=2026-01-27 00:00:00+00:00
[2026-01-27T23:52:09.828+0000] {processor.py:183} INFO - Processing /home/airflow/.local/lib/python3.12/site-packages/airflow/example_dags/example_setup_teardown.py took 0.082 seconds
[2026-01-27T23:52:39.903+0000] {processor.py:161} INFO - Started process (PID=1751) to work on /home/airflow/.local/lib/python3.12/site-packages/airflow/example_dags/example_setup_teardown.py
[2026-01-27T23:52:39.904+0000] {processor.py:830} INFO - Processing file /home/airflow/.local/lib/python3.12/site-packages/airflow/example_dags/example_setup_teardown.py for tasks to queue
[2026-01-27T23:52:39.906+0000] {logging_mixin.py:188} INFO - [2026-01-27T23:52:39.905+0000] {dagbag.py:540} INFO - Filling up the DagBag from /home/airflow/.local/lib/python3.12/site-packages/airflow/example_dags/example_setup_teardown.py
[2026-01-27T23:52:39.912+0000] {processor.py:840} INFO - DAG(s) 'example_setup_teardown' retrieved from /home/airflow/.local/lib/python3.12/site-packages/airflow/example_dags/example_setup_teardown.py
[2026-01-27T23:52:39.932+0000] {logging_mixin.py:188} INFO - [2026-01-27T23:52:39.931+0000] {dag.py:3096} INFO - Sync 1 DAGs
[2026-01-27T23:52:39.950+0000] {logging_mixin.py:188} INFO - [2026-01-27T23:52:39.950+0000] {dag.py:3954} INFO - Setting next_dagrun for example_setup_teardown to 2026-01-26 00:00:00+00:00, run_after=2026-01-27 00:00:00+00:00
[2026-01-27T23:52:39.970+0000] {processor.py:183} INFO - Processing /home/airflow/.local/lib/python3.12/site-packages/airflow/example_dags/example_setup_teardown.py took 0.073 seconds
[2026-01-27T23:53:10.092+0000] {processor.py:161} INFO - Started process (PID=1803) to work on /home/airflow/.local/lib/python3.12/site-packages/airflow/example_dags/example_setup_teardown.py
[2026-01-27T23:53:10.093+0000] {processor.py:830} INFO - Processing file /home/airflow/.local/lib/python3.12/site-packages/airflow/example_dags/example_setup_teardown.py for tasks to queue
[2026-01-27T23:53:10.095+0000] {logging_mixin.py:188} INFO - [2026-01-27T23:53:10.094+0000] {dagbag.py:540} INFO - Filling up the DagBag from /home/airflow/.local/lib/python3.12/site-packages/airflow/example_dags/example_setup_teardown.py
[2026-01-27T23:53:10.101+0000] {processor.py:840} INFO - DAG(s) 'example_setup_teardown' retrieved from /home/airflow/.local/lib/python3.12/site-packages/airflow/example_dags/example_setup_teardown.py
[2026-01-27T23:53:10.121+0000] {logging_mixin.py:188} INFO - [2026-01-27T23:53:10.120+0000] {dag.py:3096} INFO - Sync 1 DAGs
[2026-01-27T23:53:10.143+0000] {logging_mixin.py:188} INFO - [2026-01-27T23:53:10.143+0000] {dag.py:3954} INFO - Setting next_dagrun for example_setup_teardown to 2026-01-26 00:00:00+00:00, run_after=2026-01-27 00:00:00+00:00
[2026-01-27T23:53:10.164+0000] {processor.py:183} INFO - Processing /home/airflow/.local/lib/python3.12/site-packages/airflow/example_dags/example_setup_teardown.py took 0.077 seconds
[2026-01-27T23:53:40.378+0000] {processor.py:161} INFO - Started process (PID=1855) to work on /home/airflow/.local/lib/python3.12/site-packages/airflow/example_dags/example_setup_teardown.py
[2026-01-27T23:53:40.379+0000] {processor.py:830} INFO - Processing file /home/airflow/.local/lib/python3.12/site-packages/airflow/example_dags/example_setup_teardown.py for tasks to queue
[2026-01-27T23:53:40.381+0000] {logging_mixin.py:188} INFO - [2026-01-27T23:53:40.381+0000] {dagbag.py:540} INFO - Filling up the DagBag from /home/airflow/.local/lib/python3.12/site-packages/airflow/example_dags/example_setup_teardown.py
[2026-01-27T23:53:40.388+0000] {processor.py:840} INFO - DAG(s) 'example_setup_teardown' retrieved from /home/airflow/.local/lib/python3.12/site-packages/airflow/example_dags/example_setup_teardown.py
[2026-01-27T23:53:40.409+0000] {logging_mixin.py:188} INFO - [2026-01-27T23:53:40.409+0000] {dag.py:3096} INFO - Sync 1 DAGs
[2026-01-27T23:53:40.431+0000] {logging_mixin.py:188} INFO - [2026-01-27T23:53:40.430+0000] {dag.py:3954} INFO - Setting next_dagrun for example_setup_teardown to 2026-01-26 00:00:00+00:00, run_after=2026-01-27 00:00:00+00:00
[2026-01-27T23:53:40.450+0000] {processor.py:183} INFO - Processing /home/airflow/.local/lib/python3.12/site-packages/airflow/example_dags/example_setup_teardown.py took 0.078 seconds
[2026-01-27T23:54:10.883+0000] {processor.py:161} INFO - Started process (PID=1907) to work on /home/airflow/.local/lib/python3.12/site-packages/airflow/example_dags/example_setup_teardown.py
[2026-01-27T23:54:10.885+0000] {processor.py:830} INFO - Processing file /home/airflow/.local/lib/python3.12/site-packages/airflow/example_dags/example_setup_teardown.py for tasks to queue
[2026-01-27T23:54:10.887+0000] {logging_mixin.py:188} INFO - [2026-01-27T23:54:10.887+0000] {dagbag.py:540} INFO - Filling up the DagBag from /home/airflow/.local/lib/python3.12/site-packages/airflow/example_dags/example_setup_teardown.py
[2026-01-27T23:54:10.894+0000] {processor.py:840} INFO - DAG(s) 'example_setup_teardown' retrieved from /home/airflow/.local/lib/python3.12/site-packages/airflow/example_dags/example_setup_teardown.py
[2026-01-27T23:54:10.916+0000] {logging_mixin.py:188} INFO - [2026-01-27T23:54:10.915+0000] {dag.py:3096} INFO - Sync 1 DAGs
[2026-01-27T23:54:10.940+0000] {logging_mixin.py:188} INFO - [2026-01-27T23:54:10.940+0000] {dag.py:3954} INFO - Setting next_dagrun for example_setup_teardown to 2026-01-26 00:00:00+00:00, run_after=2026-01-27 00:00:00+00:00
[2026-01-27T23:54:10.959+0000] {processor.py:183} INFO - Processing /home/airflow/.local/lib/python3.12/site-packages/airflow/example_dags/example_setup_teardown.py took 0.082 seconds
[2026-01-27T23:54:41.901+0000] {processor.py:161} INFO - Started process (PID=1959) to work on /home/airflow/.local/lib/python3.12/site-packages/airflow/example_dags/example_setup_teardown.py
[2026-01-27T23:54:41.902+0000] {processor.py:830} INFO - Processing file /home/airflow/.local/lib/python3.12/site-packages/airflow/example_dags/example_setup_teardown.py for tasks to queue
[2026-01-27T23:54:41.904+0000] {logging_mixin.py:188} INFO - [2026-01-27T23:54:41.904+0000] {dagbag.py:540} INFO - Filling up the DagBag from /home/airflow/.local/lib/python3.12/site-packages/airflow/example_dags/example_setup_teardown.py
[2026-01-27T23:54:41.912+0000] {processor.py:840} INFO - DAG(s) 'example_setup_teardown' retrieved from /home/airflow/.local/lib/python3.12/site-packages/airflow/example_dags/example_setup_teardown.py
[2026-01-27T23:54:41.934+0000] {logging_mixin.py:188} INFO - [2026-01-27T23:54:41.934+0000] {dag.py:3096} INFO - Sync 1 DAGs
[2026-01-27T23:54:41.957+0000] {logging_mixin.py:188} INFO - [2026-01-27T23:54:41.957+0000] {dag.py:3954} INFO - Setting next_dagrun for example_setup_teardown to 2026-01-26 00:00:00+00:00, run_after=2026-01-27 00:00:00+00:00
[2026-01-27T23:54:41.979+0000] {processor.py:183} INFO - Processing /home/airflow/.local/lib/python3.12/site-packages/airflow/example_dags/example_setup_teardown.py took 0.085 seconds
[2026-01-27T23:55:12.728+0000] {processor.py:161} INFO - Started process (PID=2011) to work on /home/airflow/.local/lib/python3.12/site-packages/airflow/example_dags/example_setup_teardown.py
[2026-01-27T23:55:12.729+0000] {processor.py:830} INFO - Processing file /home/airflow/.local/lib/python3.12/site-packages/airflow/example_dags/example_setup_teardown.py for tasks to queue
[2026-01-27T23:55:12.731+0000] {logging_mixin.py:188} INFO - [2026-01-27T23:55:12.731+0000] {dagbag.py:540} INFO - Filling up the DagBag from /home/airflow/.local/lib/python3.12/site-packages/airflow/example_dags/example_setup_teardown.py
[2026-01-27T23:55:12.738+0000] {processor.py:840} INFO - DAG(s) 'example_setup_teardown' retrieved from /home/airflow/.local/lib/python3.12/site-packages/airflow/example_dags/example_setup_teardown.py
[2026-01-27T23:55:12.758+0000] {logging_mixin.py:188} INFO - [2026-01-27T23:55:12.758+0000] {dag.py:3096} INFO - Sync 1 DAGs
[2026-01-27T23:55:12.778+0000] {logging_mixin.py:188} INFO - [2026-01-27T23:55:12.778+0000] {dag.py:3954} INFO - Setting next_dagrun for example_setup_teardown to 2026-01-26 00:00:00+00:00, run_after=2026-01-27 00:00:00+00:00
[2026-01-27T23:55:12.809+0000] {processor.py:183} INFO - Processing /home/airflow/.local/lib/python3.12/site-packages/airflow/example_dags/example_setup_teardown.py took 0.086 seconds
[2026-01-27T23:55:43.674+0000] {processor.py:161} INFO - Started process (PID=2063) to work on /home/airflow/.local/lib/python3.12/site-packages/airflow/example_dags/example_setup_teardown.py
[2026-01-27T23:55:43.676+0000] {processor.py:830} INFO - Processing file /home/airflow/.local/lib/python3.12/site-packages/airflow/example_dags/example_setup_teardown.py for tasks to queue
[2026-01-27T23:55:43.678+0000] {logging_mixin.py:188} INFO - [2026-01-27T23:55:43.678+0000] {dagbag.py:540} INFO - Filling up the DagBag from /home/airflow/.local/lib/python3.12/site-packages/airflow/example_dags/example_setup_teardown.py
[2026-01-27T23:55:43.684+0000] {processor.py:840} INFO - DAG(s) 'example_setup_teardown' retrieved from /home/airflow/.local/lib/python3.12/site-packages/airflow/example_dags/example_setup_teardown.py
[2026-01-27T23:55:43.704+0000] {logging_mixin.py:188} INFO - [2026-01-27T23:55:43.704+0000] {dag.py:3096} INFO - Sync 1 DAGs
[2026-01-27T23:55:43.726+0000] {logging_mixin.py:188} INFO - [2026-01-27T23:55:43.725+0000] {dag.py:3954} INFO - Setting next_dagrun for example_setup_teardown to 2026-01-26 00:00:00+00:00, run_after=2026-01-27 00:00:00+00:00
[2026-01-27T23:55:43.748+0000] {processor.py:183} INFO - Processing /home/airflow/.local/lib/python3.12/site-packages/airflow/example_dags/example_setup_teardown.py took 0.080 seconds
[2026-01-27T23:56:14.036+0000] {processor.py:161} INFO - Started process (PID=2115) to work on /home/airflow/.local/lib/python3.12/site-packages/airflow/example_dags/example_setup_teardown.py
[2026-01-27T23:56:14.037+0000] {processor.py:830} INFO - Processing file /home/airflow/.local/lib/python3.12/site-packages/airflow/example_dags/example_setup_teardown.py for tasks to queue
[2026-01-27T23:56:14.040+0000] {logging_mixin.py:188} INFO - [2026-01-27T23:56:14.039+0000] {dagbag.py:540} INFO - Filling up the DagBag from /home/airflow/.local/lib/python3.12/site-packages/airflow/example_dags/example_setup_teardown.py
[2026-01-27T23:56:14.051+0000] {processor.py:840} INFO - DAG(s) 'example_setup_teardown' retrieved from /home/airflow/.local/lib/python3.12/site-packages/airflow/example_dags/example_setup_teardown.py
[2026-01-27T23:56:14.081+0000] {logging_mixin.py:188} INFO - [2026-01-27T23:56:14.081+0000] {dag.py:3096} INFO - Sync 1 DAGs
[2026-01-27T23:56:14.113+0000] {logging_mixin.py:188} INFO - [2026-01-27T23:56:14.112+0000] {dag.py:3954} INFO - Setting next_dagrun for example_setup_teardown to 2026-01-26 00:00:00+00:00, run_after=2026-01-27 00:00:00+00:00
[2026-01-27T23:56:14.140+0000] {processor.py:183} INFO - Processing /home/airflow/.local/lib/python3.12/site-packages/airflow/example_dags/example_setup_teardown.py took 0.112 seconds
[2026-01-27T23:56:44.288+0000] {processor.py:161} INFO - Started process (PID=2167) to work on /home/airflow/.local/lib/python3.12/site-packages/airflow/example_dags/example_setup_teardown.py
[2026-01-27T23:56:44.290+0000] {processor.py:830} INFO - Processing file /home/airflow/.local/lib/python3.12/site-packages/airflow/example_dags/example_setup_teardown.py for tasks to queue
[2026-01-27T23:56:44.293+0000] {logging_mixin.py:188} INFO - [2026-01-27T23:56:44.292+0000] {dagbag.py:540} INFO - Filling up the DagBag from /home/airflow/.local/lib/python3.12/site-packages/airflow/example_dags/example_setup_teardown.py
[2026-01-27T23:56:44.307+0000] {processor.py:840} INFO - DAG(s) 'example_setup_teardown' retrieved from /home/airflow/.local/lib/python3.12/site-packages/airflow/example_dags/example_setup_teardown.py
[2026-01-27T23:56:44.353+0000] {logging_mixin.py:188} INFO - [2026-01-27T23:56:44.352+0000] {dag.py:3096} INFO - Sync 1 DAGs
[2026-01-27T23:56:44.401+0000] {logging_mixin.py:188} INFO - [2026-01-27T23:56:44.400+0000] {dag.py:3954} INFO - Setting next_dagrun for example_setup_teardown to 2026-01-26 00:00:00+00:00, run_after=2026-01-27 00:00:00+00:00
[2026-01-27T23:56:44.431+0000] {processor.py:183} INFO - Processing /home/airflow/.local/lib/python3.12/site-packages/airflow/example_dags/example_setup_teardown.py took 0.152 seconds
[2026-01-27T23:57:15.156+0000] {processor.py:161} INFO - Started process (PID=2219) to work on /home/airflow/.local/lib/python3.12/site-packages/airflow/example_dags/example_setup_teardown.py
[2026-01-27T23:57:15.157+0000] {processor.py:830} INFO - Processing file /home/airflow/.local/lib/python3.12/site-packages/airflow/example_dags/example_setup_teardown.py for tasks to queue
[2026-01-27T23:57:15.160+0000] {logging_mixin.py:188} INFO - [2026-01-27T23:57:15.159+0000] {dagbag.py:540} INFO - Filling up the DagBag from /home/airflow/.local/lib/python3.12/site-packages/airflow/example_dags/example_setup_teardown.py
[2026-01-27T23:57:15.174+0000] {processor.py:840} INFO - DAG(s) 'example_setup_teardown' retrieved from /home/airflow/.local/lib/python3.12/site-packages/airflow/example_dags/example_setup_teardown.py
[2026-01-27T23:57:15.201+0000] {logging_mixin.py:188} INFO - [2026-01-27T23:57:15.200+0000] {dag.py:3096} INFO - Sync 1 DAGs
[2026-01-27T23:57:15.228+0000] {logging_mixin.py:188} INFO - [2026-01-27T23:57:15.228+0000] {dag.py:3954} INFO - Setting next_dagrun for example_setup_teardown to 2026-01-26 00:00:00+00:00, run_after=2026-01-27 00:00:00+00:00
[2026-01-27T23:57:15.254+0000] {processor.py:183} INFO - Processing /home/airflow/.local/lib/python3.12/site-packages/airflow/example_dags/example_setup_teardown.py took 0.106 seconds
[2026-01-27T23:57:46.138+0000] {processor.py:161} INFO - Started process (PID=2271) to work on /home/airflow/.local/lib/python3.12/site-packages/airflow/example_dags/example_setup_teardown.py
[2026-01-27T23:57:46.139+0000] {processor.py:830} INFO - Processing file /home/airflow/.local/lib/python3.12/site-packages/airflow/example_dags/example_setup_teardown.py for tasks to queue
[2026-01-27T23:57:46.141+0000] {logging_mixin.py:188} INFO - [2026-01-27T23:57:46.141+0000] {dagbag.py:540} INFO - Filling up the DagBag from /home/airflow/.local/lib/python3.12/site-packages/airflow/example_dags/example_setup_teardown.py
[2026-01-27T23:57:46.147+0000] {processor.py:840} INFO - DAG(s) 'example_setup_teardown' retrieved from /home/airflow/.local/lib/python3.12/site-packages/airflow/example_dags/example_setup_teardown.py
[2026-01-27T23:57:46.169+0000] {logging_mixin.py:188} INFO - [2026-01-27T23:57:46.169+0000] {dag.py:3096} INFO - Sync 1 DAGs
[2026-01-27T23:57:46.189+0000] {logging_mixin.py:188} INFO - [2026-01-27T23:57:46.189+0000] {dag.py:3954} INFO - Setting next_dagrun for example_setup_teardown to 2026-01-26 00:00:00+00:00, run_after=2026-01-27 00:00:00+00:00
[2026-01-27T23:57:46.208+0000] {processor.py:183} INFO - Processing /home/airflow/.local/lib/python3.12/site-packages/airflow/example_dags/example_setup_teardown.py took 0.076 seconds
[2026-01-27T23:58:16.291+0000] {processor.py:161} INFO - Started process (PID=2323) to work on /home/airflow/.local/lib/python3.12/site-packages/airflow/example_dags/example_setup_teardown.py
[2026-01-27T23:58:16.292+0000] {processor.py:830} INFO - Processing file /home/airflow/.local/lib/python3.12/site-packages/airflow/example_dags/example_setup_teardown.py for tasks to queue
[2026-01-27T23:58:16.294+0000] {logging_mixin.py:188} INFO - [2026-01-27T23:58:16.294+0000] {dagbag.py:540} INFO - Filling up the DagBag from /home/airflow/.local/lib/python3.12/site-packages/airflow/example_dags/example_setup_teardown.py
[2026-01-27T23:58:16.304+0000] {processor.py:840} INFO - DAG(s) 'example_setup_teardown' retrieved from /home/airflow/.local/lib/python3.12/site-packages/airflow/example_dags/example_setup_teardown.py
[2026-01-27T23:58:16.329+0000] {logging_mixin.py:188} INFO - [2026-01-27T23:58:16.329+0000] {dag.py:3096} INFO - Sync 1 DAGs
[2026-01-27T23:58:16.349+0000] {logging_mixin.py:188} INFO - [2026-01-27T23:58:16.349+0000] {dag.py:3954} INFO - Setting next_dagrun for example_setup_teardown to 2026-01-26 00:00:00+00:00, run_after=2026-01-27 00:00:00+00:00
[2026-01-27T23:58:16.372+0000] {processor.py:183} INFO - Processing /home/airflow/.local/lib/python3.12/site-packages/airflow/example_dags/example_setup_teardown.py took 0.088 seconds
[2026-01-27T23:58:47.163+0000] {processor.py:161} INFO - Started process (PID=2375) to work on /home/airflow/.local/lib/python3.12/site-packages/airflow/example_dags/example_setup_teardown.py
[2026-01-27T23:58:47.164+0000] {processor.py:830} INFO - Processing file /home/airflow/.local/lib/python3.12/site-packages/airflow/example_dags/example_setup_teardown.py for tasks to queue
[2026-01-27T23:58:47.166+0000] {logging_mixin.py:188} INFO - [2026-01-27T23:58:47.165+0000] {dagbag.py:540} INFO - Filling up the DagBag from /home/airflow/.local/lib/python3.12/site-packages/airflow/example_dags/example_setup_teardown.py
[2026-01-27T23:58:47.172+0000] {processor.py:840} INFO - DAG(s) 'example_setup_teardown' retrieved from /home/airflow/.local/lib/python3.12/site-packages/airflow/example_dags/example_setup_teardown.py
[2026-01-27T23:58:47.194+0000] {logging_mixin.py:188} INFO - [2026-01-27T23:58:47.194+0000] {dag.py:3096} INFO - Sync 1 DAGs
[2026-01-27T23:58:47.221+0000] {logging_mixin.py:188} INFO - [2026-01-27T23:58:47.221+0000] {dag.py:3954} INFO - Setting next_dagrun for example_setup_teardown to 2026-01-26 00:00:00+00:00, run_after=2026-01-27 00:00:00+00:00
[2026-01-27T23:58:47.247+0000] {processor.py:183} INFO - Processing /home/airflow/.local/lib/python3.12/site-packages/airflow/example_dags/example_setup_teardown.py took 0.091 seconds
[2026-01-27T23:59:17.861+0000] {processor.py:161} INFO - Started process (PID=2427) to work on /home/airflow/.local/lib/python3.12/site-packages/airflow/example_dags/example_setup_teardown.py
[2026-01-27T23:59:17.862+0000] {processor.py:830} INFO - Processing file /home/airflow/.local/lib/python3.12/site-packages/airflow/example_dags/example_setup_teardown.py for tasks to queue
[2026-01-27T23:59:17.864+0000] {logging_mixin.py:188} INFO - [2026-01-27T23:59:17.863+0000] {dagbag.py:540} INFO - Filling up the DagBag from /home/airflow/.local/lib/python3.12/site-packages/airflow/example_dags/example_setup_teardown.py
[2026-01-27T23:59:17.870+0000] {processor.py:840} INFO - DAG(s) 'example_setup_teardown' retrieved from /home/airflow/.local/lib/python3.12/site-packages/airflow/example_dags/example_setup_teardown.py
[2026-01-27T23:59:17.890+0000] {logging_mixin.py:188} INFO - [2026-01-27T23:59:17.890+0000] {dag.py:3096} INFO - Sync 1 DAGs
[2026-01-27T23:59:17.909+0000] {logging_mixin.py:188} INFO - [2026-01-27T23:59:17.909+0000] {dag.py:3954} INFO - Setting next_dagrun for example_setup_teardown to 2026-01-26 00:00:00+00:00, run_after=2026-01-27 00:00:00+00:00
[2026-01-27T23:59:17.928+0000] {processor.py:183} INFO - Processing /home/airflow/.local/lib/python3.12/site-packages/airflow/example_dags/example_setup_teardown.py took 0.072 seconds
[2026-01-27T23:59:48.382+0000] {processor.py:161} INFO - Started process (PID=2479) to work on /home/airflow/.local/lib/python3.12/site-packages/airflow/example_dags/example_setup_teardown.py
[2026-01-27T23:59:48.384+0000] {processor.py:830} INFO - Processing file /home/airflow/.local/lib/python3.12/site-packages/airflow/example_dags/example_setup_teardown.py for tasks to queue
[2026-01-27T23:59:48.386+0000] {logging_mixin.py:188} INFO - [2026-01-27T23:59:48.386+0000] {dagbag.py:540} INFO - Filling up the DagBag from /home/airflow/.local/lib/python3.12/site-packages/airflow/example_dags/example_setup_teardown.py
[2026-01-27T23:59:48.396+0000] {processor.py:840} INFO - DAG(s) 'example_setup_teardown' retrieved from /home/airflow/.local/lib/python3.12/site-packages/airflow/example_dags/example_setup_teardown.py
[2026-01-27T23:59:48.420+0000] {logging_mixin.py:188} INFO - [2026-01-27T23:59:48.420+0000] {dag.py:3096} INFO - Sync 1 DAGs
[2026-01-27T23:59:48.445+0000] {logging_mixin.py:188} INFO - [2026-01-27T23:59:48.445+0000] {dag.py:3954} INFO - Setting next_dagrun for example_setup_teardown to 2026-01-26 00:00:00+00:00, run_after=2026-01-27 00:00:00+00:00
[2026-01-27T23:59:48.471+0000] {processor.py:183} INFO - Processing /home/airflow/.local/lib/python3.12/site-packages/airflow/example_dags/example_setup_teardown.py took 0.095 seconds
