[2026-01-27T23:36:06.757+0000] {processor.py:161} INFO - Started process (PID=58) to work on /home/airflow/.local/lib/python3.12/site-packages/airflow/example_dags/example_setup_teardown_taskflow.py
[2026-01-27T23:36:06.760+0000] {processor.py:830} INFO - Processing file /home/airflow/.local/lib/python3.12/site-packages/airflow/example_dags/example_setup_teardown_taskflow.py for tasks to queue
[2026-01-27T23:36:06.763+0000] {logging_mixin.py:188} INFO - [2026-01-27T23:36:06.763+0000] {dagbag.py:540} INFO - Filling up the DagBag from /home/airflow/.local/lib/python3.12/site-packages/airflow/example_dags/example_setup_teardown_taskflow.py
[2026-01-27T23:36:06.799+0000] {processor.py:840} INFO - DAG(s) 'example_setup_teardown_taskflow' retrieved from /home/airflow/.local/lib/python3.12/site-packages/airflow/example_dags/example_setup_teardown_taskflow.py
[2026-01-27T23:36:07.089+0000] {logging_mixin.py:188} INFO - [2026-01-27T23:36:07.089+0000] {dag.py:3096} INFO - Sync 1 DAGs
[2026-01-27T23:36:07.131+0000] {logging_mixin.py:188} INFO - [2026-01-27T23:36:07.131+0000] {dag.py:3954} INFO - Setting next_dagrun for example_setup_teardown_taskflow to 2026-01-26 00:00:00+00:00, run_after=2026-01-27 00:00:00+00:00
[2026-01-27T23:36:07.192+0000] {processor.py:183} INFO - Processing /home/airflow/.local/lib/python3.12/site-packages/airflow/example_dags/example_setup_teardown_taskflow.py took 0.449 seconds
[2026-01-27T23:36:37.431+0000] {processor.py:161} INFO - Started process (PID=110) to work on /home/airflow/.local/lib/python3.12/site-packages/airflow/example_dags/example_setup_teardown_taskflow.py
[2026-01-27T23:36:37.432+0000] {processor.py:830} INFO - Processing file /home/airflow/.local/lib/python3.12/site-packages/airflow/example_dags/example_setup_teardown_taskflow.py for tasks to queue
[2026-01-27T23:36:37.434+0000] {logging_mixin.py:188} INFO - [2026-01-27T23:36:37.434+0000] {dagbag.py:540} INFO - Filling up the DagBag from /home/airflow/.local/lib/python3.12/site-packages/airflow/example_dags/example_setup_teardown_taskflow.py
[2026-01-27T23:36:37.443+0000] {processor.py:840} INFO - DAG(s) 'example_setup_teardown_taskflow' retrieved from /home/airflow/.local/lib/python3.12/site-packages/airflow/example_dags/example_setup_teardown_taskflow.py
[2026-01-27T23:36:37.465+0000] {logging_mixin.py:188} INFO - [2026-01-27T23:36:37.464+0000] {dag.py:3096} INFO - Sync 1 DAGs
[2026-01-27T23:36:37.485+0000] {logging_mixin.py:188} INFO - [2026-01-27T23:36:37.485+0000] {dag.py:3954} INFO - Setting next_dagrun for example_setup_teardown_taskflow to 2026-01-26 00:00:00+00:00, run_after=2026-01-27 00:00:00+00:00
[2026-01-27T23:36:37.505+0000] {processor.py:183} INFO - Processing /home/airflow/.local/lib/python3.12/site-packages/airflow/example_dags/example_setup_teardown_taskflow.py took 0.080 seconds
[2026-01-27T23:37:07.571+0000] {processor.py:161} INFO - Started process (PID=162) to work on /home/airflow/.local/lib/python3.12/site-packages/airflow/example_dags/example_setup_teardown_taskflow.py
[2026-01-27T23:37:07.573+0000] {processor.py:830} INFO - Processing file /home/airflow/.local/lib/python3.12/site-packages/airflow/example_dags/example_setup_teardown_taskflow.py for tasks to queue
[2026-01-27T23:37:07.575+0000] {logging_mixin.py:188} INFO - [2026-01-27T23:37:07.575+0000] {dagbag.py:540} INFO - Filling up the DagBag from /home/airflow/.local/lib/python3.12/site-packages/airflow/example_dags/example_setup_teardown_taskflow.py
[2026-01-27T23:37:07.586+0000] {processor.py:840} INFO - DAG(s) 'example_setup_teardown_taskflow' retrieved from /home/airflow/.local/lib/python3.12/site-packages/airflow/example_dags/example_setup_teardown_taskflow.py
[2026-01-27T23:37:07.606+0000] {logging_mixin.py:188} INFO - [2026-01-27T23:37:07.606+0000] {dag.py:3096} INFO - Sync 1 DAGs
[2026-01-27T23:37:07.625+0000] {logging_mixin.py:188} INFO - [2026-01-27T23:37:07.625+0000] {dag.py:3954} INFO - Setting next_dagrun for example_setup_teardown_taskflow to 2026-01-26 00:00:00+00:00, run_after=2026-01-27 00:00:00+00:00
[2026-01-27T23:37:07.644+0000] {processor.py:183} INFO - Processing /home/airflow/.local/lib/python3.12/site-packages/airflow/example_dags/example_setup_teardown_taskflow.py took 0.079 seconds
[2026-01-27T23:37:38.159+0000] {processor.py:161} INFO - Started process (PID=214) to work on /home/airflow/.local/lib/python3.12/site-packages/airflow/example_dags/example_setup_teardown_taskflow.py
[2026-01-27T23:37:38.160+0000] {processor.py:830} INFO - Processing file /home/airflow/.local/lib/python3.12/site-packages/airflow/example_dags/example_setup_teardown_taskflow.py for tasks to queue
[2026-01-27T23:37:38.162+0000] {logging_mixin.py:188} INFO - [2026-01-27T23:37:38.162+0000] {dagbag.py:540} INFO - Filling up the DagBag from /home/airflow/.local/lib/python3.12/site-packages/airflow/example_dags/example_setup_teardown_taskflow.py
[2026-01-27T23:37:38.171+0000] {processor.py:840} INFO - DAG(s) 'example_setup_teardown_taskflow' retrieved from /home/airflow/.local/lib/python3.12/site-packages/airflow/example_dags/example_setup_teardown_taskflow.py
[2026-01-27T23:37:38.191+0000] {logging_mixin.py:188} INFO - [2026-01-27T23:37:38.190+0000] {dag.py:3096} INFO - Sync 1 DAGs
[2026-01-27T23:37:38.211+0000] {logging_mixin.py:188} INFO - [2026-01-27T23:37:38.210+0000] {dag.py:3954} INFO - Setting next_dagrun for example_setup_teardown_taskflow to 2026-01-26 00:00:00+00:00, run_after=2026-01-27 00:00:00+00:00
[2026-01-27T23:37:38.231+0000] {processor.py:183} INFO - Processing /home/airflow/.local/lib/python3.12/site-packages/airflow/example_dags/example_setup_teardown_taskflow.py took 0.079 seconds
[2026-01-27T23:38:08.596+0000] {processor.py:161} INFO - Started process (PID=266) to work on /home/airflow/.local/lib/python3.12/site-packages/airflow/example_dags/example_setup_teardown_taskflow.py
[2026-01-27T23:38:08.597+0000] {processor.py:830} INFO - Processing file /home/airflow/.local/lib/python3.12/site-packages/airflow/example_dags/example_setup_teardown_taskflow.py for tasks to queue
[2026-01-27T23:38:08.599+0000] {logging_mixin.py:188} INFO - [2026-01-27T23:38:08.599+0000] {dagbag.py:540} INFO - Filling up the DagBag from /home/airflow/.local/lib/python3.12/site-packages/airflow/example_dags/example_setup_teardown_taskflow.py
[2026-01-27T23:38:08.608+0000] {processor.py:840} INFO - DAG(s) 'example_setup_teardown_taskflow' retrieved from /home/airflow/.local/lib/python3.12/site-packages/airflow/example_dags/example_setup_teardown_taskflow.py
[2026-01-27T23:38:08.630+0000] {logging_mixin.py:188} INFO - [2026-01-27T23:38:08.630+0000] {dag.py:3096} INFO - Sync 1 DAGs
[2026-01-27T23:38:08.651+0000] {logging_mixin.py:188} INFO - [2026-01-27T23:38:08.651+0000] {dag.py:3954} INFO - Setting next_dagrun for example_setup_teardown_taskflow to 2026-01-26 00:00:00+00:00, run_after=2026-01-27 00:00:00+00:00
[2026-01-27T23:38:08.672+0000] {processor.py:183} INFO - Processing /home/airflow/.local/lib/python3.12/site-packages/airflow/example_dags/example_setup_teardown_taskflow.py took 0.081 seconds
[2026-01-27T23:38:38.831+0000] {processor.py:161} INFO - Started process (PID=318) to work on /home/airflow/.local/lib/python3.12/site-packages/airflow/example_dags/example_setup_teardown_taskflow.py
[2026-01-27T23:38:38.832+0000] {processor.py:830} INFO - Processing file /home/airflow/.local/lib/python3.12/site-packages/airflow/example_dags/example_setup_teardown_taskflow.py for tasks to queue
[2026-01-27T23:38:38.834+0000] {logging_mixin.py:188} INFO - [2026-01-27T23:38:38.834+0000] {dagbag.py:540} INFO - Filling up the DagBag from /home/airflow/.local/lib/python3.12/site-packages/airflow/example_dags/example_setup_teardown_taskflow.py
[2026-01-27T23:38:38.843+0000] {processor.py:840} INFO - DAG(s) 'example_setup_teardown_taskflow' retrieved from /home/airflow/.local/lib/python3.12/site-packages/airflow/example_dags/example_setup_teardown_taskflow.py
[2026-01-27T23:38:38.864+0000] {logging_mixin.py:188} INFO - [2026-01-27T23:38:38.864+0000] {dag.py:3096} INFO - Sync 1 DAGs
[2026-01-27T23:38:38.887+0000] {logging_mixin.py:188} INFO - [2026-01-27T23:38:38.887+0000] {dag.py:3954} INFO - Setting next_dagrun for example_setup_teardown_taskflow to 2026-01-26 00:00:00+00:00, run_after=2026-01-27 00:00:00+00:00
[2026-01-27T23:38:38.911+0000] {processor.py:183} INFO - Processing /home/airflow/.local/lib/python3.12/site-packages/airflow/example_dags/example_setup_teardown_taskflow.py took 0.086 seconds
[2026-01-27T23:39:09.265+0000] {processor.py:161} INFO - Started process (PID=370) to work on /home/airflow/.local/lib/python3.12/site-packages/airflow/example_dags/example_setup_teardown_taskflow.py
[2026-01-27T23:39:09.266+0000] {processor.py:830} INFO - Processing file /home/airflow/.local/lib/python3.12/site-packages/airflow/example_dags/example_setup_teardown_taskflow.py for tasks to queue
[2026-01-27T23:39:09.270+0000] {logging_mixin.py:188} INFO - [2026-01-27T23:39:09.269+0000] {dagbag.py:540} INFO - Filling up the DagBag from /home/airflow/.local/lib/python3.12/site-packages/airflow/example_dags/example_setup_teardown_taskflow.py
[2026-01-27T23:39:09.284+0000] {processor.py:840} INFO - DAG(s) 'example_setup_teardown_taskflow' retrieved from /home/airflow/.local/lib/python3.12/site-packages/airflow/example_dags/example_setup_teardown_taskflow.py
[2026-01-27T23:39:09.321+0000] {logging_mixin.py:188} INFO - [2026-01-27T23:39:09.320+0000] {dag.py:3096} INFO - Sync 1 DAGs
[2026-01-27T23:39:09.359+0000] {logging_mixin.py:188} INFO - [2026-01-27T23:39:09.359+0000] {dag.py:3954} INFO - Setting next_dagrun for example_setup_teardown_taskflow to 2026-01-26 00:00:00+00:00, run_after=2026-01-27 00:00:00+00:00
[2026-01-27T23:39:09.399+0000] {processor.py:183} INFO - Processing /home/airflow/.local/lib/python3.12/site-packages/airflow/example_dags/example_setup_teardown_taskflow.py took 0.144 seconds
[2026-01-27T23:39:40.113+0000] {processor.py:161} INFO - Started process (PID=422) to work on /home/airflow/.local/lib/python3.12/site-packages/airflow/example_dags/example_setup_teardown_taskflow.py
[2026-01-27T23:39:40.115+0000] {processor.py:830} INFO - Processing file /home/airflow/.local/lib/python3.12/site-packages/airflow/example_dags/example_setup_teardown_taskflow.py for tasks to queue
[2026-01-27T23:39:40.118+0000] {logging_mixin.py:188} INFO - [2026-01-27T23:39:40.117+0000] {dagbag.py:540} INFO - Filling up the DagBag from /home/airflow/.local/lib/python3.12/site-packages/airflow/example_dags/example_setup_teardown_taskflow.py
[2026-01-27T23:39:40.130+0000] {processor.py:840} INFO - DAG(s) 'example_setup_teardown_taskflow' retrieved from /home/airflow/.local/lib/python3.12/site-packages/airflow/example_dags/example_setup_teardown_taskflow.py
[2026-01-27T23:39:40.160+0000] {logging_mixin.py:188} INFO - [2026-01-27T23:39:40.159+0000] {dag.py:3096} INFO - Sync 1 DAGs
[2026-01-27T23:39:40.190+0000] {logging_mixin.py:188} INFO - [2026-01-27T23:39:40.190+0000] {dag.py:3954} INFO - Setting next_dagrun for example_setup_teardown_taskflow to 2026-01-26 00:00:00+00:00, run_after=2026-01-27 00:00:00+00:00
[2026-01-27T23:39:40.220+0000] {processor.py:183} INFO - Processing /home/airflow/.local/lib/python3.12/site-packages/airflow/example_dags/example_setup_teardown_taskflow.py took 0.115 seconds
[2026-01-27T23:40:11.383+0000] {processor.py:161} INFO - Started process (PID=474) to work on /home/airflow/.local/lib/python3.12/site-packages/airflow/example_dags/example_setup_teardown_taskflow.py
[2026-01-27T23:40:11.386+0000] {processor.py:830} INFO - Processing file /home/airflow/.local/lib/python3.12/site-packages/airflow/example_dags/example_setup_teardown_taskflow.py for tasks to queue
[2026-01-27T23:40:11.390+0000] {logging_mixin.py:188} INFO - [2026-01-27T23:40:11.389+0000] {dagbag.py:540} INFO - Filling up the DagBag from /home/airflow/.local/lib/python3.12/site-packages/airflow/example_dags/example_setup_teardown_taskflow.py
[2026-01-27T23:40:11.410+0000] {processor.py:840} INFO - DAG(s) 'example_setup_teardown_taskflow' retrieved from /home/airflow/.local/lib/python3.12/site-packages/airflow/example_dags/example_setup_teardown_taskflow.py
[2026-01-27T23:40:11.454+0000] {logging_mixin.py:188} INFO - [2026-01-27T23:40:11.453+0000] {dag.py:3096} INFO - Sync 1 DAGs
[2026-01-27T23:40:11.512+0000] {logging_mixin.py:188} INFO - [2026-01-27T23:40:11.511+0000] {dag.py:3954} INFO - Setting next_dagrun for example_setup_teardown_taskflow to 2026-01-26 00:00:00+00:00, run_after=2026-01-27 00:00:00+00:00
[2026-01-27T23:40:11.569+0000] {processor.py:183} INFO - Processing /home/airflow/.local/lib/python3.12/site-packages/airflow/example_dags/example_setup_teardown_taskflow.py took 0.203 seconds
[2026-01-27T23:40:41.845+0000] {processor.py:161} INFO - Started process (PID=526) to work on /home/airflow/.local/lib/python3.12/site-packages/airflow/example_dags/example_setup_teardown_taskflow.py
[2026-01-27T23:40:41.846+0000] {processor.py:830} INFO - Processing file /home/airflow/.local/lib/python3.12/site-packages/airflow/example_dags/example_setup_teardown_taskflow.py for tasks to queue
[2026-01-27T23:40:41.848+0000] {logging_mixin.py:188} INFO - [2026-01-27T23:40:41.848+0000] {dagbag.py:540} INFO - Filling up the DagBag from /home/airflow/.local/lib/python3.12/site-packages/airflow/example_dags/example_setup_teardown_taskflow.py
[2026-01-27T23:40:41.857+0000] {processor.py:840} INFO - DAG(s) 'example_setup_teardown_taskflow' retrieved from /home/airflow/.local/lib/python3.12/site-packages/airflow/example_dags/example_setup_teardown_taskflow.py
[2026-01-27T23:40:41.881+0000] {logging_mixin.py:188} INFO - [2026-01-27T23:40:41.880+0000] {dag.py:3096} INFO - Sync 1 DAGs
[2026-01-27T23:40:41.902+0000] {logging_mixin.py:188} INFO - [2026-01-27T23:40:41.902+0000] {dag.py:3954} INFO - Setting next_dagrun for example_setup_teardown_taskflow to 2026-01-26 00:00:00+00:00, run_after=2026-01-27 00:00:00+00:00
[2026-01-27T23:40:41.925+0000] {processor.py:183} INFO - Processing /home/airflow/.local/lib/python3.12/site-packages/airflow/example_dags/example_setup_teardown_taskflow.py took 0.087 seconds
[2026-01-27T23:41:12.508+0000] {processor.py:161} INFO - Started process (PID=578) to work on /home/airflow/.local/lib/python3.12/site-packages/airflow/example_dags/example_setup_teardown_taskflow.py
[2026-01-27T23:41:12.510+0000] {processor.py:830} INFO - Processing file /home/airflow/.local/lib/python3.12/site-packages/airflow/example_dags/example_setup_teardown_taskflow.py for tasks to queue
[2026-01-27T23:41:12.513+0000] {logging_mixin.py:188} INFO - [2026-01-27T23:41:12.512+0000] {dagbag.py:540} INFO - Filling up the DagBag from /home/airflow/.local/lib/python3.12/site-packages/airflow/example_dags/example_setup_teardown_taskflow.py
[2026-01-27T23:41:12.528+0000] {processor.py:840} INFO - DAG(s) 'example_setup_teardown_taskflow' retrieved from /home/airflow/.local/lib/python3.12/site-packages/airflow/example_dags/example_setup_teardown_taskflow.py
[2026-01-27T23:41:12.567+0000] {logging_mixin.py:188} INFO - [2026-01-27T23:41:12.567+0000] {dag.py:3096} INFO - Sync 1 DAGs
[2026-01-27T23:41:12.601+0000] {logging_mixin.py:188} INFO - [2026-01-27T23:41:12.601+0000] {dag.py:3954} INFO - Setting next_dagrun for example_setup_teardown_taskflow to 2026-01-26 00:00:00+00:00, run_after=2026-01-27 00:00:00+00:00
[2026-01-27T23:41:12.635+0000] {processor.py:183} INFO - Processing /home/airflow/.local/lib/python3.12/site-packages/airflow/example_dags/example_setup_teardown_taskflow.py took 0.140 seconds
[2026-01-27T23:41:43.068+0000] {processor.py:161} INFO - Started process (PID=630) to work on /home/airflow/.local/lib/python3.12/site-packages/airflow/example_dags/example_setup_teardown_taskflow.py
[2026-01-27T23:41:43.070+0000] {processor.py:830} INFO - Processing file /home/airflow/.local/lib/python3.12/site-packages/airflow/example_dags/example_setup_teardown_taskflow.py for tasks to queue
[2026-01-27T23:41:43.072+0000] {logging_mixin.py:188} INFO - [2026-01-27T23:41:43.072+0000] {dagbag.py:540} INFO - Filling up the DagBag from /home/airflow/.local/lib/python3.12/site-packages/airflow/example_dags/example_setup_teardown_taskflow.py
[2026-01-27T23:41:43.086+0000] {processor.py:840} INFO - DAG(s) 'example_setup_teardown_taskflow' retrieved from /home/airflow/.local/lib/python3.12/site-packages/airflow/example_dags/example_setup_teardown_taskflow.py
[2026-01-27T23:41:43.113+0000] {logging_mixin.py:188} INFO - [2026-01-27T23:41:43.112+0000] {dag.py:3096} INFO - Sync 1 DAGs
[2026-01-27T23:41:43.137+0000] {logging_mixin.py:188} INFO - [2026-01-27T23:41:43.137+0000] {dag.py:3954} INFO - Setting next_dagrun for example_setup_teardown_taskflow to 2026-01-26 00:00:00+00:00, run_after=2026-01-27 00:00:00+00:00
[2026-01-27T23:41:43.161+0000] {processor.py:183} INFO - Processing /home/airflow/.local/lib/python3.12/site-packages/airflow/example_dags/example_setup_teardown_taskflow.py took 0.099 seconds
[2026-01-27T23:42:13.988+0000] {processor.py:161} INFO - Started process (PID=682) to work on /home/airflow/.local/lib/python3.12/site-packages/airflow/example_dags/example_setup_teardown_taskflow.py
[2026-01-27T23:42:13.990+0000] {processor.py:830} INFO - Processing file /home/airflow/.local/lib/python3.12/site-packages/airflow/example_dags/example_setup_teardown_taskflow.py for tasks to queue
[2026-01-27T23:42:13.994+0000] {logging_mixin.py:188} INFO - [2026-01-27T23:42:13.993+0000] {dagbag.py:540} INFO - Filling up the DagBag from /home/airflow/.local/lib/python3.12/site-packages/airflow/example_dags/example_setup_teardown_taskflow.py
[2026-01-27T23:42:14.008+0000] {processor.py:840} INFO - DAG(s) 'example_setup_teardown_taskflow' retrieved from /home/airflow/.local/lib/python3.12/site-packages/airflow/example_dags/example_setup_teardown_taskflow.py
[2026-01-27T23:42:14.044+0000] {logging_mixin.py:188} INFO - [2026-01-27T23:42:14.043+0000] {dag.py:3096} INFO - Sync 1 DAGs
[2026-01-27T23:42:14.081+0000] {logging_mixin.py:188} INFO - [2026-01-27T23:42:14.081+0000] {dag.py:3954} INFO - Setting next_dagrun for example_setup_teardown_taskflow to 2026-01-26 00:00:00+00:00, run_after=2026-01-27 00:00:00+00:00
[2026-01-27T23:42:14.113+0000] {processor.py:183} INFO - Processing /home/airflow/.local/lib/python3.12/site-packages/airflow/example_dags/example_setup_teardown_taskflow.py took 0.135 seconds
[2026-01-27T23:42:44.393+0000] {processor.py:161} INFO - Started process (PID=733) to work on /home/airflow/.local/lib/python3.12/site-packages/airflow/example_dags/example_setup_teardown_taskflow.py
[2026-01-27T23:42:44.396+0000] {processor.py:830} INFO - Processing file /home/airflow/.local/lib/python3.12/site-packages/airflow/example_dags/example_setup_teardown_taskflow.py for tasks to queue
[2026-01-27T23:42:44.401+0000] {logging_mixin.py:188} INFO - [2026-01-27T23:42:44.400+0000] {dagbag.py:540} INFO - Filling up the DagBag from /home/airflow/.local/lib/python3.12/site-packages/airflow/example_dags/example_setup_teardown_taskflow.py
[2026-01-27T23:42:44.432+0000] {processor.py:840} INFO - DAG(s) 'example_setup_teardown_taskflow' retrieved from /home/airflow/.local/lib/python3.12/site-packages/airflow/example_dags/example_setup_teardown_taskflow.py
[2026-01-27T23:42:44.500+0000] {logging_mixin.py:188} INFO - [2026-01-27T23:42:44.500+0000] {dag.py:3096} INFO - Sync 1 DAGs
[2026-01-27T23:42:44.576+0000] {logging_mixin.py:188} INFO - [2026-01-27T23:42:44.574+0000] {dag.py:3954} INFO - Setting next_dagrun for example_setup_teardown_taskflow to 2026-01-26 00:00:00+00:00, run_after=2026-01-27 00:00:00+00:00
[2026-01-27T23:42:44.663+0000] {processor.py:183} INFO - Processing /home/airflow/.local/lib/python3.12/site-packages/airflow/example_dags/example_setup_teardown_taskflow.py took 0.290 seconds
[2026-01-27T23:43:14.849+0000] {processor.py:161} INFO - Started process (PID=785) to work on /home/airflow/.local/lib/python3.12/site-packages/airflow/example_dags/example_setup_teardown_taskflow.py
[2026-01-27T23:43:14.851+0000] {processor.py:830} INFO - Processing file /home/airflow/.local/lib/python3.12/site-packages/airflow/example_dags/example_setup_teardown_taskflow.py for tasks to queue
[2026-01-27T23:43:14.854+0000] {logging_mixin.py:188} INFO - [2026-01-27T23:43:14.853+0000] {dagbag.py:540} INFO - Filling up the DagBag from /home/airflow/.local/lib/python3.12/site-packages/airflow/example_dags/example_setup_teardown_taskflow.py
[2026-01-27T23:43:14.866+0000] {processor.py:840} INFO - DAG(s) 'example_setup_teardown_taskflow' retrieved from /home/airflow/.local/lib/python3.12/site-packages/airflow/example_dags/example_setup_teardown_taskflow.py
[2026-01-27T23:43:14.894+0000] {logging_mixin.py:188} INFO - [2026-01-27T23:43:14.894+0000] {dag.py:3096} INFO - Sync 1 DAGs
[2026-01-27T23:43:14.920+0000] {logging_mixin.py:188} INFO - [2026-01-27T23:43:14.920+0000] {dag.py:3954} INFO - Setting next_dagrun for example_setup_teardown_taskflow to 2026-01-26 00:00:00+00:00, run_after=2026-01-27 00:00:00+00:00
[2026-01-27T23:43:14.946+0000] {processor.py:183} INFO - Processing /home/airflow/.local/lib/python3.12/site-packages/airflow/example_dags/example_setup_teardown_taskflow.py took 0.104 seconds
[2026-01-27T23:43:45.425+0000] {processor.py:161} INFO - Started process (PID=837) to work on /home/airflow/.local/lib/python3.12/site-packages/airflow/example_dags/example_setup_teardown_taskflow.py
[2026-01-27T23:43:45.427+0000] {processor.py:830} INFO - Processing file /home/airflow/.local/lib/python3.12/site-packages/airflow/example_dags/example_setup_teardown_taskflow.py for tasks to queue
[2026-01-27T23:43:45.430+0000] {logging_mixin.py:188} INFO - [2026-01-27T23:43:45.429+0000] {dagbag.py:540} INFO - Filling up the DagBag from /home/airflow/.local/lib/python3.12/site-packages/airflow/example_dags/example_setup_teardown_taskflow.py
[2026-01-27T23:43:45.441+0000] {processor.py:840} INFO - DAG(s) 'example_setup_teardown_taskflow' retrieved from /home/airflow/.local/lib/python3.12/site-packages/airflow/example_dags/example_setup_teardown_taskflow.py
[2026-01-27T23:43:45.470+0000] {logging_mixin.py:188} INFO - [2026-01-27T23:43:45.470+0000] {dag.py:3096} INFO - Sync 1 DAGs
[2026-01-27T23:43:45.500+0000] {logging_mixin.py:188} INFO - [2026-01-27T23:43:45.500+0000] {dag.py:3954} INFO - Setting next_dagrun for example_setup_teardown_taskflow to 2026-01-26 00:00:00+00:00, run_after=2026-01-27 00:00:00+00:00
[2026-01-27T23:43:45.528+0000] {processor.py:183} INFO - Processing /home/airflow/.local/lib/python3.12/site-packages/airflow/example_dags/example_setup_teardown_taskflow.py took 0.111 seconds
[2026-01-27T23:44:15.974+0000] {processor.py:161} INFO - Started process (PID=889) to work on /home/airflow/.local/lib/python3.12/site-packages/airflow/example_dags/example_setup_teardown_taskflow.py
[2026-01-27T23:44:15.975+0000] {processor.py:830} INFO - Processing file /home/airflow/.local/lib/python3.12/site-packages/airflow/example_dags/example_setup_teardown_taskflow.py for tasks to queue
[2026-01-27T23:44:15.977+0000] {logging_mixin.py:188} INFO - [2026-01-27T23:44:15.977+0000] {dagbag.py:540} INFO - Filling up the DagBag from /home/airflow/.local/lib/python3.12/site-packages/airflow/example_dags/example_setup_teardown_taskflow.py
[2026-01-27T23:44:15.985+0000] {processor.py:840} INFO - DAG(s) 'example_setup_teardown_taskflow' retrieved from /home/airflow/.local/lib/python3.12/site-packages/airflow/example_dags/example_setup_teardown_taskflow.py
[2026-01-27T23:44:16.006+0000] {logging_mixin.py:188} INFO - [2026-01-27T23:44:16.006+0000] {dag.py:3096} INFO - Sync 1 DAGs
[2026-01-27T23:44:16.027+0000] {logging_mixin.py:188} INFO - [2026-01-27T23:44:16.027+0000] {dag.py:3954} INFO - Setting next_dagrun for example_setup_teardown_taskflow to 2026-01-26 00:00:00+00:00, run_after=2026-01-27 00:00:00+00:00
[2026-01-27T23:44:16.049+0000] {processor.py:183} INFO - Processing /home/airflow/.local/lib/python3.12/site-packages/airflow/example_dags/example_setup_teardown_taskflow.py took 0.081 seconds
[2026-01-27T23:44:46.435+0000] {processor.py:161} INFO - Started process (PID=941) to work on /home/airflow/.local/lib/python3.12/site-packages/airflow/example_dags/example_setup_teardown_taskflow.py
[2026-01-27T23:44:46.436+0000] {processor.py:830} INFO - Processing file /home/airflow/.local/lib/python3.12/site-packages/airflow/example_dags/example_setup_teardown_taskflow.py for tasks to queue
[2026-01-27T23:44:46.438+0000] {logging_mixin.py:188} INFO - [2026-01-27T23:44:46.438+0000] {dagbag.py:540} INFO - Filling up the DagBag from /home/airflow/.local/lib/python3.12/site-packages/airflow/example_dags/example_setup_teardown_taskflow.py
[2026-01-27T23:44:46.447+0000] {processor.py:840} INFO - DAG(s) 'example_setup_teardown_taskflow' retrieved from /home/airflow/.local/lib/python3.12/site-packages/airflow/example_dags/example_setup_teardown_taskflow.py
[2026-01-27T23:44:46.469+0000] {logging_mixin.py:188} INFO - [2026-01-27T23:44:46.469+0000] {dag.py:3096} INFO - Sync 1 DAGs
[2026-01-27T23:44:46.491+0000] {logging_mixin.py:188} INFO - [2026-01-27T23:44:46.491+0000] {dag.py:3954} INFO - Setting next_dagrun for example_setup_teardown_taskflow to 2026-01-26 00:00:00+00:00, run_after=2026-01-27 00:00:00+00:00
[2026-01-27T23:44:46.521+0000] {processor.py:183} INFO - Processing /home/airflow/.local/lib/python3.12/site-packages/airflow/example_dags/example_setup_teardown_taskflow.py took 0.092 seconds
[2026-01-27T23:45:16.742+0000] {processor.py:161} INFO - Started process (PID=993) to work on /home/airflow/.local/lib/python3.12/site-packages/airflow/example_dags/example_setup_teardown_taskflow.py
[2026-01-27T23:45:16.743+0000] {processor.py:830} INFO - Processing file /home/airflow/.local/lib/python3.12/site-packages/airflow/example_dags/example_setup_teardown_taskflow.py for tasks to queue
[2026-01-27T23:45:16.747+0000] {logging_mixin.py:188} INFO - [2026-01-27T23:45:16.746+0000] {dagbag.py:540} INFO - Filling up the DagBag from /home/airflow/.local/lib/python3.12/site-packages/airflow/example_dags/example_setup_teardown_taskflow.py
[2026-01-27T23:45:16.761+0000] {processor.py:840} INFO - DAG(s) 'example_setup_teardown_taskflow' retrieved from /home/airflow/.local/lib/python3.12/site-packages/airflow/example_dags/example_setup_teardown_taskflow.py
[2026-01-27T23:45:16.793+0000] {logging_mixin.py:188} INFO - [2026-01-27T23:45:16.792+0000] {dag.py:3096} INFO - Sync 1 DAGs
[2026-01-27T23:45:16.823+0000] {logging_mixin.py:188} INFO - [2026-01-27T23:45:16.823+0000] {dag.py:3954} INFO - Setting next_dagrun for example_setup_teardown_taskflow to 2026-01-26 00:00:00+00:00, run_after=2026-01-27 00:00:00+00:00
[2026-01-27T23:45:17.064+0000] {processor.py:183} INFO - Processing /home/airflow/.local/lib/python3.12/site-packages/airflow/example_dags/example_setup_teardown_taskflow.py took 0.329 seconds
[2026-01-27T23:45:47.712+0000] {processor.py:161} INFO - Started process (PID=1045) to work on /home/airflow/.local/lib/python3.12/site-packages/airflow/example_dags/example_setup_teardown_taskflow.py
[2026-01-27T23:45:47.713+0000] {processor.py:830} INFO - Processing file /home/airflow/.local/lib/python3.12/site-packages/airflow/example_dags/example_setup_teardown_taskflow.py for tasks to queue
[2026-01-27T23:45:47.716+0000] {logging_mixin.py:188} INFO - [2026-01-27T23:45:47.715+0000] {dagbag.py:540} INFO - Filling up the DagBag from /home/airflow/.local/lib/python3.12/site-packages/airflow/example_dags/example_setup_teardown_taskflow.py
[2026-01-27T23:45:47.724+0000] {processor.py:840} INFO - DAG(s) 'example_setup_teardown_taskflow' retrieved from /home/airflow/.local/lib/python3.12/site-packages/airflow/example_dags/example_setup_teardown_taskflow.py
[2026-01-27T23:45:47.749+0000] {logging_mixin.py:188} INFO - [2026-01-27T23:45:47.749+0000] {dag.py:3096} INFO - Sync 1 DAGs
[2026-01-27T23:45:47.775+0000] {logging_mixin.py:188} INFO - [2026-01-27T23:45:47.775+0000] {dag.py:3954} INFO - Setting next_dagrun for example_setup_teardown_taskflow to 2026-01-26 00:00:00+00:00, run_after=2026-01-27 00:00:00+00:00
[2026-01-27T23:45:47.810+0000] {processor.py:183} INFO - Processing /home/airflow/.local/lib/python3.12/site-packages/airflow/example_dags/example_setup_teardown_taskflow.py took 0.103 seconds
[2026-01-27T23:46:18.050+0000] {processor.py:161} INFO - Started process (PID=1097) to work on /home/airflow/.local/lib/python3.12/site-packages/airflow/example_dags/example_setup_teardown_taskflow.py
[2026-01-27T23:46:18.051+0000] {processor.py:830} INFO - Processing file /home/airflow/.local/lib/python3.12/site-packages/airflow/example_dags/example_setup_teardown_taskflow.py for tasks to queue
[2026-01-27T23:46:18.054+0000] {logging_mixin.py:188} INFO - [2026-01-27T23:46:18.054+0000] {dagbag.py:540} INFO - Filling up the DagBag from /home/airflow/.local/lib/python3.12/site-packages/airflow/example_dags/example_setup_teardown_taskflow.py
[2026-01-27T23:46:18.070+0000] {processor.py:840} INFO - DAG(s) 'example_setup_teardown_taskflow' retrieved from /home/airflow/.local/lib/python3.12/site-packages/airflow/example_dags/example_setup_teardown_taskflow.py
[2026-01-27T23:46:18.103+0000] {logging_mixin.py:188} INFO - [2026-01-27T23:46:18.103+0000] {dag.py:3096} INFO - Sync 1 DAGs
[2026-01-27T23:46:18.136+0000] {logging_mixin.py:188} INFO - [2026-01-27T23:46:18.135+0000] {dag.py:3954} INFO - Setting next_dagrun for example_setup_teardown_taskflow to 2026-01-26 00:00:00+00:00, run_after=2026-01-27 00:00:00+00:00
[2026-01-27T23:46:18.163+0000] {processor.py:183} INFO - Processing /home/airflow/.local/lib/python3.12/site-packages/airflow/example_dags/example_setup_teardown_taskflow.py took 0.122 seconds
[2026-01-27T23:46:48.429+0000] {processor.py:161} INFO - Started process (PID=1149) to work on /home/airflow/.local/lib/python3.12/site-packages/airflow/example_dags/example_setup_teardown_taskflow.py
[2026-01-27T23:46:48.430+0000] {processor.py:830} INFO - Processing file /home/airflow/.local/lib/python3.12/site-packages/airflow/example_dags/example_setup_teardown_taskflow.py for tasks to queue
[2026-01-27T23:46:48.431+0000] {logging_mixin.py:188} INFO - [2026-01-27T23:46:48.431+0000] {dagbag.py:540} INFO - Filling up the DagBag from /home/airflow/.local/lib/python3.12/site-packages/airflow/example_dags/example_setup_teardown_taskflow.py
[2026-01-27T23:46:48.443+0000] {processor.py:840} INFO - DAG(s) 'example_setup_teardown_taskflow' retrieved from /home/airflow/.local/lib/python3.12/site-packages/airflow/example_dags/example_setup_teardown_taskflow.py
[2026-01-27T23:46:48.468+0000] {logging_mixin.py:188} INFO - [2026-01-27T23:46:48.467+0000] {dag.py:3096} INFO - Sync 1 DAGs
[2026-01-27T23:46:48.651+0000] {logging_mixin.py:188} INFO - [2026-01-27T23:46:48.651+0000] {dag.py:3954} INFO - Setting next_dagrun for example_setup_teardown_taskflow to 2026-01-26 00:00:00+00:00, run_after=2026-01-27 00:00:00+00:00
[2026-01-27T23:46:48.670+0000] {processor.py:183} INFO - Processing /home/airflow/.local/lib/python3.12/site-packages/airflow/example_dags/example_setup_teardown_taskflow.py took 0.248 seconds
[2026-01-27T23:47:18.753+0000] {processor.py:161} INFO - Started process (PID=1201) to work on /home/airflow/.local/lib/python3.12/site-packages/airflow/example_dags/example_setup_teardown_taskflow.py
[2026-01-27T23:47:18.754+0000] {processor.py:830} INFO - Processing file /home/airflow/.local/lib/python3.12/site-packages/airflow/example_dags/example_setup_teardown_taskflow.py for tasks to queue
[2026-01-27T23:47:18.756+0000] {logging_mixin.py:188} INFO - [2026-01-27T23:47:18.756+0000] {dagbag.py:540} INFO - Filling up the DagBag from /home/airflow/.local/lib/python3.12/site-packages/airflow/example_dags/example_setup_teardown_taskflow.py
[2026-01-27T23:47:18.768+0000] {processor.py:840} INFO - DAG(s) 'example_setup_teardown_taskflow' retrieved from /home/airflow/.local/lib/python3.12/site-packages/airflow/example_dags/example_setup_teardown_taskflow.py
[2026-01-27T23:47:18.796+0000] {logging_mixin.py:188} INFO - [2026-01-27T23:47:18.796+0000] {dag.py:3096} INFO - Sync 1 DAGs
[2026-01-27T23:47:18.824+0000] {logging_mixin.py:188} INFO - [2026-01-27T23:47:18.823+0000] {dag.py:3954} INFO - Setting next_dagrun for example_setup_teardown_taskflow to 2026-01-26 00:00:00+00:00, run_after=2026-01-27 00:00:00+00:00
[2026-01-27T23:47:18.997+0000] {processor.py:183} INFO - Processing /home/airflow/.local/lib/python3.12/site-packages/airflow/example_dags/example_setup_teardown_taskflow.py took 0.250 seconds
[2026-01-27T23:47:49.421+0000] {processor.py:161} INFO - Started process (PID=1253) to work on /home/airflow/.local/lib/python3.12/site-packages/airflow/example_dags/example_setup_teardown_taskflow.py
[2026-01-27T23:47:49.423+0000] {processor.py:830} INFO - Processing file /home/airflow/.local/lib/python3.12/site-packages/airflow/example_dags/example_setup_teardown_taskflow.py for tasks to queue
[2026-01-27T23:47:49.425+0000] {logging_mixin.py:188} INFO - [2026-01-27T23:47:49.424+0000] {dagbag.py:540} INFO - Filling up the DagBag from /home/airflow/.local/lib/python3.12/site-packages/airflow/example_dags/example_setup_teardown_taskflow.py
[2026-01-27T23:47:49.433+0000] {processor.py:840} INFO - DAG(s) 'example_setup_teardown_taskflow' retrieved from /home/airflow/.local/lib/python3.12/site-packages/airflow/example_dags/example_setup_teardown_taskflow.py
[2026-01-27T23:47:49.456+0000] {logging_mixin.py:188} INFO - [2026-01-27T23:47:49.456+0000] {dag.py:3096} INFO - Sync 1 DAGs
[2026-01-27T23:47:49.478+0000] {logging_mixin.py:188} INFO - [2026-01-27T23:47:49.478+0000] {dag.py:3954} INFO - Setting next_dagrun for example_setup_teardown_taskflow to 2026-01-26 00:00:00+00:00, run_after=2026-01-27 00:00:00+00:00
[2026-01-27T23:47:49.509+0000] {processor.py:183} INFO - Processing /home/airflow/.local/lib/python3.12/site-packages/airflow/example_dags/example_setup_teardown_taskflow.py took 0.093 seconds
[2026-01-27T23:48:19.592+0000] {processor.py:161} INFO - Started process (PID=1305) to work on /home/airflow/.local/lib/python3.12/site-packages/airflow/example_dags/example_setup_teardown_taskflow.py
[2026-01-27T23:48:19.593+0000] {processor.py:830} INFO - Processing file /home/airflow/.local/lib/python3.12/site-packages/airflow/example_dags/example_setup_teardown_taskflow.py for tasks to queue
[2026-01-27T23:48:19.595+0000] {logging_mixin.py:188} INFO - [2026-01-27T23:48:19.595+0000] {dagbag.py:540} INFO - Filling up the DagBag from /home/airflow/.local/lib/python3.12/site-packages/airflow/example_dags/example_setup_teardown_taskflow.py
[2026-01-27T23:48:19.603+0000] {processor.py:840} INFO - DAG(s) 'example_setup_teardown_taskflow' retrieved from /home/airflow/.local/lib/python3.12/site-packages/airflow/example_dags/example_setup_teardown_taskflow.py
[2026-01-27T23:48:19.626+0000] {logging_mixin.py:188} INFO - [2026-01-27T23:48:19.626+0000] {dag.py:3096} INFO - Sync 1 DAGs
[2026-01-27T23:48:19.654+0000] {logging_mixin.py:188} INFO - [2026-01-27T23:48:19.654+0000] {dag.py:3954} INFO - Setting next_dagrun for example_setup_teardown_taskflow to 2026-01-26 00:00:00+00:00, run_after=2026-01-27 00:00:00+00:00
[2026-01-27T23:48:19.684+0000] {processor.py:183} INFO - Processing /home/airflow/.local/lib/python3.12/site-packages/airflow/example_dags/example_setup_teardown_taskflow.py took 0.098 seconds
[2026-01-27T23:48:49.829+0000] {processor.py:161} INFO - Started process (PID=1357) to work on /home/airflow/.local/lib/python3.12/site-packages/airflow/example_dags/example_setup_teardown_taskflow.py
[2026-01-27T23:48:49.831+0000] {processor.py:830} INFO - Processing file /home/airflow/.local/lib/python3.12/site-packages/airflow/example_dags/example_setup_teardown_taskflow.py for tasks to queue
[2026-01-27T23:48:49.834+0000] {logging_mixin.py:188} INFO - [2026-01-27T23:48:49.834+0000] {dagbag.py:540} INFO - Filling up the DagBag from /home/airflow/.local/lib/python3.12/site-packages/airflow/example_dags/example_setup_teardown_taskflow.py
[2026-01-27T23:48:49.844+0000] {processor.py:840} INFO - DAG(s) 'example_setup_teardown_taskflow' retrieved from /home/airflow/.local/lib/python3.12/site-packages/airflow/example_dags/example_setup_teardown_taskflow.py
[2026-01-27T23:48:49.871+0000] {logging_mixin.py:188} INFO - [2026-01-27T23:48:49.870+0000] {dag.py:3096} INFO - Sync 1 DAGs
[2026-01-27T23:48:49.897+0000] {logging_mixin.py:188} INFO - [2026-01-27T23:48:49.897+0000] {dag.py:3954} INFO - Setting next_dagrun for example_setup_teardown_taskflow to 2026-01-26 00:00:00+00:00, run_after=2026-01-27 00:00:00+00:00
[2026-01-27T23:48:49.930+0000] {processor.py:183} INFO - Processing /home/airflow/.local/lib/python3.12/site-packages/airflow/example_dags/example_setup_teardown_taskflow.py took 0.108 seconds
[2026-01-27T23:49:20.556+0000] {processor.py:161} INFO - Started process (PID=1409) to work on /home/airflow/.local/lib/python3.12/site-packages/airflow/example_dags/example_setup_teardown_taskflow.py
[2026-01-27T23:49:20.557+0000] {processor.py:830} INFO - Processing file /home/airflow/.local/lib/python3.12/site-packages/airflow/example_dags/example_setup_teardown_taskflow.py for tasks to queue
[2026-01-27T23:49:20.559+0000] {logging_mixin.py:188} INFO - [2026-01-27T23:49:20.558+0000] {dagbag.py:540} INFO - Filling up the DagBag from /home/airflow/.local/lib/python3.12/site-packages/airflow/example_dags/example_setup_teardown_taskflow.py
[2026-01-27T23:49:20.567+0000] {processor.py:840} INFO - DAG(s) 'example_setup_teardown_taskflow' retrieved from /home/airflow/.local/lib/python3.12/site-packages/airflow/example_dags/example_setup_teardown_taskflow.py
[2026-01-27T23:49:20.590+0000] {logging_mixin.py:188} INFO - [2026-01-27T23:49:20.590+0000] {dag.py:3096} INFO - Sync 1 DAGs
[2026-01-27T23:49:20.613+0000] {logging_mixin.py:188} INFO - [2026-01-27T23:49:20.613+0000] {dag.py:3954} INFO - Setting next_dagrun for example_setup_teardown_taskflow to 2026-01-26 00:00:00+00:00, run_after=2026-01-27 00:00:00+00:00
[2026-01-27T23:49:20.644+0000] {processor.py:183} INFO - Processing /home/airflow/.local/lib/python3.12/site-packages/airflow/example_dags/example_setup_teardown_taskflow.py took 0.094 seconds
[2026-01-27T23:49:50.949+0000] {processor.py:161} INFO - Started process (PID=1461) to work on /home/airflow/.local/lib/python3.12/site-packages/airflow/example_dags/example_setup_teardown_taskflow.py
[2026-01-27T23:49:50.950+0000] {processor.py:830} INFO - Processing file /home/airflow/.local/lib/python3.12/site-packages/airflow/example_dags/example_setup_teardown_taskflow.py for tasks to queue
[2026-01-27T23:49:50.953+0000] {logging_mixin.py:188} INFO - [2026-01-27T23:49:50.952+0000] {dagbag.py:540} INFO - Filling up the DagBag from /home/airflow/.local/lib/python3.12/site-packages/airflow/example_dags/example_setup_teardown_taskflow.py
[2026-01-27T23:49:50.961+0000] {processor.py:840} INFO - DAG(s) 'example_setup_teardown_taskflow' retrieved from /home/airflow/.local/lib/python3.12/site-packages/airflow/example_dags/example_setup_teardown_taskflow.py
[2026-01-27T23:49:50.983+0000] {logging_mixin.py:188} INFO - [2026-01-27T23:49:50.982+0000] {dag.py:3096} INFO - Sync 1 DAGs
[2026-01-27T23:49:51.004+0000] {logging_mixin.py:188} INFO - [2026-01-27T23:49:51.004+0000] {dag.py:3954} INFO - Setting next_dagrun for example_setup_teardown_taskflow to 2026-01-26 00:00:00+00:00, run_after=2026-01-27 00:00:00+00:00
[2026-01-27T23:49:51.026+0000] {processor.py:183} INFO - Processing /home/airflow/.local/lib/python3.12/site-packages/airflow/example_dags/example_setup_teardown_taskflow.py took 0.083 seconds
[2026-01-27T23:50:21.630+0000] {processor.py:161} INFO - Started process (PID=1513) to work on /home/airflow/.local/lib/python3.12/site-packages/airflow/example_dags/example_setup_teardown_taskflow.py
[2026-01-27T23:50:21.631+0000] {processor.py:830} INFO - Processing file /home/airflow/.local/lib/python3.12/site-packages/airflow/example_dags/example_setup_teardown_taskflow.py for tasks to queue
[2026-01-27T23:50:21.634+0000] {logging_mixin.py:188} INFO - [2026-01-27T23:50:21.634+0000] {dagbag.py:540} INFO - Filling up the DagBag from /home/airflow/.local/lib/python3.12/site-packages/airflow/example_dags/example_setup_teardown_taskflow.py
[2026-01-27T23:50:21.643+0000] {processor.py:840} INFO - DAG(s) 'example_setup_teardown_taskflow' retrieved from /home/airflow/.local/lib/python3.12/site-packages/airflow/example_dags/example_setup_teardown_taskflow.py
[2026-01-27T23:50:21.668+0000] {logging_mixin.py:188} INFO - [2026-01-27T23:50:21.668+0000] {dag.py:3096} INFO - Sync 1 DAGs
[2026-01-27T23:50:21.689+0000] {logging_mixin.py:188} INFO - [2026-01-27T23:50:21.689+0000] {dag.py:3954} INFO - Setting next_dagrun for example_setup_teardown_taskflow to 2026-01-26 00:00:00+00:00, run_after=2026-01-27 00:00:00+00:00
[2026-01-27T23:50:21.712+0000] {processor.py:183} INFO - Processing /home/airflow/.local/lib/python3.12/site-packages/airflow/example_dags/example_setup_teardown_taskflow.py took 0.087 seconds
[2026-01-27T23:50:51.843+0000] {processor.py:161} INFO - Started process (PID=1565) to work on /home/airflow/.local/lib/python3.12/site-packages/airflow/example_dags/example_setup_teardown_taskflow.py
[2026-01-27T23:50:51.844+0000] {processor.py:830} INFO - Processing file /home/airflow/.local/lib/python3.12/site-packages/airflow/example_dags/example_setup_teardown_taskflow.py for tasks to queue
[2026-01-27T23:50:51.846+0000] {logging_mixin.py:188} INFO - [2026-01-27T23:50:51.846+0000] {dagbag.py:540} INFO - Filling up the DagBag from /home/airflow/.local/lib/python3.12/site-packages/airflow/example_dags/example_setup_teardown_taskflow.py
[2026-01-27T23:50:51.856+0000] {processor.py:840} INFO - DAG(s) 'example_setup_teardown_taskflow' retrieved from /home/airflow/.local/lib/python3.12/site-packages/airflow/example_dags/example_setup_teardown_taskflow.py
[2026-01-27T23:50:51.878+0000] {logging_mixin.py:188} INFO - [2026-01-27T23:50:51.878+0000] {dag.py:3096} INFO - Sync 1 DAGs
[2026-01-27T23:50:51.899+0000] {logging_mixin.py:188} INFO - [2026-01-27T23:50:51.899+0000] {dag.py:3954} INFO - Setting next_dagrun for example_setup_teardown_taskflow to 2026-01-26 00:00:00+00:00, run_after=2026-01-27 00:00:00+00:00
[2026-01-27T23:50:51.932+0000] {processor.py:183} INFO - Processing /home/airflow/.local/lib/python3.12/site-packages/airflow/example_dags/example_setup_teardown_taskflow.py took 0.098 seconds
[2026-01-27T23:51:22.598+0000] {processor.py:161} INFO - Started process (PID=1617) to work on /home/airflow/.local/lib/python3.12/site-packages/airflow/example_dags/example_setup_teardown_taskflow.py
[2026-01-27T23:51:22.599+0000] {processor.py:830} INFO - Processing file /home/airflow/.local/lib/python3.12/site-packages/airflow/example_dags/example_setup_teardown_taskflow.py for tasks to queue
[2026-01-27T23:51:22.602+0000] {logging_mixin.py:188} INFO - [2026-01-27T23:51:22.601+0000] {dagbag.py:540} INFO - Filling up the DagBag from /home/airflow/.local/lib/python3.12/site-packages/airflow/example_dags/example_setup_teardown_taskflow.py
[2026-01-27T23:51:22.611+0000] {processor.py:840} INFO - DAG(s) 'example_setup_teardown_taskflow' retrieved from /home/airflow/.local/lib/python3.12/site-packages/airflow/example_dags/example_setup_teardown_taskflow.py
[2026-01-27T23:51:22.633+0000] {logging_mixin.py:188} INFO - [2026-01-27T23:51:22.633+0000] {dag.py:3096} INFO - Sync 1 DAGs
[2026-01-27T23:51:22.656+0000] {logging_mixin.py:188} INFO - [2026-01-27T23:51:22.655+0000] {dag.py:3954} INFO - Setting next_dagrun for example_setup_teardown_taskflow to 2026-01-26 00:00:00+00:00, run_after=2026-01-27 00:00:00+00:00
[2026-01-27T23:51:22.688+0000] {processor.py:183} INFO - Processing /home/airflow/.local/lib/python3.12/site-packages/airflow/example_dags/example_setup_teardown_taskflow.py took 0.095 seconds
[2026-01-27T23:51:53.448+0000] {processor.py:161} INFO - Started process (PID=1669) to work on /home/airflow/.local/lib/python3.12/site-packages/airflow/example_dags/example_setup_teardown_taskflow.py
[2026-01-27T23:51:53.449+0000] {processor.py:830} INFO - Processing file /home/airflow/.local/lib/python3.12/site-packages/airflow/example_dags/example_setup_teardown_taskflow.py for tasks to queue
[2026-01-27T23:51:53.451+0000] {logging_mixin.py:188} INFO - [2026-01-27T23:51:53.451+0000] {dagbag.py:540} INFO - Filling up the DagBag from /home/airflow/.local/lib/python3.12/site-packages/airflow/example_dags/example_setup_teardown_taskflow.py
[2026-01-27T23:51:53.462+0000] {processor.py:840} INFO - DAG(s) 'example_setup_teardown_taskflow' retrieved from /home/airflow/.local/lib/python3.12/site-packages/airflow/example_dags/example_setup_teardown_taskflow.py
[2026-01-27T23:51:53.486+0000] {logging_mixin.py:188} INFO - [2026-01-27T23:51:53.485+0000] {dag.py:3096} INFO - Sync 1 DAGs
[2026-01-27T23:51:53.509+0000] {logging_mixin.py:188} INFO - [2026-01-27T23:51:53.508+0000] {dag.py:3954} INFO - Setting next_dagrun for example_setup_teardown_taskflow to 2026-01-26 00:00:00+00:00, run_after=2026-01-27 00:00:00+00:00
[2026-01-27T23:51:53.532+0000] {processor.py:183} INFO - Processing /home/airflow/.local/lib/python3.12/site-packages/airflow/example_dags/example_setup_teardown_taskflow.py took 0.089 seconds
[2026-01-27T23:52:23.947+0000] {processor.py:161} INFO - Started process (PID=1721) to work on /home/airflow/.local/lib/python3.12/site-packages/airflow/example_dags/example_setup_teardown_taskflow.py
[2026-01-27T23:52:23.949+0000] {processor.py:830} INFO - Processing file /home/airflow/.local/lib/python3.12/site-packages/airflow/example_dags/example_setup_teardown_taskflow.py for tasks to queue
[2026-01-27T23:52:23.952+0000] {logging_mixin.py:188} INFO - [2026-01-27T23:52:23.951+0000] {dagbag.py:540} INFO - Filling up the DagBag from /home/airflow/.local/lib/python3.12/site-packages/airflow/example_dags/example_setup_teardown_taskflow.py
[2026-01-27T23:52:23.963+0000] {processor.py:840} INFO - DAG(s) 'example_setup_teardown_taskflow' retrieved from /home/airflow/.local/lib/python3.12/site-packages/airflow/example_dags/example_setup_teardown_taskflow.py
[2026-01-27T23:52:23.995+0000] {logging_mixin.py:188} INFO - [2026-01-27T23:52:23.994+0000] {dag.py:3096} INFO - Sync 1 DAGs
[2026-01-27T23:52:24.031+0000] {logging_mixin.py:188} INFO - [2026-01-27T23:52:24.030+0000] {dag.py:3954} INFO - Setting next_dagrun for example_setup_teardown_taskflow to 2026-01-26 00:00:00+00:00, run_after=2026-01-27 00:00:00+00:00
[2026-01-27T23:52:24.058+0000] {processor.py:183} INFO - Processing /home/airflow/.local/lib/python3.12/site-packages/airflow/example_dags/example_setup_teardown_taskflow.py took 0.118 seconds
[2026-01-27T23:52:54.355+0000] {processor.py:161} INFO - Started process (PID=1773) to work on /home/airflow/.local/lib/python3.12/site-packages/airflow/example_dags/example_setup_teardown_taskflow.py
[2026-01-27T23:52:54.356+0000] {processor.py:830} INFO - Processing file /home/airflow/.local/lib/python3.12/site-packages/airflow/example_dags/example_setup_teardown_taskflow.py for tasks to queue
[2026-01-27T23:52:54.358+0000] {logging_mixin.py:188} INFO - [2026-01-27T23:52:54.358+0000] {dagbag.py:540} INFO - Filling up the DagBag from /home/airflow/.local/lib/python3.12/site-packages/airflow/example_dags/example_setup_teardown_taskflow.py
[2026-01-27T23:52:54.367+0000] {processor.py:840} INFO - DAG(s) 'example_setup_teardown_taskflow' retrieved from /home/airflow/.local/lib/python3.12/site-packages/airflow/example_dags/example_setup_teardown_taskflow.py
[2026-01-27T23:52:54.389+0000] {logging_mixin.py:188} INFO - [2026-01-27T23:52:54.388+0000] {dag.py:3096} INFO - Sync 1 DAGs
[2026-01-27T23:52:54.408+0000] {logging_mixin.py:188} INFO - [2026-01-27T23:52:54.408+0000] {dag.py:3954} INFO - Setting next_dagrun for example_setup_teardown_taskflow to 2026-01-26 00:00:00+00:00, run_after=2026-01-27 00:00:00+00:00
[2026-01-27T23:52:54.428+0000] {processor.py:183} INFO - Processing /home/airflow/.local/lib/python3.12/site-packages/airflow/example_dags/example_setup_teardown_taskflow.py took 0.079 seconds
[2026-01-27T23:53:24.552+0000] {processor.py:161} INFO - Started process (PID=1825) to work on /home/airflow/.local/lib/python3.12/site-packages/airflow/example_dags/example_setup_teardown_taskflow.py
[2026-01-27T23:53:24.553+0000] {processor.py:830} INFO - Processing file /home/airflow/.local/lib/python3.12/site-packages/airflow/example_dags/example_setup_teardown_taskflow.py for tasks to queue
[2026-01-27T23:53:24.555+0000] {logging_mixin.py:188} INFO - [2026-01-27T23:53:24.555+0000] {dagbag.py:540} INFO - Filling up the DagBag from /home/airflow/.local/lib/python3.12/site-packages/airflow/example_dags/example_setup_teardown_taskflow.py
[2026-01-27T23:53:24.563+0000] {processor.py:840} INFO - DAG(s) 'example_setup_teardown_taskflow' retrieved from /home/airflow/.local/lib/python3.12/site-packages/airflow/example_dags/example_setup_teardown_taskflow.py
[2026-01-27T23:53:24.585+0000] {logging_mixin.py:188} INFO - [2026-01-27T23:53:24.585+0000] {dag.py:3096} INFO - Sync 1 DAGs
[2026-01-27T23:53:24.605+0000] {logging_mixin.py:188} INFO - [2026-01-27T23:53:24.605+0000] {dag.py:3954} INFO - Setting next_dagrun for example_setup_teardown_taskflow to 2026-01-26 00:00:00+00:00, run_after=2026-01-27 00:00:00+00:00
[2026-01-27T23:53:24.638+0000] {processor.py:183} INFO - Processing /home/airflow/.local/lib/python3.12/site-packages/airflow/example_dags/example_setup_teardown_taskflow.py took 0.091 seconds
[2026-01-27T23:53:54.712+0000] {processor.py:161} INFO - Started process (PID=1877) to work on /home/airflow/.local/lib/python3.12/site-packages/airflow/example_dags/example_setup_teardown_taskflow.py
[2026-01-27T23:53:54.713+0000] {processor.py:830} INFO - Processing file /home/airflow/.local/lib/python3.12/site-packages/airflow/example_dags/example_setup_teardown_taskflow.py for tasks to queue
[2026-01-27T23:53:54.716+0000] {logging_mixin.py:188} INFO - [2026-01-27T23:53:54.715+0000] {dagbag.py:540} INFO - Filling up the DagBag from /home/airflow/.local/lib/python3.12/site-packages/airflow/example_dags/example_setup_teardown_taskflow.py
[2026-01-27T23:53:54.728+0000] {processor.py:840} INFO - DAG(s) 'example_setup_teardown_taskflow' retrieved from /home/airflow/.local/lib/python3.12/site-packages/airflow/example_dags/example_setup_teardown_taskflow.py
[2026-01-27T23:53:54.764+0000] {logging_mixin.py:188} INFO - [2026-01-27T23:53:54.763+0000] {dag.py:3096} INFO - Sync 1 DAGs
[2026-01-27T23:53:54.795+0000] {logging_mixin.py:188} INFO - [2026-01-27T23:53:54.794+0000] {dag.py:3954} INFO - Setting next_dagrun for example_setup_teardown_taskflow to 2026-01-26 00:00:00+00:00, run_after=2026-01-27 00:00:00+00:00
[2026-01-27T23:53:54.822+0000] {processor.py:183} INFO - Processing /home/airflow/.local/lib/python3.12/site-packages/airflow/example_dags/example_setup_teardown_taskflow.py took 0.118 seconds
[2026-01-27T23:54:25.844+0000] {processor.py:161} INFO - Started process (PID=1929) to work on /home/airflow/.local/lib/python3.12/site-packages/airflow/example_dags/example_setup_teardown_taskflow.py
[2026-01-27T23:54:25.846+0000] {processor.py:830} INFO - Processing file /home/airflow/.local/lib/python3.12/site-packages/airflow/example_dags/example_setup_teardown_taskflow.py for tasks to queue
[2026-01-27T23:54:25.850+0000] {logging_mixin.py:188} INFO - [2026-01-27T23:54:25.849+0000] {dagbag.py:540} INFO - Filling up the DagBag from /home/airflow/.local/lib/python3.12/site-packages/airflow/example_dags/example_setup_teardown_taskflow.py
[2026-01-27T23:54:25.871+0000] {processor.py:840} INFO - DAG(s) 'example_setup_teardown_taskflow' retrieved from /home/airflow/.local/lib/python3.12/site-packages/airflow/example_dags/example_setup_teardown_taskflow.py
[2026-01-27T23:54:25.935+0000] {logging_mixin.py:188} INFO - [2026-01-27T23:54:25.934+0000] {dag.py:3096} INFO - Sync 1 DAGs
[2026-01-27T23:54:25.999+0000] {logging_mixin.py:188} INFO - [2026-01-27T23:54:25.999+0000] {dag.py:3954} INFO - Setting next_dagrun for example_setup_teardown_taskflow to 2026-01-26 00:00:00+00:00, run_after=2026-01-27 00:00:00+00:00
[2026-01-27T23:54:26.058+0000] {processor.py:183} INFO - Processing /home/airflow/.local/lib/python3.12/site-packages/airflow/example_dags/example_setup_teardown_taskflow.py took 0.229 seconds
[2026-01-27T23:54:56.163+0000] {processor.py:161} INFO - Started process (PID=1981) to work on /home/airflow/.local/lib/python3.12/site-packages/airflow/example_dags/example_setup_teardown_taskflow.py
[2026-01-27T23:54:56.164+0000] {processor.py:830} INFO - Processing file /home/airflow/.local/lib/python3.12/site-packages/airflow/example_dags/example_setup_teardown_taskflow.py for tasks to queue
[2026-01-27T23:54:56.166+0000] {logging_mixin.py:188} INFO - [2026-01-27T23:54:56.166+0000] {dagbag.py:540} INFO - Filling up the DagBag from /home/airflow/.local/lib/python3.12/site-packages/airflow/example_dags/example_setup_teardown_taskflow.py
[2026-01-27T23:54:56.176+0000] {processor.py:840} INFO - DAG(s) 'example_setup_teardown_taskflow' retrieved from /home/airflow/.local/lib/python3.12/site-packages/airflow/example_dags/example_setup_teardown_taskflow.py
[2026-01-27T23:54:56.199+0000] {logging_mixin.py:188} INFO - [2026-01-27T23:54:56.199+0000] {dag.py:3096} INFO - Sync 1 DAGs
[2026-01-27T23:54:56.221+0000] {logging_mixin.py:188} INFO - [2026-01-27T23:54:56.220+0000] {dag.py:3954} INFO - Setting next_dagrun for example_setup_teardown_taskflow to 2026-01-26 00:00:00+00:00, run_after=2026-01-27 00:00:00+00:00
[2026-01-27T23:54:56.238+0000] {processor.py:183} INFO - Processing /home/airflow/.local/lib/python3.12/site-packages/airflow/example_dags/example_setup_teardown_taskflow.py took 0.086 seconds
[2026-01-27T23:55:26.785+0000] {processor.py:161} INFO - Started process (PID=2033) to work on /home/airflow/.local/lib/python3.12/site-packages/airflow/example_dags/example_setup_teardown_taskflow.py
[2026-01-27T23:55:26.787+0000] {processor.py:830} INFO - Processing file /home/airflow/.local/lib/python3.12/site-packages/airflow/example_dags/example_setup_teardown_taskflow.py for tasks to queue
[2026-01-27T23:55:26.789+0000] {logging_mixin.py:188} INFO - [2026-01-27T23:55:26.789+0000] {dagbag.py:540} INFO - Filling up the DagBag from /home/airflow/.local/lib/python3.12/site-packages/airflow/example_dags/example_setup_teardown_taskflow.py
[2026-01-27T23:55:26.798+0000] {processor.py:840} INFO - DAG(s) 'example_setup_teardown_taskflow' retrieved from /home/airflow/.local/lib/python3.12/site-packages/airflow/example_dags/example_setup_teardown_taskflow.py
[2026-01-27T23:55:26.822+0000] {logging_mixin.py:188} INFO - [2026-01-27T23:55:26.822+0000] {dag.py:3096} INFO - Sync 1 DAGs
[2026-01-27T23:55:26.841+0000] {logging_mixin.py:188} INFO - [2026-01-27T23:55:26.841+0000] {dag.py:3954} INFO - Setting next_dagrun for example_setup_teardown_taskflow to 2026-01-26 00:00:00+00:00, run_after=2026-01-27 00:00:00+00:00
[2026-01-27T23:55:26.863+0000] {processor.py:183} INFO - Processing /home/airflow/.local/lib/python3.12/site-packages/airflow/example_dags/example_setup_teardown_taskflow.py took 0.084 seconds
[2026-01-27T23:55:57.100+0000] {processor.py:161} INFO - Started process (PID=2085) to work on /home/airflow/.local/lib/python3.12/site-packages/airflow/example_dags/example_setup_teardown_taskflow.py
[2026-01-27T23:55:57.101+0000] {processor.py:830} INFO - Processing file /home/airflow/.local/lib/python3.12/site-packages/airflow/example_dags/example_setup_teardown_taskflow.py for tasks to queue
[2026-01-27T23:55:57.104+0000] {logging_mixin.py:188} INFO - [2026-01-27T23:55:57.103+0000] {dagbag.py:540} INFO - Filling up the DagBag from /home/airflow/.local/lib/python3.12/site-packages/airflow/example_dags/example_setup_teardown_taskflow.py
[2026-01-27T23:55:57.113+0000] {processor.py:840} INFO - DAG(s) 'example_setup_teardown_taskflow' retrieved from /home/airflow/.local/lib/python3.12/site-packages/airflow/example_dags/example_setup_teardown_taskflow.py
[2026-01-27T23:55:57.139+0000] {logging_mixin.py:188} INFO - [2026-01-27T23:55:57.138+0000] {dag.py:3096} INFO - Sync 1 DAGs
[2026-01-27T23:55:57.165+0000] {logging_mixin.py:188} INFO - [2026-01-27T23:55:57.164+0000] {dag.py:3954} INFO - Setting next_dagrun for example_setup_teardown_taskflow to 2026-01-26 00:00:00+00:00, run_after=2026-01-27 00:00:00+00:00
[2026-01-27T23:55:57.189+0000] {processor.py:183} INFO - Processing /home/airflow/.local/lib/python3.12/site-packages/airflow/example_dags/example_setup_teardown_taskflow.py took 0.095 seconds
[2026-01-27T23:56:27.301+0000] {processor.py:161} INFO - Started process (PID=2137) to work on /home/airflow/.local/lib/python3.12/site-packages/airflow/example_dags/example_setup_teardown_taskflow.py
[2026-01-27T23:56:27.302+0000] {processor.py:830} INFO - Processing file /home/airflow/.local/lib/python3.12/site-packages/airflow/example_dags/example_setup_teardown_taskflow.py for tasks to queue
[2026-01-27T23:56:27.304+0000] {logging_mixin.py:188} INFO - [2026-01-27T23:56:27.303+0000] {dagbag.py:540} INFO - Filling up the DagBag from /home/airflow/.local/lib/python3.12/site-packages/airflow/example_dags/example_setup_teardown_taskflow.py
[2026-01-27T23:56:27.312+0000] {processor.py:840} INFO - DAG(s) 'example_setup_teardown_taskflow' retrieved from /home/airflow/.local/lib/python3.12/site-packages/airflow/example_dags/example_setup_teardown_taskflow.py
[2026-01-27T23:56:27.333+0000] {logging_mixin.py:188} INFO - [2026-01-27T23:56:27.333+0000] {dag.py:3096} INFO - Sync 1 DAGs
[2026-01-27T23:56:27.356+0000] {logging_mixin.py:188} INFO - [2026-01-27T23:56:27.355+0000] {dag.py:3954} INFO - Setting next_dagrun for example_setup_teardown_taskflow to 2026-01-26 00:00:00+00:00, run_after=2026-01-27 00:00:00+00:00
[2026-01-27T23:56:27.374+0000] {processor.py:183} INFO - Processing /home/airflow/.local/lib/python3.12/site-packages/airflow/example_dags/example_setup_teardown_taskflow.py took 0.079 seconds
[2026-01-27T23:56:57.480+0000] {processor.py:161} INFO - Started process (PID=2189) to work on /home/airflow/.local/lib/python3.12/site-packages/airflow/example_dags/example_setup_teardown_taskflow.py
[2026-01-27T23:56:57.481+0000] {processor.py:830} INFO - Processing file /home/airflow/.local/lib/python3.12/site-packages/airflow/example_dags/example_setup_teardown_taskflow.py for tasks to queue
[2026-01-27T23:56:57.484+0000] {logging_mixin.py:188} INFO - [2026-01-27T23:56:57.483+0000] {dagbag.py:540} INFO - Filling up the DagBag from /home/airflow/.local/lib/python3.12/site-packages/airflow/example_dags/example_setup_teardown_taskflow.py
[2026-01-27T23:56:57.494+0000] {processor.py:840} INFO - DAG(s) 'example_setup_teardown_taskflow' retrieved from /home/airflow/.local/lib/python3.12/site-packages/airflow/example_dags/example_setup_teardown_taskflow.py
[2026-01-27T23:56:57.517+0000] {logging_mixin.py:188} INFO - [2026-01-27T23:56:57.517+0000] {dag.py:3096} INFO - Sync 1 DAGs
[2026-01-27T23:56:57.539+0000] {logging_mixin.py:188} INFO - [2026-01-27T23:56:57.539+0000] {dag.py:3954} INFO - Setting next_dagrun for example_setup_teardown_taskflow to 2026-01-26 00:00:00+00:00, run_after=2026-01-27 00:00:00+00:00
[2026-01-27T23:56:57.559+0000] {processor.py:183} INFO - Processing /home/airflow/.local/lib/python3.12/site-packages/airflow/example_dags/example_setup_teardown_taskflow.py took 0.086 seconds
[2026-01-27T23:57:28.296+0000] {processor.py:161} INFO - Started process (PID=2241) to work on /home/airflow/.local/lib/python3.12/site-packages/airflow/example_dags/example_setup_teardown_taskflow.py
[2026-01-27T23:57:28.297+0000] {processor.py:830} INFO - Processing file /home/airflow/.local/lib/python3.12/site-packages/airflow/example_dags/example_setup_teardown_taskflow.py for tasks to queue
[2026-01-27T23:57:28.299+0000] {logging_mixin.py:188} INFO - [2026-01-27T23:57:28.299+0000] {dagbag.py:540} INFO - Filling up the DagBag from /home/airflow/.local/lib/python3.12/site-packages/airflow/example_dags/example_setup_teardown_taskflow.py
[2026-01-27T23:57:28.308+0000] {processor.py:840} INFO - DAG(s) 'example_setup_teardown_taskflow' retrieved from /home/airflow/.local/lib/python3.12/site-packages/airflow/example_dags/example_setup_teardown_taskflow.py
[2026-01-27T23:57:28.328+0000] {logging_mixin.py:188} INFO - [2026-01-27T23:57:28.328+0000] {dag.py:3096} INFO - Sync 1 DAGs
[2026-01-27T23:57:28.348+0000] {logging_mixin.py:188} INFO - [2026-01-27T23:57:28.348+0000] {dag.py:3954} INFO - Setting next_dagrun for example_setup_teardown_taskflow to 2026-01-26 00:00:00+00:00, run_after=2026-01-27 00:00:00+00:00
[2026-01-27T23:57:28.366+0000] {processor.py:183} INFO - Processing /home/airflow/.local/lib/python3.12/site-packages/airflow/example_dags/example_setup_teardown_taskflow.py took 0.076 seconds
[2026-01-27T23:57:58.483+0000] {processor.py:161} INFO - Started process (PID=2293) to work on /home/airflow/.local/lib/python3.12/site-packages/airflow/example_dags/example_setup_teardown_taskflow.py
[2026-01-27T23:57:58.488+0000] {processor.py:830} INFO - Processing file /home/airflow/.local/lib/python3.12/site-packages/airflow/example_dags/example_setup_teardown_taskflow.py for tasks to queue
[2026-01-27T23:57:58.491+0000] {logging_mixin.py:188} INFO - [2026-01-27T23:57:58.491+0000] {dagbag.py:540} INFO - Filling up the DagBag from /home/airflow/.local/lib/python3.12/site-packages/airflow/example_dags/example_setup_teardown_taskflow.py
[2026-01-27T23:57:58.502+0000] {processor.py:840} INFO - DAG(s) 'example_setup_teardown_taskflow' retrieved from /home/airflow/.local/lib/python3.12/site-packages/airflow/example_dags/example_setup_teardown_taskflow.py
[2026-01-27T23:57:58.524+0000] {logging_mixin.py:188} INFO - [2026-01-27T23:57:58.524+0000] {dag.py:3096} INFO - Sync 1 DAGs
[2026-01-27T23:57:58.546+0000] {logging_mixin.py:188} INFO - [2026-01-27T23:57:58.546+0000] {dag.py:3954} INFO - Setting next_dagrun for example_setup_teardown_taskflow to 2026-01-26 00:00:00+00:00, run_after=2026-01-27 00:00:00+00:00
[2026-01-27T23:57:58.565+0000] {processor.py:183} INFO - Processing /home/airflow/.local/lib/python3.12/site-packages/airflow/example_dags/example_setup_teardown_taskflow.py took 0.089 seconds
[2026-01-27T23:58:28.860+0000] {processor.py:161} INFO - Started process (PID=2345) to work on /home/airflow/.local/lib/python3.12/site-packages/airflow/example_dags/example_setup_teardown_taskflow.py
[2026-01-27T23:58:28.862+0000] {processor.py:830} INFO - Processing file /home/airflow/.local/lib/python3.12/site-packages/airflow/example_dags/example_setup_teardown_taskflow.py for tasks to queue
[2026-01-27T23:58:28.863+0000] {logging_mixin.py:188} INFO - [2026-01-27T23:58:28.863+0000] {dagbag.py:540} INFO - Filling up the DagBag from /home/airflow/.local/lib/python3.12/site-packages/airflow/example_dags/example_setup_teardown_taskflow.py
[2026-01-27T23:58:28.872+0000] {processor.py:840} INFO - DAG(s) 'example_setup_teardown_taskflow' retrieved from /home/airflow/.local/lib/python3.12/site-packages/airflow/example_dags/example_setup_teardown_taskflow.py
[2026-01-27T23:58:28.895+0000] {logging_mixin.py:188} INFO - [2026-01-27T23:58:28.895+0000] {dag.py:3096} INFO - Sync 1 DAGs
[2026-01-27T23:58:28.920+0000] {logging_mixin.py:188} INFO - [2026-01-27T23:58:28.920+0000] {dag.py:3954} INFO - Setting next_dagrun for example_setup_teardown_taskflow to 2026-01-26 00:00:00+00:00, run_after=2026-01-27 00:00:00+00:00
[2026-01-27T23:58:28.942+0000] {processor.py:183} INFO - Processing /home/airflow/.local/lib/python3.12/site-packages/airflow/example_dags/example_setup_teardown_taskflow.py took 0.088 seconds
[2026-01-27T23:58:59.197+0000] {processor.py:161} INFO - Started process (PID=2397) to work on /home/airflow/.local/lib/python3.12/site-packages/airflow/example_dags/example_setup_teardown_taskflow.py
[2026-01-27T23:58:59.199+0000] {processor.py:830} INFO - Processing file /home/airflow/.local/lib/python3.12/site-packages/airflow/example_dags/example_setup_teardown_taskflow.py for tasks to queue
[2026-01-27T23:58:59.202+0000] {logging_mixin.py:188} INFO - [2026-01-27T23:58:59.202+0000] {dagbag.py:540} INFO - Filling up the DagBag from /home/airflow/.local/lib/python3.12/site-packages/airflow/example_dags/example_setup_teardown_taskflow.py
[2026-01-27T23:58:59.215+0000] {processor.py:840} INFO - DAG(s) 'example_setup_teardown_taskflow' retrieved from /home/airflow/.local/lib/python3.12/site-packages/airflow/example_dags/example_setup_teardown_taskflow.py
[2026-01-27T23:58:59.237+0000] {logging_mixin.py:188} INFO - [2026-01-27T23:58:59.237+0000] {dag.py:3096} INFO - Sync 1 DAGs
[2026-01-27T23:58:59.257+0000] {logging_mixin.py:188} INFO - [2026-01-27T23:58:59.256+0000] {dag.py:3954} INFO - Setting next_dagrun for example_setup_teardown_taskflow to 2026-01-26 00:00:00+00:00, run_after=2026-01-27 00:00:00+00:00
[2026-01-27T23:58:59.276+0000] {processor.py:183} INFO - Processing /home/airflow/.local/lib/python3.12/site-packages/airflow/example_dags/example_setup_teardown_taskflow.py took 0.085 seconds
[2026-01-27T23:59:29.886+0000] {processor.py:161} INFO - Started process (PID=2449) to work on /home/airflow/.local/lib/python3.12/site-packages/airflow/example_dags/example_setup_teardown_taskflow.py
[2026-01-27T23:59:29.887+0000] {processor.py:830} INFO - Processing file /home/airflow/.local/lib/python3.12/site-packages/airflow/example_dags/example_setup_teardown_taskflow.py for tasks to queue
[2026-01-27T23:59:29.891+0000] {logging_mixin.py:188} INFO - [2026-01-27T23:59:29.890+0000] {dagbag.py:540} INFO - Filling up the DagBag from /home/airflow/.local/lib/python3.12/site-packages/airflow/example_dags/example_setup_teardown_taskflow.py
[2026-01-27T23:59:29.901+0000] {processor.py:840} INFO - DAG(s) 'example_setup_teardown_taskflow' retrieved from /home/airflow/.local/lib/python3.12/site-packages/airflow/example_dags/example_setup_teardown_taskflow.py
[2026-01-27T23:59:29.923+0000] {logging_mixin.py:188} INFO - [2026-01-27T23:59:29.923+0000] {dag.py:3096} INFO - Sync 1 DAGs
[2026-01-27T23:59:29.947+0000] {logging_mixin.py:188} INFO - [2026-01-27T23:59:29.947+0000] {dag.py:3954} INFO - Setting next_dagrun for example_setup_teardown_taskflow to 2026-01-26 00:00:00+00:00, run_after=2026-01-27 00:00:00+00:00
[2026-01-27T23:59:29.967+0000] {processor.py:183} INFO - Processing /home/airflow/.local/lib/python3.12/site-packages/airflow/example_dags/example_setup_teardown_taskflow.py took 0.087 seconds
