[2026-01-27 23:27:03,029] {scheduler_job.py:182} INFO - Started process (PID=42) to work on /home/airflow/.local/lib/python3.6/site-packages/airflow/example_dags/example_branch_operator.py
[2026-01-27 23:27:03,055] {scheduler_job.py:629} INFO - Processing file /home/airflow/.local/lib/python3.6/site-packages/airflow/example_dags/example_branch_operator.py for tasks to queue
[2026-01-27 23:27:03,084] {logging_mixin.py:104} INFO - [2026-01-27 23:27:03,081] {dagbag.py:448} INFO - Filling up the DagBag from /home/airflow/.local/lib/python3.6/site-packages/airflow/example_dags/example_branch_operator.py
[2026-01-27 23:27:03,450] {scheduler_job.py:639} INFO - DAG(s) dict_keys(['example_branch_operator']) retrieved from /home/airflow/.local/lib/python3.6/site-packages/airflow/example_dags/example_branch_operator.py
[2026-01-27 23:27:04,123] {logging_mixin.py:104} INFO - [2026-01-27 23:27:04,123] {dag.py:1818} INFO - Sync 1 DAGs
[2026-01-27 23:27:04,212] {logging_mixin.py:104} INFO - [2026-01-27 23:27:04,212] {dag.py:1837} INFO - Creating ORM DAG for example_branch_operator
[2026-01-27 23:27:04,276] {logging_mixin.py:104} INFO - [2026-01-27 23:27:04,275] {dag.py:2273} INFO - Setting next_dagrun for example_branch_operator to 2026-01-25 00:00:00+00:00
[2026-01-27 23:27:04,381] {scheduler_job.py:190} INFO - Processing /home/airflow/.local/lib/python3.6/site-packages/airflow/example_dags/example_branch_operator.py took 1.387 seconds
[2026-01-27 23:27:34,795] {scheduler_job.py:182} INFO - Started process (PID=68) to work on /home/airflow/.local/lib/python3.6/site-packages/airflow/example_dags/example_branch_operator.py
[2026-01-27 23:27:34,797] {scheduler_job.py:629} INFO - Processing file /home/airflow/.local/lib/python3.6/site-packages/airflow/example_dags/example_branch_operator.py for tasks to queue
[2026-01-27 23:27:34,801] {logging_mixin.py:104} INFO - [2026-01-27 23:27:34,801] {dagbag.py:448} INFO - Filling up the DagBag from /home/airflow/.local/lib/python3.6/site-packages/airflow/example_dags/example_branch_operator.py
[2026-01-27 23:27:34,950] {scheduler_job.py:639} INFO - DAG(s) dict_keys(['example_branch_operator']) retrieved from /home/airflow/.local/lib/python3.6/site-packages/airflow/example_dags/example_branch_operator.py
[2026-01-27 23:27:35,253] {logging_mixin.py:104} INFO - [2026-01-27 23:27:35,252] {dag.py:1818} INFO - Sync 1 DAGs
[2026-01-27 23:27:35,432] {logging_mixin.py:104} INFO - [2026-01-27 23:27:35,432] {dag.py:2273} INFO - Setting next_dagrun for example_branch_operator to 2026-01-25 00:00:00+00:00
[2026-01-27 23:27:35,468] {scheduler_job.py:190} INFO - Processing /home/airflow/.local/lib/python3.6/site-packages/airflow/example_dags/example_branch_operator.py took 0.684 seconds
[2026-01-27 23:28:06,191] {scheduler_job.py:182} INFO - Started process (PID=94) to work on /home/airflow/.local/lib/python3.6/site-packages/airflow/example_dags/example_branch_operator.py
[2026-01-27 23:28:06,194] {scheduler_job.py:629} INFO - Processing file /home/airflow/.local/lib/python3.6/site-packages/airflow/example_dags/example_branch_operator.py for tasks to queue
[2026-01-27 23:28:06,195] {logging_mixin.py:104} INFO - [2026-01-27 23:28:06,195] {dagbag.py:448} INFO - Filling up the DagBag from /home/airflow/.local/lib/python3.6/site-packages/airflow/example_dags/example_branch_operator.py
[2026-01-27 23:28:06,242] {scheduler_job.py:639} INFO - DAG(s) dict_keys(['example_branch_operator']) retrieved from /home/airflow/.local/lib/python3.6/site-packages/airflow/example_dags/example_branch_operator.py
[2026-01-27 23:28:06,288] {logging_mixin.py:104} INFO - [2026-01-27 23:28:06,288] {dag.py:1818} INFO - Sync 1 DAGs
[2026-01-27 23:28:06,341] {logging_mixin.py:104} INFO - [2026-01-27 23:28:06,341] {dag.py:2273} INFO - Setting next_dagrun for example_branch_operator to 2026-01-25 00:00:00+00:00
[2026-01-27 23:28:06,366] {scheduler_job.py:190} INFO - Processing /home/airflow/.local/lib/python3.6/site-packages/airflow/example_dags/example_branch_operator.py took 0.183 seconds
[2026-01-27 23:28:36,464] {scheduler_job.py:182} INFO - Started process (PID=120) to work on /home/airflow/.local/lib/python3.6/site-packages/airflow/example_dags/example_branch_operator.py
[2026-01-27 23:28:36,466] {scheduler_job.py:629} INFO - Processing file /home/airflow/.local/lib/python3.6/site-packages/airflow/example_dags/example_branch_operator.py for tasks to queue
[2026-01-27 23:28:36,467] {logging_mixin.py:104} INFO - [2026-01-27 23:28:36,467] {dagbag.py:448} INFO - Filling up the DagBag from /home/airflow/.local/lib/python3.6/site-packages/airflow/example_dags/example_branch_operator.py
[2026-01-27 23:28:36,490] {scheduler_job.py:639} INFO - DAG(s) dict_keys(['example_branch_operator']) retrieved from /home/airflow/.local/lib/python3.6/site-packages/airflow/example_dags/example_branch_operator.py
[2026-01-27 23:28:36,519] {logging_mixin.py:104} INFO - [2026-01-27 23:28:36,519] {dag.py:1818} INFO - Sync 1 DAGs
[2026-01-27 23:28:36,543] {logging_mixin.py:104} INFO - [2026-01-27 23:28:36,542] {dag.py:2273} INFO - Setting next_dagrun for example_branch_operator to 2026-01-25 00:00:00+00:00
[2026-01-27 23:28:36,553] {scheduler_job.py:190} INFO - Processing /home/airflow/.local/lib/python3.6/site-packages/airflow/example_dags/example_branch_operator.py took 0.094 seconds
[2026-01-27 23:29:06,751] {scheduler_job.py:182} INFO - Started process (PID=146) to work on /home/airflow/.local/lib/python3.6/site-packages/airflow/example_dags/example_branch_operator.py
[2026-01-27 23:29:06,753] {scheduler_job.py:629} INFO - Processing file /home/airflow/.local/lib/python3.6/site-packages/airflow/example_dags/example_branch_operator.py for tasks to queue
[2026-01-27 23:29:06,754] {logging_mixin.py:104} INFO - [2026-01-27 23:29:06,754] {dagbag.py:448} INFO - Filling up the DagBag from /home/airflow/.local/lib/python3.6/site-packages/airflow/example_dags/example_branch_operator.py
[2026-01-27 23:29:06,778] {scheduler_job.py:639} INFO - DAG(s) dict_keys(['example_branch_operator']) retrieved from /home/airflow/.local/lib/python3.6/site-packages/airflow/example_dags/example_branch_operator.py
[2026-01-27 23:29:06,805] {logging_mixin.py:104} INFO - [2026-01-27 23:29:06,805] {dag.py:1818} INFO - Sync 1 DAGs
[2026-01-27 23:29:06,829] {logging_mixin.py:104} INFO - [2026-01-27 23:29:06,829] {dag.py:2273} INFO - Setting next_dagrun for example_branch_operator to 2026-01-25 00:00:00+00:00
[2026-01-27 23:29:06,841] {scheduler_job.py:190} INFO - Processing /home/airflow/.local/lib/python3.6/site-packages/airflow/example_dags/example_branch_operator.py took 0.097 seconds
[2026-01-27 23:29:37,050] {scheduler_job.py:182} INFO - Started process (PID=172) to work on /home/airflow/.local/lib/python3.6/site-packages/airflow/example_dags/example_branch_operator.py
[2026-01-27 23:29:37,052] {scheduler_job.py:629} INFO - Processing file /home/airflow/.local/lib/python3.6/site-packages/airflow/example_dags/example_branch_operator.py for tasks to queue
[2026-01-27 23:29:37,053] {logging_mixin.py:104} INFO - [2026-01-27 23:29:37,053] {dagbag.py:448} INFO - Filling up the DagBag from /home/airflow/.local/lib/python3.6/site-packages/airflow/example_dags/example_branch_operator.py
[2026-01-27 23:29:37,066] {scheduler_job.py:639} INFO - DAG(s) dict_keys(['example_branch_operator']) retrieved from /home/airflow/.local/lib/python3.6/site-packages/airflow/example_dags/example_branch_operator.py
[2026-01-27 23:29:37,090] {logging_mixin.py:104} INFO - [2026-01-27 23:29:37,090] {dag.py:1818} INFO - Sync 1 DAGs
[2026-01-27 23:29:37,108] {logging_mixin.py:104} INFO - [2026-01-27 23:29:37,108] {dag.py:2273} INFO - Setting next_dagrun for example_branch_operator to 2026-01-25 00:00:00+00:00
[2026-01-27 23:29:37,119] {scheduler_job.py:190} INFO - Processing /home/airflow/.local/lib/python3.6/site-packages/airflow/example_dags/example_branch_operator.py took 0.073 seconds
[2026-01-27 23:30:07,283] {scheduler_job.py:182} INFO - Started process (PID=198) to work on /home/airflow/.local/lib/python3.6/site-packages/airflow/example_dags/example_branch_operator.py
[2026-01-27 23:30:07,285] {scheduler_job.py:629} INFO - Processing file /home/airflow/.local/lib/python3.6/site-packages/airflow/example_dags/example_branch_operator.py for tasks to queue
[2026-01-27 23:30:07,286] {logging_mixin.py:104} INFO - [2026-01-27 23:30:07,286] {dagbag.py:448} INFO - Filling up the DagBag from /home/airflow/.local/lib/python3.6/site-packages/airflow/example_dags/example_branch_operator.py
[2026-01-27 23:30:07,298] {scheduler_job.py:639} INFO - DAG(s) dict_keys(['example_branch_operator']) retrieved from /home/airflow/.local/lib/python3.6/site-packages/airflow/example_dags/example_branch_operator.py
[2026-01-27 23:30:07,321] {logging_mixin.py:104} INFO - [2026-01-27 23:30:07,321] {dag.py:1818} INFO - Sync 1 DAGs
[2026-01-27 23:30:07,340] {logging_mixin.py:104} INFO - [2026-01-27 23:30:07,340] {dag.py:2273} INFO - Setting next_dagrun for example_branch_operator to 2026-01-25 00:00:00+00:00
[2026-01-27 23:30:07,361] {scheduler_job.py:190} INFO - Processing /home/airflow/.local/lib/python3.6/site-packages/airflow/example_dags/example_branch_operator.py took 0.080 seconds
[2026-01-27 23:30:37,690] {scheduler_job.py:182} INFO - Started process (PID=224) to work on /home/airflow/.local/lib/python3.6/site-packages/airflow/example_dags/example_branch_operator.py
[2026-01-27 23:30:37,692] {scheduler_job.py:629} INFO - Processing file /home/airflow/.local/lib/python3.6/site-packages/airflow/example_dags/example_branch_operator.py for tasks to queue
[2026-01-27 23:30:37,693] {logging_mixin.py:104} INFO - [2026-01-27 23:30:37,693] {dagbag.py:448} INFO - Filling up the DagBag from /home/airflow/.local/lib/python3.6/site-packages/airflow/example_dags/example_branch_operator.py
[2026-01-27 23:30:37,709] {scheduler_job.py:639} INFO - DAG(s) dict_keys(['example_branch_operator']) retrieved from /home/airflow/.local/lib/python3.6/site-packages/airflow/example_dags/example_branch_operator.py
[2026-01-27 23:30:37,733] {logging_mixin.py:104} INFO - [2026-01-27 23:30:37,733] {dag.py:1818} INFO - Sync 1 DAGs
[2026-01-27 23:30:37,754] {logging_mixin.py:104} INFO - [2026-01-27 23:30:37,754] {dag.py:2273} INFO - Setting next_dagrun for example_branch_operator to 2026-01-25 00:00:00+00:00
[2026-01-27 23:30:37,778] {scheduler_job.py:190} INFO - Processing /home/airflow/.local/lib/python3.6/site-packages/airflow/example_dags/example_branch_operator.py took 0.091 seconds
[2026-01-27 23:31:08,045] {scheduler_job.py:182} INFO - Started process (PID=250) to work on /home/airflow/.local/lib/python3.6/site-packages/airflow/example_dags/example_branch_operator.py
[2026-01-27 23:31:08,047] {scheduler_job.py:629} INFO - Processing file /home/airflow/.local/lib/python3.6/site-packages/airflow/example_dags/example_branch_operator.py for tasks to queue
[2026-01-27 23:31:08,048] {logging_mixin.py:104} INFO - [2026-01-27 23:31:08,048] {dagbag.py:448} INFO - Filling up the DagBag from /home/airflow/.local/lib/python3.6/site-packages/airflow/example_dags/example_branch_operator.py
[2026-01-27 23:31:08,078] {scheduler_job.py:639} INFO - DAG(s) dict_keys(['example_branch_operator']) retrieved from /home/airflow/.local/lib/python3.6/site-packages/airflow/example_dags/example_branch_operator.py
[2026-01-27 23:31:08,113] {logging_mixin.py:104} INFO - [2026-01-27 23:31:08,113] {dag.py:1818} INFO - Sync 1 DAGs
[2026-01-27 23:31:08,156] {logging_mixin.py:104} INFO - [2026-01-27 23:31:08,156] {dag.py:2273} INFO - Setting next_dagrun for example_branch_operator to 2026-01-25 00:00:00+00:00
[2026-01-27 23:31:08,180] {scheduler_job.py:190} INFO - Processing /home/airflow/.local/lib/python3.6/site-packages/airflow/example_dags/example_branch_operator.py took 0.139 seconds
[2026-01-27T23:36:08.510+0000] {processor.py:161} INFO - Started process (PID=64) to work on /home/airflow/.local/lib/python3.12/site-packages/airflow/example_dags/example_branch_operator.py
[2026-01-27T23:36:08.513+0000] {processor.py:830} INFO - Processing file /home/airflow/.local/lib/python3.12/site-packages/airflow/example_dags/example_branch_operator.py for tasks to queue
[2026-01-27T23:36:08.522+0000] {logging_mixin.py:188} INFO - [2026-01-27T23:36:08.521+0000] {dagbag.py:540} INFO - Filling up the DagBag from /home/airflow/.local/lib/python3.12/site-packages/airflow/example_dags/example_branch_operator.py
[2026-01-27T23:36:08.581+0000] {processor.py:840} INFO - DAG(s) 'example_branch_operator' retrieved from /home/airflow/.local/lib/python3.12/site-packages/airflow/example_dags/example_branch_operator.py
[2026-01-27T23:36:08.924+0000] {logging_mixin.py:188} INFO - [2026-01-27T23:36:08.923+0000] {dag.py:3096} INFO - Sync 1 DAGs
[2026-01-27T23:36:08.984+0000] {logging_mixin.py:188} INFO - [2026-01-27T23:36:08.982+0000] {dag.py:3954} INFO - Setting next_dagrun for example_branch_operator to 2026-01-26 00:00:00+00:00, run_after=2026-01-27 00:00:00+00:00
[2026-01-27T23:36:09.043+0000] {processor.py:183} INFO - Processing /home/airflow/.local/lib/python3.12/site-packages/airflow/example_dags/example_branch_operator.py took 0.552 seconds
[2026-01-27T23:36:39.787+0000] {processor.py:161} INFO - Started process (PID=116) to work on /home/airflow/.local/lib/python3.12/site-packages/airflow/example_dags/example_branch_operator.py
[2026-01-27T23:36:39.788+0000] {processor.py:830} INFO - Processing file /home/airflow/.local/lib/python3.12/site-packages/airflow/example_dags/example_branch_operator.py for tasks to queue
[2026-01-27T23:36:39.789+0000] {logging_mixin.py:188} INFO - [2026-01-27T23:36:39.789+0000] {dagbag.py:540} INFO - Filling up the DagBag from /home/airflow/.local/lib/python3.12/site-packages/airflow/example_dags/example_branch_operator.py
[2026-01-27T23:36:39.807+0000] {processor.py:840} INFO - DAG(s) 'example_branch_operator' retrieved from /home/airflow/.local/lib/python3.12/site-packages/airflow/example_dags/example_branch_operator.py
[2026-01-27T23:36:39.839+0000] {logging_mixin.py:188} INFO - [2026-01-27T23:36:39.838+0000] {dag.py:3096} INFO - Sync 1 DAGs
[2026-01-27T23:36:39.865+0000] {logging_mixin.py:188} INFO - [2026-01-27T23:36:39.865+0000] {dag.py:3954} INFO - Setting next_dagrun for example_branch_operator to 2026-01-26 00:00:00+00:00, run_after=2026-01-27 00:00:00+00:00
[2026-01-27T23:36:39.887+0000] {processor.py:183} INFO - Processing /home/airflow/.local/lib/python3.12/site-packages/airflow/example_dags/example_branch_operator.py took 0.105 seconds
[2026-01-27T23:37:09.943+0000] {processor.py:161} INFO - Started process (PID=168) to work on /home/airflow/.local/lib/python3.12/site-packages/airflow/example_dags/example_branch_operator.py
[2026-01-27T23:37:09.944+0000] {processor.py:830} INFO - Processing file /home/airflow/.local/lib/python3.12/site-packages/airflow/example_dags/example_branch_operator.py for tasks to queue
[2026-01-27T23:37:09.945+0000] {logging_mixin.py:188} INFO - [2026-01-27T23:37:09.945+0000] {dagbag.py:540} INFO - Filling up the DagBag from /home/airflow/.local/lib/python3.12/site-packages/airflow/example_dags/example_branch_operator.py
[2026-01-27T23:37:09.962+0000] {processor.py:840} INFO - DAG(s) 'example_branch_operator' retrieved from /home/airflow/.local/lib/python3.12/site-packages/airflow/example_dags/example_branch_operator.py
[2026-01-27T23:37:09.989+0000] {logging_mixin.py:188} INFO - [2026-01-27T23:37:09.989+0000] {dag.py:3096} INFO - Sync 1 DAGs
[2026-01-27T23:37:10.014+0000] {logging_mixin.py:188} INFO - [2026-01-27T23:37:10.014+0000] {dag.py:3954} INFO - Setting next_dagrun for example_branch_operator to 2026-01-26 00:00:00+00:00, run_after=2026-01-27 00:00:00+00:00
[2026-01-27T23:37:10.035+0000] {processor.py:183} INFO - Processing /home/airflow/.local/lib/python3.12/site-packages/airflow/example_dags/example_branch_operator.py took 0.098 seconds
[2026-01-27T23:37:40.415+0000] {processor.py:161} INFO - Started process (PID=220) to work on /home/airflow/.local/lib/python3.12/site-packages/airflow/example_dags/example_branch_operator.py
[2026-01-27T23:37:40.417+0000] {processor.py:830} INFO - Processing file /home/airflow/.local/lib/python3.12/site-packages/airflow/example_dags/example_branch_operator.py for tasks to queue
[2026-01-27T23:37:40.419+0000] {logging_mixin.py:188} INFO - [2026-01-27T23:37:40.419+0000] {dagbag.py:540} INFO - Filling up the DagBag from /home/airflow/.local/lib/python3.12/site-packages/airflow/example_dags/example_branch_operator.py
[2026-01-27T23:37:40.438+0000] {processor.py:840} INFO - DAG(s) 'example_branch_operator' retrieved from /home/airflow/.local/lib/python3.12/site-packages/airflow/example_dags/example_branch_operator.py
[2026-01-27T23:37:40.472+0000] {logging_mixin.py:188} INFO - [2026-01-27T23:37:40.472+0000] {dag.py:3096} INFO - Sync 1 DAGs
[2026-01-27T23:37:40.498+0000] {logging_mixin.py:188} INFO - [2026-01-27T23:37:40.498+0000] {dag.py:3954} INFO - Setting next_dagrun for example_branch_operator to 2026-01-26 00:00:00+00:00, run_after=2026-01-27 00:00:00+00:00
[2026-01-27T23:37:40.518+0000] {processor.py:183} INFO - Processing /home/airflow/.local/lib/python3.12/site-packages/airflow/example_dags/example_branch_operator.py took 0.109 seconds
[2026-01-27T23:38:10.874+0000] {processor.py:161} INFO - Started process (PID=272) to work on /home/airflow/.local/lib/python3.12/site-packages/airflow/example_dags/example_branch_operator.py
[2026-01-27T23:38:10.875+0000] {processor.py:830} INFO - Processing file /home/airflow/.local/lib/python3.12/site-packages/airflow/example_dags/example_branch_operator.py for tasks to queue
[2026-01-27T23:38:10.877+0000] {logging_mixin.py:188} INFO - [2026-01-27T23:38:10.876+0000] {dagbag.py:540} INFO - Filling up the DagBag from /home/airflow/.local/lib/python3.12/site-packages/airflow/example_dags/example_branch_operator.py
[2026-01-27T23:38:10.891+0000] {processor.py:840} INFO - DAG(s) 'example_branch_operator' retrieved from /home/airflow/.local/lib/python3.12/site-packages/airflow/example_dags/example_branch_operator.py
[2026-01-27T23:38:10.918+0000] {logging_mixin.py:188} INFO - [2026-01-27T23:38:10.917+0000] {dag.py:3096} INFO - Sync 1 DAGs
[2026-01-27T23:38:10.938+0000] {logging_mixin.py:188} INFO - [2026-01-27T23:38:10.938+0000] {dag.py:3954} INFO - Setting next_dagrun for example_branch_operator to 2026-01-26 00:00:00+00:00, run_after=2026-01-27 00:00:00+00:00
[2026-01-27T23:38:10.960+0000] {processor.py:183} INFO - Processing /home/airflow/.local/lib/python3.12/site-packages/airflow/example_dags/example_branch_operator.py took 0.092 seconds
[2026-01-27T23:38:41.113+0000] {processor.py:161} INFO - Started process (PID=324) to work on /home/airflow/.local/lib/python3.12/site-packages/airflow/example_dags/example_branch_operator.py
[2026-01-27T23:38:41.114+0000] {processor.py:830} INFO - Processing file /home/airflow/.local/lib/python3.12/site-packages/airflow/example_dags/example_branch_operator.py for tasks to queue
[2026-01-27T23:38:41.116+0000] {logging_mixin.py:188} INFO - [2026-01-27T23:38:41.115+0000] {dagbag.py:540} INFO - Filling up the DagBag from /home/airflow/.local/lib/python3.12/site-packages/airflow/example_dags/example_branch_operator.py
[2026-01-27T23:38:41.130+0000] {processor.py:840} INFO - DAG(s) 'example_branch_operator' retrieved from /home/airflow/.local/lib/python3.12/site-packages/airflow/example_dags/example_branch_operator.py
[2026-01-27T23:38:41.158+0000] {logging_mixin.py:188} INFO - [2026-01-27T23:38:41.158+0000] {dag.py:3096} INFO - Sync 1 DAGs
[2026-01-27T23:38:41.181+0000] {logging_mixin.py:188} INFO - [2026-01-27T23:38:41.181+0000] {dag.py:3954} INFO - Setting next_dagrun for example_branch_operator to 2026-01-26 00:00:00+00:00, run_after=2026-01-27 00:00:00+00:00
[2026-01-27T23:38:41.201+0000] {processor.py:183} INFO - Processing /home/airflow/.local/lib/python3.12/site-packages/airflow/example_dags/example_branch_operator.py took 0.094 seconds
[2026-01-27T23:39:11.676+0000] {processor.py:161} INFO - Started process (PID=376) to work on /home/airflow/.local/lib/python3.12/site-packages/airflow/example_dags/example_branch_operator.py
[2026-01-27T23:39:11.678+0000] {processor.py:830} INFO - Processing file /home/airflow/.local/lib/python3.12/site-packages/airflow/example_dags/example_branch_operator.py for tasks to queue
[2026-01-27T23:39:11.680+0000] {logging_mixin.py:188} INFO - [2026-01-27T23:39:11.680+0000] {dagbag.py:540} INFO - Filling up the DagBag from /home/airflow/.local/lib/python3.12/site-packages/airflow/example_dags/example_branch_operator.py
[2026-01-27T23:39:11.704+0000] {processor.py:840} INFO - DAG(s) 'example_branch_operator' retrieved from /home/airflow/.local/lib/python3.12/site-packages/airflow/example_dags/example_branch_operator.py
[2026-01-27T23:39:11.743+0000] {logging_mixin.py:188} INFO - [2026-01-27T23:39:11.742+0000] {dag.py:3096} INFO - Sync 1 DAGs
[2026-01-27T23:39:11.768+0000] {logging_mixin.py:188} INFO - [2026-01-27T23:39:11.768+0000] {dag.py:3954} INFO - Setting next_dagrun for example_branch_operator to 2026-01-26 00:00:00+00:00, run_after=2026-01-27 00:00:00+00:00
[2026-01-27T23:39:11.796+0000] {processor.py:183} INFO - Processing /home/airflow/.local/lib/python3.12/site-packages/airflow/example_dags/example_branch_operator.py took 0.127 seconds
[2026-01-27T23:39:42.451+0000] {processor.py:161} INFO - Started process (PID=428) to work on /home/airflow/.local/lib/python3.12/site-packages/airflow/example_dags/example_branch_operator.py
[2026-01-27T23:39:42.452+0000] {processor.py:830} INFO - Processing file /home/airflow/.local/lib/python3.12/site-packages/airflow/example_dags/example_branch_operator.py for tasks to queue
[2026-01-27T23:39:42.454+0000] {logging_mixin.py:188} INFO - [2026-01-27T23:39:42.454+0000] {dagbag.py:540} INFO - Filling up the DagBag from /home/airflow/.local/lib/python3.12/site-packages/airflow/example_dags/example_branch_operator.py
[2026-01-27T23:39:42.477+0000] {processor.py:840} INFO - DAG(s) 'example_branch_operator' retrieved from /home/airflow/.local/lib/python3.12/site-packages/airflow/example_dags/example_branch_operator.py
[2026-01-27T23:39:42.509+0000] {logging_mixin.py:188} INFO - [2026-01-27T23:39:42.509+0000] {dag.py:3096} INFO - Sync 1 DAGs
[2026-01-27T23:39:42.537+0000] {logging_mixin.py:188} INFO - [2026-01-27T23:39:42.537+0000] {dag.py:3954} INFO - Setting next_dagrun for example_branch_operator to 2026-01-26 00:00:00+00:00, run_after=2026-01-27 00:00:00+00:00
[2026-01-27T23:39:42.564+0000] {processor.py:183} INFO - Processing /home/airflow/.local/lib/python3.12/site-packages/airflow/example_dags/example_branch_operator.py took 0.119 seconds
[2026-01-27T23:40:13.050+0000] {processor.py:161} INFO - Started process (PID=480) to work on /home/airflow/.local/lib/python3.12/site-packages/airflow/example_dags/example_branch_operator.py
[2026-01-27T23:40:13.051+0000] {processor.py:830} INFO - Processing file /home/airflow/.local/lib/python3.12/site-packages/airflow/example_dags/example_branch_operator.py for tasks to queue
[2026-01-27T23:40:13.055+0000] {logging_mixin.py:188} INFO - [2026-01-27T23:40:13.054+0000] {dagbag.py:540} INFO - Filling up the DagBag from /home/airflow/.local/lib/python3.12/site-packages/airflow/example_dags/example_branch_operator.py
[2026-01-27T23:40:13.091+0000] {processor.py:840} INFO - DAG(s) 'example_branch_operator' retrieved from /home/airflow/.local/lib/python3.12/site-packages/airflow/example_dags/example_branch_operator.py
[2026-01-27T23:40:13.163+0000] {logging_mixin.py:188} INFO - [2026-01-27T23:40:13.163+0000] {dag.py:3096} INFO - Sync 1 DAGs
[2026-01-27T23:40:13.223+0000] {logging_mixin.py:188} INFO - [2026-01-27T23:40:13.222+0000] {dag.py:3954} INFO - Setting next_dagrun for example_branch_operator to 2026-01-26 00:00:00+00:00, run_after=2026-01-27 00:00:00+00:00
[2026-01-27T23:40:13.263+0000] {processor.py:183} INFO - Processing /home/airflow/.local/lib/python3.12/site-packages/airflow/example_dags/example_branch_operator.py took 0.225 seconds
[2026-01-27T23:40:44.164+0000] {processor.py:161} INFO - Started process (PID=532) to work on /home/airflow/.local/lib/python3.12/site-packages/airflow/example_dags/example_branch_operator.py
[2026-01-27T23:40:44.165+0000] {processor.py:830} INFO - Processing file /home/airflow/.local/lib/python3.12/site-packages/airflow/example_dags/example_branch_operator.py for tasks to queue
[2026-01-27T23:40:44.167+0000] {logging_mixin.py:188} INFO - [2026-01-27T23:40:44.167+0000] {dagbag.py:540} INFO - Filling up the DagBag from /home/airflow/.local/lib/python3.12/site-packages/airflow/example_dags/example_branch_operator.py
[2026-01-27T23:40:44.182+0000] {processor.py:840} INFO - DAG(s) 'example_branch_operator' retrieved from /home/airflow/.local/lib/python3.12/site-packages/airflow/example_dags/example_branch_operator.py
[2026-01-27T23:40:44.209+0000] {logging_mixin.py:188} INFO - [2026-01-27T23:40:44.209+0000] {dag.py:3096} INFO - Sync 1 DAGs
[2026-01-27T23:40:44.230+0000] {logging_mixin.py:188} INFO - [2026-01-27T23:40:44.230+0000] {dag.py:3954} INFO - Setting next_dagrun for example_branch_operator to 2026-01-26 00:00:00+00:00, run_after=2026-01-27 00:00:00+00:00
[2026-01-27T23:40:44.251+0000] {processor.py:183} INFO - Processing /home/airflow/.local/lib/python3.12/site-packages/airflow/example_dags/example_branch_operator.py took 0.093 seconds
[2026-01-27T23:41:15.084+0000] {processor.py:161} INFO - Started process (PID=584) to work on /home/airflow/.local/lib/python3.12/site-packages/airflow/example_dags/example_branch_operator.py
[2026-01-27T23:41:15.086+0000] {processor.py:830} INFO - Processing file /home/airflow/.local/lib/python3.12/site-packages/airflow/example_dags/example_branch_operator.py for tasks to queue
[2026-01-27T23:41:15.089+0000] {logging_mixin.py:188} INFO - [2026-01-27T23:41:15.088+0000] {dagbag.py:540} INFO - Filling up the DagBag from /home/airflow/.local/lib/python3.12/site-packages/airflow/example_dags/example_branch_operator.py
[2026-01-27T23:41:15.109+0000] {processor.py:840} INFO - DAG(s) 'example_branch_operator' retrieved from /home/airflow/.local/lib/python3.12/site-packages/airflow/example_dags/example_branch_operator.py
[2026-01-27T23:41:15.153+0000] {logging_mixin.py:188} INFO - [2026-01-27T23:41:15.153+0000] {dag.py:3096} INFO - Sync 1 DAGs
[2026-01-27T23:41:15.187+0000] {logging_mixin.py:188} INFO - [2026-01-27T23:41:15.187+0000] {dag.py:3954} INFO - Setting next_dagrun for example_branch_operator to 2026-01-26 00:00:00+00:00, run_after=2026-01-27 00:00:00+00:00
[2026-01-27T23:41:15.219+0000] {processor.py:183} INFO - Processing /home/airflow/.local/lib/python3.12/site-packages/airflow/example_dags/example_branch_operator.py took 0.141 seconds
[2026-01-27T23:41:45.546+0000] {processor.py:161} INFO - Started process (PID=636) to work on /home/airflow/.local/lib/python3.12/site-packages/airflow/example_dags/example_branch_operator.py
[2026-01-27T23:41:45.548+0000] {processor.py:830} INFO - Processing file /home/airflow/.local/lib/python3.12/site-packages/airflow/example_dags/example_branch_operator.py for tasks to queue
[2026-01-27T23:41:45.550+0000] {logging_mixin.py:188} INFO - [2026-01-27T23:41:45.550+0000] {dagbag.py:540} INFO - Filling up the DagBag from /home/airflow/.local/lib/python3.12/site-packages/airflow/example_dags/example_branch_operator.py
[2026-01-27T23:41:45.568+0000] {processor.py:840} INFO - DAG(s) 'example_branch_operator' retrieved from /home/airflow/.local/lib/python3.12/site-packages/airflow/example_dags/example_branch_operator.py
[2026-01-27T23:41:45.599+0000] {logging_mixin.py:188} INFO - [2026-01-27T23:41:45.598+0000] {dag.py:3096} INFO - Sync 1 DAGs
[2026-01-27T23:41:45.631+0000] {logging_mixin.py:188} INFO - [2026-01-27T23:41:45.631+0000] {dag.py:3954} INFO - Setting next_dagrun for example_branch_operator to 2026-01-26 00:00:00+00:00, run_after=2026-01-27 00:00:00+00:00
[2026-01-27T23:41:45.661+0000] {processor.py:183} INFO - Processing /home/airflow/.local/lib/python3.12/site-packages/airflow/example_dags/example_branch_operator.py took 0.122 seconds
[2026-01-27T23:42:16.536+0000] {processor.py:161} INFO - Started process (PID=688) to work on /home/airflow/.local/lib/python3.12/site-packages/airflow/example_dags/example_branch_operator.py
[2026-01-27T23:42:16.538+0000] {processor.py:830} INFO - Processing file /home/airflow/.local/lib/python3.12/site-packages/airflow/example_dags/example_branch_operator.py for tasks to queue
[2026-01-27T23:42:16.540+0000] {logging_mixin.py:188} INFO - [2026-01-27T23:42:16.539+0000] {dagbag.py:540} INFO - Filling up the DagBag from /home/airflow/.local/lib/python3.12/site-packages/airflow/example_dags/example_branch_operator.py
[2026-01-27T23:42:16.563+0000] {processor.py:840} INFO - DAG(s) 'example_branch_operator' retrieved from /home/airflow/.local/lib/python3.12/site-packages/airflow/example_dags/example_branch_operator.py
[2026-01-27T23:42:16.599+0000] {logging_mixin.py:188} INFO - [2026-01-27T23:42:16.599+0000] {dag.py:3096} INFO - Sync 1 DAGs
[2026-01-27T23:42:16.629+0000] {logging_mixin.py:188} INFO - [2026-01-27T23:42:16.629+0000] {dag.py:3954} INFO - Setting next_dagrun for example_branch_operator to 2026-01-26 00:00:00+00:00, run_after=2026-01-27 00:00:00+00:00
[2026-01-27T23:42:16.655+0000] {processor.py:183} INFO - Processing /home/airflow/.local/lib/python3.12/site-packages/airflow/example_dags/example_branch_operator.py took 0.125 seconds
[2026-01-27T23:42:46.788+0000] {processor.py:161} INFO - Started process (PID=740) to work on /home/airflow/.local/lib/python3.12/site-packages/airflow/example_dags/example_branch_operator.py
[2026-01-27T23:42:46.790+0000] {processor.py:830} INFO - Processing file /home/airflow/.local/lib/python3.12/site-packages/airflow/example_dags/example_branch_operator.py for tasks to queue
[2026-01-27T23:42:46.793+0000] {logging_mixin.py:188} INFO - [2026-01-27T23:42:46.792+0000] {dagbag.py:540} INFO - Filling up the DagBag from /home/airflow/.local/lib/python3.12/site-packages/airflow/example_dags/example_branch_operator.py
[2026-01-27T23:42:46.819+0000] {processor.py:840} INFO - DAG(s) 'example_branch_operator' retrieved from /home/airflow/.local/lib/python3.12/site-packages/airflow/example_dags/example_branch_operator.py
[2026-01-27T23:42:46.863+0000] {logging_mixin.py:188} INFO - [2026-01-27T23:42:46.863+0000] {dag.py:3096} INFO - Sync 1 DAGs
[2026-01-27T23:42:46.901+0000] {logging_mixin.py:188} INFO - [2026-01-27T23:42:46.900+0000] {dag.py:3954} INFO - Setting next_dagrun for example_branch_operator to 2026-01-26 00:00:00+00:00, run_after=2026-01-27 00:00:00+00:00
[2026-01-27T23:42:46.930+0000] {processor.py:183} INFO - Processing /home/airflow/.local/lib/python3.12/site-packages/airflow/example_dags/example_branch_operator.py took 0.151 seconds
[2026-01-27T23:43:17.518+0000] {processor.py:161} INFO - Started process (PID=792) to work on /home/airflow/.local/lib/python3.12/site-packages/airflow/example_dags/example_branch_operator.py
[2026-01-27T23:43:17.520+0000] {processor.py:830} INFO - Processing file /home/airflow/.local/lib/python3.12/site-packages/airflow/example_dags/example_branch_operator.py for tasks to queue
[2026-01-27T23:43:17.522+0000] {logging_mixin.py:188} INFO - [2026-01-27T23:43:17.522+0000] {dagbag.py:540} INFO - Filling up the DagBag from /home/airflow/.local/lib/python3.12/site-packages/airflow/example_dags/example_branch_operator.py
[2026-01-27T23:43:17.539+0000] {processor.py:840} INFO - DAG(s) 'example_branch_operator' retrieved from /home/airflow/.local/lib/python3.12/site-packages/airflow/example_dags/example_branch_operator.py
[2026-01-27T23:43:17.576+0000] {logging_mixin.py:188} INFO - [2026-01-27T23:43:17.576+0000] {dag.py:3096} INFO - Sync 1 DAGs
[2026-01-27T23:43:17.609+0000] {logging_mixin.py:188} INFO - [2026-01-27T23:43:17.609+0000] {dag.py:3954} INFO - Setting next_dagrun for example_branch_operator to 2026-01-26 00:00:00+00:00, run_after=2026-01-27 00:00:00+00:00
[2026-01-27T23:43:17.636+0000] {processor.py:183} INFO - Processing /home/airflow/.local/lib/python3.12/site-packages/airflow/example_dags/example_branch_operator.py took 0.124 seconds
[2026-01-27T23:43:48.104+0000] {processor.py:161} INFO - Started process (PID=844) to work on /home/airflow/.local/lib/python3.12/site-packages/airflow/example_dags/example_branch_operator.py
[2026-01-27T23:43:48.106+0000] {processor.py:830} INFO - Processing file /home/airflow/.local/lib/python3.12/site-packages/airflow/example_dags/example_branch_operator.py for tasks to queue
[2026-01-27T23:43:48.108+0000] {logging_mixin.py:188} INFO - [2026-01-27T23:43:48.107+0000] {dagbag.py:540} INFO - Filling up the DagBag from /home/airflow/.local/lib/python3.12/site-packages/airflow/example_dags/example_branch_operator.py
[2026-01-27T23:43:48.126+0000] {processor.py:840} INFO - DAG(s) 'example_branch_operator' retrieved from /home/airflow/.local/lib/python3.12/site-packages/airflow/example_dags/example_branch_operator.py
[2026-01-27T23:43:48.160+0000] {logging_mixin.py:188} INFO - [2026-01-27T23:43:48.160+0000] {dag.py:3096} INFO - Sync 1 DAGs
[2026-01-27T23:43:48.188+0000] {logging_mixin.py:188} INFO - [2026-01-27T23:43:48.188+0000] {dag.py:3954} INFO - Setting next_dagrun for example_branch_operator to 2026-01-26 00:00:00+00:00, run_after=2026-01-27 00:00:00+00:00
[2026-01-27T23:43:48.212+0000] {processor.py:183} INFO - Processing /home/airflow/.local/lib/python3.12/site-packages/airflow/example_dags/example_branch_operator.py took 0.114 seconds
[2026-01-27T23:44:18.464+0000] {processor.py:161} INFO - Started process (PID=896) to work on /home/airflow/.local/lib/python3.12/site-packages/airflow/example_dags/example_branch_operator.py
[2026-01-27T23:44:18.467+0000] {processor.py:830} INFO - Processing file /home/airflow/.local/lib/python3.12/site-packages/airflow/example_dags/example_branch_operator.py for tasks to queue
[2026-01-27T23:44:18.471+0000] {logging_mixin.py:188} INFO - [2026-01-27T23:44:18.470+0000] {dagbag.py:540} INFO - Filling up the DagBag from /home/airflow/.local/lib/python3.12/site-packages/airflow/example_dags/example_branch_operator.py
[2026-01-27T23:44:18.510+0000] {processor.py:840} INFO - DAG(s) 'example_branch_operator' retrieved from /home/airflow/.local/lib/python3.12/site-packages/airflow/example_dags/example_branch_operator.py
[2026-01-27T23:44:18.575+0000] {logging_mixin.py:188} INFO - [2026-01-27T23:44:18.575+0000] {dag.py:3096} INFO - Sync 1 DAGs
[2026-01-27T23:44:18.617+0000] {logging_mixin.py:188} INFO - [2026-01-27T23:44:18.617+0000] {dag.py:3954} INFO - Setting next_dagrun for example_branch_operator to 2026-01-26 00:00:00+00:00, run_after=2026-01-27 00:00:00+00:00
[2026-01-27T23:44:18.656+0000] {processor.py:183} INFO - Processing /home/airflow/.local/lib/python3.12/site-packages/airflow/example_dags/example_branch_operator.py took 0.203 seconds
[2026-01-27T23:44:48.880+0000] {processor.py:161} INFO - Started process (PID=948) to work on /home/airflow/.local/lib/python3.12/site-packages/airflow/example_dags/example_branch_operator.py
[2026-01-27T23:44:48.881+0000] {processor.py:830} INFO - Processing file /home/airflow/.local/lib/python3.12/site-packages/airflow/example_dags/example_branch_operator.py for tasks to queue
[2026-01-27T23:44:48.884+0000] {logging_mixin.py:188} INFO - [2026-01-27T23:44:48.883+0000] {dagbag.py:540} INFO - Filling up the DagBag from /home/airflow/.local/lib/python3.12/site-packages/airflow/example_dags/example_branch_operator.py
[2026-01-27T23:44:48.901+0000] {processor.py:840} INFO - DAG(s) 'example_branch_operator' retrieved from /home/airflow/.local/lib/python3.12/site-packages/airflow/example_dags/example_branch_operator.py
[2026-01-27T23:44:48.928+0000] {logging_mixin.py:188} INFO - [2026-01-27T23:44:48.928+0000] {dag.py:3096} INFO - Sync 1 DAGs
[2026-01-27T23:44:48.956+0000] {logging_mixin.py:188} INFO - [2026-01-27T23:44:48.956+0000] {dag.py:3954} INFO - Setting next_dagrun for example_branch_operator to 2026-01-26 00:00:00+00:00, run_after=2026-01-27 00:00:00+00:00
[2026-01-27T23:44:48.977+0000] {processor.py:183} INFO - Processing /home/airflow/.local/lib/python3.12/site-packages/airflow/example_dags/example_branch_operator.py took 0.104 seconds
[2026-01-27T23:45:19.470+0000] {processor.py:161} INFO - Started process (PID=1000) to work on /home/airflow/.local/lib/python3.12/site-packages/airflow/example_dags/example_branch_operator.py
[2026-01-27T23:45:19.471+0000] {processor.py:830} INFO - Processing file /home/airflow/.local/lib/python3.12/site-packages/airflow/example_dags/example_branch_operator.py for tasks to queue
[2026-01-27T23:45:19.475+0000] {logging_mixin.py:188} INFO - [2026-01-27T23:45:19.474+0000] {dagbag.py:540} INFO - Filling up the DagBag from /home/airflow/.local/lib/python3.12/site-packages/airflow/example_dags/example_branch_operator.py
[2026-01-27T23:45:19.496+0000] {processor.py:840} INFO - DAG(s) 'example_branch_operator' retrieved from /home/airflow/.local/lib/python3.12/site-packages/airflow/example_dags/example_branch_operator.py
[2026-01-27T23:45:19.529+0000] {logging_mixin.py:188} INFO - [2026-01-27T23:45:19.529+0000] {dag.py:3096} INFO - Sync 1 DAGs
[2026-01-27T23:45:19.733+0000] {logging_mixin.py:188} INFO - [2026-01-27T23:45:19.733+0000] {dag.py:3954} INFO - Setting next_dagrun for example_branch_operator to 2026-01-26 00:00:00+00:00, run_after=2026-01-27 00:00:00+00:00
[2026-01-27T23:45:19.758+0000] {processor.py:183} INFO - Processing /home/airflow/.local/lib/python3.12/site-packages/airflow/example_dags/example_branch_operator.py took 0.298 seconds
[2026-01-27T23:45:50.235+0000] {processor.py:161} INFO - Started process (PID=1052) to work on /home/airflow/.local/lib/python3.12/site-packages/airflow/example_dags/example_branch_operator.py
[2026-01-27T23:45:50.236+0000] {processor.py:830} INFO - Processing file /home/airflow/.local/lib/python3.12/site-packages/airflow/example_dags/example_branch_operator.py for tasks to queue
[2026-01-27T23:45:50.239+0000] {logging_mixin.py:188} INFO - [2026-01-27T23:45:50.239+0000] {dagbag.py:540} INFO - Filling up the DagBag from /home/airflow/.local/lib/python3.12/site-packages/airflow/example_dags/example_branch_operator.py
[2026-01-27T23:45:50.264+0000] {processor.py:840} INFO - DAG(s) 'example_branch_operator' retrieved from /home/airflow/.local/lib/python3.12/site-packages/airflow/example_dags/example_branch_operator.py
[2026-01-27T23:45:50.299+0000] {logging_mixin.py:188} INFO - [2026-01-27T23:45:50.299+0000] {dag.py:3096} INFO - Sync 1 DAGs
[2026-01-27T23:45:50.320+0000] {logging_mixin.py:188} INFO - [2026-01-27T23:45:50.320+0000] {dag.py:3954} INFO - Setting next_dagrun for example_branch_operator to 2026-01-26 00:00:00+00:00, run_after=2026-01-27 00:00:00+00:00
[2026-01-27T23:45:50.341+0000] {processor.py:183} INFO - Processing /home/airflow/.local/lib/python3.12/site-packages/airflow/example_dags/example_branch_operator.py took 0.117 seconds
[2026-01-27T23:46:20.604+0000] {processor.py:161} INFO - Started process (PID=1104) to work on /home/airflow/.local/lib/python3.12/site-packages/airflow/example_dags/example_branch_operator.py
[2026-01-27T23:46:20.605+0000] {processor.py:830} INFO - Processing file /home/airflow/.local/lib/python3.12/site-packages/airflow/example_dags/example_branch_operator.py for tasks to queue
[2026-01-27T23:46:20.607+0000] {logging_mixin.py:188} INFO - [2026-01-27T23:46:20.606+0000] {dagbag.py:540} INFO - Filling up the DagBag from /home/airflow/.local/lib/python3.12/site-packages/airflow/example_dags/example_branch_operator.py
[2026-01-27T23:46:20.623+0000] {processor.py:840} INFO - DAG(s) 'example_branch_operator' retrieved from /home/airflow/.local/lib/python3.12/site-packages/airflow/example_dags/example_branch_operator.py
[2026-01-27T23:46:20.652+0000] {logging_mixin.py:188} INFO - [2026-01-27T23:46:20.651+0000] {dag.py:3096} INFO - Sync 1 DAGs
[2026-01-27T23:46:20.675+0000] {logging_mixin.py:188} INFO - [2026-01-27T23:46:20.674+0000] {dag.py:3954} INFO - Setting next_dagrun for example_branch_operator to 2026-01-26 00:00:00+00:00, run_after=2026-01-27 00:00:00+00:00
[2026-01-27T23:46:20.702+0000] {processor.py:183} INFO - Processing /home/airflow/.local/lib/python3.12/site-packages/airflow/example_dags/example_branch_operator.py took 0.104 seconds
[2026-01-27T23:46:50.963+0000] {processor.py:161} INFO - Started process (PID=1156) to work on /home/airflow/.local/lib/python3.12/site-packages/airflow/example_dags/example_branch_operator.py
[2026-01-27T23:46:50.965+0000] {processor.py:830} INFO - Processing file /home/airflow/.local/lib/python3.12/site-packages/airflow/example_dags/example_branch_operator.py for tasks to queue
[2026-01-27T23:46:50.967+0000] {logging_mixin.py:188} INFO - [2026-01-27T23:46:50.967+0000] {dagbag.py:540} INFO - Filling up the DagBag from /home/airflow/.local/lib/python3.12/site-packages/airflow/example_dags/example_branch_operator.py
[2026-01-27T23:46:50.988+0000] {processor.py:840} INFO - DAG(s) 'example_branch_operator' retrieved from /home/airflow/.local/lib/python3.12/site-packages/airflow/example_dags/example_branch_operator.py
[2026-01-27T23:46:51.182+0000] {logging_mixin.py:188} INFO - [2026-01-27T23:46:51.182+0000] {dag.py:3096} INFO - Sync 1 DAGs
[2026-01-27T23:46:51.210+0000] {logging_mixin.py:188} INFO - [2026-01-27T23:46:51.209+0000] {dag.py:3954} INFO - Setting next_dagrun for example_branch_operator to 2026-01-26 00:00:00+00:00, run_after=2026-01-27 00:00:00+00:00
[2026-01-27T23:46:51.234+0000] {processor.py:183} INFO - Processing /home/airflow/.local/lib/python3.12/site-packages/airflow/example_dags/example_branch_operator.py took 0.278 seconds
[2026-01-27T23:47:21.560+0000] {processor.py:161} INFO - Started process (PID=1208) to work on /home/airflow/.local/lib/python3.12/site-packages/airflow/example_dags/example_branch_operator.py
[2026-01-27T23:47:21.561+0000] {processor.py:830} INFO - Processing file /home/airflow/.local/lib/python3.12/site-packages/airflow/example_dags/example_branch_operator.py for tasks to queue
[2026-01-27T23:47:21.563+0000] {logging_mixin.py:188} INFO - [2026-01-27T23:47:21.562+0000] {dagbag.py:540} INFO - Filling up the DagBag from /home/airflow/.local/lib/python3.12/site-packages/airflow/example_dags/example_branch_operator.py
[2026-01-27T23:47:21.580+0000] {processor.py:840} INFO - DAG(s) 'example_branch_operator' retrieved from /home/airflow/.local/lib/python3.12/site-packages/airflow/example_dags/example_branch_operator.py
[2026-01-27T23:47:21.621+0000] {logging_mixin.py:188} INFO - [2026-01-27T23:47:21.620+0000] {dag.py:3096} INFO - Sync 1 DAGs
[2026-01-27T23:47:21.941+0000] {logging_mixin.py:188} INFO - [2026-01-27T23:47:21.941+0000] {dag.py:3954} INFO - Setting next_dagrun for example_branch_operator to 2026-01-26 00:00:00+00:00, run_after=2026-01-27 00:00:00+00:00
[2026-01-27T23:47:21.978+0000] {processor.py:183} INFO - Processing /home/airflow/.local/lib/python3.12/site-packages/airflow/example_dags/example_branch_operator.py took 0.424 seconds
[2026-01-27T23:47:52.905+0000] {processor.py:161} INFO - Started process (PID=1260) to work on /home/airflow/.local/lib/python3.12/site-packages/airflow/example_dags/example_branch_operator.py
[2026-01-27T23:47:52.906+0000] {processor.py:830} INFO - Processing file /home/airflow/.local/lib/python3.12/site-packages/airflow/example_dags/example_branch_operator.py for tasks to queue
[2026-01-27T23:47:52.909+0000] {logging_mixin.py:188} INFO - [2026-01-27T23:47:52.908+0000] {dagbag.py:540} INFO - Filling up the DagBag from /home/airflow/.local/lib/python3.12/site-packages/airflow/example_dags/example_branch_operator.py
[2026-01-27T23:47:52.925+0000] {processor.py:840} INFO - DAG(s) 'example_branch_operator' retrieved from /home/airflow/.local/lib/python3.12/site-packages/airflow/example_dags/example_branch_operator.py
[2026-01-27T23:47:52.951+0000] {logging_mixin.py:188} INFO - [2026-01-27T23:47:52.950+0000] {dag.py:3096} INFO - Sync 1 DAGs
[2026-01-27T23:47:52.973+0000] {logging_mixin.py:188} INFO - [2026-01-27T23:47:52.973+0000] {dag.py:3954} INFO - Setting next_dagrun for example_branch_operator to 2026-01-26 00:00:00+00:00, run_after=2026-01-27 00:00:00+00:00
[2026-01-27T23:47:52.997+0000] {processor.py:183} INFO - Processing /home/airflow/.local/lib/python3.12/site-packages/airflow/example_dags/example_branch_operator.py took 0.099 seconds
[2026-01-27T23:48:23.044+0000] {processor.py:161} INFO - Started process (PID=1312) to work on /home/airflow/.local/lib/python3.12/site-packages/airflow/example_dags/example_branch_operator.py
[2026-01-27T23:48:23.045+0000] {processor.py:830} INFO - Processing file /home/airflow/.local/lib/python3.12/site-packages/airflow/example_dags/example_branch_operator.py for tasks to queue
[2026-01-27T23:48:23.047+0000] {logging_mixin.py:188} INFO - [2026-01-27T23:48:23.047+0000] {dagbag.py:540} INFO - Filling up the DagBag from /home/airflow/.local/lib/python3.12/site-packages/airflow/example_dags/example_branch_operator.py
[2026-01-27T23:48:23.063+0000] {processor.py:840} INFO - DAG(s) 'example_branch_operator' retrieved from /home/airflow/.local/lib/python3.12/site-packages/airflow/example_dags/example_branch_operator.py
[2026-01-27T23:48:23.089+0000] {logging_mixin.py:188} INFO - [2026-01-27T23:48:23.089+0000] {dag.py:3096} INFO - Sync 1 DAGs
[2026-01-27T23:48:23.110+0000] {logging_mixin.py:188} INFO - [2026-01-27T23:48:23.110+0000] {dag.py:3954} INFO - Setting next_dagrun for example_branch_operator to 2026-01-26 00:00:00+00:00, run_after=2026-01-27 00:00:00+00:00
[2026-01-27T23:48:23.130+0000] {processor.py:183} INFO - Processing /home/airflow/.local/lib/python3.12/site-packages/airflow/example_dags/example_branch_operator.py took 0.092 seconds
[2026-01-27T23:48:53.355+0000] {processor.py:161} INFO - Started process (PID=1364) to work on /home/airflow/.local/lib/python3.12/site-packages/airflow/example_dags/example_branch_operator.py
[2026-01-27T23:48:53.356+0000] {processor.py:830} INFO - Processing file /home/airflow/.local/lib/python3.12/site-packages/airflow/example_dags/example_branch_operator.py for tasks to queue
[2026-01-27T23:48:53.358+0000] {logging_mixin.py:188} INFO - [2026-01-27T23:48:53.358+0000] {dagbag.py:540} INFO - Filling up the DagBag from /home/airflow/.local/lib/python3.12/site-packages/airflow/example_dags/example_branch_operator.py
[2026-01-27T23:48:53.377+0000] {processor.py:840} INFO - DAG(s) 'example_branch_operator' retrieved from /home/airflow/.local/lib/python3.12/site-packages/airflow/example_dags/example_branch_operator.py
[2026-01-27T23:48:53.409+0000] {logging_mixin.py:188} INFO - [2026-01-27T23:48:53.409+0000] {dag.py:3096} INFO - Sync 1 DAGs
[2026-01-27T23:48:53.431+0000] {logging_mixin.py:188} INFO - [2026-01-27T23:48:53.431+0000] {dag.py:3954} INFO - Setting next_dagrun for example_branch_operator to 2026-01-26 00:00:00+00:00, run_after=2026-01-27 00:00:00+00:00
[2026-01-27T23:48:53.452+0000] {processor.py:183} INFO - Processing /home/airflow/.local/lib/python3.12/site-packages/airflow/example_dags/example_branch_operator.py took 0.103 seconds
[2026-01-27T23:49:24.257+0000] {processor.py:161} INFO - Started process (PID=1416) to work on /home/airflow/.local/lib/python3.12/site-packages/airflow/example_dags/example_branch_operator.py
[2026-01-27T23:49:24.258+0000] {processor.py:830} INFO - Processing file /home/airflow/.local/lib/python3.12/site-packages/airflow/example_dags/example_branch_operator.py for tasks to queue
[2026-01-27T23:49:24.260+0000] {logging_mixin.py:188} INFO - [2026-01-27T23:49:24.260+0000] {dagbag.py:540} INFO - Filling up the DagBag from /home/airflow/.local/lib/python3.12/site-packages/airflow/example_dags/example_branch_operator.py
[2026-01-27T23:49:24.276+0000] {processor.py:840} INFO - DAG(s) 'example_branch_operator' retrieved from /home/airflow/.local/lib/python3.12/site-packages/airflow/example_dags/example_branch_operator.py
[2026-01-27T23:49:24.307+0000] {logging_mixin.py:188} INFO - [2026-01-27T23:49:24.306+0000] {dag.py:3096} INFO - Sync 1 DAGs
[2026-01-27T23:49:24.330+0000] {logging_mixin.py:188} INFO - [2026-01-27T23:49:24.330+0000] {dag.py:3954} INFO - Setting next_dagrun for example_branch_operator to 2026-01-26 00:00:00+00:00, run_after=2026-01-27 00:00:00+00:00
[2026-01-27T23:49:24.347+0000] {processor.py:183} INFO - Processing /home/airflow/.local/lib/python3.12/site-packages/airflow/example_dags/example_branch_operator.py took 0.098 seconds
[2026-01-27T23:49:54.441+0000] {processor.py:161} INFO - Started process (PID=1468) to work on /home/airflow/.local/lib/python3.12/site-packages/airflow/example_dags/example_branch_operator.py
[2026-01-27T23:49:54.442+0000] {processor.py:830} INFO - Processing file /home/airflow/.local/lib/python3.12/site-packages/airflow/example_dags/example_branch_operator.py for tasks to queue
[2026-01-27T23:49:54.444+0000] {logging_mixin.py:188} INFO - [2026-01-27T23:49:54.444+0000] {dagbag.py:540} INFO - Filling up the DagBag from /home/airflow/.local/lib/python3.12/site-packages/airflow/example_dags/example_branch_operator.py
[2026-01-27T23:49:54.459+0000] {processor.py:840} INFO - DAG(s) 'example_branch_operator' retrieved from /home/airflow/.local/lib/python3.12/site-packages/airflow/example_dags/example_branch_operator.py
[2026-01-27T23:49:54.488+0000] {logging_mixin.py:188} INFO - [2026-01-27T23:49:54.488+0000] {dag.py:3096} INFO - Sync 1 DAGs
[2026-01-27T23:49:54.512+0000] {logging_mixin.py:188} INFO - [2026-01-27T23:49:54.511+0000] {dag.py:3954} INFO - Setting next_dagrun for example_branch_operator to 2026-01-26 00:00:00+00:00, run_after=2026-01-27 00:00:00+00:00
[2026-01-27T23:49:54.537+0000] {processor.py:183} INFO - Processing /home/airflow/.local/lib/python3.12/site-packages/airflow/example_dags/example_branch_operator.py took 0.101 seconds
[2026-01-27T23:50:25.026+0000] {processor.py:161} INFO - Started process (PID=1520) to work on /home/airflow/.local/lib/python3.12/site-packages/airflow/example_dags/example_branch_operator.py
[2026-01-27T23:50:25.027+0000] {processor.py:830} INFO - Processing file /home/airflow/.local/lib/python3.12/site-packages/airflow/example_dags/example_branch_operator.py for tasks to queue
[2026-01-27T23:50:25.029+0000] {logging_mixin.py:188} INFO - [2026-01-27T23:50:25.029+0000] {dagbag.py:540} INFO - Filling up the DagBag from /home/airflow/.local/lib/python3.12/site-packages/airflow/example_dags/example_branch_operator.py
[2026-01-27T23:50:25.046+0000] {processor.py:840} INFO - DAG(s) 'example_branch_operator' retrieved from /home/airflow/.local/lib/python3.12/site-packages/airflow/example_dags/example_branch_operator.py
[2026-01-27T23:50:25.076+0000] {logging_mixin.py:188} INFO - [2026-01-27T23:50:25.076+0000] {dag.py:3096} INFO - Sync 1 DAGs
[2026-01-27T23:50:25.099+0000] {logging_mixin.py:188} INFO - [2026-01-27T23:50:25.098+0000] {dag.py:3954} INFO - Setting next_dagrun for example_branch_operator to 2026-01-26 00:00:00+00:00, run_after=2026-01-27 00:00:00+00:00
[2026-01-27T23:50:25.120+0000] {processor.py:183} INFO - Processing /home/airflow/.local/lib/python3.12/site-packages/airflow/example_dags/example_branch_operator.py took 0.102 seconds
[2026-01-27T23:50:55.285+0000] {processor.py:161} INFO - Started process (PID=1572) to work on /home/airflow/.local/lib/python3.12/site-packages/airflow/example_dags/example_branch_operator.py
[2026-01-27T23:50:55.286+0000] {processor.py:830} INFO - Processing file /home/airflow/.local/lib/python3.12/site-packages/airflow/example_dags/example_branch_operator.py for tasks to queue
[2026-01-27T23:50:55.289+0000] {logging_mixin.py:188} INFO - [2026-01-27T23:50:55.289+0000] {dagbag.py:540} INFO - Filling up the DagBag from /home/airflow/.local/lib/python3.12/site-packages/airflow/example_dags/example_branch_operator.py
[2026-01-27T23:50:55.311+0000] {processor.py:840} INFO - DAG(s) 'example_branch_operator' retrieved from /home/airflow/.local/lib/python3.12/site-packages/airflow/example_dags/example_branch_operator.py
[2026-01-27T23:50:55.343+0000] {logging_mixin.py:188} INFO - [2026-01-27T23:50:55.342+0000] {dag.py:3096} INFO - Sync 1 DAGs
[2026-01-27T23:50:55.367+0000] {logging_mixin.py:188} INFO - [2026-01-27T23:50:55.366+0000] {dag.py:3954} INFO - Setting next_dagrun for example_branch_operator to 2026-01-26 00:00:00+00:00, run_after=2026-01-27 00:00:00+00:00
[2026-01-27T23:50:55.390+0000] {processor.py:183} INFO - Processing /home/airflow/.local/lib/python3.12/site-packages/airflow/example_dags/example_branch_operator.py took 0.112 seconds
[2026-01-27T23:51:25.976+0000] {processor.py:161} INFO - Started process (PID=1624) to work on /home/airflow/.local/lib/python3.12/site-packages/airflow/example_dags/example_branch_operator.py
[2026-01-27T23:51:25.977+0000] {processor.py:830} INFO - Processing file /home/airflow/.local/lib/python3.12/site-packages/airflow/example_dags/example_branch_operator.py for tasks to queue
[2026-01-27T23:51:25.979+0000] {logging_mixin.py:188} INFO - [2026-01-27T23:51:25.979+0000] {dagbag.py:540} INFO - Filling up the DagBag from /home/airflow/.local/lib/python3.12/site-packages/airflow/example_dags/example_branch_operator.py
[2026-01-27T23:51:25.997+0000] {processor.py:840} INFO - DAG(s) 'example_branch_operator' retrieved from /home/airflow/.local/lib/python3.12/site-packages/airflow/example_dags/example_branch_operator.py
[2026-01-27T23:51:26.031+0000] {logging_mixin.py:188} INFO - [2026-01-27T23:51:26.030+0000] {dag.py:3096} INFO - Sync 1 DAGs
[2026-01-27T23:51:26.052+0000] {logging_mixin.py:188} INFO - [2026-01-27T23:51:26.052+0000] {dag.py:3954} INFO - Setting next_dagrun for example_branch_operator to 2026-01-26 00:00:00+00:00, run_after=2026-01-27 00:00:00+00:00
[2026-01-27T23:51:26.074+0000] {processor.py:183} INFO - Processing /home/airflow/.local/lib/python3.12/site-packages/airflow/example_dags/example_branch_operator.py took 0.104 seconds
[2026-01-27T23:51:56.874+0000] {processor.py:161} INFO - Started process (PID=1676) to work on /home/airflow/.local/lib/python3.12/site-packages/airflow/example_dags/example_branch_operator.py
[2026-01-27T23:51:56.875+0000] {processor.py:830} INFO - Processing file /home/airflow/.local/lib/python3.12/site-packages/airflow/example_dags/example_branch_operator.py for tasks to queue
[2026-01-27T23:51:56.878+0000] {logging_mixin.py:188} INFO - [2026-01-27T23:51:56.877+0000] {dagbag.py:540} INFO - Filling up the DagBag from /home/airflow/.local/lib/python3.12/site-packages/airflow/example_dags/example_branch_operator.py
[2026-01-27T23:51:56.898+0000] {processor.py:840} INFO - DAG(s) 'example_branch_operator' retrieved from /home/airflow/.local/lib/python3.12/site-packages/airflow/example_dags/example_branch_operator.py
[2026-01-27T23:51:56.931+0000] {logging_mixin.py:188} INFO - [2026-01-27T23:51:56.930+0000] {dag.py:3096} INFO - Sync 1 DAGs
[2026-01-27T23:51:56.953+0000] {logging_mixin.py:188} INFO - [2026-01-27T23:51:56.952+0000] {dag.py:3954} INFO - Setting next_dagrun for example_branch_operator to 2026-01-26 00:00:00+00:00, run_after=2026-01-27 00:00:00+00:00
[2026-01-27T23:51:56.974+0000] {processor.py:183} INFO - Processing /home/airflow/.local/lib/python3.12/site-packages/airflow/example_dags/example_branch_operator.py took 0.107 seconds
[2026-01-27T23:52:27.443+0000] {processor.py:161} INFO - Started process (PID=1728) to work on /home/airflow/.local/lib/python3.12/site-packages/airflow/example_dags/example_branch_operator.py
[2026-01-27T23:52:27.445+0000] {processor.py:830} INFO - Processing file /home/airflow/.local/lib/python3.12/site-packages/airflow/example_dags/example_branch_operator.py for tasks to queue
[2026-01-27T23:52:27.447+0000] {logging_mixin.py:188} INFO - [2026-01-27T23:52:27.446+0000] {dagbag.py:540} INFO - Filling up the DagBag from /home/airflow/.local/lib/python3.12/site-packages/airflow/example_dags/example_branch_operator.py
[2026-01-27T23:52:27.468+0000] {processor.py:840} INFO - DAG(s) 'example_branch_operator' retrieved from /home/airflow/.local/lib/python3.12/site-packages/airflow/example_dags/example_branch_operator.py
[2026-01-27T23:52:27.495+0000] {logging_mixin.py:188} INFO - [2026-01-27T23:52:27.494+0000] {dag.py:3096} INFO - Sync 1 DAGs
[2026-01-27T23:52:27.516+0000] {logging_mixin.py:188} INFO - [2026-01-27T23:52:27.516+0000] {dag.py:3954} INFO - Setting next_dagrun for example_branch_operator to 2026-01-26 00:00:00+00:00, run_after=2026-01-27 00:00:00+00:00
[2026-01-27T23:52:27.539+0000] {processor.py:183} INFO - Processing /home/airflow/.local/lib/python3.12/site-packages/airflow/example_dags/example_branch_operator.py took 0.101 seconds
[2026-01-27T23:52:57.716+0000] {processor.py:161} INFO - Started process (PID=1780) to work on /home/airflow/.local/lib/python3.12/site-packages/airflow/example_dags/example_branch_operator.py
[2026-01-27T23:52:57.717+0000] {processor.py:830} INFO - Processing file /home/airflow/.local/lib/python3.12/site-packages/airflow/example_dags/example_branch_operator.py for tasks to queue
[2026-01-27T23:52:57.719+0000] {logging_mixin.py:188} INFO - [2026-01-27T23:52:57.719+0000] {dagbag.py:540} INFO - Filling up the DagBag from /home/airflow/.local/lib/python3.12/site-packages/airflow/example_dags/example_branch_operator.py
[2026-01-27T23:52:57.735+0000] {processor.py:840} INFO - DAG(s) 'example_branch_operator' retrieved from /home/airflow/.local/lib/python3.12/site-packages/airflow/example_dags/example_branch_operator.py
[2026-01-27T23:52:57.761+0000] {logging_mixin.py:188} INFO - [2026-01-27T23:52:57.761+0000] {dag.py:3096} INFO - Sync 1 DAGs
[2026-01-27T23:52:57.781+0000] {logging_mixin.py:188} INFO - [2026-01-27T23:52:57.781+0000] {dag.py:3954} INFO - Setting next_dagrun for example_branch_operator to 2026-01-26 00:00:00+00:00, run_after=2026-01-27 00:00:00+00:00
[2026-01-27T23:52:57.801+0000] {processor.py:183} INFO - Processing /home/airflow/.local/lib/python3.12/site-packages/airflow/example_dags/example_branch_operator.py took 0.091 seconds
[2026-01-27T23:53:27.884+0000] {processor.py:161} INFO - Started process (PID=1832) to work on /home/airflow/.local/lib/python3.12/site-packages/airflow/example_dags/example_branch_operator.py
[2026-01-27T23:53:27.885+0000] {processor.py:830} INFO - Processing file /home/airflow/.local/lib/python3.12/site-packages/airflow/example_dags/example_branch_operator.py for tasks to queue
[2026-01-27T23:53:27.887+0000] {logging_mixin.py:188} INFO - [2026-01-27T23:53:27.887+0000] {dagbag.py:540} INFO - Filling up the DagBag from /home/airflow/.local/lib/python3.12/site-packages/airflow/example_dags/example_branch_operator.py
[2026-01-27T23:53:27.904+0000] {processor.py:840} INFO - DAG(s) 'example_branch_operator' retrieved from /home/airflow/.local/lib/python3.12/site-packages/airflow/example_dags/example_branch_operator.py
[2026-01-27T23:53:27.937+0000] {logging_mixin.py:188} INFO - [2026-01-27T23:53:27.936+0000] {dag.py:3096} INFO - Sync 1 DAGs
[2026-01-27T23:53:27.962+0000] {logging_mixin.py:188} INFO - [2026-01-27T23:53:27.962+0000] {dag.py:3954} INFO - Setting next_dagrun for example_branch_operator to 2026-01-26 00:00:00+00:00, run_after=2026-01-27 00:00:00+00:00
[2026-01-27T23:53:27.986+0000] {processor.py:183} INFO - Processing /home/airflow/.local/lib/python3.12/site-packages/airflow/example_dags/example_branch_operator.py took 0.108 seconds
[2026-01-27T23:53:58.026+0000] {processor.py:161} INFO - Started process (PID=1883) to work on /home/airflow/.local/lib/python3.12/site-packages/airflow/example_dags/example_branch_operator.py
[2026-01-27T23:53:58.027+0000] {processor.py:830} INFO - Processing file /home/airflow/.local/lib/python3.12/site-packages/airflow/example_dags/example_branch_operator.py for tasks to queue
[2026-01-27T23:53:58.031+0000] {logging_mixin.py:188} INFO - [2026-01-27T23:53:58.030+0000] {dagbag.py:540} INFO - Filling up the DagBag from /home/airflow/.local/lib/python3.12/site-packages/airflow/example_dags/example_branch_operator.py
[2026-01-27T23:53:58.053+0000] {processor.py:840} INFO - DAG(s) 'example_branch_operator' retrieved from /home/airflow/.local/lib/python3.12/site-packages/airflow/example_dags/example_branch_operator.py
[2026-01-27T23:53:58.092+0000] {logging_mixin.py:188} INFO - [2026-01-27T23:53:58.092+0000] {dag.py:3096} INFO - Sync 1 DAGs
[2026-01-27T23:53:58.124+0000] {logging_mixin.py:188} INFO - [2026-01-27T23:53:58.123+0000] {dag.py:3954} INFO - Setting next_dagrun for example_branch_operator to 2026-01-26 00:00:00+00:00, run_after=2026-01-27 00:00:00+00:00
[2026-01-27T23:53:58.153+0000] {processor.py:183} INFO - Processing /home/airflow/.local/lib/python3.12/site-packages/airflow/example_dags/example_branch_operator.py took 0.139 seconds
[2026-01-27T23:54:28.424+0000] {processor.py:161} INFO - Started process (PID=1935) to work on /home/airflow/.local/lib/python3.12/site-packages/airflow/example_dags/example_branch_operator.py
[2026-01-27T23:54:28.425+0000] {processor.py:830} INFO - Processing file /home/airflow/.local/lib/python3.12/site-packages/airflow/example_dags/example_branch_operator.py for tasks to queue
[2026-01-27T23:54:28.427+0000] {logging_mixin.py:188} INFO - [2026-01-27T23:54:28.427+0000] {dagbag.py:540} INFO - Filling up the DagBag from /home/airflow/.local/lib/python3.12/site-packages/airflow/example_dags/example_branch_operator.py
[2026-01-27T23:54:28.443+0000] {processor.py:840} INFO - DAG(s) 'example_branch_operator' retrieved from /home/airflow/.local/lib/python3.12/site-packages/airflow/example_dags/example_branch_operator.py
[2026-01-27T23:54:28.479+0000] {logging_mixin.py:188} INFO - [2026-01-27T23:54:28.479+0000] {dag.py:3096} INFO - Sync 1 DAGs
[2026-01-27T23:54:28.501+0000] {logging_mixin.py:188} INFO - [2026-01-27T23:54:28.501+0000] {dag.py:3954} INFO - Setting next_dagrun for example_branch_operator to 2026-01-26 00:00:00+00:00, run_after=2026-01-27 00:00:00+00:00
[2026-01-27T23:54:28.526+0000] {processor.py:183} INFO - Processing /home/airflow/.local/lib/python3.12/site-packages/airflow/example_dags/example_branch_operator.py took 0.108 seconds
[2026-01-27T23:54:59.532+0000] {processor.py:161} INFO - Started process (PID=1988) to work on /home/airflow/.local/lib/python3.12/site-packages/airflow/example_dags/example_branch_operator.py
[2026-01-27T23:54:59.533+0000] {processor.py:830} INFO - Processing file /home/airflow/.local/lib/python3.12/site-packages/airflow/example_dags/example_branch_operator.py for tasks to queue
[2026-01-27T23:54:59.535+0000] {logging_mixin.py:188} INFO - [2026-01-27T23:54:59.535+0000] {dagbag.py:540} INFO - Filling up the DagBag from /home/airflow/.local/lib/python3.12/site-packages/airflow/example_dags/example_branch_operator.py
[2026-01-27T23:54:59.554+0000] {processor.py:840} INFO - DAG(s) 'example_branch_operator' retrieved from /home/airflow/.local/lib/python3.12/site-packages/airflow/example_dags/example_branch_operator.py
[2026-01-27T23:54:59.586+0000] {logging_mixin.py:188} INFO - [2026-01-27T23:54:59.586+0000] {dag.py:3096} INFO - Sync 1 DAGs
[2026-01-27T23:54:59.609+0000] {logging_mixin.py:188} INFO - [2026-01-27T23:54:59.609+0000] {dag.py:3954} INFO - Setting next_dagrun for example_branch_operator to 2026-01-26 00:00:00+00:00, run_after=2026-01-27 00:00:00+00:00
[2026-01-27T23:54:59.627+0000] {processor.py:183} INFO - Processing /home/airflow/.local/lib/python3.12/site-packages/airflow/example_dags/example_branch_operator.py took 0.102 seconds
[2026-01-27T23:55:30.231+0000] {processor.py:161} INFO - Started process (PID=2040) to work on /home/airflow/.local/lib/python3.12/site-packages/airflow/example_dags/example_branch_operator.py
[2026-01-27T23:55:30.232+0000] {processor.py:830} INFO - Processing file /home/airflow/.local/lib/python3.12/site-packages/airflow/example_dags/example_branch_operator.py for tasks to queue
[2026-01-27T23:55:30.234+0000] {logging_mixin.py:188} INFO - [2026-01-27T23:55:30.234+0000] {dagbag.py:540} INFO - Filling up the DagBag from /home/airflow/.local/lib/python3.12/site-packages/airflow/example_dags/example_branch_operator.py
[2026-01-27T23:55:30.248+0000] {processor.py:840} INFO - DAG(s) 'example_branch_operator' retrieved from /home/airflow/.local/lib/python3.12/site-packages/airflow/example_dags/example_branch_operator.py
[2026-01-27T23:55:30.277+0000] {logging_mixin.py:188} INFO - [2026-01-27T23:55:30.276+0000] {dag.py:3096} INFO - Sync 1 DAGs
[2026-01-27T23:55:30.301+0000] {logging_mixin.py:188} INFO - [2026-01-27T23:55:30.301+0000] {dag.py:3954} INFO - Setting next_dagrun for example_branch_operator to 2026-01-26 00:00:00+00:00, run_after=2026-01-27 00:00:00+00:00
[2026-01-27T23:55:30.322+0000] {processor.py:183} INFO - Processing /home/airflow/.local/lib/python3.12/site-packages/airflow/example_dags/example_branch_operator.py took 0.097 seconds
[2026-01-27T23:56:00.357+0000] {processor.py:161} INFO - Started process (PID=2091) to work on /home/airflow/.local/lib/python3.12/site-packages/airflow/example_dags/example_branch_operator.py
[2026-01-27T23:56:00.358+0000] {processor.py:830} INFO - Processing file /home/airflow/.local/lib/python3.12/site-packages/airflow/example_dags/example_branch_operator.py for tasks to queue
[2026-01-27T23:56:00.360+0000] {logging_mixin.py:188} INFO - [2026-01-27T23:56:00.360+0000] {dagbag.py:540} INFO - Filling up the DagBag from /home/airflow/.local/lib/python3.12/site-packages/airflow/example_dags/example_branch_operator.py
[2026-01-27T23:56:00.377+0000] {processor.py:840} INFO - DAG(s) 'example_branch_operator' retrieved from /home/airflow/.local/lib/python3.12/site-packages/airflow/example_dags/example_branch_operator.py
[2026-01-27T23:56:00.409+0000] {logging_mixin.py:188} INFO - [2026-01-27T23:56:00.408+0000] {dag.py:3096} INFO - Sync 1 DAGs
[2026-01-27T23:56:00.436+0000] {logging_mixin.py:188} INFO - [2026-01-27T23:56:00.436+0000] {dag.py:3954} INFO - Setting next_dagrun for example_branch_operator to 2026-01-26 00:00:00+00:00, run_after=2026-01-27 00:00:00+00:00
[2026-01-27T23:56:00.462+0000] {processor.py:183} INFO - Processing /home/airflow/.local/lib/python3.12/site-packages/airflow/example_dags/example_branch_operator.py took 0.112 seconds
[2026-01-27T23:56:30.702+0000] {processor.py:161} INFO - Started process (PID=2143) to work on /home/airflow/.local/lib/python3.12/site-packages/airflow/example_dags/example_branch_operator.py
[2026-01-27T23:56:30.704+0000] {processor.py:830} INFO - Processing file /home/airflow/.local/lib/python3.12/site-packages/airflow/example_dags/example_branch_operator.py for tasks to queue
[2026-01-27T23:56:30.707+0000] {logging_mixin.py:188} INFO - [2026-01-27T23:56:30.706+0000] {dagbag.py:540} INFO - Filling up the DagBag from /home/airflow/.local/lib/python3.12/site-packages/airflow/example_dags/example_branch_operator.py
[2026-01-27T23:56:30.725+0000] {processor.py:840} INFO - DAG(s) 'example_branch_operator' retrieved from /home/airflow/.local/lib/python3.12/site-packages/airflow/example_dags/example_branch_operator.py
[2026-01-27T23:56:30.758+0000] {logging_mixin.py:188} INFO - [2026-01-27T23:56:30.757+0000] {dag.py:3096} INFO - Sync 1 DAGs
[2026-01-27T23:56:30.786+0000] {logging_mixin.py:188} INFO - [2026-01-27T23:56:30.786+0000] {dag.py:3954} INFO - Setting next_dagrun for example_branch_operator to 2026-01-26 00:00:00+00:00, run_after=2026-01-27 00:00:00+00:00
[2026-01-27T23:56:30.815+0000] {processor.py:183} INFO - Processing /home/airflow/.local/lib/python3.12/site-packages/airflow/example_dags/example_branch_operator.py took 0.120 seconds
[2026-01-27T23:57:00.938+0000] {processor.py:161} INFO - Started process (PID=2195) to work on /home/airflow/.local/lib/python3.12/site-packages/airflow/example_dags/example_branch_operator.py
[2026-01-27T23:57:00.939+0000] {processor.py:830} INFO - Processing file /home/airflow/.local/lib/python3.12/site-packages/airflow/example_dags/example_branch_operator.py for tasks to queue
[2026-01-27T23:57:00.941+0000] {logging_mixin.py:188} INFO - [2026-01-27T23:57:00.941+0000] {dagbag.py:540} INFO - Filling up the DagBag from /home/airflow/.local/lib/python3.12/site-packages/airflow/example_dags/example_branch_operator.py
[2026-01-27T23:57:00.959+0000] {processor.py:840} INFO - DAG(s) 'example_branch_operator' retrieved from /home/airflow/.local/lib/python3.12/site-packages/airflow/example_dags/example_branch_operator.py
[2026-01-27T23:57:00.987+0000] {logging_mixin.py:188} INFO - [2026-01-27T23:57:00.987+0000] {dag.py:3096} INFO - Sync 1 DAGs
[2026-01-27T23:57:01.014+0000] {logging_mixin.py:188} INFO - [2026-01-27T23:57:01.014+0000] {dag.py:3954} INFO - Setting next_dagrun for example_branch_operator to 2026-01-26 00:00:00+00:00, run_after=2026-01-27 00:00:00+00:00
[2026-01-27T23:57:01.047+0000] {processor.py:183} INFO - Processing /home/airflow/.local/lib/python3.12/site-packages/airflow/example_dags/example_branch_operator.py took 0.115 seconds
[2026-01-27T23:57:31.633+0000] {processor.py:161} INFO - Started process (PID=2247) to work on /home/airflow/.local/lib/python3.12/site-packages/airflow/example_dags/example_branch_operator.py
[2026-01-27T23:57:31.635+0000] {processor.py:830} INFO - Processing file /home/airflow/.local/lib/python3.12/site-packages/airflow/example_dags/example_branch_operator.py for tasks to queue
[2026-01-27T23:57:31.637+0000] {logging_mixin.py:188} INFO - [2026-01-27T23:57:31.636+0000] {dagbag.py:540} INFO - Filling up the DagBag from /home/airflow/.local/lib/python3.12/site-packages/airflow/example_dags/example_branch_operator.py
[2026-01-27T23:57:31.654+0000] {processor.py:840} INFO - DAG(s) 'example_branch_operator' retrieved from /home/airflow/.local/lib/python3.12/site-packages/airflow/example_dags/example_branch_operator.py
[2026-01-27T23:57:31.681+0000] {logging_mixin.py:188} INFO - [2026-01-27T23:57:31.681+0000] {dag.py:3096} INFO - Sync 1 DAGs
[2026-01-27T23:57:31.708+0000] {logging_mixin.py:188} INFO - [2026-01-27T23:57:31.708+0000] {dag.py:3954} INFO - Setting next_dagrun for example_branch_operator to 2026-01-26 00:00:00+00:00, run_after=2026-01-27 00:00:00+00:00
[2026-01-27T23:57:31.730+0000] {processor.py:183} INFO - Processing /home/airflow/.local/lib/python3.12/site-packages/airflow/example_dags/example_branch_operator.py took 0.103 seconds
[2026-01-27T23:58:01.846+0000] {processor.py:161} INFO - Started process (PID=2299) to work on /home/airflow/.local/lib/python3.12/site-packages/airflow/example_dags/example_branch_operator.py
[2026-01-27T23:58:01.847+0000] {processor.py:830} INFO - Processing file /home/airflow/.local/lib/python3.12/site-packages/airflow/example_dags/example_branch_operator.py for tasks to queue
[2026-01-27T23:58:01.849+0000] {logging_mixin.py:188} INFO - [2026-01-27T23:58:01.849+0000] {dagbag.py:540} INFO - Filling up the DagBag from /home/airflow/.local/lib/python3.12/site-packages/airflow/example_dags/example_branch_operator.py
[2026-01-27T23:58:01.866+0000] {processor.py:840} INFO - DAG(s) 'example_branch_operator' retrieved from /home/airflow/.local/lib/python3.12/site-packages/airflow/example_dags/example_branch_operator.py
[2026-01-27T23:58:01.894+0000] {logging_mixin.py:188} INFO - [2026-01-27T23:58:01.894+0000] {dag.py:3096} INFO - Sync 1 DAGs
[2026-01-27T23:58:01.917+0000] {logging_mixin.py:188} INFO - [2026-01-27T23:58:01.917+0000] {dag.py:3954} INFO - Setting next_dagrun for example_branch_operator to 2026-01-26 00:00:00+00:00, run_after=2026-01-27 00:00:00+00:00
[2026-01-27T23:58:01.940+0000] {processor.py:183} INFO - Processing /home/airflow/.local/lib/python3.12/site-packages/airflow/example_dags/example_branch_operator.py took 0.099 seconds
[2026-01-27T23:58:32.196+0000] {processor.py:161} INFO - Started process (PID=2351) to work on /home/airflow/.local/lib/python3.12/site-packages/airflow/example_dags/example_branch_operator.py
[2026-01-27T23:58:32.197+0000] {processor.py:830} INFO - Processing file /home/airflow/.local/lib/python3.12/site-packages/airflow/example_dags/example_branch_operator.py for tasks to queue
[2026-01-27T23:58:32.199+0000] {logging_mixin.py:188} INFO - [2026-01-27T23:58:32.198+0000] {dagbag.py:540} INFO - Filling up the DagBag from /home/airflow/.local/lib/python3.12/site-packages/airflow/example_dags/example_branch_operator.py
[2026-01-27T23:58:32.216+0000] {processor.py:840} INFO - DAG(s) 'example_branch_operator' retrieved from /home/airflow/.local/lib/python3.12/site-packages/airflow/example_dags/example_branch_operator.py
[2026-01-27T23:58:32.245+0000] {logging_mixin.py:188} INFO - [2026-01-27T23:58:32.245+0000] {dag.py:3096} INFO - Sync 1 DAGs
[2026-01-27T23:58:32.272+0000] {logging_mixin.py:188} INFO - [2026-01-27T23:58:32.272+0000] {dag.py:3954} INFO - Setting next_dagrun for example_branch_operator to 2026-01-26 00:00:00+00:00, run_after=2026-01-27 00:00:00+00:00
[2026-01-27T23:58:32.296+0000] {processor.py:183} INFO - Processing /home/airflow/.local/lib/python3.12/site-packages/airflow/example_dags/example_branch_operator.py took 0.106 seconds
[2026-01-27T23:59:02.423+0000] {processor.py:161} INFO - Started process (PID=2403) to work on /home/airflow/.local/lib/python3.12/site-packages/airflow/example_dags/example_branch_operator.py
[2026-01-27T23:59:02.423+0000] {processor.py:830} INFO - Processing file /home/airflow/.local/lib/python3.12/site-packages/airflow/example_dags/example_branch_operator.py for tasks to queue
[2026-01-27T23:59:02.425+0000] {logging_mixin.py:188} INFO - [2026-01-27T23:59:02.425+0000] {dagbag.py:540} INFO - Filling up the DagBag from /home/airflow/.local/lib/python3.12/site-packages/airflow/example_dags/example_branch_operator.py
[2026-01-27T23:59:02.441+0000] {processor.py:840} INFO - DAG(s) 'example_branch_operator' retrieved from /home/airflow/.local/lib/python3.12/site-packages/airflow/example_dags/example_branch_operator.py
[2026-01-27T23:59:02.471+0000] {logging_mixin.py:188} INFO - [2026-01-27T23:59:02.471+0000] {dag.py:3096} INFO - Sync 1 DAGs
[2026-01-27T23:59:02.494+0000] {logging_mixin.py:188} INFO - [2026-01-27T23:59:02.494+0000] {dag.py:3954} INFO - Setting next_dagrun for example_branch_operator to 2026-01-26 00:00:00+00:00, run_after=2026-01-27 00:00:00+00:00
[2026-01-27T23:59:02.516+0000] {processor.py:183} INFO - Processing /home/airflow/.local/lib/python3.12/site-packages/airflow/example_dags/example_branch_operator.py took 0.099 seconds
[2026-01-27T23:59:33.120+0000] {processor.py:161} INFO - Started process (PID=2455) to work on /home/airflow/.local/lib/python3.12/site-packages/airflow/example_dags/example_branch_operator.py
[2026-01-27T23:59:33.121+0000] {processor.py:830} INFO - Processing file /home/airflow/.local/lib/python3.12/site-packages/airflow/example_dags/example_branch_operator.py for tasks to queue
[2026-01-27T23:59:33.123+0000] {logging_mixin.py:188} INFO - [2026-01-27T23:59:33.123+0000] {dagbag.py:540} INFO - Filling up the DagBag from /home/airflow/.local/lib/python3.12/site-packages/airflow/example_dags/example_branch_operator.py
[2026-01-27T23:59:33.137+0000] {processor.py:840} INFO - DAG(s) 'example_branch_operator' retrieved from /home/airflow/.local/lib/python3.12/site-packages/airflow/example_dags/example_branch_operator.py
[2026-01-27T23:59:33.162+0000] {logging_mixin.py:188} INFO - [2026-01-27T23:59:33.162+0000] {dag.py:3096} INFO - Sync 1 DAGs
[2026-01-27T23:59:33.182+0000] {logging_mixin.py:188} INFO - [2026-01-27T23:59:33.182+0000] {dag.py:3954} INFO - Setting next_dagrun for example_branch_operator to 2026-01-26 00:00:00+00:00, run_after=2026-01-27 00:00:00+00:00
[2026-01-27T23:59:33.201+0000] {processor.py:183} INFO - Processing /home/airflow/.local/lib/python3.12/site-packages/airflow/example_dags/example_branch_operator.py took 0.087 seconds
