[2026-01-27 23:26:59,962] {scheduler_job.py:182} INFO - Started process (PID=37) to work on /home/airflow/.local/lib/python3.6/site-packages/airflow/example_dags/example_xcomargs.py
[2026-01-27 23:27:00,026] {scheduler_job.py:629} INFO - Processing file /home/airflow/.local/lib/python3.6/site-packages/airflow/example_dags/example_xcomargs.py for tasks to queue
[2026-01-27 23:27:00,028] {logging_mixin.py:104} INFO - [2026-01-27 23:27:00,028] {dagbag.py:448} INFO - Filling up the DagBag from /home/airflow/.local/lib/python3.6/site-packages/airflow/example_dags/example_xcomargs.py
[2026-01-27 23:27:00,116] {scheduler_job.py:639} INFO - DAG(s) dict_keys(['example_xcom_args', 'example_xcom_args_with_operators']) retrieved from /home/airflow/.local/lib/python3.6/site-packages/airflow/example_dags/example_xcomargs.py
[2026-01-27 23:27:00,230] {logging_mixin.py:104} INFO - [2026-01-27 23:27:00,229] {dag.py:1818} INFO - Sync 2 DAGs
[2026-01-27 23:27:00,324] {logging_mixin.py:104} INFO - [2026-01-27 23:27:00,324] {dag.py:1837} INFO - Creating ORM DAG for example_xcom_args
[2026-01-27 23:27:00,329] {logging_mixin.py:104} INFO - [2026-01-27 23:27:00,329] {dag.py:1837} INFO - Creating ORM DAG for example_xcom_args_with_operators
[2026-01-27 23:27:00,363] {logging_mixin.py:104} INFO - [2026-01-27 23:27:00,363] {dag.py:2273} INFO - Setting next_dagrun for example_xcom_args to None
[2026-01-27 23:27:00,372] {logging_mixin.py:104} INFO - [2026-01-27 23:27:00,372] {dag.py:2273} INFO - Setting next_dagrun for example_xcom_args_with_operators to None
[2026-01-27 23:27:00,781] {scheduler_job.py:190} INFO - Processing /home/airflow/.local/lib/python3.6/site-packages/airflow/example_dags/example_xcomargs.py took 0.832 seconds
[2026-01-27 23:27:30,941] {scheduler_job.py:182} INFO - Started process (PID=63) to work on /home/airflow/.local/lib/python3.6/site-packages/airflow/example_dags/example_xcomargs.py
[2026-01-27 23:27:30,948] {scheduler_job.py:629} INFO - Processing file /home/airflow/.local/lib/python3.6/site-packages/airflow/example_dags/example_xcomargs.py for tasks to queue
[2026-01-27 23:27:30,951] {logging_mixin.py:104} INFO - [2026-01-27 23:27:30,951] {dagbag.py:448} INFO - Filling up the DagBag from /home/airflow/.local/lib/python3.6/site-packages/airflow/example_dags/example_xcomargs.py
[2026-01-27 23:27:31,050] {scheduler_job.py:639} INFO - DAG(s) dict_keys(['example_xcom_args', 'example_xcom_args_with_operators']) retrieved from /home/airflow/.local/lib/python3.6/site-packages/airflow/example_dags/example_xcomargs.py
[2026-01-27 23:27:31,177] {logging_mixin.py:104} INFO - [2026-01-27 23:27:31,177] {dag.py:1818} INFO - Sync 2 DAGs
[2026-01-27 23:27:31,245] {logging_mixin.py:104} INFO - [2026-01-27 23:27:31,245] {dag.py:2273} INFO - Setting next_dagrun for example_xcom_args to None
[2026-01-27 23:27:31,249] {logging_mixin.py:104} INFO - [2026-01-27 23:27:31,249] {dag.py:2273} INFO - Setting next_dagrun for example_xcom_args_with_operators to None
[2026-01-27 23:27:31,291] {scheduler_job.py:190} INFO - Processing /home/airflow/.local/lib/python3.6/site-packages/airflow/example_dags/example_xcomargs.py took 0.378 seconds
[2026-01-27 23:28:01,721] {scheduler_job.py:182} INFO - Started process (PID=89) to work on /home/airflow/.local/lib/python3.6/site-packages/airflow/example_dags/example_xcomargs.py
[2026-01-27 23:28:01,722] {scheduler_job.py:629} INFO - Processing file /home/airflow/.local/lib/python3.6/site-packages/airflow/example_dags/example_xcomargs.py for tasks to queue
[2026-01-27 23:28:01,724] {logging_mixin.py:104} INFO - [2026-01-27 23:28:01,724] {dagbag.py:448} INFO - Filling up the DagBag from /home/airflow/.local/lib/python3.6/site-packages/airflow/example_dags/example_xcomargs.py
[2026-01-27 23:28:01,752] {scheduler_job.py:639} INFO - DAG(s) dict_keys(['example_xcom_args', 'example_xcom_args_with_operators']) retrieved from /home/airflow/.local/lib/python3.6/site-packages/airflow/example_dags/example_xcomargs.py
[2026-01-27 23:28:01,802] {logging_mixin.py:104} INFO - [2026-01-27 23:28:01,802] {dag.py:1818} INFO - Sync 2 DAGs
[2026-01-27 23:28:01,833] {logging_mixin.py:104} INFO - [2026-01-27 23:28:01,833] {dag.py:2273} INFO - Setting next_dagrun for example_xcom_args to None
[2026-01-27 23:28:01,836] {logging_mixin.py:104} INFO - [2026-01-27 23:28:01,836] {dag.py:2273} INFO - Setting next_dagrun for example_xcom_args_with_operators to None
[2026-01-27 23:28:01,859] {scheduler_job.py:190} INFO - Processing /home/airflow/.local/lib/python3.6/site-packages/airflow/example_dags/example_xcomargs.py took 0.144 seconds
[2026-01-27 23:28:32,184] {scheduler_job.py:182} INFO - Started process (PID=115) to work on /home/airflow/.local/lib/python3.6/site-packages/airflow/example_dags/example_xcomargs.py
[2026-01-27 23:28:32,186] {scheduler_job.py:629} INFO - Processing file /home/airflow/.local/lib/python3.6/site-packages/airflow/example_dags/example_xcomargs.py for tasks to queue
[2026-01-27 23:28:32,186] {logging_mixin.py:104} INFO - [2026-01-27 23:28:32,186] {dagbag.py:448} INFO - Filling up the DagBag from /home/airflow/.local/lib/python3.6/site-packages/airflow/example_dags/example_xcomargs.py
[2026-01-27 23:28:32,200] {scheduler_job.py:639} INFO - DAG(s) dict_keys(['example_xcom_args', 'example_xcom_args_with_operators']) retrieved from /home/airflow/.local/lib/python3.6/site-packages/airflow/example_dags/example_xcomargs.py
[2026-01-27 23:28:32,227] {logging_mixin.py:104} INFO - [2026-01-27 23:28:32,227] {dag.py:1818} INFO - Sync 2 DAGs
[2026-01-27 23:28:32,240] {logging_mixin.py:104} INFO - [2026-01-27 23:28:32,240] {dag.py:2273} INFO - Setting next_dagrun for example_xcom_args to None
[2026-01-27 23:28:32,242] {logging_mixin.py:104} INFO - [2026-01-27 23:28:32,242] {dag.py:2273} INFO - Setting next_dagrun for example_xcom_args_with_operators to None
[2026-01-27 23:28:32,255] {scheduler_job.py:190} INFO - Processing /home/airflow/.local/lib/python3.6/site-packages/airflow/example_dags/example_xcomargs.py took 0.074 seconds
[2026-01-27 23:29:02,509] {scheduler_job.py:182} INFO - Started process (PID=141) to work on /home/airflow/.local/lib/python3.6/site-packages/airflow/example_dags/example_xcomargs.py
[2026-01-27 23:29:02,510] {scheduler_job.py:629} INFO - Processing file /home/airflow/.local/lib/python3.6/site-packages/airflow/example_dags/example_xcomargs.py for tasks to queue
[2026-01-27 23:29:02,511] {logging_mixin.py:104} INFO - [2026-01-27 23:29:02,511] {dagbag.py:448} INFO - Filling up the DagBag from /home/airflow/.local/lib/python3.6/site-packages/airflow/example_dags/example_xcomargs.py
[2026-01-27 23:29:02,523] {scheduler_job.py:639} INFO - DAG(s) dict_keys(['example_xcom_args', 'example_xcom_args_with_operators']) retrieved from /home/airflow/.local/lib/python3.6/site-packages/airflow/example_dags/example_xcomargs.py
[2026-01-27 23:29:02,550] {logging_mixin.py:104} INFO - [2026-01-27 23:29:02,550] {dag.py:1818} INFO - Sync 2 DAGs
[2026-01-27 23:29:02,564] {logging_mixin.py:104} INFO - [2026-01-27 23:29:02,564] {dag.py:2273} INFO - Setting next_dagrun for example_xcom_args to None
[2026-01-27 23:29:02,565] {logging_mixin.py:104} INFO - [2026-01-27 23:29:02,565] {dag.py:2273} INFO - Setting next_dagrun for example_xcom_args_with_operators to None
[2026-01-27 23:29:02,576] {scheduler_job.py:190} INFO - Processing /home/airflow/.local/lib/python3.6/site-packages/airflow/example_dags/example_xcomargs.py took 0.070 seconds
[2026-01-27 23:29:32,844] {scheduler_job.py:182} INFO - Started process (PID=167) to work on /home/airflow/.local/lib/python3.6/site-packages/airflow/example_dags/example_xcomargs.py
[2026-01-27 23:29:32,846] {scheduler_job.py:629} INFO - Processing file /home/airflow/.local/lib/python3.6/site-packages/airflow/example_dags/example_xcomargs.py for tasks to queue
[2026-01-27 23:29:32,847] {logging_mixin.py:104} INFO - [2026-01-27 23:29:32,847] {dagbag.py:448} INFO - Filling up the DagBag from /home/airflow/.local/lib/python3.6/site-packages/airflow/example_dags/example_xcomargs.py
[2026-01-27 23:29:32,859] {scheduler_job.py:639} INFO - DAG(s) dict_keys(['example_xcom_args', 'example_xcom_args_with_operators']) retrieved from /home/airflow/.local/lib/python3.6/site-packages/airflow/example_dags/example_xcomargs.py
[2026-01-27 23:29:32,890] {logging_mixin.py:104} INFO - [2026-01-27 23:29:32,890] {dag.py:1818} INFO - Sync 2 DAGs
[2026-01-27 23:29:32,903] {logging_mixin.py:104} INFO - [2026-01-27 23:29:32,903] {dag.py:2273} INFO - Setting next_dagrun for example_xcom_args to None
[2026-01-27 23:29:32,905] {logging_mixin.py:104} INFO - [2026-01-27 23:29:32,904] {dag.py:2273} INFO - Setting next_dagrun for example_xcom_args_with_operators to None
[2026-01-27 23:29:32,915] {scheduler_job.py:190} INFO - Processing /home/airflow/.local/lib/python3.6/site-packages/airflow/example_dags/example_xcomargs.py took 0.074 seconds
[2026-01-27 23:30:03,039] {scheduler_job.py:182} INFO - Started process (PID=193) to work on /home/airflow/.local/lib/python3.6/site-packages/airflow/example_dags/example_xcomargs.py
[2026-01-27 23:30:03,041] {scheduler_job.py:629} INFO - Processing file /home/airflow/.local/lib/python3.6/site-packages/airflow/example_dags/example_xcomargs.py for tasks to queue
[2026-01-27 23:30:03,045] {logging_mixin.py:104} INFO - [2026-01-27 23:30:03,044] {dagbag.py:448} INFO - Filling up the DagBag from /home/airflow/.local/lib/python3.6/site-packages/airflow/example_dags/example_xcomargs.py
[2026-01-27 23:30:03,060] {scheduler_job.py:639} INFO - DAG(s) dict_keys(['example_xcom_args', 'example_xcom_args_with_operators']) retrieved from /home/airflow/.local/lib/python3.6/site-packages/airflow/example_dags/example_xcomargs.py
[2026-01-27 23:30:03,094] {logging_mixin.py:104} INFO - [2026-01-27 23:30:03,094] {dag.py:1818} INFO - Sync 2 DAGs
[2026-01-27 23:30:03,118] {logging_mixin.py:104} INFO - [2026-01-27 23:30:03,117] {dag.py:2273} INFO - Setting next_dagrun for example_xcom_args to None
[2026-01-27 23:30:03,119] {logging_mixin.py:104} INFO - [2026-01-27 23:30:03,119] {dag.py:2273} INFO - Setting next_dagrun for example_xcom_args_with_operators to None
[2026-01-27 23:30:03,133] {scheduler_job.py:190} INFO - Processing /home/airflow/.local/lib/python3.6/site-packages/airflow/example_dags/example_xcomargs.py took 0.098 seconds
[2026-01-27 23:30:33,485] {scheduler_job.py:182} INFO - Started process (PID=219) to work on /home/airflow/.local/lib/python3.6/site-packages/airflow/example_dags/example_xcomargs.py
[2026-01-27 23:30:33,486] {scheduler_job.py:629} INFO - Processing file /home/airflow/.local/lib/python3.6/site-packages/airflow/example_dags/example_xcomargs.py for tasks to queue
[2026-01-27 23:30:33,487] {logging_mixin.py:104} INFO - [2026-01-27 23:30:33,487] {dagbag.py:448} INFO - Filling up the DagBag from /home/airflow/.local/lib/python3.6/site-packages/airflow/example_dags/example_xcomargs.py
[2026-01-27 23:30:33,497] {scheduler_job.py:639} INFO - DAG(s) dict_keys(['example_xcom_args', 'example_xcom_args_with_operators']) retrieved from /home/airflow/.local/lib/python3.6/site-packages/airflow/example_dags/example_xcomargs.py
[2026-01-27 23:30:33,522] {logging_mixin.py:104} INFO - [2026-01-27 23:30:33,522] {dag.py:1818} INFO - Sync 2 DAGs
[2026-01-27 23:30:33,535] {logging_mixin.py:104} INFO - [2026-01-27 23:30:33,534] {dag.py:2273} INFO - Setting next_dagrun for example_xcom_args to None
[2026-01-27 23:30:33,536] {logging_mixin.py:104} INFO - [2026-01-27 23:30:33,536] {dag.py:2273} INFO - Setting next_dagrun for example_xcom_args_with_operators to None
[2026-01-27 23:30:33,548] {scheduler_job.py:190} INFO - Processing /home/airflow/.local/lib/python3.6/site-packages/airflow/example_dags/example_xcomargs.py took 0.065 seconds
[2026-01-27 23:31:03,850] {scheduler_job.py:182} INFO - Started process (PID=245) to work on /home/airflow/.local/lib/python3.6/site-packages/airflow/example_dags/example_xcomargs.py
[2026-01-27 23:31:03,851] {scheduler_job.py:629} INFO - Processing file /home/airflow/.local/lib/python3.6/site-packages/airflow/example_dags/example_xcomargs.py for tasks to queue
[2026-01-27 23:31:03,852] {logging_mixin.py:104} INFO - [2026-01-27 23:31:03,852] {dagbag.py:448} INFO - Filling up the DagBag from /home/airflow/.local/lib/python3.6/site-packages/airflow/example_dags/example_xcomargs.py
[2026-01-27 23:31:03,863] {scheduler_job.py:639} INFO - DAG(s) dict_keys(['example_xcom_args', 'example_xcom_args_with_operators']) retrieved from /home/airflow/.local/lib/python3.6/site-packages/airflow/example_dags/example_xcomargs.py
[2026-01-27 23:31:03,887] {logging_mixin.py:104} INFO - [2026-01-27 23:31:03,887] {dag.py:1818} INFO - Sync 2 DAGs
[2026-01-27 23:31:03,899] {logging_mixin.py:104} INFO - [2026-01-27 23:31:03,899] {dag.py:2273} INFO - Setting next_dagrun for example_xcom_args to None
[2026-01-27 23:31:03,900] {logging_mixin.py:104} INFO - [2026-01-27 23:31:03,900] {dag.py:2273} INFO - Setting next_dagrun for example_xcom_args_with_operators to None
[2026-01-27 23:31:03,914] {scheduler_job.py:190} INFO - Processing /home/airflow/.local/lib/python3.6/site-packages/airflow/example_dags/example_xcomargs.py took 0.066 seconds
[2026-01-27T23:36:10.670+0000] {processor.py:161} INFO - Started process (PID=71) to work on /home/airflow/.local/lib/python3.12/site-packages/airflow/example_dags/example_xcomargs.py
[2026-01-27T23:36:10.672+0000] {processor.py:830} INFO - Processing file /home/airflow/.local/lib/python3.12/site-packages/airflow/example_dags/example_xcomargs.py for tasks to queue
[2026-01-27T23:36:10.676+0000] {logging_mixin.py:188} INFO - [2026-01-27T23:36:10.676+0000] {dagbag.py:540} INFO - Filling up the DagBag from /home/airflow/.local/lib/python3.12/site-packages/airflow/example_dags/example_xcomargs.py
[2026-01-27T23:36:10.700+0000] {processor.py:840} INFO - DAG(s) 'example_xcom_args', 'example_xcom_args_with_operators' retrieved from /home/airflow/.local/lib/python3.12/site-packages/airflow/example_dags/example_xcomargs.py
[2026-01-27T23:36:10.973+0000] {logging_mixin.py:188} INFO - [2026-01-27T23:36:10.973+0000] {dag.py:3096} INFO - Sync 2 DAGs
[2026-01-27T23:36:11.000+0000] {logging_mixin.py:188} INFO - [2026-01-27T23:36:11.000+0000] {dag.py:3954} INFO - Setting next_dagrun for example_xcom_args to None, run_after=None
[2026-01-27T23:36:11.008+0000] {logging_mixin.py:188} INFO - [2026-01-27T23:36:11.007+0000] {dag.py:3954} INFO - Setting next_dagrun for example_xcom_args_with_operators to None, run_after=None
[2026-01-27T23:36:11.056+0000] {processor.py:183} INFO - Processing /home/airflow/.local/lib/python3.12/site-packages/airflow/example_dags/example_xcomargs.py took 0.400 seconds
[2026-01-27T23:36:41.149+0000] {processor.py:161} INFO - Started process (PID=123) to work on /home/airflow/.local/lib/python3.12/site-packages/airflow/example_dags/example_xcomargs.py
[2026-01-27T23:36:41.150+0000] {processor.py:830} INFO - Processing file /home/airflow/.local/lib/python3.12/site-packages/airflow/example_dags/example_xcomargs.py for tasks to queue
[2026-01-27T23:36:41.152+0000] {logging_mixin.py:188} INFO - [2026-01-27T23:36:41.151+0000] {dagbag.py:540} INFO - Filling up the DagBag from /home/airflow/.local/lib/python3.12/site-packages/airflow/example_dags/example_xcomargs.py
[2026-01-27T23:36:41.160+0000] {processor.py:840} INFO - DAG(s) 'example_xcom_args', 'example_xcom_args_with_operators' retrieved from /home/airflow/.local/lib/python3.12/site-packages/airflow/example_dags/example_xcomargs.py
[2026-01-27T23:36:41.182+0000] {logging_mixin.py:188} INFO - [2026-01-27T23:36:41.182+0000] {dag.py:3096} INFO - Sync 2 DAGs
[2026-01-27T23:36:41.200+0000] {logging_mixin.py:188} INFO - [2026-01-27T23:36:41.200+0000] {dag.py:3954} INFO - Setting next_dagrun for example_xcom_args to None, run_after=None
[2026-01-27T23:36:41.205+0000] {logging_mixin.py:188} INFO - [2026-01-27T23:36:41.204+0000] {dag.py:3954} INFO - Setting next_dagrun for example_xcom_args_with_operators to None, run_after=None
[2026-01-27T23:36:41.225+0000] {processor.py:183} INFO - Processing /home/airflow/.local/lib/python3.12/site-packages/airflow/example_dags/example_xcomargs.py took 0.082 seconds
[2026-01-27T23:37:11.304+0000] {processor.py:161} INFO - Started process (PID=175) to work on /home/airflow/.local/lib/python3.12/site-packages/airflow/example_dags/example_xcomargs.py
[2026-01-27T23:37:11.305+0000] {processor.py:830} INFO - Processing file /home/airflow/.local/lib/python3.12/site-packages/airflow/example_dags/example_xcomargs.py for tasks to queue
[2026-01-27T23:37:11.307+0000] {logging_mixin.py:188} INFO - [2026-01-27T23:37:11.307+0000] {dagbag.py:540} INFO - Filling up the DagBag from /home/airflow/.local/lib/python3.12/site-packages/airflow/example_dags/example_xcomargs.py
[2026-01-27T23:37:11.315+0000] {processor.py:840} INFO - DAG(s) 'example_xcom_args_with_operators', 'example_xcom_args' retrieved from /home/airflow/.local/lib/python3.12/site-packages/airflow/example_dags/example_xcomargs.py
[2026-01-27T23:37:11.343+0000] {logging_mixin.py:188} INFO - [2026-01-27T23:37:11.343+0000] {dag.py:3096} INFO - Sync 2 DAGs
[2026-01-27T23:37:11.377+0000] {logging_mixin.py:188} INFO - [2026-01-27T23:37:11.376+0000] {dag.py:3954} INFO - Setting next_dagrun for example_xcom_args to None, run_after=None
[2026-01-27T23:37:11.383+0000] {logging_mixin.py:188} INFO - [2026-01-27T23:37:11.382+0000] {dag.py:3954} INFO - Setting next_dagrun for example_xcom_args_with_operators to None, run_after=None
[2026-01-27T23:37:11.410+0000] {processor.py:183} INFO - Processing /home/airflow/.local/lib/python3.12/site-packages/airflow/example_dags/example_xcomargs.py took 0.112 seconds
[2026-01-27T23:37:42.007+0000] {processor.py:161} INFO - Started process (PID=227) to work on /home/airflow/.local/lib/python3.12/site-packages/airflow/example_dags/example_xcomargs.py
[2026-01-27T23:37:42.009+0000] {processor.py:830} INFO - Processing file /home/airflow/.local/lib/python3.12/site-packages/airflow/example_dags/example_xcomargs.py for tasks to queue
[2026-01-27T23:37:42.013+0000] {logging_mixin.py:188} INFO - [2026-01-27T23:37:42.012+0000] {dagbag.py:540} INFO - Filling up the DagBag from /home/airflow/.local/lib/python3.12/site-packages/airflow/example_dags/example_xcomargs.py
[2026-01-27T23:37:42.025+0000] {processor.py:840} INFO - DAG(s) 'example_xcom_args_with_operators', 'example_xcom_args' retrieved from /home/airflow/.local/lib/python3.12/site-packages/airflow/example_dags/example_xcomargs.py
[2026-01-27T23:37:42.054+0000] {logging_mixin.py:188} INFO - [2026-01-27T23:37:42.054+0000] {dag.py:3096} INFO - Sync 2 DAGs
[2026-01-27T23:37:42.070+0000] {logging_mixin.py:188} INFO - [2026-01-27T23:37:42.069+0000] {dag.py:3954} INFO - Setting next_dagrun for example_xcom_args to None, run_after=None
[2026-01-27T23:37:42.073+0000] {logging_mixin.py:188} INFO - [2026-01-27T23:37:42.073+0000] {dag.py:3954} INFO - Setting next_dagrun for example_xcom_args_with_operators to None, run_after=None
[2026-01-27T23:37:42.092+0000] {processor.py:183} INFO - Processing /home/airflow/.local/lib/python3.12/site-packages/airflow/example_dags/example_xcomargs.py took 0.095 seconds
[2026-01-27T23:38:12.459+0000] {processor.py:161} INFO - Started process (PID=279) to work on /home/airflow/.local/lib/python3.12/site-packages/airflow/example_dags/example_xcomargs.py
[2026-01-27T23:38:12.460+0000] {processor.py:830} INFO - Processing file /home/airflow/.local/lib/python3.12/site-packages/airflow/example_dags/example_xcomargs.py for tasks to queue
[2026-01-27T23:38:12.462+0000] {logging_mixin.py:188} INFO - [2026-01-27T23:38:12.462+0000] {dagbag.py:540} INFO - Filling up the DagBag from /home/airflow/.local/lib/python3.12/site-packages/airflow/example_dags/example_xcomargs.py
[2026-01-27T23:38:12.470+0000] {processor.py:840} INFO - DAG(s) 'example_xcom_args_with_operators', 'example_xcom_args' retrieved from /home/airflow/.local/lib/python3.12/site-packages/airflow/example_dags/example_xcomargs.py
[2026-01-27T23:38:12.496+0000] {logging_mixin.py:188} INFO - [2026-01-27T23:38:12.496+0000] {dag.py:3096} INFO - Sync 2 DAGs
[2026-01-27T23:38:12.507+0000] {logging_mixin.py:188} INFO - [2026-01-27T23:38:12.507+0000] {dag.py:3954} INFO - Setting next_dagrun for example_xcom_args to None, run_after=None
[2026-01-27T23:38:12.512+0000] {logging_mixin.py:188} INFO - [2026-01-27T23:38:12.512+0000] {dag.py:3954} INFO - Setting next_dagrun for example_xcom_args_with_operators to None, run_after=None
[2026-01-27T23:38:12.532+0000] {processor.py:183} INFO - Processing /home/airflow/.local/lib/python3.12/site-packages/airflow/example_dags/example_xcomargs.py took 0.079 seconds
[2026-01-27T23:38:42.579+0000] {processor.py:161} INFO - Started process (PID=331) to work on /home/airflow/.local/lib/python3.12/site-packages/airflow/example_dags/example_xcomargs.py
[2026-01-27T23:38:42.580+0000] {processor.py:830} INFO - Processing file /home/airflow/.local/lib/python3.12/site-packages/airflow/example_dags/example_xcomargs.py for tasks to queue
[2026-01-27T23:38:42.581+0000] {logging_mixin.py:188} INFO - [2026-01-27T23:38:42.581+0000] {dagbag.py:540} INFO - Filling up the DagBag from /home/airflow/.local/lib/python3.12/site-packages/airflow/example_dags/example_xcomargs.py
[2026-01-27T23:38:42.590+0000] {processor.py:840} INFO - DAG(s) 'example_xcom_args', 'example_xcom_args_with_operators' retrieved from /home/airflow/.local/lib/python3.12/site-packages/airflow/example_dags/example_xcomargs.py
[2026-01-27T23:38:42.611+0000] {logging_mixin.py:188} INFO - [2026-01-27T23:38:42.611+0000] {dag.py:3096} INFO - Sync 2 DAGs
[2026-01-27T23:38:42.622+0000] {logging_mixin.py:188} INFO - [2026-01-27T23:38:42.622+0000] {dag.py:3954} INFO - Setting next_dagrun for example_xcom_args to None, run_after=None
[2026-01-27T23:38:42.626+0000] {logging_mixin.py:188} INFO - [2026-01-27T23:38:42.626+0000] {dag.py:3954} INFO - Setting next_dagrun for example_xcom_args_with_operators to None, run_after=None
[2026-01-27T23:38:42.645+0000] {processor.py:183} INFO - Processing /home/airflow/.local/lib/python3.12/site-packages/airflow/example_dags/example_xcomargs.py took 0.071 seconds
[2026-01-27T23:39:13.242+0000] {processor.py:161} INFO - Started process (PID=383) to work on /home/airflow/.local/lib/python3.12/site-packages/airflow/example_dags/example_xcomargs.py
[2026-01-27T23:39:13.243+0000] {processor.py:830} INFO - Processing file /home/airflow/.local/lib/python3.12/site-packages/airflow/example_dags/example_xcomargs.py for tasks to queue
[2026-01-27T23:39:13.247+0000] {logging_mixin.py:188} INFO - [2026-01-27T23:39:13.246+0000] {dagbag.py:540} INFO - Filling up the DagBag from /home/airflow/.local/lib/python3.12/site-packages/airflow/example_dags/example_xcomargs.py
[2026-01-27T23:39:13.260+0000] {processor.py:840} INFO - DAG(s) 'example_xcom_args_with_operators', 'example_xcom_args' retrieved from /home/airflow/.local/lib/python3.12/site-packages/airflow/example_dags/example_xcomargs.py
[2026-01-27T23:39:13.305+0000] {logging_mixin.py:188} INFO - [2026-01-27T23:39:13.304+0000] {dag.py:3096} INFO - Sync 2 DAGs
[2026-01-27T23:39:13.328+0000] {logging_mixin.py:188} INFO - [2026-01-27T23:39:13.328+0000] {dag.py:3954} INFO - Setting next_dagrun for example_xcom_args to None, run_after=None
[2026-01-27T23:39:13.335+0000] {logging_mixin.py:188} INFO - [2026-01-27T23:39:13.334+0000] {dag.py:3954} INFO - Setting next_dagrun for example_xcom_args_with_operators to None, run_after=None
[2026-01-27T23:39:13.362+0000] {processor.py:183} INFO - Processing /home/airflow/.local/lib/python3.12/site-packages/airflow/example_dags/example_xcomargs.py took 0.129 seconds
[2026-01-27T23:39:44.040+0000] {processor.py:161} INFO - Started process (PID=435) to work on /home/airflow/.local/lib/python3.12/site-packages/airflow/example_dags/example_xcomargs.py
[2026-01-27T23:39:44.042+0000] {processor.py:830} INFO - Processing file /home/airflow/.local/lib/python3.12/site-packages/airflow/example_dags/example_xcomargs.py for tasks to queue
[2026-01-27T23:39:44.045+0000] {logging_mixin.py:188} INFO - [2026-01-27T23:39:44.045+0000] {dagbag.py:540} INFO - Filling up the DagBag from /home/airflow/.local/lib/python3.12/site-packages/airflow/example_dags/example_xcomargs.py
[2026-01-27T23:39:44.059+0000] {processor.py:840} INFO - DAG(s) 'example_xcom_args_with_operators', 'example_xcom_args' retrieved from /home/airflow/.local/lib/python3.12/site-packages/airflow/example_dags/example_xcomargs.py
[2026-01-27T23:39:44.099+0000] {logging_mixin.py:188} INFO - [2026-01-27T23:39:44.098+0000] {dag.py:3096} INFO - Sync 2 DAGs
[2026-01-27T23:39:44.123+0000] {logging_mixin.py:188} INFO - [2026-01-27T23:39:44.123+0000] {dag.py:3954} INFO - Setting next_dagrun for example_xcom_args to None, run_after=None
[2026-01-27T23:39:44.129+0000] {logging_mixin.py:188} INFO - [2026-01-27T23:39:44.129+0000] {dag.py:3954} INFO - Setting next_dagrun for example_xcom_args_with_operators to None, run_after=None
[2026-01-27T23:39:44.152+0000] {processor.py:183} INFO - Processing /home/airflow/.local/lib/python3.12/site-packages/airflow/example_dags/example_xcomargs.py took 0.121 seconds
[2026-01-27T23:40:15.124+0000] {processor.py:161} INFO - Started process (PID=487) to work on /home/airflow/.local/lib/python3.12/site-packages/airflow/example_dags/example_xcomargs.py
[2026-01-27T23:40:15.128+0000] {processor.py:830} INFO - Processing file /home/airflow/.local/lib/python3.12/site-packages/airflow/example_dags/example_xcomargs.py for tasks to queue
[2026-01-27T23:40:15.132+0000] {logging_mixin.py:188} INFO - [2026-01-27T23:40:15.131+0000] {dagbag.py:540} INFO - Filling up the DagBag from /home/airflow/.local/lib/python3.12/site-packages/airflow/example_dags/example_xcomargs.py
[2026-01-27T23:40:15.151+0000] {processor.py:840} INFO - DAG(s) 'example_xcom_args', 'example_xcom_args_with_operators' retrieved from /home/airflow/.local/lib/python3.12/site-packages/airflow/example_dags/example_xcomargs.py
[2026-01-27T23:40:15.197+0000] {logging_mixin.py:188} INFO - [2026-01-27T23:40:15.197+0000] {dag.py:3096} INFO - Sync 2 DAGs
[2026-01-27T23:40:15.220+0000] {logging_mixin.py:188} INFO - [2026-01-27T23:40:15.220+0000] {dag.py:3954} INFO - Setting next_dagrun for example_xcom_args to None, run_after=None
[2026-01-27T23:40:15.228+0000] {logging_mixin.py:188} INFO - [2026-01-27T23:40:15.228+0000] {dag.py:3954} INFO - Setting next_dagrun for example_xcom_args_with_operators to None, run_after=None
[2026-01-27T23:40:15.263+0000] {processor.py:183} INFO - Processing /home/airflow/.local/lib/python3.12/site-packages/airflow/example_dags/example_xcomargs.py took 0.151 seconds
[2026-01-27T23:40:45.655+0000] {processor.py:161} INFO - Started process (PID=539) to work on /home/airflow/.local/lib/python3.12/site-packages/airflow/example_dags/example_xcomargs.py
[2026-01-27T23:40:45.656+0000] {processor.py:830} INFO - Processing file /home/airflow/.local/lib/python3.12/site-packages/airflow/example_dags/example_xcomargs.py for tasks to queue
[2026-01-27T23:40:45.659+0000] {logging_mixin.py:188} INFO - [2026-01-27T23:40:45.659+0000] {dagbag.py:540} INFO - Filling up the DagBag from /home/airflow/.local/lib/python3.12/site-packages/airflow/example_dags/example_xcomargs.py
[2026-01-27T23:40:45.668+0000] {processor.py:840} INFO - DAG(s) 'example_xcom_args_with_operators', 'example_xcom_args' retrieved from /home/airflow/.local/lib/python3.12/site-packages/airflow/example_dags/example_xcomargs.py
[2026-01-27T23:40:45.697+0000] {logging_mixin.py:188} INFO - [2026-01-27T23:40:45.697+0000] {dag.py:3096} INFO - Sync 2 DAGs
[2026-01-27T23:40:45.711+0000] {logging_mixin.py:188} INFO - [2026-01-27T23:40:45.711+0000] {dag.py:3954} INFO - Setting next_dagrun for example_xcom_args to None, run_after=None
[2026-01-27T23:40:45.715+0000] {logging_mixin.py:188} INFO - [2026-01-27T23:40:45.715+0000] {dag.py:3954} INFO - Setting next_dagrun for example_xcom_args_with_operators to None, run_after=None
[2026-01-27T23:40:45.735+0000] {processor.py:183} INFO - Processing /home/airflow/.local/lib/python3.12/site-packages/airflow/example_dags/example_xcomargs.py took 0.086 seconds
[2026-01-27T23:41:16.721+0000] {processor.py:161} INFO - Started process (PID=591) to work on /home/airflow/.local/lib/python3.12/site-packages/airflow/example_dags/example_xcomargs.py
[2026-01-27T23:41:16.723+0000] {processor.py:830} INFO - Processing file /home/airflow/.local/lib/python3.12/site-packages/airflow/example_dags/example_xcomargs.py for tasks to queue
[2026-01-27T23:41:16.726+0000] {logging_mixin.py:188} INFO - [2026-01-27T23:41:16.726+0000] {dagbag.py:540} INFO - Filling up the DagBag from /home/airflow/.local/lib/python3.12/site-packages/airflow/example_dags/example_xcomargs.py
[2026-01-27T23:41:16.740+0000] {processor.py:840} INFO - DAG(s) 'example_xcom_args', 'example_xcom_args_with_operators' retrieved from /home/airflow/.local/lib/python3.12/site-packages/airflow/example_dags/example_xcomargs.py
[2026-01-27T23:41:16.779+0000] {logging_mixin.py:188} INFO - [2026-01-27T23:41:16.779+0000] {dag.py:3096} INFO - Sync 2 DAGs
[2026-01-27T23:41:16.803+0000] {logging_mixin.py:188} INFO - [2026-01-27T23:41:16.803+0000] {dag.py:3954} INFO - Setting next_dagrun for example_xcom_args to None, run_after=None
[2026-01-27T23:41:16.811+0000] {logging_mixin.py:188} INFO - [2026-01-27T23:41:16.810+0000] {dag.py:3954} INFO - Setting next_dagrun for example_xcom_args_with_operators to None, run_after=None
[2026-01-27T23:41:16.838+0000] {processor.py:183} INFO - Processing /home/airflow/.local/lib/python3.12/site-packages/airflow/example_dags/example_xcomargs.py took 0.126 seconds
[2026-01-27T23:41:47.374+0000] {processor.py:161} INFO - Started process (PID=643) to work on /home/airflow/.local/lib/python3.12/site-packages/airflow/example_dags/example_xcomargs.py
[2026-01-27T23:41:47.376+0000] {processor.py:830} INFO - Processing file /home/airflow/.local/lib/python3.12/site-packages/airflow/example_dags/example_xcomargs.py for tasks to queue
[2026-01-27T23:41:47.379+0000] {logging_mixin.py:188} INFO - [2026-01-27T23:41:47.378+0000] {dagbag.py:540} INFO - Filling up the DagBag from /home/airflow/.local/lib/python3.12/site-packages/airflow/example_dags/example_xcomargs.py
[2026-01-27T23:41:47.393+0000] {processor.py:840} INFO - DAG(s) 'example_xcom_args_with_operators', 'example_xcom_args' retrieved from /home/airflow/.local/lib/python3.12/site-packages/airflow/example_dags/example_xcomargs.py
[2026-01-27T23:41:47.434+0000] {logging_mixin.py:188} INFO - [2026-01-27T23:41:47.433+0000] {dag.py:3096} INFO - Sync 2 DAGs
[2026-01-27T23:41:47.455+0000] {logging_mixin.py:188} INFO - [2026-01-27T23:41:47.455+0000] {dag.py:3954} INFO - Setting next_dagrun for example_xcom_args to None, run_after=None
[2026-01-27T23:41:47.461+0000] {logging_mixin.py:188} INFO - [2026-01-27T23:41:47.460+0000] {dag.py:3954} INFO - Setting next_dagrun for example_xcom_args_with_operators to None, run_after=None
[2026-01-27T23:41:47.484+0000] {processor.py:183} INFO - Processing /home/airflow/.local/lib/python3.12/site-packages/airflow/example_dags/example_xcomargs.py took 0.122 seconds
[2026-01-27T23:42:18.126+0000] {processor.py:161} INFO - Started process (PID=695) to work on /home/airflow/.local/lib/python3.12/site-packages/airflow/example_dags/example_xcomargs.py
[2026-01-27T23:42:18.128+0000] {processor.py:830} INFO - Processing file /home/airflow/.local/lib/python3.12/site-packages/airflow/example_dags/example_xcomargs.py for tasks to queue
[2026-01-27T23:42:18.131+0000] {logging_mixin.py:188} INFO - [2026-01-27T23:42:18.131+0000] {dagbag.py:540} INFO - Filling up the DagBag from /home/airflow/.local/lib/python3.12/site-packages/airflow/example_dags/example_xcomargs.py
[2026-01-27T23:42:18.142+0000] {processor.py:840} INFO - DAG(s) 'example_xcom_args', 'example_xcom_args_with_operators' retrieved from /home/airflow/.local/lib/python3.12/site-packages/airflow/example_dags/example_xcomargs.py
[2026-01-27T23:42:18.174+0000] {logging_mixin.py:188} INFO - [2026-01-27T23:42:18.173+0000] {dag.py:3096} INFO - Sync 2 DAGs
[2026-01-27T23:42:18.191+0000] {logging_mixin.py:188} INFO - [2026-01-27T23:42:18.190+0000] {dag.py:3954} INFO - Setting next_dagrun for example_xcom_args to None, run_after=None
[2026-01-27T23:42:18.195+0000] {logging_mixin.py:188} INFO - [2026-01-27T23:42:18.195+0000] {dag.py:3954} INFO - Setting next_dagrun for example_xcom_args_with_operators to None, run_after=None
[2026-01-27T23:42:18.216+0000] {processor.py:183} INFO - Processing /home/airflow/.local/lib/python3.12/site-packages/airflow/example_dags/example_xcomargs.py took 0.098 seconds
[2026-01-27T23:42:48.806+0000] {processor.py:161} INFO - Started process (PID=747) to work on /home/airflow/.local/lib/python3.12/site-packages/airflow/example_dags/example_xcomargs.py
[2026-01-27T23:42:48.808+0000] {processor.py:830} INFO - Processing file /home/airflow/.local/lib/python3.12/site-packages/airflow/example_dags/example_xcomargs.py for tasks to queue
[2026-01-27T23:42:48.812+0000] {logging_mixin.py:188} INFO - [2026-01-27T23:42:48.812+0000] {dagbag.py:540} INFO - Filling up the DagBag from /home/airflow/.local/lib/python3.12/site-packages/airflow/example_dags/example_xcomargs.py
[2026-01-27T23:42:48.832+0000] {processor.py:840} INFO - DAG(s) 'example_xcom_args_with_operators', 'example_xcom_args' retrieved from /home/airflow/.local/lib/python3.12/site-packages/airflow/example_dags/example_xcomargs.py
[2026-01-27T23:42:48.895+0000] {logging_mixin.py:188} INFO - [2026-01-27T23:42:48.895+0000] {dag.py:3096} INFO - Sync 2 DAGs
[2026-01-27T23:42:48.937+0000] {logging_mixin.py:188} INFO - [2026-01-27T23:42:48.936+0000] {dag.py:3954} INFO - Setting next_dagrun for example_xcom_args to None, run_after=None
[2026-01-27T23:42:48.948+0000] {logging_mixin.py:188} INFO - [2026-01-27T23:42:48.947+0000] {dag.py:3954} INFO - Setting next_dagrun for example_xcom_args_with_operators to None, run_after=None
[2026-01-27T23:42:49.001+0000] {processor.py:183} INFO - Processing /home/airflow/.local/lib/python3.12/site-packages/airflow/example_dags/example_xcomargs.py took 0.209 seconds
[2026-01-27T23:43:19.118+0000] {processor.py:161} INFO - Started process (PID=799) to work on /home/airflow/.local/lib/python3.12/site-packages/airflow/example_dags/example_xcomargs.py
[2026-01-27T23:43:19.119+0000] {processor.py:830} INFO - Processing file /home/airflow/.local/lib/python3.12/site-packages/airflow/example_dags/example_xcomargs.py for tasks to queue
[2026-01-27T23:43:19.123+0000] {logging_mixin.py:188} INFO - [2026-01-27T23:43:19.122+0000] {dagbag.py:540} INFO - Filling up the DagBag from /home/airflow/.local/lib/python3.12/site-packages/airflow/example_dags/example_xcomargs.py
[2026-01-27T23:43:19.135+0000] {processor.py:840} INFO - DAG(s) 'example_xcom_args', 'example_xcom_args_with_operators' retrieved from /home/airflow/.local/lib/python3.12/site-packages/airflow/example_dags/example_xcomargs.py
[2026-01-27T23:43:19.168+0000] {logging_mixin.py:188} INFO - [2026-01-27T23:43:19.168+0000] {dag.py:3096} INFO - Sync 2 DAGs
[2026-01-27T23:43:19.184+0000] {logging_mixin.py:188} INFO - [2026-01-27T23:43:19.183+0000] {dag.py:3954} INFO - Setting next_dagrun for example_xcom_args to None, run_after=None
[2026-01-27T23:43:19.188+0000] {logging_mixin.py:188} INFO - [2026-01-27T23:43:19.188+0000] {dag.py:3954} INFO - Setting next_dagrun for example_xcom_args_with_operators to None, run_after=None
[2026-01-27T23:43:19.209+0000] {processor.py:183} INFO - Processing /home/airflow/.local/lib/python3.12/site-packages/airflow/example_dags/example_xcomargs.py took 0.098 seconds
[2026-01-27T23:43:49.628+0000] {processor.py:161} INFO - Started process (PID=851) to work on /home/airflow/.local/lib/python3.12/site-packages/airflow/example_dags/example_xcomargs.py
[2026-01-27T23:43:49.629+0000] {processor.py:830} INFO - Processing file /home/airflow/.local/lib/python3.12/site-packages/airflow/example_dags/example_xcomargs.py for tasks to queue
[2026-01-27T23:43:49.631+0000] {logging_mixin.py:188} INFO - [2026-01-27T23:43:49.631+0000] {dagbag.py:540} INFO - Filling up the DagBag from /home/airflow/.local/lib/python3.12/site-packages/airflow/example_dags/example_xcomargs.py
[2026-01-27T23:43:49.642+0000] {processor.py:840} INFO - DAG(s) 'example_xcom_args', 'example_xcom_args_with_operators' retrieved from /home/airflow/.local/lib/python3.12/site-packages/airflow/example_dags/example_xcomargs.py
[2026-01-27T23:43:49.670+0000] {logging_mixin.py:188} INFO - [2026-01-27T23:43:49.670+0000] {dag.py:3096} INFO - Sync 2 DAGs
[2026-01-27T23:43:49.685+0000] {logging_mixin.py:188} INFO - [2026-01-27T23:43:49.684+0000] {dag.py:3954} INFO - Setting next_dagrun for example_xcom_args to None, run_after=None
[2026-01-27T23:43:49.691+0000] {logging_mixin.py:188} INFO - [2026-01-27T23:43:49.691+0000] {dag.py:3954} INFO - Setting next_dagrun for example_xcom_args_with_operators to None, run_after=None
[2026-01-27T23:43:49.714+0000] {processor.py:183} INFO - Processing /home/airflow/.local/lib/python3.12/site-packages/airflow/example_dags/example_xcomargs.py took 0.093 seconds
[2026-01-27T23:44:20.175+0000] {processor.py:161} INFO - Started process (PID=903) to work on /home/airflow/.local/lib/python3.12/site-packages/airflow/example_dags/example_xcomargs.py
[2026-01-27T23:44:20.176+0000] {processor.py:830} INFO - Processing file /home/airflow/.local/lib/python3.12/site-packages/airflow/example_dags/example_xcomargs.py for tasks to queue
[2026-01-27T23:44:20.179+0000] {logging_mixin.py:188} INFO - [2026-01-27T23:44:20.179+0000] {dagbag.py:540} INFO - Filling up the DagBag from /home/airflow/.local/lib/python3.12/site-packages/airflow/example_dags/example_xcomargs.py
[2026-01-27T23:44:20.190+0000] {processor.py:840} INFO - DAG(s) 'example_xcom_args', 'example_xcom_args_with_operators' retrieved from /home/airflow/.local/lib/python3.12/site-packages/airflow/example_dags/example_xcomargs.py
[2026-01-27T23:44:20.217+0000] {logging_mixin.py:188} INFO - [2026-01-27T23:44:20.217+0000] {dag.py:3096} INFO - Sync 2 DAGs
[2026-01-27T23:44:20.235+0000] {logging_mixin.py:188} INFO - [2026-01-27T23:44:20.234+0000] {dag.py:3954} INFO - Setting next_dagrun for example_xcom_args to None, run_after=None
[2026-01-27T23:44:20.241+0000] {logging_mixin.py:188} INFO - [2026-01-27T23:44:20.241+0000] {dag.py:3954} INFO - Setting next_dagrun for example_xcom_args_with_operators to None, run_after=None
[2026-01-27T23:44:20.265+0000] {processor.py:183} INFO - Processing /home/airflow/.local/lib/python3.12/site-packages/airflow/example_dags/example_xcomargs.py took 0.097 seconds
[2026-01-27T23:44:50.358+0000] {processor.py:161} INFO - Started process (PID=955) to work on /home/airflow/.local/lib/python3.12/site-packages/airflow/example_dags/example_xcomargs.py
[2026-01-27T23:44:50.359+0000] {processor.py:830} INFO - Processing file /home/airflow/.local/lib/python3.12/site-packages/airflow/example_dags/example_xcomargs.py for tasks to queue
[2026-01-27T23:44:50.361+0000] {logging_mixin.py:188} INFO - [2026-01-27T23:44:50.360+0000] {dagbag.py:540} INFO - Filling up the DagBag from /home/airflow/.local/lib/python3.12/site-packages/airflow/example_dags/example_xcomargs.py
[2026-01-27T23:44:50.369+0000] {processor.py:840} INFO - DAG(s) 'example_xcom_args_with_operators', 'example_xcom_args' retrieved from /home/airflow/.local/lib/python3.12/site-packages/airflow/example_dags/example_xcomargs.py
[2026-01-27T23:44:50.396+0000] {logging_mixin.py:188} INFO - [2026-01-27T23:44:50.396+0000] {dag.py:3096} INFO - Sync 2 DAGs
[2026-01-27T23:44:50.408+0000] {logging_mixin.py:188} INFO - [2026-01-27T23:44:50.407+0000] {dag.py:3954} INFO - Setting next_dagrun for example_xcom_args to None, run_after=None
[2026-01-27T23:44:50.412+0000] {logging_mixin.py:188} INFO - [2026-01-27T23:44:50.412+0000] {dag.py:3954} INFO - Setting next_dagrun for example_xcom_args_with_operators to None, run_after=None
[2026-01-27T23:44:50.431+0000] {processor.py:183} INFO - Processing /home/airflow/.local/lib/python3.12/site-packages/airflow/example_dags/example_xcomargs.py took 0.080 seconds
[2026-01-27T23:45:21.599+0000] {processor.py:161} INFO - Started process (PID=1007) to work on /home/airflow/.local/lib/python3.12/site-packages/airflow/example_dags/example_xcomargs.py
[2026-01-27T23:45:21.600+0000] {processor.py:830} INFO - Processing file /home/airflow/.local/lib/python3.12/site-packages/airflow/example_dags/example_xcomargs.py for tasks to queue
[2026-01-27T23:45:21.603+0000] {logging_mixin.py:188} INFO - [2026-01-27T23:45:21.602+0000] {dagbag.py:540} INFO - Filling up the DagBag from /home/airflow/.local/lib/python3.12/site-packages/airflow/example_dags/example_xcomargs.py
[2026-01-27T23:45:21.612+0000] {processor.py:840} INFO - DAG(s) 'example_xcom_args', 'example_xcom_args_with_operators' retrieved from /home/airflow/.local/lib/python3.12/site-packages/airflow/example_dags/example_xcomargs.py
[2026-01-27T23:45:21.643+0000] {logging_mixin.py:188} INFO - [2026-01-27T23:45:21.642+0000] {dag.py:3096} INFO - Sync 2 DAGs
[2026-01-27T23:45:21.659+0000] {logging_mixin.py:188} INFO - [2026-01-27T23:45:21.659+0000] {dag.py:3954} INFO - Setting next_dagrun for example_xcom_args to None, run_after=None
[2026-01-27T23:45:21.664+0000] {logging_mixin.py:188} INFO - [2026-01-27T23:45:21.663+0000] {dag.py:3954} INFO - Setting next_dagrun for example_xcom_args_with_operators to None, run_after=None
[2026-01-27T23:45:21.842+0000] {processor.py:183} INFO - Processing /home/airflow/.local/lib/python3.12/site-packages/airflow/example_dags/example_xcomargs.py took 0.250 seconds
[2026-01-27T23:45:52.618+0000] {processor.py:161} INFO - Started process (PID=1059) to work on /home/airflow/.local/lib/python3.12/site-packages/airflow/example_dags/example_xcomargs.py
[2026-01-27T23:45:52.619+0000] {processor.py:830} INFO - Processing file /home/airflow/.local/lib/python3.12/site-packages/airflow/example_dags/example_xcomargs.py for tasks to queue
[2026-01-27T23:45:52.621+0000] {logging_mixin.py:188} INFO - [2026-01-27T23:45:52.621+0000] {dagbag.py:540} INFO - Filling up the DagBag from /home/airflow/.local/lib/python3.12/site-packages/airflow/example_dags/example_xcomargs.py
[2026-01-27T23:45:52.630+0000] {processor.py:840} INFO - DAG(s) 'example_xcom_args_with_operators', 'example_xcom_args' retrieved from /home/airflow/.local/lib/python3.12/site-packages/airflow/example_dags/example_xcomargs.py
[2026-01-27T23:45:52.657+0000] {logging_mixin.py:188} INFO - [2026-01-27T23:45:52.657+0000] {dag.py:3096} INFO - Sync 2 DAGs
[2026-01-27T23:45:52.671+0000] {logging_mixin.py:188} INFO - [2026-01-27T23:45:52.670+0000] {dag.py:3954} INFO - Setting next_dagrun for example_xcom_args to None, run_after=None
[2026-01-27T23:45:52.675+0000] {logging_mixin.py:188} INFO - [2026-01-27T23:45:52.675+0000] {dag.py:3954} INFO - Setting next_dagrun for example_xcom_args_with_operators to None, run_after=None
[2026-01-27T23:45:52.705+0000] {processor.py:183} INFO - Processing /home/airflow/.local/lib/python3.12/site-packages/airflow/example_dags/example_xcomargs.py took 0.093 seconds
[2026-01-27T23:46:23.038+0000] {processor.py:161} INFO - Started process (PID=1111) to work on /home/airflow/.local/lib/python3.12/site-packages/airflow/example_dags/example_xcomargs.py
[2026-01-27T23:46:23.040+0000] {processor.py:830} INFO - Processing file /home/airflow/.local/lib/python3.12/site-packages/airflow/example_dags/example_xcomargs.py for tasks to queue
[2026-01-27T23:46:23.045+0000] {logging_mixin.py:188} INFO - [2026-01-27T23:46:23.044+0000] {dagbag.py:540} INFO - Filling up the DagBag from /home/airflow/.local/lib/python3.12/site-packages/airflow/example_dags/example_xcomargs.py
[2026-01-27T23:46:23.058+0000] {processor.py:840} INFO - DAG(s) 'example_xcom_args', 'example_xcom_args_with_operators' retrieved from /home/airflow/.local/lib/python3.12/site-packages/airflow/example_dags/example_xcomargs.py
[2026-01-27T23:46:23.096+0000] {logging_mixin.py:188} INFO - [2026-01-27T23:46:23.096+0000] {dag.py:3096} INFO - Sync 2 DAGs
[2026-01-27T23:46:23.119+0000] {logging_mixin.py:188} INFO - [2026-01-27T23:46:23.119+0000] {dag.py:3954} INFO - Setting next_dagrun for example_xcom_args to None, run_after=None
[2026-01-27T23:46:23.125+0000] {logging_mixin.py:188} INFO - [2026-01-27T23:46:23.125+0000] {dag.py:3954} INFO - Setting next_dagrun for example_xcom_args_with_operators to None, run_after=None
[2026-01-27T23:46:23.148+0000] {processor.py:183} INFO - Processing /home/airflow/.local/lib/python3.12/site-packages/airflow/example_dags/example_xcomargs.py took 0.123 seconds
[2026-01-27T23:46:53.282+0000] {processor.py:161} INFO - Started process (PID=1163) to work on /home/airflow/.local/lib/python3.12/site-packages/airflow/example_dags/example_xcomargs.py
[2026-01-27T23:46:53.283+0000] {processor.py:830} INFO - Processing file /home/airflow/.local/lib/python3.12/site-packages/airflow/example_dags/example_xcomargs.py for tasks to queue
[2026-01-27T23:46:53.286+0000] {logging_mixin.py:188} INFO - [2026-01-27T23:46:53.286+0000] {dagbag.py:540} INFO - Filling up the DagBag from /home/airflow/.local/lib/python3.12/site-packages/airflow/example_dags/example_xcomargs.py
[2026-01-27T23:46:53.299+0000] {processor.py:840} INFO - DAG(s) 'example_xcom_args_with_operators', 'example_xcom_args' retrieved from /home/airflow/.local/lib/python3.12/site-packages/airflow/example_dags/example_xcomargs.py
[2026-01-27T23:46:53.515+0000] {logging_mixin.py:188} INFO - [2026-01-27T23:46:53.515+0000] {dag.py:3096} INFO - Sync 2 DAGs
[2026-01-27T23:46:53.535+0000] {logging_mixin.py:188} INFO - [2026-01-27T23:46:53.535+0000] {dag.py:3954} INFO - Setting next_dagrun for example_xcom_args to None, run_after=None
[2026-01-27T23:46:53.540+0000] {logging_mixin.py:188} INFO - [2026-01-27T23:46:53.540+0000] {dag.py:3954} INFO - Setting next_dagrun for example_xcom_args_with_operators to None, run_after=None
[2026-01-27T23:46:53.559+0000] {processor.py:183} INFO - Processing /home/airflow/.local/lib/python3.12/site-packages/airflow/example_dags/example_xcomargs.py took 0.286 seconds
[2026-01-27T23:47:24.162+0000] {processor.py:161} INFO - Started process (PID=1215) to work on /home/airflow/.local/lib/python3.12/site-packages/airflow/example_dags/example_xcomargs.py
[2026-01-27T23:47:24.164+0000] {processor.py:830} INFO - Processing file /home/airflow/.local/lib/python3.12/site-packages/airflow/example_dags/example_xcomargs.py for tasks to queue
[2026-01-27T23:47:24.167+0000] {logging_mixin.py:188} INFO - [2026-01-27T23:47:24.166+0000] {dagbag.py:540} INFO - Filling up the DagBag from /home/airflow/.local/lib/python3.12/site-packages/airflow/example_dags/example_xcomargs.py
[2026-01-27T23:47:24.179+0000] {processor.py:840} INFO - DAG(s) 'example_xcom_args', 'example_xcom_args_with_operators' retrieved from /home/airflow/.local/lib/python3.12/site-packages/airflow/example_dags/example_xcomargs.py
[2026-01-27T23:47:24.206+0000] {logging_mixin.py:188} INFO - [2026-01-27T23:47:24.206+0000] {dag.py:3096} INFO - Sync 2 DAGs
[2026-01-27T23:47:24.232+0000] {logging_mixin.py:188} INFO - [2026-01-27T23:47:24.231+0000] {dag.py:3954} INFO - Setting next_dagrun for example_xcom_args to None, run_after=None
[2026-01-27T23:47:24.258+0000] {logging_mixin.py:188} INFO - [2026-01-27T23:47:24.258+0000] {dag.py:3954} INFO - Setting next_dagrun for example_xcom_args_with_operators to None, run_after=None
[2026-01-27T23:47:24.496+0000] {processor.py:183} INFO - Processing /home/airflow/.local/lib/python3.12/site-packages/airflow/example_dags/example_xcomargs.py took 0.340 seconds
[2026-01-27T23:47:55.042+0000] {processor.py:161} INFO - Started process (PID=1267) to work on /home/airflow/.local/lib/python3.12/site-packages/airflow/example_dags/example_xcomargs.py
[2026-01-27T23:47:55.044+0000] {processor.py:830} INFO - Processing file /home/airflow/.local/lib/python3.12/site-packages/airflow/example_dags/example_xcomargs.py for tasks to queue
[2026-01-27T23:47:55.048+0000] {logging_mixin.py:188} INFO - [2026-01-27T23:47:55.047+0000] {dagbag.py:540} INFO - Filling up the DagBag from /home/airflow/.local/lib/python3.12/site-packages/airflow/example_dags/example_xcomargs.py
[2026-01-27T23:47:55.079+0000] {processor.py:840} INFO - DAG(s) 'example_xcom_args_with_operators', 'example_xcom_args' retrieved from /home/airflow/.local/lib/python3.12/site-packages/airflow/example_dags/example_xcomargs.py
[2026-01-27T23:47:55.133+0000] {logging_mixin.py:188} INFO - [2026-01-27T23:47:55.132+0000] {dag.py:3096} INFO - Sync 2 DAGs
[2026-01-27T23:47:55.178+0000] {logging_mixin.py:188} INFO - [2026-01-27T23:47:55.178+0000] {dag.py:3954} INFO - Setting next_dagrun for example_xcom_args to None, run_after=None
[2026-01-27T23:47:55.188+0000] {logging_mixin.py:188} INFO - [2026-01-27T23:47:55.187+0000] {dag.py:3954} INFO - Setting next_dagrun for example_xcom_args_with_operators to None, run_after=None
[2026-01-27T23:47:55.215+0000] {processor.py:183} INFO - Processing /home/airflow/.local/lib/python3.12/site-packages/airflow/example_dags/example_xcomargs.py took 0.187 seconds
[2026-01-27T23:48:25.499+0000] {processor.py:161} INFO - Started process (PID=1319) to work on /home/airflow/.local/lib/python3.12/site-packages/airflow/example_dags/example_xcomargs.py
[2026-01-27T23:48:25.501+0000] {processor.py:830} INFO - Processing file /home/airflow/.local/lib/python3.12/site-packages/airflow/example_dags/example_xcomargs.py for tasks to queue
[2026-01-27T23:48:25.502+0000] {logging_mixin.py:188} INFO - [2026-01-27T23:48:25.502+0000] {dagbag.py:540} INFO - Filling up the DagBag from /home/airflow/.local/lib/python3.12/site-packages/airflow/example_dags/example_xcomargs.py
[2026-01-27T23:48:25.511+0000] {processor.py:840} INFO - DAG(s) 'example_xcom_args_with_operators', 'example_xcom_args' retrieved from /home/airflow/.local/lib/python3.12/site-packages/airflow/example_dags/example_xcomargs.py
[2026-01-27T23:48:25.537+0000] {logging_mixin.py:188} INFO - [2026-01-27T23:48:25.537+0000] {dag.py:3096} INFO - Sync 2 DAGs
[2026-01-27T23:48:25.552+0000] {logging_mixin.py:188} INFO - [2026-01-27T23:48:25.552+0000] {dag.py:3954} INFO - Setting next_dagrun for example_xcom_args to None, run_after=None
[2026-01-27T23:48:25.557+0000] {logging_mixin.py:188} INFO - [2026-01-27T23:48:25.557+0000] {dag.py:3954} INFO - Setting next_dagrun for example_xcom_args_with_operators to None, run_after=None
[2026-01-27T23:48:25.576+0000] {processor.py:183} INFO - Processing /home/airflow/.local/lib/python3.12/site-packages/airflow/example_dags/example_xcomargs.py took 0.082 seconds
[2026-01-27T23:48:56.214+0000] {processor.py:161} INFO - Started process (PID=1370) to work on /home/airflow/.local/lib/python3.12/site-packages/airflow/example_dags/example_xcomargs.py
[2026-01-27T23:48:56.216+0000] {processor.py:830} INFO - Processing file /home/airflow/.local/lib/python3.12/site-packages/airflow/example_dags/example_xcomargs.py for tasks to queue
[2026-01-27T23:48:56.219+0000] {logging_mixin.py:188} INFO - [2026-01-27T23:48:56.218+0000] {dagbag.py:540} INFO - Filling up the DagBag from /home/airflow/.local/lib/python3.12/site-packages/airflow/example_dags/example_xcomargs.py
[2026-01-27T23:48:56.236+0000] {processor.py:840} INFO - DAG(s) 'example_xcom_args_with_operators', 'example_xcom_args' retrieved from /home/airflow/.local/lib/python3.12/site-packages/airflow/example_dags/example_xcomargs.py
[2026-01-27T23:48:56.278+0000] {logging_mixin.py:188} INFO - [2026-01-27T23:48:56.277+0000] {dag.py:3096} INFO - Sync 2 DAGs
[2026-01-27T23:48:56.297+0000] {logging_mixin.py:188} INFO - [2026-01-27T23:48:56.296+0000] {dag.py:3954} INFO - Setting next_dagrun for example_xcom_args to None, run_after=None
[2026-01-27T23:48:56.303+0000] {logging_mixin.py:188} INFO - [2026-01-27T23:48:56.302+0000] {dag.py:3954} INFO - Setting next_dagrun for example_xcom_args_with_operators to None, run_after=None
[2026-01-27T23:48:56.330+0000] {processor.py:183} INFO - Processing /home/airflow/.local/lib/python3.12/site-packages/airflow/example_dags/example_xcomargs.py took 0.126 seconds
[2026-01-27T23:49:26.785+0000] {processor.py:161} INFO - Started process (PID=1422) to work on /home/airflow/.local/lib/python3.12/site-packages/airflow/example_dags/example_xcomargs.py
[2026-01-27T23:49:26.787+0000] {processor.py:830} INFO - Processing file /home/airflow/.local/lib/python3.12/site-packages/airflow/example_dags/example_xcomargs.py for tasks to queue
[2026-01-27T23:49:26.789+0000] {logging_mixin.py:188} INFO - [2026-01-27T23:49:26.789+0000] {dagbag.py:540} INFO - Filling up the DagBag from /home/airflow/.local/lib/python3.12/site-packages/airflow/example_dags/example_xcomargs.py
[2026-01-27T23:49:26.799+0000] {processor.py:840} INFO - DAG(s) 'example_xcom_args', 'example_xcom_args_with_operators' retrieved from /home/airflow/.local/lib/python3.12/site-packages/airflow/example_dags/example_xcomargs.py
[2026-01-27T23:49:26.828+0000] {logging_mixin.py:188} INFO - [2026-01-27T23:49:26.827+0000] {dag.py:3096} INFO - Sync 2 DAGs
[2026-01-27T23:49:26.843+0000] {logging_mixin.py:188} INFO - [2026-01-27T23:49:26.842+0000] {dag.py:3954} INFO - Setting next_dagrun for example_xcom_args to None, run_after=None
[2026-01-27T23:49:26.847+0000] {logging_mixin.py:188} INFO - [2026-01-27T23:49:26.847+0000] {dag.py:3954} INFO - Setting next_dagrun for example_xcom_args_with_operators to None, run_after=None
[2026-01-27T23:49:26.870+0000] {processor.py:183} INFO - Processing /home/airflow/.local/lib/python3.12/site-packages/airflow/example_dags/example_xcomargs.py took 0.091 seconds
[2026-01-27T23:49:56.957+0000] {processor.py:161} INFO - Started process (PID=1474) to work on /home/airflow/.local/lib/python3.12/site-packages/airflow/example_dags/example_xcomargs.py
[2026-01-27T23:49:56.958+0000] {processor.py:830} INFO - Processing file /home/airflow/.local/lib/python3.12/site-packages/airflow/example_dags/example_xcomargs.py for tasks to queue
[2026-01-27T23:49:56.960+0000] {logging_mixin.py:188} INFO - [2026-01-27T23:49:56.960+0000] {dagbag.py:540} INFO - Filling up the DagBag from /home/airflow/.local/lib/python3.12/site-packages/airflow/example_dags/example_xcomargs.py
[2026-01-27T23:49:56.968+0000] {processor.py:840} INFO - DAG(s) 'example_xcom_args_with_operators', 'example_xcom_args' retrieved from /home/airflow/.local/lib/python3.12/site-packages/airflow/example_dags/example_xcomargs.py
[2026-01-27T23:49:56.990+0000] {logging_mixin.py:188} INFO - [2026-01-27T23:49:56.990+0000] {dag.py:3096} INFO - Sync 2 DAGs
[2026-01-27T23:49:57.002+0000] {logging_mixin.py:188} INFO - [2026-01-27T23:49:57.002+0000] {dag.py:3954} INFO - Setting next_dagrun for example_xcom_args to None, run_after=None
[2026-01-27T23:49:57.006+0000] {logging_mixin.py:188} INFO - [2026-01-27T23:49:57.006+0000] {dag.py:3954} INFO - Setting next_dagrun for example_xcom_args_with_operators to None, run_after=None
[2026-01-27T23:49:57.024+0000] {processor.py:183} INFO - Processing /home/airflow/.local/lib/python3.12/site-packages/airflow/example_dags/example_xcomargs.py took 0.073 seconds
[2026-01-27T23:50:27.441+0000] {processor.py:161} INFO - Started process (PID=1527) to work on /home/airflow/.local/lib/python3.12/site-packages/airflow/example_dags/example_xcomargs.py
[2026-01-27T23:50:27.442+0000] {processor.py:830} INFO - Processing file /home/airflow/.local/lib/python3.12/site-packages/airflow/example_dags/example_xcomargs.py for tasks to queue
[2026-01-27T23:50:27.444+0000] {logging_mixin.py:188} INFO - [2026-01-27T23:50:27.443+0000] {dagbag.py:540} INFO - Filling up the DagBag from /home/airflow/.local/lib/python3.12/site-packages/airflow/example_dags/example_xcomargs.py
[2026-01-27T23:50:27.452+0000] {processor.py:840} INFO - DAG(s) 'example_xcom_args_with_operators', 'example_xcom_args' retrieved from /home/airflow/.local/lib/python3.12/site-packages/airflow/example_dags/example_xcomargs.py
[2026-01-27T23:50:27.481+0000] {logging_mixin.py:188} INFO - [2026-01-27T23:50:27.480+0000] {dag.py:3096} INFO - Sync 2 DAGs
[2026-01-27T23:50:27.493+0000] {logging_mixin.py:188} INFO - [2026-01-27T23:50:27.493+0000] {dag.py:3954} INFO - Setting next_dagrun for example_xcom_args to None, run_after=None
[2026-01-27T23:50:27.497+0000] {logging_mixin.py:188} INFO - [2026-01-27T23:50:27.497+0000] {dag.py:3954} INFO - Setting next_dagrun for example_xcom_args_with_operators to None, run_after=None
[2026-01-27T23:50:27.517+0000] {processor.py:183} INFO - Processing /home/airflow/.local/lib/python3.12/site-packages/airflow/example_dags/example_xcomargs.py took 0.082 seconds
[2026-01-27T23:50:57.815+0000] {processor.py:161} INFO - Started process (PID=1579) to work on /home/airflow/.local/lib/python3.12/site-packages/airflow/example_dags/example_xcomargs.py
[2026-01-27T23:50:57.816+0000] {processor.py:830} INFO - Processing file /home/airflow/.local/lib/python3.12/site-packages/airflow/example_dags/example_xcomargs.py for tasks to queue
[2026-01-27T23:50:57.818+0000] {logging_mixin.py:188} INFO - [2026-01-27T23:50:57.818+0000] {dagbag.py:540} INFO - Filling up the DagBag from /home/airflow/.local/lib/python3.12/site-packages/airflow/example_dags/example_xcomargs.py
[2026-01-27T23:50:57.829+0000] {processor.py:840} INFO - DAG(s) 'example_xcom_args_with_operators', 'example_xcom_args' retrieved from /home/airflow/.local/lib/python3.12/site-packages/airflow/example_dags/example_xcomargs.py
[2026-01-27T23:50:57.854+0000] {logging_mixin.py:188} INFO - [2026-01-27T23:50:57.854+0000] {dag.py:3096} INFO - Sync 2 DAGs
[2026-01-27T23:50:57.866+0000] {logging_mixin.py:188} INFO - [2026-01-27T23:50:57.866+0000] {dag.py:3954} INFO - Setting next_dagrun for example_xcom_args to None, run_after=None
[2026-01-27T23:50:57.872+0000] {logging_mixin.py:188} INFO - [2026-01-27T23:50:57.872+0000] {dag.py:3954} INFO - Setting next_dagrun for example_xcom_args_with_operators to None, run_after=None
[2026-01-27T23:50:57.893+0000] {processor.py:183} INFO - Processing /home/airflow/.local/lib/python3.12/site-packages/airflow/example_dags/example_xcomargs.py took 0.086 seconds
[2026-01-27T23:51:28.444+0000] {processor.py:161} INFO - Started process (PID=1631) to work on /home/airflow/.local/lib/python3.12/site-packages/airflow/example_dags/example_xcomargs.py
[2026-01-27T23:51:28.445+0000] {processor.py:830} INFO - Processing file /home/airflow/.local/lib/python3.12/site-packages/airflow/example_dags/example_xcomargs.py for tasks to queue
[2026-01-27T23:51:28.448+0000] {logging_mixin.py:188} INFO - [2026-01-27T23:51:28.447+0000] {dagbag.py:540} INFO - Filling up the DagBag from /home/airflow/.local/lib/python3.12/site-packages/airflow/example_dags/example_xcomargs.py
[2026-01-27T23:51:28.463+0000] {processor.py:840} INFO - DAG(s) 'example_xcom_args', 'example_xcom_args_with_operators' retrieved from /home/airflow/.local/lib/python3.12/site-packages/airflow/example_dags/example_xcomargs.py
[2026-01-27T23:51:28.491+0000] {logging_mixin.py:188} INFO - [2026-01-27T23:51:28.490+0000] {dag.py:3096} INFO - Sync 2 DAGs
[2026-01-27T23:51:28.509+0000] {logging_mixin.py:188} INFO - [2026-01-27T23:51:28.509+0000] {dag.py:3954} INFO - Setting next_dagrun for example_xcom_args to None, run_after=None
[2026-01-27T23:51:28.514+0000] {logging_mixin.py:188} INFO - [2026-01-27T23:51:28.514+0000] {dag.py:3954} INFO - Setting next_dagrun for example_xcom_args_with_operators to None, run_after=None
[2026-01-27T23:51:28.537+0000] {processor.py:183} INFO - Processing /home/airflow/.local/lib/python3.12/site-packages/airflow/example_dags/example_xcomargs.py took 0.100 seconds
[2026-01-27T23:52:00.364+0000] {processor.py:161} INFO - Started process (PID=1683) to work on /home/airflow/.local/lib/python3.12/site-packages/airflow/example_dags/example_xcomargs.py
[2026-01-27T23:52:00.365+0000] {processor.py:830} INFO - Processing file /home/airflow/.local/lib/python3.12/site-packages/airflow/example_dags/example_xcomargs.py for tasks to queue
[2026-01-27T23:52:00.369+0000] {logging_mixin.py:188} INFO - [2026-01-27T23:52:00.369+0000] {dagbag.py:540} INFO - Filling up the DagBag from /home/airflow/.local/lib/python3.12/site-packages/airflow/example_dags/example_xcomargs.py
[2026-01-27T23:52:00.383+0000] {processor.py:840} INFO - DAG(s) 'example_xcom_args', 'example_xcom_args_with_operators' retrieved from /home/airflow/.local/lib/python3.12/site-packages/airflow/example_dags/example_xcomargs.py
[2026-01-27T23:52:00.415+0000] {logging_mixin.py:188} INFO - [2026-01-27T23:52:00.415+0000] {dag.py:3096} INFO - Sync 2 DAGs
[2026-01-27T23:52:00.433+0000] {logging_mixin.py:188} INFO - [2026-01-27T23:52:00.432+0000] {dag.py:3954} INFO - Setting next_dagrun for example_xcom_args to None, run_after=None
[2026-01-27T23:52:00.439+0000] {logging_mixin.py:188} INFO - [2026-01-27T23:52:00.438+0000] {dag.py:3954} INFO - Setting next_dagrun for example_xcom_args_with_operators to None, run_after=None
[2026-01-27T23:52:00.461+0000] {processor.py:183} INFO - Processing /home/airflow/.local/lib/python3.12/site-packages/airflow/example_dags/example_xcomargs.py took 0.107 seconds
[2026-01-27T23:52:30.925+0000] {processor.py:161} INFO - Started process (PID=1735) to work on /home/airflow/.local/lib/python3.12/site-packages/airflow/example_dags/example_xcomargs.py
[2026-01-27T23:52:30.926+0000] {processor.py:830} INFO - Processing file /home/airflow/.local/lib/python3.12/site-packages/airflow/example_dags/example_xcomargs.py for tasks to queue
[2026-01-27T23:52:30.928+0000] {logging_mixin.py:188} INFO - [2026-01-27T23:52:30.928+0000] {dagbag.py:540} INFO - Filling up the DagBag from /home/airflow/.local/lib/python3.12/site-packages/airflow/example_dags/example_xcomargs.py
[2026-01-27T23:52:30.936+0000] {processor.py:840} INFO - DAG(s) 'example_xcom_args', 'example_xcom_args_with_operators' retrieved from /home/airflow/.local/lib/python3.12/site-packages/airflow/example_dags/example_xcomargs.py
[2026-01-27T23:52:30.961+0000] {logging_mixin.py:188} INFO - [2026-01-27T23:52:30.961+0000] {dag.py:3096} INFO - Sync 2 DAGs
[2026-01-27T23:52:30.973+0000] {logging_mixin.py:188} INFO - [2026-01-27T23:52:30.973+0000] {dag.py:3954} INFO - Setting next_dagrun for example_xcom_args to None, run_after=None
[2026-01-27T23:52:30.977+0000] {logging_mixin.py:188} INFO - [2026-01-27T23:52:30.977+0000] {dag.py:3954} INFO - Setting next_dagrun for example_xcom_args_with_operators to None, run_after=None
[2026-01-27T23:52:30.996+0000] {processor.py:183} INFO - Processing /home/airflow/.local/lib/python3.12/site-packages/airflow/example_dags/example_xcomargs.py took 0.076 seconds
[2026-01-27T23:53:01.155+0000] {processor.py:161} INFO - Started process (PID=1787) to work on /home/airflow/.local/lib/python3.12/site-packages/airflow/example_dags/example_xcomargs.py
[2026-01-27T23:53:01.156+0000] {processor.py:830} INFO - Processing file /home/airflow/.local/lib/python3.12/site-packages/airflow/example_dags/example_xcomargs.py for tasks to queue
[2026-01-27T23:53:01.157+0000] {logging_mixin.py:188} INFO - [2026-01-27T23:53:01.157+0000] {dagbag.py:540} INFO - Filling up the DagBag from /home/airflow/.local/lib/python3.12/site-packages/airflow/example_dags/example_xcomargs.py
[2026-01-27T23:53:01.165+0000] {processor.py:840} INFO - DAG(s) 'example_xcom_args', 'example_xcom_args_with_operators' retrieved from /home/airflow/.local/lib/python3.12/site-packages/airflow/example_dags/example_xcomargs.py
[2026-01-27T23:53:01.187+0000] {logging_mixin.py:188} INFO - [2026-01-27T23:53:01.187+0000] {dag.py:3096} INFO - Sync 2 DAGs
[2026-01-27T23:53:01.198+0000] {logging_mixin.py:188} INFO - [2026-01-27T23:53:01.198+0000] {dag.py:3954} INFO - Setting next_dagrun for example_xcom_args to None, run_after=None
[2026-01-27T23:53:01.202+0000] {logging_mixin.py:188} INFO - [2026-01-27T23:53:01.202+0000] {dag.py:3954} INFO - Setting next_dagrun for example_xcom_args_with_operators to None, run_after=None
[2026-01-27T23:53:01.218+0000] {processor.py:183} INFO - Processing /home/airflow/.local/lib/python3.12/site-packages/airflow/example_dags/example_xcomargs.py took 0.070 seconds
[2026-01-27T23:53:31.492+0000] {processor.py:161} INFO - Started process (PID=1839) to work on /home/airflow/.local/lib/python3.12/site-packages/airflow/example_dags/example_xcomargs.py
[2026-01-27T23:53:31.493+0000] {processor.py:830} INFO - Processing file /home/airflow/.local/lib/python3.12/site-packages/airflow/example_dags/example_xcomargs.py for tasks to queue
[2026-01-27T23:53:31.496+0000] {logging_mixin.py:188} INFO - [2026-01-27T23:53:31.495+0000] {dagbag.py:540} INFO - Filling up the DagBag from /home/airflow/.local/lib/python3.12/site-packages/airflow/example_dags/example_xcomargs.py
[2026-01-27T23:53:31.504+0000] {processor.py:840} INFO - DAG(s) 'example_xcom_args_with_operators', 'example_xcom_args' retrieved from /home/airflow/.local/lib/python3.12/site-packages/airflow/example_dags/example_xcomargs.py
[2026-01-27T23:53:31.527+0000] {logging_mixin.py:188} INFO - [2026-01-27T23:53:31.527+0000] {dag.py:3096} INFO - Sync 2 DAGs
[2026-01-27T23:53:31.539+0000] {logging_mixin.py:188} INFO - [2026-01-27T23:53:31.539+0000] {dag.py:3954} INFO - Setting next_dagrun for example_xcom_args to None, run_after=None
[2026-01-27T23:53:31.543+0000] {logging_mixin.py:188} INFO - [2026-01-27T23:53:31.543+0000] {dag.py:3954} INFO - Setting next_dagrun for example_xcom_args_with_operators to None, run_after=None
[2026-01-27T23:53:31.559+0000] {processor.py:183} INFO - Processing /home/airflow/.local/lib/python3.12/site-packages/airflow/example_dags/example_xcomargs.py took 0.073 seconds
[2026-01-27T23:54:01.778+0000] {processor.py:161} INFO - Started process (PID=1891) to work on /home/airflow/.local/lib/python3.12/site-packages/airflow/example_dags/example_xcomargs.py
[2026-01-27T23:54:01.779+0000] {processor.py:830} INFO - Processing file /home/airflow/.local/lib/python3.12/site-packages/airflow/example_dags/example_xcomargs.py for tasks to queue
[2026-01-27T23:54:01.781+0000] {logging_mixin.py:188} INFO - [2026-01-27T23:54:01.781+0000] {dagbag.py:540} INFO - Filling up the DagBag from /home/airflow/.local/lib/python3.12/site-packages/airflow/example_dags/example_xcomargs.py
[2026-01-27T23:54:01.790+0000] {processor.py:840} INFO - DAG(s) 'example_xcom_args_with_operators', 'example_xcom_args' retrieved from /home/airflow/.local/lib/python3.12/site-packages/airflow/example_dags/example_xcomargs.py
[2026-01-27T23:54:01.816+0000] {logging_mixin.py:188} INFO - [2026-01-27T23:54:01.815+0000] {dag.py:3096} INFO - Sync 2 DAGs
[2026-01-27T23:54:01.829+0000] {logging_mixin.py:188} INFO - [2026-01-27T23:54:01.829+0000] {dag.py:3954} INFO - Setting next_dagrun for example_xcom_args to None, run_after=None
[2026-01-27T23:54:01.834+0000] {logging_mixin.py:188} INFO - [2026-01-27T23:54:01.834+0000] {dag.py:3954} INFO - Setting next_dagrun for example_xcom_args_with_operators to None, run_after=None
[2026-01-27T23:54:01.852+0000] {processor.py:183} INFO - Processing /home/airflow/.local/lib/python3.12/site-packages/airflow/example_dags/example_xcomargs.py took 0.081 seconds
[2026-01-27T23:54:31.960+0000] {processor.py:161} INFO - Started process (PID=1943) to work on /home/airflow/.local/lib/python3.12/site-packages/airflow/example_dags/example_xcomargs.py
[2026-01-27T23:54:31.961+0000] {processor.py:830} INFO - Processing file /home/airflow/.local/lib/python3.12/site-packages/airflow/example_dags/example_xcomargs.py for tasks to queue
[2026-01-27T23:54:31.963+0000] {logging_mixin.py:188} INFO - [2026-01-27T23:54:31.963+0000] {dagbag.py:540} INFO - Filling up the DagBag from /home/airflow/.local/lib/python3.12/site-packages/airflow/example_dags/example_xcomargs.py
[2026-01-27T23:54:31.971+0000] {processor.py:840} INFO - DAG(s) 'example_xcom_args', 'example_xcom_args_with_operators' retrieved from /home/airflow/.local/lib/python3.12/site-packages/airflow/example_dags/example_xcomargs.py
[2026-01-27T23:54:31.993+0000] {logging_mixin.py:188} INFO - [2026-01-27T23:54:31.993+0000] {dag.py:3096} INFO - Sync 2 DAGs
[2026-01-27T23:54:32.005+0000] {logging_mixin.py:188} INFO - [2026-01-27T23:54:32.004+0000] {dag.py:3954} INFO - Setting next_dagrun for example_xcom_args to None, run_after=None
[2026-01-27T23:54:32.009+0000] {logging_mixin.py:188} INFO - [2026-01-27T23:54:32.008+0000] {dag.py:3954} INFO - Setting next_dagrun for example_xcom_args_with_operators to None, run_after=None
[2026-01-27T23:54:32.028+0000] {processor.py:183} INFO - Processing /home/airflow/.local/lib/python3.12/site-packages/airflow/example_dags/example_xcomargs.py took 0.074 seconds
[2026-01-27T23:55:02.989+0000] {processor.py:161} INFO - Started process (PID=1995) to work on /home/airflow/.local/lib/python3.12/site-packages/airflow/example_dags/example_xcomargs.py
[2026-01-27T23:55:02.990+0000] {processor.py:830} INFO - Processing file /home/airflow/.local/lib/python3.12/site-packages/airflow/example_dags/example_xcomargs.py for tasks to queue
[2026-01-27T23:55:02.992+0000] {logging_mixin.py:188} INFO - [2026-01-27T23:55:02.992+0000] {dagbag.py:540} INFO - Filling up the DagBag from /home/airflow/.local/lib/python3.12/site-packages/airflow/example_dags/example_xcomargs.py
[2026-01-27T23:55:03.001+0000] {processor.py:840} INFO - DAG(s) 'example_xcom_args', 'example_xcom_args_with_operators' retrieved from /home/airflow/.local/lib/python3.12/site-packages/airflow/example_dags/example_xcomargs.py
[2026-01-27T23:55:03.025+0000] {logging_mixin.py:188} INFO - [2026-01-27T23:55:03.025+0000] {dag.py:3096} INFO - Sync 2 DAGs
[2026-01-27T23:55:03.037+0000] {logging_mixin.py:188} INFO - [2026-01-27T23:55:03.037+0000] {dag.py:3954} INFO - Setting next_dagrun for example_xcom_args to None, run_after=None
[2026-01-27T23:55:03.042+0000] {logging_mixin.py:188} INFO - [2026-01-27T23:55:03.042+0000] {dag.py:3954} INFO - Setting next_dagrun for example_xcom_args_with_operators to None, run_after=None
[2026-01-27T23:55:03.060+0000] {processor.py:183} INFO - Processing /home/airflow/.local/lib/python3.12/site-packages/airflow/example_dags/example_xcomargs.py took 0.076 seconds
[2026-01-27T23:55:33.699+0000] {processor.py:161} INFO - Started process (PID=2047) to work on /home/airflow/.local/lib/python3.12/site-packages/airflow/example_dags/example_xcomargs.py
[2026-01-27T23:55:33.701+0000] {processor.py:830} INFO - Processing file /home/airflow/.local/lib/python3.12/site-packages/airflow/example_dags/example_xcomargs.py for tasks to queue
[2026-01-27T23:55:33.703+0000] {logging_mixin.py:188} INFO - [2026-01-27T23:55:33.702+0000] {dagbag.py:540} INFO - Filling up the DagBag from /home/airflow/.local/lib/python3.12/site-packages/airflow/example_dags/example_xcomargs.py
[2026-01-27T23:55:33.711+0000] {processor.py:840} INFO - DAG(s) 'example_xcom_args_with_operators', 'example_xcom_args' retrieved from /home/airflow/.local/lib/python3.12/site-packages/airflow/example_dags/example_xcomargs.py
[2026-01-27T23:55:33.735+0000] {logging_mixin.py:188} INFO - [2026-01-27T23:55:33.734+0000] {dag.py:3096} INFO - Sync 2 DAGs
[2026-01-27T23:55:33.747+0000] {logging_mixin.py:188} INFO - [2026-01-27T23:55:33.746+0000] {dag.py:3954} INFO - Setting next_dagrun for example_xcom_args to None, run_after=None
[2026-01-27T23:55:33.751+0000] {logging_mixin.py:188} INFO - [2026-01-27T23:55:33.751+0000] {dag.py:3954} INFO - Setting next_dagrun for example_xcom_args_with_operators to None, run_after=None
[2026-01-27T23:55:33.768+0000] {processor.py:183} INFO - Processing /home/airflow/.local/lib/python3.12/site-packages/airflow/example_dags/example_xcomargs.py took 0.075 seconds
[2026-01-27T23:56:04.137+0000] {processor.py:161} INFO - Started process (PID=2099) to work on /home/airflow/.local/lib/python3.12/site-packages/airflow/example_dags/example_xcomargs.py
[2026-01-27T23:56:04.138+0000] {processor.py:830} INFO - Processing file /home/airflow/.local/lib/python3.12/site-packages/airflow/example_dags/example_xcomargs.py for tasks to queue
[2026-01-27T23:56:04.141+0000] {logging_mixin.py:188} INFO - [2026-01-27T23:56:04.141+0000] {dagbag.py:540} INFO - Filling up the DagBag from /home/airflow/.local/lib/python3.12/site-packages/airflow/example_dags/example_xcomargs.py
[2026-01-27T23:56:04.154+0000] {processor.py:840} INFO - DAG(s) 'example_xcom_args_with_operators', 'example_xcom_args' retrieved from /home/airflow/.local/lib/python3.12/site-packages/airflow/example_dags/example_xcomargs.py
[2026-01-27T23:56:04.190+0000] {logging_mixin.py:188} INFO - [2026-01-27T23:56:04.190+0000] {dag.py:3096} INFO - Sync 2 DAGs
[2026-01-27T23:56:04.206+0000] {logging_mixin.py:188} INFO - [2026-01-27T23:56:04.206+0000] {dag.py:3954} INFO - Setting next_dagrun for example_xcom_args to None, run_after=None
[2026-01-27T23:56:04.211+0000] {logging_mixin.py:188} INFO - [2026-01-27T23:56:04.211+0000] {dag.py:3954} INFO - Setting next_dagrun for example_xcom_args_with_operators to None, run_after=None
[2026-01-27T23:56:04.227+0000] {processor.py:183} INFO - Processing /home/airflow/.local/lib/python3.12/site-packages/airflow/example_dags/example_xcomargs.py took 0.098 seconds
[2026-01-27T23:56:34.522+0000] {processor.py:161} INFO - Started process (PID=2151) to work on /home/airflow/.local/lib/python3.12/site-packages/airflow/example_dags/example_xcomargs.py
[2026-01-27T23:56:34.523+0000] {processor.py:830} INFO - Processing file /home/airflow/.local/lib/python3.12/site-packages/airflow/example_dags/example_xcomargs.py for tasks to queue
[2026-01-27T23:56:34.525+0000] {logging_mixin.py:188} INFO - [2026-01-27T23:56:34.524+0000] {dagbag.py:540} INFO - Filling up the DagBag from /home/airflow/.local/lib/python3.12/site-packages/airflow/example_dags/example_xcomargs.py
[2026-01-27T23:56:34.533+0000] {processor.py:840} INFO - DAG(s) 'example_xcom_args', 'example_xcom_args_with_operators' retrieved from /home/airflow/.local/lib/python3.12/site-packages/airflow/example_dags/example_xcomargs.py
[2026-01-27T23:56:34.560+0000] {logging_mixin.py:188} INFO - [2026-01-27T23:56:34.560+0000] {dag.py:3096} INFO - Sync 2 DAGs
[2026-01-27T23:56:34.574+0000] {logging_mixin.py:188} INFO - [2026-01-27T23:56:34.574+0000] {dag.py:3954} INFO - Setting next_dagrun for example_xcom_args to None, run_after=None
[2026-01-27T23:56:34.579+0000] {logging_mixin.py:188} INFO - [2026-01-27T23:56:34.578+0000] {dag.py:3954} INFO - Setting next_dagrun for example_xcom_args_with_operators to None, run_after=None
[2026-01-27T23:56:34.602+0000] {processor.py:183} INFO - Processing /home/airflow/.local/lib/python3.12/site-packages/airflow/example_dags/example_xcomargs.py took 0.086 seconds
[2026-01-27T23:57:05.425+0000] {processor.py:161} INFO - Started process (PID=2203) to work on /home/airflow/.local/lib/python3.12/site-packages/airflow/example_dags/example_xcomargs.py
[2026-01-27T23:57:05.426+0000] {processor.py:830} INFO - Processing file /home/airflow/.local/lib/python3.12/site-packages/airflow/example_dags/example_xcomargs.py for tasks to queue
[2026-01-27T23:57:05.428+0000] {logging_mixin.py:188} INFO - [2026-01-27T23:57:05.428+0000] {dagbag.py:540} INFO - Filling up the DagBag from /home/airflow/.local/lib/python3.12/site-packages/airflow/example_dags/example_xcomargs.py
[2026-01-27T23:57:05.436+0000] {processor.py:840} INFO - DAG(s) 'example_xcom_args_with_operators', 'example_xcom_args' retrieved from /home/airflow/.local/lib/python3.12/site-packages/airflow/example_dags/example_xcomargs.py
[2026-01-27T23:57:05.458+0000] {logging_mixin.py:188} INFO - [2026-01-27T23:57:05.458+0000] {dag.py:3096} INFO - Sync 2 DAGs
[2026-01-27T23:57:05.472+0000] {logging_mixin.py:188} INFO - [2026-01-27T23:57:05.472+0000] {dag.py:3954} INFO - Setting next_dagrun for example_xcom_args to None, run_after=None
[2026-01-27T23:57:05.476+0000] {logging_mixin.py:188} INFO - [2026-01-27T23:57:05.475+0000] {dag.py:3954} INFO - Setting next_dagrun for example_xcom_args_with_operators to None, run_after=None
[2026-01-27T23:57:05.494+0000] {processor.py:183} INFO - Processing /home/airflow/.local/lib/python3.12/site-packages/airflow/example_dags/example_xcomargs.py took 0.075 seconds
[2026-01-27T23:57:36.148+0000] {processor.py:161} INFO - Started process (PID=2255) to work on /home/airflow/.local/lib/python3.12/site-packages/airflow/example_dags/example_xcomargs.py
[2026-01-27T23:57:36.150+0000] {processor.py:830} INFO - Processing file /home/airflow/.local/lib/python3.12/site-packages/airflow/example_dags/example_xcomargs.py for tasks to queue
[2026-01-27T23:57:36.152+0000] {logging_mixin.py:188} INFO - [2026-01-27T23:57:36.152+0000] {dagbag.py:540} INFO - Filling up the DagBag from /home/airflow/.local/lib/python3.12/site-packages/airflow/example_dags/example_xcomargs.py
[2026-01-27T23:57:36.161+0000] {processor.py:840} INFO - DAG(s) 'example_xcom_args', 'example_xcom_args_with_operators' retrieved from /home/airflow/.local/lib/python3.12/site-packages/airflow/example_dags/example_xcomargs.py
[2026-01-27T23:57:36.185+0000] {logging_mixin.py:188} INFO - [2026-01-27T23:57:36.185+0000] {dag.py:3096} INFO - Sync 2 DAGs
[2026-01-27T23:57:36.200+0000] {logging_mixin.py:188} INFO - [2026-01-27T23:57:36.200+0000] {dag.py:3954} INFO - Setting next_dagrun for example_xcom_args to None, run_after=None
[2026-01-27T23:57:36.205+0000] {logging_mixin.py:188} INFO - [2026-01-27T23:57:36.205+0000] {dag.py:3954} INFO - Setting next_dagrun for example_xcom_args_with_operators to None, run_after=None
[2026-01-27T23:57:36.226+0000] {processor.py:183} INFO - Processing /home/airflow/.local/lib/python3.12/site-packages/airflow/example_dags/example_xcomargs.py took 0.083 seconds
[2026-01-27T23:58:06.347+0000] {processor.py:161} INFO - Started process (PID=2307) to work on /home/airflow/.local/lib/python3.12/site-packages/airflow/example_dags/example_xcomargs.py
[2026-01-27T23:58:06.348+0000] {processor.py:830} INFO - Processing file /home/airflow/.local/lib/python3.12/site-packages/airflow/example_dags/example_xcomargs.py for tasks to queue
[2026-01-27T23:58:06.351+0000] {logging_mixin.py:188} INFO - [2026-01-27T23:58:06.350+0000] {dagbag.py:540} INFO - Filling up the DagBag from /home/airflow/.local/lib/python3.12/site-packages/airflow/example_dags/example_xcomargs.py
[2026-01-27T23:58:06.361+0000] {processor.py:840} INFO - DAG(s) 'example_xcom_args_with_operators', 'example_xcom_args' retrieved from /home/airflow/.local/lib/python3.12/site-packages/airflow/example_dags/example_xcomargs.py
[2026-01-27T23:58:06.388+0000] {logging_mixin.py:188} INFO - [2026-01-27T23:58:06.388+0000] {dag.py:3096} INFO - Sync 2 DAGs
[2026-01-27T23:58:06.402+0000] {logging_mixin.py:188} INFO - [2026-01-27T23:58:06.402+0000] {dag.py:3954} INFO - Setting next_dagrun for example_xcom_args to None, run_after=None
[2026-01-27T23:58:06.406+0000] {logging_mixin.py:188} INFO - [2026-01-27T23:58:06.406+0000] {dag.py:3954} INFO - Setting next_dagrun for example_xcom_args_with_operators to None, run_after=None
[2026-01-27T23:58:06.424+0000] {processor.py:183} INFO - Processing /home/airflow/.local/lib/python3.12/site-packages/airflow/example_dags/example_xcomargs.py took 0.084 seconds
[2026-01-27T23:58:36.607+0000] {processor.py:161} INFO - Started process (PID=2359) to work on /home/airflow/.local/lib/python3.12/site-packages/airflow/example_dags/example_xcomargs.py
[2026-01-27T23:58:36.609+0000] {processor.py:830} INFO - Processing file /home/airflow/.local/lib/python3.12/site-packages/airflow/example_dags/example_xcomargs.py for tasks to queue
[2026-01-27T23:58:36.611+0000] {logging_mixin.py:188} INFO - [2026-01-27T23:58:36.611+0000] {dagbag.py:540} INFO - Filling up the DagBag from /home/airflow/.local/lib/python3.12/site-packages/airflow/example_dags/example_xcomargs.py
[2026-01-27T23:58:36.621+0000] {processor.py:840} INFO - DAG(s) 'example_xcom_args', 'example_xcom_args_with_operators' retrieved from /home/airflow/.local/lib/python3.12/site-packages/airflow/example_dags/example_xcomargs.py
[2026-01-27T23:58:36.646+0000] {logging_mixin.py:188} INFO - [2026-01-27T23:58:36.646+0000] {dag.py:3096} INFO - Sync 2 DAGs
[2026-01-27T23:58:36.659+0000] {logging_mixin.py:188} INFO - [2026-01-27T23:58:36.659+0000] {dag.py:3954} INFO - Setting next_dagrun for example_xcom_args to None, run_after=None
[2026-01-27T23:58:36.664+0000] {logging_mixin.py:188} INFO - [2026-01-27T23:58:36.664+0000] {dag.py:3954} INFO - Setting next_dagrun for example_xcom_args_with_operators to None, run_after=None
[2026-01-27T23:58:36.683+0000] {processor.py:183} INFO - Processing /home/airflow/.local/lib/python3.12/site-packages/airflow/example_dags/example_xcomargs.py took 0.082 seconds
[2026-01-27T23:59:06.889+0000] {processor.py:161} INFO - Started process (PID=2411) to work on /home/airflow/.local/lib/python3.12/site-packages/airflow/example_dags/example_xcomargs.py
[2026-01-27T23:59:06.890+0000] {processor.py:830} INFO - Processing file /home/airflow/.local/lib/python3.12/site-packages/airflow/example_dags/example_xcomargs.py for tasks to queue
[2026-01-27T23:59:06.892+0000] {logging_mixin.py:188} INFO - [2026-01-27T23:59:06.892+0000] {dagbag.py:540} INFO - Filling up the DagBag from /home/airflow/.local/lib/python3.12/site-packages/airflow/example_dags/example_xcomargs.py
[2026-01-27T23:59:06.900+0000] {processor.py:840} INFO - DAG(s) 'example_xcom_args_with_operators', 'example_xcom_args' retrieved from /home/airflow/.local/lib/python3.12/site-packages/airflow/example_dags/example_xcomargs.py
[2026-01-27T23:59:06.923+0000] {logging_mixin.py:188} INFO - [2026-01-27T23:59:06.923+0000] {dag.py:3096} INFO - Sync 2 DAGs
[2026-01-27T23:59:06.934+0000] {logging_mixin.py:188} INFO - [2026-01-27T23:59:06.934+0000] {dag.py:3954} INFO - Setting next_dagrun for example_xcom_args to None, run_after=None
[2026-01-27T23:59:06.939+0000] {logging_mixin.py:188} INFO - [2026-01-27T23:59:06.939+0000] {dag.py:3954} INFO - Setting next_dagrun for example_xcom_args_with_operators to None, run_after=None
[2026-01-27T23:59:06.957+0000] {processor.py:183} INFO - Processing /home/airflow/.local/lib/python3.12/site-packages/airflow/example_dags/example_xcomargs.py took 0.074 seconds
[2026-01-27T23:59:37.547+0000] {processor.py:161} INFO - Started process (PID=2463) to work on /home/airflow/.local/lib/python3.12/site-packages/airflow/example_dags/example_xcomargs.py
[2026-01-27T23:59:37.548+0000] {processor.py:830} INFO - Processing file /home/airflow/.local/lib/python3.12/site-packages/airflow/example_dags/example_xcomargs.py for tasks to queue
[2026-01-27T23:59:37.550+0000] {logging_mixin.py:188} INFO - [2026-01-27T23:59:37.550+0000] {dagbag.py:540} INFO - Filling up the DagBag from /home/airflow/.local/lib/python3.12/site-packages/airflow/example_dags/example_xcomargs.py
[2026-01-27T23:59:37.560+0000] {processor.py:840} INFO - DAG(s) 'example_xcom_args_with_operators', 'example_xcom_args' retrieved from /home/airflow/.local/lib/python3.12/site-packages/airflow/example_dags/example_xcomargs.py
[2026-01-27T23:59:37.586+0000] {logging_mixin.py:188} INFO - [2026-01-27T23:59:37.585+0000] {dag.py:3096} INFO - Sync 2 DAGs
[2026-01-27T23:59:37.599+0000] {logging_mixin.py:188} INFO - [2026-01-27T23:59:37.599+0000] {dag.py:3954} INFO - Setting next_dagrun for example_xcom_args to None, run_after=None
[2026-01-27T23:59:37.603+0000] {logging_mixin.py:188} INFO - [2026-01-27T23:59:37.603+0000] {dag.py:3954} INFO - Setting next_dagrun for example_xcom_args_with_operators to None, run_after=None
[2026-01-27T23:59:37.622+0000] {processor.py:183} INFO - Processing /home/airflow/.local/lib/python3.12/site-packages/airflow/example_dags/example_xcomargs.py took 0.081 seconds
