[2026-01-27T23:35:56.901+0000] {processor.py:161} INFO - Started process (PID=36) to work on /home/airflow/.local/lib/python3.12/site-packages/airflow/example_dags/example_short_circuit_decorator.py
[2026-01-27T23:35:56.904+0000] {processor.py:830} INFO - Processing file /home/airflow/.local/lib/python3.12/site-packages/airflow/example_dags/example_short_circuit_decorator.py for tasks to queue
[2026-01-27T23:35:56.910+0000] {logging_mixin.py:188} INFO - [2026-01-27T23:35:56.909+0000] {dagbag.py:540} INFO - Filling up the DagBag from /home/airflow/.local/lib/python3.12/site-packages/airflow/example_dags/example_short_circuit_decorator.py
[2026-01-27T23:35:56.997+0000] {processor.py:840} INFO - DAG(s) 'example_short_circuit_decorator' retrieved from /home/airflow/.local/lib/python3.12/site-packages/airflow/example_dags/example_short_circuit_decorator.py
[2026-01-27T23:35:57.628+0000] {logging_mixin.py:188} INFO - [2026-01-27T23:35:57.626+0000] {dag.py:3096} INFO - Sync 1 DAGs
[2026-01-27T23:35:57.708+0000] {logging_mixin.py:188} INFO - [2026-01-27T23:35:57.707+0000] {dag.py:3954} INFO - Setting next_dagrun for example_short_circuit_decorator to 2026-01-26 00:00:00+00:00, run_after=2026-01-27 00:00:00+00:00
[2026-01-27T23:35:57.763+0000] {processor.py:183} INFO - Processing /home/airflow/.local/lib/python3.12/site-packages/airflow/example_dags/example_short_circuit_decorator.py took 0.881 seconds
[2026-01-27T23:36:28.079+0000] {processor.py:161} INFO - Started process (PID=88) to work on /home/airflow/.local/lib/python3.12/site-packages/airflow/example_dags/example_short_circuit_decorator.py
[2026-01-27T23:36:28.082+0000] {processor.py:830} INFO - Processing file /home/airflow/.local/lib/python3.12/site-packages/airflow/example_dags/example_short_circuit_decorator.py for tasks to queue
[2026-01-27T23:36:28.088+0000] {logging_mixin.py:188} INFO - [2026-01-27T23:36:28.087+0000] {dagbag.py:540} INFO - Filling up the DagBag from /home/airflow/.local/lib/python3.12/site-packages/airflow/example_dags/example_short_circuit_decorator.py
[2026-01-27T23:36:28.112+0000] {processor.py:840} INFO - DAG(s) 'example_short_circuit_decorator' retrieved from /home/airflow/.local/lib/python3.12/site-packages/airflow/example_dags/example_short_circuit_decorator.py
[2026-01-27T23:36:28.183+0000] {logging_mixin.py:188} INFO - [2026-01-27T23:36:28.182+0000] {dag.py:3096} INFO - Sync 1 DAGs
[2026-01-27T23:36:28.242+0000] {logging_mixin.py:188} INFO - [2026-01-27T23:36:28.242+0000] {dag.py:3954} INFO - Setting next_dagrun for example_short_circuit_decorator to 2026-01-26 00:00:00+00:00, run_after=2026-01-27 00:00:00+00:00
[2026-01-27T23:36:28.286+0000] {processor.py:183} INFO - Processing /home/airflow/.local/lib/python3.12/site-packages/airflow/example_dags/example_short_circuit_decorator.py took 0.225 seconds
[2026-01-27T23:36:58.374+0000] {processor.py:161} INFO - Started process (PID=140) to work on /home/airflow/.local/lib/python3.12/site-packages/airflow/example_dags/example_short_circuit_decorator.py
[2026-01-27T23:36:58.376+0000] {processor.py:830} INFO - Processing file /home/airflow/.local/lib/python3.12/site-packages/airflow/example_dags/example_short_circuit_decorator.py for tasks to queue
[2026-01-27T23:36:58.379+0000] {logging_mixin.py:188} INFO - [2026-01-27T23:36:58.378+0000] {dagbag.py:540} INFO - Filling up the DagBag from /home/airflow/.local/lib/python3.12/site-packages/airflow/example_dags/example_short_circuit_decorator.py
[2026-01-27T23:36:58.388+0000] {processor.py:840} INFO - DAG(s) 'example_short_circuit_decorator' retrieved from /home/airflow/.local/lib/python3.12/site-packages/airflow/example_dags/example_short_circuit_decorator.py
[2026-01-27T23:36:58.410+0000] {logging_mixin.py:188} INFO - [2026-01-27T23:36:58.410+0000] {dag.py:3096} INFO - Sync 1 DAGs
[2026-01-27T23:36:58.429+0000] {logging_mixin.py:188} INFO - [2026-01-27T23:36:58.429+0000] {dag.py:3954} INFO - Setting next_dagrun for example_short_circuit_decorator to 2026-01-26 00:00:00+00:00, run_after=2026-01-27 00:00:00+00:00
[2026-01-27T23:36:58.450+0000] {processor.py:183} INFO - Processing /home/airflow/.local/lib/python3.12/site-packages/airflow/example_dags/example_short_circuit_decorator.py took 0.082 seconds
[2026-01-27T23:37:28.914+0000] {processor.py:161} INFO - Started process (PID=192) to work on /home/airflow/.local/lib/python3.12/site-packages/airflow/example_dags/example_short_circuit_decorator.py
[2026-01-27T23:37:28.915+0000] {processor.py:830} INFO - Processing file /home/airflow/.local/lib/python3.12/site-packages/airflow/example_dags/example_short_circuit_decorator.py for tasks to queue
[2026-01-27T23:37:28.917+0000] {logging_mixin.py:188} INFO - [2026-01-27T23:37:28.917+0000] {dagbag.py:540} INFO - Filling up the DagBag from /home/airflow/.local/lib/python3.12/site-packages/airflow/example_dags/example_short_circuit_decorator.py
[2026-01-27T23:37:28.926+0000] {processor.py:840} INFO - DAG(s) 'example_short_circuit_decorator' retrieved from /home/airflow/.local/lib/python3.12/site-packages/airflow/example_dags/example_short_circuit_decorator.py
[2026-01-27T23:37:28.948+0000] {logging_mixin.py:188} INFO - [2026-01-27T23:37:28.948+0000] {dag.py:3096} INFO - Sync 1 DAGs
[2026-01-27T23:37:28.967+0000] {logging_mixin.py:188} INFO - [2026-01-27T23:37:28.967+0000] {dag.py:3954} INFO - Setting next_dagrun for example_short_circuit_decorator to 2026-01-26 00:00:00+00:00, run_after=2026-01-27 00:00:00+00:00
[2026-01-27T23:37:28.986+0000] {processor.py:183} INFO - Processing /home/airflow/.local/lib/python3.12/site-packages/airflow/example_dags/example_short_circuit_decorator.py took 0.080 seconds
[2026-01-27T23:37:59.264+0000] {processor.py:161} INFO - Started process (PID=244) to work on /home/airflow/.local/lib/python3.12/site-packages/airflow/example_dags/example_short_circuit_decorator.py
[2026-01-27T23:37:59.266+0000] {processor.py:830} INFO - Processing file /home/airflow/.local/lib/python3.12/site-packages/airflow/example_dags/example_short_circuit_decorator.py for tasks to queue
[2026-01-27T23:37:59.268+0000] {logging_mixin.py:188} INFO - [2026-01-27T23:37:59.267+0000] {dagbag.py:540} INFO - Filling up the DagBag from /home/airflow/.local/lib/python3.12/site-packages/airflow/example_dags/example_short_circuit_decorator.py
[2026-01-27T23:37:59.275+0000] {processor.py:840} INFO - DAG(s) 'example_short_circuit_decorator' retrieved from /home/airflow/.local/lib/python3.12/site-packages/airflow/example_dags/example_short_circuit_decorator.py
[2026-01-27T23:37:59.304+0000] {logging_mixin.py:188} INFO - [2026-01-27T23:37:59.304+0000] {dag.py:3096} INFO - Sync 1 DAGs
[2026-01-27T23:37:59.327+0000] {logging_mixin.py:188} INFO - [2026-01-27T23:37:59.326+0000] {dag.py:3954} INFO - Setting next_dagrun for example_short_circuit_decorator to 2026-01-26 00:00:00+00:00, run_after=2026-01-27 00:00:00+00:00
[2026-01-27T23:37:59.351+0000] {processor.py:183} INFO - Processing /home/airflow/.local/lib/python3.12/site-packages/airflow/example_dags/example_short_circuit_decorator.py took 0.094 seconds
[2026-01-27T23:38:29.500+0000] {processor.py:161} INFO - Started process (PID=296) to work on /home/airflow/.local/lib/python3.12/site-packages/airflow/example_dags/example_short_circuit_decorator.py
[2026-01-27T23:38:29.502+0000] {processor.py:830} INFO - Processing file /home/airflow/.local/lib/python3.12/site-packages/airflow/example_dags/example_short_circuit_decorator.py for tasks to queue
[2026-01-27T23:38:29.504+0000] {logging_mixin.py:188} INFO - [2026-01-27T23:38:29.503+0000] {dagbag.py:540} INFO - Filling up the DagBag from /home/airflow/.local/lib/python3.12/site-packages/airflow/example_dags/example_short_circuit_decorator.py
[2026-01-27T23:38:29.512+0000] {processor.py:840} INFO - DAG(s) 'example_short_circuit_decorator' retrieved from /home/airflow/.local/lib/python3.12/site-packages/airflow/example_dags/example_short_circuit_decorator.py
[2026-01-27T23:38:29.536+0000] {logging_mixin.py:188} INFO - [2026-01-27T23:38:29.536+0000] {dag.py:3096} INFO - Sync 1 DAGs
[2026-01-27T23:38:29.557+0000] {logging_mixin.py:188} INFO - [2026-01-27T23:38:29.557+0000] {dag.py:3954} INFO - Setting next_dagrun for example_short_circuit_decorator to 2026-01-26 00:00:00+00:00, run_after=2026-01-27 00:00:00+00:00
[2026-01-27T23:38:29.579+0000] {processor.py:183} INFO - Processing /home/airflow/.local/lib/python3.12/site-packages/airflow/example_dags/example_short_circuit_decorator.py took 0.085 seconds
[2026-01-27T23:38:59.892+0000] {processor.py:161} INFO - Started process (PID=348) to work on /home/airflow/.local/lib/python3.12/site-packages/airflow/example_dags/example_short_circuit_decorator.py
[2026-01-27T23:38:59.893+0000] {processor.py:830} INFO - Processing file /home/airflow/.local/lib/python3.12/site-packages/airflow/example_dags/example_short_circuit_decorator.py for tasks to queue
[2026-01-27T23:38:59.896+0000] {logging_mixin.py:188} INFO - [2026-01-27T23:38:59.896+0000] {dagbag.py:540} INFO - Filling up the DagBag from /home/airflow/.local/lib/python3.12/site-packages/airflow/example_dags/example_short_circuit_decorator.py
[2026-01-27T23:38:59.907+0000] {processor.py:840} INFO - DAG(s) 'example_short_circuit_decorator' retrieved from /home/airflow/.local/lib/python3.12/site-packages/airflow/example_dags/example_short_circuit_decorator.py
[2026-01-27T23:38:59.938+0000] {logging_mixin.py:188} INFO - [2026-01-27T23:38:59.938+0000] {dag.py:3096} INFO - Sync 1 DAGs
[2026-01-27T23:38:59.965+0000] {logging_mixin.py:188} INFO - [2026-01-27T23:38:59.965+0000] {dag.py:3954} INFO - Setting next_dagrun for example_short_circuit_decorator to 2026-01-26 00:00:00+00:00, run_after=2026-01-27 00:00:00+00:00
[2026-01-27T23:38:59.999+0000] {processor.py:183} INFO - Processing /home/airflow/.local/lib/python3.12/site-packages/airflow/example_dags/example_short_circuit_decorator.py took 0.114 seconds
[2026-01-27T23:39:30.335+0000] {processor.py:161} INFO - Started process (PID=400) to work on /home/airflow/.local/lib/python3.12/site-packages/airflow/example_dags/example_short_circuit_decorator.py
[2026-01-27T23:39:30.337+0000] {processor.py:830} INFO - Processing file /home/airflow/.local/lib/python3.12/site-packages/airflow/example_dags/example_short_circuit_decorator.py for tasks to queue
[2026-01-27T23:39:30.340+0000] {logging_mixin.py:188} INFO - [2026-01-27T23:39:30.339+0000] {dagbag.py:540} INFO - Filling up the DagBag from /home/airflow/.local/lib/python3.12/site-packages/airflow/example_dags/example_short_circuit_decorator.py
[2026-01-27T23:39:30.351+0000] {processor.py:840} INFO - DAG(s) 'example_short_circuit_decorator' retrieved from /home/airflow/.local/lib/python3.12/site-packages/airflow/example_dags/example_short_circuit_decorator.py
[2026-01-27T23:39:30.387+0000] {logging_mixin.py:188} INFO - [2026-01-27T23:39:30.387+0000] {dag.py:3096} INFO - Sync 1 DAGs
[2026-01-27T23:39:30.424+0000] {logging_mixin.py:188} INFO - [2026-01-27T23:39:30.423+0000] {dag.py:3954} INFO - Setting next_dagrun for example_short_circuit_decorator to 2026-01-26 00:00:00+00:00, run_after=2026-01-27 00:00:00+00:00
[2026-01-27T23:39:30.455+0000] {processor.py:183} INFO - Processing /home/airflow/.local/lib/python3.12/site-packages/airflow/example_dags/example_short_circuit_decorator.py took 0.132 seconds
[2026-01-27T23:40:00.956+0000] {processor.py:161} INFO - Started process (PID=452) to work on /home/airflow/.local/lib/python3.12/site-packages/airflow/example_dags/example_short_circuit_decorator.py
[2026-01-27T23:40:00.958+0000] {processor.py:830} INFO - Processing file /home/airflow/.local/lib/python3.12/site-packages/airflow/example_dags/example_short_circuit_decorator.py for tasks to queue
[2026-01-27T23:40:00.960+0000] {logging_mixin.py:188} INFO - [2026-01-27T23:40:00.960+0000] {dagbag.py:540} INFO - Filling up the DagBag from /home/airflow/.local/lib/python3.12/site-packages/airflow/example_dags/example_short_circuit_decorator.py
[2026-01-27T23:40:00.971+0000] {processor.py:840} INFO - DAG(s) 'example_short_circuit_decorator' retrieved from /home/airflow/.local/lib/python3.12/site-packages/airflow/example_dags/example_short_circuit_decorator.py
[2026-01-27T23:40:01.000+0000] {logging_mixin.py:188} INFO - [2026-01-27T23:40:01.000+0000] {dag.py:3096} INFO - Sync 1 DAGs
[2026-01-27T23:40:01.030+0000] {logging_mixin.py:188} INFO - [2026-01-27T23:40:01.030+0000] {dag.py:3954} INFO - Setting next_dagrun for example_short_circuit_decorator to 2026-01-26 00:00:00+00:00, run_after=2026-01-27 00:00:00+00:00
[2026-01-27T23:40:01.056+0000] {processor.py:183} INFO - Processing /home/airflow/.local/lib/python3.12/site-packages/airflow/example_dags/example_short_circuit_decorator.py took 0.110 seconds
[2026-01-27T23:40:31.106+0000] {processor.py:161} INFO - Started process (PID=504) to work on /home/airflow/.local/lib/python3.12/site-packages/airflow/example_dags/example_short_circuit_decorator.py
[2026-01-27T23:40:31.108+0000] {processor.py:830} INFO - Processing file /home/airflow/.local/lib/python3.12/site-packages/airflow/example_dags/example_short_circuit_decorator.py for tasks to queue
[2026-01-27T23:40:31.110+0000] {logging_mixin.py:188} INFO - [2026-01-27T23:40:31.110+0000] {dagbag.py:540} INFO - Filling up the DagBag from /home/airflow/.local/lib/python3.12/site-packages/airflow/example_dags/example_short_circuit_decorator.py
[2026-01-27T23:40:31.122+0000] {processor.py:840} INFO - DAG(s) 'example_short_circuit_decorator' retrieved from /home/airflow/.local/lib/python3.12/site-packages/airflow/example_dags/example_short_circuit_decorator.py
[2026-01-27T23:40:31.153+0000] {logging_mixin.py:188} INFO - [2026-01-27T23:40:31.152+0000] {dag.py:3096} INFO - Sync 1 DAGs
[2026-01-27T23:40:31.181+0000] {logging_mixin.py:188} INFO - [2026-01-27T23:40:31.181+0000] {dag.py:3954} INFO - Setting next_dagrun for example_short_circuit_decorator to 2026-01-26 00:00:00+00:00, run_after=2026-01-27 00:00:00+00:00
[2026-01-27T23:40:31.211+0000] {processor.py:183} INFO - Processing /home/airflow/.local/lib/python3.12/site-packages/airflow/example_dags/example_short_circuit_decorator.py took 0.113 seconds
[2026-01-27T23:41:01.451+0000] {processor.py:161} INFO - Started process (PID=556) to work on /home/airflow/.local/lib/python3.12/site-packages/airflow/example_dags/example_short_circuit_decorator.py
[2026-01-27T23:41:01.453+0000] {processor.py:830} INFO - Processing file /home/airflow/.local/lib/python3.12/site-packages/airflow/example_dags/example_short_circuit_decorator.py for tasks to queue
[2026-01-27T23:41:01.457+0000] {logging_mixin.py:188} INFO - [2026-01-27T23:41:01.456+0000] {dagbag.py:540} INFO - Filling up the DagBag from /home/airflow/.local/lib/python3.12/site-packages/airflow/example_dags/example_short_circuit_decorator.py
[2026-01-27T23:41:01.472+0000] {processor.py:840} INFO - DAG(s) 'example_short_circuit_decorator' retrieved from /home/airflow/.local/lib/python3.12/site-packages/airflow/example_dags/example_short_circuit_decorator.py
[2026-01-27T23:41:01.517+0000] {logging_mixin.py:188} INFO - [2026-01-27T23:41:01.517+0000] {dag.py:3096} INFO - Sync 1 DAGs
[2026-01-27T23:41:01.538+0000] {logging_mixin.py:188} INFO - [2026-01-27T23:41:01.538+0000] {dag.py:3954} INFO - Setting next_dagrun for example_short_circuit_decorator to 2026-01-26 00:00:00+00:00, run_after=2026-01-27 00:00:00+00:00
[2026-01-27T23:41:01.569+0000] {processor.py:183} INFO - Processing /home/airflow/.local/lib/python3.12/site-packages/airflow/example_dags/example_short_circuit_decorator.py took 0.130 seconds
[2026-01-27T23:41:31.678+0000] {processor.py:161} INFO - Started process (PID=608) to work on /home/airflow/.local/lib/python3.12/site-packages/airflow/example_dags/example_short_circuit_decorator.py
[2026-01-27T23:41:31.680+0000] {processor.py:830} INFO - Processing file /home/airflow/.local/lib/python3.12/site-packages/airflow/example_dags/example_short_circuit_decorator.py for tasks to queue
[2026-01-27T23:41:31.683+0000] {logging_mixin.py:188} INFO - [2026-01-27T23:41:31.682+0000] {dagbag.py:540} INFO - Filling up the DagBag from /home/airflow/.local/lib/python3.12/site-packages/airflow/example_dags/example_short_circuit_decorator.py
[2026-01-27T23:41:31.696+0000] {processor.py:840} INFO - DAG(s) 'example_short_circuit_decorator' retrieved from /home/airflow/.local/lib/python3.12/site-packages/airflow/example_dags/example_short_circuit_decorator.py
[2026-01-27T23:41:31.725+0000] {logging_mixin.py:188} INFO - [2026-01-27T23:41:31.725+0000] {dag.py:3096} INFO - Sync 1 DAGs
[2026-01-27T23:41:31.750+0000] {logging_mixin.py:188} INFO - [2026-01-27T23:41:31.750+0000] {dag.py:3954} INFO - Setting next_dagrun for example_short_circuit_decorator to 2026-01-26 00:00:00+00:00, run_after=2026-01-27 00:00:00+00:00
[2026-01-27T23:41:31.786+0000] {processor.py:183} INFO - Processing /home/airflow/.local/lib/python3.12/site-packages/airflow/example_dags/example_short_circuit_decorator.py took 0.117 seconds
[2026-01-27T23:42:02.000+0000] {processor.py:161} INFO - Started process (PID=660) to work on /home/airflow/.local/lib/python3.12/site-packages/airflow/example_dags/example_short_circuit_decorator.py
[2026-01-27T23:42:02.001+0000] {processor.py:830} INFO - Processing file /home/airflow/.local/lib/python3.12/site-packages/airflow/example_dags/example_short_circuit_decorator.py for tasks to queue
[2026-01-27T23:42:02.004+0000] {logging_mixin.py:188} INFO - [2026-01-27T23:42:02.003+0000] {dagbag.py:540} INFO - Filling up the DagBag from /home/airflow/.local/lib/python3.12/site-packages/airflow/example_dags/example_short_circuit_decorator.py
[2026-01-27T23:42:02.014+0000] {processor.py:840} INFO - DAG(s) 'example_short_circuit_decorator' retrieved from /home/airflow/.local/lib/python3.12/site-packages/airflow/example_dags/example_short_circuit_decorator.py
[2026-01-27T23:42:02.041+0000] {logging_mixin.py:188} INFO - [2026-01-27T23:42:02.040+0000] {dag.py:3096} INFO - Sync 1 DAGs
[2026-01-27T23:42:02.064+0000] {logging_mixin.py:188} INFO - [2026-01-27T23:42:02.064+0000] {dag.py:3954} INFO - Setting next_dagrun for example_short_circuit_decorator to 2026-01-26 00:00:00+00:00, run_after=2026-01-27 00:00:00+00:00
[2026-01-27T23:42:02.098+0000] {processor.py:183} INFO - Processing /home/airflow/.local/lib/python3.12/site-packages/airflow/example_dags/example_short_circuit_decorator.py took 0.105 seconds
[2026-01-27T23:42:32.674+0000] {processor.py:161} INFO - Started process (PID=712) to work on /home/airflow/.local/lib/python3.12/site-packages/airflow/example_dags/example_short_circuit_decorator.py
[2026-01-27T23:42:32.675+0000] {processor.py:830} INFO - Processing file /home/airflow/.local/lib/python3.12/site-packages/airflow/example_dags/example_short_circuit_decorator.py for tasks to queue
[2026-01-27T23:42:32.678+0000] {logging_mixin.py:188} INFO - [2026-01-27T23:42:32.678+0000] {dagbag.py:540} INFO - Filling up the DagBag from /home/airflow/.local/lib/python3.12/site-packages/airflow/example_dags/example_short_circuit_decorator.py
[2026-01-27T23:42:32.689+0000] {processor.py:840} INFO - DAG(s) 'example_short_circuit_decorator' retrieved from /home/airflow/.local/lib/python3.12/site-packages/airflow/example_dags/example_short_circuit_decorator.py
[2026-01-27T23:42:32.717+0000] {logging_mixin.py:188} INFO - [2026-01-27T23:42:32.717+0000] {dag.py:3096} INFO - Sync 1 DAGs
[2026-01-27T23:42:32.744+0000] {logging_mixin.py:188} INFO - [2026-01-27T23:42:32.743+0000] {dag.py:3954} INFO - Setting next_dagrun for example_short_circuit_decorator to 2026-01-26 00:00:00+00:00, run_after=2026-01-27 00:00:00+00:00
[2026-01-27T23:42:32.770+0000] {processor.py:183} INFO - Processing /home/airflow/.local/lib/python3.12/site-packages/airflow/example_dags/example_short_circuit_decorator.py took 0.104 seconds
[2026-01-27T23:43:03.137+0000] {processor.py:161} INFO - Started process (PID=764) to work on /home/airflow/.local/lib/python3.12/site-packages/airflow/example_dags/example_short_circuit_decorator.py
[2026-01-27T23:43:03.139+0000] {processor.py:830} INFO - Processing file /home/airflow/.local/lib/python3.12/site-packages/airflow/example_dags/example_short_circuit_decorator.py for tasks to queue
[2026-01-27T23:43:03.142+0000] {logging_mixin.py:188} INFO - [2026-01-27T23:43:03.142+0000] {dagbag.py:540} INFO - Filling up the DagBag from /home/airflow/.local/lib/python3.12/site-packages/airflow/example_dags/example_short_circuit_decorator.py
[2026-01-27T23:43:03.154+0000] {processor.py:840} INFO - DAG(s) 'example_short_circuit_decorator' retrieved from /home/airflow/.local/lib/python3.12/site-packages/airflow/example_dags/example_short_circuit_decorator.py
[2026-01-27T23:43:03.183+0000] {logging_mixin.py:188} INFO - [2026-01-27T23:43:03.183+0000] {dag.py:3096} INFO - Sync 1 DAGs
[2026-01-27T23:43:03.215+0000] {logging_mixin.py:188} INFO - [2026-01-27T23:43:03.215+0000] {dag.py:3954} INFO - Setting next_dagrun for example_short_circuit_decorator to 2026-01-26 00:00:00+00:00, run_after=2026-01-27 00:00:00+00:00
[2026-01-27T23:43:03.247+0000] {processor.py:183} INFO - Processing /home/airflow/.local/lib/python3.12/site-packages/airflow/example_dags/example_short_circuit_decorator.py took 0.118 seconds
[2026-01-27T23:43:33.375+0000] {processor.py:161} INFO - Started process (PID=816) to work on /home/airflow/.local/lib/python3.12/site-packages/airflow/example_dags/example_short_circuit_decorator.py
[2026-01-27T23:43:33.376+0000] {processor.py:830} INFO - Processing file /home/airflow/.local/lib/python3.12/site-packages/airflow/example_dags/example_short_circuit_decorator.py for tasks to queue
[2026-01-27T23:43:33.379+0000] {logging_mixin.py:188} INFO - [2026-01-27T23:43:33.379+0000] {dagbag.py:540} INFO - Filling up the DagBag from /home/airflow/.local/lib/python3.12/site-packages/airflow/example_dags/example_short_circuit_decorator.py
[2026-01-27T23:43:33.392+0000] {processor.py:840} INFO - DAG(s) 'example_short_circuit_decorator' retrieved from /home/airflow/.local/lib/python3.12/site-packages/airflow/example_dags/example_short_circuit_decorator.py
[2026-01-27T23:43:33.420+0000] {logging_mixin.py:188} INFO - [2026-01-27T23:43:33.420+0000] {dag.py:3096} INFO - Sync 1 DAGs
[2026-01-27T23:43:33.444+0000] {logging_mixin.py:188} INFO - [2026-01-27T23:43:33.444+0000] {dag.py:3954} INFO - Setting next_dagrun for example_short_circuit_decorator to 2026-01-26 00:00:00+00:00, run_after=2026-01-27 00:00:00+00:00
[2026-01-27T23:43:33.477+0000] {processor.py:183} INFO - Processing /home/airflow/.local/lib/python3.12/site-packages/airflow/example_dags/example_short_circuit_decorator.py took 0.108 seconds
[2026-01-27T23:44:03.627+0000] {processor.py:161} INFO - Started process (PID=868) to work on /home/airflow/.local/lib/python3.12/site-packages/airflow/example_dags/example_short_circuit_decorator.py
[2026-01-27T23:44:03.628+0000] {processor.py:830} INFO - Processing file /home/airflow/.local/lib/python3.12/site-packages/airflow/example_dags/example_short_circuit_decorator.py for tasks to queue
[2026-01-27T23:44:03.630+0000] {logging_mixin.py:188} INFO - [2026-01-27T23:44:03.630+0000] {dagbag.py:540} INFO - Filling up the DagBag from /home/airflow/.local/lib/python3.12/site-packages/airflow/example_dags/example_short_circuit_decorator.py
[2026-01-27T23:44:03.642+0000] {processor.py:840} INFO - DAG(s) 'example_short_circuit_decorator' retrieved from /home/airflow/.local/lib/python3.12/site-packages/airflow/example_dags/example_short_circuit_decorator.py
[2026-01-27T23:44:03.675+0000] {logging_mixin.py:188} INFO - [2026-01-27T23:44:03.674+0000] {dag.py:3096} INFO - Sync 1 DAGs
[2026-01-27T23:44:03.712+0000] {logging_mixin.py:188} INFO - [2026-01-27T23:44:03.712+0000] {dag.py:3954} INFO - Setting next_dagrun for example_short_circuit_decorator to 2026-01-26 00:00:00+00:00, run_after=2026-01-27 00:00:00+00:00
[2026-01-27T23:44:03.738+0000] {processor.py:183} INFO - Processing /home/airflow/.local/lib/python3.12/site-packages/airflow/example_dags/example_short_circuit_decorator.py took 0.118 seconds
[2026-01-27T23:44:34.110+0000] {processor.py:161} INFO - Started process (PID=920) to work on /home/airflow/.local/lib/python3.12/site-packages/airflow/example_dags/example_short_circuit_decorator.py
[2026-01-27T23:44:34.111+0000] {processor.py:830} INFO - Processing file /home/airflow/.local/lib/python3.12/site-packages/airflow/example_dags/example_short_circuit_decorator.py for tasks to queue
[2026-01-27T23:44:34.114+0000] {logging_mixin.py:188} INFO - [2026-01-27T23:44:34.113+0000] {dagbag.py:540} INFO - Filling up the DagBag from /home/airflow/.local/lib/python3.12/site-packages/airflow/example_dags/example_short_circuit_decorator.py
[2026-01-27T23:44:34.127+0000] {processor.py:840} INFO - DAG(s) 'example_short_circuit_decorator' retrieved from /home/airflow/.local/lib/python3.12/site-packages/airflow/example_dags/example_short_circuit_decorator.py
[2026-01-27T23:44:34.158+0000] {logging_mixin.py:188} INFO - [2026-01-27T23:44:34.158+0000] {dag.py:3096} INFO - Sync 1 DAGs
[2026-01-27T23:44:34.189+0000] {logging_mixin.py:188} INFO - [2026-01-27T23:44:34.189+0000] {dag.py:3954} INFO - Setting next_dagrun for example_short_circuit_decorator to 2026-01-26 00:00:00+00:00, run_after=2026-01-27 00:00:00+00:00
[2026-01-27T23:44:34.210+0000] {processor.py:183} INFO - Processing /home/airflow/.local/lib/python3.12/site-packages/airflow/example_dags/example_short_circuit_decorator.py took 0.109 seconds
[2026-01-27T23:45:04.281+0000] {processor.py:161} INFO - Started process (PID=972) to work on /home/airflow/.local/lib/python3.12/site-packages/airflow/example_dags/example_short_circuit_decorator.py
[2026-01-27T23:45:04.282+0000] {processor.py:830} INFO - Processing file /home/airflow/.local/lib/python3.12/site-packages/airflow/example_dags/example_short_circuit_decorator.py for tasks to queue
[2026-01-27T23:45:04.284+0000] {logging_mixin.py:188} INFO - [2026-01-27T23:45:04.283+0000] {dagbag.py:540} INFO - Filling up the DagBag from /home/airflow/.local/lib/python3.12/site-packages/airflow/example_dags/example_short_circuit_decorator.py
[2026-01-27T23:45:04.292+0000] {processor.py:840} INFO - DAG(s) 'example_short_circuit_decorator' retrieved from /home/airflow/.local/lib/python3.12/site-packages/airflow/example_dags/example_short_circuit_decorator.py
[2026-01-27T23:45:04.315+0000] {logging_mixin.py:188} INFO - [2026-01-27T23:45:04.314+0000] {dag.py:3096} INFO - Sync 1 DAGs
[2026-01-27T23:45:04.337+0000] {logging_mixin.py:188} INFO - [2026-01-27T23:45:04.336+0000] {dag.py:3954} INFO - Setting next_dagrun for example_short_circuit_decorator to 2026-01-26 00:00:00+00:00, run_after=2026-01-27 00:00:00+00:00
[2026-01-27T23:45:04.357+0000] {processor.py:183} INFO - Processing /home/airflow/.local/lib/python3.12/site-packages/airflow/example_dags/example_short_circuit_decorator.py took 0.083 seconds
[2026-01-27T23:45:34.540+0000] {processor.py:161} INFO - Started process (PID=1024) to work on /home/airflow/.local/lib/python3.12/site-packages/airflow/example_dags/example_short_circuit_decorator.py
[2026-01-27T23:45:34.541+0000] {processor.py:830} INFO - Processing file /home/airflow/.local/lib/python3.12/site-packages/airflow/example_dags/example_short_circuit_decorator.py for tasks to queue
[2026-01-27T23:45:34.542+0000] {logging_mixin.py:188} INFO - [2026-01-27T23:45:34.542+0000] {dagbag.py:540} INFO - Filling up the DagBag from /home/airflow/.local/lib/python3.12/site-packages/airflow/example_dags/example_short_circuit_decorator.py
[2026-01-27T23:45:34.551+0000] {processor.py:840} INFO - DAG(s) 'example_short_circuit_decorator' retrieved from /home/airflow/.local/lib/python3.12/site-packages/airflow/example_dags/example_short_circuit_decorator.py
[2026-01-27T23:45:34.574+0000] {logging_mixin.py:188} INFO - [2026-01-27T23:45:34.573+0000] {dag.py:3096} INFO - Sync 1 DAGs
[2026-01-27T23:45:34.598+0000] {logging_mixin.py:188} INFO - [2026-01-27T23:45:34.597+0000] {dag.py:3954} INFO - Setting next_dagrun for example_short_circuit_decorator to 2026-01-26 00:00:00+00:00, run_after=2026-01-27 00:00:00+00:00
[2026-01-27T23:45:34.623+0000] {processor.py:183} INFO - Processing /home/airflow/.local/lib/python3.12/site-packages/airflow/example_dags/example_short_circuit_decorator.py took 0.090 seconds
[2026-01-27T23:46:05.345+0000] {processor.py:161} INFO - Started process (PID=1076) to work on /home/airflow/.local/lib/python3.12/site-packages/airflow/example_dags/example_short_circuit_decorator.py
[2026-01-27T23:46:05.346+0000] {processor.py:830} INFO - Processing file /home/airflow/.local/lib/python3.12/site-packages/airflow/example_dags/example_short_circuit_decorator.py for tasks to queue
[2026-01-27T23:46:05.348+0000] {logging_mixin.py:188} INFO - [2026-01-27T23:46:05.348+0000] {dagbag.py:540} INFO - Filling up the DagBag from /home/airflow/.local/lib/python3.12/site-packages/airflow/example_dags/example_short_circuit_decorator.py
[2026-01-27T23:46:05.358+0000] {processor.py:840} INFO - DAG(s) 'example_short_circuit_decorator' retrieved from /home/airflow/.local/lib/python3.12/site-packages/airflow/example_dags/example_short_circuit_decorator.py
[2026-01-27T23:46:05.381+0000] {logging_mixin.py:188} INFO - [2026-01-27T23:46:05.380+0000] {dag.py:3096} INFO - Sync 1 DAGs
[2026-01-27T23:46:05.402+0000] {logging_mixin.py:188} INFO - [2026-01-27T23:46:05.402+0000] {dag.py:3954} INFO - Setting next_dagrun for example_short_circuit_decorator to 2026-01-26 00:00:00+00:00, run_after=2026-01-27 00:00:00+00:00
[2026-01-27T23:46:05.582+0000] {processor.py:183} INFO - Processing /home/airflow/.local/lib/python3.12/site-packages/airflow/example_dags/example_short_circuit_decorator.py took 0.242 seconds
[2026-01-27T23:46:35.889+0000] {processor.py:161} INFO - Started process (PID=1128) to work on /home/airflow/.local/lib/python3.12/site-packages/airflow/example_dags/example_short_circuit_decorator.py
[2026-01-27T23:46:35.890+0000] {processor.py:830} INFO - Processing file /home/airflow/.local/lib/python3.12/site-packages/airflow/example_dags/example_short_circuit_decorator.py for tasks to queue
[2026-01-27T23:46:35.892+0000] {logging_mixin.py:188} INFO - [2026-01-27T23:46:35.891+0000] {dagbag.py:540} INFO - Filling up the DagBag from /home/airflow/.local/lib/python3.12/site-packages/airflow/example_dags/example_short_circuit_decorator.py
[2026-01-27T23:46:35.900+0000] {processor.py:840} INFO - DAG(s) 'example_short_circuit_decorator' retrieved from /home/airflow/.local/lib/python3.12/site-packages/airflow/example_dags/example_short_circuit_decorator.py
[2026-01-27T23:46:35.922+0000] {logging_mixin.py:188} INFO - [2026-01-27T23:46:35.921+0000] {dag.py:3096} INFO - Sync 1 DAGs
[2026-01-27T23:46:35.941+0000] {logging_mixin.py:188} INFO - [2026-01-27T23:46:35.941+0000] {dag.py:3954} INFO - Setting next_dagrun for example_short_circuit_decorator to 2026-01-26 00:00:00+00:00, run_after=2026-01-27 00:00:00+00:00
[2026-01-27T23:46:35.974+0000] {processor.py:183} INFO - Processing /home/airflow/.local/lib/python3.12/site-packages/airflow/example_dags/example_short_circuit_decorator.py took 0.091 seconds
[2026-01-27T23:47:06.152+0000] {processor.py:161} INFO - Started process (PID=1178) to work on /home/airflow/.local/lib/python3.12/site-packages/airflow/example_dags/example_short_circuit_decorator.py
[2026-01-27T23:47:06.153+0000] {processor.py:830} INFO - Processing file /home/airflow/.local/lib/python3.12/site-packages/airflow/example_dags/example_short_circuit_decorator.py for tasks to queue
[2026-01-27T23:47:06.156+0000] {logging_mixin.py:188} INFO - [2026-01-27T23:47:06.155+0000] {dagbag.py:540} INFO - Filling up the DagBag from /home/airflow/.local/lib/python3.12/site-packages/airflow/example_dags/example_short_circuit_decorator.py
[2026-01-27T23:47:06.167+0000] {processor.py:840} INFO - DAG(s) 'example_short_circuit_decorator' retrieved from /home/airflow/.local/lib/python3.12/site-packages/airflow/example_dags/example_short_circuit_decorator.py
[2026-01-27T23:47:06.193+0000] {logging_mixin.py:188} INFO - [2026-01-27T23:47:06.193+0000] {dag.py:3096} INFO - Sync 1 DAGs
[2026-01-27T23:47:06.220+0000] {logging_mixin.py:188} INFO - [2026-01-27T23:47:06.220+0000] {dag.py:3954} INFO - Setting next_dagrun for example_short_circuit_decorator to 2026-01-26 00:00:00+00:00, run_after=2026-01-27 00:00:00+00:00
[2026-01-27T23:47:06.246+0000] {processor.py:183} INFO - Processing /home/airflow/.local/lib/python3.12/site-packages/airflow/example_dags/example_short_circuit_decorator.py took 0.101 seconds
[2026-01-27T23:47:36.621+0000] {processor.py:161} INFO - Started process (PID=1230) to work on /home/airflow/.local/lib/python3.12/site-packages/airflow/example_dags/example_short_circuit_decorator.py
[2026-01-27T23:47:36.622+0000] {processor.py:830} INFO - Processing file /home/airflow/.local/lib/python3.12/site-packages/airflow/example_dags/example_short_circuit_decorator.py for tasks to queue
[2026-01-27T23:47:36.624+0000] {logging_mixin.py:188} INFO - [2026-01-27T23:47:36.623+0000] {dagbag.py:540} INFO - Filling up the DagBag from /home/airflow/.local/lib/python3.12/site-packages/airflow/example_dags/example_short_circuit_decorator.py
[2026-01-27T23:47:36.632+0000] {processor.py:840} INFO - DAG(s) 'example_short_circuit_decorator' retrieved from /home/airflow/.local/lib/python3.12/site-packages/airflow/example_dags/example_short_circuit_decorator.py
[2026-01-27T23:47:36.782+0000] {logging_mixin.py:188} INFO - [2026-01-27T23:47:36.782+0000] {dag.py:3096} INFO - Sync 1 DAGs
[2026-01-27T23:47:36.800+0000] {logging_mixin.py:188} INFO - [2026-01-27T23:47:36.800+0000] {dag.py:3954} INFO - Setting next_dagrun for example_short_circuit_decorator to 2026-01-26 00:00:00+00:00, run_after=2026-01-27 00:00:00+00:00
[2026-01-27T23:47:36.822+0000] {processor.py:183} INFO - Processing /home/airflow/.local/lib/python3.12/site-packages/airflow/example_dags/example_short_circuit_decorator.py took 0.207 seconds
[2026-01-27T23:48:07.047+0000] {processor.py:161} INFO - Started process (PID=1282) to work on /home/airflow/.local/lib/python3.12/site-packages/airflow/example_dags/example_short_circuit_decorator.py
[2026-01-27T23:48:07.048+0000] {processor.py:830} INFO - Processing file /home/airflow/.local/lib/python3.12/site-packages/airflow/example_dags/example_short_circuit_decorator.py for tasks to queue
[2026-01-27T23:48:07.050+0000] {logging_mixin.py:188} INFO - [2026-01-27T23:48:07.050+0000] {dagbag.py:540} INFO - Filling up the DagBag from /home/airflow/.local/lib/python3.12/site-packages/airflow/example_dags/example_short_circuit_decorator.py
[2026-01-27T23:48:07.058+0000] {processor.py:840} INFO - DAG(s) 'example_short_circuit_decorator' retrieved from /home/airflow/.local/lib/python3.12/site-packages/airflow/example_dags/example_short_circuit_decorator.py
[2026-01-27T23:48:07.080+0000] {logging_mixin.py:188} INFO - [2026-01-27T23:48:07.080+0000] {dag.py:3096} INFO - Sync 1 DAGs
[2026-01-27T23:48:07.099+0000] {logging_mixin.py:188} INFO - [2026-01-27T23:48:07.098+0000] {dag.py:3954} INFO - Setting next_dagrun for example_short_circuit_decorator to 2026-01-26 00:00:00+00:00, run_after=2026-01-27 00:00:00+00:00
[2026-01-27T23:48:07.119+0000] {processor.py:183} INFO - Processing /home/airflow/.local/lib/python3.12/site-packages/airflow/example_dags/example_short_circuit_decorator.py took 0.077 seconds
[2026-01-27T23:48:37.270+0000] {processor.py:161} INFO - Started process (PID=1334) to work on /home/airflow/.local/lib/python3.12/site-packages/airflow/example_dags/example_short_circuit_decorator.py
[2026-01-27T23:48:37.271+0000] {processor.py:830} INFO - Processing file /home/airflow/.local/lib/python3.12/site-packages/airflow/example_dags/example_short_circuit_decorator.py for tasks to queue
[2026-01-27T23:48:37.273+0000] {logging_mixin.py:188} INFO - [2026-01-27T23:48:37.272+0000] {dagbag.py:540} INFO - Filling up the DagBag from /home/airflow/.local/lib/python3.12/site-packages/airflow/example_dags/example_short_circuit_decorator.py
[2026-01-27T23:48:37.283+0000] {processor.py:840} INFO - DAG(s) 'example_short_circuit_decorator' retrieved from /home/airflow/.local/lib/python3.12/site-packages/airflow/example_dags/example_short_circuit_decorator.py
[2026-01-27T23:48:37.305+0000] {logging_mixin.py:188} INFO - [2026-01-27T23:48:37.305+0000] {dag.py:3096} INFO - Sync 1 DAGs
[2026-01-27T23:48:37.325+0000] {logging_mixin.py:188} INFO - [2026-01-27T23:48:37.325+0000] {dag.py:3954} INFO - Setting next_dagrun for example_short_circuit_decorator to 2026-01-26 00:00:00+00:00, run_after=2026-01-27 00:00:00+00:00
[2026-01-27T23:48:37.355+0000] {processor.py:183} INFO - Processing /home/airflow/.local/lib/python3.12/site-packages/airflow/example_dags/example_short_circuit_decorator.py took 0.091 seconds
[2026-01-27T23:49:07.411+0000] {processor.py:161} INFO - Started process (PID=1386) to work on /home/airflow/.local/lib/python3.12/site-packages/airflow/example_dags/example_short_circuit_decorator.py
[2026-01-27T23:49:07.412+0000] {processor.py:830} INFO - Processing file /home/airflow/.local/lib/python3.12/site-packages/airflow/example_dags/example_short_circuit_decorator.py for tasks to queue
[2026-01-27T23:49:07.414+0000] {logging_mixin.py:188} INFO - [2026-01-27T23:49:07.414+0000] {dagbag.py:540} INFO - Filling up the DagBag from /home/airflow/.local/lib/python3.12/site-packages/airflow/example_dags/example_short_circuit_decorator.py
[2026-01-27T23:49:07.422+0000] {processor.py:840} INFO - DAG(s) 'example_short_circuit_decorator' retrieved from /home/airflow/.local/lib/python3.12/site-packages/airflow/example_dags/example_short_circuit_decorator.py
[2026-01-27T23:49:07.446+0000] {logging_mixin.py:188} INFO - [2026-01-27T23:49:07.445+0000] {dag.py:3096} INFO - Sync 1 DAGs
[2026-01-27T23:49:07.465+0000] {logging_mixin.py:188} INFO - [2026-01-27T23:49:07.465+0000] {dag.py:3954} INFO - Setting next_dagrun for example_short_circuit_decorator to 2026-01-26 00:00:00+00:00, run_after=2026-01-27 00:00:00+00:00
[2026-01-27T23:49:07.486+0000] {processor.py:183} INFO - Processing /home/airflow/.local/lib/python3.12/site-packages/airflow/example_dags/example_short_circuit_decorator.py took 0.081 seconds
[2026-01-27T23:49:37.662+0000] {processor.py:161} INFO - Started process (PID=1438) to work on /home/airflow/.local/lib/python3.12/site-packages/airflow/example_dags/example_short_circuit_decorator.py
[2026-01-27T23:49:37.664+0000] {processor.py:830} INFO - Processing file /home/airflow/.local/lib/python3.12/site-packages/airflow/example_dags/example_short_circuit_decorator.py for tasks to queue
[2026-01-27T23:49:37.665+0000] {logging_mixin.py:188} INFO - [2026-01-27T23:49:37.665+0000] {dagbag.py:540} INFO - Filling up the DagBag from /home/airflow/.local/lib/python3.12/site-packages/airflow/example_dags/example_short_circuit_decorator.py
[2026-01-27T23:49:37.674+0000] {processor.py:840} INFO - DAG(s) 'example_short_circuit_decorator' retrieved from /home/airflow/.local/lib/python3.12/site-packages/airflow/example_dags/example_short_circuit_decorator.py
[2026-01-27T23:49:37.696+0000] {logging_mixin.py:188} INFO - [2026-01-27T23:49:37.696+0000] {dag.py:3096} INFO - Sync 1 DAGs
[2026-01-27T23:49:37.717+0000] {logging_mixin.py:188} INFO - [2026-01-27T23:49:37.717+0000] {dag.py:3954} INFO - Setting next_dagrun for example_short_circuit_decorator to 2026-01-26 00:00:00+00:00, run_after=2026-01-27 00:00:00+00:00
[2026-01-27T23:49:37.737+0000] {processor.py:183} INFO - Processing /home/airflow/.local/lib/python3.12/site-packages/airflow/example_dags/example_short_circuit_decorator.py took 0.080 seconds
[2026-01-27T23:50:08.058+0000] {processor.py:161} INFO - Started process (PID=1490) to work on /home/airflow/.local/lib/python3.12/site-packages/airflow/example_dags/example_short_circuit_decorator.py
[2026-01-27T23:50:08.059+0000] {processor.py:830} INFO - Processing file /home/airflow/.local/lib/python3.12/site-packages/airflow/example_dags/example_short_circuit_decorator.py for tasks to queue
[2026-01-27T23:50:08.062+0000] {logging_mixin.py:188} INFO - [2026-01-27T23:50:08.061+0000] {dagbag.py:540} INFO - Filling up the DagBag from /home/airflow/.local/lib/python3.12/site-packages/airflow/example_dags/example_short_circuit_decorator.py
[2026-01-27T23:50:08.071+0000] {processor.py:840} INFO - DAG(s) 'example_short_circuit_decorator' retrieved from /home/airflow/.local/lib/python3.12/site-packages/airflow/example_dags/example_short_circuit_decorator.py
[2026-01-27T23:50:08.101+0000] {logging_mixin.py:188} INFO - [2026-01-27T23:50:08.101+0000] {dag.py:3096} INFO - Sync 1 DAGs
[2026-01-27T23:50:08.125+0000] {logging_mixin.py:188} INFO - [2026-01-27T23:50:08.124+0000] {dag.py:3954} INFO - Setting next_dagrun for example_short_circuit_decorator to 2026-01-26 00:00:00+00:00, run_after=2026-01-27 00:00:00+00:00
[2026-01-27T23:50:08.146+0000] {processor.py:183} INFO - Processing /home/airflow/.local/lib/python3.12/site-packages/airflow/example_dags/example_short_circuit_decorator.py took 0.096 seconds
[2026-01-27T23:50:38.321+0000] {processor.py:161} INFO - Started process (PID=1542) to work on /home/airflow/.local/lib/python3.12/site-packages/airflow/example_dags/example_short_circuit_decorator.py
[2026-01-27T23:50:38.323+0000] {processor.py:830} INFO - Processing file /home/airflow/.local/lib/python3.12/site-packages/airflow/example_dags/example_short_circuit_decorator.py for tasks to queue
[2026-01-27T23:50:38.325+0000] {logging_mixin.py:188} INFO - [2026-01-27T23:50:38.325+0000] {dagbag.py:540} INFO - Filling up the DagBag from /home/airflow/.local/lib/python3.12/site-packages/airflow/example_dags/example_short_circuit_decorator.py
[2026-01-27T23:50:38.333+0000] {processor.py:840} INFO - DAG(s) 'example_short_circuit_decorator' retrieved from /home/airflow/.local/lib/python3.12/site-packages/airflow/example_dags/example_short_circuit_decorator.py
[2026-01-27T23:50:38.353+0000] {logging_mixin.py:188} INFO - [2026-01-27T23:50:38.353+0000] {dag.py:3096} INFO - Sync 1 DAGs
[2026-01-27T23:50:38.371+0000] {logging_mixin.py:188} INFO - [2026-01-27T23:50:38.371+0000] {dag.py:3954} INFO - Setting next_dagrun for example_short_circuit_decorator to 2026-01-26 00:00:00+00:00, run_after=2026-01-27 00:00:00+00:00
[2026-01-27T23:50:38.391+0000] {processor.py:183} INFO - Processing /home/airflow/.local/lib/python3.12/site-packages/airflow/example_dags/example_short_circuit_decorator.py took 0.076 seconds
[2026-01-27T23:51:08.772+0000] {processor.py:161} INFO - Started process (PID=1594) to work on /home/airflow/.local/lib/python3.12/site-packages/airflow/example_dags/example_short_circuit_decorator.py
[2026-01-27T23:51:08.774+0000] {processor.py:830} INFO - Processing file /home/airflow/.local/lib/python3.12/site-packages/airflow/example_dags/example_short_circuit_decorator.py for tasks to queue
[2026-01-27T23:51:08.776+0000] {logging_mixin.py:188} INFO - [2026-01-27T23:51:08.776+0000] {dagbag.py:540} INFO - Filling up the DagBag from /home/airflow/.local/lib/python3.12/site-packages/airflow/example_dags/example_short_circuit_decorator.py
[2026-01-27T23:51:08.787+0000] {processor.py:840} INFO - DAG(s) 'example_short_circuit_decorator' retrieved from /home/airflow/.local/lib/python3.12/site-packages/airflow/example_dags/example_short_circuit_decorator.py
[2026-01-27T23:51:08.825+0000] {logging_mixin.py:188} INFO - [2026-01-27T23:51:08.825+0000] {dag.py:3096} INFO - Sync 1 DAGs
[2026-01-27T23:51:08.856+0000] {logging_mixin.py:188} INFO - [2026-01-27T23:51:08.855+0000] {dag.py:3954} INFO - Setting next_dagrun for example_short_circuit_decorator to 2026-01-26 00:00:00+00:00, run_after=2026-01-27 00:00:00+00:00
[2026-01-27T23:51:08.887+0000] {processor.py:183} INFO - Processing /home/airflow/.local/lib/python3.12/site-packages/airflow/example_dags/example_short_circuit_decorator.py took 0.121 seconds
[2026-01-27T23:51:39.258+0000] {processor.py:161} INFO - Started process (PID=1646) to work on /home/airflow/.local/lib/python3.12/site-packages/airflow/example_dags/example_short_circuit_decorator.py
[2026-01-27T23:51:39.259+0000] {processor.py:830} INFO - Processing file /home/airflow/.local/lib/python3.12/site-packages/airflow/example_dags/example_short_circuit_decorator.py for tasks to queue
[2026-01-27T23:51:39.261+0000] {logging_mixin.py:188} INFO - [2026-01-27T23:51:39.260+0000] {dagbag.py:540} INFO - Filling up the DagBag from /home/airflow/.local/lib/python3.12/site-packages/airflow/example_dags/example_short_circuit_decorator.py
[2026-01-27T23:51:39.270+0000] {processor.py:840} INFO - DAG(s) 'example_short_circuit_decorator' retrieved from /home/airflow/.local/lib/python3.12/site-packages/airflow/example_dags/example_short_circuit_decorator.py
[2026-01-27T23:51:39.291+0000] {logging_mixin.py:188} INFO - [2026-01-27T23:51:39.291+0000] {dag.py:3096} INFO - Sync 1 DAGs
[2026-01-27T23:51:39.314+0000] {logging_mixin.py:188} INFO - [2026-01-27T23:51:39.314+0000] {dag.py:3954} INFO - Setting next_dagrun for example_short_circuit_decorator to 2026-01-26 00:00:00+00:00, run_after=2026-01-27 00:00:00+00:00
[2026-01-27T23:51:39.337+0000] {processor.py:183} INFO - Processing /home/airflow/.local/lib/python3.12/site-packages/airflow/example_dags/example_short_circuit_decorator.py took 0.085 seconds
[2026-01-27T23:52:09.629+0000] {processor.py:161} INFO - Started process (PID=1698) to work on /home/airflow/.local/lib/python3.12/site-packages/airflow/example_dags/example_short_circuit_decorator.py
[2026-01-27T23:52:09.630+0000] {processor.py:830} INFO - Processing file /home/airflow/.local/lib/python3.12/site-packages/airflow/example_dags/example_short_circuit_decorator.py for tasks to queue
[2026-01-27T23:52:09.633+0000] {logging_mixin.py:188} INFO - [2026-01-27T23:52:09.632+0000] {dagbag.py:540} INFO - Filling up the DagBag from /home/airflow/.local/lib/python3.12/site-packages/airflow/example_dags/example_short_circuit_decorator.py
[2026-01-27T23:52:09.642+0000] {processor.py:840} INFO - DAG(s) 'example_short_circuit_decorator' retrieved from /home/airflow/.local/lib/python3.12/site-packages/airflow/example_dags/example_short_circuit_decorator.py
[2026-01-27T23:52:09.665+0000] {logging_mixin.py:188} INFO - [2026-01-27T23:52:09.665+0000] {dag.py:3096} INFO - Sync 1 DAGs
[2026-01-27T23:52:09.689+0000] {logging_mixin.py:188} INFO - [2026-01-27T23:52:09.689+0000] {dag.py:3954} INFO - Setting next_dagrun for example_short_circuit_decorator to 2026-01-26 00:00:00+00:00, run_after=2026-01-27 00:00:00+00:00
[2026-01-27T23:52:09.711+0000] {processor.py:183} INFO - Processing /home/airflow/.local/lib/python3.12/site-packages/airflow/example_dags/example_short_circuit_decorator.py took 0.088 seconds
[2026-01-27T23:52:39.794+0000] {processor.py:161} INFO - Started process (PID=1750) to work on /home/airflow/.local/lib/python3.12/site-packages/airflow/example_dags/example_short_circuit_decorator.py
[2026-01-27T23:52:39.795+0000] {processor.py:830} INFO - Processing file /home/airflow/.local/lib/python3.12/site-packages/airflow/example_dags/example_short_circuit_decorator.py for tasks to queue
[2026-01-27T23:52:39.797+0000] {logging_mixin.py:188} INFO - [2026-01-27T23:52:39.796+0000] {dagbag.py:540} INFO - Filling up the DagBag from /home/airflow/.local/lib/python3.12/site-packages/airflow/example_dags/example_short_circuit_decorator.py
[2026-01-27T23:52:39.805+0000] {processor.py:840} INFO - DAG(s) 'example_short_circuit_decorator' retrieved from /home/airflow/.local/lib/python3.12/site-packages/airflow/example_dags/example_short_circuit_decorator.py
[2026-01-27T23:52:39.826+0000] {logging_mixin.py:188} INFO - [2026-01-27T23:52:39.826+0000] {dag.py:3096} INFO - Sync 1 DAGs
[2026-01-27T23:52:39.845+0000] {logging_mixin.py:188} INFO - [2026-01-27T23:52:39.845+0000] {dag.py:3954} INFO - Setting next_dagrun for example_short_circuit_decorator to 2026-01-26 00:00:00+00:00, run_after=2026-01-27 00:00:00+00:00
[2026-01-27T23:52:39.867+0000] {processor.py:183} INFO - Processing /home/airflow/.local/lib/python3.12/site-packages/airflow/example_dags/example_short_circuit_decorator.py took 0.079 seconds
[2026-01-27T23:53:10.092+0000] {processor.py:161} INFO - Started process (PID=1802) to work on /home/airflow/.local/lib/python3.12/site-packages/airflow/example_dags/example_short_circuit_decorator.py
[2026-01-27T23:53:10.093+0000] {processor.py:830} INFO - Processing file /home/airflow/.local/lib/python3.12/site-packages/airflow/example_dags/example_short_circuit_decorator.py for tasks to queue
[2026-01-27T23:53:10.095+0000] {logging_mixin.py:188} INFO - [2026-01-27T23:53:10.094+0000] {dagbag.py:540} INFO - Filling up the DagBag from /home/airflow/.local/lib/python3.12/site-packages/airflow/example_dags/example_short_circuit_decorator.py
[2026-01-27T23:53:10.103+0000] {processor.py:840} INFO - DAG(s) 'example_short_circuit_decorator' retrieved from /home/airflow/.local/lib/python3.12/site-packages/airflow/example_dags/example_short_circuit_decorator.py
[2026-01-27T23:53:10.123+0000] {logging_mixin.py:188} INFO - [2026-01-27T23:53:10.123+0000] {dag.py:3096} INFO - Sync 1 DAGs
[2026-01-27T23:53:10.146+0000] {logging_mixin.py:188} INFO - [2026-01-27T23:53:10.146+0000] {dag.py:3954} INFO - Setting next_dagrun for example_short_circuit_decorator to 2026-01-26 00:00:00+00:00, run_after=2026-01-27 00:00:00+00:00
[2026-01-27T23:53:10.167+0000] {processor.py:183} INFO - Processing /home/airflow/.local/lib/python3.12/site-packages/airflow/example_dags/example_short_circuit_decorator.py took 0.081 seconds
[2026-01-27T23:53:40.378+0000] {processor.py:161} INFO - Started process (PID=1854) to work on /home/airflow/.local/lib/python3.12/site-packages/airflow/example_dags/example_short_circuit_decorator.py
[2026-01-27T23:53:40.379+0000] {processor.py:830} INFO - Processing file /home/airflow/.local/lib/python3.12/site-packages/airflow/example_dags/example_short_circuit_decorator.py for tasks to queue
[2026-01-27T23:53:40.381+0000] {logging_mixin.py:188} INFO - [2026-01-27T23:53:40.381+0000] {dagbag.py:540} INFO - Filling up the DagBag from /home/airflow/.local/lib/python3.12/site-packages/airflow/example_dags/example_short_circuit_decorator.py
[2026-01-27T23:53:40.389+0000] {processor.py:840} INFO - DAG(s) 'example_short_circuit_decorator' retrieved from /home/airflow/.local/lib/python3.12/site-packages/airflow/example_dags/example_short_circuit_decorator.py
[2026-01-27T23:53:40.412+0000] {logging_mixin.py:188} INFO - [2026-01-27T23:53:40.411+0000] {dag.py:3096} INFO - Sync 1 DAGs
[2026-01-27T23:53:40.432+0000] {logging_mixin.py:188} INFO - [2026-01-27T23:53:40.432+0000] {dag.py:3954} INFO - Setting next_dagrun for example_short_circuit_decorator to 2026-01-26 00:00:00+00:00, run_after=2026-01-27 00:00:00+00:00
[2026-01-27T23:53:40.452+0000] {processor.py:183} INFO - Processing /home/airflow/.local/lib/python3.12/site-packages/airflow/example_dags/example_short_circuit_decorator.py took 0.079 seconds
[2026-01-27T23:54:10.882+0000] {processor.py:161} INFO - Started process (PID=1906) to work on /home/airflow/.local/lib/python3.12/site-packages/airflow/example_dags/example_short_circuit_decorator.py
[2026-01-27T23:54:10.885+0000] {processor.py:830} INFO - Processing file /home/airflow/.local/lib/python3.12/site-packages/airflow/example_dags/example_short_circuit_decorator.py for tasks to queue
[2026-01-27T23:54:10.887+0000] {logging_mixin.py:188} INFO - [2026-01-27T23:54:10.887+0000] {dagbag.py:540} INFO - Filling up the DagBag from /home/airflow/.local/lib/python3.12/site-packages/airflow/example_dags/example_short_circuit_decorator.py
[2026-01-27T23:54:10.895+0000] {processor.py:840} INFO - DAG(s) 'example_short_circuit_decorator' retrieved from /home/airflow/.local/lib/python3.12/site-packages/airflow/example_dags/example_short_circuit_decorator.py
[2026-01-27T23:54:10.921+0000] {logging_mixin.py:188} INFO - [2026-01-27T23:54:10.921+0000] {dag.py:3096} INFO - Sync 1 DAGs
[2026-01-27T23:54:10.946+0000] {logging_mixin.py:188} INFO - [2026-01-27T23:54:10.946+0000] {dag.py:3954} INFO - Setting next_dagrun for example_short_circuit_decorator to 2026-01-26 00:00:00+00:00, run_after=2026-01-27 00:00:00+00:00
[2026-01-27T23:54:10.969+0000] {processor.py:183} INFO - Processing /home/airflow/.local/lib/python3.12/site-packages/airflow/example_dags/example_short_circuit_decorator.py took 0.094 seconds
[2026-01-27T23:54:41.906+0000] {processor.py:161} INFO - Started process (PID=1958) to work on /home/airflow/.local/lib/python3.12/site-packages/airflow/example_dags/example_short_circuit_decorator.py
[2026-01-27T23:54:41.907+0000] {processor.py:830} INFO - Processing file /home/airflow/.local/lib/python3.12/site-packages/airflow/example_dags/example_short_circuit_decorator.py for tasks to queue
[2026-01-27T23:54:41.909+0000] {logging_mixin.py:188} INFO - [2026-01-27T23:54:41.909+0000] {dagbag.py:540} INFO - Filling up the DagBag from /home/airflow/.local/lib/python3.12/site-packages/airflow/example_dags/example_short_circuit_decorator.py
[2026-01-27T23:54:41.919+0000] {processor.py:840} INFO - DAG(s) 'example_short_circuit_decorator' retrieved from /home/airflow/.local/lib/python3.12/site-packages/airflow/example_dags/example_short_circuit_decorator.py
[2026-01-27T23:54:41.942+0000] {logging_mixin.py:188} INFO - [2026-01-27T23:54:41.942+0000] {dag.py:3096} INFO - Sync 1 DAGs
[2026-01-27T23:54:41.965+0000] {logging_mixin.py:188} INFO - [2026-01-27T23:54:41.964+0000] {dag.py:3954} INFO - Setting next_dagrun for example_short_circuit_decorator to 2026-01-26 00:00:00+00:00, run_after=2026-01-27 00:00:00+00:00
[2026-01-27T23:54:41.987+0000] {processor.py:183} INFO - Processing /home/airflow/.local/lib/python3.12/site-packages/airflow/example_dags/example_short_circuit_decorator.py took 0.086 seconds
[2026-01-27T23:55:12.728+0000] {processor.py:161} INFO - Started process (PID=2010) to work on /home/airflow/.local/lib/python3.12/site-packages/airflow/example_dags/example_short_circuit_decorator.py
[2026-01-27T23:55:12.729+0000] {processor.py:830} INFO - Processing file /home/airflow/.local/lib/python3.12/site-packages/airflow/example_dags/example_short_circuit_decorator.py for tasks to queue
[2026-01-27T23:55:12.731+0000] {logging_mixin.py:188} INFO - [2026-01-27T23:55:12.731+0000] {dagbag.py:540} INFO - Filling up the DagBag from /home/airflow/.local/lib/python3.12/site-packages/airflow/example_dags/example_short_circuit_decorator.py
[2026-01-27T23:55:12.739+0000] {processor.py:840} INFO - DAG(s) 'example_short_circuit_decorator' retrieved from /home/airflow/.local/lib/python3.12/site-packages/airflow/example_dags/example_short_circuit_decorator.py
[2026-01-27T23:55:12.760+0000] {logging_mixin.py:188} INFO - [2026-01-27T23:55:12.759+0000] {dag.py:3096} INFO - Sync 1 DAGs
[2026-01-27T23:55:12.778+0000] {logging_mixin.py:188} INFO - [2026-01-27T23:55:12.778+0000] {dag.py:3954} INFO - Setting next_dagrun for example_short_circuit_decorator to 2026-01-26 00:00:00+00:00, run_after=2026-01-27 00:00:00+00:00
[2026-01-27T23:55:12.809+0000] {processor.py:183} INFO - Processing /home/airflow/.local/lib/python3.12/site-packages/airflow/example_dags/example_short_circuit_decorator.py took 0.087 seconds
[2026-01-27T23:55:43.674+0000] {processor.py:161} INFO - Started process (PID=2062) to work on /home/airflow/.local/lib/python3.12/site-packages/airflow/example_dags/example_short_circuit_decorator.py
[2026-01-27T23:55:43.676+0000] {processor.py:830} INFO - Processing file /home/airflow/.local/lib/python3.12/site-packages/airflow/example_dags/example_short_circuit_decorator.py for tasks to queue
[2026-01-27T23:55:43.678+0000] {logging_mixin.py:188} INFO - [2026-01-27T23:55:43.678+0000] {dagbag.py:540} INFO - Filling up the DagBag from /home/airflow/.local/lib/python3.12/site-packages/airflow/example_dags/example_short_circuit_decorator.py
[2026-01-27T23:55:43.686+0000] {processor.py:840} INFO - DAG(s) 'example_short_circuit_decorator' retrieved from /home/airflow/.local/lib/python3.12/site-packages/airflow/example_dags/example_short_circuit_decorator.py
[2026-01-27T23:55:43.706+0000] {logging_mixin.py:188} INFO - [2026-01-27T23:55:43.706+0000] {dag.py:3096} INFO - Sync 1 DAGs
[2026-01-27T23:55:43.728+0000] {logging_mixin.py:188} INFO - [2026-01-27T23:55:43.728+0000] {dag.py:3954} INFO - Setting next_dagrun for example_short_circuit_decorator to 2026-01-26 00:00:00+00:00, run_after=2026-01-27 00:00:00+00:00
[2026-01-27T23:55:43.749+0000] {processor.py:183} INFO - Processing /home/airflow/.local/lib/python3.12/site-packages/airflow/example_dags/example_short_circuit_decorator.py took 0.081 seconds
[2026-01-27T23:56:14.027+0000] {processor.py:161} INFO - Started process (PID=2114) to work on /home/airflow/.local/lib/python3.12/site-packages/airflow/example_dags/example_short_circuit_decorator.py
[2026-01-27T23:56:14.028+0000] {processor.py:830} INFO - Processing file /home/airflow/.local/lib/python3.12/site-packages/airflow/example_dags/example_short_circuit_decorator.py for tasks to queue
[2026-01-27T23:56:14.030+0000] {logging_mixin.py:188} INFO - [2026-01-27T23:56:14.030+0000] {dagbag.py:540} INFO - Filling up the DagBag from /home/airflow/.local/lib/python3.12/site-packages/airflow/example_dags/example_short_circuit_decorator.py
[2026-01-27T23:56:14.040+0000] {processor.py:840} INFO - DAG(s) 'example_short_circuit_decorator' retrieved from /home/airflow/.local/lib/python3.12/site-packages/airflow/example_dags/example_short_circuit_decorator.py
[2026-01-27T23:56:14.077+0000] {logging_mixin.py:188} INFO - [2026-01-27T23:56:14.077+0000] {dag.py:3096} INFO - Sync 1 DAGs
[2026-01-27T23:56:14.109+0000] {logging_mixin.py:188} INFO - [2026-01-27T23:56:14.109+0000] {dag.py:3954} INFO - Setting next_dagrun for example_short_circuit_decorator to 2026-01-26 00:00:00+00:00, run_after=2026-01-27 00:00:00+00:00
[2026-01-27T23:56:14.141+0000] {processor.py:183} INFO - Processing /home/airflow/.local/lib/python3.12/site-packages/airflow/example_dags/example_short_circuit_decorator.py took 0.120 seconds
[2026-01-27T23:56:44.286+0000] {processor.py:161} INFO - Started process (PID=2166) to work on /home/airflow/.local/lib/python3.12/site-packages/airflow/example_dags/example_short_circuit_decorator.py
[2026-01-27T23:56:44.288+0000] {processor.py:830} INFO - Processing file /home/airflow/.local/lib/python3.12/site-packages/airflow/example_dags/example_short_circuit_decorator.py for tasks to queue
[2026-01-27T23:56:44.291+0000] {logging_mixin.py:188} INFO - [2026-01-27T23:56:44.290+0000] {dagbag.py:540} INFO - Filling up the DagBag from /home/airflow/.local/lib/python3.12/site-packages/airflow/example_dags/example_short_circuit_decorator.py
[2026-01-27T23:56:44.313+0000] {processor.py:840} INFO - DAG(s) 'example_short_circuit_decorator' retrieved from /home/airflow/.local/lib/python3.12/site-packages/airflow/example_dags/example_short_circuit_decorator.py
[2026-01-27T23:56:44.355+0000] {logging_mixin.py:188} INFO - [2026-01-27T23:56:44.354+0000] {dag.py:3096} INFO - Sync 1 DAGs
[2026-01-27T23:56:44.408+0000] {logging_mixin.py:188} INFO - [2026-01-27T23:56:44.407+0000] {dag.py:3954} INFO - Setting next_dagrun for example_short_circuit_decorator to 2026-01-26 00:00:00+00:00, run_after=2026-01-27 00:00:00+00:00
[2026-01-27T23:56:44.461+0000] {processor.py:183} INFO - Processing /home/airflow/.local/lib/python3.12/site-packages/airflow/example_dags/example_short_circuit_decorator.py took 0.184 seconds
[2026-01-27T23:57:15.155+0000] {processor.py:161} INFO - Started process (PID=2218) to work on /home/airflow/.local/lib/python3.12/site-packages/airflow/example_dags/example_short_circuit_decorator.py
[2026-01-27T23:57:15.156+0000] {processor.py:830} INFO - Processing file /home/airflow/.local/lib/python3.12/site-packages/airflow/example_dags/example_short_circuit_decorator.py for tasks to queue
[2026-01-27T23:57:15.162+0000] {logging_mixin.py:188} INFO - [2026-01-27T23:57:15.161+0000] {dagbag.py:540} INFO - Filling up the DagBag from /home/airflow/.local/lib/python3.12/site-packages/airflow/example_dags/example_short_circuit_decorator.py
[2026-01-27T23:57:15.178+0000] {processor.py:840} INFO - DAG(s) 'example_short_circuit_decorator' retrieved from /home/airflow/.local/lib/python3.12/site-packages/airflow/example_dags/example_short_circuit_decorator.py
[2026-01-27T23:57:15.206+0000] {logging_mixin.py:188} INFO - [2026-01-27T23:57:15.206+0000] {dag.py:3096} INFO - Sync 1 DAGs
[2026-01-27T23:57:15.232+0000] {logging_mixin.py:188} INFO - [2026-01-27T23:57:15.232+0000] {dag.py:3954} INFO - Setting next_dagrun for example_short_circuit_decorator to 2026-01-26 00:00:00+00:00, run_after=2026-01-27 00:00:00+00:00
[2026-01-27T23:57:15.256+0000] {processor.py:183} INFO - Processing /home/airflow/.local/lib/python3.12/site-packages/airflow/example_dags/example_short_circuit_decorator.py took 0.108 seconds
[2026-01-27T23:57:46.138+0000] {processor.py:161} INFO - Started process (PID=2270) to work on /home/airflow/.local/lib/python3.12/site-packages/airflow/example_dags/example_short_circuit_decorator.py
[2026-01-27T23:57:46.139+0000] {processor.py:830} INFO - Processing file /home/airflow/.local/lib/python3.12/site-packages/airflow/example_dags/example_short_circuit_decorator.py for tasks to queue
[2026-01-27T23:57:46.141+0000] {logging_mixin.py:188} INFO - [2026-01-27T23:57:46.141+0000] {dagbag.py:540} INFO - Filling up the DagBag from /home/airflow/.local/lib/python3.12/site-packages/airflow/example_dags/example_short_circuit_decorator.py
[2026-01-27T23:57:46.149+0000] {processor.py:840} INFO - DAG(s) 'example_short_circuit_decorator' retrieved from /home/airflow/.local/lib/python3.12/site-packages/airflow/example_dags/example_short_circuit_decorator.py
[2026-01-27T23:57:46.171+0000] {logging_mixin.py:188} INFO - [2026-01-27T23:57:46.171+0000] {dag.py:3096} INFO - Sync 1 DAGs
[2026-01-27T23:57:46.190+0000] {logging_mixin.py:188} INFO - [2026-01-27T23:57:46.190+0000] {dag.py:3954} INFO - Setting next_dagrun for example_short_circuit_decorator to 2026-01-26 00:00:00+00:00, run_after=2026-01-27 00:00:00+00:00
[2026-01-27T23:57:46.208+0000] {processor.py:183} INFO - Processing /home/airflow/.local/lib/python3.12/site-packages/airflow/example_dags/example_short_circuit_decorator.py took 0.076 seconds
[2026-01-27T23:58:16.290+0000] {processor.py:161} INFO - Started process (PID=2322) to work on /home/airflow/.local/lib/python3.12/site-packages/airflow/example_dags/example_short_circuit_decorator.py
[2026-01-27T23:58:16.292+0000] {processor.py:830} INFO - Processing file /home/airflow/.local/lib/python3.12/site-packages/airflow/example_dags/example_short_circuit_decorator.py for tasks to queue
[2026-01-27T23:58:16.294+0000] {logging_mixin.py:188} INFO - [2026-01-27T23:58:16.294+0000] {dagbag.py:540} INFO - Filling up the DagBag from /home/airflow/.local/lib/python3.12/site-packages/airflow/example_dags/example_short_circuit_decorator.py
[2026-01-27T23:58:16.306+0000] {processor.py:840} INFO - DAG(s) 'example_short_circuit_decorator' retrieved from /home/airflow/.local/lib/python3.12/site-packages/airflow/example_dags/example_short_circuit_decorator.py
[2026-01-27T23:58:16.334+0000] {logging_mixin.py:188} INFO - [2026-01-27T23:58:16.333+0000] {dag.py:3096} INFO - Sync 1 DAGs
[2026-01-27T23:58:16.354+0000] {logging_mixin.py:188} INFO - [2026-01-27T23:58:16.354+0000] {dag.py:3954} INFO - Setting next_dagrun for example_short_circuit_decorator to 2026-01-26 00:00:00+00:00, run_after=2026-01-27 00:00:00+00:00
[2026-01-27T23:58:16.376+0000] {processor.py:183} INFO - Processing /home/airflow/.local/lib/python3.12/site-packages/airflow/example_dags/example_short_circuit_decorator.py took 0.092 seconds
[2026-01-27T23:58:47.162+0000] {processor.py:161} INFO - Started process (PID=2374) to work on /home/airflow/.local/lib/python3.12/site-packages/airflow/example_dags/example_short_circuit_decorator.py
[2026-01-27T23:58:47.163+0000] {processor.py:830} INFO - Processing file /home/airflow/.local/lib/python3.12/site-packages/airflow/example_dags/example_short_circuit_decorator.py for tasks to queue
[2026-01-27T23:58:47.165+0000] {logging_mixin.py:188} INFO - [2026-01-27T23:58:47.165+0000] {dagbag.py:540} INFO - Filling up the DagBag from /home/airflow/.local/lib/python3.12/site-packages/airflow/example_dags/example_short_circuit_decorator.py
[2026-01-27T23:58:47.174+0000] {processor.py:840} INFO - DAG(s) 'example_short_circuit_decorator' retrieved from /home/airflow/.local/lib/python3.12/site-packages/airflow/example_dags/example_short_circuit_decorator.py
[2026-01-27T23:58:47.196+0000] {logging_mixin.py:188} INFO - [2026-01-27T23:58:47.196+0000] {dag.py:3096} INFO - Sync 1 DAGs
[2026-01-27T23:58:47.221+0000] {logging_mixin.py:188} INFO - [2026-01-27T23:58:47.221+0000] {dag.py:3954} INFO - Setting next_dagrun for example_short_circuit_decorator to 2026-01-26 00:00:00+00:00, run_after=2026-01-27 00:00:00+00:00
[2026-01-27T23:58:47.250+0000] {processor.py:183} INFO - Processing /home/airflow/.local/lib/python3.12/site-packages/airflow/example_dags/example_short_circuit_decorator.py took 0.094 seconds
[2026-01-27T23:59:17.766+0000] {processor.py:161} INFO - Started process (PID=2426) to work on /home/airflow/.local/lib/python3.12/site-packages/airflow/example_dags/example_short_circuit_decorator.py
[2026-01-27T23:59:17.767+0000] {processor.py:830} INFO - Processing file /home/airflow/.local/lib/python3.12/site-packages/airflow/example_dags/example_short_circuit_decorator.py for tasks to queue
[2026-01-27T23:59:17.769+0000] {logging_mixin.py:188} INFO - [2026-01-27T23:59:17.769+0000] {dagbag.py:540} INFO - Filling up the DagBag from /home/airflow/.local/lib/python3.12/site-packages/airflow/example_dags/example_short_circuit_decorator.py
[2026-01-27T23:59:17.779+0000] {processor.py:840} INFO - DAG(s) 'example_short_circuit_decorator' retrieved from /home/airflow/.local/lib/python3.12/site-packages/airflow/example_dags/example_short_circuit_decorator.py
[2026-01-27T23:59:17.800+0000] {logging_mixin.py:188} INFO - [2026-01-27T23:59:17.800+0000] {dag.py:3096} INFO - Sync 1 DAGs
[2026-01-27T23:59:17.820+0000] {logging_mixin.py:188} INFO - [2026-01-27T23:59:17.820+0000] {dag.py:3954} INFO - Setting next_dagrun for example_short_circuit_decorator to 2026-01-26 00:00:00+00:00, run_after=2026-01-27 00:00:00+00:00
[2026-01-27T23:59:17.842+0000] {processor.py:183} INFO - Processing /home/airflow/.local/lib/python3.12/site-packages/airflow/example_dags/example_short_circuit_decorator.py took 0.081 seconds
[2026-01-27T23:59:48.382+0000] {processor.py:161} INFO - Started process (PID=2478) to work on /home/airflow/.local/lib/python3.12/site-packages/airflow/example_dags/example_short_circuit_decorator.py
[2026-01-27T23:59:48.384+0000] {processor.py:830} INFO - Processing file /home/airflow/.local/lib/python3.12/site-packages/airflow/example_dags/example_short_circuit_decorator.py for tasks to queue
[2026-01-27T23:59:48.386+0000] {logging_mixin.py:188} INFO - [2026-01-27T23:59:48.386+0000] {dagbag.py:540} INFO - Filling up the DagBag from /home/airflow/.local/lib/python3.12/site-packages/airflow/example_dags/example_short_circuit_decorator.py
[2026-01-27T23:59:48.398+0000] {processor.py:840} INFO - DAG(s) 'example_short_circuit_decorator' retrieved from /home/airflow/.local/lib/python3.12/site-packages/airflow/example_dags/example_short_circuit_decorator.py
[2026-01-27T23:59:48.421+0000] {logging_mixin.py:188} INFO - [2026-01-27T23:59:48.421+0000] {dag.py:3096} INFO - Sync 1 DAGs
[2026-01-27T23:59:48.443+0000] {logging_mixin.py:188} INFO - [2026-01-27T23:59:48.442+0000] {dag.py:3954} INFO - Setting next_dagrun for example_short_circuit_decorator to 2026-01-26 00:00:00+00:00, run_after=2026-01-27 00:00:00+00:00
[2026-01-27T23:59:48.468+0000] {processor.py:183} INFO - Processing /home/airflow/.local/lib/python3.12/site-packages/airflow/example_dags/example_short_circuit_decorator.py took 0.092 seconds
