[2026-01-27 23:26:57,934] {scheduler_job.py:182} INFO - Started process (PID=34) to work on /home/airflow/.local/lib/python3.6/site-packages/airflow/example_dags/example_trigger_controller_dag.py
[2026-01-27 23:26:57,938] {scheduler_job.py:629} INFO - Processing file /home/airflow/.local/lib/python3.6/site-packages/airflow/example_dags/example_trigger_controller_dag.py for tasks to queue
[2026-01-27 23:26:57,941] {logging_mixin.py:104} INFO - [2026-01-27 23:26:57,941] {dagbag.py:448} INFO - Filling up the DagBag from /home/airflow/.local/lib/python3.6/site-packages/airflow/example_dags/example_trigger_controller_dag.py
[2026-01-27 23:26:57,986] {scheduler_job.py:639} INFO - DAG(s) dict_keys(['example_trigger_controller_dag']) retrieved from /home/airflow/.local/lib/python3.6/site-packages/airflow/example_dags/example_trigger_controller_dag.py
[2026-01-27 23:26:58,054] {logging_mixin.py:104} INFO - [2026-01-27 23:26:58,054] {dag.py:1818} INFO - Sync 1 DAGs
[2026-01-27 23:26:58,183] {logging_mixin.py:104} INFO - [2026-01-27 23:26:58,183] {dag.py:1837} INFO - Creating ORM DAG for example_trigger_controller_dag
[2026-01-27 23:26:58,223] {logging_mixin.py:104} INFO - [2026-01-27 23:26:58,222] {dag.py:2273} INFO - Setting next_dagrun for example_trigger_controller_dag to 2026-01-25 00:00:00+00:00
[2026-01-27 23:26:58,337] {scheduler_job.py:190} INFO - Processing /home/airflow/.local/lib/python3.6/site-packages/airflow/example_dags/example_trigger_controller_dag.py took 0.412 seconds
[2026-01-27 23:27:29,415] {scheduler_job.py:182} INFO - Started process (PID=60) to work on /home/airflow/.local/lib/python3.6/site-packages/airflow/example_dags/example_trigger_controller_dag.py
[2026-01-27 23:27:29,418] {scheduler_job.py:629} INFO - Processing file /home/airflow/.local/lib/python3.6/site-packages/airflow/example_dags/example_trigger_controller_dag.py for tasks to queue
[2026-01-27 23:27:29,419] {logging_mixin.py:104} INFO - [2026-01-27 23:27:29,419] {dagbag.py:448} INFO - Filling up the DagBag from /home/airflow/.local/lib/python3.6/site-packages/airflow/example_dags/example_trigger_controller_dag.py
[2026-01-27 23:27:29,440] {scheduler_job.py:639} INFO - DAG(s) dict_keys(['example_trigger_controller_dag']) retrieved from /home/airflow/.local/lib/python3.6/site-packages/airflow/example_dags/example_trigger_controller_dag.py
[2026-01-27 23:27:29,478] {logging_mixin.py:104} INFO - [2026-01-27 23:27:29,478] {dag.py:1818} INFO - Sync 1 DAGs
[2026-01-27 23:27:29,507] {logging_mixin.py:104} INFO - [2026-01-27 23:27:29,507] {dag.py:2273} INFO - Setting next_dagrun for example_trigger_controller_dag to 2026-01-25 00:00:00+00:00
[2026-01-27 23:27:29,530] {scheduler_job.py:190} INFO - Processing /home/airflow/.local/lib/python3.6/site-packages/airflow/example_dags/example_trigger_controller_dag.py took 0.122 seconds
[2026-01-27 23:27:59,823] {scheduler_job.py:182} INFO - Started process (PID=82) to work on /home/airflow/.local/lib/python3.6/site-packages/airflow/example_dags/example_trigger_controller_dag.py
[2026-01-27 23:27:59,826] {scheduler_job.py:629} INFO - Processing file /home/airflow/.local/lib/python3.6/site-packages/airflow/example_dags/example_trigger_controller_dag.py for tasks to queue
[2026-01-27 23:27:59,828] {logging_mixin.py:104} INFO - [2026-01-27 23:27:59,828] {dagbag.py:448} INFO - Filling up the DagBag from /home/airflow/.local/lib/python3.6/site-packages/airflow/example_dags/example_trigger_controller_dag.py
[2026-01-27 23:27:59,850] {scheduler_job.py:639} INFO - DAG(s) dict_keys(['example_trigger_controller_dag']) retrieved from /home/airflow/.local/lib/python3.6/site-packages/airflow/example_dags/example_trigger_controller_dag.py
[2026-01-27 23:27:59,905] {logging_mixin.py:104} INFO - [2026-01-27 23:27:59,904] {dag.py:1818} INFO - Sync 1 DAGs
[2026-01-27 23:27:59,939] {logging_mixin.py:104} INFO - [2026-01-27 23:27:59,939] {dag.py:2273} INFO - Setting next_dagrun for example_trigger_controller_dag to 2026-01-25 00:00:00+00:00
[2026-01-27 23:27:59,964] {scheduler_job.py:190} INFO - Processing /home/airflow/.local/lib/python3.6/site-packages/airflow/example_dags/example_trigger_controller_dag.py took 0.152 seconds
[2026-01-27 23:28:30,587] {scheduler_job.py:182} INFO - Started process (PID=108) to work on /home/airflow/.local/lib/python3.6/site-packages/airflow/example_dags/example_trigger_controller_dag.py
[2026-01-27 23:28:30,589] {scheduler_job.py:629} INFO - Processing file /home/airflow/.local/lib/python3.6/site-packages/airflow/example_dags/example_trigger_controller_dag.py for tasks to queue
[2026-01-27 23:28:30,590] {logging_mixin.py:104} INFO - [2026-01-27 23:28:30,590] {dagbag.py:448} INFO - Filling up the DagBag from /home/airflow/.local/lib/python3.6/site-packages/airflow/example_dags/example_trigger_controller_dag.py
[2026-01-27 23:28:30,607] {scheduler_job.py:639} INFO - DAG(s) dict_keys(['example_trigger_controller_dag']) retrieved from /home/airflow/.local/lib/python3.6/site-packages/airflow/example_dags/example_trigger_controller_dag.py
[2026-01-27 23:28:30,632] {logging_mixin.py:104} INFO - [2026-01-27 23:28:30,632] {dag.py:1818} INFO - Sync 1 DAGs
[2026-01-27 23:28:30,647] {logging_mixin.py:104} INFO - [2026-01-27 23:28:30,647] {dag.py:2273} INFO - Setting next_dagrun for example_trigger_controller_dag to 2026-01-25 00:00:00+00:00
[2026-01-27 23:28:30,657] {scheduler_job.py:190} INFO - Processing /home/airflow/.local/lib/python3.6/site-packages/airflow/example_dags/example_trigger_controller_dag.py took 0.075 seconds
[2026-01-27 23:29:01,193] {scheduler_job.py:182} INFO - Started process (PID=134) to work on /home/airflow/.local/lib/python3.6/site-packages/airflow/example_dags/example_trigger_controller_dag.py
[2026-01-27 23:29:01,194] {scheduler_job.py:629} INFO - Processing file /home/airflow/.local/lib/python3.6/site-packages/airflow/example_dags/example_trigger_controller_dag.py for tasks to queue
[2026-01-27 23:29:01,196] {logging_mixin.py:104} INFO - [2026-01-27 23:29:01,195] {dagbag.py:448} INFO - Filling up the DagBag from /home/airflow/.local/lib/python3.6/site-packages/airflow/example_dags/example_trigger_controller_dag.py
[2026-01-27 23:29:01,209] {scheduler_job.py:639} INFO - DAG(s) dict_keys(['example_trigger_controller_dag']) retrieved from /home/airflow/.local/lib/python3.6/site-packages/airflow/example_dags/example_trigger_controller_dag.py
[2026-01-27 23:29:01,235] {logging_mixin.py:104} INFO - [2026-01-27 23:29:01,235] {dag.py:1818} INFO - Sync 1 DAGs
[2026-01-27 23:29:01,251] {logging_mixin.py:104} INFO - [2026-01-27 23:29:01,251] {dag.py:2273} INFO - Setting next_dagrun for example_trigger_controller_dag to 2026-01-25 00:00:00+00:00
[2026-01-27 23:29:01,261] {scheduler_job.py:190} INFO - Processing /home/airflow/.local/lib/python3.6/site-packages/airflow/example_dags/example_trigger_controller_dag.py took 0.072 seconds
[2026-01-27 23:29:31,461] {scheduler_job.py:182} INFO - Started process (PID=160) to work on /home/airflow/.local/lib/python3.6/site-packages/airflow/example_dags/example_trigger_controller_dag.py
[2026-01-27 23:29:31,463] {scheduler_job.py:629} INFO - Processing file /home/airflow/.local/lib/python3.6/site-packages/airflow/example_dags/example_trigger_controller_dag.py for tasks to queue
[2026-01-27 23:29:31,464] {logging_mixin.py:104} INFO - [2026-01-27 23:29:31,464] {dagbag.py:448} INFO - Filling up the DagBag from /home/airflow/.local/lib/python3.6/site-packages/airflow/example_dags/example_trigger_controller_dag.py
[2026-01-27 23:29:31,473] {scheduler_job.py:639} INFO - DAG(s) dict_keys(['example_trigger_controller_dag']) retrieved from /home/airflow/.local/lib/python3.6/site-packages/airflow/example_dags/example_trigger_controller_dag.py
[2026-01-27 23:29:31,496] {logging_mixin.py:104} INFO - [2026-01-27 23:29:31,496] {dag.py:1818} INFO - Sync 1 DAGs
[2026-01-27 23:29:31,510] {logging_mixin.py:104} INFO - [2026-01-27 23:29:31,510] {dag.py:2273} INFO - Setting next_dagrun for example_trigger_controller_dag to 2026-01-25 00:00:00+00:00
[2026-01-27 23:29:31,520] {scheduler_job.py:190} INFO - Processing /home/airflow/.local/lib/python3.6/site-packages/airflow/example_dags/example_trigger_controller_dag.py took 0.063 seconds
[2026-01-27 23:30:01,680] {scheduler_job.py:182} INFO - Started process (PID=186) to work on /home/airflow/.local/lib/python3.6/site-packages/airflow/example_dags/example_trigger_controller_dag.py
[2026-01-27 23:30:01,681] {scheduler_job.py:629} INFO - Processing file /home/airflow/.local/lib/python3.6/site-packages/airflow/example_dags/example_trigger_controller_dag.py for tasks to queue
[2026-01-27 23:30:01,682] {logging_mixin.py:104} INFO - [2026-01-27 23:30:01,682] {dagbag.py:448} INFO - Filling up the DagBag from /home/airflow/.local/lib/python3.6/site-packages/airflow/example_dags/example_trigger_controller_dag.py
[2026-01-27 23:30:01,690] {scheduler_job.py:639} INFO - DAG(s) dict_keys(['example_trigger_controller_dag']) retrieved from /home/airflow/.local/lib/python3.6/site-packages/airflow/example_dags/example_trigger_controller_dag.py
[2026-01-27 23:30:01,710] {logging_mixin.py:104} INFO - [2026-01-27 23:30:01,710] {dag.py:1818} INFO - Sync 1 DAGs
[2026-01-27 23:30:01,722] {logging_mixin.py:104} INFO - [2026-01-27 23:30:01,722] {dag.py:2273} INFO - Setting next_dagrun for example_trigger_controller_dag to 2026-01-25 00:00:00+00:00
[2026-01-27 23:30:01,732] {scheduler_job.py:190} INFO - Processing /home/airflow/.local/lib/python3.6/site-packages/airflow/example_dags/example_trigger_controller_dag.py took 0.055 seconds
[2026-01-27 23:30:32,034] {scheduler_job.py:182} INFO - Started process (PID=212) to work on /home/airflow/.local/lib/python3.6/site-packages/airflow/example_dags/example_trigger_controller_dag.py
[2026-01-27 23:30:32,036] {scheduler_job.py:629} INFO - Processing file /home/airflow/.local/lib/python3.6/site-packages/airflow/example_dags/example_trigger_controller_dag.py for tasks to queue
[2026-01-27 23:30:32,037] {logging_mixin.py:104} INFO - [2026-01-27 23:30:32,037] {dagbag.py:448} INFO - Filling up the DagBag from /home/airflow/.local/lib/python3.6/site-packages/airflow/example_dags/example_trigger_controller_dag.py
[2026-01-27 23:30:32,051] {scheduler_job.py:639} INFO - DAG(s) dict_keys(['example_trigger_controller_dag']) retrieved from /home/airflow/.local/lib/python3.6/site-packages/airflow/example_dags/example_trigger_controller_dag.py
[2026-01-27 23:30:32,083] {logging_mixin.py:104} INFO - [2026-01-27 23:30:32,083] {dag.py:1818} INFO - Sync 1 DAGs
[2026-01-27 23:30:32,105] {logging_mixin.py:104} INFO - [2026-01-27 23:30:32,105] {dag.py:2273} INFO - Setting next_dagrun for example_trigger_controller_dag to 2026-01-25 00:00:00+00:00
[2026-01-27 23:30:32,118] {scheduler_job.py:190} INFO - Processing /home/airflow/.local/lib/python3.6/site-packages/airflow/example_dags/example_trigger_controller_dag.py took 0.088 seconds
[2026-01-27 23:31:02,398] {scheduler_job.py:182} INFO - Started process (PID=238) to work on /home/airflow/.local/lib/python3.6/site-packages/airflow/example_dags/example_trigger_controller_dag.py
[2026-01-27 23:31:02,400] {scheduler_job.py:629} INFO - Processing file /home/airflow/.local/lib/python3.6/site-packages/airflow/example_dags/example_trigger_controller_dag.py for tasks to queue
[2026-01-27 23:31:02,401] {logging_mixin.py:104} INFO - [2026-01-27 23:31:02,401] {dagbag.py:448} INFO - Filling up the DagBag from /home/airflow/.local/lib/python3.6/site-packages/airflow/example_dags/example_trigger_controller_dag.py
[2026-01-27 23:31:02,412] {scheduler_job.py:639} INFO - DAG(s) dict_keys(['example_trigger_controller_dag']) retrieved from /home/airflow/.local/lib/python3.6/site-packages/airflow/example_dags/example_trigger_controller_dag.py
[2026-01-27 23:31:02,438] {logging_mixin.py:104} INFO - [2026-01-27 23:31:02,438] {dag.py:1818} INFO - Sync 1 DAGs
[2026-01-27 23:31:02,454] {logging_mixin.py:104} INFO - [2026-01-27 23:31:02,454] {dag.py:2273} INFO - Setting next_dagrun for example_trigger_controller_dag to 2026-01-25 00:00:00+00:00
[2026-01-27 23:31:02,465] {scheduler_job.py:190} INFO - Processing /home/airflow/.local/lib/python3.6/site-packages/airflow/example_dags/example_trigger_controller_dag.py took 0.071 seconds
[2026-01-27T23:36:07.924+0000] {processor.py:161} INFO - Started process (PID=62) to work on /home/airflow/.local/lib/python3.12/site-packages/airflow/example_dags/example_trigger_controller_dag.py
[2026-01-27T23:36:07.931+0000] {processor.py:830} INFO - Processing file /home/airflow/.local/lib/python3.12/site-packages/airflow/example_dags/example_trigger_controller_dag.py for tasks to queue
[2026-01-27T23:36:07.941+0000] {logging_mixin.py:188} INFO - [2026-01-27T23:36:07.940+0000] {dagbag.py:540} INFO - Filling up the DagBag from /home/airflow/.local/lib/python3.12/site-packages/airflow/example_dags/example_trigger_controller_dag.py
[2026-01-27T23:36:07.964+0000] {processor.py:840} INFO - DAG(s) 'example_trigger_controller_dag' retrieved from /home/airflow/.local/lib/python3.12/site-packages/airflow/example_dags/example_trigger_controller_dag.py
[2026-01-27T23:36:08.302+0000] {logging_mixin.py:188} INFO - [2026-01-27T23:36:08.302+0000] {dag.py:3096} INFO - Sync 1 DAGs
[2026-01-27T23:36:08.365+0000] {logging_mixin.py:188} INFO - [2026-01-27T23:36:08.364+0000] {dag.py:3954} INFO - Setting next_dagrun for example_trigger_controller_dag to 2021-01-01 00:00:00+00:00, run_after=2021-01-01 00:00:00+00:00
[2026-01-27T23:36:08.435+0000] {processor.py:183} INFO - Processing /home/airflow/.local/lib/python3.12/site-packages/airflow/example_dags/example_trigger_controller_dag.py took 0.566 seconds
[2026-01-27T23:36:38.667+0000] {processor.py:161} INFO - Started process (PID=114) to work on /home/airflow/.local/lib/python3.12/site-packages/airflow/example_dags/example_trigger_controller_dag.py
[2026-01-27T23:36:38.668+0000] {processor.py:830} INFO - Processing file /home/airflow/.local/lib/python3.12/site-packages/airflow/example_dags/example_trigger_controller_dag.py for tasks to queue
[2026-01-27T23:36:38.671+0000] {logging_mixin.py:188} INFO - [2026-01-27T23:36:38.670+0000] {dagbag.py:540} INFO - Filling up the DagBag from /home/airflow/.local/lib/python3.12/site-packages/airflow/example_dags/example_trigger_controller_dag.py
[2026-01-27T23:36:38.676+0000] {processor.py:840} INFO - DAG(s) 'example_trigger_controller_dag' retrieved from /home/airflow/.local/lib/python3.12/site-packages/airflow/example_dags/example_trigger_controller_dag.py
[2026-01-27T23:36:38.697+0000] {logging_mixin.py:188} INFO - [2026-01-27T23:36:38.697+0000] {dag.py:3096} INFO - Sync 1 DAGs
[2026-01-27T23:36:38.719+0000] {logging_mixin.py:188} INFO - [2026-01-27T23:36:38.719+0000] {dag.py:3954} INFO - Setting next_dagrun for example_trigger_controller_dag to 2021-01-01 00:00:00+00:00, run_after=2021-01-01 00:00:00+00:00
[2026-01-27T23:36:38.740+0000] {processor.py:183} INFO - Processing /home/airflow/.local/lib/python3.12/site-packages/airflow/example_dags/example_trigger_controller_dag.py took 0.080 seconds
[2026-01-27T23:37:08.787+0000] {processor.py:161} INFO - Started process (PID=166) to work on /home/airflow/.local/lib/python3.12/site-packages/airflow/example_dags/example_trigger_controller_dag.py
[2026-01-27T23:37:08.788+0000] {processor.py:830} INFO - Processing file /home/airflow/.local/lib/python3.12/site-packages/airflow/example_dags/example_trigger_controller_dag.py for tasks to queue
[2026-01-27T23:37:08.790+0000] {logging_mixin.py:188} INFO - [2026-01-27T23:37:08.790+0000] {dagbag.py:540} INFO - Filling up the DagBag from /home/airflow/.local/lib/python3.12/site-packages/airflow/example_dags/example_trigger_controller_dag.py
[2026-01-27T23:37:08.795+0000] {processor.py:840} INFO - DAG(s) 'example_trigger_controller_dag' retrieved from /home/airflow/.local/lib/python3.12/site-packages/airflow/example_dags/example_trigger_controller_dag.py
[2026-01-27T23:37:08.813+0000] {logging_mixin.py:188} INFO - [2026-01-27T23:37:08.813+0000] {dag.py:3096} INFO - Sync 1 DAGs
[2026-01-27T23:37:08.831+0000] {logging_mixin.py:188} INFO - [2026-01-27T23:37:08.831+0000] {dag.py:3954} INFO - Setting next_dagrun for example_trigger_controller_dag to 2021-01-01 00:00:00+00:00, run_after=2021-01-01 00:00:00+00:00
[2026-01-27T23:37:08.851+0000] {processor.py:183} INFO - Processing /home/airflow/.local/lib/python3.12/site-packages/airflow/example_dags/example_trigger_controller_dag.py took 0.070 seconds
[2026-01-27T23:37:39.377+0000] {processor.py:161} INFO - Started process (PID=218) to work on /home/airflow/.local/lib/python3.12/site-packages/airflow/example_dags/example_trigger_controller_dag.py
[2026-01-27T23:37:39.379+0000] {processor.py:830} INFO - Processing file /home/airflow/.local/lib/python3.12/site-packages/airflow/example_dags/example_trigger_controller_dag.py for tasks to queue
[2026-01-27T23:37:39.381+0000] {logging_mixin.py:188} INFO - [2026-01-27T23:37:39.380+0000] {dagbag.py:540} INFO - Filling up the DagBag from /home/airflow/.local/lib/python3.12/site-packages/airflow/example_dags/example_trigger_controller_dag.py
[2026-01-27T23:37:39.386+0000] {processor.py:840} INFO - DAG(s) 'example_trigger_controller_dag' retrieved from /home/airflow/.local/lib/python3.12/site-packages/airflow/example_dags/example_trigger_controller_dag.py
[2026-01-27T23:37:39.408+0000] {logging_mixin.py:188} INFO - [2026-01-27T23:37:39.408+0000] {dag.py:3096} INFO - Sync 1 DAGs
[2026-01-27T23:37:39.429+0000] {logging_mixin.py:188} INFO - [2026-01-27T23:37:39.429+0000] {dag.py:3954} INFO - Setting next_dagrun for example_trigger_controller_dag to 2021-01-01 00:00:00+00:00, run_after=2021-01-01 00:00:00+00:00
[2026-01-27T23:37:39.448+0000] {processor.py:183} INFO - Processing /home/airflow/.local/lib/python3.12/site-packages/airflow/example_dags/example_trigger_controller_dag.py took 0.079 seconds
[2026-01-27T23:38:09.840+0000] {processor.py:161} INFO - Started process (PID=270) to work on /home/airflow/.local/lib/python3.12/site-packages/airflow/example_dags/example_trigger_controller_dag.py
[2026-01-27T23:38:09.841+0000] {processor.py:830} INFO - Processing file /home/airflow/.local/lib/python3.12/site-packages/airflow/example_dags/example_trigger_controller_dag.py for tasks to queue
[2026-01-27T23:38:09.844+0000] {logging_mixin.py:188} INFO - [2026-01-27T23:38:09.843+0000] {dagbag.py:540} INFO - Filling up the DagBag from /home/airflow/.local/lib/python3.12/site-packages/airflow/example_dags/example_trigger_controller_dag.py
[2026-01-27T23:38:09.849+0000] {processor.py:840} INFO - DAG(s) 'example_trigger_controller_dag' retrieved from /home/airflow/.local/lib/python3.12/site-packages/airflow/example_dags/example_trigger_controller_dag.py
[2026-01-27T23:38:09.869+0000] {logging_mixin.py:188} INFO - [2026-01-27T23:38:09.868+0000] {dag.py:3096} INFO - Sync 1 DAGs
[2026-01-27T23:38:09.889+0000] {logging_mixin.py:188} INFO - [2026-01-27T23:38:09.889+0000] {dag.py:3954} INFO - Setting next_dagrun for example_trigger_controller_dag to 2021-01-01 00:00:00+00:00, run_after=2021-01-01 00:00:00+00:00
[2026-01-27T23:38:09.912+0000] {processor.py:183} INFO - Processing /home/airflow/.local/lib/python3.12/site-packages/airflow/example_dags/example_trigger_controller_dag.py took 0.079 seconds
[2026-01-27T23:38:40.088+0000] {processor.py:161} INFO - Started process (PID=322) to work on /home/airflow/.local/lib/python3.12/site-packages/airflow/example_dags/example_trigger_controller_dag.py
[2026-01-27T23:38:40.089+0000] {processor.py:830} INFO - Processing file /home/airflow/.local/lib/python3.12/site-packages/airflow/example_dags/example_trigger_controller_dag.py for tasks to queue
[2026-01-27T23:38:40.091+0000] {logging_mixin.py:188} INFO - [2026-01-27T23:38:40.091+0000] {dagbag.py:540} INFO - Filling up the DagBag from /home/airflow/.local/lib/python3.12/site-packages/airflow/example_dags/example_trigger_controller_dag.py
[2026-01-27T23:38:40.096+0000] {processor.py:840} INFO - DAG(s) 'example_trigger_controller_dag' retrieved from /home/airflow/.local/lib/python3.12/site-packages/airflow/example_dags/example_trigger_controller_dag.py
[2026-01-27T23:38:40.114+0000] {logging_mixin.py:188} INFO - [2026-01-27T23:38:40.114+0000] {dag.py:3096} INFO - Sync 1 DAGs
[2026-01-27T23:38:40.139+0000] {logging_mixin.py:188} INFO - [2026-01-27T23:38:40.138+0000] {dag.py:3954} INFO - Setting next_dagrun for example_trigger_controller_dag to 2021-01-01 00:00:00+00:00, run_after=2021-01-01 00:00:00+00:00
[2026-01-27T23:38:40.159+0000] {processor.py:183} INFO - Processing /home/airflow/.local/lib/python3.12/site-packages/airflow/example_dags/example_trigger_controller_dag.py took 0.078 seconds
[2026-01-27T23:39:10.608+0000] {processor.py:161} INFO - Started process (PID=374) to work on /home/airflow/.local/lib/python3.12/site-packages/airflow/example_dags/example_trigger_controller_dag.py
[2026-01-27T23:39:10.609+0000] {processor.py:830} INFO - Processing file /home/airflow/.local/lib/python3.12/site-packages/airflow/example_dags/example_trigger_controller_dag.py for tasks to queue
[2026-01-27T23:39:10.613+0000] {logging_mixin.py:188} INFO - [2026-01-27T23:39:10.613+0000] {dagbag.py:540} INFO - Filling up the DagBag from /home/airflow/.local/lib/python3.12/site-packages/airflow/example_dags/example_trigger_controller_dag.py
[2026-01-27T23:39:10.620+0000] {processor.py:840} INFO - DAG(s) 'example_trigger_controller_dag' retrieved from /home/airflow/.local/lib/python3.12/site-packages/airflow/example_dags/example_trigger_controller_dag.py
[2026-01-27T23:39:10.656+0000] {logging_mixin.py:188} INFO - [2026-01-27T23:39:10.655+0000] {dag.py:3096} INFO - Sync 1 DAGs
[2026-01-27T23:39:10.694+0000] {logging_mixin.py:188} INFO - [2026-01-27T23:39:10.693+0000] {dag.py:3954} INFO - Setting next_dagrun for example_trigger_controller_dag to 2021-01-01 00:00:00+00:00, run_after=2021-01-01 00:00:00+00:00
[2026-01-27T23:39:10.726+0000] {processor.py:183} INFO - Processing /home/airflow/.local/lib/python3.12/site-packages/airflow/example_dags/example_trigger_controller_dag.py took 0.131 seconds
[2026-01-27T23:39:41.418+0000] {processor.py:161} INFO - Started process (PID=426) to work on /home/airflow/.local/lib/python3.12/site-packages/airflow/example_dags/example_trigger_controller_dag.py
[2026-01-27T23:39:41.419+0000] {processor.py:830} INFO - Processing file /home/airflow/.local/lib/python3.12/site-packages/airflow/example_dags/example_trigger_controller_dag.py for tasks to queue
[2026-01-27T23:39:41.422+0000] {logging_mixin.py:188} INFO - [2026-01-27T23:39:41.421+0000] {dagbag.py:540} INFO - Filling up the DagBag from /home/airflow/.local/lib/python3.12/site-packages/airflow/example_dags/example_trigger_controller_dag.py
[2026-01-27T23:39:41.429+0000] {processor.py:840} INFO - DAG(s) 'example_trigger_controller_dag' retrieved from /home/airflow/.local/lib/python3.12/site-packages/airflow/example_dags/example_trigger_controller_dag.py
[2026-01-27T23:39:41.454+0000] {logging_mixin.py:188} INFO - [2026-01-27T23:39:41.454+0000] {dag.py:3096} INFO - Sync 1 DAGs
[2026-01-27T23:39:41.488+0000] {logging_mixin.py:188} INFO - [2026-01-27T23:39:41.488+0000] {dag.py:3954} INFO - Setting next_dagrun for example_trigger_controller_dag to 2021-01-01 00:00:00+00:00, run_after=2021-01-01 00:00:00+00:00
[2026-01-27T23:39:41.516+0000] {processor.py:183} INFO - Processing /home/airflow/.local/lib/python3.12/site-packages/airflow/example_dags/example_trigger_controller_dag.py took 0.108 seconds
[2026-01-27T23:40:11.933+0000] {processor.py:161} INFO - Started process (PID=478) to work on /home/airflow/.local/lib/python3.12/site-packages/airflow/example_dags/example_trigger_controller_dag.py
[2026-01-27T23:40:11.935+0000] {processor.py:830} INFO - Processing file /home/airflow/.local/lib/python3.12/site-packages/airflow/example_dags/example_trigger_controller_dag.py for tasks to queue
[2026-01-27T23:40:11.941+0000] {logging_mixin.py:188} INFO - [2026-01-27T23:40:11.940+0000] {dagbag.py:540} INFO - Filling up the DagBag from /home/airflow/.local/lib/python3.12/site-packages/airflow/example_dags/example_trigger_controller_dag.py
[2026-01-27T23:40:11.950+0000] {processor.py:840} INFO - DAG(s) 'example_trigger_controller_dag' retrieved from /home/airflow/.local/lib/python3.12/site-packages/airflow/example_dags/example_trigger_controller_dag.py
[2026-01-27T23:40:11.995+0000] {logging_mixin.py:188} INFO - [2026-01-27T23:40:11.994+0000] {dag.py:3096} INFO - Sync 1 DAGs
[2026-01-27T23:40:12.051+0000] {logging_mixin.py:188} INFO - [2026-01-27T23:40:12.050+0000] {dag.py:3954} INFO - Setting next_dagrun for example_trigger_controller_dag to 2021-01-01 00:00:00+00:00, run_after=2021-01-01 00:00:00+00:00
[2026-01-27T23:40:12.089+0000] {processor.py:183} INFO - Processing /home/airflow/.local/lib/python3.12/site-packages/airflow/example_dags/example_trigger_controller_dag.py took 0.170 seconds
[2026-01-27T23:40:42.153+0000] {processor.py:161} INFO - Started process (PID=530) to work on /home/airflow/.local/lib/python3.12/site-packages/airflow/example_dags/example_trigger_controller_dag.py
[2026-01-27T23:40:42.154+0000] {processor.py:830} INFO - Processing file /home/airflow/.local/lib/python3.12/site-packages/airflow/example_dags/example_trigger_controller_dag.py for tasks to queue
[2026-01-27T23:40:42.157+0000] {logging_mixin.py:188} INFO - [2026-01-27T23:40:42.156+0000] {dagbag.py:540} INFO - Filling up the DagBag from /home/airflow/.local/lib/python3.12/site-packages/airflow/example_dags/example_trigger_controller_dag.py
[2026-01-27T23:40:42.162+0000] {processor.py:840} INFO - DAG(s) 'example_trigger_controller_dag' retrieved from /home/airflow/.local/lib/python3.12/site-packages/airflow/example_dags/example_trigger_controller_dag.py
[2026-01-27T23:40:42.190+0000] {logging_mixin.py:188} INFO - [2026-01-27T23:40:42.189+0000] {dag.py:3096} INFO - Sync 1 DAGs
[2026-01-27T23:40:42.212+0000] {logging_mixin.py:188} INFO - [2026-01-27T23:40:42.211+0000] {dag.py:3954} INFO - Setting next_dagrun for example_trigger_controller_dag to 2021-01-01 00:00:00+00:00, run_after=2021-01-01 00:00:00+00:00
[2026-01-27T23:40:42.232+0000] {processor.py:183} INFO - Processing /home/airflow/.local/lib/python3.12/site-packages/airflow/example_dags/example_trigger_controller_dag.py took 0.086 seconds
[2026-01-27T23:41:13.036+0000] {processor.py:161} INFO - Started process (PID=582) to work on /home/airflow/.local/lib/python3.12/site-packages/airflow/example_dags/example_trigger_controller_dag.py
[2026-01-27T23:41:13.038+0000] {processor.py:830} INFO - Processing file /home/airflow/.local/lib/python3.12/site-packages/airflow/example_dags/example_trigger_controller_dag.py for tasks to queue
[2026-01-27T23:41:13.041+0000] {logging_mixin.py:188} INFO - [2026-01-27T23:41:13.041+0000] {dagbag.py:540} INFO - Filling up the DagBag from /home/airflow/.local/lib/python3.12/site-packages/airflow/example_dags/example_trigger_controller_dag.py
[2026-01-27T23:41:13.048+0000] {processor.py:840} INFO - DAG(s) 'example_trigger_controller_dag' retrieved from /home/airflow/.local/lib/python3.12/site-packages/airflow/example_dags/example_trigger_controller_dag.py
[2026-01-27T23:41:13.076+0000] {logging_mixin.py:188} INFO - [2026-01-27T23:41:13.075+0000] {dag.py:3096} INFO - Sync 1 DAGs
[2026-01-27T23:41:13.110+0000] {logging_mixin.py:188} INFO - [2026-01-27T23:41:13.110+0000] {dag.py:3954} INFO - Setting next_dagrun for example_trigger_controller_dag to 2021-01-01 00:00:00+00:00, run_after=2021-01-01 00:00:00+00:00
[2026-01-27T23:41:13.136+0000] {processor.py:183} INFO - Processing /home/airflow/.local/lib/python3.12/site-packages/airflow/example_dags/example_trigger_controller_dag.py took 0.111 seconds
[2026-01-27T23:41:43.364+0000] {processor.py:161} INFO - Started process (PID=634) to work on /home/airflow/.local/lib/python3.12/site-packages/airflow/example_dags/example_trigger_controller_dag.py
[2026-01-27T23:41:43.366+0000] {processor.py:830} INFO - Processing file /home/airflow/.local/lib/python3.12/site-packages/airflow/example_dags/example_trigger_controller_dag.py for tasks to queue
[2026-01-27T23:41:43.369+0000] {logging_mixin.py:188} INFO - [2026-01-27T23:41:43.368+0000] {dagbag.py:540} INFO - Filling up the DagBag from /home/airflow/.local/lib/python3.12/site-packages/airflow/example_dags/example_trigger_controller_dag.py
[2026-01-27T23:41:43.377+0000] {processor.py:840} INFO - DAG(s) 'example_trigger_controller_dag' retrieved from /home/airflow/.local/lib/python3.12/site-packages/airflow/example_dags/example_trigger_controller_dag.py
[2026-01-27T23:41:43.408+0000] {logging_mixin.py:188} INFO - [2026-01-27T23:41:43.408+0000] {dag.py:3096} INFO - Sync 1 DAGs
[2026-01-27T23:41:43.440+0000] {logging_mixin.py:188} INFO - [2026-01-27T23:41:43.440+0000] {dag.py:3954} INFO - Setting next_dagrun for example_trigger_controller_dag to 2021-01-01 00:00:00+00:00, run_after=2021-01-01 00:00:00+00:00
[2026-01-27T23:41:43.483+0000] {processor.py:183} INFO - Processing /home/airflow/.local/lib/python3.12/site-packages/airflow/example_dags/example_trigger_controller_dag.py took 0.129 seconds
[2026-01-27T23:42:14.492+0000] {processor.py:161} INFO - Started process (PID=686) to work on /home/airflow/.local/lib/python3.12/site-packages/airflow/example_dags/example_trigger_controller_dag.py
[2026-01-27T23:42:14.494+0000] {processor.py:830} INFO - Processing file /home/airflow/.local/lib/python3.12/site-packages/airflow/example_dags/example_trigger_controller_dag.py for tasks to queue
[2026-01-27T23:42:14.498+0000] {logging_mixin.py:188} INFO - [2026-01-27T23:42:14.497+0000] {dagbag.py:540} INFO - Filling up the DagBag from /home/airflow/.local/lib/python3.12/site-packages/airflow/example_dags/example_trigger_controller_dag.py
[2026-01-27T23:42:14.505+0000] {processor.py:840} INFO - DAG(s) 'example_trigger_controller_dag' retrieved from /home/airflow/.local/lib/python3.12/site-packages/airflow/example_dags/example_trigger_controller_dag.py
[2026-01-27T23:42:14.539+0000] {logging_mixin.py:188} INFO - [2026-01-27T23:42:14.539+0000] {dag.py:3096} INFO - Sync 1 DAGs
[2026-01-27T23:42:14.572+0000] {logging_mixin.py:188} INFO - [2026-01-27T23:42:14.571+0000] {dag.py:3954} INFO - Setting next_dagrun for example_trigger_controller_dag to 2021-01-01 00:00:00+00:00, run_after=2021-01-01 00:00:00+00:00
[2026-01-27T23:42:14.605+0000] {processor.py:183} INFO - Processing /home/airflow/.local/lib/python3.12/site-packages/airflow/example_dags/example_trigger_controller_dag.py took 0.125 seconds
[2026-01-27T23:42:45.528+0000] {processor.py:161} INFO - Started process (PID=738) to work on /home/airflow/.local/lib/python3.12/site-packages/airflow/example_dags/example_trigger_controller_dag.py
[2026-01-27T23:42:45.530+0000] {processor.py:830} INFO - Processing file /home/airflow/.local/lib/python3.12/site-packages/airflow/example_dags/example_trigger_controller_dag.py for tasks to queue
[2026-01-27T23:42:45.539+0000] {logging_mixin.py:188} INFO - [2026-01-27T23:42:45.538+0000] {dagbag.py:540} INFO - Filling up the DagBag from /home/airflow/.local/lib/python3.12/site-packages/airflow/example_dags/example_trigger_controller_dag.py
[2026-01-27T23:42:45.549+0000] {processor.py:840} INFO - DAG(s) 'example_trigger_controller_dag' retrieved from /home/airflow/.local/lib/python3.12/site-packages/airflow/example_dags/example_trigger_controller_dag.py
[2026-01-27T23:42:45.592+0000] {logging_mixin.py:188} INFO - [2026-01-27T23:42:45.591+0000] {dag.py:3096} INFO - Sync 1 DAGs
[2026-01-27T23:42:45.660+0000] {logging_mixin.py:188} INFO - [2026-01-27T23:42:45.659+0000] {dag.py:3954} INFO - Setting next_dagrun for example_trigger_controller_dag to 2021-01-01 00:00:00+00:00, run_after=2021-01-01 00:00:00+00:00
[2026-01-27T23:42:45.712+0000] {processor.py:183} INFO - Processing /home/airflow/.local/lib/python3.12/site-packages/airflow/example_dags/example_trigger_controller_dag.py took 0.205 seconds
[2026-01-27T23:43:16.417+0000] {processor.py:161} INFO - Started process (PID=790) to work on /home/airflow/.local/lib/python3.12/site-packages/airflow/example_dags/example_trigger_controller_dag.py
[2026-01-27T23:43:16.419+0000] {processor.py:830} INFO - Processing file /home/airflow/.local/lib/python3.12/site-packages/airflow/example_dags/example_trigger_controller_dag.py for tasks to queue
[2026-01-27T23:43:16.422+0000] {logging_mixin.py:188} INFO - [2026-01-27T23:43:16.421+0000] {dagbag.py:540} INFO - Filling up the DagBag from /home/airflow/.local/lib/python3.12/site-packages/airflow/example_dags/example_trigger_controller_dag.py
[2026-01-27T23:43:16.430+0000] {processor.py:840} INFO - DAG(s) 'example_trigger_controller_dag' retrieved from /home/airflow/.local/lib/python3.12/site-packages/airflow/example_dags/example_trigger_controller_dag.py
[2026-01-27T23:43:16.457+0000] {logging_mixin.py:188} INFO - [2026-01-27T23:43:16.456+0000] {dag.py:3096} INFO - Sync 1 DAGs
[2026-01-27T23:43:16.486+0000] {logging_mixin.py:188} INFO - [2026-01-27T23:43:16.486+0000] {dag.py:3954} INFO - Setting next_dagrun for example_trigger_controller_dag to 2021-01-01 00:00:00+00:00, run_after=2021-01-01 00:00:00+00:00
[2026-01-27T23:43:16.510+0000] {processor.py:183} INFO - Processing /home/airflow/.local/lib/python3.12/site-packages/airflow/example_dags/example_trigger_controller_dag.py took 0.101 seconds
[2026-01-27T23:43:47.020+0000] {processor.py:161} INFO - Started process (PID=842) to work on /home/airflow/.local/lib/python3.12/site-packages/airflow/example_dags/example_trigger_controller_dag.py
[2026-01-27T23:43:47.021+0000] {processor.py:830} INFO - Processing file /home/airflow/.local/lib/python3.12/site-packages/airflow/example_dags/example_trigger_controller_dag.py for tasks to queue
[2026-01-27T23:43:47.024+0000] {logging_mixin.py:188} INFO - [2026-01-27T23:43:47.024+0000] {dagbag.py:540} INFO - Filling up the DagBag from /home/airflow/.local/lib/python3.12/site-packages/airflow/example_dags/example_trigger_controller_dag.py
[2026-01-27T23:43:47.032+0000] {processor.py:840} INFO - DAG(s) 'example_trigger_controller_dag' retrieved from /home/airflow/.local/lib/python3.12/site-packages/airflow/example_dags/example_trigger_controller_dag.py
[2026-01-27T23:43:47.064+0000] {logging_mixin.py:188} INFO - [2026-01-27T23:43:47.063+0000] {dag.py:3096} INFO - Sync 1 DAGs
[2026-01-27T23:43:47.094+0000] {logging_mixin.py:188} INFO - [2026-01-27T23:43:47.094+0000] {dag.py:3954} INFO - Setting next_dagrun for example_trigger_controller_dag to 2021-01-01 00:00:00+00:00, run_after=2021-01-01 00:00:00+00:00
[2026-01-27T23:43:47.134+0000] {processor.py:183} INFO - Processing /home/airflow/.local/lib/python3.12/site-packages/airflow/example_dags/example_trigger_controller_dag.py took 0.123 seconds
[2026-01-27T23:44:17.331+0000] {processor.py:161} INFO - Started process (PID=894) to work on /home/airflow/.local/lib/python3.12/site-packages/airflow/example_dags/example_trigger_controller_dag.py
[2026-01-27T23:44:17.332+0000] {processor.py:830} INFO - Processing file /home/airflow/.local/lib/python3.12/site-packages/airflow/example_dags/example_trigger_controller_dag.py for tasks to queue
[2026-01-27T23:44:17.334+0000] {logging_mixin.py:188} INFO - [2026-01-27T23:44:17.333+0000] {dagbag.py:540} INFO - Filling up the DagBag from /home/airflow/.local/lib/python3.12/site-packages/airflow/example_dags/example_trigger_controller_dag.py
[2026-01-27T23:44:17.338+0000] {processor.py:840} INFO - DAG(s) 'example_trigger_controller_dag' retrieved from /home/airflow/.local/lib/python3.12/site-packages/airflow/example_dags/example_trigger_controller_dag.py
[2026-01-27T23:44:17.358+0000] {logging_mixin.py:188} INFO - [2026-01-27T23:44:17.358+0000] {dag.py:3096} INFO - Sync 1 DAGs
[2026-01-27T23:44:17.379+0000] {logging_mixin.py:188} INFO - [2026-01-27T23:44:17.378+0000] {dag.py:3954} INFO - Setting next_dagrun for example_trigger_controller_dag to 2021-01-01 00:00:00+00:00, run_after=2021-01-01 00:00:00+00:00
[2026-01-27T23:44:17.396+0000] {processor.py:183} INFO - Processing /home/airflow/.local/lib/python3.12/site-packages/airflow/example_dags/example_trigger_controller_dag.py took 0.070 seconds
[2026-01-27T23:44:47.756+0000] {processor.py:161} INFO - Started process (PID=945) to work on /home/airflow/.local/lib/python3.12/site-packages/airflow/example_dags/example_trigger_controller_dag.py
[2026-01-27T23:44:47.758+0000] {processor.py:830} INFO - Processing file /home/airflow/.local/lib/python3.12/site-packages/airflow/example_dags/example_trigger_controller_dag.py for tasks to queue
[2026-01-27T23:44:47.760+0000] {logging_mixin.py:188} INFO - [2026-01-27T23:44:47.759+0000] {dagbag.py:540} INFO - Filling up the DagBag from /home/airflow/.local/lib/python3.12/site-packages/airflow/example_dags/example_trigger_controller_dag.py
[2026-01-27T23:44:47.765+0000] {processor.py:840} INFO - DAG(s) 'example_trigger_controller_dag' retrieved from /home/airflow/.local/lib/python3.12/site-packages/airflow/example_dags/example_trigger_controller_dag.py
[2026-01-27T23:44:47.785+0000] {logging_mixin.py:188} INFO - [2026-01-27T23:44:47.785+0000] {dag.py:3096} INFO - Sync 1 DAGs
[2026-01-27T23:44:47.807+0000] {logging_mixin.py:188} INFO - [2026-01-27T23:44:47.807+0000] {dag.py:3954} INFO - Setting next_dagrun for example_trigger_controller_dag to 2021-01-01 00:00:00+00:00, run_after=2021-01-01 00:00:00+00:00
[2026-01-27T23:44:47.827+0000] {processor.py:183} INFO - Processing /home/airflow/.local/lib/python3.12/site-packages/airflow/example_dags/example_trigger_controller_dag.py took 0.077 seconds
[2026-01-27T23:45:18.164+0000] {processor.py:161} INFO - Started process (PID=997) to work on /home/airflow/.local/lib/python3.12/site-packages/airflow/example_dags/example_trigger_controller_dag.py
[2026-01-27T23:45:18.166+0000] {processor.py:830} INFO - Processing file /home/airflow/.local/lib/python3.12/site-packages/airflow/example_dags/example_trigger_controller_dag.py for tasks to queue
[2026-01-27T23:45:18.169+0000] {logging_mixin.py:188} INFO - [2026-01-27T23:45:18.168+0000] {dagbag.py:540} INFO - Filling up the DagBag from /home/airflow/.local/lib/python3.12/site-packages/airflow/example_dags/example_trigger_controller_dag.py
[2026-01-27T23:45:18.176+0000] {processor.py:840} INFO - DAG(s) 'example_trigger_controller_dag' retrieved from /home/airflow/.local/lib/python3.12/site-packages/airflow/example_dags/example_trigger_controller_dag.py
[2026-01-27T23:45:18.206+0000] {logging_mixin.py:188} INFO - [2026-01-27T23:45:18.206+0000] {dag.py:3096} INFO - Sync 1 DAGs
[2026-01-27T23:45:18.236+0000] {logging_mixin.py:188} INFO - [2026-01-27T23:45:18.236+0000] {dag.py:3954} INFO - Setting next_dagrun for example_trigger_controller_dag to 2021-01-01 00:00:00+00:00, run_after=2021-01-01 00:00:00+00:00
[2026-01-27T23:45:18.408+0000] {processor.py:183} INFO - Processing /home/airflow/.local/lib/python3.12/site-packages/airflow/example_dags/example_trigger_controller_dag.py took 0.254 seconds
[2026-01-27T23:45:49.095+0000] {processor.py:161} INFO - Started process (PID=1049) to work on /home/airflow/.local/lib/python3.12/site-packages/airflow/example_dags/example_trigger_controller_dag.py
[2026-01-27T23:45:49.096+0000] {processor.py:830} INFO - Processing file /home/airflow/.local/lib/python3.12/site-packages/airflow/example_dags/example_trigger_controller_dag.py for tasks to queue
[2026-01-27T23:45:49.098+0000] {logging_mixin.py:188} INFO - [2026-01-27T23:45:49.097+0000] {dagbag.py:540} INFO - Filling up the DagBag from /home/airflow/.local/lib/python3.12/site-packages/airflow/example_dags/example_trigger_controller_dag.py
[2026-01-27T23:45:49.103+0000] {processor.py:840} INFO - DAG(s) 'example_trigger_controller_dag' retrieved from /home/airflow/.local/lib/python3.12/site-packages/airflow/example_dags/example_trigger_controller_dag.py
[2026-01-27T23:45:49.123+0000] {logging_mixin.py:188} INFO - [2026-01-27T23:45:49.123+0000] {dag.py:3096} INFO - Sync 1 DAGs
[2026-01-27T23:45:49.142+0000] {logging_mixin.py:188} INFO - [2026-01-27T23:45:49.141+0000] {dag.py:3954} INFO - Setting next_dagrun for example_trigger_controller_dag to 2021-01-01 00:00:00+00:00, run_after=2021-01-01 00:00:00+00:00
[2026-01-27T23:45:49.164+0000] {processor.py:183} INFO - Processing /home/airflow/.local/lib/python3.12/site-packages/airflow/example_dags/example_trigger_controller_dag.py took 0.075 seconds
[2026-01-27T23:46:19.469+0000] {processor.py:161} INFO - Started process (PID=1101) to work on /home/airflow/.local/lib/python3.12/site-packages/airflow/example_dags/example_trigger_controller_dag.py
[2026-01-27T23:46:19.470+0000] {processor.py:830} INFO - Processing file /home/airflow/.local/lib/python3.12/site-packages/airflow/example_dags/example_trigger_controller_dag.py for tasks to queue
[2026-01-27T23:46:19.472+0000] {logging_mixin.py:188} INFO - [2026-01-27T23:46:19.472+0000] {dagbag.py:540} INFO - Filling up the DagBag from /home/airflow/.local/lib/python3.12/site-packages/airflow/example_dags/example_trigger_controller_dag.py
[2026-01-27T23:46:19.478+0000] {processor.py:840} INFO - DAG(s) 'example_trigger_controller_dag' retrieved from /home/airflow/.local/lib/python3.12/site-packages/airflow/example_dags/example_trigger_controller_dag.py
[2026-01-27T23:46:19.500+0000] {logging_mixin.py:188} INFO - [2026-01-27T23:46:19.500+0000] {dag.py:3096} INFO - Sync 1 DAGs
[2026-01-27T23:46:19.523+0000] {logging_mixin.py:188} INFO - [2026-01-27T23:46:19.523+0000] {dag.py:3954} INFO - Setting next_dagrun for example_trigger_controller_dag to 2021-01-01 00:00:00+00:00, run_after=2021-01-01 00:00:00+00:00
[2026-01-27T23:46:19.547+0000] {processor.py:183} INFO - Processing /home/airflow/.local/lib/python3.12/site-packages/airflow/example_dags/example_trigger_controller_dag.py took 0.085 seconds
[2026-01-27T23:46:50.293+0000] {processor.py:161} INFO - Started process (PID=1153) to work on /home/airflow/.local/lib/python3.12/site-packages/airflow/example_dags/example_trigger_controller_dag.py
[2026-01-27T23:46:50.295+0000] {processor.py:830} INFO - Processing file /home/airflow/.local/lib/python3.12/site-packages/airflow/example_dags/example_trigger_controller_dag.py for tasks to queue
[2026-01-27T23:46:50.299+0000] {logging_mixin.py:188} INFO - [2026-01-27T23:46:50.298+0000] {dagbag.py:540} INFO - Filling up the DagBag from /home/airflow/.local/lib/python3.12/site-packages/airflow/example_dags/example_trigger_controller_dag.py
[2026-01-27T23:46:50.307+0000] {processor.py:840} INFO - DAG(s) 'example_trigger_controller_dag' retrieved from /home/airflow/.local/lib/python3.12/site-packages/airflow/example_dags/example_trigger_controller_dag.py
[2026-01-27T23:46:50.334+0000] {logging_mixin.py:188} INFO - [2026-01-27T23:46:50.334+0000] {dag.py:3096} INFO - Sync 1 DAGs
[2026-01-27T23:46:50.524+0000] {logging_mixin.py:188} INFO - [2026-01-27T23:46:50.524+0000] {dag.py:3954} INFO - Setting next_dagrun for example_trigger_controller_dag to 2021-01-01 00:00:00+00:00, run_after=2021-01-01 00:00:00+00:00
[2026-01-27T23:46:50.547+0000] {processor.py:183} INFO - Processing /home/airflow/.local/lib/python3.12/site-packages/airflow/example_dags/example_trigger_controller_dag.py took 0.260 seconds
[2026-01-27T23:47:21.288+0000] {processor.py:161} INFO - Started process (PID=1206) to work on /home/airflow/.local/lib/python3.12/site-packages/airflow/example_dags/example_trigger_controller_dag.py
[2026-01-27T23:47:21.289+0000] {processor.py:830} INFO - Processing file /home/airflow/.local/lib/python3.12/site-packages/airflow/example_dags/example_trigger_controller_dag.py for tasks to queue
[2026-01-27T23:47:21.292+0000] {logging_mixin.py:188} INFO - [2026-01-27T23:47:21.292+0000] {dagbag.py:540} INFO - Filling up the DagBag from /home/airflow/.local/lib/python3.12/site-packages/airflow/example_dags/example_trigger_controller_dag.py
[2026-01-27T23:47:21.301+0000] {processor.py:840} INFO - DAG(s) 'example_trigger_controller_dag' retrieved from /home/airflow/.local/lib/python3.12/site-packages/airflow/example_dags/example_trigger_controller_dag.py
[2026-01-27T23:47:21.330+0000] {logging_mixin.py:188} INFO - [2026-01-27T23:47:21.330+0000] {dag.py:3096} INFO - Sync 1 DAGs
[2026-01-27T23:47:21.358+0000] {logging_mixin.py:188} INFO - [2026-01-27T23:47:21.357+0000] {dag.py:3954} INFO - Setting next_dagrun for example_trigger_controller_dag to 2021-01-01 00:00:00+00:00, run_after=2021-01-01 00:00:00+00:00
[2026-01-27T23:47:21.512+0000] {processor.py:183} INFO - Processing /home/airflow/.local/lib/python3.12/site-packages/airflow/example_dags/example_trigger_controller_dag.py took 0.230 seconds
[2026-01-27T23:47:51.771+0000] {processor.py:161} INFO - Started process (PID=1258) to work on /home/airflow/.local/lib/python3.12/site-packages/airflow/example_dags/example_trigger_controller_dag.py
[2026-01-27T23:47:51.773+0000] {processor.py:830} INFO - Processing file /home/airflow/.local/lib/python3.12/site-packages/airflow/example_dags/example_trigger_controller_dag.py for tasks to queue
[2026-01-27T23:47:51.777+0000] {logging_mixin.py:188} INFO - [2026-01-27T23:47:51.776+0000] {dagbag.py:540} INFO - Filling up the DagBag from /home/airflow/.local/lib/python3.12/site-packages/airflow/example_dags/example_trigger_controller_dag.py
[2026-01-27T23:47:51.782+0000] {processor.py:840} INFO - DAG(s) 'example_trigger_controller_dag' retrieved from /home/airflow/.local/lib/python3.12/site-packages/airflow/example_dags/example_trigger_controller_dag.py
[2026-01-27T23:47:51.803+0000] {logging_mixin.py:188} INFO - [2026-01-27T23:47:51.803+0000] {dag.py:3096} INFO - Sync 1 DAGs
[2026-01-27T23:47:51.827+0000] {logging_mixin.py:188} INFO - [2026-01-27T23:47:51.827+0000] {dag.py:3954} INFO - Setting next_dagrun for example_trigger_controller_dag to 2021-01-01 00:00:00+00:00, run_after=2021-01-01 00:00:00+00:00
[2026-01-27T23:47:51.849+0000] {processor.py:183} INFO - Processing /home/airflow/.local/lib/python3.12/site-packages/airflow/example_dags/example_trigger_controller_dag.py took 0.084 seconds
[2026-01-27T23:48:21.918+0000] {processor.py:161} INFO - Started process (PID=1309) to work on /home/airflow/.local/lib/python3.12/site-packages/airflow/example_dags/example_trigger_controller_dag.py
[2026-01-27T23:48:21.919+0000] {processor.py:830} INFO - Processing file /home/airflow/.local/lib/python3.12/site-packages/airflow/example_dags/example_trigger_controller_dag.py for tasks to queue
[2026-01-27T23:48:21.921+0000] {logging_mixin.py:188} INFO - [2026-01-27T23:48:21.920+0000] {dagbag.py:540} INFO - Filling up the DagBag from /home/airflow/.local/lib/python3.12/site-packages/airflow/example_dags/example_trigger_controller_dag.py
[2026-01-27T23:48:21.926+0000] {processor.py:840} INFO - DAG(s) 'example_trigger_controller_dag' retrieved from /home/airflow/.local/lib/python3.12/site-packages/airflow/example_dags/example_trigger_controller_dag.py
[2026-01-27T23:48:21.945+0000] {logging_mixin.py:188} INFO - [2026-01-27T23:48:21.944+0000] {dag.py:3096} INFO - Sync 1 DAGs
[2026-01-27T23:48:21.966+0000] {logging_mixin.py:188} INFO - [2026-01-27T23:48:21.966+0000] {dag.py:3954} INFO - Setting next_dagrun for example_trigger_controller_dag to 2021-01-01 00:00:00+00:00, run_after=2021-01-01 00:00:00+00:00
[2026-01-27T23:48:21.986+0000] {processor.py:183} INFO - Processing /home/airflow/.local/lib/python3.12/site-packages/airflow/example_dags/example_trigger_controller_dag.py took 0.074 seconds
[2026-01-27T23:48:52.027+0000] {processor.py:161} INFO - Started process (PID=1361) to work on /home/airflow/.local/lib/python3.12/site-packages/airflow/example_dags/example_trigger_controller_dag.py
[2026-01-27T23:48:52.028+0000] {processor.py:830} INFO - Processing file /home/airflow/.local/lib/python3.12/site-packages/airflow/example_dags/example_trigger_controller_dag.py for tasks to queue
[2026-01-27T23:48:52.030+0000] {logging_mixin.py:188} INFO - [2026-01-27T23:48:52.030+0000] {dagbag.py:540} INFO - Filling up the DagBag from /home/airflow/.local/lib/python3.12/site-packages/airflow/example_dags/example_trigger_controller_dag.py
[2026-01-27T23:48:52.035+0000] {processor.py:840} INFO - DAG(s) 'example_trigger_controller_dag' retrieved from /home/airflow/.local/lib/python3.12/site-packages/airflow/example_dags/example_trigger_controller_dag.py
[2026-01-27T23:48:52.057+0000] {logging_mixin.py:188} INFO - [2026-01-27T23:48:52.057+0000] {dag.py:3096} INFO - Sync 1 DAGs
[2026-01-27T23:48:52.076+0000] {logging_mixin.py:188} INFO - [2026-01-27T23:48:52.076+0000] {dag.py:3954} INFO - Setting next_dagrun for example_trigger_controller_dag to 2021-01-01 00:00:00+00:00, run_after=2021-01-01 00:00:00+00:00
[2026-01-27T23:48:52.096+0000] {processor.py:183} INFO - Processing /home/airflow/.local/lib/python3.12/site-packages/airflow/example_dags/example_trigger_controller_dag.py took 0.076 seconds
[2026-01-27T23:49:22.827+0000] {processor.py:161} INFO - Started process (PID=1413) to work on /home/airflow/.local/lib/python3.12/site-packages/airflow/example_dags/example_trigger_controller_dag.py
[2026-01-27T23:49:22.828+0000] {processor.py:830} INFO - Processing file /home/airflow/.local/lib/python3.12/site-packages/airflow/example_dags/example_trigger_controller_dag.py for tasks to queue
[2026-01-27T23:49:22.831+0000] {logging_mixin.py:188} INFO - [2026-01-27T23:49:22.830+0000] {dagbag.py:540} INFO - Filling up the DagBag from /home/airflow/.local/lib/python3.12/site-packages/airflow/example_dags/example_trigger_controller_dag.py
[2026-01-27T23:49:22.836+0000] {processor.py:840} INFO - DAG(s) 'example_trigger_controller_dag' retrieved from /home/airflow/.local/lib/python3.12/site-packages/airflow/example_dags/example_trigger_controller_dag.py
[2026-01-27T23:49:22.857+0000] {logging_mixin.py:188} INFO - [2026-01-27T23:49:22.857+0000] {dag.py:3096} INFO - Sync 1 DAGs
[2026-01-27T23:49:22.879+0000] {logging_mixin.py:188} INFO - [2026-01-27T23:49:22.879+0000] {dag.py:3954} INFO - Setting next_dagrun for example_trigger_controller_dag to 2021-01-01 00:00:00+00:00, run_after=2021-01-01 00:00:00+00:00
[2026-01-27T23:49:22.900+0000] {processor.py:183} INFO - Processing /home/airflow/.local/lib/python3.12/site-packages/airflow/example_dags/example_trigger_controller_dag.py took 0.079 seconds
[2026-01-27T23:49:53.199+0000] {processor.py:161} INFO - Started process (PID=1465) to work on /home/airflow/.local/lib/python3.12/site-packages/airflow/example_dags/example_trigger_controller_dag.py
[2026-01-27T23:49:53.200+0000] {processor.py:830} INFO - Processing file /home/airflow/.local/lib/python3.12/site-packages/airflow/example_dags/example_trigger_controller_dag.py for tasks to queue
[2026-01-27T23:49:53.202+0000] {logging_mixin.py:188} INFO - [2026-01-27T23:49:53.202+0000] {dagbag.py:540} INFO - Filling up the DagBag from /home/airflow/.local/lib/python3.12/site-packages/airflow/example_dags/example_trigger_controller_dag.py
[2026-01-27T23:49:53.207+0000] {processor.py:840} INFO - DAG(s) 'example_trigger_controller_dag' retrieved from /home/airflow/.local/lib/python3.12/site-packages/airflow/example_dags/example_trigger_controller_dag.py
[2026-01-27T23:49:53.229+0000] {logging_mixin.py:188} INFO - [2026-01-27T23:49:53.229+0000] {dag.py:3096} INFO - Sync 1 DAGs
[2026-01-27T23:49:53.250+0000] {logging_mixin.py:188} INFO - [2026-01-27T23:49:53.250+0000] {dag.py:3954} INFO - Setting next_dagrun for example_trigger_controller_dag to 2021-01-01 00:00:00+00:00, run_after=2021-01-01 00:00:00+00:00
[2026-01-27T23:49:53.271+0000] {processor.py:183} INFO - Processing /home/airflow/.local/lib/python3.12/site-packages/airflow/example_dags/example_trigger_controller_dag.py took 0.078 seconds
[2026-01-27T23:50:23.779+0000] {processor.py:161} INFO - Started process (PID=1517) to work on /home/airflow/.local/lib/python3.12/site-packages/airflow/example_dags/example_trigger_controller_dag.py
[2026-01-27T23:50:23.781+0000] {processor.py:830} INFO - Processing file /home/airflow/.local/lib/python3.12/site-packages/airflow/example_dags/example_trigger_controller_dag.py for tasks to queue
[2026-01-27T23:50:23.783+0000] {logging_mixin.py:188} INFO - [2026-01-27T23:50:23.782+0000] {dagbag.py:540} INFO - Filling up the DagBag from /home/airflow/.local/lib/python3.12/site-packages/airflow/example_dags/example_trigger_controller_dag.py
[2026-01-27T23:50:23.787+0000] {processor.py:840} INFO - DAG(s) 'example_trigger_controller_dag' retrieved from /home/airflow/.local/lib/python3.12/site-packages/airflow/example_dags/example_trigger_controller_dag.py
[2026-01-27T23:50:23.809+0000] {logging_mixin.py:188} INFO - [2026-01-27T23:50:23.809+0000] {dag.py:3096} INFO - Sync 1 DAGs
[2026-01-27T23:50:23.835+0000] {logging_mixin.py:188} INFO - [2026-01-27T23:50:23.835+0000] {dag.py:3954} INFO - Setting next_dagrun for example_trigger_controller_dag to 2021-01-01 00:00:00+00:00, run_after=2021-01-01 00:00:00+00:00
[2026-01-27T23:50:23.856+0000] {processor.py:183} INFO - Processing /home/airflow/.local/lib/python3.12/site-packages/airflow/example_dags/example_trigger_controller_dag.py took 0.082 seconds
[2026-01-27T23:50:54.012+0000] {processor.py:161} INFO - Started process (PID=1569) to work on /home/airflow/.local/lib/python3.12/site-packages/airflow/example_dags/example_trigger_controller_dag.py
[2026-01-27T23:50:54.013+0000] {processor.py:830} INFO - Processing file /home/airflow/.local/lib/python3.12/site-packages/airflow/example_dags/example_trigger_controller_dag.py for tasks to queue
[2026-01-27T23:50:54.016+0000] {logging_mixin.py:188} INFO - [2026-01-27T23:50:54.016+0000] {dagbag.py:540} INFO - Filling up the DagBag from /home/airflow/.local/lib/python3.12/site-packages/airflow/example_dags/example_trigger_controller_dag.py
[2026-01-27T23:50:54.024+0000] {processor.py:840} INFO - DAG(s) 'example_trigger_controller_dag' retrieved from /home/airflow/.local/lib/python3.12/site-packages/airflow/example_dags/example_trigger_controller_dag.py
[2026-01-27T23:50:54.045+0000] {logging_mixin.py:188} INFO - [2026-01-27T23:50:54.044+0000] {dag.py:3096} INFO - Sync 1 DAGs
[2026-01-27T23:50:54.066+0000] {logging_mixin.py:188} INFO - [2026-01-27T23:50:54.065+0000] {dag.py:3954} INFO - Setting next_dagrun for example_trigger_controller_dag to 2021-01-01 00:00:00+00:00, run_after=2021-01-01 00:00:00+00:00
[2026-01-27T23:50:54.083+0000] {processor.py:183} INFO - Processing /home/airflow/.local/lib/python3.12/site-packages/airflow/example_dags/example_trigger_controller_dag.py took 0.078 seconds
[2026-01-27T23:51:24.759+0000] {processor.py:161} INFO - Started process (PID=1621) to work on /home/airflow/.local/lib/python3.12/site-packages/airflow/example_dags/example_trigger_controller_dag.py
[2026-01-27T23:51:24.760+0000] {processor.py:830} INFO - Processing file /home/airflow/.local/lib/python3.12/site-packages/airflow/example_dags/example_trigger_controller_dag.py for tasks to queue
[2026-01-27T23:51:24.762+0000] {logging_mixin.py:188} INFO - [2026-01-27T23:51:24.762+0000] {dagbag.py:540} INFO - Filling up the DagBag from /home/airflow/.local/lib/python3.12/site-packages/airflow/example_dags/example_trigger_controller_dag.py
[2026-01-27T23:51:24.767+0000] {processor.py:840} INFO - DAG(s) 'example_trigger_controller_dag' retrieved from /home/airflow/.local/lib/python3.12/site-packages/airflow/example_dags/example_trigger_controller_dag.py
[2026-01-27T23:51:24.787+0000] {logging_mixin.py:188} INFO - [2026-01-27T23:51:24.786+0000] {dag.py:3096} INFO - Sync 1 DAGs
[2026-01-27T23:51:24.807+0000] {logging_mixin.py:188} INFO - [2026-01-27T23:51:24.807+0000] {dag.py:3954} INFO - Setting next_dagrun for example_trigger_controller_dag to 2021-01-01 00:00:00+00:00, run_after=2021-01-01 00:00:00+00:00
[2026-01-27T23:51:24.831+0000] {processor.py:183} INFO - Processing /home/airflow/.local/lib/python3.12/site-packages/airflow/example_dags/example_trigger_controller_dag.py took 0.078 seconds
[2026-01-27T23:51:55.608+0000] {processor.py:161} INFO - Started process (PID=1673) to work on /home/airflow/.local/lib/python3.12/site-packages/airflow/example_dags/example_trigger_controller_dag.py
[2026-01-27T23:51:55.609+0000] {processor.py:830} INFO - Processing file /home/airflow/.local/lib/python3.12/site-packages/airflow/example_dags/example_trigger_controller_dag.py for tasks to queue
[2026-01-27T23:51:55.611+0000] {logging_mixin.py:188} INFO - [2026-01-27T23:51:55.611+0000] {dagbag.py:540} INFO - Filling up the DagBag from /home/airflow/.local/lib/python3.12/site-packages/airflow/example_dags/example_trigger_controller_dag.py
[2026-01-27T23:51:55.616+0000] {processor.py:840} INFO - DAG(s) 'example_trigger_controller_dag' retrieved from /home/airflow/.local/lib/python3.12/site-packages/airflow/example_dags/example_trigger_controller_dag.py
[2026-01-27T23:51:55.640+0000] {logging_mixin.py:188} INFO - [2026-01-27T23:51:55.640+0000] {dag.py:3096} INFO - Sync 1 DAGs
[2026-01-27T23:51:55.662+0000] {logging_mixin.py:188} INFO - [2026-01-27T23:51:55.661+0000] {dag.py:3954} INFO - Setting next_dagrun for example_trigger_controller_dag to 2021-01-01 00:00:00+00:00, run_after=2021-01-01 00:00:00+00:00
[2026-01-27T23:51:55.694+0000] {processor.py:183} INFO - Processing /home/airflow/.local/lib/python3.12/site-packages/airflow/example_dags/example_trigger_controller_dag.py took 0.094 seconds
[2026-01-27T23:52:26.221+0000] {processor.py:161} INFO - Started process (PID=1725) to work on /home/airflow/.local/lib/python3.12/site-packages/airflow/example_dags/example_trigger_controller_dag.py
[2026-01-27T23:52:26.222+0000] {processor.py:830} INFO - Processing file /home/airflow/.local/lib/python3.12/site-packages/airflow/example_dags/example_trigger_controller_dag.py for tasks to queue
[2026-01-27T23:52:26.224+0000] {logging_mixin.py:188} INFO - [2026-01-27T23:52:26.224+0000] {dagbag.py:540} INFO - Filling up the DagBag from /home/airflow/.local/lib/python3.12/site-packages/airflow/example_dags/example_trigger_controller_dag.py
[2026-01-27T23:52:26.228+0000] {processor.py:840} INFO - DAG(s) 'example_trigger_controller_dag' retrieved from /home/airflow/.local/lib/python3.12/site-packages/airflow/example_dags/example_trigger_controller_dag.py
[2026-01-27T23:52:26.247+0000] {logging_mixin.py:188} INFO - [2026-01-27T23:52:26.247+0000] {dag.py:3096} INFO - Sync 1 DAGs
[2026-01-27T23:52:26.266+0000] {logging_mixin.py:188} INFO - [2026-01-27T23:52:26.266+0000] {dag.py:3954} INFO - Setting next_dagrun for example_trigger_controller_dag to 2021-01-01 00:00:00+00:00, run_after=2021-01-01 00:00:00+00:00
[2026-01-27T23:52:26.287+0000] {processor.py:183} INFO - Processing /home/airflow/.local/lib/python3.12/site-packages/airflow/example_dags/example_trigger_controller_dag.py took 0.072 seconds
[2026-01-27T23:52:56.497+0000] {processor.py:161} INFO - Started process (PID=1777) to work on /home/airflow/.local/lib/python3.12/site-packages/airflow/example_dags/example_trigger_controller_dag.py
[2026-01-27T23:52:56.498+0000] {processor.py:830} INFO - Processing file /home/airflow/.local/lib/python3.12/site-packages/airflow/example_dags/example_trigger_controller_dag.py for tasks to queue
[2026-01-27T23:52:56.500+0000] {logging_mixin.py:188} INFO - [2026-01-27T23:52:56.500+0000] {dagbag.py:540} INFO - Filling up the DagBag from /home/airflow/.local/lib/python3.12/site-packages/airflow/example_dags/example_trigger_controller_dag.py
[2026-01-27T23:52:56.505+0000] {processor.py:840} INFO - DAG(s) 'example_trigger_controller_dag' retrieved from /home/airflow/.local/lib/python3.12/site-packages/airflow/example_dags/example_trigger_controller_dag.py
[2026-01-27T23:52:56.525+0000] {logging_mixin.py:188} INFO - [2026-01-27T23:52:56.525+0000] {dag.py:3096} INFO - Sync 1 DAGs
[2026-01-27T23:52:56.544+0000] {logging_mixin.py:188} INFO - [2026-01-27T23:52:56.544+0000] {dag.py:3954} INFO - Setting next_dagrun for example_trigger_controller_dag to 2021-01-01 00:00:00+00:00, run_after=2021-01-01 00:00:00+00:00
[2026-01-27T23:52:56.564+0000] {processor.py:183} INFO - Processing /home/airflow/.local/lib/python3.12/site-packages/airflow/example_dags/example_trigger_controller_dag.py took 0.072 seconds
[2026-01-27T23:53:26.687+0000] {processor.py:161} INFO - Started process (PID=1829) to work on /home/airflow/.local/lib/python3.12/site-packages/airflow/example_dags/example_trigger_controller_dag.py
[2026-01-27T23:53:26.688+0000] {processor.py:830} INFO - Processing file /home/airflow/.local/lib/python3.12/site-packages/airflow/example_dags/example_trigger_controller_dag.py for tasks to queue
[2026-01-27T23:53:26.691+0000] {logging_mixin.py:188} INFO - [2026-01-27T23:53:26.691+0000] {dagbag.py:540} INFO - Filling up the DagBag from /home/airflow/.local/lib/python3.12/site-packages/airflow/example_dags/example_trigger_controller_dag.py
[2026-01-27T23:53:26.697+0000] {processor.py:840} INFO - DAG(s) 'example_trigger_controller_dag' retrieved from /home/airflow/.local/lib/python3.12/site-packages/airflow/example_dags/example_trigger_controller_dag.py
[2026-01-27T23:53:26.719+0000] {logging_mixin.py:188} INFO - [2026-01-27T23:53:26.718+0000] {dag.py:3096} INFO - Sync 1 DAGs
[2026-01-27T23:53:26.741+0000] {logging_mixin.py:188} INFO - [2026-01-27T23:53:26.741+0000] {dag.py:3954} INFO - Setting next_dagrun for example_trigger_controller_dag to 2021-01-01 00:00:00+00:00, run_after=2021-01-01 00:00:00+00:00
[2026-01-27T23:53:26.762+0000] {processor.py:183} INFO - Processing /home/airflow/.local/lib/python3.12/site-packages/airflow/example_dags/example_trigger_controller_dag.py took 0.084 seconds
[2026-01-27T23:53:56.901+0000] {processor.py:161} INFO - Started process (PID=1881) to work on /home/airflow/.local/lib/python3.12/site-packages/airflow/example_dags/example_trigger_controller_dag.py
[2026-01-27T23:53:56.902+0000] {processor.py:830} INFO - Processing file /home/airflow/.local/lib/python3.12/site-packages/airflow/example_dags/example_trigger_controller_dag.py for tasks to queue
[2026-01-27T23:53:56.904+0000] {logging_mixin.py:188} INFO - [2026-01-27T23:53:56.904+0000] {dagbag.py:540} INFO - Filling up the DagBag from /home/airflow/.local/lib/python3.12/site-packages/airflow/example_dags/example_trigger_controller_dag.py
[2026-01-27T23:53:56.909+0000] {processor.py:840} INFO - DAG(s) 'example_trigger_controller_dag' retrieved from /home/airflow/.local/lib/python3.12/site-packages/airflow/example_dags/example_trigger_controller_dag.py
[2026-01-27T23:53:56.928+0000] {logging_mixin.py:188} INFO - [2026-01-27T23:53:56.928+0000] {dag.py:3096} INFO - Sync 1 DAGs
[2026-01-27T23:53:56.949+0000] {logging_mixin.py:188} INFO - [2026-01-27T23:53:56.949+0000] {dag.py:3954} INFO - Setting next_dagrun for example_trigger_controller_dag to 2021-01-01 00:00:00+00:00, run_after=2021-01-01 00:00:00+00:00
[2026-01-27T23:53:56.972+0000] {processor.py:183} INFO - Processing /home/airflow/.local/lib/python3.12/site-packages/airflow/example_dags/example_trigger_controller_dag.py took 0.077 seconds
[2026-01-27T23:54:27.395+0000] {processor.py:161} INFO - Started process (PID=1933) to work on /home/airflow/.local/lib/python3.12/site-packages/airflow/example_dags/example_trigger_controller_dag.py
[2026-01-27T23:54:27.396+0000] {processor.py:830} INFO - Processing file /home/airflow/.local/lib/python3.12/site-packages/airflow/example_dags/example_trigger_controller_dag.py for tasks to queue
[2026-01-27T23:54:27.399+0000] {logging_mixin.py:188} INFO - [2026-01-27T23:54:27.399+0000] {dagbag.py:540} INFO - Filling up the DagBag from /home/airflow/.local/lib/python3.12/site-packages/airflow/example_dags/example_trigger_controller_dag.py
[2026-01-27T23:54:27.405+0000] {processor.py:840} INFO - DAG(s) 'example_trigger_controller_dag' retrieved from /home/airflow/.local/lib/python3.12/site-packages/airflow/example_dags/example_trigger_controller_dag.py
[2026-01-27T23:54:27.431+0000] {logging_mixin.py:188} INFO - [2026-01-27T23:54:27.430+0000] {dag.py:3096} INFO - Sync 1 DAGs
[2026-01-27T23:54:27.457+0000] {logging_mixin.py:188} INFO - [2026-01-27T23:54:27.457+0000] {dag.py:3954} INFO - Setting next_dagrun for example_trigger_controller_dag to 2021-01-01 00:00:00+00:00, run_after=2021-01-01 00:00:00+00:00
[2026-01-27T23:54:27.490+0000] {processor.py:183} INFO - Processing /home/airflow/.local/lib/python3.12/site-packages/airflow/example_dags/example_trigger_controller_dag.py took 0.104 seconds
[2026-01-27T23:54:58.292+0000] {processor.py:161} INFO - Started process (PID=1985) to work on /home/airflow/.local/lib/python3.12/site-packages/airflow/example_dags/example_trigger_controller_dag.py
[2026-01-27T23:54:58.294+0000] {processor.py:830} INFO - Processing file /home/airflow/.local/lib/python3.12/site-packages/airflow/example_dags/example_trigger_controller_dag.py for tasks to queue
[2026-01-27T23:54:58.296+0000] {logging_mixin.py:188} INFO - [2026-01-27T23:54:58.295+0000] {dagbag.py:540} INFO - Filling up the DagBag from /home/airflow/.local/lib/python3.12/site-packages/airflow/example_dags/example_trigger_controller_dag.py
[2026-01-27T23:54:58.301+0000] {processor.py:840} INFO - DAG(s) 'example_trigger_controller_dag' retrieved from /home/airflow/.local/lib/python3.12/site-packages/airflow/example_dags/example_trigger_controller_dag.py
[2026-01-27T23:54:58.322+0000] {logging_mixin.py:188} INFO - [2026-01-27T23:54:58.322+0000] {dag.py:3096} INFO - Sync 1 DAGs
[2026-01-27T23:54:58.342+0000] {logging_mixin.py:188} INFO - [2026-01-27T23:54:58.341+0000] {dag.py:3954} INFO - Setting next_dagrun for example_trigger_controller_dag to 2021-01-01 00:00:00+00:00, run_after=2021-01-01 00:00:00+00:00
[2026-01-27T23:54:58.361+0000] {processor.py:183} INFO - Processing /home/airflow/.local/lib/python3.12/site-packages/airflow/example_dags/example_trigger_controller_dag.py took 0.075 seconds
[2026-01-27T23:55:28.987+0000] {processor.py:161} INFO - Started process (PID=2037) to work on /home/airflow/.local/lib/python3.12/site-packages/airflow/example_dags/example_trigger_controller_dag.py
[2026-01-27T23:55:28.989+0000] {processor.py:830} INFO - Processing file /home/airflow/.local/lib/python3.12/site-packages/airflow/example_dags/example_trigger_controller_dag.py for tasks to queue
[2026-01-27T23:55:28.992+0000] {logging_mixin.py:188} INFO - [2026-01-27T23:55:28.991+0000] {dagbag.py:540} INFO - Filling up the DagBag from /home/airflow/.local/lib/python3.12/site-packages/airflow/example_dags/example_trigger_controller_dag.py
[2026-01-27T23:55:28.998+0000] {processor.py:840} INFO - DAG(s) 'example_trigger_controller_dag' retrieved from /home/airflow/.local/lib/python3.12/site-packages/airflow/example_dags/example_trigger_controller_dag.py
[2026-01-27T23:55:29.023+0000] {logging_mixin.py:188} INFO - [2026-01-27T23:55:29.023+0000] {dag.py:3096} INFO - Sync 1 DAGs
[2026-01-27T23:55:29.050+0000] {logging_mixin.py:188} INFO - [2026-01-27T23:55:29.050+0000] {dag.py:3954} INFO - Setting next_dagrun for example_trigger_controller_dag to 2021-01-01 00:00:00+00:00, run_after=2021-01-01 00:00:00+00:00
[2026-01-27T23:55:29.074+0000] {processor.py:183} INFO - Processing /home/airflow/.local/lib/python3.12/site-packages/airflow/example_dags/example_trigger_controller_dag.py took 0.094 seconds
[2026-01-27T23:55:59.238+0000] {processor.py:161} INFO - Started process (PID=2089) to work on /home/airflow/.local/lib/python3.12/site-packages/airflow/example_dags/example_trigger_controller_dag.py
[2026-01-27T23:55:59.239+0000] {processor.py:830} INFO - Processing file /home/airflow/.local/lib/python3.12/site-packages/airflow/example_dags/example_trigger_controller_dag.py for tasks to queue
[2026-01-27T23:55:59.241+0000] {logging_mixin.py:188} INFO - [2026-01-27T23:55:59.241+0000] {dagbag.py:540} INFO - Filling up the DagBag from /home/airflow/.local/lib/python3.12/site-packages/airflow/example_dags/example_trigger_controller_dag.py
[2026-01-27T23:55:59.246+0000] {processor.py:840} INFO - DAG(s) 'example_trigger_controller_dag' retrieved from /home/airflow/.local/lib/python3.12/site-packages/airflow/example_dags/example_trigger_controller_dag.py
[2026-01-27T23:55:59.267+0000] {logging_mixin.py:188} INFO - [2026-01-27T23:55:59.267+0000] {dag.py:3096} INFO - Sync 1 DAGs
[2026-01-27T23:55:59.292+0000] {logging_mixin.py:188} INFO - [2026-01-27T23:55:59.291+0000] {dag.py:3954} INFO - Setting next_dagrun for example_trigger_controller_dag to 2021-01-01 00:00:00+00:00, run_after=2021-01-01 00:00:00+00:00
[2026-01-27T23:55:59.314+0000] {processor.py:183} INFO - Processing /home/airflow/.local/lib/python3.12/site-packages/airflow/example_dags/example_trigger_controller_dag.py took 0.082 seconds
[2026-01-27T23:56:29.521+0000] {processor.py:161} INFO - Started process (PID=2141) to work on /home/airflow/.local/lib/python3.12/site-packages/airflow/example_dags/example_trigger_controller_dag.py
[2026-01-27T23:56:29.522+0000] {processor.py:830} INFO - Processing file /home/airflow/.local/lib/python3.12/site-packages/airflow/example_dags/example_trigger_controller_dag.py for tasks to queue
[2026-01-27T23:56:29.525+0000] {logging_mixin.py:188} INFO - [2026-01-27T23:56:29.524+0000] {dagbag.py:540} INFO - Filling up the DagBag from /home/airflow/.local/lib/python3.12/site-packages/airflow/example_dags/example_trigger_controller_dag.py
[2026-01-27T23:56:29.532+0000] {processor.py:840} INFO - DAG(s) 'example_trigger_controller_dag' retrieved from /home/airflow/.local/lib/python3.12/site-packages/airflow/example_dags/example_trigger_controller_dag.py
[2026-01-27T23:56:29.565+0000] {logging_mixin.py:188} INFO - [2026-01-27T23:56:29.565+0000] {dag.py:3096} INFO - Sync 1 DAGs
[2026-01-27T23:56:29.604+0000] {logging_mixin.py:188} INFO - [2026-01-27T23:56:29.604+0000] {dag.py:3954} INFO - Setting next_dagrun for example_trigger_controller_dag to 2021-01-01 00:00:00+00:00, run_after=2021-01-01 00:00:00+00:00
[2026-01-27T23:56:29.659+0000] {processor.py:183} INFO - Processing /home/airflow/.local/lib/python3.12/site-packages/airflow/example_dags/example_trigger_controller_dag.py took 0.146 seconds
[2026-01-27T23:56:59.806+0000] {processor.py:161} INFO - Started process (PID=2193) to work on /home/airflow/.local/lib/python3.12/site-packages/airflow/example_dags/example_trigger_controller_dag.py
[2026-01-27T23:56:59.808+0000] {processor.py:830} INFO - Processing file /home/airflow/.local/lib/python3.12/site-packages/airflow/example_dags/example_trigger_controller_dag.py for tasks to queue
[2026-01-27T23:56:59.811+0000] {logging_mixin.py:188} INFO - [2026-01-27T23:56:59.810+0000] {dagbag.py:540} INFO - Filling up the DagBag from /home/airflow/.local/lib/python3.12/site-packages/airflow/example_dags/example_trigger_controller_dag.py
[2026-01-27T23:56:59.818+0000] {processor.py:840} INFO - DAG(s) 'example_trigger_controller_dag' retrieved from /home/airflow/.local/lib/python3.12/site-packages/airflow/example_dags/example_trigger_controller_dag.py
[2026-01-27T23:56:59.837+0000] {logging_mixin.py:188} INFO - [2026-01-27T23:56:59.837+0000] {dag.py:3096} INFO - Sync 1 DAGs
[2026-01-27T23:56:59.865+0000] {logging_mixin.py:188} INFO - [2026-01-27T23:56:59.865+0000] {dag.py:3954} INFO - Setting next_dagrun for example_trigger_controller_dag to 2021-01-01 00:00:00+00:00, run_after=2021-01-01 00:00:00+00:00
[2026-01-27T23:56:59.886+0000] {processor.py:183} INFO - Processing /home/airflow/.local/lib/python3.12/site-packages/airflow/example_dags/example_trigger_controller_dag.py took 0.086 seconds
[2026-01-27T23:57:30.525+0000] {processor.py:161} INFO - Started process (PID=2245) to work on /home/airflow/.local/lib/python3.12/site-packages/airflow/example_dags/example_trigger_controller_dag.py
[2026-01-27T23:57:30.526+0000] {processor.py:830} INFO - Processing file /home/airflow/.local/lib/python3.12/site-packages/airflow/example_dags/example_trigger_controller_dag.py for tasks to queue
[2026-01-27T23:57:30.529+0000] {logging_mixin.py:188} INFO - [2026-01-27T23:57:30.528+0000] {dagbag.py:540} INFO - Filling up the DagBag from /home/airflow/.local/lib/python3.12/site-packages/airflow/example_dags/example_trigger_controller_dag.py
[2026-01-27T23:57:30.536+0000] {processor.py:840} INFO - DAG(s) 'example_trigger_controller_dag' retrieved from /home/airflow/.local/lib/python3.12/site-packages/airflow/example_dags/example_trigger_controller_dag.py
[2026-01-27T23:57:30.555+0000] {logging_mixin.py:188} INFO - [2026-01-27T23:57:30.555+0000] {dag.py:3096} INFO - Sync 1 DAGs
[2026-01-27T23:57:30.575+0000] {logging_mixin.py:188} INFO - [2026-01-27T23:57:30.574+0000] {dag.py:3954} INFO - Setting next_dagrun for example_trigger_controller_dag to 2021-01-01 00:00:00+00:00, run_after=2021-01-01 00:00:00+00:00
[2026-01-27T23:57:30.594+0000] {processor.py:183} INFO - Processing /home/airflow/.local/lib/python3.12/site-packages/airflow/example_dags/example_trigger_controller_dag.py took 0.078 seconds
[2026-01-27T23:58:00.721+0000] {processor.py:161} INFO - Started process (PID=2297) to work on /home/airflow/.local/lib/python3.12/site-packages/airflow/example_dags/example_trigger_controller_dag.py
[2026-01-27T23:58:00.722+0000] {processor.py:830} INFO - Processing file /home/airflow/.local/lib/python3.12/site-packages/airflow/example_dags/example_trigger_controller_dag.py for tasks to queue
[2026-01-27T23:58:00.724+0000] {logging_mixin.py:188} INFO - [2026-01-27T23:58:00.724+0000] {dagbag.py:540} INFO - Filling up the DagBag from /home/airflow/.local/lib/python3.12/site-packages/airflow/example_dags/example_trigger_controller_dag.py
[2026-01-27T23:58:00.732+0000] {processor.py:840} INFO - DAG(s) 'example_trigger_controller_dag' retrieved from /home/airflow/.local/lib/python3.12/site-packages/airflow/example_dags/example_trigger_controller_dag.py
[2026-01-27T23:58:00.754+0000] {logging_mixin.py:188} INFO - [2026-01-27T23:58:00.754+0000] {dag.py:3096} INFO - Sync 1 DAGs
[2026-01-27T23:58:00.777+0000] {logging_mixin.py:188} INFO - [2026-01-27T23:58:00.777+0000] {dag.py:3954} INFO - Setting next_dagrun for example_trigger_controller_dag to 2021-01-01 00:00:00+00:00, run_after=2021-01-01 00:00:00+00:00
[2026-01-27T23:58:00.801+0000] {processor.py:183} INFO - Processing /home/airflow/.local/lib/python3.12/site-packages/airflow/example_dags/example_trigger_controller_dag.py took 0.086 seconds
[2026-01-27T23:58:31.082+0000] {processor.py:161} INFO - Started process (PID=2349) to work on /home/airflow/.local/lib/python3.12/site-packages/airflow/example_dags/example_trigger_controller_dag.py
[2026-01-27T23:58:31.084+0000] {processor.py:830} INFO - Processing file /home/airflow/.local/lib/python3.12/site-packages/airflow/example_dags/example_trigger_controller_dag.py for tasks to queue
[2026-01-27T23:58:31.086+0000] {logging_mixin.py:188} INFO - [2026-01-27T23:58:31.086+0000] {dagbag.py:540} INFO - Filling up the DagBag from /home/airflow/.local/lib/python3.12/site-packages/airflow/example_dags/example_trigger_controller_dag.py
[2026-01-27T23:58:31.091+0000] {processor.py:840} INFO - DAG(s) 'example_trigger_controller_dag' retrieved from /home/airflow/.local/lib/python3.12/site-packages/airflow/example_dags/example_trigger_controller_dag.py
[2026-01-27T23:58:31.113+0000] {logging_mixin.py:188} INFO - [2026-01-27T23:58:31.113+0000] {dag.py:3096} INFO - Sync 1 DAGs
[2026-01-27T23:58:31.134+0000] {logging_mixin.py:188} INFO - [2026-01-27T23:58:31.134+0000] {dag.py:3954} INFO - Setting next_dagrun for example_trigger_controller_dag to 2021-01-01 00:00:00+00:00, run_after=2021-01-01 00:00:00+00:00
[2026-01-27T23:58:31.157+0000] {processor.py:183} INFO - Processing /home/airflow/.local/lib/python3.12/site-packages/airflow/example_dags/example_trigger_controller_dag.py took 0.082 seconds
[2026-01-27T23:59:01.399+0000] {processor.py:161} INFO - Started process (PID=2401) to work on /home/airflow/.local/lib/python3.12/site-packages/airflow/example_dags/example_trigger_controller_dag.py
[2026-01-27T23:59:01.400+0000] {processor.py:830} INFO - Processing file /home/airflow/.local/lib/python3.12/site-packages/airflow/example_dags/example_trigger_controller_dag.py for tasks to queue
[2026-01-27T23:59:01.402+0000] {logging_mixin.py:188} INFO - [2026-01-27T23:59:01.401+0000] {dagbag.py:540} INFO - Filling up the DagBag from /home/airflow/.local/lib/python3.12/site-packages/airflow/example_dags/example_trigger_controller_dag.py
[2026-01-27T23:59:01.406+0000] {processor.py:840} INFO - DAG(s) 'example_trigger_controller_dag' retrieved from /home/airflow/.local/lib/python3.12/site-packages/airflow/example_dags/example_trigger_controller_dag.py
[2026-01-27T23:59:01.427+0000] {logging_mixin.py:188} INFO - [2026-01-27T23:59:01.427+0000] {dag.py:3096} INFO - Sync 1 DAGs
[2026-01-27T23:59:01.450+0000] {logging_mixin.py:188} INFO - [2026-01-27T23:59:01.450+0000] {dag.py:3954} INFO - Setting next_dagrun for example_trigger_controller_dag to 2021-01-01 00:00:00+00:00, run_after=2021-01-01 00:00:00+00:00
[2026-01-27T23:59:01.469+0000] {processor.py:183} INFO - Processing /home/airflow/.local/lib/python3.12/site-packages/airflow/example_dags/example_trigger_controller_dag.py took 0.077 seconds
[2026-01-27T23:59:32.014+0000] {processor.py:161} INFO - Started process (PID=2453) to work on /home/airflow/.local/lib/python3.12/site-packages/airflow/example_dags/example_trigger_controller_dag.py
[2026-01-27T23:59:32.015+0000] {processor.py:830} INFO - Processing file /home/airflow/.local/lib/python3.12/site-packages/airflow/example_dags/example_trigger_controller_dag.py for tasks to queue
[2026-01-27T23:59:32.017+0000] {logging_mixin.py:188} INFO - [2026-01-27T23:59:32.017+0000] {dagbag.py:540} INFO - Filling up the DagBag from /home/airflow/.local/lib/python3.12/site-packages/airflow/example_dags/example_trigger_controller_dag.py
[2026-01-27T23:59:32.022+0000] {processor.py:840} INFO - DAG(s) 'example_trigger_controller_dag' retrieved from /home/airflow/.local/lib/python3.12/site-packages/airflow/example_dags/example_trigger_controller_dag.py
[2026-01-27T23:59:32.044+0000] {logging_mixin.py:188} INFO - [2026-01-27T23:59:32.043+0000] {dag.py:3096} INFO - Sync 1 DAGs
[2026-01-27T23:59:32.063+0000] {logging_mixin.py:188} INFO - [2026-01-27T23:59:32.063+0000] {dag.py:3954} INFO - Setting next_dagrun for example_trigger_controller_dag to 2021-01-01 00:00:00+00:00, run_after=2021-01-01 00:00:00+00:00
[2026-01-27T23:59:32.082+0000] {processor.py:183} INFO - Processing /home/airflow/.local/lib/python3.12/site-packages/airflow/example_dags/example_trigger_controller_dag.py took 0.073 seconds
