[2026-01-27T23:36:06.185+0000] {processor.py:161} INFO - Started process (PID=56) to work on /home/airflow/.local/lib/python3.12/site-packages/airflow/example_dags/example_task_group_decorator.py
[2026-01-27T23:36:06.188+0000] {processor.py:830} INFO - Processing file /home/airflow/.local/lib/python3.12/site-packages/airflow/example_dags/example_task_group_decorator.py for tasks to queue
[2026-01-27T23:36:06.192+0000] {logging_mixin.py:188} INFO - [2026-01-27T23:36:06.191+0000] {dagbag.py:540} INFO - Filling up the DagBag from /home/airflow/.local/lib/python3.12/site-packages/airflow/example_dags/example_task_group_decorator.py
[2026-01-27T23:36:06.240+0000] {processor.py:840} INFO - DAG(s) 'example_task_group_decorator' retrieved from /home/airflow/.local/lib/python3.12/site-packages/airflow/example_dags/example_task_group_decorator.py
[2026-01-27T23:36:06.558+0000] {logging_mixin.py:188} INFO - [2026-01-27T23:36:06.557+0000] {dag.py:3096} INFO - Sync 1 DAGs
[2026-01-27T23:36:06.609+0000] {logging_mixin.py:188} INFO - [2026-01-27T23:36:06.608+0000] {dag.py:3954} INFO - Setting next_dagrun for example_task_group_decorator to 2026-01-26 00:00:00+00:00, run_after=2026-01-27 00:00:00+00:00
[2026-01-27T23:36:06.685+0000] {processor.py:183} INFO - Processing /home/airflow/.local/lib/python3.12/site-packages/airflow/example_dags/example_task_group_decorator.py took 0.514 seconds
[2026-01-27T23:36:37.179+0000] {processor.py:161} INFO - Started process (PID=108) to work on /home/airflow/.local/lib/python3.12/site-packages/airflow/example_dags/example_task_group_decorator.py
[2026-01-27T23:36:37.180+0000] {processor.py:830} INFO - Processing file /home/airflow/.local/lib/python3.12/site-packages/airflow/example_dags/example_task_group_decorator.py for tasks to queue
[2026-01-27T23:36:37.182+0000] {logging_mixin.py:188} INFO - [2026-01-27T23:36:37.182+0000] {dagbag.py:540} INFO - Filling up the DagBag from /home/airflow/.local/lib/python3.12/site-packages/airflow/example_dags/example_task_group_decorator.py
[2026-01-27T23:36:37.195+0000] {processor.py:840} INFO - DAG(s) 'example_task_group_decorator' retrieved from /home/airflow/.local/lib/python3.12/site-packages/airflow/example_dags/example_task_group_decorator.py
[2026-01-27T23:36:37.220+0000] {logging_mixin.py:188} INFO - [2026-01-27T23:36:37.220+0000] {dag.py:3096} INFO - Sync 1 DAGs
[2026-01-27T23:36:37.241+0000] {logging_mixin.py:188} INFO - [2026-01-27T23:36:37.240+0000] {dag.py:3954} INFO - Setting next_dagrun for example_task_group_decorator to 2026-01-26 00:00:00+00:00, run_after=2026-01-27 00:00:00+00:00
[2026-01-27T23:36:37.260+0000] {processor.py:183} INFO - Processing /home/airflow/.local/lib/python3.12/site-packages/airflow/example_dags/example_task_group_decorator.py took 0.087 seconds
[2026-01-27T23:37:07.340+0000] {processor.py:161} INFO - Started process (PID=160) to work on /home/airflow/.local/lib/python3.12/site-packages/airflow/example_dags/example_task_group_decorator.py
[2026-01-27T23:37:07.341+0000] {processor.py:830} INFO - Processing file /home/airflow/.local/lib/python3.12/site-packages/airflow/example_dags/example_task_group_decorator.py for tasks to queue
[2026-01-27T23:37:07.343+0000] {logging_mixin.py:188} INFO - [2026-01-27T23:37:07.342+0000] {dagbag.py:540} INFO - Filling up the DagBag from /home/airflow/.local/lib/python3.12/site-packages/airflow/example_dags/example_task_group_decorator.py
[2026-01-27T23:37:07.354+0000] {processor.py:840} INFO - DAG(s) 'example_task_group_decorator' retrieved from /home/airflow/.local/lib/python3.12/site-packages/airflow/example_dags/example_task_group_decorator.py
[2026-01-27T23:37:07.377+0000] {logging_mixin.py:188} INFO - [2026-01-27T23:37:07.377+0000] {dag.py:3096} INFO - Sync 1 DAGs
[2026-01-27T23:37:07.396+0000] {logging_mixin.py:188} INFO - [2026-01-27T23:37:07.396+0000] {dag.py:3954} INFO - Setting next_dagrun for example_task_group_decorator to 2026-01-26 00:00:00+00:00, run_after=2026-01-27 00:00:00+00:00
[2026-01-27T23:37:07.417+0000] {processor.py:183} INFO - Processing /home/airflow/.local/lib/python3.12/site-packages/airflow/example_dags/example_task_group_decorator.py took 0.083 seconds
[2026-01-27T23:37:38.039+0000] {processor.py:161} INFO - Started process (PID=212) to work on /home/airflow/.local/lib/python3.12/site-packages/airflow/example_dags/example_task_group_decorator.py
[2026-01-27T23:37:38.040+0000] {processor.py:830} INFO - Processing file /home/airflow/.local/lib/python3.12/site-packages/airflow/example_dags/example_task_group_decorator.py for tasks to queue
[2026-01-27T23:37:38.042+0000] {logging_mixin.py:188} INFO - [2026-01-27T23:37:38.042+0000] {dagbag.py:540} INFO - Filling up the DagBag from /home/airflow/.local/lib/python3.12/site-packages/airflow/example_dags/example_task_group_decorator.py
[2026-01-27T23:37:38.055+0000] {processor.py:840} INFO - DAG(s) 'example_task_group_decorator' retrieved from /home/airflow/.local/lib/python3.12/site-packages/airflow/example_dags/example_task_group_decorator.py
[2026-01-27T23:37:38.082+0000] {logging_mixin.py:188} INFO - [2026-01-27T23:37:38.081+0000] {dag.py:3096} INFO - Sync 1 DAGs
[2026-01-27T23:37:38.106+0000] {logging_mixin.py:188} INFO - [2026-01-27T23:37:38.106+0000] {dag.py:3954} INFO - Setting next_dagrun for example_task_group_decorator to 2026-01-26 00:00:00+00:00, run_after=2026-01-27 00:00:00+00:00
[2026-01-27T23:37:38.126+0000] {processor.py:183} INFO - Processing /home/airflow/.local/lib/python3.12/site-packages/airflow/example_dags/example_task_group_decorator.py took 0.092 seconds
[2026-01-27T23:38:08.480+0000] {processor.py:161} INFO - Started process (PID=264) to work on /home/airflow/.local/lib/python3.12/site-packages/airflow/example_dags/example_task_group_decorator.py
[2026-01-27T23:38:08.481+0000] {processor.py:830} INFO - Processing file /home/airflow/.local/lib/python3.12/site-packages/airflow/example_dags/example_task_group_decorator.py for tasks to queue
[2026-01-27T23:38:08.483+0000] {logging_mixin.py:188} INFO - [2026-01-27T23:38:08.483+0000] {dagbag.py:540} INFO - Filling up the DagBag from /home/airflow/.local/lib/python3.12/site-packages/airflow/example_dags/example_task_group_decorator.py
[2026-01-27T23:38:08.495+0000] {processor.py:840} INFO - DAG(s) 'example_task_group_decorator' retrieved from /home/airflow/.local/lib/python3.12/site-packages/airflow/example_dags/example_task_group_decorator.py
[2026-01-27T23:38:08.520+0000] {logging_mixin.py:188} INFO - [2026-01-27T23:38:08.520+0000] {dag.py:3096} INFO - Sync 1 DAGs
[2026-01-27T23:38:08.539+0000] {logging_mixin.py:188} INFO - [2026-01-27T23:38:08.539+0000] {dag.py:3954} INFO - Setting next_dagrun for example_task_group_decorator to 2026-01-26 00:00:00+00:00, run_after=2026-01-27 00:00:00+00:00
[2026-01-27T23:38:08.558+0000] {processor.py:183} INFO - Processing /home/airflow/.local/lib/python3.12/site-packages/airflow/example_dags/example_task_group_decorator.py took 0.084 seconds
[2026-01-27T23:38:38.719+0000] {processor.py:161} INFO - Started process (PID=316) to work on /home/airflow/.local/lib/python3.12/site-packages/airflow/example_dags/example_task_group_decorator.py
[2026-01-27T23:38:38.720+0000] {processor.py:830} INFO - Processing file /home/airflow/.local/lib/python3.12/site-packages/airflow/example_dags/example_task_group_decorator.py for tasks to queue
[2026-01-27T23:38:38.722+0000] {logging_mixin.py:188} INFO - [2026-01-27T23:38:38.722+0000] {dagbag.py:540} INFO - Filling up the DagBag from /home/airflow/.local/lib/python3.12/site-packages/airflow/example_dags/example_task_group_decorator.py
[2026-01-27T23:38:38.734+0000] {processor.py:840} INFO - DAG(s) 'example_task_group_decorator' retrieved from /home/airflow/.local/lib/python3.12/site-packages/airflow/example_dags/example_task_group_decorator.py
[2026-01-27T23:38:38.759+0000] {logging_mixin.py:188} INFO - [2026-01-27T23:38:38.758+0000] {dag.py:3096} INFO - Sync 1 DAGs
[2026-01-27T23:38:38.777+0000] {logging_mixin.py:188} INFO - [2026-01-27T23:38:38.777+0000] {dag.py:3954} INFO - Setting next_dagrun for example_task_group_decorator to 2026-01-26 00:00:00+00:00, run_after=2026-01-27 00:00:00+00:00
[2026-01-27T23:38:38.795+0000] {processor.py:183} INFO - Processing /home/airflow/.local/lib/python3.12/site-packages/airflow/example_dags/example_task_group_decorator.py took 0.082 seconds
[2026-01-27T23:39:09.066+0000] {processor.py:161} INFO - Started process (PID=368) to work on /home/airflow/.local/lib/python3.12/site-packages/airflow/example_dags/example_task_group_decorator.py
[2026-01-27T23:39:09.068+0000] {processor.py:830} INFO - Processing file /home/airflow/.local/lib/python3.12/site-packages/airflow/example_dags/example_task_group_decorator.py for tasks to queue
[2026-01-27T23:39:09.071+0000] {logging_mixin.py:188} INFO - [2026-01-27T23:39:09.071+0000] {dagbag.py:540} INFO - Filling up the DagBag from /home/airflow/.local/lib/python3.12/site-packages/airflow/example_dags/example_task_group_decorator.py
[2026-01-27T23:39:09.093+0000] {processor.py:840} INFO - DAG(s) 'example_task_group_decorator' retrieved from /home/airflow/.local/lib/python3.12/site-packages/airflow/example_dags/example_task_group_decorator.py
[2026-01-27T23:39:09.139+0000] {logging_mixin.py:188} INFO - [2026-01-27T23:39:09.138+0000] {dag.py:3096} INFO - Sync 1 DAGs
[2026-01-27T23:39:09.176+0000] {logging_mixin.py:188} INFO - [2026-01-27T23:39:09.176+0000] {dag.py:3954} INFO - Setting next_dagrun for example_task_group_decorator to 2026-01-26 00:00:00+00:00, run_after=2026-01-27 00:00:00+00:00
[2026-01-27T23:39:09.219+0000] {processor.py:183} INFO - Processing /home/airflow/.local/lib/python3.12/site-packages/airflow/example_dags/example_task_group_decorator.py took 0.161 seconds
[2026-01-27T23:39:39.890+0000] {processor.py:161} INFO - Started process (PID=420) to work on /home/airflow/.local/lib/python3.12/site-packages/airflow/example_dags/example_task_group_decorator.py
[2026-01-27T23:39:39.892+0000] {processor.py:830} INFO - Processing file /home/airflow/.local/lib/python3.12/site-packages/airflow/example_dags/example_task_group_decorator.py for tasks to queue
[2026-01-27T23:39:39.896+0000] {logging_mixin.py:188} INFO - [2026-01-27T23:39:39.895+0000] {dagbag.py:540} INFO - Filling up the DagBag from /home/airflow/.local/lib/python3.12/site-packages/airflow/example_dags/example_task_group_decorator.py
[2026-01-27T23:39:39.924+0000] {processor.py:840} INFO - DAG(s) 'example_task_group_decorator' retrieved from /home/airflow/.local/lib/python3.12/site-packages/airflow/example_dags/example_task_group_decorator.py
[2026-01-27T23:39:39.965+0000] {logging_mixin.py:188} INFO - [2026-01-27T23:39:39.964+0000] {dag.py:3096} INFO - Sync 1 DAGs
[2026-01-27T23:39:39.999+0000] {logging_mixin.py:188} INFO - [2026-01-27T23:39:39.999+0000] {dag.py:3954} INFO - Setting next_dagrun for example_task_group_decorator to 2026-01-26 00:00:00+00:00, run_after=2026-01-27 00:00:00+00:00
[2026-01-27T23:39:40.030+0000] {processor.py:183} INFO - Processing /home/airflow/.local/lib/python3.12/site-packages/airflow/example_dags/example_task_group_decorator.py took 0.149 seconds
[2026-01-27T23:40:10.963+0000] {processor.py:161} INFO - Started process (PID=472) to work on /home/airflow/.local/lib/python3.12/site-packages/airflow/example_dags/example_task_group_decorator.py
[2026-01-27T23:40:10.966+0000] {processor.py:830} INFO - Processing file /home/airflow/.local/lib/python3.12/site-packages/airflow/example_dags/example_task_group_decorator.py for tasks to queue
[2026-01-27T23:40:10.976+0000] {logging_mixin.py:188} INFO - [2026-01-27T23:40:10.975+0000] {dagbag.py:540} INFO - Filling up the DagBag from /home/airflow/.local/lib/python3.12/site-packages/airflow/example_dags/example_task_group_decorator.py
[2026-01-27T23:40:11.017+0000] {processor.py:840} INFO - DAG(s) 'example_task_group_decorator' retrieved from /home/airflow/.local/lib/python3.12/site-packages/airflow/example_dags/example_task_group_decorator.py
[2026-01-27T23:40:11.072+0000] {logging_mixin.py:188} INFO - [2026-01-27T23:40:11.072+0000] {dag.py:3096} INFO - Sync 1 DAGs
[2026-01-27T23:40:11.120+0000] {logging_mixin.py:188} INFO - [2026-01-27T23:40:11.119+0000] {dag.py:3954} INFO - Setting next_dagrun for example_task_group_decorator to 2026-01-26 00:00:00+00:00, run_after=2026-01-27 00:00:00+00:00
[2026-01-27T23:40:11.193+0000] {processor.py:183} INFO - Processing /home/airflow/.local/lib/python3.12/site-packages/airflow/example_dags/example_task_group_decorator.py took 0.250 seconds
[2026-01-27T23:40:41.670+0000] {processor.py:161} INFO - Started process (PID=524) to work on /home/airflow/.local/lib/python3.12/site-packages/airflow/example_dags/example_task_group_decorator.py
[2026-01-27T23:40:41.672+0000] {processor.py:830} INFO - Processing file /home/airflow/.local/lib/python3.12/site-packages/airflow/example_dags/example_task_group_decorator.py for tasks to queue
[2026-01-27T23:40:41.674+0000] {logging_mixin.py:188} INFO - [2026-01-27T23:40:41.674+0000] {dagbag.py:540} INFO - Filling up the DagBag from /home/airflow/.local/lib/python3.12/site-packages/airflow/example_dags/example_task_group_decorator.py
[2026-01-27T23:40:41.692+0000] {processor.py:840} INFO - DAG(s) 'example_task_group_decorator' retrieved from /home/airflow/.local/lib/python3.12/site-packages/airflow/example_dags/example_task_group_decorator.py
[2026-01-27T23:40:41.718+0000] {logging_mixin.py:188} INFO - [2026-01-27T23:40:41.718+0000] {dag.py:3096} INFO - Sync 1 DAGs
[2026-01-27T23:40:41.738+0000] {logging_mixin.py:188} INFO - [2026-01-27T23:40:41.737+0000] {dag.py:3954} INFO - Setting next_dagrun for example_task_group_decorator to 2026-01-26 00:00:00+00:00, run_after=2026-01-27 00:00:00+00:00
[2026-01-27T23:40:41.757+0000] {processor.py:183} INFO - Processing /home/airflow/.local/lib/python3.12/site-packages/airflow/example_dags/example_task_group_decorator.py took 0.093 seconds
[2026-01-27T23:41:12.289+0000] {processor.py:161} INFO - Started process (PID=576) to work on /home/airflow/.local/lib/python3.12/site-packages/airflow/example_dags/example_task_group_decorator.py
[2026-01-27T23:41:12.292+0000] {processor.py:830} INFO - Processing file /home/airflow/.local/lib/python3.12/site-packages/airflow/example_dags/example_task_group_decorator.py for tasks to queue
[2026-01-27T23:41:12.295+0000] {logging_mixin.py:188} INFO - [2026-01-27T23:41:12.295+0000] {dagbag.py:540} INFO - Filling up the DagBag from /home/airflow/.local/lib/python3.12/site-packages/airflow/example_dags/example_task_group_decorator.py
[2026-01-27T23:41:12.316+0000] {processor.py:840} INFO - DAG(s) 'example_task_group_decorator' retrieved from /home/airflow/.local/lib/python3.12/site-packages/airflow/example_dags/example_task_group_decorator.py
[2026-01-27T23:41:12.356+0000] {logging_mixin.py:188} INFO - [2026-01-27T23:41:12.356+0000] {dag.py:3096} INFO - Sync 1 DAGs
[2026-01-27T23:41:12.390+0000] {logging_mixin.py:188} INFO - [2026-01-27T23:41:12.390+0000] {dag.py:3954} INFO - Setting next_dagrun for example_task_group_decorator to 2026-01-26 00:00:00+00:00, run_after=2026-01-27 00:00:00+00:00
[2026-01-27T23:41:12.419+0000] {processor.py:183} INFO - Processing /home/airflow/.local/lib/python3.12/site-packages/airflow/example_dags/example_task_group_decorator.py took 0.140 seconds
[2026-01-27T23:41:42.489+0000] {processor.py:161} INFO - Started process (PID=627) to work on /home/airflow/.local/lib/python3.12/site-packages/airflow/example_dags/example_task_group_decorator.py
[2026-01-27T23:41:42.490+0000] {processor.py:830} INFO - Processing file /home/airflow/.local/lib/python3.12/site-packages/airflow/example_dags/example_task_group_decorator.py for tasks to queue
[2026-01-27T23:41:42.492+0000] {logging_mixin.py:188} INFO - [2026-01-27T23:41:42.492+0000] {dagbag.py:540} INFO - Filling up the DagBag from /home/airflow/.local/lib/python3.12/site-packages/airflow/example_dags/example_task_group_decorator.py
[2026-01-27T23:41:42.508+0000] {processor.py:840} INFO - DAG(s) 'example_task_group_decorator' retrieved from /home/airflow/.local/lib/python3.12/site-packages/airflow/example_dags/example_task_group_decorator.py
[2026-01-27T23:41:42.537+0000] {logging_mixin.py:188} INFO - [2026-01-27T23:41:42.536+0000] {dag.py:3096} INFO - Sync 1 DAGs
[2026-01-27T23:41:42.560+0000] {logging_mixin.py:188} INFO - [2026-01-27T23:41:42.559+0000] {dag.py:3954} INFO - Setting next_dagrun for example_task_group_decorator to 2026-01-26 00:00:00+00:00, run_after=2026-01-27 00:00:00+00:00
[2026-01-27T23:41:42.584+0000] {processor.py:183} INFO - Processing /home/airflow/.local/lib/python3.12/site-packages/airflow/example_dags/example_task_group_decorator.py took 0.101 seconds
[2026-01-27T23:42:12.673+0000] {processor.py:161} INFO - Started process (PID=679) to work on /home/airflow/.local/lib/python3.12/site-packages/airflow/example_dags/example_task_group_decorator.py
[2026-01-27T23:42:12.675+0000] {processor.py:830} INFO - Processing file /home/airflow/.local/lib/python3.12/site-packages/airflow/example_dags/example_task_group_decorator.py for tasks to queue
[2026-01-27T23:42:12.678+0000] {logging_mixin.py:188} INFO - [2026-01-27T23:42:12.678+0000] {dagbag.py:540} INFO - Filling up the DagBag from /home/airflow/.local/lib/python3.12/site-packages/airflow/example_dags/example_task_group_decorator.py
[2026-01-27T23:42:12.697+0000] {processor.py:840} INFO - DAG(s) 'example_task_group_decorator' retrieved from /home/airflow/.local/lib/python3.12/site-packages/airflow/example_dags/example_task_group_decorator.py
[2026-01-27T23:42:12.727+0000] {logging_mixin.py:188} INFO - [2026-01-27T23:42:12.727+0000] {dag.py:3096} INFO - Sync 1 DAGs
[2026-01-27T23:42:12.754+0000] {logging_mixin.py:188} INFO - [2026-01-27T23:42:12.754+0000] {dag.py:3954} INFO - Setting next_dagrun for example_task_group_decorator to 2026-01-26 00:00:00+00:00, run_after=2026-01-27 00:00:00+00:00
[2026-01-27T23:42:12.778+0000] {processor.py:183} INFO - Processing /home/airflow/.local/lib/python3.12/site-packages/airflow/example_dags/example_task_group_decorator.py took 0.114 seconds
[2026-01-27T23:42:42.966+0000] {processor.py:161} INFO - Started process (PID=731) to work on /home/airflow/.local/lib/python3.12/site-packages/airflow/example_dags/example_task_group_decorator.py
[2026-01-27T23:42:42.968+0000] {processor.py:830} INFO - Processing file /home/airflow/.local/lib/python3.12/site-packages/airflow/example_dags/example_task_group_decorator.py for tasks to queue
[2026-01-27T23:42:42.972+0000] {logging_mixin.py:188} INFO - [2026-01-27T23:42:42.971+0000] {dagbag.py:540} INFO - Filling up the DagBag from /home/airflow/.local/lib/python3.12/site-packages/airflow/example_dags/example_task_group_decorator.py
[2026-01-27T23:42:42.994+0000] {processor.py:840} INFO - DAG(s) 'example_task_group_decorator' retrieved from /home/airflow/.local/lib/python3.12/site-packages/airflow/example_dags/example_task_group_decorator.py
[2026-01-27T23:42:43.057+0000] {logging_mixin.py:188} INFO - [2026-01-27T23:42:43.057+0000] {dag.py:3096} INFO - Sync 1 DAGs
[2026-01-27T23:42:43.109+0000] {logging_mixin.py:188} INFO - [2026-01-27T23:42:43.109+0000] {dag.py:3954} INFO - Setting next_dagrun for example_task_group_decorator to 2026-01-26 00:00:00+00:00, run_after=2026-01-27 00:00:00+00:00
[2026-01-27T23:42:43.165+0000] {processor.py:183} INFO - Processing /home/airflow/.local/lib/python3.12/site-packages/airflow/example_dags/example_task_group_decorator.py took 0.211 seconds
[2026-01-27T23:43:13.682+0000] {processor.py:161} INFO - Started process (PID=783) to work on /home/airflow/.local/lib/python3.12/site-packages/airflow/example_dags/example_task_group_decorator.py
[2026-01-27T23:43:13.684+0000] {processor.py:830} INFO - Processing file /home/airflow/.local/lib/python3.12/site-packages/airflow/example_dags/example_task_group_decorator.py for tasks to queue
[2026-01-27T23:43:13.687+0000] {logging_mixin.py:188} INFO - [2026-01-27T23:43:13.687+0000] {dagbag.py:540} INFO - Filling up the DagBag from /home/airflow/.local/lib/python3.12/site-packages/airflow/example_dags/example_task_group_decorator.py
[2026-01-27T23:43:13.710+0000] {processor.py:840} INFO - DAG(s) 'example_task_group_decorator' retrieved from /home/airflow/.local/lib/python3.12/site-packages/airflow/example_dags/example_task_group_decorator.py
[2026-01-27T23:43:13.746+0000] {logging_mixin.py:188} INFO - [2026-01-27T23:43:13.745+0000] {dag.py:3096} INFO - Sync 1 DAGs
[2026-01-27T23:43:13.773+0000] {logging_mixin.py:188} INFO - [2026-01-27T23:43:13.772+0000] {dag.py:3954} INFO - Setting next_dagrun for example_task_group_decorator to 2026-01-26 00:00:00+00:00, run_after=2026-01-27 00:00:00+00:00
[2026-01-27T23:43:13.799+0000] {processor.py:183} INFO - Processing /home/airflow/.local/lib/python3.12/site-packages/airflow/example_dags/example_task_group_decorator.py took 0.126 seconds
[2026-01-27T23:43:44.387+0000] {processor.py:161} INFO - Started process (PID=835) to work on /home/airflow/.local/lib/python3.12/site-packages/airflow/example_dags/example_task_group_decorator.py
[2026-01-27T23:43:44.388+0000] {processor.py:830} INFO - Processing file /home/airflow/.local/lib/python3.12/site-packages/airflow/example_dags/example_task_group_decorator.py for tasks to queue
[2026-01-27T23:43:44.391+0000] {logging_mixin.py:188} INFO - [2026-01-27T23:43:44.391+0000] {dagbag.py:540} INFO - Filling up the DagBag from /home/airflow/.local/lib/python3.12/site-packages/airflow/example_dags/example_task_group_decorator.py
[2026-01-27T23:43:44.408+0000] {processor.py:840} INFO - DAG(s) 'example_task_group_decorator' retrieved from /home/airflow/.local/lib/python3.12/site-packages/airflow/example_dags/example_task_group_decorator.py
[2026-01-27T23:43:44.437+0000] {logging_mixin.py:188} INFO - [2026-01-27T23:43:44.437+0000] {dag.py:3096} INFO - Sync 1 DAGs
[2026-01-27T23:43:44.460+0000] {logging_mixin.py:188} INFO - [2026-01-27T23:43:44.460+0000] {dag.py:3954} INFO - Setting next_dagrun for example_task_group_decorator to 2026-01-26 00:00:00+00:00, run_after=2026-01-27 00:00:00+00:00
[2026-01-27T23:43:44.486+0000] {processor.py:183} INFO - Processing /home/airflow/.local/lib/python3.12/site-packages/airflow/example_dags/example_task_group_decorator.py took 0.106 seconds
[2026-01-27T23:44:14.941+0000] {processor.py:161} INFO - Started process (PID=887) to work on /home/airflow/.local/lib/python3.12/site-packages/airflow/example_dags/example_task_group_decorator.py
[2026-01-27T23:44:14.942+0000] {processor.py:830} INFO - Processing file /home/airflow/.local/lib/python3.12/site-packages/airflow/example_dags/example_task_group_decorator.py for tasks to queue
[2026-01-27T23:44:14.945+0000] {logging_mixin.py:188} INFO - [2026-01-27T23:44:14.945+0000] {dagbag.py:540} INFO - Filling up the DagBag from /home/airflow/.local/lib/python3.12/site-packages/airflow/example_dags/example_task_group_decorator.py
[2026-01-27T23:44:14.957+0000] {processor.py:840} INFO - DAG(s) 'example_task_group_decorator' retrieved from /home/airflow/.local/lib/python3.12/site-packages/airflow/example_dags/example_task_group_decorator.py
[2026-01-27T23:44:14.982+0000] {logging_mixin.py:188} INFO - [2026-01-27T23:44:14.982+0000] {dag.py:3096} INFO - Sync 1 DAGs
[2026-01-27T23:44:15.005+0000] {logging_mixin.py:188} INFO - [2026-01-27T23:44:15.005+0000] {dag.py:3954} INFO - Setting next_dagrun for example_task_group_decorator to 2026-01-26 00:00:00+00:00, run_after=2026-01-27 00:00:00+00:00
[2026-01-27T23:44:15.031+0000] {processor.py:183} INFO - Processing /home/airflow/.local/lib/python3.12/site-packages/airflow/example_dags/example_task_group_decorator.py took 0.097 seconds
[2026-01-27T23:44:45.409+0000] {processor.py:161} INFO - Started process (PID=939) to work on /home/airflow/.local/lib/python3.12/site-packages/airflow/example_dags/example_task_group_decorator.py
[2026-01-27T23:44:45.410+0000] {processor.py:830} INFO - Processing file /home/airflow/.local/lib/python3.12/site-packages/airflow/example_dags/example_task_group_decorator.py for tasks to queue
[2026-01-27T23:44:45.413+0000] {logging_mixin.py:188} INFO - [2026-01-27T23:44:45.412+0000] {dagbag.py:540} INFO - Filling up the DagBag from /home/airflow/.local/lib/python3.12/site-packages/airflow/example_dags/example_task_group_decorator.py
[2026-01-27T23:44:45.427+0000] {processor.py:840} INFO - DAG(s) 'example_task_group_decorator' retrieved from /home/airflow/.local/lib/python3.12/site-packages/airflow/example_dags/example_task_group_decorator.py
[2026-01-27T23:44:45.452+0000] {logging_mixin.py:188} INFO - [2026-01-27T23:44:45.452+0000] {dag.py:3096} INFO - Sync 1 DAGs
[2026-01-27T23:44:45.473+0000] {logging_mixin.py:188} INFO - [2026-01-27T23:44:45.473+0000] {dag.py:3954} INFO - Setting next_dagrun for example_task_group_decorator to 2026-01-26 00:00:00+00:00, run_after=2026-01-27 00:00:00+00:00
[2026-01-27T23:44:45.495+0000] {processor.py:183} INFO - Processing /home/airflow/.local/lib/python3.12/site-packages/airflow/example_dags/example_task_group_decorator.py took 0.092 seconds
[2026-01-27T23:45:15.696+0000] {processor.py:161} INFO - Started process (PID=991) to work on /home/airflow/.local/lib/python3.12/site-packages/airflow/example_dags/example_task_group_decorator.py
[2026-01-27T23:45:15.698+0000] {processor.py:830} INFO - Processing file /home/airflow/.local/lib/python3.12/site-packages/airflow/example_dags/example_task_group_decorator.py for tasks to queue
[2026-01-27T23:45:15.701+0000] {logging_mixin.py:188} INFO - [2026-01-27T23:45:15.700+0000] {dagbag.py:540} INFO - Filling up the DagBag from /home/airflow/.local/lib/python3.12/site-packages/airflow/example_dags/example_task_group_decorator.py
[2026-01-27T23:45:15.720+0000] {processor.py:840} INFO - DAG(s) 'example_task_group_decorator' retrieved from /home/airflow/.local/lib/python3.12/site-packages/airflow/example_dags/example_task_group_decorator.py
[2026-01-27T23:45:15.755+0000] {logging_mixin.py:188} INFO - [2026-01-27T23:45:15.755+0000] {dag.py:3096} INFO - Sync 1 DAGs
[2026-01-27T23:45:15.784+0000] {logging_mixin.py:188} INFO - [2026-01-27T23:45:15.783+0000] {dag.py:3954} INFO - Setting next_dagrun for example_task_group_decorator to 2026-01-26 00:00:00+00:00, run_after=2026-01-27 00:00:00+00:00
[2026-01-27T23:45:15.812+0000] {processor.py:183} INFO - Processing /home/airflow/.local/lib/python3.12/site-packages/airflow/example_dags/example_task_group_decorator.py took 0.126 seconds
[2026-01-27T23:45:46.698+0000] {processor.py:161} INFO - Started process (PID=1043) to work on /home/airflow/.local/lib/python3.12/site-packages/airflow/example_dags/example_task_group_decorator.py
[2026-01-27T23:45:46.699+0000] {processor.py:830} INFO - Processing file /home/airflow/.local/lib/python3.12/site-packages/airflow/example_dags/example_task_group_decorator.py for tasks to queue
[2026-01-27T23:45:46.701+0000] {logging_mixin.py:188} INFO - [2026-01-27T23:45:46.701+0000] {dagbag.py:540} INFO - Filling up the DagBag from /home/airflow/.local/lib/python3.12/site-packages/airflow/example_dags/example_task_group_decorator.py
[2026-01-27T23:45:46.715+0000] {processor.py:840} INFO - DAG(s) 'example_task_group_decorator' retrieved from /home/airflow/.local/lib/python3.12/site-packages/airflow/example_dags/example_task_group_decorator.py
[2026-01-27T23:45:46.738+0000] {logging_mixin.py:188} INFO - [2026-01-27T23:45:46.738+0000] {dag.py:3096} INFO - Sync 1 DAGs
[2026-01-27T23:45:46.762+0000] {logging_mixin.py:188} INFO - [2026-01-27T23:45:46.762+0000] {dag.py:3954} INFO - Setting next_dagrun for example_task_group_decorator to 2026-01-26 00:00:00+00:00, run_after=2026-01-27 00:00:00+00:00
[2026-01-27T23:45:46.781+0000] {processor.py:183} INFO - Processing /home/airflow/.local/lib/python3.12/site-packages/airflow/example_dags/example_task_group_decorator.py took 0.089 seconds
[2026-01-27T23:46:17.008+0000] {processor.py:161} INFO - Started process (PID=1095) to work on /home/airflow/.local/lib/python3.12/site-packages/airflow/example_dags/example_task_group_decorator.py
[2026-01-27T23:46:17.009+0000] {processor.py:830} INFO - Processing file /home/airflow/.local/lib/python3.12/site-packages/airflow/example_dags/example_task_group_decorator.py for tasks to queue
[2026-01-27T23:46:17.011+0000] {logging_mixin.py:188} INFO - [2026-01-27T23:46:17.011+0000] {dagbag.py:540} INFO - Filling up the DagBag from /home/airflow/.local/lib/python3.12/site-packages/airflow/example_dags/example_task_group_decorator.py
[2026-01-27T23:46:17.026+0000] {processor.py:840} INFO - DAG(s) 'example_task_group_decorator' retrieved from /home/airflow/.local/lib/python3.12/site-packages/airflow/example_dags/example_task_group_decorator.py
[2026-01-27T23:46:17.051+0000] {logging_mixin.py:188} INFO - [2026-01-27T23:46:17.050+0000] {dag.py:3096} INFO - Sync 1 DAGs
[2026-01-27T23:46:17.076+0000] {logging_mixin.py:188} INFO - [2026-01-27T23:46:17.076+0000] {dag.py:3954} INFO - Setting next_dagrun for example_task_group_decorator to 2026-01-26 00:00:00+00:00, run_after=2026-01-27 00:00:00+00:00
[2026-01-27T23:46:17.112+0000] {processor.py:183} INFO - Processing /home/airflow/.local/lib/python3.12/site-packages/airflow/example_dags/example_task_group_decorator.py took 0.110 seconds
[2026-01-27T23:46:47.352+0000] {processor.py:161} INFO - Started process (PID=1147) to work on /home/airflow/.local/lib/python3.12/site-packages/airflow/example_dags/example_task_group_decorator.py
[2026-01-27T23:46:47.353+0000] {processor.py:830} INFO - Processing file /home/airflow/.local/lib/python3.12/site-packages/airflow/example_dags/example_task_group_decorator.py for tasks to queue
[2026-01-27T23:46:47.356+0000] {logging_mixin.py:188} INFO - [2026-01-27T23:46:47.356+0000] {dagbag.py:540} INFO - Filling up the DagBag from /home/airflow/.local/lib/python3.12/site-packages/airflow/example_dags/example_task_group_decorator.py
[2026-01-27T23:46:47.369+0000] {processor.py:840} INFO - DAG(s) 'example_task_group_decorator' retrieved from /home/airflow/.local/lib/python3.12/site-packages/airflow/example_dags/example_task_group_decorator.py
[2026-01-27T23:46:47.395+0000] {logging_mixin.py:188} INFO - [2026-01-27T23:46:47.395+0000] {dag.py:3096} INFO - Sync 1 DAGs
[2026-01-27T23:46:47.542+0000] {logging_mixin.py:188} INFO - [2026-01-27T23:46:47.542+0000] {dag.py:3954} INFO - Setting next_dagrun for example_task_group_decorator to 2026-01-26 00:00:00+00:00, run_after=2026-01-27 00:00:00+00:00
[2026-01-27T23:46:47.561+0000] {processor.py:183} INFO - Processing /home/airflow/.local/lib/python3.12/site-packages/airflow/example_dags/example_task_group_decorator.py took 0.217 seconds
[2026-01-27T23:47:17.609+0000] {processor.py:161} INFO - Started process (PID=1199) to work on /home/airflow/.local/lib/python3.12/site-packages/airflow/example_dags/example_task_group_decorator.py
[2026-01-27T23:47:17.611+0000] {processor.py:830} INFO - Processing file /home/airflow/.local/lib/python3.12/site-packages/airflow/example_dags/example_task_group_decorator.py for tasks to queue
[2026-01-27T23:47:17.613+0000] {logging_mixin.py:188} INFO - [2026-01-27T23:47:17.613+0000] {dagbag.py:540} INFO - Filling up the DagBag from /home/airflow/.local/lib/python3.12/site-packages/airflow/example_dags/example_task_group_decorator.py
[2026-01-27T23:47:17.629+0000] {processor.py:840} INFO - DAG(s) 'example_task_group_decorator' retrieved from /home/airflow/.local/lib/python3.12/site-packages/airflow/example_dags/example_task_group_decorator.py
[2026-01-27T23:47:17.657+0000] {logging_mixin.py:188} INFO - [2026-01-27T23:47:17.657+0000] {dag.py:3096} INFO - Sync 1 DAGs
[2026-01-27T23:47:17.681+0000] {logging_mixin.py:188} INFO - [2026-01-27T23:47:17.680+0000] {dag.py:3954} INFO - Setting next_dagrun for example_task_group_decorator to 2026-01-26 00:00:00+00:00, run_after=2026-01-27 00:00:00+00:00
[2026-01-27T23:47:17.705+0000] {processor.py:183} INFO - Processing /home/airflow/.local/lib/python3.12/site-packages/airflow/example_dags/example_task_group_decorator.py took 0.103 seconds
[2026-01-27T23:47:48.347+0000] {processor.py:161} INFO - Started process (PID=1251) to work on /home/airflow/.local/lib/python3.12/site-packages/airflow/example_dags/example_task_group_decorator.py
[2026-01-27T23:47:48.348+0000] {processor.py:830} INFO - Processing file /home/airflow/.local/lib/python3.12/site-packages/airflow/example_dags/example_task_group_decorator.py for tasks to queue
[2026-01-27T23:47:48.350+0000] {logging_mixin.py:188} INFO - [2026-01-27T23:47:48.350+0000] {dagbag.py:540} INFO - Filling up the DagBag from /home/airflow/.local/lib/python3.12/site-packages/airflow/example_dags/example_task_group_decorator.py
[2026-01-27T23:47:48.367+0000] {processor.py:840} INFO - DAG(s) 'example_task_group_decorator' retrieved from /home/airflow/.local/lib/python3.12/site-packages/airflow/example_dags/example_task_group_decorator.py
[2026-01-27T23:47:48.397+0000] {logging_mixin.py:188} INFO - [2026-01-27T23:47:48.396+0000] {dag.py:3096} INFO - Sync 1 DAGs
[2026-01-27T23:47:48.417+0000] {logging_mixin.py:188} INFO - [2026-01-27T23:47:48.416+0000] {dag.py:3954} INFO - Setting next_dagrun for example_task_group_decorator to 2026-01-26 00:00:00+00:00, run_after=2026-01-27 00:00:00+00:00
[2026-01-27T23:47:48.438+0000] {processor.py:183} INFO - Processing /home/airflow/.local/lib/python3.12/site-packages/airflow/example_dags/example_task_group_decorator.py took 0.098 seconds
[2026-01-27T23:48:18.541+0000] {processor.py:161} INFO - Started process (PID=1303) to work on /home/airflow/.local/lib/python3.12/site-packages/airflow/example_dags/example_task_group_decorator.py
[2026-01-27T23:48:18.542+0000] {processor.py:830} INFO - Processing file /home/airflow/.local/lib/python3.12/site-packages/airflow/example_dags/example_task_group_decorator.py for tasks to queue
[2026-01-27T23:48:18.544+0000] {logging_mixin.py:188} INFO - [2026-01-27T23:48:18.544+0000] {dagbag.py:540} INFO - Filling up the DagBag from /home/airflow/.local/lib/python3.12/site-packages/airflow/example_dags/example_task_group_decorator.py
[2026-01-27T23:48:18.558+0000] {processor.py:840} INFO - DAG(s) 'example_task_group_decorator' retrieved from /home/airflow/.local/lib/python3.12/site-packages/airflow/example_dags/example_task_group_decorator.py
[2026-01-27T23:48:18.583+0000] {logging_mixin.py:188} INFO - [2026-01-27T23:48:18.582+0000] {dag.py:3096} INFO - Sync 1 DAGs
[2026-01-27T23:48:18.603+0000] {logging_mixin.py:188} INFO - [2026-01-27T23:48:18.602+0000] {dag.py:3954} INFO - Setting next_dagrun for example_task_group_decorator to 2026-01-26 00:00:00+00:00, run_after=2026-01-27 00:00:00+00:00
[2026-01-27T23:48:18.621+0000] {processor.py:183} INFO - Processing /home/airflow/.local/lib/python3.12/site-packages/airflow/example_dags/example_task_group_decorator.py took 0.086 seconds
[2026-01-27T23:48:48.764+0000] {processor.py:161} INFO - Started process (PID=1355) to work on /home/airflow/.local/lib/python3.12/site-packages/airflow/example_dags/example_task_group_decorator.py
[2026-01-27T23:48:48.765+0000] {processor.py:830} INFO - Processing file /home/airflow/.local/lib/python3.12/site-packages/airflow/example_dags/example_task_group_decorator.py for tasks to queue
[2026-01-27T23:48:48.768+0000] {logging_mixin.py:188} INFO - [2026-01-27T23:48:48.767+0000] {dagbag.py:540} INFO - Filling up the DagBag from /home/airflow/.local/lib/python3.12/site-packages/airflow/example_dags/example_task_group_decorator.py
[2026-01-27T23:48:48.782+0000] {processor.py:840} INFO - DAG(s) 'example_task_group_decorator' retrieved from /home/airflow/.local/lib/python3.12/site-packages/airflow/example_dags/example_task_group_decorator.py
[2026-01-27T23:48:48.807+0000] {logging_mixin.py:188} INFO - [2026-01-27T23:48:48.807+0000] {dag.py:3096} INFO - Sync 1 DAGs
[2026-01-27T23:48:48.828+0000] {logging_mixin.py:188} INFO - [2026-01-27T23:48:48.828+0000] {dag.py:3954} INFO - Setting next_dagrun for example_task_group_decorator to 2026-01-26 00:00:00+00:00, run_after=2026-01-27 00:00:00+00:00
[2026-01-27T23:48:48.850+0000] {processor.py:183} INFO - Processing /home/airflow/.local/lib/python3.12/site-packages/airflow/example_dags/example_task_group_decorator.py took 0.093 seconds
[2026-01-27T23:49:19.505+0000] {processor.py:161} INFO - Started process (PID=1407) to work on /home/airflow/.local/lib/python3.12/site-packages/airflow/example_dags/example_task_group_decorator.py
[2026-01-27T23:49:19.506+0000] {processor.py:830} INFO - Processing file /home/airflow/.local/lib/python3.12/site-packages/airflow/example_dags/example_task_group_decorator.py for tasks to queue
[2026-01-27T23:49:19.508+0000] {logging_mixin.py:188} INFO - [2026-01-27T23:49:19.508+0000] {dagbag.py:540} INFO - Filling up the DagBag from /home/airflow/.local/lib/python3.12/site-packages/airflow/example_dags/example_task_group_decorator.py
[2026-01-27T23:49:19.523+0000] {processor.py:840} INFO - DAG(s) 'example_task_group_decorator' retrieved from /home/airflow/.local/lib/python3.12/site-packages/airflow/example_dags/example_task_group_decorator.py
[2026-01-27T23:49:19.553+0000] {logging_mixin.py:188} INFO - [2026-01-27T23:49:19.552+0000] {dag.py:3096} INFO - Sync 1 DAGs
[2026-01-27T23:49:19.618+0000] {logging_mixin.py:188} INFO - [2026-01-27T23:49:19.618+0000] {dag.py:3954} INFO - Setting next_dagrun for example_task_group_decorator to 2026-01-26 00:00:00+00:00, run_after=2026-01-27 00:00:00+00:00
[2026-01-27T23:49:19.642+0000] {processor.py:183} INFO - Processing /home/airflow/.local/lib/python3.12/site-packages/airflow/example_dags/example_task_group_decorator.py took 0.144 seconds
[2026-01-27T23:49:49.843+0000] {processor.py:161} INFO - Started process (PID=1459) to work on /home/airflow/.local/lib/python3.12/site-packages/airflow/example_dags/example_task_group_decorator.py
[2026-01-27T23:49:49.844+0000] {processor.py:830} INFO - Processing file /home/airflow/.local/lib/python3.12/site-packages/airflow/example_dags/example_task_group_decorator.py for tasks to queue
[2026-01-27T23:49:49.847+0000] {logging_mixin.py:188} INFO - [2026-01-27T23:49:49.847+0000] {dagbag.py:540} INFO - Filling up the DagBag from /home/airflow/.local/lib/python3.12/site-packages/airflow/example_dags/example_task_group_decorator.py
[2026-01-27T23:49:49.869+0000] {processor.py:840} INFO - DAG(s) 'example_task_group_decorator' retrieved from /home/airflow/.local/lib/python3.12/site-packages/airflow/example_dags/example_task_group_decorator.py
[2026-01-27T23:49:49.919+0000] {logging_mixin.py:188} INFO - [2026-01-27T23:49:49.918+0000] {dag.py:3096} INFO - Sync 1 DAGs
[2026-01-27T23:49:49.950+0000] {logging_mixin.py:188} INFO - [2026-01-27T23:49:49.950+0000] {dag.py:3954} INFO - Setting next_dagrun for example_task_group_decorator to 2026-01-26 00:00:00+00:00, run_after=2026-01-27 00:00:00+00:00
[2026-01-27T23:49:49.978+0000] {processor.py:183} INFO - Processing /home/airflow/.local/lib/python3.12/site-packages/airflow/example_dags/example_task_group_decorator.py took 0.144 seconds
[2026-01-27T23:50:20.556+0000] {processor.py:161} INFO - Started process (PID=1511) to work on /home/airflow/.local/lib/python3.12/site-packages/airflow/example_dags/example_task_group_decorator.py
[2026-01-27T23:50:20.557+0000] {processor.py:830} INFO - Processing file /home/airflow/.local/lib/python3.12/site-packages/airflow/example_dags/example_task_group_decorator.py for tasks to queue
[2026-01-27T23:50:20.560+0000] {logging_mixin.py:188} INFO - [2026-01-27T23:50:20.560+0000] {dagbag.py:540} INFO - Filling up the DagBag from /home/airflow/.local/lib/python3.12/site-packages/airflow/example_dags/example_task_group_decorator.py
[2026-01-27T23:50:20.578+0000] {processor.py:840} INFO - DAG(s) 'example_task_group_decorator' retrieved from /home/airflow/.local/lib/python3.12/site-packages/airflow/example_dags/example_task_group_decorator.py
[2026-01-27T23:50:20.602+0000] {logging_mixin.py:188} INFO - [2026-01-27T23:50:20.602+0000] {dag.py:3096} INFO - Sync 1 DAGs
[2026-01-27T23:50:20.627+0000] {logging_mixin.py:188} INFO - [2026-01-27T23:50:20.627+0000] {dag.py:3954} INFO - Setting next_dagrun for example_task_group_decorator to 2026-01-26 00:00:00+00:00, run_after=2026-01-27 00:00:00+00:00
[2026-01-27T23:50:20.647+0000] {processor.py:183} INFO - Processing /home/airflow/.local/lib/python3.12/site-packages/airflow/example_dags/example_task_group_decorator.py took 0.100 seconds
[2026-01-27T23:50:50.759+0000] {processor.py:161} INFO - Started process (PID=1563) to work on /home/airflow/.local/lib/python3.12/site-packages/airflow/example_dags/example_task_group_decorator.py
[2026-01-27T23:50:50.760+0000] {processor.py:830} INFO - Processing file /home/airflow/.local/lib/python3.12/site-packages/airflow/example_dags/example_task_group_decorator.py for tasks to queue
[2026-01-27T23:50:50.763+0000] {logging_mixin.py:188} INFO - [2026-01-27T23:50:50.762+0000] {dagbag.py:540} INFO - Filling up the DagBag from /home/airflow/.local/lib/python3.12/site-packages/airflow/example_dags/example_task_group_decorator.py
[2026-01-27T23:50:50.778+0000] {processor.py:840} INFO - DAG(s) 'example_task_group_decorator' retrieved from /home/airflow/.local/lib/python3.12/site-packages/airflow/example_dags/example_task_group_decorator.py
[2026-01-27T23:50:50.804+0000] {logging_mixin.py:188} INFO - [2026-01-27T23:50:50.804+0000] {dag.py:3096} INFO - Sync 1 DAGs
[2026-01-27T23:50:50.824+0000] {logging_mixin.py:188} INFO - [2026-01-27T23:50:50.824+0000] {dag.py:3954} INFO - Setting next_dagrun for example_task_group_decorator to 2026-01-26 00:00:00+00:00, run_after=2026-01-27 00:00:00+00:00
[2026-01-27T23:50:50.842+0000] {processor.py:183} INFO - Processing /home/airflow/.local/lib/python3.12/site-packages/airflow/example_dags/example_task_group_decorator.py took 0.089 seconds
[2026-01-27T23:51:21.507+0000] {processor.py:161} INFO - Started process (PID=1615) to work on /home/airflow/.local/lib/python3.12/site-packages/airflow/example_dags/example_task_group_decorator.py
[2026-01-27T23:51:21.509+0000] {processor.py:830} INFO - Processing file /home/airflow/.local/lib/python3.12/site-packages/airflow/example_dags/example_task_group_decorator.py for tasks to queue
[2026-01-27T23:51:21.513+0000] {logging_mixin.py:188} INFO - [2026-01-27T23:51:21.512+0000] {dagbag.py:540} INFO - Filling up the DagBag from /home/airflow/.local/lib/python3.12/site-packages/airflow/example_dags/example_task_group_decorator.py
[2026-01-27T23:51:21.540+0000] {processor.py:840} INFO - DAG(s) 'example_task_group_decorator' retrieved from /home/airflow/.local/lib/python3.12/site-packages/airflow/example_dags/example_task_group_decorator.py
[2026-01-27T23:51:21.584+0000] {logging_mixin.py:188} INFO - [2026-01-27T23:51:21.584+0000] {dag.py:3096} INFO - Sync 1 DAGs
[2026-01-27T23:51:21.631+0000] {logging_mixin.py:188} INFO - [2026-01-27T23:51:21.630+0000] {dag.py:3954} INFO - Setting next_dagrun for example_task_group_decorator to 2026-01-26 00:00:00+00:00, run_after=2026-01-27 00:00:00+00:00
[2026-01-27T23:51:21.660+0000] {processor.py:183} INFO - Processing /home/airflow/.local/lib/python3.12/site-packages/airflow/example_dags/example_task_group_decorator.py took 0.166 seconds
[2026-01-27T23:51:52.368+0000] {processor.py:161} INFO - Started process (PID=1667) to work on /home/airflow/.local/lib/python3.12/site-packages/airflow/example_dags/example_task_group_decorator.py
[2026-01-27T23:51:52.369+0000] {processor.py:830} INFO - Processing file /home/airflow/.local/lib/python3.12/site-packages/airflow/example_dags/example_task_group_decorator.py for tasks to queue
[2026-01-27T23:51:52.372+0000] {logging_mixin.py:188} INFO - [2026-01-27T23:51:52.371+0000] {dagbag.py:540} INFO - Filling up the DagBag from /home/airflow/.local/lib/python3.12/site-packages/airflow/example_dags/example_task_group_decorator.py
[2026-01-27T23:51:52.387+0000] {processor.py:840} INFO - DAG(s) 'example_task_group_decorator' retrieved from /home/airflow/.local/lib/python3.12/site-packages/airflow/example_dags/example_task_group_decorator.py
[2026-01-27T23:51:52.415+0000] {logging_mixin.py:188} INFO - [2026-01-27T23:51:52.414+0000] {dag.py:3096} INFO - Sync 1 DAGs
[2026-01-27T23:51:52.435+0000] {logging_mixin.py:188} INFO - [2026-01-27T23:51:52.435+0000] {dag.py:3954} INFO - Setting next_dagrun for example_task_group_decorator to 2026-01-26 00:00:00+00:00, run_after=2026-01-27 00:00:00+00:00
[2026-01-27T23:51:52.459+0000] {processor.py:183} INFO - Processing /home/airflow/.local/lib/python3.12/site-packages/airflow/example_dags/example_task_group_decorator.py took 0.097 seconds
[2026-01-27T23:52:22.851+0000] {processor.py:161} INFO - Started process (PID=1719) to work on /home/airflow/.local/lib/python3.12/site-packages/airflow/example_dags/example_task_group_decorator.py
[2026-01-27T23:52:22.853+0000] {processor.py:830} INFO - Processing file /home/airflow/.local/lib/python3.12/site-packages/airflow/example_dags/example_task_group_decorator.py for tasks to queue
[2026-01-27T23:52:22.855+0000] {logging_mixin.py:188} INFO - [2026-01-27T23:52:22.855+0000] {dagbag.py:540} INFO - Filling up the DagBag from /home/airflow/.local/lib/python3.12/site-packages/airflow/example_dags/example_task_group_decorator.py
[2026-01-27T23:52:22.873+0000] {processor.py:840} INFO - DAG(s) 'example_task_group_decorator' retrieved from /home/airflow/.local/lib/python3.12/site-packages/airflow/example_dags/example_task_group_decorator.py
[2026-01-27T23:52:22.911+0000] {logging_mixin.py:188} INFO - [2026-01-27T23:52:22.911+0000] {dag.py:3096} INFO - Sync 1 DAGs
[2026-01-27T23:52:22.939+0000] {logging_mixin.py:188} INFO - [2026-01-27T23:52:22.939+0000] {dag.py:3954} INFO - Setting next_dagrun for example_task_group_decorator to 2026-01-26 00:00:00+00:00, run_after=2026-01-27 00:00:00+00:00
[2026-01-27T23:52:22.958+0000] {processor.py:183} INFO - Processing /home/airflow/.local/lib/python3.12/site-packages/airflow/example_dags/example_task_group_decorator.py took 0.113 seconds
[2026-01-27T23:52:53.268+0000] {processor.py:161} INFO - Started process (PID=1771) to work on /home/airflow/.local/lib/python3.12/site-packages/airflow/example_dags/example_task_group_decorator.py
[2026-01-27T23:52:53.270+0000] {processor.py:830} INFO - Processing file /home/airflow/.local/lib/python3.12/site-packages/airflow/example_dags/example_task_group_decorator.py for tasks to queue
[2026-01-27T23:52:53.272+0000] {logging_mixin.py:188} INFO - [2026-01-27T23:52:53.271+0000] {dagbag.py:540} INFO - Filling up the DagBag from /home/airflow/.local/lib/python3.12/site-packages/airflow/example_dags/example_task_group_decorator.py
[2026-01-27T23:52:53.285+0000] {processor.py:840} INFO - DAG(s) 'example_task_group_decorator' retrieved from /home/airflow/.local/lib/python3.12/site-packages/airflow/example_dags/example_task_group_decorator.py
[2026-01-27T23:52:53.313+0000] {logging_mixin.py:188} INFO - [2026-01-27T23:52:53.312+0000] {dag.py:3096} INFO - Sync 1 DAGs
[2026-01-27T23:52:53.332+0000] {logging_mixin.py:188} INFO - [2026-01-27T23:52:53.332+0000] {dag.py:3954} INFO - Setting next_dagrun for example_task_group_decorator to 2026-01-26 00:00:00+00:00, run_after=2026-01-27 00:00:00+00:00
[2026-01-27T23:52:53.353+0000] {processor.py:183} INFO - Processing /home/airflow/.local/lib/python3.12/site-packages/airflow/example_dags/example_task_group_decorator.py took 0.092 seconds
[2026-01-27T23:53:23.485+0000] {processor.py:161} INFO - Started process (PID=1823) to work on /home/airflow/.local/lib/python3.12/site-packages/airflow/example_dags/example_task_group_decorator.py
[2026-01-27T23:53:23.486+0000] {processor.py:830} INFO - Processing file /home/airflow/.local/lib/python3.12/site-packages/airflow/example_dags/example_task_group_decorator.py for tasks to queue
[2026-01-27T23:53:23.488+0000] {logging_mixin.py:188} INFO - [2026-01-27T23:53:23.488+0000] {dagbag.py:540} INFO - Filling up the DagBag from /home/airflow/.local/lib/python3.12/site-packages/airflow/example_dags/example_task_group_decorator.py
[2026-01-27T23:53:23.504+0000] {processor.py:840} INFO - DAG(s) 'example_task_group_decorator' retrieved from /home/airflow/.local/lib/python3.12/site-packages/airflow/example_dags/example_task_group_decorator.py
[2026-01-27T23:53:23.530+0000] {logging_mixin.py:188} INFO - [2026-01-27T23:53:23.530+0000] {dag.py:3096} INFO - Sync 1 DAGs
[2026-01-27T23:53:23.552+0000] {logging_mixin.py:188} INFO - [2026-01-27T23:53:23.552+0000] {dag.py:3954} INFO - Setting next_dagrun for example_task_group_decorator to 2026-01-26 00:00:00+00:00, run_after=2026-01-27 00:00:00+00:00
[2026-01-27T23:53:23.573+0000] {processor.py:183} INFO - Processing /home/airflow/.local/lib/python3.12/site-packages/airflow/example_dags/example_task_group_decorator.py took 0.094 seconds
[2026-01-27T23:53:54.557+0000] {processor.py:161} INFO - Started process (PID=1875) to work on /home/airflow/.local/lib/python3.12/site-packages/airflow/example_dags/example_task_group_decorator.py
[2026-01-27T23:53:54.559+0000] {processor.py:830} INFO - Processing file /home/airflow/.local/lib/python3.12/site-packages/airflow/example_dags/example_task_group_decorator.py for tasks to queue
[2026-01-27T23:53:54.562+0000] {logging_mixin.py:188} INFO - [2026-01-27T23:53:54.562+0000] {dagbag.py:540} INFO - Filling up the DagBag from /home/airflow/.local/lib/python3.12/site-packages/airflow/example_dags/example_task_group_decorator.py
[2026-01-27T23:53:54.580+0000] {processor.py:840} INFO - DAG(s) 'example_task_group_decorator' retrieved from /home/airflow/.local/lib/python3.12/site-packages/airflow/example_dags/example_task_group_decorator.py
[2026-01-27T23:53:54.610+0000] {logging_mixin.py:188} INFO - [2026-01-27T23:53:54.610+0000] {dag.py:3096} INFO - Sync 1 DAGs
[2026-01-27T23:53:54.635+0000] {logging_mixin.py:188} INFO - [2026-01-27T23:53:54.635+0000] {dag.py:3954} INFO - Setting next_dagrun for example_task_group_decorator to 2026-01-26 00:00:00+00:00, run_after=2026-01-27 00:00:00+00:00
[2026-01-27T23:53:54.659+0000] {processor.py:183} INFO - Processing /home/airflow/.local/lib/python3.12/site-packages/airflow/example_dags/example_task_group_decorator.py took 0.109 seconds
[2026-01-27T23:54:25.429+0000] {processor.py:161} INFO - Started process (PID=1927) to work on /home/airflow/.local/lib/python3.12/site-packages/airflow/example_dags/example_task_group_decorator.py
[2026-01-27T23:54:25.436+0000] {processor.py:830} INFO - Processing file /home/airflow/.local/lib/python3.12/site-packages/airflow/example_dags/example_task_group_decorator.py for tasks to queue
[2026-01-27T23:54:25.457+0000] {logging_mixin.py:188} INFO - [2026-01-27T23:54:25.457+0000] {dagbag.py:540} INFO - Filling up the DagBag from /home/airflow/.local/lib/python3.12/site-packages/airflow/example_dags/example_task_group_decorator.py
[2026-01-27T23:54:25.529+0000] {processor.py:840} INFO - DAG(s) 'example_task_group_decorator' retrieved from /home/airflow/.local/lib/python3.12/site-packages/airflow/example_dags/example_task_group_decorator.py
[2026-01-27T23:54:25.645+0000] {logging_mixin.py:188} INFO - [2026-01-27T23:54:25.635+0000] {dag.py:3096} INFO - Sync 1 DAGs
[2026-01-27T23:54:25.729+0000] {logging_mixin.py:188} INFO - [2026-01-27T23:54:25.729+0000] {dag.py:3954} INFO - Setting next_dagrun for example_task_group_decorator to 2026-01-26 00:00:00+00:00, run_after=2026-01-27 00:00:00+00:00
[2026-01-27T23:54:25.784+0000] {processor.py:183} INFO - Processing /home/airflow/.local/lib/python3.12/site-packages/airflow/example_dags/example_task_group_decorator.py took 0.378 seconds
[2026-01-27T23:54:56.043+0000] {processor.py:161} INFO - Started process (PID=1979) to work on /home/airflow/.local/lib/python3.12/site-packages/airflow/example_dags/example_task_group_decorator.py
[2026-01-27T23:54:56.044+0000] {processor.py:830} INFO - Processing file /home/airflow/.local/lib/python3.12/site-packages/airflow/example_dags/example_task_group_decorator.py for tasks to queue
[2026-01-27T23:54:56.046+0000] {logging_mixin.py:188} INFO - [2026-01-27T23:54:56.046+0000] {dagbag.py:540} INFO - Filling up the DagBag from /home/airflow/.local/lib/python3.12/site-packages/airflow/example_dags/example_task_group_decorator.py
[2026-01-27T23:54:56.059+0000] {processor.py:840} INFO - DAG(s) 'example_task_group_decorator' retrieved from /home/airflow/.local/lib/python3.12/site-packages/airflow/example_dags/example_task_group_decorator.py
[2026-01-27T23:54:56.084+0000] {logging_mixin.py:188} INFO - [2026-01-27T23:54:56.084+0000] {dag.py:3096} INFO - Sync 1 DAGs
[2026-01-27T23:54:56.105+0000] {logging_mixin.py:188} INFO - [2026-01-27T23:54:56.105+0000] {dag.py:3954} INFO - Setting next_dagrun for example_task_group_decorator to 2026-01-26 00:00:00+00:00, run_after=2026-01-27 00:00:00+00:00
[2026-01-27T23:54:56.123+0000] {processor.py:183} INFO - Processing /home/airflow/.local/lib/python3.12/site-packages/airflow/example_dags/example_task_group_decorator.py took 0.086 seconds
[2026-01-27T23:55:26.663+0000] {processor.py:161} INFO - Started process (PID=2031) to work on /home/airflow/.local/lib/python3.12/site-packages/airflow/example_dags/example_task_group_decorator.py
[2026-01-27T23:55:26.664+0000] {processor.py:830} INFO - Processing file /home/airflow/.local/lib/python3.12/site-packages/airflow/example_dags/example_task_group_decorator.py for tasks to queue
[2026-01-27T23:55:26.666+0000] {logging_mixin.py:188} INFO - [2026-01-27T23:55:26.666+0000] {dagbag.py:540} INFO - Filling up the DagBag from /home/airflow/.local/lib/python3.12/site-packages/airflow/example_dags/example_task_group_decorator.py
[2026-01-27T23:55:26.681+0000] {processor.py:840} INFO - DAG(s) 'example_task_group_decorator' retrieved from /home/airflow/.local/lib/python3.12/site-packages/airflow/example_dags/example_task_group_decorator.py
[2026-01-27T23:55:26.708+0000] {logging_mixin.py:188} INFO - [2026-01-27T23:55:26.707+0000] {dag.py:3096} INFO - Sync 1 DAGs
[2026-01-27T23:55:26.734+0000] {logging_mixin.py:188} INFO - [2026-01-27T23:55:26.734+0000] {dag.py:3954} INFO - Setting next_dagrun for example_task_group_decorator to 2026-01-26 00:00:00+00:00, run_after=2026-01-27 00:00:00+00:00
[2026-01-27T23:55:26.753+0000] {processor.py:183} INFO - Processing /home/airflow/.local/lib/python3.12/site-packages/airflow/example_dags/example_task_group_decorator.py took 0.097 seconds
[2026-01-27T23:55:56.982+0000] {processor.py:161} INFO - Started process (PID=2083) to work on /home/airflow/.local/lib/python3.12/site-packages/airflow/example_dags/example_task_group_decorator.py
[2026-01-27T23:55:56.983+0000] {processor.py:830} INFO - Processing file /home/airflow/.local/lib/python3.12/site-packages/airflow/example_dags/example_task_group_decorator.py for tasks to queue
[2026-01-27T23:55:56.985+0000] {logging_mixin.py:188} INFO - [2026-01-27T23:55:56.985+0000] {dagbag.py:540} INFO - Filling up the DagBag from /home/airflow/.local/lib/python3.12/site-packages/airflow/example_dags/example_task_group_decorator.py
[2026-01-27T23:55:57.000+0000] {processor.py:840} INFO - DAG(s) 'example_task_group_decorator' retrieved from /home/airflow/.local/lib/python3.12/site-packages/airflow/example_dags/example_task_group_decorator.py
[2026-01-27T23:55:57.026+0000] {logging_mixin.py:188} INFO - [2026-01-27T23:55:57.026+0000] {dag.py:3096} INFO - Sync 1 DAGs
[2026-01-27T23:55:57.049+0000] {logging_mixin.py:188} INFO - [2026-01-27T23:55:57.049+0000] {dag.py:3954} INFO - Setting next_dagrun for example_task_group_decorator to 2026-01-26 00:00:00+00:00, run_after=2026-01-27 00:00:00+00:00
[2026-01-27T23:55:57.069+0000] {processor.py:183} INFO - Processing /home/airflow/.local/lib/python3.12/site-packages/airflow/example_dags/example_task_group_decorator.py took 0.093 seconds
[2026-01-27T23:56:27.187+0000] {processor.py:161} INFO - Started process (PID=2135) to work on /home/airflow/.local/lib/python3.12/site-packages/airflow/example_dags/example_task_group_decorator.py
[2026-01-27T23:56:27.188+0000] {processor.py:830} INFO - Processing file /home/airflow/.local/lib/python3.12/site-packages/airflow/example_dags/example_task_group_decorator.py for tasks to queue
[2026-01-27T23:56:27.190+0000] {logging_mixin.py:188} INFO - [2026-01-27T23:56:27.189+0000] {dagbag.py:540} INFO - Filling up the DagBag from /home/airflow/.local/lib/python3.12/site-packages/airflow/example_dags/example_task_group_decorator.py
[2026-01-27T23:56:27.203+0000] {processor.py:840} INFO - DAG(s) 'example_task_group_decorator' retrieved from /home/airflow/.local/lib/python3.12/site-packages/airflow/example_dags/example_task_group_decorator.py
[2026-01-27T23:56:27.226+0000] {logging_mixin.py:188} INFO - [2026-01-27T23:56:27.226+0000] {dag.py:3096} INFO - Sync 1 DAGs
[2026-01-27T23:56:27.247+0000] {logging_mixin.py:188} INFO - [2026-01-27T23:56:27.247+0000] {dag.py:3954} INFO - Setting next_dagrun for example_task_group_decorator to 2026-01-26 00:00:00+00:00, run_after=2026-01-27 00:00:00+00:00
[2026-01-27T23:56:27.266+0000] {processor.py:183} INFO - Processing /home/airflow/.local/lib/python3.12/site-packages/airflow/example_dags/example_task_group_decorator.py took 0.085 seconds
[2026-01-27T23:56:57.315+0000] {processor.py:161} INFO - Started process (PID=2187) to work on /home/airflow/.local/lib/python3.12/site-packages/airflow/example_dags/example_task_group_decorator.py
[2026-01-27T23:56:57.316+0000] {processor.py:830} INFO - Processing file /home/airflow/.local/lib/python3.12/site-packages/airflow/example_dags/example_task_group_decorator.py for tasks to queue
[2026-01-27T23:56:57.318+0000] {logging_mixin.py:188} INFO - [2026-01-27T23:56:57.318+0000] {dagbag.py:540} INFO - Filling up the DagBag from /home/airflow/.local/lib/python3.12/site-packages/airflow/example_dags/example_task_group_decorator.py
[2026-01-27T23:56:57.330+0000] {processor.py:840} INFO - DAG(s) 'example_task_group_decorator' retrieved from /home/airflow/.local/lib/python3.12/site-packages/airflow/example_dags/example_task_group_decorator.py
[2026-01-27T23:56:57.352+0000] {logging_mixin.py:188} INFO - [2026-01-27T23:56:57.352+0000] {dag.py:3096} INFO - Sync 1 DAGs
[2026-01-27T23:56:57.371+0000] {logging_mixin.py:188} INFO - [2026-01-27T23:56:57.371+0000] {dag.py:3954} INFO - Setting next_dagrun for example_task_group_decorator to 2026-01-26 00:00:00+00:00, run_after=2026-01-27 00:00:00+00:00
[2026-01-27T23:56:57.392+0000] {processor.py:183} INFO - Processing /home/airflow/.local/lib/python3.12/site-packages/airflow/example_dags/example_task_group_decorator.py took 0.082 seconds
[2026-01-27T23:57:28.172+0000] {processor.py:161} INFO - Started process (PID=2239) to work on /home/airflow/.local/lib/python3.12/site-packages/airflow/example_dags/example_task_group_decorator.py
[2026-01-27T23:57:28.173+0000] {processor.py:830} INFO - Processing file /home/airflow/.local/lib/python3.12/site-packages/airflow/example_dags/example_task_group_decorator.py for tasks to queue
[2026-01-27T23:57:28.176+0000] {logging_mixin.py:188} INFO - [2026-01-27T23:57:28.175+0000] {dagbag.py:540} INFO - Filling up the DagBag from /home/airflow/.local/lib/python3.12/site-packages/airflow/example_dags/example_task_group_decorator.py
[2026-01-27T23:57:28.196+0000] {processor.py:840} INFO - DAG(s) 'example_task_group_decorator' retrieved from /home/airflow/.local/lib/python3.12/site-packages/airflow/example_dags/example_task_group_decorator.py
[2026-01-27T23:57:28.222+0000] {logging_mixin.py:188} INFO - [2026-01-27T23:57:28.221+0000] {dag.py:3096} INFO - Sync 1 DAGs
[2026-01-27T23:57:28.243+0000] {logging_mixin.py:188} INFO - [2026-01-27T23:57:28.243+0000] {dag.py:3954} INFO - Setting next_dagrun for example_task_group_decorator to 2026-01-26 00:00:00+00:00, run_after=2026-01-27 00:00:00+00:00
[2026-01-27T23:57:28.261+0000] {processor.py:183} INFO - Processing /home/airflow/.local/lib/python3.12/site-packages/airflow/example_dags/example_task_group_decorator.py took 0.099 seconds
[2026-01-27T23:57:58.365+0000] {processor.py:161} INFO - Started process (PID=2291) to work on /home/airflow/.local/lib/python3.12/site-packages/airflow/example_dags/example_task_group_decorator.py
[2026-01-27T23:57:58.366+0000] {processor.py:830} INFO - Processing file /home/airflow/.local/lib/python3.12/site-packages/airflow/example_dags/example_task_group_decorator.py for tasks to queue
[2026-01-27T23:57:58.368+0000] {logging_mixin.py:188} INFO - [2026-01-27T23:57:58.368+0000] {dagbag.py:540} INFO - Filling up the DagBag from /home/airflow/.local/lib/python3.12/site-packages/airflow/example_dags/example_task_group_decorator.py
[2026-01-27T23:57:58.381+0000] {processor.py:840} INFO - DAG(s) 'example_task_group_decorator' retrieved from /home/airflow/.local/lib/python3.12/site-packages/airflow/example_dags/example_task_group_decorator.py
[2026-01-27T23:57:58.407+0000] {logging_mixin.py:188} INFO - [2026-01-27T23:57:58.407+0000] {dag.py:3096} INFO - Sync 1 DAGs
[2026-01-27T23:57:58.432+0000] {logging_mixin.py:188} INFO - [2026-01-27T23:57:58.431+0000] {dag.py:3954} INFO - Setting next_dagrun for example_task_group_decorator to 2026-01-26 00:00:00+00:00, run_after=2026-01-27 00:00:00+00:00
[2026-01-27T23:57:58.451+0000] {processor.py:183} INFO - Processing /home/airflow/.local/lib/python3.12/site-packages/airflow/example_dags/example_task_group_decorator.py took 0.092 seconds
[2026-01-27T23:58:28.737+0000] {processor.py:161} INFO - Started process (PID=2343) to work on /home/airflow/.local/lib/python3.12/site-packages/airflow/example_dags/example_task_group_decorator.py
[2026-01-27T23:58:28.738+0000] {processor.py:830} INFO - Processing file /home/airflow/.local/lib/python3.12/site-packages/airflow/example_dags/example_task_group_decorator.py for tasks to queue
[2026-01-27T23:58:28.741+0000] {logging_mixin.py:188} INFO - [2026-01-27T23:58:28.741+0000] {dagbag.py:540} INFO - Filling up the DagBag from /home/airflow/.local/lib/python3.12/site-packages/airflow/example_dags/example_task_group_decorator.py
[2026-01-27T23:58:28.753+0000] {processor.py:840} INFO - DAG(s) 'example_task_group_decorator' retrieved from /home/airflow/.local/lib/python3.12/site-packages/airflow/example_dags/example_task_group_decorator.py
[2026-01-27T23:58:28.781+0000] {logging_mixin.py:188} INFO - [2026-01-27T23:58:28.780+0000] {dag.py:3096} INFO - Sync 1 DAGs
[2026-01-27T23:58:28.804+0000] {logging_mixin.py:188} INFO - [2026-01-27T23:58:28.803+0000] {dag.py:3954} INFO - Setting next_dagrun for example_task_group_decorator to 2026-01-26 00:00:00+00:00, run_after=2026-01-27 00:00:00+00:00
[2026-01-27T23:58:28.825+0000] {processor.py:183} INFO - Processing /home/airflow/.local/lib/python3.12/site-packages/airflow/example_dags/example_task_group_decorator.py took 0.094 seconds
[2026-01-27T23:58:59.077+0000] {processor.py:161} INFO - Started process (PID=2395) to work on /home/airflow/.local/lib/python3.12/site-packages/airflow/example_dags/example_task_group_decorator.py
[2026-01-27T23:58:59.078+0000] {processor.py:830} INFO - Processing file /home/airflow/.local/lib/python3.12/site-packages/airflow/example_dags/example_task_group_decorator.py for tasks to queue
[2026-01-27T23:58:59.080+0000] {logging_mixin.py:188} INFO - [2026-01-27T23:58:59.080+0000] {dagbag.py:540} INFO - Filling up the DagBag from /home/airflow/.local/lib/python3.12/site-packages/airflow/example_dags/example_task_group_decorator.py
[2026-01-27T23:58:59.094+0000] {processor.py:840} INFO - DAG(s) 'example_task_group_decorator' retrieved from /home/airflow/.local/lib/python3.12/site-packages/airflow/example_dags/example_task_group_decorator.py
[2026-01-27T23:58:59.119+0000] {logging_mixin.py:188} INFO - [2026-01-27T23:58:59.119+0000] {dag.py:3096} INFO - Sync 1 DAGs
[2026-01-27T23:58:59.141+0000] {logging_mixin.py:188} INFO - [2026-01-27T23:58:59.141+0000] {dag.py:3954} INFO - Setting next_dagrun for example_task_group_decorator to 2026-01-26 00:00:00+00:00, run_after=2026-01-27 00:00:00+00:00
[2026-01-27T23:58:59.159+0000] {processor.py:183} INFO - Processing /home/airflow/.local/lib/python3.12/site-packages/airflow/example_dags/example_task_group_decorator.py took 0.087 seconds
[2026-01-27T23:59:29.768+0000] {processor.py:161} INFO - Started process (PID=2447) to work on /home/airflow/.local/lib/python3.12/site-packages/airflow/example_dags/example_task_group_decorator.py
[2026-01-27T23:59:29.770+0000] {processor.py:830} INFO - Processing file /home/airflow/.local/lib/python3.12/site-packages/airflow/example_dags/example_task_group_decorator.py for tasks to queue
[2026-01-27T23:59:29.772+0000] {logging_mixin.py:188} INFO - [2026-01-27T23:59:29.771+0000] {dagbag.py:540} INFO - Filling up the DagBag from /home/airflow/.local/lib/python3.12/site-packages/airflow/example_dags/example_task_group_decorator.py
[2026-01-27T23:59:29.785+0000] {processor.py:840} INFO - DAG(s) 'example_task_group_decorator' retrieved from /home/airflow/.local/lib/python3.12/site-packages/airflow/example_dags/example_task_group_decorator.py
[2026-01-27T23:59:29.809+0000] {logging_mixin.py:188} INFO - [2026-01-27T23:59:29.809+0000] {dag.py:3096} INFO - Sync 1 DAGs
[2026-01-27T23:59:29.830+0000] {logging_mixin.py:188} INFO - [2026-01-27T23:59:29.830+0000] {dag.py:3954} INFO - Setting next_dagrun for example_task_group_decorator to 2026-01-26 00:00:00+00:00, run_after=2026-01-27 00:00:00+00:00
[2026-01-27T23:59:29.851+0000] {processor.py:183} INFO - Processing /home/airflow/.local/lib/python3.12/site-packages/airflow/example_dags/example_task_group_decorator.py took 0.090 seconds
