[2026-01-27 23:27:00,226] {scheduler_job.py:182} INFO - Started process (PID=38) to work on /home/airflow/.local/lib/python3.6/site-packages/airflow/example_dags/example_nested_branch_dag.py
[2026-01-27 23:27:00,244] {scheduler_job.py:629} INFO - Processing file /home/airflow/.local/lib/python3.6/site-packages/airflow/example_dags/example_nested_branch_dag.py for tasks to queue
[2026-01-27 23:27:00,263] {logging_mixin.py:104} INFO - [2026-01-27 23:27:00,263] {dagbag.py:448} INFO - Filling up the DagBag from /home/airflow/.local/lib/python3.6/site-packages/airflow/example_dags/example_nested_branch_dag.py
[2026-01-27 23:27:00,502] {scheduler_job.py:639} INFO - DAG(s) dict_keys(['example_nested_branch_dag']) retrieved from /home/airflow/.local/lib/python3.6/site-packages/airflow/example_dags/example_nested_branch_dag.py
[2026-01-27 23:27:00,900] {logging_mixin.py:104} INFO - [2026-01-27 23:27:00,900] {dag.py:1818} INFO - Sync 1 DAGs
[2026-01-27 23:27:00,977] {logging_mixin.py:104} INFO - [2026-01-27 23:27:00,976] {dag.py:1837} INFO - Creating ORM DAG for example_nested_branch_dag
[2026-01-27 23:27:01,045] {logging_mixin.py:104} INFO - [2026-01-27 23:27:01,045] {dag.py:2273} INFO - Setting next_dagrun for example_nested_branch_dag to 2026-01-25 00:00:00+00:00
[2026-01-27 23:27:01,231] {scheduler_job.py:190} INFO - Processing /home/airflow/.local/lib/python3.6/site-packages/airflow/example_dags/example_nested_branch_dag.py took 1.046 seconds
[2026-01-27 23:27:31,578] {scheduler_job.py:182} INFO - Started process (PID=64) to work on /home/airflow/.local/lib/python3.6/site-packages/airflow/example_dags/example_nested_branch_dag.py
[2026-01-27 23:27:31,588] {scheduler_job.py:629} INFO - Processing file /home/airflow/.local/lib/python3.6/site-packages/airflow/example_dags/example_nested_branch_dag.py for tasks to queue
[2026-01-27 23:27:31,593] {logging_mixin.py:104} INFO - [2026-01-27 23:27:31,593] {dagbag.py:448} INFO - Filling up the DagBag from /home/airflow/.local/lib/python3.6/site-packages/airflow/example_dags/example_nested_branch_dag.py
[2026-01-27 23:27:31,684] {scheduler_job.py:639} INFO - DAG(s) dict_keys(['example_nested_branch_dag']) retrieved from /home/airflow/.local/lib/python3.6/site-packages/airflow/example_dags/example_nested_branch_dag.py
[2026-01-27 23:27:31,774] {logging_mixin.py:104} INFO - [2026-01-27 23:27:31,773] {dag.py:1818} INFO - Sync 1 DAGs
[2026-01-27 23:27:31,838] {logging_mixin.py:104} INFO - [2026-01-27 23:27:31,838] {dag.py:2273} INFO - Setting next_dagrun for example_nested_branch_dag to 2026-01-25 00:00:00+00:00
[2026-01-27 23:27:31,871] {scheduler_job.py:190} INFO - Processing /home/airflow/.local/lib/python3.6/site-packages/airflow/example_dags/example_nested_branch_dag.py took 0.381 seconds
[2026-01-27 23:28:02,758] {scheduler_job.py:182} INFO - Started process (PID=90) to work on /home/airflow/.local/lib/python3.6/site-packages/airflow/example_dags/example_nested_branch_dag.py
[2026-01-27 23:28:02,760] {scheduler_job.py:629} INFO - Processing file /home/airflow/.local/lib/python3.6/site-packages/airflow/example_dags/example_nested_branch_dag.py for tasks to queue
[2026-01-27 23:28:02,762] {logging_mixin.py:104} INFO - [2026-01-27 23:28:02,762] {dagbag.py:448} INFO - Filling up the DagBag from /home/airflow/.local/lib/python3.6/site-packages/airflow/example_dags/example_nested_branch_dag.py
[2026-01-27 23:28:02,792] {scheduler_job.py:639} INFO - DAG(s) dict_keys(['example_nested_branch_dag']) retrieved from /home/airflow/.local/lib/python3.6/site-packages/airflow/example_dags/example_nested_branch_dag.py
[2026-01-27 23:28:02,837] {logging_mixin.py:104} INFO - [2026-01-27 23:28:02,837] {dag.py:1818} INFO - Sync 1 DAGs
[2026-01-27 23:28:02,876] {logging_mixin.py:104} INFO - [2026-01-27 23:28:02,876] {dag.py:2273} INFO - Setting next_dagrun for example_nested_branch_dag to 2026-01-25 00:00:00+00:00
[2026-01-27 23:28:02,895] {scheduler_job.py:190} INFO - Processing /home/airflow/.local/lib/python3.6/site-packages/airflow/example_dags/example_nested_branch_dag.py took 0.143 seconds
[2026-01-27 23:28:33,187] {scheduler_job.py:182} INFO - Started process (PID=116) to work on /home/airflow/.local/lib/python3.6/site-packages/airflow/example_dags/example_nested_branch_dag.py
[2026-01-27 23:28:33,188] {scheduler_job.py:629} INFO - Processing file /home/airflow/.local/lib/python3.6/site-packages/airflow/example_dags/example_nested_branch_dag.py for tasks to queue
[2026-01-27 23:28:33,189] {logging_mixin.py:104} INFO - [2026-01-27 23:28:33,189] {dagbag.py:448} INFO - Filling up the DagBag from /home/airflow/.local/lib/python3.6/site-packages/airflow/example_dags/example_nested_branch_dag.py
[2026-01-27 23:28:33,204] {scheduler_job.py:639} INFO - DAG(s) dict_keys(['example_nested_branch_dag']) retrieved from /home/airflow/.local/lib/python3.6/site-packages/airflow/example_dags/example_nested_branch_dag.py
[2026-01-27 23:28:33,225] {logging_mixin.py:104} INFO - [2026-01-27 23:28:33,225] {dag.py:1818} INFO - Sync 1 DAGs
[2026-01-27 23:28:33,244] {logging_mixin.py:104} INFO - [2026-01-27 23:28:33,244] {dag.py:2273} INFO - Setting next_dagrun for example_nested_branch_dag to 2026-01-25 00:00:00+00:00
[2026-01-27 23:28:33,263] {scheduler_job.py:190} INFO - Processing /home/airflow/.local/lib/python3.6/site-packages/airflow/example_dags/example_nested_branch_dag.py took 0.080 seconds
[2026-01-27 23:29:03,580] {scheduler_job.py:182} INFO - Started process (PID=142) to work on /home/airflow/.local/lib/python3.6/site-packages/airflow/example_dags/example_nested_branch_dag.py
[2026-01-27 23:29:03,581] {scheduler_job.py:629} INFO - Processing file /home/airflow/.local/lib/python3.6/site-packages/airflow/example_dags/example_nested_branch_dag.py for tasks to queue
[2026-01-27 23:29:03,582] {logging_mixin.py:104} INFO - [2026-01-27 23:29:03,582] {dagbag.py:448} INFO - Filling up the DagBag from /home/airflow/.local/lib/python3.6/site-packages/airflow/example_dags/example_nested_branch_dag.py
[2026-01-27 23:29:03,595] {scheduler_job.py:639} INFO - DAG(s) dict_keys(['example_nested_branch_dag']) retrieved from /home/airflow/.local/lib/python3.6/site-packages/airflow/example_dags/example_nested_branch_dag.py
[2026-01-27 23:29:03,615] {logging_mixin.py:104} INFO - [2026-01-27 23:29:03,614] {dag.py:1818} INFO - Sync 1 DAGs
[2026-01-27 23:29:03,631] {logging_mixin.py:104} INFO - [2026-01-27 23:29:03,631] {dag.py:2273} INFO - Setting next_dagrun for example_nested_branch_dag to 2026-01-25 00:00:00+00:00
[2026-01-27 23:29:03,652] {scheduler_job.py:190} INFO - Processing /home/airflow/.local/lib/python3.6/site-packages/airflow/example_dags/example_nested_branch_dag.py took 0.075 seconds
[2026-01-27 23:29:33,948] {scheduler_job.py:182} INFO - Started process (PID=168) to work on /home/airflow/.local/lib/python3.6/site-packages/airflow/example_dags/example_nested_branch_dag.py
[2026-01-27 23:29:33,950] {scheduler_job.py:629} INFO - Processing file /home/airflow/.local/lib/python3.6/site-packages/airflow/example_dags/example_nested_branch_dag.py for tasks to queue
[2026-01-27 23:29:33,951] {logging_mixin.py:104} INFO - [2026-01-27 23:29:33,951] {dagbag.py:448} INFO - Filling up the DagBag from /home/airflow/.local/lib/python3.6/site-packages/airflow/example_dags/example_nested_branch_dag.py
[2026-01-27 23:29:33,964] {scheduler_job.py:639} INFO - DAG(s) dict_keys(['example_nested_branch_dag']) retrieved from /home/airflow/.local/lib/python3.6/site-packages/airflow/example_dags/example_nested_branch_dag.py
[2026-01-27 23:29:33,985] {logging_mixin.py:104} INFO - [2026-01-27 23:29:33,984] {dag.py:1818} INFO - Sync 1 DAGs
[2026-01-27 23:29:34,001] {logging_mixin.py:104} INFO - [2026-01-27 23:29:34,001] {dag.py:2273} INFO - Setting next_dagrun for example_nested_branch_dag to 2026-01-25 00:00:00+00:00
[2026-01-27 23:29:34,012] {scheduler_job.py:190} INFO - Processing /home/airflow/.local/lib/python3.6/site-packages/airflow/example_dags/example_nested_branch_dag.py took 0.066 seconds
[2026-01-27 23:30:04,115] {scheduler_job.py:182} INFO - Started process (PID=194) to work on /home/airflow/.local/lib/python3.6/site-packages/airflow/example_dags/example_nested_branch_dag.py
[2026-01-27 23:30:04,116] {scheduler_job.py:629} INFO - Processing file /home/airflow/.local/lib/python3.6/site-packages/airflow/example_dags/example_nested_branch_dag.py for tasks to queue
[2026-01-27 23:30:04,117] {logging_mixin.py:104} INFO - [2026-01-27 23:30:04,117] {dagbag.py:448} INFO - Filling up the DagBag from /home/airflow/.local/lib/python3.6/site-packages/airflow/example_dags/example_nested_branch_dag.py
[2026-01-27 23:30:04,131] {scheduler_job.py:639} INFO - DAG(s) dict_keys(['example_nested_branch_dag']) retrieved from /home/airflow/.local/lib/python3.6/site-packages/airflow/example_dags/example_nested_branch_dag.py
[2026-01-27 23:30:04,151] {logging_mixin.py:104} INFO - [2026-01-27 23:30:04,151] {dag.py:1818} INFO - Sync 1 DAGs
[2026-01-27 23:30:04,166] {logging_mixin.py:104} INFO - [2026-01-27 23:30:04,166] {dag.py:2273} INFO - Setting next_dagrun for example_nested_branch_dag to 2026-01-25 00:00:00+00:00
[2026-01-27 23:30:04,186] {scheduler_job.py:190} INFO - Processing /home/airflow/.local/lib/python3.6/site-packages/airflow/example_dags/example_nested_branch_dag.py took 0.073 seconds
[2026-01-27 23:30:34,503] {scheduler_job.py:182} INFO - Started process (PID=220) to work on /home/airflow/.local/lib/python3.6/site-packages/airflow/example_dags/example_nested_branch_dag.py
[2026-01-27 23:30:34,504] {scheduler_job.py:629} INFO - Processing file /home/airflow/.local/lib/python3.6/site-packages/airflow/example_dags/example_nested_branch_dag.py for tasks to queue
[2026-01-27 23:30:34,505] {logging_mixin.py:104} INFO - [2026-01-27 23:30:34,505] {dagbag.py:448} INFO - Filling up the DagBag from /home/airflow/.local/lib/python3.6/site-packages/airflow/example_dags/example_nested_branch_dag.py
[2026-01-27 23:30:34,516] {scheduler_job.py:639} INFO - DAG(s) dict_keys(['example_nested_branch_dag']) retrieved from /home/airflow/.local/lib/python3.6/site-packages/airflow/example_dags/example_nested_branch_dag.py
[2026-01-27 23:30:34,536] {logging_mixin.py:104} INFO - [2026-01-27 23:30:34,536] {dag.py:1818} INFO - Sync 1 DAGs
[2026-01-27 23:30:34,553] {logging_mixin.py:104} INFO - [2026-01-27 23:30:34,553] {dag.py:2273} INFO - Setting next_dagrun for example_nested_branch_dag to 2026-01-25 00:00:00+00:00
[2026-01-27 23:30:34,563] {scheduler_job.py:190} INFO - Processing /home/airflow/.local/lib/python3.6/site-packages/airflow/example_dags/example_nested_branch_dag.py took 0.063 seconds
[2026-01-27 23:31:04,858] {scheduler_job.py:182} INFO - Started process (PID=246) to work on /home/airflow/.local/lib/python3.6/site-packages/airflow/example_dags/example_nested_branch_dag.py
[2026-01-27 23:31:04,859] {scheduler_job.py:629} INFO - Processing file /home/airflow/.local/lib/python3.6/site-packages/airflow/example_dags/example_nested_branch_dag.py for tasks to queue
[2026-01-27 23:31:04,860] {logging_mixin.py:104} INFO - [2026-01-27 23:31:04,860] {dagbag.py:448} INFO - Filling up the DagBag from /home/airflow/.local/lib/python3.6/site-packages/airflow/example_dags/example_nested_branch_dag.py
[2026-01-27 23:31:04,871] {scheduler_job.py:639} INFO - DAG(s) dict_keys(['example_nested_branch_dag']) retrieved from /home/airflow/.local/lib/python3.6/site-packages/airflow/example_dags/example_nested_branch_dag.py
[2026-01-27 23:31:04,894] {logging_mixin.py:104} INFO - [2026-01-27 23:31:04,894] {dag.py:1818} INFO - Sync 1 DAGs
[2026-01-27 23:31:04,909] {logging_mixin.py:104} INFO - [2026-01-27 23:31:04,909] {dag.py:2273} INFO - Setting next_dagrun for example_nested_branch_dag to 2026-01-25 00:00:00+00:00
[2026-01-27 23:31:04,929] {scheduler_job.py:190} INFO - Processing /home/airflow/.local/lib/python3.6/site-packages/airflow/example_dags/example_nested_branch_dag.py took 0.074 seconds
[2026-01-27T23:35:59.587+0000] {processor.py:161} INFO - Started process (PID=43) to work on /home/airflow/.local/lib/python3.12/site-packages/airflow/example_dags/example_nested_branch_dag.py
[2026-01-27T23:35:59.590+0000] {processor.py:830} INFO - Processing file /home/airflow/.local/lib/python3.12/site-packages/airflow/example_dags/example_nested_branch_dag.py for tasks to queue
[2026-01-27T23:35:59.595+0000] {logging_mixin.py:188} INFO - [2026-01-27T23:35:59.594+0000] {dagbag.py:540} INFO - Filling up the DagBag from /home/airflow/.local/lib/python3.12/site-packages/airflow/example_dags/example_nested_branch_dag.py
[2026-01-27T23:35:59.628+0000] {processor.py:840} INFO - DAG(s) 'example_nested_branch_dag' retrieved from /home/airflow/.local/lib/python3.12/site-packages/airflow/example_dags/example_nested_branch_dag.py
[2026-01-27T23:35:59.957+0000] {logging_mixin.py:188} INFO - [2026-01-27T23:35:59.957+0000] {dag.py:3096} INFO - Sync 1 DAGs
[2026-01-27T23:36:00.016+0000] {logging_mixin.py:188} INFO - [2026-01-27T23:36:00.015+0000] {dag.py:3954} INFO - Setting next_dagrun for example_nested_branch_dag to 2026-01-26 00:00:00+00:00, run_after=2026-01-27 00:00:00+00:00
[2026-01-27T23:36:00.080+0000] {processor.py:183} INFO - Processing /home/airflow/.local/lib/python3.12/site-packages/airflow/example_dags/example_nested_branch_dag.py took 0.507 seconds
[2026-01-27T23:36:30.156+0000] {processor.py:161} INFO - Started process (PID=95) to work on /home/airflow/.local/lib/python3.12/site-packages/airflow/example_dags/example_nested_branch_dag.py
[2026-01-27T23:36:30.158+0000] {processor.py:830} INFO - Processing file /home/airflow/.local/lib/python3.12/site-packages/airflow/example_dags/example_nested_branch_dag.py for tasks to queue
[2026-01-27T23:36:30.163+0000] {logging_mixin.py:188} INFO - [2026-01-27T23:36:30.162+0000] {dagbag.py:540} INFO - Filling up the DagBag from /home/airflow/.local/lib/python3.12/site-packages/airflow/example_dags/example_nested_branch_dag.py
[2026-01-27T23:36:30.180+0000] {processor.py:840} INFO - DAG(s) 'example_nested_branch_dag' retrieved from /home/airflow/.local/lib/python3.12/site-packages/airflow/example_dags/example_nested_branch_dag.py
[2026-01-27T23:36:30.221+0000] {logging_mixin.py:188} INFO - [2026-01-27T23:36:30.221+0000] {dag.py:3096} INFO - Sync 1 DAGs
[2026-01-27T23:36:30.268+0000] {logging_mixin.py:188} INFO - [2026-01-27T23:36:30.267+0000] {dag.py:3954} INFO - Setting next_dagrun for example_nested_branch_dag to 2026-01-26 00:00:00+00:00, run_after=2026-01-27 00:00:00+00:00
[2026-01-27T23:36:30.300+0000] {processor.py:183} INFO - Processing /home/airflow/.local/lib/python3.12/site-packages/airflow/example_dags/example_nested_branch_dag.py took 0.153 seconds
[2026-01-27T23:37:00.713+0000] {processor.py:161} INFO - Started process (PID=147) to work on /home/airflow/.local/lib/python3.12/site-packages/airflow/example_dags/example_nested_branch_dag.py
[2026-01-27T23:37:00.714+0000] {processor.py:830} INFO - Processing file /home/airflow/.local/lib/python3.12/site-packages/airflow/example_dags/example_nested_branch_dag.py for tasks to queue
[2026-01-27T23:37:00.716+0000] {logging_mixin.py:188} INFO - [2026-01-27T23:37:00.716+0000] {dagbag.py:540} INFO - Filling up the DagBag from /home/airflow/.local/lib/python3.12/site-packages/airflow/example_dags/example_nested_branch_dag.py
[2026-01-27T23:37:00.726+0000] {processor.py:840} INFO - DAG(s) 'example_nested_branch_dag' retrieved from /home/airflow/.local/lib/python3.12/site-packages/airflow/example_dags/example_nested_branch_dag.py
[2026-01-27T23:37:00.749+0000] {logging_mixin.py:188} INFO - [2026-01-27T23:37:00.748+0000] {dag.py:3096} INFO - Sync 1 DAGs
[2026-01-27T23:37:00.771+0000] {logging_mixin.py:188} INFO - [2026-01-27T23:37:00.771+0000] {dag.py:3954} INFO - Setting next_dagrun for example_nested_branch_dag to 2026-01-26 00:00:00+00:00, run_after=2026-01-27 00:00:00+00:00
[2026-01-27T23:37:00.788+0000] {processor.py:183} INFO - Processing /home/airflow/.local/lib/python3.12/site-packages/airflow/example_dags/example_nested_branch_dag.py took 0.081 seconds
[2026-01-27T23:37:31.344+0000] {processor.py:161} INFO - Started process (PID=199) to work on /home/airflow/.local/lib/python3.12/site-packages/airflow/example_dags/example_nested_branch_dag.py
[2026-01-27T23:37:31.345+0000] {processor.py:830} INFO - Processing file /home/airflow/.local/lib/python3.12/site-packages/airflow/example_dags/example_nested_branch_dag.py for tasks to queue
[2026-01-27T23:37:31.347+0000] {logging_mixin.py:188} INFO - [2026-01-27T23:37:31.347+0000] {dagbag.py:540} INFO - Filling up the DagBag from /home/airflow/.local/lib/python3.12/site-packages/airflow/example_dags/example_nested_branch_dag.py
[2026-01-27T23:37:31.356+0000] {processor.py:840} INFO - DAG(s) 'example_nested_branch_dag' retrieved from /home/airflow/.local/lib/python3.12/site-packages/airflow/example_dags/example_nested_branch_dag.py
[2026-01-27T23:37:31.378+0000] {logging_mixin.py:188} INFO - [2026-01-27T23:37:31.378+0000] {dag.py:3096} INFO - Sync 1 DAGs
[2026-01-27T23:37:31.397+0000] {logging_mixin.py:188} INFO - [2026-01-27T23:37:31.397+0000] {dag.py:3954} INFO - Setting next_dagrun for example_nested_branch_dag to 2026-01-26 00:00:00+00:00, run_after=2026-01-27 00:00:00+00:00
[2026-01-27T23:37:31.416+0000] {processor.py:183} INFO - Processing /home/airflow/.local/lib/python3.12/site-packages/airflow/example_dags/example_nested_branch_dag.py took 0.078 seconds
[2026-01-27T23:38:01.715+0000] {processor.py:161} INFO - Started process (PID=251) to work on /home/airflow/.local/lib/python3.12/site-packages/airflow/example_dags/example_nested_branch_dag.py
[2026-01-27T23:38:01.717+0000] {processor.py:830} INFO - Processing file /home/airflow/.local/lib/python3.12/site-packages/airflow/example_dags/example_nested_branch_dag.py for tasks to queue
[2026-01-27T23:38:01.719+0000] {logging_mixin.py:188} INFO - [2026-01-27T23:38:01.719+0000] {dagbag.py:540} INFO - Filling up the DagBag from /home/airflow/.local/lib/python3.12/site-packages/airflow/example_dags/example_nested_branch_dag.py
[2026-01-27T23:38:01.729+0000] {processor.py:840} INFO - DAG(s) 'example_nested_branch_dag' retrieved from /home/airflow/.local/lib/python3.12/site-packages/airflow/example_dags/example_nested_branch_dag.py
[2026-01-27T23:38:01.751+0000] {logging_mixin.py:188} INFO - [2026-01-27T23:38:01.751+0000] {dag.py:3096} INFO - Sync 1 DAGs
[2026-01-27T23:38:01.773+0000] {logging_mixin.py:188} INFO - [2026-01-27T23:38:01.773+0000] {dag.py:3954} INFO - Setting next_dagrun for example_nested_branch_dag to 2026-01-26 00:00:00+00:00, run_after=2026-01-27 00:00:00+00:00
[2026-01-27T23:38:01.794+0000] {processor.py:183} INFO - Processing /home/airflow/.local/lib/python3.12/site-packages/airflow/example_dags/example_nested_branch_dag.py took 0.086 seconds
[2026-01-27T23:38:31.940+0000] {processor.py:161} INFO - Started process (PID=303) to work on /home/airflow/.local/lib/python3.12/site-packages/airflow/example_dags/example_nested_branch_dag.py
[2026-01-27T23:38:31.942+0000] {processor.py:830} INFO - Processing file /home/airflow/.local/lib/python3.12/site-packages/airflow/example_dags/example_nested_branch_dag.py for tasks to queue
[2026-01-27T23:38:31.943+0000] {logging_mixin.py:188} INFO - [2026-01-27T23:38:31.943+0000] {dagbag.py:540} INFO - Filling up the DagBag from /home/airflow/.local/lib/python3.12/site-packages/airflow/example_dags/example_nested_branch_dag.py
[2026-01-27T23:38:31.954+0000] {processor.py:840} INFO - DAG(s) 'example_nested_branch_dag' retrieved from /home/airflow/.local/lib/python3.12/site-packages/airflow/example_dags/example_nested_branch_dag.py
[2026-01-27T23:38:31.976+0000] {logging_mixin.py:188} INFO - [2026-01-27T23:38:31.975+0000] {dag.py:3096} INFO - Sync 1 DAGs
[2026-01-27T23:38:31.995+0000] {logging_mixin.py:188} INFO - [2026-01-27T23:38:31.995+0000] {dag.py:3954} INFO - Setting next_dagrun for example_nested_branch_dag to 2026-01-26 00:00:00+00:00, run_after=2026-01-27 00:00:00+00:00
[2026-01-27T23:38:32.013+0000] {processor.py:183} INFO - Processing /home/airflow/.local/lib/python3.12/site-packages/airflow/example_dags/example_nested_branch_dag.py took 0.079 seconds
[2026-01-27T23:39:02.481+0000] {processor.py:161} INFO - Started process (PID=355) to work on /home/airflow/.local/lib/python3.12/site-packages/airflow/example_dags/example_nested_branch_dag.py
[2026-01-27T23:39:02.483+0000] {processor.py:830} INFO - Processing file /home/airflow/.local/lib/python3.12/site-packages/airflow/example_dags/example_nested_branch_dag.py for tasks to queue
[2026-01-27T23:39:02.486+0000] {logging_mixin.py:188} INFO - [2026-01-27T23:39:02.485+0000] {dagbag.py:540} INFO - Filling up the DagBag from /home/airflow/.local/lib/python3.12/site-packages/airflow/example_dags/example_nested_branch_dag.py
[2026-01-27T23:39:02.501+0000] {processor.py:840} INFO - DAG(s) 'example_nested_branch_dag' retrieved from /home/airflow/.local/lib/python3.12/site-packages/airflow/example_dags/example_nested_branch_dag.py
[2026-01-27T23:39:02.534+0000] {logging_mixin.py:188} INFO - [2026-01-27T23:39:02.534+0000] {dag.py:3096} INFO - Sync 1 DAGs
[2026-01-27T23:39:02.569+0000] {logging_mixin.py:188} INFO - [2026-01-27T23:39:02.569+0000] {dag.py:3954} INFO - Setting next_dagrun for example_nested_branch_dag to 2026-01-26 00:00:00+00:00, run_after=2026-01-27 00:00:00+00:00
[2026-01-27T23:39:02.600+0000] {processor.py:183} INFO - Processing /home/airflow/.local/lib/python3.12/site-packages/airflow/example_dags/example_nested_branch_dag.py took 0.128 seconds
[2026-01-27T23:39:32.964+0000] {processor.py:161} INFO - Started process (PID=407) to work on /home/airflow/.local/lib/python3.12/site-packages/airflow/example_dags/example_nested_branch_dag.py
[2026-01-27T23:39:32.965+0000] {processor.py:830} INFO - Processing file /home/airflow/.local/lib/python3.12/site-packages/airflow/example_dags/example_nested_branch_dag.py for tasks to queue
[2026-01-27T23:39:32.968+0000] {logging_mixin.py:188} INFO - [2026-01-27T23:39:32.968+0000] {dagbag.py:540} INFO - Filling up the DagBag from /home/airflow/.local/lib/python3.12/site-packages/airflow/example_dags/example_nested_branch_dag.py
[2026-01-27T23:39:32.982+0000] {processor.py:840} INFO - DAG(s) 'example_nested_branch_dag' retrieved from /home/airflow/.local/lib/python3.12/site-packages/airflow/example_dags/example_nested_branch_dag.py
[2026-01-27T23:39:33.012+0000] {logging_mixin.py:188} INFO - [2026-01-27T23:39:33.011+0000] {dag.py:3096} INFO - Sync 1 DAGs
[2026-01-27T23:39:33.041+0000] {logging_mixin.py:188} INFO - [2026-01-27T23:39:33.040+0000] {dag.py:3954} INFO - Setting next_dagrun for example_nested_branch_dag to 2026-01-26 00:00:00+00:00, run_after=2026-01-27 00:00:00+00:00
[2026-01-27T23:39:33.067+0000] {processor.py:183} INFO - Processing /home/airflow/.local/lib/python3.12/site-packages/airflow/example_dags/example_nested_branch_dag.py took 0.111 seconds
[2026-01-27T23:40:03.569+0000] {processor.py:161} INFO - Started process (PID=459) to work on /home/airflow/.local/lib/python3.12/site-packages/airflow/example_dags/example_nested_branch_dag.py
[2026-01-27T23:40:03.571+0000] {processor.py:830} INFO - Processing file /home/airflow/.local/lib/python3.12/site-packages/airflow/example_dags/example_nested_branch_dag.py for tasks to queue
[2026-01-27T23:40:03.574+0000] {logging_mixin.py:188} INFO - [2026-01-27T23:40:03.574+0000] {dagbag.py:540} INFO - Filling up the DagBag from /home/airflow/.local/lib/python3.12/site-packages/airflow/example_dags/example_nested_branch_dag.py
[2026-01-27T23:40:03.589+0000] {processor.py:840} INFO - DAG(s) 'example_nested_branch_dag' retrieved from /home/airflow/.local/lib/python3.12/site-packages/airflow/example_dags/example_nested_branch_dag.py
[2026-01-27T23:40:03.621+0000] {logging_mixin.py:188} INFO - [2026-01-27T23:40:03.621+0000] {dag.py:3096} INFO - Sync 1 DAGs
[2026-01-27T23:40:03.650+0000] {logging_mixin.py:188} INFO - [2026-01-27T23:40:03.649+0000] {dag.py:3954} INFO - Setting next_dagrun for example_nested_branch_dag to 2026-01-26 00:00:00+00:00, run_after=2026-01-27 00:00:00+00:00
[2026-01-27T23:40:03.675+0000] {processor.py:183} INFO - Processing /home/airflow/.local/lib/python3.12/site-packages/airflow/example_dags/example_nested_branch_dag.py took 0.115 seconds
[2026-01-27T23:40:34.704+0000] {processor.py:161} INFO - Started process (PID=511) to work on /home/airflow/.local/lib/python3.12/site-packages/airflow/example_dags/example_nested_branch_dag.py
[2026-01-27T23:40:34.705+0000] {processor.py:830} INFO - Processing file /home/airflow/.local/lib/python3.12/site-packages/airflow/example_dags/example_nested_branch_dag.py for tasks to queue
[2026-01-27T23:40:34.708+0000] {logging_mixin.py:188} INFO - [2026-01-27T23:40:34.708+0000] {dagbag.py:540} INFO - Filling up the DagBag from /home/airflow/.local/lib/python3.12/site-packages/airflow/example_dags/example_nested_branch_dag.py
[2026-01-27T23:40:34.719+0000] {processor.py:840} INFO - DAG(s) 'example_nested_branch_dag' retrieved from /home/airflow/.local/lib/python3.12/site-packages/airflow/example_dags/example_nested_branch_dag.py
[2026-01-27T23:40:34.745+0000] {logging_mixin.py:188} INFO - [2026-01-27T23:40:34.744+0000] {dag.py:3096} INFO - Sync 1 DAGs
[2026-01-27T23:40:34.766+0000] {logging_mixin.py:188} INFO - [2026-01-27T23:40:34.766+0000] {dag.py:3954} INFO - Setting next_dagrun for example_nested_branch_dag to 2026-01-26 00:00:00+00:00, run_after=2026-01-27 00:00:00+00:00
[2026-01-27T23:40:34.790+0000] {processor.py:183} INFO - Processing /home/airflow/.local/lib/python3.12/site-packages/airflow/example_dags/example_nested_branch_dag.py took 0.091 seconds
[2026-01-27T23:41:04.967+0000] {processor.py:161} INFO - Started process (PID=563) to work on /home/airflow/.local/lib/python3.12/site-packages/airflow/example_dags/example_nested_branch_dag.py
[2026-01-27T23:41:04.969+0000] {processor.py:830} INFO - Processing file /home/airflow/.local/lib/python3.12/site-packages/airflow/example_dags/example_nested_branch_dag.py for tasks to queue
[2026-01-27T23:41:04.972+0000] {logging_mixin.py:188} INFO - [2026-01-27T23:41:04.971+0000] {dagbag.py:540} INFO - Filling up the DagBag from /home/airflow/.local/lib/python3.12/site-packages/airflow/example_dags/example_nested_branch_dag.py
[2026-01-27T23:41:04.986+0000] {processor.py:840} INFO - DAG(s) 'example_nested_branch_dag' retrieved from /home/airflow/.local/lib/python3.12/site-packages/airflow/example_dags/example_nested_branch_dag.py
[2026-01-27T23:41:05.023+0000] {logging_mixin.py:188} INFO - [2026-01-27T23:41:05.022+0000] {dag.py:3096} INFO - Sync 1 DAGs
[2026-01-27T23:41:05.083+0000] {logging_mixin.py:188} INFO - [2026-01-27T23:41:05.082+0000] {dag.py:3954} INFO - Setting next_dagrun for example_nested_branch_dag to 2026-01-26 00:00:00+00:00, run_after=2026-01-27 00:00:00+00:00
[2026-01-27T23:41:05.367+0000] {processor.py:183} INFO - Processing /home/airflow/.local/lib/python3.12/site-packages/airflow/example_dags/example_nested_branch_dag.py took 0.409 seconds
[2026-01-27T23:41:36.278+0000] {processor.py:161} INFO - Started process (PID=615) to work on /home/airflow/.local/lib/python3.12/site-packages/airflow/example_dags/example_nested_branch_dag.py
[2026-01-27T23:41:36.279+0000] {processor.py:830} INFO - Processing file /home/airflow/.local/lib/python3.12/site-packages/airflow/example_dags/example_nested_branch_dag.py for tasks to queue
[2026-01-27T23:41:36.283+0000] {logging_mixin.py:188} INFO - [2026-01-27T23:41:36.282+0000] {dagbag.py:540} INFO - Filling up the DagBag from /home/airflow/.local/lib/python3.12/site-packages/airflow/example_dags/example_nested_branch_dag.py
[2026-01-27T23:41:36.301+0000] {processor.py:840} INFO - DAG(s) 'example_nested_branch_dag' retrieved from /home/airflow/.local/lib/python3.12/site-packages/airflow/example_dags/example_nested_branch_dag.py
[2026-01-27T23:41:36.333+0000] {logging_mixin.py:188} INFO - [2026-01-27T23:41:36.333+0000] {dag.py:3096} INFO - Sync 1 DAGs
[2026-01-27T23:41:36.369+0000] {logging_mixin.py:188} INFO - [2026-01-27T23:41:36.369+0000] {dag.py:3954} INFO - Setting next_dagrun for example_nested_branch_dag to 2026-01-26 00:00:00+00:00, run_after=2026-01-27 00:00:00+00:00
[2026-01-27T23:41:36.400+0000] {processor.py:183} INFO - Processing /home/airflow/.local/lib/python3.12/site-packages/airflow/example_dags/example_nested_branch_dag.py took 0.130 seconds
[2026-01-27T23:42:06.494+0000] {processor.py:161} INFO - Started process (PID=667) to work on /home/airflow/.local/lib/python3.12/site-packages/airflow/example_dags/example_nested_branch_dag.py
[2026-01-27T23:42:06.496+0000] {processor.py:830} INFO - Processing file /home/airflow/.local/lib/python3.12/site-packages/airflow/example_dags/example_nested_branch_dag.py for tasks to queue
[2026-01-27T23:42:06.498+0000] {logging_mixin.py:188} INFO - [2026-01-27T23:42:06.498+0000] {dagbag.py:540} INFO - Filling up the DagBag from /home/airflow/.local/lib/python3.12/site-packages/airflow/example_dags/example_nested_branch_dag.py
[2026-01-27T23:42:06.510+0000] {processor.py:840} INFO - DAG(s) 'example_nested_branch_dag' retrieved from /home/airflow/.local/lib/python3.12/site-packages/airflow/example_dags/example_nested_branch_dag.py
[2026-01-27T23:42:06.539+0000] {logging_mixin.py:188} INFO - [2026-01-27T23:42:06.539+0000] {dag.py:3096} INFO - Sync 1 DAGs
[2026-01-27T23:42:06.576+0000] {logging_mixin.py:188} INFO - [2026-01-27T23:42:06.576+0000] {dag.py:3954} INFO - Setting next_dagrun for example_nested_branch_dag to 2026-01-26 00:00:00+00:00, run_after=2026-01-27 00:00:00+00:00
[2026-01-27T23:42:06.602+0000] {processor.py:183} INFO - Processing /home/airflow/.local/lib/python3.12/site-packages/airflow/example_dags/example_nested_branch_dag.py took 0.116 seconds
[2026-01-27T23:42:37.534+0000] {processor.py:161} INFO - Started process (PID=719) to work on /home/airflow/.local/lib/python3.12/site-packages/airflow/example_dags/example_nested_branch_dag.py
[2026-01-27T23:42:37.536+0000] {processor.py:830} INFO - Processing file /home/airflow/.local/lib/python3.12/site-packages/airflow/example_dags/example_nested_branch_dag.py for tasks to queue
[2026-01-27T23:42:37.539+0000] {logging_mixin.py:188} INFO - [2026-01-27T23:42:37.538+0000] {dagbag.py:540} INFO - Filling up the DagBag from /home/airflow/.local/lib/python3.12/site-packages/airflow/example_dags/example_nested_branch_dag.py
[2026-01-27T23:42:37.557+0000] {processor.py:840} INFO - DAG(s) 'example_nested_branch_dag' retrieved from /home/airflow/.local/lib/python3.12/site-packages/airflow/example_dags/example_nested_branch_dag.py
[2026-01-27T23:42:37.584+0000] {logging_mixin.py:188} INFO - [2026-01-27T23:42:37.583+0000] {dag.py:3096} INFO - Sync 1 DAGs
[2026-01-27T23:42:37.613+0000] {logging_mixin.py:188} INFO - [2026-01-27T23:42:37.612+0000] {dag.py:3954} INFO - Setting next_dagrun for example_nested_branch_dag to 2026-01-26 00:00:00+00:00, run_after=2026-01-27 00:00:00+00:00
[2026-01-27T23:42:37.642+0000] {processor.py:183} INFO - Processing /home/airflow/.local/lib/python3.12/site-packages/airflow/example_dags/example_nested_branch_dag.py took 0.115 seconds
[2026-01-27T23:43:07.781+0000] {processor.py:161} INFO - Started process (PID=771) to work on /home/airflow/.local/lib/python3.12/site-packages/airflow/example_dags/example_nested_branch_dag.py
[2026-01-27T23:43:07.782+0000] {processor.py:830} INFO - Processing file /home/airflow/.local/lib/python3.12/site-packages/airflow/example_dags/example_nested_branch_dag.py for tasks to queue
[2026-01-27T23:43:07.786+0000] {logging_mixin.py:188} INFO - [2026-01-27T23:43:07.786+0000] {dagbag.py:540} INFO - Filling up the DagBag from /home/airflow/.local/lib/python3.12/site-packages/airflow/example_dags/example_nested_branch_dag.py
[2026-01-27T23:43:07.799+0000] {processor.py:840} INFO - DAG(s) 'example_nested_branch_dag' retrieved from /home/airflow/.local/lib/python3.12/site-packages/airflow/example_dags/example_nested_branch_dag.py
[2026-01-27T23:43:07.830+0000] {logging_mixin.py:188} INFO - [2026-01-27T23:43:07.829+0000] {dag.py:3096} INFO - Sync 1 DAGs
[2026-01-27T23:43:07.857+0000] {logging_mixin.py:188} INFO - [2026-01-27T23:43:07.857+0000] {dag.py:3954} INFO - Setting next_dagrun for example_nested_branch_dag to 2026-01-26 00:00:00+00:00, run_after=2026-01-27 00:00:00+00:00
[2026-01-27T23:43:07.884+0000] {processor.py:183} INFO - Processing /home/airflow/.local/lib/python3.12/site-packages/airflow/example_dags/example_nested_branch_dag.py took 0.110 seconds
[2026-01-27T23:43:38.802+0000] {processor.py:161} INFO - Started process (PID=823) to work on /home/airflow/.local/lib/python3.12/site-packages/airflow/example_dags/example_nested_branch_dag.py
[2026-01-27T23:43:38.804+0000] {processor.py:830} INFO - Processing file /home/airflow/.local/lib/python3.12/site-packages/airflow/example_dags/example_nested_branch_dag.py for tasks to queue
[2026-01-27T23:43:38.807+0000] {logging_mixin.py:188} INFO - [2026-01-27T23:43:38.806+0000] {dagbag.py:540} INFO - Filling up the DagBag from /home/airflow/.local/lib/python3.12/site-packages/airflow/example_dags/example_nested_branch_dag.py
[2026-01-27T23:43:38.818+0000] {processor.py:840} INFO - DAG(s) 'example_nested_branch_dag' retrieved from /home/airflow/.local/lib/python3.12/site-packages/airflow/example_dags/example_nested_branch_dag.py
[2026-01-27T23:43:38.846+0000] {logging_mixin.py:188} INFO - [2026-01-27T23:43:38.845+0000] {dag.py:3096} INFO - Sync 1 DAGs
[2026-01-27T23:43:38.874+0000] {logging_mixin.py:188} INFO - [2026-01-27T23:43:38.873+0000] {dag.py:3954} INFO - Setting next_dagrun for example_nested_branch_dag to 2026-01-26 00:00:00+00:00, run_after=2026-01-27 00:00:00+00:00
[2026-01-27T23:43:38.899+0000] {processor.py:183} INFO - Processing /home/airflow/.local/lib/python3.12/site-packages/airflow/example_dags/example_nested_branch_dag.py took 0.106 seconds
[2026-01-27T23:44:09.055+0000] {processor.py:161} INFO - Started process (PID=875) to work on /home/airflow/.local/lib/python3.12/site-packages/airflow/example_dags/example_nested_branch_dag.py
[2026-01-27T23:44:09.057+0000] {processor.py:830} INFO - Processing file /home/airflow/.local/lib/python3.12/site-packages/airflow/example_dags/example_nested_branch_dag.py for tasks to queue
[2026-01-27T23:44:09.062+0000] {logging_mixin.py:188} INFO - [2026-01-27T23:44:09.061+0000] {dagbag.py:540} INFO - Filling up the DagBag from /home/airflow/.local/lib/python3.12/site-packages/airflow/example_dags/example_nested_branch_dag.py
[2026-01-27T23:44:09.080+0000] {processor.py:840} INFO - DAG(s) 'example_nested_branch_dag' retrieved from /home/airflow/.local/lib/python3.12/site-packages/airflow/example_dags/example_nested_branch_dag.py
[2026-01-27T23:44:09.123+0000] {logging_mixin.py:188} INFO - [2026-01-27T23:44:09.123+0000] {dag.py:3096} INFO - Sync 1 DAGs
[2026-01-27T23:44:09.173+0000] {logging_mixin.py:188} INFO - [2026-01-27T23:44:09.172+0000] {dag.py:3954} INFO - Setting next_dagrun for example_nested_branch_dag to 2026-01-26 00:00:00+00:00, run_after=2026-01-27 00:00:00+00:00
[2026-01-27T23:44:09.203+0000] {processor.py:183} INFO - Processing /home/airflow/.local/lib/python3.12/site-packages/airflow/example_dags/example_nested_branch_dag.py took 0.158 seconds
[2026-01-27T23:44:39.469+0000] {processor.py:161} INFO - Started process (PID=927) to work on /home/airflow/.local/lib/python3.12/site-packages/airflow/example_dags/example_nested_branch_dag.py
[2026-01-27T23:44:39.469+0000] {processor.py:830} INFO - Processing file /home/airflow/.local/lib/python3.12/site-packages/airflow/example_dags/example_nested_branch_dag.py for tasks to queue
[2026-01-27T23:44:39.472+0000] {logging_mixin.py:188} INFO - [2026-01-27T23:44:39.472+0000] {dagbag.py:540} INFO - Filling up the DagBag from /home/airflow/.local/lib/python3.12/site-packages/airflow/example_dags/example_nested_branch_dag.py
[2026-01-27T23:44:39.483+0000] {processor.py:840} INFO - DAG(s) 'example_nested_branch_dag' retrieved from /home/airflow/.local/lib/python3.12/site-packages/airflow/example_dags/example_nested_branch_dag.py
[2026-01-27T23:44:39.505+0000] {logging_mixin.py:188} INFO - [2026-01-27T23:44:39.505+0000] {dag.py:3096} INFO - Sync 1 DAGs
[2026-01-27T23:44:39.526+0000] {logging_mixin.py:188} INFO - [2026-01-27T23:44:39.526+0000] {dag.py:3954} INFO - Setting next_dagrun for example_nested_branch_dag to 2026-01-26 00:00:00+00:00, run_after=2026-01-27 00:00:00+00:00
[2026-01-27T23:44:39.551+0000] {processor.py:183} INFO - Processing /home/airflow/.local/lib/python3.12/site-packages/airflow/example_dags/example_nested_branch_dag.py took 0.089 seconds
[2026-01-27T23:45:09.675+0000] {processor.py:161} INFO - Started process (PID=979) to work on /home/airflow/.local/lib/python3.12/site-packages/airflow/example_dags/example_nested_branch_dag.py
[2026-01-27T23:45:09.676+0000] {processor.py:830} INFO - Processing file /home/airflow/.local/lib/python3.12/site-packages/airflow/example_dags/example_nested_branch_dag.py for tasks to queue
[2026-01-27T23:45:09.679+0000] {logging_mixin.py:188} INFO - [2026-01-27T23:45:09.679+0000] {dagbag.py:540} INFO - Filling up the DagBag from /home/airflow/.local/lib/python3.12/site-packages/airflow/example_dags/example_nested_branch_dag.py
[2026-01-27T23:45:09.694+0000] {processor.py:840} INFO - DAG(s) 'example_nested_branch_dag' retrieved from /home/airflow/.local/lib/python3.12/site-packages/airflow/example_dags/example_nested_branch_dag.py
[2026-01-27T23:45:09.721+0000] {logging_mixin.py:188} INFO - [2026-01-27T23:45:09.720+0000] {dag.py:3096} INFO - Sync 1 DAGs
[2026-01-27T23:45:09.750+0000] {logging_mixin.py:188} INFO - [2026-01-27T23:45:09.750+0000] {dag.py:3954} INFO - Setting next_dagrun for example_nested_branch_dag to 2026-01-26 00:00:00+00:00, run_after=2026-01-27 00:00:00+00:00
[2026-01-27T23:45:09.776+0000] {processor.py:183} INFO - Processing /home/airflow/.local/lib/python3.12/site-packages/airflow/example_dags/example_nested_branch_dag.py took 0.110 seconds
[2026-01-27T23:45:39.862+0000] {processor.py:161} INFO - Started process (PID=1031) to work on /home/airflow/.local/lib/python3.12/site-packages/airflow/example_dags/example_nested_branch_dag.py
[2026-01-27T23:45:39.863+0000] {processor.py:830} INFO - Processing file /home/airflow/.local/lib/python3.12/site-packages/airflow/example_dags/example_nested_branch_dag.py for tasks to queue
[2026-01-27T23:45:39.866+0000] {logging_mixin.py:188} INFO - [2026-01-27T23:45:39.866+0000] {dagbag.py:540} INFO - Filling up the DagBag from /home/airflow/.local/lib/python3.12/site-packages/airflow/example_dags/example_nested_branch_dag.py
[2026-01-27T23:45:39.880+0000] {processor.py:840} INFO - DAG(s) 'example_nested_branch_dag' retrieved from /home/airflow/.local/lib/python3.12/site-packages/airflow/example_dags/example_nested_branch_dag.py
[2026-01-27T23:45:39.909+0000] {logging_mixin.py:188} INFO - [2026-01-27T23:45:39.909+0000] {dag.py:3096} INFO - Sync 1 DAGs
[2026-01-27T23:45:39.942+0000] {logging_mixin.py:188} INFO - [2026-01-27T23:45:39.941+0000] {dag.py:3954} INFO - Setting next_dagrun for example_nested_branch_dag to 2026-01-26 00:00:00+00:00, run_after=2026-01-27 00:00:00+00:00
[2026-01-27T23:45:39.969+0000] {processor.py:183} INFO - Processing /home/airflow/.local/lib/python3.12/site-packages/airflow/example_dags/example_nested_branch_dag.py took 0.115 seconds
[2026-01-27T23:46:10.474+0000] {processor.py:161} INFO - Started process (PID=1083) to work on /home/airflow/.local/lib/python3.12/site-packages/airflow/example_dags/example_nested_branch_dag.py
[2026-01-27T23:46:10.476+0000] {processor.py:830} INFO - Processing file /home/airflow/.local/lib/python3.12/site-packages/airflow/example_dags/example_nested_branch_dag.py for tasks to queue
[2026-01-27T23:46:10.478+0000] {logging_mixin.py:188} INFO - [2026-01-27T23:46:10.478+0000] {dagbag.py:540} INFO - Filling up the DagBag from /home/airflow/.local/lib/python3.12/site-packages/airflow/example_dags/example_nested_branch_dag.py
[2026-01-27T23:46:10.491+0000] {processor.py:840} INFO - DAG(s) 'example_nested_branch_dag' retrieved from /home/airflow/.local/lib/python3.12/site-packages/airflow/example_dags/example_nested_branch_dag.py
[2026-01-27T23:46:10.523+0000] {logging_mixin.py:188} INFO - [2026-01-27T23:46:10.523+0000] {dag.py:3096} INFO - Sync 1 DAGs
[2026-01-27T23:46:10.716+0000] {logging_mixin.py:188} INFO - [2026-01-27T23:46:10.715+0000] {dag.py:3954} INFO - Setting next_dagrun for example_nested_branch_dag to 2026-01-26 00:00:00+00:00, run_after=2026-01-27 00:00:00+00:00
[2026-01-27T23:46:10.740+0000] {processor.py:183} INFO - Processing /home/airflow/.local/lib/python3.12/site-packages/airflow/example_dags/example_nested_branch_dag.py took 0.274 seconds
[2026-01-27T23:46:41.261+0000] {processor.py:161} INFO - Started process (PID=1135) to work on /home/airflow/.local/lib/python3.12/site-packages/airflow/example_dags/example_nested_branch_dag.py
[2026-01-27T23:46:41.262+0000] {processor.py:830} INFO - Processing file /home/airflow/.local/lib/python3.12/site-packages/airflow/example_dags/example_nested_branch_dag.py for tasks to queue
[2026-01-27T23:46:41.264+0000] {logging_mixin.py:188} INFO - [2026-01-27T23:46:41.264+0000] {dagbag.py:540} INFO - Filling up the DagBag from /home/airflow/.local/lib/python3.12/site-packages/airflow/example_dags/example_nested_branch_dag.py
[2026-01-27T23:46:41.273+0000] {processor.py:840} INFO - DAG(s) 'example_nested_branch_dag' retrieved from /home/airflow/.local/lib/python3.12/site-packages/airflow/example_dags/example_nested_branch_dag.py
[2026-01-27T23:46:41.293+0000] {logging_mixin.py:188} INFO - [2026-01-27T23:46:41.292+0000] {dag.py:3096} INFO - Sync 1 DAGs
[2026-01-27T23:46:41.312+0000] {logging_mixin.py:188} INFO - [2026-01-27T23:46:41.312+0000] {dag.py:3954} INFO - Setting next_dagrun for example_nested_branch_dag to 2026-01-26 00:00:00+00:00, run_after=2026-01-27 00:00:00+00:00
[2026-01-27T23:46:41.344+0000] {processor.py:183} INFO - Processing /home/airflow/.local/lib/python3.12/site-packages/airflow/example_dags/example_nested_branch_dag.py took 0.089 seconds
[2026-01-27T23:47:11.603+0000] {processor.py:161} INFO - Started process (PID=1187) to work on /home/airflow/.local/lib/python3.12/site-packages/airflow/example_dags/example_nested_branch_dag.py
[2026-01-27T23:47:11.604+0000] {processor.py:830} INFO - Processing file /home/airflow/.local/lib/python3.12/site-packages/airflow/example_dags/example_nested_branch_dag.py for tasks to queue
[2026-01-27T23:47:11.607+0000] {logging_mixin.py:188} INFO - [2026-01-27T23:47:11.606+0000] {dagbag.py:540} INFO - Filling up the DagBag from /home/airflow/.local/lib/python3.12/site-packages/airflow/example_dags/example_nested_branch_dag.py
[2026-01-27T23:47:11.617+0000] {processor.py:840} INFO - DAG(s) 'example_nested_branch_dag' retrieved from /home/airflow/.local/lib/python3.12/site-packages/airflow/example_dags/example_nested_branch_dag.py
[2026-01-27T23:47:11.639+0000] {logging_mixin.py:188} INFO - [2026-01-27T23:47:11.639+0000] {dag.py:3096} INFO - Sync 1 DAGs
[2026-01-27T23:47:11.664+0000] {logging_mixin.py:188} INFO - [2026-01-27T23:47:11.664+0000] {dag.py:3954} INFO - Setting next_dagrun for example_nested_branch_dag to 2026-01-26 00:00:00+00:00, run_after=2026-01-27 00:00:00+00:00
[2026-01-27T23:47:11.685+0000] {processor.py:183} INFO - Processing /home/airflow/.local/lib/python3.12/site-packages/airflow/example_dags/example_nested_branch_dag.py took 0.087 seconds
[2026-01-27T23:47:41.831+0000] {processor.py:161} INFO - Started process (PID=1239) to work on /home/airflow/.local/lib/python3.12/site-packages/airflow/example_dags/example_nested_branch_dag.py
[2026-01-27T23:47:41.833+0000] {processor.py:830} INFO - Processing file /home/airflow/.local/lib/python3.12/site-packages/airflow/example_dags/example_nested_branch_dag.py for tasks to queue
[2026-01-27T23:47:41.839+0000] {logging_mixin.py:188} INFO - [2026-01-27T23:47:41.838+0000] {dagbag.py:540} INFO - Filling up the DagBag from /home/airflow/.local/lib/python3.12/site-packages/airflow/example_dags/example_nested_branch_dag.py
[2026-01-27T23:47:41.855+0000] {processor.py:840} INFO - DAG(s) 'example_nested_branch_dag' retrieved from /home/airflow/.local/lib/python3.12/site-packages/airflow/example_dags/example_nested_branch_dag.py
[2026-01-27T23:47:42.023+0000] {logging_mixin.py:188} INFO - [2026-01-27T23:47:42.022+0000] {dag.py:3096} INFO - Sync 1 DAGs
[2026-01-27T23:47:42.045+0000] {logging_mixin.py:188} INFO - [2026-01-27T23:47:42.044+0000] {dag.py:3954} INFO - Setting next_dagrun for example_nested_branch_dag to 2026-01-26 00:00:00+00:00, run_after=2026-01-27 00:00:00+00:00
[2026-01-27T23:47:42.072+0000] {processor.py:183} INFO - Processing /home/airflow/.local/lib/python3.12/site-packages/airflow/example_dags/example_nested_branch_dag.py took 0.252 seconds
[2026-01-27T23:48:12.762+0000] {processor.py:161} INFO - Started process (PID=1291) to work on /home/airflow/.local/lib/python3.12/site-packages/airflow/example_dags/example_nested_branch_dag.py
[2026-01-27T23:48:12.764+0000] {processor.py:830} INFO - Processing file /home/airflow/.local/lib/python3.12/site-packages/airflow/example_dags/example_nested_branch_dag.py for tasks to queue
[2026-01-27T23:48:12.767+0000] {logging_mixin.py:188} INFO - [2026-01-27T23:48:12.766+0000] {dagbag.py:540} INFO - Filling up the DagBag from /home/airflow/.local/lib/python3.12/site-packages/airflow/example_dags/example_nested_branch_dag.py
[2026-01-27T23:48:12.781+0000] {processor.py:840} INFO - DAG(s) 'example_nested_branch_dag' retrieved from /home/airflow/.local/lib/python3.12/site-packages/airflow/example_dags/example_nested_branch_dag.py
[2026-01-27T23:48:12.806+0000] {logging_mixin.py:188} INFO - [2026-01-27T23:48:12.805+0000] {dag.py:3096} INFO - Sync 1 DAGs
[2026-01-27T23:48:12.836+0000] {logging_mixin.py:188} INFO - [2026-01-27T23:48:12.836+0000] {dag.py:3954} INFO - Setting next_dagrun for example_nested_branch_dag to 2026-01-26 00:00:00+00:00, run_after=2026-01-27 00:00:00+00:00
[2026-01-27T23:48:12.861+0000] {processor.py:183} INFO - Processing /home/airflow/.local/lib/python3.12/site-packages/airflow/example_dags/example_nested_branch_dag.py took 0.107 seconds
[2026-01-27T23:48:43.026+0000] {processor.py:161} INFO - Started process (PID=1343) to work on /home/airflow/.local/lib/python3.12/site-packages/airflow/example_dags/example_nested_branch_dag.py
[2026-01-27T23:48:43.027+0000] {processor.py:830} INFO - Processing file /home/airflow/.local/lib/python3.12/site-packages/airflow/example_dags/example_nested_branch_dag.py for tasks to queue
[2026-01-27T23:48:43.029+0000] {logging_mixin.py:188} INFO - [2026-01-27T23:48:43.029+0000] {dagbag.py:540} INFO - Filling up the DagBag from /home/airflow/.local/lib/python3.12/site-packages/airflow/example_dags/example_nested_branch_dag.py
[2026-01-27T23:48:43.038+0000] {processor.py:840} INFO - DAG(s) 'example_nested_branch_dag' retrieved from /home/airflow/.local/lib/python3.12/site-packages/airflow/example_dags/example_nested_branch_dag.py
[2026-01-27T23:48:43.058+0000] {logging_mixin.py:188} INFO - [2026-01-27T23:48:43.058+0000] {dag.py:3096} INFO - Sync 1 DAGs
[2026-01-27T23:48:43.078+0000] {logging_mixin.py:188} INFO - [2026-01-27T23:48:43.078+0000] {dag.py:3954} INFO - Setting next_dagrun for example_nested_branch_dag to 2026-01-26 00:00:00+00:00, run_after=2026-01-27 00:00:00+00:00
[2026-01-27T23:48:43.099+0000] {processor.py:183} INFO - Processing /home/airflow/.local/lib/python3.12/site-packages/airflow/example_dags/example_nested_branch_dag.py took 0.078 seconds
[2026-01-27T23:49:13.787+0000] {processor.py:161} INFO - Started process (PID=1395) to work on /home/airflow/.local/lib/python3.12/site-packages/airflow/example_dags/example_nested_branch_dag.py
[2026-01-27T23:49:13.789+0000] {processor.py:830} INFO - Processing file /home/airflow/.local/lib/python3.12/site-packages/airflow/example_dags/example_nested_branch_dag.py for tasks to queue
[2026-01-27T23:49:13.791+0000] {logging_mixin.py:188} INFO - [2026-01-27T23:49:13.790+0000] {dagbag.py:540} INFO - Filling up the DagBag from /home/airflow/.local/lib/python3.12/site-packages/airflow/example_dags/example_nested_branch_dag.py
[2026-01-27T23:49:13.803+0000] {processor.py:840} INFO - DAG(s) 'example_nested_branch_dag' retrieved from /home/airflow/.local/lib/python3.12/site-packages/airflow/example_dags/example_nested_branch_dag.py
[2026-01-27T23:49:13.828+0000] {logging_mixin.py:188} INFO - [2026-01-27T23:49:13.827+0000] {dag.py:3096} INFO - Sync 1 DAGs
[2026-01-27T23:49:13.858+0000] {logging_mixin.py:188} INFO - [2026-01-27T23:49:13.858+0000] {dag.py:3954} INFO - Setting next_dagrun for example_nested_branch_dag to 2026-01-26 00:00:00+00:00, run_after=2026-01-27 00:00:00+00:00
[2026-01-27T23:49:13.884+0000] {processor.py:183} INFO - Processing /home/airflow/.local/lib/python3.12/site-packages/airflow/example_dags/example_nested_branch_dag.py took 0.105 seconds
[2026-01-27T23:49:44.028+0000] {processor.py:161} INFO - Started process (PID=1447) to work on /home/airflow/.local/lib/python3.12/site-packages/airflow/example_dags/example_nested_branch_dag.py
[2026-01-27T23:49:44.029+0000] {processor.py:830} INFO - Processing file /home/airflow/.local/lib/python3.12/site-packages/airflow/example_dags/example_nested_branch_dag.py for tasks to queue
[2026-01-27T23:49:44.031+0000] {logging_mixin.py:188} INFO - [2026-01-27T23:49:44.031+0000] {dagbag.py:540} INFO - Filling up the DagBag from /home/airflow/.local/lib/python3.12/site-packages/airflow/example_dags/example_nested_branch_dag.py
[2026-01-27T23:49:44.042+0000] {processor.py:840} INFO - DAG(s) 'example_nested_branch_dag' retrieved from /home/airflow/.local/lib/python3.12/site-packages/airflow/example_dags/example_nested_branch_dag.py
[2026-01-27T23:49:44.065+0000] {logging_mixin.py:188} INFO - [2026-01-27T23:49:44.064+0000] {dag.py:3096} INFO - Sync 1 DAGs
[2026-01-27T23:49:44.089+0000] {logging_mixin.py:188} INFO - [2026-01-27T23:49:44.089+0000] {dag.py:3954} INFO - Setting next_dagrun for example_nested_branch_dag to 2026-01-26 00:00:00+00:00, run_after=2026-01-27 00:00:00+00:00
[2026-01-27T23:49:44.112+0000] {processor.py:183} INFO - Processing /home/airflow/.local/lib/python3.12/site-packages/airflow/example_dags/example_nested_branch_dag.py took 0.089 seconds
[2026-01-27T23:50:14.605+0000] {processor.py:161} INFO - Started process (PID=1499) to work on /home/airflow/.local/lib/python3.12/site-packages/airflow/example_dags/example_nested_branch_dag.py
[2026-01-27T23:50:14.608+0000] {processor.py:830} INFO - Processing file /home/airflow/.local/lib/python3.12/site-packages/airflow/example_dags/example_nested_branch_dag.py for tasks to queue
[2026-01-27T23:50:14.611+0000] {logging_mixin.py:188} INFO - [2026-01-27T23:50:14.611+0000] {dagbag.py:540} INFO - Filling up the DagBag from /home/airflow/.local/lib/python3.12/site-packages/airflow/example_dags/example_nested_branch_dag.py
[2026-01-27T23:50:14.625+0000] {processor.py:840} INFO - DAG(s) 'example_nested_branch_dag' retrieved from /home/airflow/.local/lib/python3.12/site-packages/airflow/example_dags/example_nested_branch_dag.py
[2026-01-27T23:50:14.652+0000] {logging_mixin.py:188} INFO - [2026-01-27T23:50:14.651+0000] {dag.py:3096} INFO - Sync 1 DAGs
[2026-01-27T23:50:14.689+0000] {logging_mixin.py:188} INFO - [2026-01-27T23:50:14.689+0000] {dag.py:3954} INFO - Setting next_dagrun for example_nested_branch_dag to 2026-01-26 00:00:00+00:00, run_after=2026-01-27 00:00:00+00:00
[2026-01-27T23:50:14.730+0000] {processor.py:183} INFO - Processing /home/airflow/.local/lib/python3.12/site-packages/airflow/example_dags/example_nested_branch_dag.py took 0.133 seconds
[2026-01-27T23:50:44.912+0000] {processor.py:161} INFO - Started process (PID=1551) to work on /home/airflow/.local/lib/python3.12/site-packages/airflow/example_dags/example_nested_branch_dag.py
[2026-01-27T23:50:44.913+0000] {processor.py:830} INFO - Processing file /home/airflow/.local/lib/python3.12/site-packages/airflow/example_dags/example_nested_branch_dag.py for tasks to queue
[2026-01-27T23:50:44.915+0000] {logging_mixin.py:188} INFO - [2026-01-27T23:50:44.914+0000] {dagbag.py:540} INFO - Filling up the DagBag from /home/airflow/.local/lib/python3.12/site-packages/airflow/example_dags/example_nested_branch_dag.py
[2026-01-27T23:50:44.924+0000] {processor.py:840} INFO - DAG(s) 'example_nested_branch_dag' retrieved from /home/airflow/.local/lib/python3.12/site-packages/airflow/example_dags/example_nested_branch_dag.py
[2026-01-27T23:50:44.944+0000] {logging_mixin.py:188} INFO - [2026-01-27T23:50:44.944+0000] {dag.py:3096} INFO - Sync 1 DAGs
[2026-01-27T23:50:44.965+0000] {logging_mixin.py:188} INFO - [2026-01-27T23:50:44.965+0000] {dag.py:3954} INFO - Setting next_dagrun for example_nested_branch_dag to 2026-01-26 00:00:00+00:00, run_after=2026-01-27 00:00:00+00:00
[2026-01-27T23:50:44.989+0000] {processor.py:183} INFO - Processing /home/airflow/.local/lib/python3.12/site-packages/airflow/example_dags/example_nested_branch_dag.py took 0.083 seconds
[2026-01-27T23:51:15.334+0000] {processor.py:161} INFO - Started process (PID=1603) to work on /home/airflow/.local/lib/python3.12/site-packages/airflow/example_dags/example_nested_branch_dag.py
[2026-01-27T23:51:15.335+0000] {processor.py:830} INFO - Processing file /home/airflow/.local/lib/python3.12/site-packages/airflow/example_dags/example_nested_branch_dag.py for tasks to queue
[2026-01-27T23:51:15.338+0000] {logging_mixin.py:188} INFO - [2026-01-27T23:51:15.338+0000] {dagbag.py:540} INFO - Filling up the DagBag from /home/airflow/.local/lib/python3.12/site-packages/airflow/example_dags/example_nested_branch_dag.py
[2026-01-27T23:51:15.355+0000] {processor.py:840} INFO - DAG(s) 'example_nested_branch_dag' retrieved from /home/airflow/.local/lib/python3.12/site-packages/airflow/example_dags/example_nested_branch_dag.py
[2026-01-27T23:51:15.383+0000] {logging_mixin.py:188} INFO - [2026-01-27T23:51:15.383+0000] {dag.py:3096} INFO - Sync 1 DAGs
[2026-01-27T23:51:15.412+0000] {logging_mixin.py:188} INFO - [2026-01-27T23:51:15.411+0000] {dag.py:3954} INFO - Setting next_dagrun for example_nested_branch_dag to 2026-01-26 00:00:00+00:00, run_after=2026-01-27 00:00:00+00:00
[2026-01-27T23:51:15.439+0000] {processor.py:183} INFO - Processing /home/airflow/.local/lib/python3.12/site-packages/airflow/example_dags/example_nested_branch_dag.py took 0.114 seconds
[2026-01-27T23:51:45.632+0000] {processor.py:161} INFO - Started process (PID=1655) to work on /home/airflow/.local/lib/python3.12/site-packages/airflow/example_dags/example_nested_branch_dag.py
[2026-01-27T23:51:45.634+0000] {processor.py:830} INFO - Processing file /home/airflow/.local/lib/python3.12/site-packages/airflow/example_dags/example_nested_branch_dag.py for tasks to queue
[2026-01-27T23:51:45.637+0000] {logging_mixin.py:188} INFO - [2026-01-27T23:51:45.637+0000] {dagbag.py:540} INFO - Filling up the DagBag from /home/airflow/.local/lib/python3.12/site-packages/airflow/example_dags/example_nested_branch_dag.py
[2026-01-27T23:51:45.650+0000] {processor.py:840} INFO - DAG(s) 'example_nested_branch_dag' retrieved from /home/airflow/.local/lib/python3.12/site-packages/airflow/example_dags/example_nested_branch_dag.py
[2026-01-27T23:51:45.675+0000] {logging_mixin.py:188} INFO - [2026-01-27T23:51:45.675+0000] {dag.py:3096} INFO - Sync 1 DAGs
[2026-01-27T23:51:45.696+0000] {logging_mixin.py:188} INFO - [2026-01-27T23:51:45.696+0000] {dag.py:3954} INFO - Setting next_dagrun for example_nested_branch_dag to 2026-01-26 00:00:00+00:00, run_after=2026-01-27 00:00:00+00:00
[2026-01-27T23:51:45.712+0000] {processor.py:183} INFO - Processing /home/airflow/.local/lib/python3.12/site-packages/airflow/example_dags/example_nested_branch_dag.py took 0.090 seconds
[2026-01-27T23:52:16.089+0000] {processor.py:161} INFO - Started process (PID=1707) to work on /home/airflow/.local/lib/python3.12/site-packages/airflow/example_dags/example_nested_branch_dag.py
[2026-01-27T23:52:16.090+0000] {processor.py:830} INFO - Processing file /home/airflow/.local/lib/python3.12/site-packages/airflow/example_dags/example_nested_branch_dag.py for tasks to queue
[2026-01-27T23:52:16.092+0000] {logging_mixin.py:188} INFO - [2026-01-27T23:52:16.092+0000] {dagbag.py:540} INFO - Filling up the DagBag from /home/airflow/.local/lib/python3.12/site-packages/airflow/example_dags/example_nested_branch_dag.py
[2026-01-27T23:52:16.101+0000] {processor.py:840} INFO - DAG(s) 'example_nested_branch_dag' retrieved from /home/airflow/.local/lib/python3.12/site-packages/airflow/example_dags/example_nested_branch_dag.py
[2026-01-27T23:52:16.122+0000] {logging_mixin.py:188} INFO - [2026-01-27T23:52:16.121+0000] {dag.py:3096} INFO - Sync 1 DAGs
[2026-01-27T23:52:16.143+0000] {logging_mixin.py:188} INFO - [2026-01-27T23:52:16.143+0000] {dag.py:3954} INFO - Setting next_dagrun for example_nested_branch_dag to 2026-01-26 00:00:00+00:00, run_after=2026-01-27 00:00:00+00:00
[2026-01-27T23:52:16.163+0000] {processor.py:183} INFO - Processing /home/airflow/.local/lib/python3.12/site-packages/airflow/example_dags/example_nested_branch_dag.py took 0.081 seconds
[2026-01-27T23:52:46.216+0000] {processor.py:161} INFO - Started process (PID=1757) to work on /home/airflow/.local/lib/python3.12/site-packages/airflow/example_dags/example_nested_branch_dag.py
[2026-01-27T23:52:46.217+0000] {processor.py:830} INFO - Processing file /home/airflow/.local/lib/python3.12/site-packages/airflow/example_dags/example_nested_branch_dag.py for tasks to queue
[2026-01-27T23:52:46.220+0000] {logging_mixin.py:188} INFO - [2026-01-27T23:52:46.219+0000] {dagbag.py:540} INFO - Filling up the DagBag from /home/airflow/.local/lib/python3.12/site-packages/airflow/example_dags/example_nested_branch_dag.py
[2026-01-27T23:52:46.228+0000] {processor.py:840} INFO - DAG(s) 'example_nested_branch_dag' retrieved from /home/airflow/.local/lib/python3.12/site-packages/airflow/example_dags/example_nested_branch_dag.py
[2026-01-27T23:52:46.247+0000] {logging_mixin.py:188} INFO - [2026-01-27T23:52:46.247+0000] {dag.py:3096} INFO - Sync 1 DAGs
[2026-01-27T23:52:46.267+0000] {logging_mixin.py:188} INFO - [2026-01-27T23:52:46.267+0000] {dag.py:3954} INFO - Setting next_dagrun for example_nested_branch_dag to 2026-01-26 00:00:00+00:00, run_after=2026-01-27 00:00:00+00:00
[2026-01-27T23:52:46.289+0000] {processor.py:183} INFO - Processing /home/airflow/.local/lib/python3.12/site-packages/airflow/example_dags/example_nested_branch_dag.py took 0.079 seconds
[2026-01-27T23:53:16.419+0000] {processor.py:161} INFO - Started process (PID=1809) to work on /home/airflow/.local/lib/python3.12/site-packages/airflow/example_dags/example_nested_branch_dag.py
[2026-01-27T23:53:16.420+0000] {processor.py:830} INFO - Processing file /home/airflow/.local/lib/python3.12/site-packages/airflow/example_dags/example_nested_branch_dag.py for tasks to queue
[2026-01-27T23:53:16.424+0000] {logging_mixin.py:188} INFO - [2026-01-27T23:53:16.424+0000] {dagbag.py:540} INFO - Filling up the DagBag from /home/airflow/.local/lib/python3.12/site-packages/airflow/example_dags/example_nested_branch_dag.py
[2026-01-27T23:53:16.435+0000] {processor.py:840} INFO - DAG(s) 'example_nested_branch_dag' retrieved from /home/airflow/.local/lib/python3.12/site-packages/airflow/example_dags/example_nested_branch_dag.py
[2026-01-27T23:53:16.464+0000] {logging_mixin.py:188} INFO - [2026-01-27T23:53:16.464+0000] {dag.py:3096} INFO - Sync 1 DAGs
[2026-01-27T23:53:16.488+0000] {logging_mixin.py:188} INFO - [2026-01-27T23:53:16.488+0000] {dag.py:3954} INFO - Setting next_dagrun for example_nested_branch_dag to 2026-01-26 00:00:00+00:00, run_after=2026-01-27 00:00:00+00:00
[2026-01-27T23:53:16.511+0000] {processor.py:183} INFO - Processing /home/airflow/.local/lib/python3.12/site-packages/airflow/example_dags/example_nested_branch_dag.py took 0.099 seconds
[2026-01-27T23:53:46.576+0000] {processor.py:161} INFO - Started process (PID=1861) to work on /home/airflow/.local/lib/python3.12/site-packages/airflow/example_dags/example_nested_branch_dag.py
[2026-01-27T23:53:46.577+0000] {processor.py:830} INFO - Processing file /home/airflow/.local/lib/python3.12/site-packages/airflow/example_dags/example_nested_branch_dag.py for tasks to queue
[2026-01-27T23:53:46.580+0000] {logging_mixin.py:188} INFO - [2026-01-27T23:53:46.580+0000] {dagbag.py:540} INFO - Filling up the DagBag from /home/airflow/.local/lib/python3.12/site-packages/airflow/example_dags/example_nested_branch_dag.py
[2026-01-27T23:53:46.589+0000] {processor.py:840} INFO - DAG(s) 'example_nested_branch_dag' retrieved from /home/airflow/.local/lib/python3.12/site-packages/airflow/example_dags/example_nested_branch_dag.py
[2026-01-27T23:53:46.611+0000] {logging_mixin.py:188} INFO - [2026-01-27T23:53:46.611+0000] {dag.py:3096} INFO - Sync 1 DAGs
[2026-01-27T23:53:46.630+0000] {logging_mixin.py:188} INFO - [2026-01-27T23:53:46.630+0000] {dag.py:3954} INFO - Setting next_dagrun for example_nested_branch_dag to 2026-01-26 00:00:00+00:00, run_after=2026-01-27 00:00:00+00:00
[2026-01-27T23:53:46.659+0000] {processor.py:183} INFO - Processing /home/airflow/.local/lib/python3.12/site-packages/airflow/example_dags/example_nested_branch_dag.py took 0.088 seconds
[2026-01-27T23:54:17.249+0000] {processor.py:161} INFO - Started process (PID=1913) to work on /home/airflow/.local/lib/python3.12/site-packages/airflow/example_dags/example_nested_branch_dag.py
[2026-01-27T23:54:17.251+0000] {processor.py:830} INFO - Processing file /home/airflow/.local/lib/python3.12/site-packages/airflow/example_dags/example_nested_branch_dag.py for tasks to queue
[2026-01-27T23:54:17.254+0000] {logging_mixin.py:188} INFO - [2026-01-27T23:54:17.254+0000] {dagbag.py:540} INFO - Filling up the DagBag from /home/airflow/.local/lib/python3.12/site-packages/airflow/example_dags/example_nested_branch_dag.py
[2026-01-27T23:54:17.263+0000] {processor.py:840} INFO - DAG(s) 'example_nested_branch_dag' retrieved from /home/airflow/.local/lib/python3.12/site-packages/airflow/example_dags/example_nested_branch_dag.py
[2026-01-27T23:54:17.286+0000] {logging_mixin.py:188} INFO - [2026-01-27T23:54:17.285+0000] {dag.py:3096} INFO - Sync 1 DAGs
[2026-01-27T23:54:17.309+0000] {logging_mixin.py:188} INFO - [2026-01-27T23:54:17.309+0000] {dag.py:3954} INFO - Setting next_dagrun for example_nested_branch_dag to 2026-01-26 00:00:00+00:00, run_after=2026-01-27 00:00:00+00:00
[2026-01-27T23:54:17.332+0000] {processor.py:183} INFO - Processing /home/airflow/.local/lib/python3.12/site-packages/airflow/example_dags/example_nested_branch_dag.py took 0.088 seconds
[2026-01-27T23:54:47.387+0000] {processor.py:161} INFO - Started process (PID=1965) to work on /home/airflow/.local/lib/python3.12/site-packages/airflow/example_dags/example_nested_branch_dag.py
[2026-01-27T23:54:47.388+0000] {processor.py:830} INFO - Processing file /home/airflow/.local/lib/python3.12/site-packages/airflow/example_dags/example_nested_branch_dag.py for tasks to queue
[2026-01-27T23:54:47.391+0000] {logging_mixin.py:188} INFO - [2026-01-27T23:54:47.391+0000] {dagbag.py:540} INFO - Filling up the DagBag from /home/airflow/.local/lib/python3.12/site-packages/airflow/example_dags/example_nested_branch_dag.py
[2026-01-27T23:54:47.400+0000] {processor.py:840} INFO - DAG(s) 'example_nested_branch_dag' retrieved from /home/airflow/.local/lib/python3.12/site-packages/airflow/example_dags/example_nested_branch_dag.py
[2026-01-27T23:54:47.421+0000] {logging_mixin.py:188} INFO - [2026-01-27T23:54:47.421+0000] {dag.py:3096} INFO - Sync 1 DAGs
[2026-01-27T23:54:47.441+0000] {logging_mixin.py:188} INFO - [2026-01-27T23:54:47.441+0000] {dag.py:3954} INFO - Setting next_dagrun for example_nested_branch_dag to 2026-01-26 00:00:00+00:00, run_after=2026-01-27 00:00:00+00:00
[2026-01-27T23:54:47.461+0000] {processor.py:183} INFO - Processing /home/airflow/.local/lib/python3.12/site-packages/airflow/example_dags/example_nested_branch_dag.py took 0.080 seconds
[2026-01-27T23:55:18.064+0000] {processor.py:161} INFO - Started process (PID=2017) to work on /home/airflow/.local/lib/python3.12/site-packages/airflow/example_dags/example_nested_branch_dag.py
[2026-01-27T23:55:18.065+0000] {processor.py:830} INFO - Processing file /home/airflow/.local/lib/python3.12/site-packages/airflow/example_dags/example_nested_branch_dag.py for tasks to queue
[2026-01-27T23:55:18.068+0000] {logging_mixin.py:188} INFO - [2026-01-27T23:55:18.067+0000] {dagbag.py:540} INFO - Filling up the DagBag from /home/airflow/.local/lib/python3.12/site-packages/airflow/example_dags/example_nested_branch_dag.py
[2026-01-27T23:55:18.076+0000] {processor.py:840} INFO - DAG(s) 'example_nested_branch_dag' retrieved from /home/airflow/.local/lib/python3.12/site-packages/airflow/example_dags/example_nested_branch_dag.py
[2026-01-27T23:55:18.097+0000] {logging_mixin.py:188} INFO - [2026-01-27T23:55:18.096+0000] {dag.py:3096} INFO - Sync 1 DAGs
[2026-01-27T23:55:18.116+0000] {logging_mixin.py:188} INFO - [2026-01-27T23:55:18.116+0000] {dag.py:3954} INFO - Setting next_dagrun for example_nested_branch_dag to 2026-01-26 00:00:00+00:00, run_after=2026-01-27 00:00:00+00:00
[2026-01-27T23:55:18.144+0000] {processor.py:183} INFO - Processing /home/airflow/.local/lib/python3.12/site-packages/airflow/example_dags/example_nested_branch_dag.py took 0.086 seconds
[2026-01-27T23:55:49.016+0000] {processor.py:161} INFO - Started process (PID=2069) to work on /home/airflow/.local/lib/python3.12/site-packages/airflow/example_dags/example_nested_branch_dag.py
[2026-01-27T23:55:49.017+0000] {processor.py:830} INFO - Processing file /home/airflow/.local/lib/python3.12/site-packages/airflow/example_dags/example_nested_branch_dag.py for tasks to queue
[2026-01-27T23:55:49.019+0000] {logging_mixin.py:188} INFO - [2026-01-27T23:55:49.019+0000] {dagbag.py:540} INFO - Filling up the DagBag from /home/airflow/.local/lib/python3.12/site-packages/airflow/example_dags/example_nested_branch_dag.py
[2026-01-27T23:55:49.029+0000] {processor.py:840} INFO - DAG(s) 'example_nested_branch_dag' retrieved from /home/airflow/.local/lib/python3.12/site-packages/airflow/example_dags/example_nested_branch_dag.py
[2026-01-27T23:55:49.051+0000] {logging_mixin.py:188} INFO - [2026-01-27T23:55:49.051+0000] {dag.py:3096} INFO - Sync 1 DAGs
[2026-01-27T23:55:49.073+0000] {logging_mixin.py:188} INFO - [2026-01-27T23:55:49.073+0000] {dag.py:3954} INFO - Setting next_dagrun for example_nested_branch_dag to 2026-01-26 00:00:00+00:00, run_after=2026-01-27 00:00:00+00:00
[2026-01-27T23:55:49.093+0000] {processor.py:183} INFO - Processing /home/airflow/.local/lib/python3.12/site-packages/airflow/example_dags/example_nested_branch_dag.py took 0.083 seconds
[2026-01-27T23:56:19.392+0000] {processor.py:161} INFO - Started process (PID=2121) to work on /home/airflow/.local/lib/python3.12/site-packages/airflow/example_dags/example_nested_branch_dag.py
[2026-01-27T23:56:19.393+0000] {processor.py:830} INFO - Processing file /home/airflow/.local/lib/python3.12/site-packages/airflow/example_dags/example_nested_branch_dag.py for tasks to queue
[2026-01-27T23:56:19.396+0000] {logging_mixin.py:188} INFO - [2026-01-27T23:56:19.395+0000] {dagbag.py:540} INFO - Filling up the DagBag from /home/airflow/.local/lib/python3.12/site-packages/airflow/example_dags/example_nested_branch_dag.py
[2026-01-27T23:56:19.405+0000] {processor.py:840} INFO - DAG(s) 'example_nested_branch_dag' retrieved from /home/airflow/.local/lib/python3.12/site-packages/airflow/example_dags/example_nested_branch_dag.py
[2026-01-27T23:56:19.425+0000] {logging_mixin.py:188} INFO - [2026-01-27T23:56:19.425+0000] {dag.py:3096} INFO - Sync 1 DAGs
[2026-01-27T23:56:19.445+0000] {logging_mixin.py:188} INFO - [2026-01-27T23:56:19.445+0000] {dag.py:3954} INFO - Setting next_dagrun for example_nested_branch_dag to 2026-01-26 00:00:00+00:00, run_after=2026-01-27 00:00:00+00:00
[2026-01-27T23:56:19.465+0000] {processor.py:183} INFO - Processing /home/airflow/.local/lib/python3.12/site-packages/airflow/example_dags/example_nested_branch_dag.py took 0.079 seconds
[2026-01-27T23:56:49.744+0000] {processor.py:161} INFO - Started process (PID=2173) to work on /home/airflow/.local/lib/python3.12/site-packages/airflow/example_dags/example_nested_branch_dag.py
[2026-01-27T23:56:49.745+0000] {processor.py:830} INFO - Processing file /home/airflow/.local/lib/python3.12/site-packages/airflow/example_dags/example_nested_branch_dag.py for tasks to queue
[2026-01-27T23:56:49.748+0000] {logging_mixin.py:188} INFO - [2026-01-27T23:56:49.748+0000] {dagbag.py:540} INFO - Filling up the DagBag from /home/airflow/.local/lib/python3.12/site-packages/airflow/example_dags/example_nested_branch_dag.py
[2026-01-27T23:56:49.758+0000] {processor.py:840} INFO - DAG(s) 'example_nested_branch_dag' retrieved from /home/airflow/.local/lib/python3.12/site-packages/airflow/example_dags/example_nested_branch_dag.py
[2026-01-27T23:56:49.780+0000] {logging_mixin.py:188} INFO - [2026-01-27T23:56:49.780+0000] {dag.py:3096} INFO - Sync 1 DAGs
[2026-01-27T23:56:49.803+0000] {logging_mixin.py:188} INFO - [2026-01-27T23:56:49.803+0000] {dag.py:3954} INFO - Setting next_dagrun for example_nested_branch_dag to 2026-01-26 00:00:00+00:00, run_after=2026-01-27 00:00:00+00:00
[2026-01-27T23:56:49.823+0000] {processor.py:183} INFO - Processing /home/airflow/.local/lib/python3.12/site-packages/airflow/example_dags/example_nested_branch_dag.py took 0.084 seconds
[2026-01-27T23:57:20.677+0000] {processor.py:161} INFO - Started process (PID=2225) to work on /home/airflow/.local/lib/python3.12/site-packages/airflow/example_dags/example_nested_branch_dag.py
[2026-01-27T23:57:20.678+0000] {processor.py:830} INFO - Processing file /home/airflow/.local/lib/python3.12/site-packages/airflow/example_dags/example_nested_branch_dag.py for tasks to queue
[2026-01-27T23:57:20.682+0000] {logging_mixin.py:188} INFO - [2026-01-27T23:57:20.681+0000] {dagbag.py:540} INFO - Filling up the DagBag from /home/airflow/.local/lib/python3.12/site-packages/airflow/example_dags/example_nested_branch_dag.py
[2026-01-27T23:57:20.694+0000] {processor.py:840} INFO - DAG(s) 'example_nested_branch_dag' retrieved from /home/airflow/.local/lib/python3.12/site-packages/airflow/example_dags/example_nested_branch_dag.py
[2026-01-27T23:57:20.715+0000] {logging_mixin.py:188} INFO - [2026-01-27T23:57:20.714+0000] {dag.py:3096} INFO - Sync 1 DAGs
[2026-01-27T23:57:20.737+0000] {logging_mixin.py:188} INFO - [2026-01-27T23:57:20.737+0000] {dag.py:3954} INFO - Setting next_dagrun for example_nested_branch_dag to 2026-01-26 00:00:00+00:00, run_after=2026-01-27 00:00:00+00:00
[2026-01-27T23:57:20.761+0000] {processor.py:183} INFO - Processing /home/airflow/.local/lib/python3.12/site-packages/airflow/example_dags/example_nested_branch_dag.py took 0.092 seconds
[2026-01-27T23:57:51.497+0000] {processor.py:161} INFO - Started process (PID=2277) to work on /home/airflow/.local/lib/python3.12/site-packages/airflow/example_dags/example_nested_branch_dag.py
[2026-01-27T23:57:51.498+0000] {processor.py:830} INFO - Processing file /home/airflow/.local/lib/python3.12/site-packages/airflow/example_dags/example_nested_branch_dag.py for tasks to queue
[2026-01-27T23:57:51.501+0000] {logging_mixin.py:188} INFO - [2026-01-27T23:57:51.501+0000] {dagbag.py:540} INFO - Filling up the DagBag from /home/airflow/.local/lib/python3.12/site-packages/airflow/example_dags/example_nested_branch_dag.py
[2026-01-27T23:57:51.512+0000] {processor.py:840} INFO - DAG(s) 'example_nested_branch_dag' retrieved from /home/airflow/.local/lib/python3.12/site-packages/airflow/example_dags/example_nested_branch_dag.py
[2026-01-27T23:57:51.533+0000] {logging_mixin.py:188} INFO - [2026-01-27T23:57:51.533+0000] {dag.py:3096} INFO - Sync 1 DAGs
[2026-01-27T23:57:51.557+0000] {logging_mixin.py:188} INFO - [2026-01-27T23:57:51.557+0000] {dag.py:3954} INFO - Setting next_dagrun for example_nested_branch_dag to 2026-01-26 00:00:00+00:00, run_after=2026-01-27 00:00:00+00:00
[2026-01-27T23:57:51.579+0000] {processor.py:183} INFO - Processing /home/airflow/.local/lib/python3.12/site-packages/airflow/example_dags/example_nested_branch_dag.py took 0.088 seconds
[2026-01-27T23:58:21.652+0000] {processor.py:161} INFO - Started process (PID=2329) to work on /home/airflow/.local/lib/python3.12/site-packages/airflow/example_dags/example_nested_branch_dag.py
[2026-01-27T23:58:21.654+0000] {processor.py:830} INFO - Processing file /home/airflow/.local/lib/python3.12/site-packages/airflow/example_dags/example_nested_branch_dag.py for tasks to queue
[2026-01-27T23:58:21.656+0000] {logging_mixin.py:188} INFO - [2026-01-27T23:58:21.655+0000] {dagbag.py:540} INFO - Filling up the DagBag from /home/airflow/.local/lib/python3.12/site-packages/airflow/example_dags/example_nested_branch_dag.py
[2026-01-27T23:58:21.665+0000] {processor.py:840} INFO - DAG(s) 'example_nested_branch_dag' retrieved from /home/airflow/.local/lib/python3.12/site-packages/airflow/example_dags/example_nested_branch_dag.py
[2026-01-27T23:58:21.688+0000] {logging_mixin.py:188} INFO - [2026-01-27T23:58:21.688+0000] {dag.py:3096} INFO - Sync 1 DAGs
[2026-01-27T23:58:21.712+0000] {logging_mixin.py:188} INFO - [2026-01-27T23:58:21.711+0000] {dag.py:3954} INFO - Setting next_dagrun for example_nested_branch_dag to 2026-01-26 00:00:00+00:00, run_after=2026-01-27 00:00:00+00:00
[2026-01-27T23:58:21.741+0000] {processor.py:183} INFO - Processing /home/airflow/.local/lib/python3.12/site-packages/airflow/example_dags/example_nested_branch_dag.py took 0.095 seconds
[2026-01-27T23:58:52.438+0000] {processor.py:161} INFO - Started process (PID=2381) to work on /home/airflow/.local/lib/python3.12/site-packages/airflow/example_dags/example_nested_branch_dag.py
[2026-01-27T23:58:52.439+0000] {processor.py:830} INFO - Processing file /home/airflow/.local/lib/python3.12/site-packages/airflow/example_dags/example_nested_branch_dag.py for tasks to queue
[2026-01-27T23:58:52.441+0000] {logging_mixin.py:188} INFO - [2026-01-27T23:58:52.440+0000] {dagbag.py:540} INFO - Filling up the DagBag from /home/airflow/.local/lib/python3.12/site-packages/airflow/example_dags/example_nested_branch_dag.py
[2026-01-27T23:58:52.450+0000] {processor.py:840} INFO - DAG(s) 'example_nested_branch_dag' retrieved from /home/airflow/.local/lib/python3.12/site-packages/airflow/example_dags/example_nested_branch_dag.py
[2026-01-27T23:58:52.472+0000] {logging_mixin.py:188} INFO - [2026-01-27T23:58:52.472+0000] {dag.py:3096} INFO - Sync 1 DAGs
[2026-01-27T23:58:52.493+0000] {logging_mixin.py:188} INFO - [2026-01-27T23:58:52.493+0000] {dag.py:3954} INFO - Setting next_dagrun for example_nested_branch_dag to 2026-01-26 00:00:00+00:00, run_after=2026-01-27 00:00:00+00:00
[2026-01-27T23:58:52.516+0000] {processor.py:183} INFO - Processing /home/airflow/.local/lib/python3.12/site-packages/airflow/example_dags/example_nested_branch_dag.py took 0.084 seconds
[2026-01-27T23:59:23.134+0000] {processor.py:161} INFO - Started process (PID=2433) to work on /home/airflow/.local/lib/python3.12/site-packages/airflow/example_dags/example_nested_branch_dag.py
[2026-01-27T23:59:23.136+0000] {processor.py:830} INFO - Processing file /home/airflow/.local/lib/python3.12/site-packages/airflow/example_dags/example_nested_branch_dag.py for tasks to queue
[2026-01-27T23:59:23.138+0000] {logging_mixin.py:188} INFO - [2026-01-27T23:59:23.138+0000] {dagbag.py:540} INFO - Filling up the DagBag from /home/airflow/.local/lib/python3.12/site-packages/airflow/example_dags/example_nested_branch_dag.py
[2026-01-27T23:59:23.147+0000] {processor.py:840} INFO - DAG(s) 'example_nested_branch_dag' retrieved from /home/airflow/.local/lib/python3.12/site-packages/airflow/example_dags/example_nested_branch_dag.py
[2026-01-27T23:59:23.169+0000] {logging_mixin.py:188} INFO - [2026-01-27T23:59:23.168+0000] {dag.py:3096} INFO - Sync 1 DAGs
[2026-01-27T23:59:23.190+0000] {logging_mixin.py:188} INFO - [2026-01-27T23:59:23.190+0000] {dag.py:3954} INFO - Setting next_dagrun for example_nested_branch_dag to 2026-01-26 00:00:00+00:00, run_after=2026-01-27 00:00:00+00:00
[2026-01-27T23:59:23.215+0000] {processor.py:183} INFO - Processing /home/airflow/.local/lib/python3.12/site-packages/airflow/example_dags/example_nested_branch_dag.py took 0.086 seconds
[2026-01-27T23:59:53.775+0000] {processor.py:161} INFO - Started process (PID=2485) to work on /home/airflow/.local/lib/python3.12/site-packages/airflow/example_dags/example_nested_branch_dag.py
[2026-01-27T23:59:53.777+0000] {processor.py:830} INFO - Processing file /home/airflow/.local/lib/python3.12/site-packages/airflow/example_dags/example_nested_branch_dag.py for tasks to queue
[2026-01-27T23:59:53.780+0000] {logging_mixin.py:188} INFO - [2026-01-27T23:59:53.779+0000] {dagbag.py:540} INFO - Filling up the DagBag from /home/airflow/.local/lib/python3.12/site-packages/airflow/example_dags/example_nested_branch_dag.py
[2026-01-27T23:59:53.790+0000] {processor.py:840} INFO - DAG(s) 'example_nested_branch_dag' retrieved from /home/airflow/.local/lib/python3.12/site-packages/airflow/example_dags/example_nested_branch_dag.py
[2026-01-27T23:59:53.810+0000] {logging_mixin.py:188} INFO - [2026-01-27T23:59:53.810+0000] {dag.py:3096} INFO - Sync 1 DAGs
[2026-01-27T23:59:53.830+0000] {logging_mixin.py:188} INFO - [2026-01-27T23:59:53.830+0000] {dag.py:3954} INFO - Setting next_dagrun for example_nested_branch_dag to 2026-01-26 00:00:00+00:00, run_after=2026-01-27 00:00:00+00:00
[2026-01-27T23:59:53.852+0000] {processor.py:183} INFO - Processing /home/airflow/.local/lib/python3.12/site-packages/airflow/example_dags/example_nested_branch_dag.py took 0.082 seconds
