[2026-01-27T23:35:57.857+0000] {processor.py:161} INFO - Started process (PID=38) to work on /home/airflow/.local/lib/python3.12/site-packages/airflow/example_dags/example_branch_day_of_week_operator.py
[2026-01-27T23:35:57.860+0000] {processor.py:830} INFO - Processing file /home/airflow/.local/lib/python3.12/site-packages/airflow/example_dags/example_branch_day_of_week_operator.py for tasks to queue
[2026-01-27T23:35:57.865+0000] {logging_mixin.py:188} INFO - [2026-01-27T23:35:57.864+0000] {dagbag.py:540} INFO - Filling up the DagBag from /home/airflow/.local/lib/python3.12/site-packages/airflow/example_dags/example_branch_day_of_week_operator.py
[2026-01-27T23:35:57.892+0000] {processor.py:840} INFO - DAG(s) 'example_weekday_branch_operator' retrieved from /home/airflow/.local/lib/python3.12/site-packages/airflow/example_dags/example_branch_day_of_week_operator.py
[2026-01-27T23:35:58.377+0000] {logging_mixin.py:188} INFO - [2026-01-27T23:35:58.376+0000] {dag.py:3096} INFO - Sync 1 DAGs
[2026-01-27T23:35:58.447+0000] {logging_mixin.py:188} INFO - [2026-01-27T23:35:58.446+0000] {dag.py:3954} INFO - Setting next_dagrun for example_weekday_branch_operator to 2026-01-26 00:00:00+00:00, run_after=2026-01-27 00:00:00+00:00
[2026-01-27T23:35:58.503+0000] {processor.py:183} INFO - Processing /home/airflow/.local/lib/python3.12/site-packages/airflow/example_dags/example_branch_day_of_week_operator.py took 0.662 seconds
[2026-01-27T23:36:29.357+0000] {processor.py:161} INFO - Started process (PID=90) to work on /home/airflow/.local/lib/python3.12/site-packages/airflow/example_dags/example_branch_day_of_week_operator.py
[2026-01-27T23:36:29.358+0000] {processor.py:830} INFO - Processing file /home/airflow/.local/lib/python3.12/site-packages/airflow/example_dags/example_branch_day_of_week_operator.py for tasks to queue
[2026-01-27T23:36:29.361+0000] {logging_mixin.py:188} INFO - [2026-01-27T23:36:29.360+0000] {dagbag.py:540} INFO - Filling up the DagBag from /home/airflow/.local/lib/python3.12/site-packages/airflow/example_dags/example_branch_day_of_week_operator.py
[2026-01-27T23:36:29.375+0000] {processor.py:840} INFO - DAG(s) 'example_weekday_branch_operator' retrieved from /home/airflow/.local/lib/python3.12/site-packages/airflow/example_dags/example_branch_day_of_week_operator.py
[2026-01-27T23:36:29.412+0000] {logging_mixin.py:188} INFO - [2026-01-27T23:36:29.411+0000] {dag.py:3096} INFO - Sync 1 DAGs
[2026-01-27T23:36:29.471+0000] {logging_mixin.py:188} INFO - [2026-01-27T23:36:29.470+0000] {dag.py:3954} INFO - Setting next_dagrun for example_weekday_branch_operator to 2026-01-26 00:00:00+00:00, run_after=2026-01-27 00:00:00+00:00
[2026-01-27T23:36:29.525+0000] {processor.py:183} INFO - Processing /home/airflow/.local/lib/python3.12/site-packages/airflow/example_dags/example_branch_day_of_week_operator.py took 0.179 seconds
[2026-01-27T23:37:00.493+0000] {processor.py:161} INFO - Started process (PID=142) to work on /home/airflow/.local/lib/python3.12/site-packages/airflow/example_dags/example_branch_day_of_week_operator.py
[2026-01-27T23:37:00.494+0000] {processor.py:830} INFO - Processing file /home/airflow/.local/lib/python3.12/site-packages/airflow/example_dags/example_branch_day_of_week_operator.py for tasks to queue
[2026-01-27T23:37:00.497+0000] {logging_mixin.py:188} INFO - [2026-01-27T23:37:00.496+0000] {dagbag.py:540} INFO - Filling up the DagBag from /home/airflow/.local/lib/python3.12/site-packages/airflow/example_dags/example_branch_day_of_week_operator.py
[2026-01-27T23:37:00.504+0000] {processor.py:840} INFO - DAG(s) 'example_weekday_branch_operator' retrieved from /home/airflow/.local/lib/python3.12/site-packages/airflow/example_dags/example_branch_day_of_week_operator.py
[2026-01-27T23:37:00.526+0000] {logging_mixin.py:188} INFO - [2026-01-27T23:37:00.525+0000] {dag.py:3096} INFO - Sync 1 DAGs
[2026-01-27T23:37:00.547+0000] {logging_mixin.py:188} INFO - [2026-01-27T23:37:00.547+0000] {dag.py:3954} INFO - Setting next_dagrun for example_weekday_branch_operator to 2026-01-26 00:00:00+00:00, run_after=2026-01-27 00:00:00+00:00
[2026-01-27T23:37:00.566+0000] {processor.py:183} INFO - Processing /home/airflow/.local/lib/python3.12/site-packages/airflow/example_dags/example_branch_day_of_week_operator.py took 0.078 seconds
[2026-01-27T23:37:31.020+0000] {processor.py:161} INFO - Started process (PID=194) to work on /home/airflow/.local/lib/python3.12/site-packages/airflow/example_dags/example_branch_day_of_week_operator.py
[2026-01-27T23:37:31.021+0000] {processor.py:830} INFO - Processing file /home/airflow/.local/lib/python3.12/site-packages/airflow/example_dags/example_branch_day_of_week_operator.py for tasks to queue
[2026-01-27T23:37:31.023+0000] {logging_mixin.py:188} INFO - [2026-01-27T23:37:31.023+0000] {dagbag.py:540} INFO - Filling up the DagBag from /home/airflow/.local/lib/python3.12/site-packages/airflow/example_dags/example_branch_day_of_week_operator.py
[2026-01-27T23:37:31.034+0000] {processor.py:840} INFO - DAG(s) 'example_weekday_branch_operator' retrieved from /home/airflow/.local/lib/python3.12/site-packages/airflow/example_dags/example_branch_day_of_week_operator.py
[2026-01-27T23:37:31.056+0000] {logging_mixin.py:188} INFO - [2026-01-27T23:37:31.056+0000] {dag.py:3096} INFO - Sync 1 DAGs
[2026-01-27T23:37:31.079+0000] {logging_mixin.py:188} INFO - [2026-01-27T23:37:31.079+0000] {dag.py:3954} INFO - Setting next_dagrun for example_weekday_branch_operator to 2026-01-26 00:00:00+00:00, run_after=2026-01-27 00:00:00+00:00
[2026-01-27T23:37:31.111+0000] {processor.py:183} INFO - Processing /home/airflow/.local/lib/python3.12/site-packages/airflow/example_dags/example_branch_day_of_week_operator.py took 0.098 seconds
[2026-01-27T23:38:01.377+0000] {processor.py:161} INFO - Started process (PID=246) to work on /home/airflow/.local/lib/python3.12/site-packages/airflow/example_dags/example_branch_day_of_week_operator.py
[2026-01-27T23:38:01.378+0000] {processor.py:830} INFO - Processing file /home/airflow/.local/lib/python3.12/site-packages/airflow/example_dags/example_branch_day_of_week_operator.py for tasks to queue
[2026-01-27T23:38:01.380+0000] {logging_mixin.py:188} INFO - [2026-01-27T23:38:01.380+0000] {dagbag.py:540} INFO - Filling up the DagBag from /home/airflow/.local/lib/python3.12/site-packages/airflow/example_dags/example_branch_day_of_week_operator.py
[2026-01-27T23:38:01.388+0000] {processor.py:840} INFO - DAG(s) 'example_weekday_branch_operator' retrieved from /home/airflow/.local/lib/python3.12/site-packages/airflow/example_dags/example_branch_day_of_week_operator.py
[2026-01-27T23:38:01.409+0000] {logging_mixin.py:188} INFO - [2026-01-27T23:38:01.409+0000] {dag.py:3096} INFO - Sync 1 DAGs
[2026-01-27T23:38:01.429+0000] {logging_mixin.py:188} INFO - [2026-01-27T23:38:01.429+0000] {dag.py:3954} INFO - Setting next_dagrun for example_weekday_branch_operator to 2026-01-26 00:00:00+00:00, run_after=2026-01-27 00:00:00+00:00
[2026-01-27T23:38:01.451+0000] {processor.py:183} INFO - Processing /home/airflow/.local/lib/python3.12/site-packages/airflow/example_dags/example_branch_day_of_week_operator.py took 0.079 seconds
[2026-01-27T23:38:31.626+0000] {processor.py:161} INFO - Started process (PID=298) to work on /home/airflow/.local/lib/python3.12/site-packages/airflow/example_dags/example_branch_day_of_week_operator.py
[2026-01-27T23:38:31.627+0000] {processor.py:830} INFO - Processing file /home/airflow/.local/lib/python3.12/site-packages/airflow/example_dags/example_branch_day_of_week_operator.py for tasks to queue
[2026-01-27T23:38:31.629+0000] {logging_mixin.py:188} INFO - [2026-01-27T23:38:31.629+0000] {dagbag.py:540} INFO - Filling up the DagBag from /home/airflow/.local/lib/python3.12/site-packages/airflow/example_dags/example_branch_day_of_week_operator.py
[2026-01-27T23:38:31.636+0000] {processor.py:840} INFO - DAG(s) 'example_weekday_branch_operator' retrieved from /home/airflow/.local/lib/python3.12/site-packages/airflow/example_dags/example_branch_day_of_week_operator.py
[2026-01-27T23:38:31.657+0000] {logging_mixin.py:188} INFO - [2026-01-27T23:38:31.657+0000] {dag.py:3096} INFO - Sync 1 DAGs
[2026-01-27T23:38:31.679+0000] {logging_mixin.py:188} INFO - [2026-01-27T23:38:31.679+0000] {dag.py:3954} INFO - Setting next_dagrun for example_weekday_branch_operator to 2026-01-26 00:00:00+00:00, run_after=2026-01-27 00:00:00+00:00
[2026-01-27T23:38:31.701+0000] {processor.py:183} INFO - Processing /home/airflow/.local/lib/python3.12/site-packages/airflow/example_dags/example_branch_day_of_week_operator.py took 0.080 seconds
[2026-01-27T23:39:02.033+0000] {processor.py:161} INFO - Started process (PID=350) to work on /home/airflow/.local/lib/python3.12/site-packages/airflow/example_dags/example_branch_day_of_week_operator.py
[2026-01-27T23:39:02.034+0000] {processor.py:830} INFO - Processing file /home/airflow/.local/lib/python3.12/site-packages/airflow/example_dags/example_branch_day_of_week_operator.py for tasks to queue
[2026-01-27T23:39:02.038+0000] {logging_mixin.py:188} INFO - [2026-01-27T23:39:02.037+0000] {dagbag.py:540} INFO - Filling up the DagBag from /home/airflow/.local/lib/python3.12/site-packages/airflow/example_dags/example_branch_day_of_week_operator.py
[2026-01-27T23:39:02.048+0000] {processor.py:840} INFO - DAG(s) 'example_weekday_branch_operator' retrieved from /home/airflow/.local/lib/python3.12/site-packages/airflow/example_dags/example_branch_day_of_week_operator.py
[2026-01-27T23:39:02.075+0000] {logging_mixin.py:188} INFO - [2026-01-27T23:39:02.074+0000] {dag.py:3096} INFO - Sync 1 DAGs
[2026-01-27T23:39:02.105+0000] {logging_mixin.py:188} INFO - [2026-01-27T23:39:02.105+0000] {dag.py:3954} INFO - Setting next_dagrun for example_weekday_branch_operator to 2026-01-26 00:00:00+00:00, run_after=2026-01-27 00:00:00+00:00
[2026-01-27T23:39:02.134+0000] {processor.py:183} INFO - Processing /home/airflow/.local/lib/python3.12/site-packages/airflow/example_dags/example_branch_day_of_week_operator.py took 0.110 seconds
[2026-01-27T23:39:32.513+0000] {processor.py:161} INFO - Started process (PID=402) to work on /home/airflow/.local/lib/python3.12/site-packages/airflow/example_dags/example_branch_day_of_week_operator.py
[2026-01-27T23:39:32.515+0000] {processor.py:830} INFO - Processing file /home/airflow/.local/lib/python3.12/site-packages/airflow/example_dags/example_branch_day_of_week_operator.py for tasks to queue
[2026-01-27T23:39:32.518+0000] {logging_mixin.py:188} INFO - [2026-01-27T23:39:32.518+0000] {dagbag.py:540} INFO - Filling up the DagBag from /home/airflow/.local/lib/python3.12/site-packages/airflow/example_dags/example_branch_day_of_week_operator.py
[2026-01-27T23:39:32.530+0000] {processor.py:840} INFO - DAG(s) 'example_weekday_branch_operator' retrieved from /home/airflow/.local/lib/python3.12/site-packages/airflow/example_dags/example_branch_day_of_week_operator.py
[2026-01-27T23:39:32.558+0000] {logging_mixin.py:188} INFO - [2026-01-27T23:39:32.557+0000] {dag.py:3096} INFO - Sync 1 DAGs
[2026-01-27T23:39:32.594+0000] {logging_mixin.py:188} INFO - [2026-01-27T23:39:32.593+0000] {dag.py:3954} INFO - Setting next_dagrun for example_weekday_branch_operator to 2026-01-26 00:00:00+00:00, run_after=2026-01-27 00:00:00+00:00
[2026-01-27T23:39:32.620+0000] {processor.py:183} INFO - Processing /home/airflow/.local/lib/python3.12/site-packages/airflow/example_dags/example_branch_day_of_week_operator.py took 0.115 seconds
[2026-01-27T23:40:03.092+0000] {processor.py:161} INFO - Started process (PID=454) to work on /home/airflow/.local/lib/python3.12/site-packages/airflow/example_dags/example_branch_day_of_week_operator.py
[2026-01-27T23:40:03.094+0000] {processor.py:830} INFO - Processing file /home/airflow/.local/lib/python3.12/site-packages/airflow/example_dags/example_branch_day_of_week_operator.py for tasks to queue
[2026-01-27T23:40:03.097+0000] {logging_mixin.py:188} INFO - [2026-01-27T23:40:03.097+0000] {dagbag.py:540} INFO - Filling up the DagBag from /home/airflow/.local/lib/python3.12/site-packages/airflow/example_dags/example_branch_day_of_week_operator.py
[2026-01-27T23:40:03.108+0000] {processor.py:840} INFO - DAG(s) 'example_weekday_branch_operator' retrieved from /home/airflow/.local/lib/python3.12/site-packages/airflow/example_dags/example_branch_day_of_week_operator.py
[2026-01-27T23:40:03.135+0000] {logging_mixin.py:188} INFO - [2026-01-27T23:40:03.135+0000] {dag.py:3096} INFO - Sync 1 DAGs
[2026-01-27T23:40:03.165+0000] {logging_mixin.py:188} INFO - [2026-01-27T23:40:03.164+0000] {dag.py:3954} INFO - Setting next_dagrun for example_weekday_branch_operator to 2026-01-26 00:00:00+00:00, run_after=2026-01-27 00:00:00+00:00
[2026-01-27T23:40:03.192+0000] {processor.py:183} INFO - Processing /home/airflow/.local/lib/python3.12/site-packages/airflow/example_dags/example_branch_day_of_week_operator.py took 0.109 seconds
[2026-01-27T23:40:33.263+0000] {processor.py:161} INFO - Started process (PID=506) to work on /home/airflow/.local/lib/python3.12/site-packages/airflow/example_dags/example_branch_day_of_week_operator.py
[2026-01-27T23:40:33.264+0000] {processor.py:830} INFO - Processing file /home/airflow/.local/lib/python3.12/site-packages/airflow/example_dags/example_branch_day_of_week_operator.py for tasks to queue
[2026-01-27T23:40:33.267+0000] {logging_mixin.py:188} INFO - [2026-01-27T23:40:33.266+0000] {dagbag.py:540} INFO - Filling up the DagBag from /home/airflow/.local/lib/python3.12/site-packages/airflow/example_dags/example_branch_day_of_week_operator.py
[2026-01-27T23:40:33.274+0000] {processor.py:840} INFO - DAG(s) 'example_weekday_branch_operator' retrieved from /home/airflow/.local/lib/python3.12/site-packages/airflow/example_dags/example_branch_day_of_week_operator.py
[2026-01-27T23:40:33.297+0000] {logging_mixin.py:188} INFO - [2026-01-27T23:40:33.296+0000] {dag.py:3096} INFO - Sync 1 DAGs
[2026-01-27T23:40:33.321+0000] {logging_mixin.py:188} INFO - [2026-01-27T23:40:33.321+0000] {dag.py:3954} INFO - Setting next_dagrun for example_weekday_branch_operator to 2026-01-26 00:00:00+00:00, run_after=2026-01-27 00:00:00+00:00
[2026-01-27T23:40:33.344+0000] {processor.py:183} INFO - Processing /home/airflow/.local/lib/python3.12/site-packages/airflow/example_dags/example_branch_day_of_week_operator.py took 0.088 seconds
[2026-01-27T23:41:03.615+0000] {processor.py:161} INFO - Started process (PID=558) to work on /home/airflow/.local/lib/python3.12/site-packages/airflow/example_dags/example_branch_day_of_week_operator.py
[2026-01-27T23:41:03.616+0000] {processor.py:830} INFO - Processing file /home/airflow/.local/lib/python3.12/site-packages/airflow/example_dags/example_branch_day_of_week_operator.py for tasks to queue
[2026-01-27T23:41:03.618+0000] {logging_mixin.py:188} INFO - [2026-01-27T23:41:03.618+0000] {dagbag.py:540} INFO - Filling up the DagBag from /home/airflow/.local/lib/python3.12/site-packages/airflow/example_dags/example_branch_day_of_week_operator.py
[2026-01-27T23:41:03.626+0000] {processor.py:840} INFO - DAG(s) 'example_weekday_branch_operator' retrieved from /home/airflow/.local/lib/python3.12/site-packages/airflow/example_dags/example_branch_day_of_week_operator.py
[2026-01-27T23:41:03.649+0000] {logging_mixin.py:188} INFO - [2026-01-27T23:41:03.649+0000] {dag.py:3096} INFO - Sync 1 DAGs
[2026-01-27T23:41:03.675+0000] {logging_mixin.py:188} INFO - [2026-01-27T23:41:03.675+0000] {dag.py:3954} INFO - Setting next_dagrun for example_weekday_branch_operator to 2026-01-26 00:00:00+00:00, run_after=2026-01-27 00:00:00+00:00
[2026-01-27T23:41:03.704+0000] {processor.py:183} INFO - Processing /home/airflow/.local/lib/python3.12/site-packages/airflow/example_dags/example_branch_day_of_week_operator.py took 0.095 seconds
[2026-01-27T23:41:33.797+0000] {processor.py:161} INFO - Started process (PID=610) to work on /home/airflow/.local/lib/python3.12/site-packages/airflow/example_dags/example_branch_day_of_week_operator.py
[2026-01-27T23:41:33.800+0000] {processor.py:830} INFO - Processing file /home/airflow/.local/lib/python3.12/site-packages/airflow/example_dags/example_branch_day_of_week_operator.py for tasks to queue
[2026-01-27T23:41:33.804+0000] {logging_mixin.py:188} INFO - [2026-01-27T23:41:33.803+0000] {dagbag.py:540} INFO - Filling up the DagBag from /home/airflow/.local/lib/python3.12/site-packages/airflow/example_dags/example_branch_day_of_week_operator.py
[2026-01-27T23:41:33.820+0000] {processor.py:840} INFO - DAG(s) 'example_weekday_branch_operator' retrieved from /home/airflow/.local/lib/python3.12/site-packages/airflow/example_dags/example_branch_day_of_week_operator.py
[2026-01-27T23:41:33.848+0000] {logging_mixin.py:188} INFO - [2026-01-27T23:41:33.847+0000] {dag.py:3096} INFO - Sync 1 DAGs
[2026-01-27T23:41:33.880+0000] {logging_mixin.py:188} INFO - [2026-01-27T23:41:33.880+0000] {dag.py:3954} INFO - Setting next_dagrun for example_weekday_branch_operator to 2026-01-26 00:00:00+00:00, run_after=2026-01-27 00:00:00+00:00
[2026-01-27T23:41:33.915+0000] {processor.py:183} INFO - Processing /home/airflow/.local/lib/python3.12/site-packages/airflow/example_dags/example_branch_day_of_week_operator.py took 0.127 seconds
[2026-01-27T23:42:04.109+0000] {processor.py:161} INFO - Started process (PID=662) to work on /home/airflow/.local/lib/python3.12/site-packages/airflow/example_dags/example_branch_day_of_week_operator.py
[2026-01-27T23:42:04.111+0000] {processor.py:830} INFO - Processing file /home/airflow/.local/lib/python3.12/site-packages/airflow/example_dags/example_branch_day_of_week_operator.py for tasks to queue
[2026-01-27T23:42:04.113+0000] {logging_mixin.py:188} INFO - [2026-01-27T23:42:04.113+0000] {dagbag.py:540} INFO - Filling up the DagBag from /home/airflow/.local/lib/python3.12/site-packages/airflow/example_dags/example_branch_day_of_week_operator.py
[2026-01-27T23:42:04.122+0000] {processor.py:840} INFO - DAG(s) 'example_weekday_branch_operator' retrieved from /home/airflow/.local/lib/python3.12/site-packages/airflow/example_dags/example_branch_day_of_week_operator.py
[2026-01-27T23:42:04.146+0000] {logging_mixin.py:188} INFO - [2026-01-27T23:42:04.146+0000] {dag.py:3096} INFO - Sync 1 DAGs
[2026-01-27T23:42:04.172+0000] {logging_mixin.py:188} INFO - [2026-01-27T23:42:04.172+0000] {dag.py:3954} INFO - Setting next_dagrun for example_weekday_branch_operator to 2026-01-26 00:00:00+00:00, run_after=2026-01-27 00:00:00+00:00
[2026-01-27T23:42:04.195+0000] {processor.py:183} INFO - Processing /home/airflow/.local/lib/python3.12/site-packages/airflow/example_dags/example_branch_day_of_week_operator.py took 0.093 seconds
[2026-01-27T23:42:34.811+0000] {processor.py:161} INFO - Started process (PID=714) to work on /home/airflow/.local/lib/python3.12/site-packages/airflow/example_dags/example_branch_day_of_week_operator.py
[2026-01-27T23:42:34.812+0000] {processor.py:830} INFO - Processing file /home/airflow/.local/lib/python3.12/site-packages/airflow/example_dags/example_branch_day_of_week_operator.py for tasks to queue
[2026-01-27T23:42:34.815+0000] {logging_mixin.py:188} INFO - [2026-01-27T23:42:34.815+0000] {dagbag.py:540} INFO - Filling up the DagBag from /home/airflow/.local/lib/python3.12/site-packages/airflow/example_dags/example_branch_day_of_week_operator.py
[2026-01-27T23:42:34.825+0000] {processor.py:840} INFO - DAG(s) 'example_weekday_branch_operator' retrieved from /home/airflow/.local/lib/python3.12/site-packages/airflow/example_dags/example_branch_day_of_week_operator.py
[2026-01-27T23:42:34.858+0000] {logging_mixin.py:188} INFO - [2026-01-27T23:42:34.858+0000] {dag.py:3096} INFO - Sync 1 DAGs
[2026-01-27T23:42:34.895+0000] {logging_mixin.py:188} INFO - [2026-01-27T23:42:34.895+0000] {dag.py:3954} INFO - Setting next_dagrun for example_weekday_branch_operator to 2026-01-26 00:00:00+00:00, run_after=2026-01-27 00:00:00+00:00
[2026-01-27T23:42:34.927+0000] {processor.py:183} INFO - Processing /home/airflow/.local/lib/python3.12/site-packages/airflow/example_dags/example_branch_day_of_week_operator.py took 0.125 seconds
[2026-01-27T23:43:05.280+0000] {processor.py:161} INFO - Started process (PID=766) to work on /home/airflow/.local/lib/python3.12/site-packages/airflow/example_dags/example_branch_day_of_week_operator.py
[2026-01-27T23:43:05.282+0000] {processor.py:830} INFO - Processing file /home/airflow/.local/lib/python3.12/site-packages/airflow/example_dags/example_branch_day_of_week_operator.py for tasks to queue
[2026-01-27T23:43:05.288+0000] {logging_mixin.py:188} INFO - [2026-01-27T23:43:05.288+0000] {dagbag.py:540} INFO - Filling up the DagBag from /home/airflow/.local/lib/python3.12/site-packages/airflow/example_dags/example_branch_day_of_week_operator.py
[2026-01-27T23:43:05.298+0000] {processor.py:840} INFO - DAG(s) 'example_weekday_branch_operator' retrieved from /home/airflow/.local/lib/python3.12/site-packages/airflow/example_dags/example_branch_day_of_week_operator.py
[2026-01-27T23:43:05.328+0000] {logging_mixin.py:188} INFO - [2026-01-27T23:43:05.327+0000] {dag.py:3096} INFO - Sync 1 DAGs
[2026-01-27T23:43:05.369+0000] {logging_mixin.py:188} INFO - [2026-01-27T23:43:05.369+0000] {dag.py:3954} INFO - Setting next_dagrun for example_weekday_branch_operator to 2026-01-26 00:00:00+00:00, run_after=2026-01-27 00:00:00+00:00
[2026-01-27T23:43:05.405+0000] {processor.py:183} INFO - Processing /home/airflow/.local/lib/python3.12/site-packages/airflow/example_dags/example_branch_day_of_week_operator.py took 0.136 seconds
[2026-01-27T23:43:35.499+0000] {processor.py:161} INFO - Started process (PID=818) to work on /home/airflow/.local/lib/python3.12/site-packages/airflow/example_dags/example_branch_day_of_week_operator.py
[2026-01-27T23:43:35.500+0000] {processor.py:830} INFO - Processing file /home/airflow/.local/lib/python3.12/site-packages/airflow/example_dags/example_branch_day_of_week_operator.py for tasks to queue
[2026-01-27T23:43:35.502+0000] {logging_mixin.py:188} INFO - [2026-01-27T23:43:35.502+0000] {dagbag.py:540} INFO - Filling up the DagBag from /home/airflow/.local/lib/python3.12/site-packages/airflow/example_dags/example_branch_day_of_week_operator.py
[2026-01-27T23:43:35.512+0000] {processor.py:840} INFO - DAG(s) 'example_weekday_branch_operator' retrieved from /home/airflow/.local/lib/python3.12/site-packages/airflow/example_dags/example_branch_day_of_week_operator.py
[2026-01-27T23:43:35.537+0000] {logging_mixin.py:188} INFO - [2026-01-27T23:43:35.537+0000] {dag.py:3096} INFO - Sync 1 DAGs
[2026-01-27T23:43:35.562+0000] {logging_mixin.py:188} INFO - [2026-01-27T23:43:35.561+0000] {dag.py:3954} INFO - Setting next_dagrun for example_weekday_branch_operator to 2026-01-26 00:00:00+00:00, run_after=2026-01-27 00:00:00+00:00
[2026-01-27T23:43:35.589+0000] {processor.py:183} INFO - Processing /home/airflow/.local/lib/python3.12/site-packages/airflow/example_dags/example_branch_day_of_week_operator.py took 0.098 seconds
[2026-01-27T23:44:05.781+0000] {processor.py:161} INFO - Started process (PID=870) to work on /home/airflow/.local/lib/python3.12/site-packages/airflow/example_dags/example_branch_day_of_week_operator.py
[2026-01-27T23:44:05.783+0000] {processor.py:830} INFO - Processing file /home/airflow/.local/lib/python3.12/site-packages/airflow/example_dags/example_branch_day_of_week_operator.py for tasks to queue
[2026-01-27T23:44:05.785+0000] {logging_mixin.py:188} INFO - [2026-01-27T23:44:05.784+0000] {dagbag.py:540} INFO - Filling up the DagBag from /home/airflow/.local/lib/python3.12/site-packages/airflow/example_dags/example_branch_day_of_week_operator.py
[2026-01-27T23:44:05.792+0000] {processor.py:840} INFO - DAG(s) 'example_weekday_branch_operator' retrieved from /home/airflow/.local/lib/python3.12/site-packages/airflow/example_dags/example_branch_day_of_week_operator.py
[2026-01-27T23:44:05.812+0000] {logging_mixin.py:188} INFO - [2026-01-27T23:44:05.812+0000] {dag.py:3096} INFO - Sync 1 DAGs
[2026-01-27T23:44:05.835+0000] {logging_mixin.py:188} INFO - [2026-01-27T23:44:05.835+0000] {dag.py:3954} INFO - Setting next_dagrun for example_weekday_branch_operator to 2026-01-26 00:00:00+00:00, run_after=2026-01-27 00:00:00+00:00
[2026-01-27T23:44:05.861+0000] {processor.py:183} INFO - Processing /home/airflow/.local/lib/python3.12/site-packages/airflow/example_dags/example_branch_day_of_week_operator.py took 0.086 seconds
[2026-01-27T23:44:36.215+0000] {processor.py:161} INFO - Started process (PID=922) to work on /home/airflow/.local/lib/python3.12/site-packages/airflow/example_dags/example_branch_day_of_week_operator.py
[2026-01-27T23:44:36.216+0000] {processor.py:830} INFO - Processing file /home/airflow/.local/lib/python3.12/site-packages/airflow/example_dags/example_branch_day_of_week_operator.py for tasks to queue
[2026-01-27T23:44:36.218+0000] {logging_mixin.py:188} INFO - [2026-01-27T23:44:36.218+0000] {dagbag.py:540} INFO - Filling up the DagBag from /home/airflow/.local/lib/python3.12/site-packages/airflow/example_dags/example_branch_day_of_week_operator.py
[2026-01-27T23:44:36.226+0000] {processor.py:840} INFO - DAG(s) 'example_weekday_branch_operator' retrieved from /home/airflow/.local/lib/python3.12/site-packages/airflow/example_dags/example_branch_day_of_week_operator.py
[2026-01-27T23:44:36.246+0000] {logging_mixin.py:188} INFO - [2026-01-27T23:44:36.246+0000] {dag.py:3096} INFO - Sync 1 DAGs
[2026-01-27T23:44:36.271+0000] {logging_mixin.py:188} INFO - [2026-01-27T23:44:36.270+0000] {dag.py:3954} INFO - Setting next_dagrun for example_weekday_branch_operator to 2026-01-26 00:00:00+00:00, run_after=2026-01-27 00:00:00+00:00
[2026-01-27T23:44:36.292+0000] {processor.py:183} INFO - Processing /home/airflow/.local/lib/python3.12/site-packages/airflow/example_dags/example_branch_day_of_week_operator.py took 0.083 seconds
[2026-01-27T23:45:06.389+0000] {processor.py:161} INFO - Started process (PID=974) to work on /home/airflow/.local/lib/python3.12/site-packages/airflow/example_dags/example_branch_day_of_week_operator.py
[2026-01-27T23:45:06.391+0000] {processor.py:830} INFO - Processing file /home/airflow/.local/lib/python3.12/site-packages/airflow/example_dags/example_branch_day_of_week_operator.py for tasks to queue
[2026-01-27T23:45:06.393+0000] {logging_mixin.py:188} INFO - [2026-01-27T23:45:06.393+0000] {dagbag.py:540} INFO - Filling up the DagBag from /home/airflow/.local/lib/python3.12/site-packages/airflow/example_dags/example_branch_day_of_week_operator.py
[2026-01-27T23:45:06.401+0000] {processor.py:840} INFO - DAG(s) 'example_weekday_branch_operator' retrieved from /home/airflow/.local/lib/python3.12/site-packages/airflow/example_dags/example_branch_day_of_week_operator.py
[2026-01-27T23:45:06.429+0000] {logging_mixin.py:188} INFO - [2026-01-27T23:45:06.428+0000] {dag.py:3096} INFO - Sync 1 DAGs
[2026-01-27T23:45:06.457+0000] {logging_mixin.py:188} INFO - [2026-01-27T23:45:06.457+0000] {dag.py:3954} INFO - Setting next_dagrun for example_weekday_branch_operator to 2026-01-26 00:00:00+00:00, run_after=2026-01-27 00:00:00+00:00
[2026-01-27T23:45:06.478+0000] {processor.py:183} INFO - Processing /home/airflow/.local/lib/python3.12/site-packages/airflow/example_dags/example_branch_day_of_week_operator.py took 0.096 seconds
[2026-01-27T23:45:36.568+0000] {processor.py:161} INFO - Started process (PID=1026) to work on /home/airflow/.local/lib/python3.12/site-packages/airflow/example_dags/example_branch_day_of_week_operator.py
[2026-01-27T23:45:36.569+0000] {processor.py:830} INFO - Processing file /home/airflow/.local/lib/python3.12/site-packages/airflow/example_dags/example_branch_day_of_week_operator.py for tasks to queue
[2026-01-27T23:45:36.572+0000] {logging_mixin.py:188} INFO - [2026-01-27T23:45:36.571+0000] {dagbag.py:540} INFO - Filling up the DagBag from /home/airflow/.local/lib/python3.12/site-packages/airflow/example_dags/example_branch_day_of_week_operator.py
[2026-01-27T23:45:36.578+0000] {processor.py:840} INFO - DAG(s) 'example_weekday_branch_operator' retrieved from /home/airflow/.local/lib/python3.12/site-packages/airflow/example_dags/example_branch_day_of_week_operator.py
[2026-01-27T23:45:36.601+0000] {logging_mixin.py:188} INFO - [2026-01-27T23:45:36.601+0000] {dag.py:3096} INFO - Sync 1 DAGs
[2026-01-27T23:45:36.622+0000] {logging_mixin.py:188} INFO - [2026-01-27T23:45:36.622+0000] {dag.py:3954} INFO - Setting next_dagrun for example_weekday_branch_operator to 2026-01-26 00:00:00+00:00, run_after=2026-01-27 00:00:00+00:00
[2026-01-27T23:45:36.649+0000] {processor.py:183} INFO - Processing /home/airflow/.local/lib/python3.12/site-packages/airflow/example_dags/example_branch_day_of_week_operator.py took 0.087 seconds
[2026-01-27T23:46:07.636+0000] {processor.py:161} INFO - Started process (PID=1078) to work on /home/airflow/.local/lib/python3.12/site-packages/airflow/example_dags/example_branch_day_of_week_operator.py
[2026-01-27T23:46:07.637+0000] {processor.py:830} INFO - Processing file /home/airflow/.local/lib/python3.12/site-packages/airflow/example_dags/example_branch_day_of_week_operator.py for tasks to queue
[2026-01-27T23:46:07.640+0000] {logging_mixin.py:188} INFO - [2026-01-27T23:46:07.639+0000] {dagbag.py:540} INFO - Filling up the DagBag from /home/airflow/.local/lib/python3.12/site-packages/airflow/example_dags/example_branch_day_of_week_operator.py
[2026-01-27T23:46:07.650+0000] {processor.py:840} INFO - DAG(s) 'example_weekday_branch_operator' retrieved from /home/airflow/.local/lib/python3.12/site-packages/airflow/example_dags/example_branch_day_of_week_operator.py
[2026-01-27T23:46:07.673+0000] {logging_mixin.py:188} INFO - [2026-01-27T23:46:07.673+0000] {dag.py:3096} INFO - Sync 1 DAGs
[2026-01-27T23:46:07.705+0000] {logging_mixin.py:188} INFO - [2026-01-27T23:46:07.705+0000] {dag.py:3954} INFO - Setting next_dagrun for example_weekday_branch_operator to 2026-01-26 00:00:00+00:00, run_after=2026-01-27 00:00:00+00:00
[2026-01-27T23:46:07.981+0000] {processor.py:183} INFO - Processing /home/airflow/.local/lib/python3.12/site-packages/airflow/example_dags/example_branch_day_of_week_operator.py took 0.354 seconds
[2026-01-27T23:46:38.920+0000] {processor.py:161} INFO - Started process (PID=1130) to work on /home/airflow/.local/lib/python3.12/site-packages/airflow/example_dags/example_branch_day_of_week_operator.py
[2026-01-27T23:46:38.921+0000] {processor.py:830} INFO - Processing file /home/airflow/.local/lib/python3.12/site-packages/airflow/example_dags/example_branch_day_of_week_operator.py for tasks to queue
[2026-01-27T23:46:38.923+0000] {logging_mixin.py:188} INFO - [2026-01-27T23:46:38.923+0000] {dagbag.py:540} INFO - Filling up the DagBag from /home/airflow/.local/lib/python3.12/site-packages/airflow/example_dags/example_branch_day_of_week_operator.py
[2026-01-27T23:46:38.932+0000] {processor.py:840} INFO - DAG(s) 'example_weekday_branch_operator' retrieved from /home/airflow/.local/lib/python3.12/site-packages/airflow/example_dags/example_branch_day_of_week_operator.py
[2026-01-27T23:46:38.954+0000] {logging_mixin.py:188} INFO - [2026-01-27T23:46:38.954+0000] {dag.py:3096} INFO - Sync 1 DAGs
[2026-01-27T23:46:38.975+0000] {logging_mixin.py:188} INFO - [2026-01-27T23:46:38.975+0000] {dag.py:3954} INFO - Setting next_dagrun for example_weekday_branch_operator to 2026-01-26 00:00:00+00:00, run_after=2026-01-27 00:00:00+00:00
[2026-01-27T23:46:39.005+0000] {processor.py:183} INFO - Processing /home/airflow/.local/lib/python3.12/site-packages/airflow/example_dags/example_branch_day_of_week_operator.py took 0.093 seconds
[2026-01-27T23:47:09.315+0000] {processor.py:161} INFO - Started process (PID=1182) to work on /home/airflow/.local/lib/python3.12/site-packages/airflow/example_dags/example_branch_day_of_week_operator.py
[2026-01-27T23:47:09.317+0000] {processor.py:830} INFO - Processing file /home/airflow/.local/lib/python3.12/site-packages/airflow/example_dags/example_branch_day_of_week_operator.py for tasks to queue
[2026-01-27T23:47:09.319+0000] {logging_mixin.py:188} INFO - [2026-01-27T23:47:09.318+0000] {dagbag.py:540} INFO - Filling up the DagBag from /home/airflow/.local/lib/python3.12/site-packages/airflow/example_dags/example_branch_day_of_week_operator.py
[2026-01-27T23:47:09.327+0000] {processor.py:840} INFO - DAG(s) 'example_weekday_branch_operator' retrieved from /home/airflow/.local/lib/python3.12/site-packages/airflow/example_dags/example_branch_day_of_week_operator.py
[2026-01-27T23:47:09.352+0000] {logging_mixin.py:188} INFO - [2026-01-27T23:47:09.352+0000] {dag.py:3096} INFO - Sync 1 DAGs
[2026-01-27T23:47:09.384+0000] {logging_mixin.py:188} INFO - [2026-01-27T23:47:09.383+0000] {dag.py:3954} INFO - Setting next_dagrun for example_weekday_branch_operator to 2026-01-26 00:00:00+00:00, run_after=2026-01-27 00:00:00+00:00
[2026-01-27T23:47:09.404+0000] {processor.py:183} INFO - Processing /home/airflow/.local/lib/python3.12/site-packages/airflow/example_dags/example_branch_day_of_week_operator.py took 0.095 seconds
[2026-01-27T23:47:39.884+0000] {processor.py:161} INFO - Started process (PID=1234) to work on /home/airflow/.local/lib/python3.12/site-packages/airflow/example_dags/example_branch_day_of_week_operator.py
[2026-01-27T23:47:39.885+0000] {processor.py:830} INFO - Processing file /home/airflow/.local/lib/python3.12/site-packages/airflow/example_dags/example_branch_day_of_week_operator.py for tasks to queue
[2026-01-27T23:47:39.887+0000] {logging_mixin.py:188} INFO - [2026-01-27T23:47:39.887+0000] {dagbag.py:540} INFO - Filling up the DagBag from /home/airflow/.local/lib/python3.12/site-packages/airflow/example_dags/example_branch_day_of_week_operator.py
[2026-01-27T23:47:39.896+0000] {processor.py:840} INFO - DAG(s) 'example_weekday_branch_operator' retrieved from /home/airflow/.local/lib/python3.12/site-packages/airflow/example_dags/example_branch_day_of_week_operator.py
[2026-01-27T23:47:40.091+0000] {logging_mixin.py:188} INFO - [2026-01-27T23:47:40.091+0000] {dag.py:3096} INFO - Sync 1 DAGs
[2026-01-27T23:47:40.120+0000] {logging_mixin.py:188} INFO - [2026-01-27T23:47:40.120+0000] {dag.py:3954} INFO - Setting next_dagrun for example_weekday_branch_operator to 2026-01-26 00:00:00+00:00, run_after=2026-01-27 00:00:00+00:00
[2026-01-27T23:47:40.141+0000] {processor.py:183} INFO - Processing /home/airflow/.local/lib/python3.12/site-packages/airflow/example_dags/example_branch_day_of_week_operator.py took 0.264 seconds
[2026-01-27T23:48:10.506+0000] {processor.py:161} INFO - Started process (PID=1286) to work on /home/airflow/.local/lib/python3.12/site-packages/airflow/example_dags/example_branch_day_of_week_operator.py
[2026-01-27T23:48:10.508+0000] {processor.py:830} INFO - Processing file /home/airflow/.local/lib/python3.12/site-packages/airflow/example_dags/example_branch_day_of_week_operator.py for tasks to queue
[2026-01-27T23:48:10.510+0000] {logging_mixin.py:188} INFO - [2026-01-27T23:48:10.509+0000] {dagbag.py:540} INFO - Filling up the DagBag from /home/airflow/.local/lib/python3.12/site-packages/airflow/example_dags/example_branch_day_of_week_operator.py
[2026-01-27T23:48:10.517+0000] {processor.py:840} INFO - DAG(s) 'example_weekday_branch_operator' retrieved from /home/airflow/.local/lib/python3.12/site-packages/airflow/example_dags/example_branch_day_of_week_operator.py
[2026-01-27T23:48:10.542+0000] {logging_mixin.py:188} INFO - [2026-01-27T23:48:10.541+0000] {dag.py:3096} INFO - Sync 1 DAGs
[2026-01-27T23:48:10.566+0000] {logging_mixin.py:188} INFO - [2026-01-27T23:48:10.566+0000] {dag.py:3954} INFO - Setting next_dagrun for example_weekday_branch_operator to 2026-01-26 00:00:00+00:00, run_after=2026-01-27 00:00:00+00:00
[2026-01-27T23:48:10.587+0000] {processor.py:183} INFO - Processing /home/airflow/.local/lib/python3.12/site-packages/airflow/example_dags/example_branch_day_of_week_operator.py took 0.089 seconds
[2026-01-27T23:48:40.788+0000] {processor.py:161} INFO - Started process (PID=1338) to work on /home/airflow/.local/lib/python3.12/site-packages/airflow/example_dags/example_branch_day_of_week_operator.py
[2026-01-27T23:48:40.789+0000] {processor.py:830} INFO - Processing file /home/airflow/.local/lib/python3.12/site-packages/airflow/example_dags/example_branch_day_of_week_operator.py for tasks to queue
[2026-01-27T23:48:40.792+0000] {logging_mixin.py:188} INFO - [2026-01-27T23:48:40.791+0000] {dagbag.py:540} INFO - Filling up the DagBag from /home/airflow/.local/lib/python3.12/site-packages/airflow/example_dags/example_branch_day_of_week_operator.py
[2026-01-27T23:48:40.799+0000] {processor.py:840} INFO - DAG(s) 'example_weekday_branch_operator' retrieved from /home/airflow/.local/lib/python3.12/site-packages/airflow/example_dags/example_branch_day_of_week_operator.py
[2026-01-27T23:48:40.830+0000] {logging_mixin.py:188} INFO - [2026-01-27T23:48:40.829+0000] {dag.py:3096} INFO - Sync 1 DAGs
[2026-01-27T23:48:40.851+0000] {logging_mixin.py:188} INFO - [2026-01-27T23:48:40.851+0000] {dag.py:3954} INFO - Setting next_dagrun for example_weekday_branch_operator to 2026-01-26 00:00:00+00:00, run_after=2026-01-27 00:00:00+00:00
[2026-01-27T23:48:40.873+0000] {processor.py:183} INFO - Processing /home/airflow/.local/lib/python3.12/site-packages/airflow/example_dags/example_branch_day_of_week_operator.py took 0.091 seconds
[2026-01-27T23:49:11.543+0000] {processor.py:161} INFO - Started process (PID=1390) to work on /home/airflow/.local/lib/python3.12/site-packages/airflow/example_dags/example_branch_day_of_week_operator.py
[2026-01-27T23:49:11.544+0000] {processor.py:830} INFO - Processing file /home/airflow/.local/lib/python3.12/site-packages/airflow/example_dags/example_branch_day_of_week_operator.py for tasks to queue
[2026-01-27T23:49:11.546+0000] {logging_mixin.py:188} INFO - [2026-01-27T23:49:11.546+0000] {dagbag.py:540} INFO - Filling up the DagBag from /home/airflow/.local/lib/python3.12/site-packages/airflow/example_dags/example_branch_day_of_week_operator.py
[2026-01-27T23:49:11.555+0000] {processor.py:840} INFO - DAG(s) 'example_weekday_branch_operator' retrieved from /home/airflow/.local/lib/python3.12/site-packages/airflow/example_dags/example_branch_day_of_week_operator.py
[2026-01-27T23:49:11.581+0000] {logging_mixin.py:188} INFO - [2026-01-27T23:49:11.581+0000] {dag.py:3096} INFO - Sync 1 DAGs
[2026-01-27T23:49:11.604+0000] {logging_mixin.py:188} INFO - [2026-01-27T23:49:11.604+0000] {dag.py:3954} INFO - Setting next_dagrun for example_weekday_branch_operator to 2026-01-26 00:00:00+00:00, run_after=2026-01-27 00:00:00+00:00
[2026-01-27T23:49:11.626+0000] {processor.py:183} INFO - Processing /home/airflow/.local/lib/python3.12/site-packages/airflow/example_dags/example_branch_day_of_week_operator.py took 0.089 seconds
[2026-01-27T23:49:41.881+0000] {processor.py:161} INFO - Started process (PID=1442) to work on /home/airflow/.local/lib/python3.12/site-packages/airflow/example_dags/example_branch_day_of_week_operator.py
[2026-01-27T23:49:41.882+0000] {processor.py:830} INFO - Processing file /home/airflow/.local/lib/python3.12/site-packages/airflow/example_dags/example_branch_day_of_week_operator.py for tasks to queue
[2026-01-27T23:49:41.884+0000] {logging_mixin.py:188} INFO - [2026-01-27T23:49:41.884+0000] {dagbag.py:540} INFO - Filling up the DagBag from /home/airflow/.local/lib/python3.12/site-packages/airflow/example_dags/example_branch_day_of_week_operator.py
[2026-01-27T23:49:41.891+0000] {processor.py:840} INFO - DAG(s) 'example_weekday_branch_operator' retrieved from /home/airflow/.local/lib/python3.12/site-packages/airflow/example_dags/example_branch_day_of_week_operator.py
[2026-01-27T23:49:41.910+0000] {logging_mixin.py:188} INFO - [2026-01-27T23:49:41.910+0000] {dag.py:3096} INFO - Sync 1 DAGs
[2026-01-27T23:49:41.931+0000] {logging_mixin.py:188} INFO - [2026-01-27T23:49:41.931+0000] {dag.py:3954} INFO - Setting next_dagrun for example_weekday_branch_operator to 2026-01-26 00:00:00+00:00, run_after=2026-01-27 00:00:00+00:00
[2026-01-27T23:49:41.961+0000] {processor.py:183} INFO - Processing /home/airflow/.local/lib/python3.12/site-packages/airflow/example_dags/example_branch_day_of_week_operator.py took 0.089 seconds
[2026-01-27T23:50:12.337+0000] {processor.py:161} INFO - Started process (PID=1494) to work on /home/airflow/.local/lib/python3.12/site-packages/airflow/example_dags/example_branch_day_of_week_operator.py
[2026-01-27T23:50:12.339+0000] {processor.py:830} INFO - Processing file /home/airflow/.local/lib/python3.12/site-packages/airflow/example_dags/example_branch_day_of_week_operator.py for tasks to queue
[2026-01-27T23:50:12.341+0000] {logging_mixin.py:188} INFO - [2026-01-27T23:50:12.341+0000] {dagbag.py:540} INFO - Filling up the DagBag from /home/airflow/.local/lib/python3.12/site-packages/airflow/example_dags/example_branch_day_of_week_operator.py
[2026-01-27T23:50:12.351+0000] {processor.py:840} INFO - DAG(s) 'example_weekday_branch_operator' retrieved from /home/airflow/.local/lib/python3.12/site-packages/airflow/example_dags/example_branch_day_of_week_operator.py
[2026-01-27T23:50:12.375+0000] {logging_mixin.py:188} INFO - [2026-01-27T23:50:12.375+0000] {dag.py:3096} INFO - Sync 1 DAGs
[2026-01-27T23:50:12.397+0000] {logging_mixin.py:188} INFO - [2026-01-27T23:50:12.397+0000] {dag.py:3954} INFO - Setting next_dagrun for example_weekday_branch_operator to 2026-01-26 00:00:00+00:00, run_after=2026-01-27 00:00:00+00:00
[2026-01-27T23:50:12.417+0000] {processor.py:183} INFO - Processing /home/airflow/.local/lib/python3.12/site-packages/airflow/example_dags/example_branch_day_of_week_operator.py took 0.087 seconds
[2026-01-27T23:50:42.673+0000] {processor.py:161} INFO - Started process (PID=1546) to work on /home/airflow/.local/lib/python3.12/site-packages/airflow/example_dags/example_branch_day_of_week_operator.py
[2026-01-27T23:50:42.674+0000] {processor.py:830} INFO - Processing file /home/airflow/.local/lib/python3.12/site-packages/airflow/example_dags/example_branch_day_of_week_operator.py for tasks to queue
[2026-01-27T23:50:42.676+0000] {logging_mixin.py:188} INFO - [2026-01-27T23:50:42.676+0000] {dagbag.py:540} INFO - Filling up the DagBag from /home/airflow/.local/lib/python3.12/site-packages/airflow/example_dags/example_branch_day_of_week_operator.py
[2026-01-27T23:50:42.683+0000] {processor.py:840} INFO - DAG(s) 'example_weekday_branch_operator' retrieved from /home/airflow/.local/lib/python3.12/site-packages/airflow/example_dags/example_branch_day_of_week_operator.py
[2026-01-27T23:50:42.705+0000] {logging_mixin.py:188} INFO - [2026-01-27T23:50:42.705+0000] {dag.py:3096} INFO - Sync 1 DAGs
[2026-01-27T23:50:42.726+0000] {logging_mixin.py:188} INFO - [2026-01-27T23:50:42.726+0000] {dag.py:3954} INFO - Setting next_dagrun for example_weekday_branch_operator to 2026-01-26 00:00:00+00:00, run_after=2026-01-27 00:00:00+00:00
[2026-01-27T23:50:42.758+0000] {processor.py:183} INFO - Processing /home/airflow/.local/lib/python3.12/site-packages/airflow/example_dags/example_branch_day_of_week_operator.py took 0.091 seconds
[2026-01-27T23:51:12.970+0000] {processor.py:161} INFO - Started process (PID=1596) to work on /home/airflow/.local/lib/python3.12/site-packages/airflow/example_dags/example_branch_day_of_week_operator.py
[2026-01-27T23:51:12.981+0000] {processor.py:830} INFO - Processing file /home/airflow/.local/lib/python3.12/site-packages/airflow/example_dags/example_branch_day_of_week_operator.py for tasks to queue
[2026-01-27T23:51:12.984+0000] {logging_mixin.py:188} INFO - [2026-01-27T23:51:12.983+0000] {dagbag.py:540} INFO - Filling up the DagBag from /home/airflow/.local/lib/python3.12/site-packages/airflow/example_dags/example_branch_day_of_week_operator.py
[2026-01-27T23:51:12.999+0000] {processor.py:840} INFO - DAG(s) 'example_weekday_branch_operator' retrieved from /home/airflow/.local/lib/python3.12/site-packages/airflow/example_dags/example_branch_day_of_week_operator.py
[2026-01-27T23:51:13.037+0000] {logging_mixin.py:188} INFO - [2026-01-27T23:51:13.036+0000] {dag.py:3096} INFO - Sync 1 DAGs
[2026-01-27T23:51:13.074+0000] {logging_mixin.py:188} INFO - [2026-01-27T23:51:13.074+0000] {dag.py:3954} INFO - Setting next_dagrun for example_weekday_branch_operator to 2026-01-26 00:00:00+00:00, run_after=2026-01-27 00:00:00+00:00
[2026-01-27T23:51:13.100+0000] {processor.py:183} INFO - Processing /home/airflow/.local/lib/python3.12/site-packages/airflow/example_dags/example_branch_day_of_week_operator.py took 0.147 seconds
[2026-01-27T23:51:43.394+0000] {processor.py:161} INFO - Started process (PID=1648) to work on /home/airflow/.local/lib/python3.12/site-packages/airflow/example_dags/example_branch_day_of_week_operator.py
[2026-01-27T23:51:43.395+0000] {processor.py:830} INFO - Processing file /home/airflow/.local/lib/python3.12/site-packages/airflow/example_dags/example_branch_day_of_week_operator.py for tasks to queue
[2026-01-27T23:51:43.397+0000] {logging_mixin.py:188} INFO - [2026-01-27T23:51:43.397+0000] {dagbag.py:540} INFO - Filling up the DagBag from /home/airflow/.local/lib/python3.12/site-packages/airflow/example_dags/example_branch_day_of_week_operator.py
[2026-01-27T23:51:43.405+0000] {processor.py:840} INFO - DAG(s) 'example_weekday_branch_operator' retrieved from /home/airflow/.local/lib/python3.12/site-packages/airflow/example_dags/example_branch_day_of_week_operator.py
[2026-01-27T23:51:43.424+0000] {logging_mixin.py:188} INFO - [2026-01-27T23:51:43.424+0000] {dag.py:3096} INFO - Sync 1 DAGs
[2026-01-27T23:51:43.444+0000] {logging_mixin.py:188} INFO - [2026-01-27T23:51:43.444+0000] {dag.py:3954} INFO - Setting next_dagrun for example_weekday_branch_operator to 2026-01-26 00:00:00+00:00, run_after=2026-01-27 00:00:00+00:00
[2026-01-27T23:51:43.467+0000] {processor.py:183} INFO - Processing /home/airflow/.local/lib/python3.12/site-packages/airflow/example_dags/example_branch_day_of_week_operator.py took 0.079 seconds
[2026-01-27T23:52:13.775+0000] {processor.py:161} INFO - Started process (PID=1700) to work on /home/airflow/.local/lib/python3.12/site-packages/airflow/example_dags/example_branch_day_of_week_operator.py
[2026-01-27T23:52:13.776+0000] {processor.py:830} INFO - Processing file /home/airflow/.local/lib/python3.12/site-packages/airflow/example_dags/example_branch_day_of_week_operator.py for tasks to queue
[2026-01-27T23:52:13.778+0000] {logging_mixin.py:188} INFO - [2026-01-27T23:52:13.778+0000] {dagbag.py:540} INFO - Filling up the DagBag from /home/airflow/.local/lib/python3.12/site-packages/airflow/example_dags/example_branch_day_of_week_operator.py
[2026-01-27T23:52:13.787+0000] {processor.py:840} INFO - DAG(s) 'example_weekday_branch_operator' retrieved from /home/airflow/.local/lib/python3.12/site-packages/airflow/example_dags/example_branch_day_of_week_operator.py
[2026-01-27T23:52:13.808+0000] {logging_mixin.py:188} INFO - [2026-01-27T23:52:13.808+0000] {dag.py:3096} INFO - Sync 1 DAGs
[2026-01-27T23:52:13.828+0000] {logging_mixin.py:188} INFO - [2026-01-27T23:52:13.828+0000] {dag.py:3954} INFO - Setting next_dagrun for example_weekday_branch_operator to 2026-01-26 00:00:00+00:00, run_after=2026-01-27 00:00:00+00:00
[2026-01-27T23:52:13.850+0000] {processor.py:183} INFO - Processing /home/airflow/.local/lib/python3.12/site-packages/airflow/example_dags/example_branch_day_of_week_operator.py took 0.081 seconds
[2026-01-27T23:52:43.936+0000] {processor.py:161} INFO - Started process (PID=1752) to work on /home/airflow/.local/lib/python3.12/site-packages/airflow/example_dags/example_branch_day_of_week_operator.py
[2026-01-27T23:52:43.937+0000] {processor.py:830} INFO - Processing file /home/airflow/.local/lib/python3.12/site-packages/airflow/example_dags/example_branch_day_of_week_operator.py for tasks to queue
[2026-01-27T23:52:43.939+0000] {logging_mixin.py:188} INFO - [2026-01-27T23:52:43.939+0000] {dagbag.py:540} INFO - Filling up the DagBag from /home/airflow/.local/lib/python3.12/site-packages/airflow/example_dags/example_branch_day_of_week_operator.py
[2026-01-27T23:52:43.950+0000] {processor.py:840} INFO - DAG(s) 'example_weekday_branch_operator' retrieved from /home/airflow/.local/lib/python3.12/site-packages/airflow/example_dags/example_branch_day_of_week_operator.py
[2026-01-27T23:52:43.976+0000] {logging_mixin.py:188} INFO - [2026-01-27T23:52:43.975+0000] {dag.py:3096} INFO - Sync 1 DAGs
[2026-01-27T23:52:43.999+0000] {logging_mixin.py:188} INFO - [2026-01-27T23:52:43.999+0000] {dag.py:3954} INFO - Setting next_dagrun for example_weekday_branch_operator to 2026-01-26 00:00:00+00:00, run_after=2026-01-27 00:00:00+00:00
[2026-01-27T23:52:44.023+0000] {processor.py:183} INFO - Processing /home/airflow/.local/lib/python3.12/site-packages/airflow/example_dags/example_branch_day_of_week_operator.py took 0.094 seconds
[2026-01-27T23:53:14.137+0000] {processor.py:161} INFO - Started process (PID=1804) to work on /home/airflow/.local/lib/python3.12/site-packages/airflow/example_dags/example_branch_day_of_week_operator.py
[2026-01-27T23:53:14.138+0000] {processor.py:830} INFO - Processing file /home/airflow/.local/lib/python3.12/site-packages/airflow/example_dags/example_branch_day_of_week_operator.py for tasks to queue
[2026-01-27T23:53:14.141+0000] {logging_mixin.py:188} INFO - [2026-01-27T23:53:14.140+0000] {dagbag.py:540} INFO - Filling up the DagBag from /home/airflow/.local/lib/python3.12/site-packages/airflow/example_dags/example_branch_day_of_week_operator.py
[2026-01-27T23:53:14.153+0000] {processor.py:840} INFO - DAG(s) 'example_weekday_branch_operator' retrieved from /home/airflow/.local/lib/python3.12/site-packages/airflow/example_dags/example_branch_day_of_week_operator.py
[2026-01-27T23:53:14.174+0000] {logging_mixin.py:188} INFO - [2026-01-27T23:53:14.174+0000] {dag.py:3096} INFO - Sync 1 DAGs
[2026-01-27T23:53:14.197+0000] {logging_mixin.py:188} INFO - [2026-01-27T23:53:14.197+0000] {dag.py:3954} INFO - Setting next_dagrun for example_weekday_branch_operator to 2026-01-26 00:00:00+00:00, run_after=2026-01-27 00:00:00+00:00
[2026-01-27T23:53:14.228+0000] {processor.py:183} INFO - Processing /home/airflow/.local/lib/python3.12/site-packages/airflow/example_dags/example_branch_day_of_week_operator.py took 0.103 seconds
[2026-01-27T23:53:44.417+0000] {processor.py:161} INFO - Started process (PID=1856) to work on /home/airflow/.local/lib/python3.12/site-packages/airflow/example_dags/example_branch_day_of_week_operator.py
[2026-01-27T23:53:44.418+0000] {processor.py:830} INFO - Processing file /home/airflow/.local/lib/python3.12/site-packages/airflow/example_dags/example_branch_day_of_week_operator.py for tasks to queue
[2026-01-27T23:53:44.420+0000] {logging_mixin.py:188} INFO - [2026-01-27T23:53:44.420+0000] {dagbag.py:540} INFO - Filling up the DagBag from /home/airflow/.local/lib/python3.12/site-packages/airflow/example_dags/example_branch_day_of_week_operator.py
[2026-01-27T23:53:44.427+0000] {processor.py:840} INFO - DAG(s) 'example_weekday_branch_operator' retrieved from /home/airflow/.local/lib/python3.12/site-packages/airflow/example_dags/example_branch_day_of_week_operator.py
[2026-01-27T23:53:44.447+0000] {logging_mixin.py:188} INFO - [2026-01-27T23:53:44.447+0000] {dag.py:3096} INFO - Sync 1 DAGs
[2026-01-27T23:53:44.469+0000] {logging_mixin.py:188} INFO - [2026-01-27T23:53:44.469+0000] {dag.py:3954} INFO - Setting next_dagrun for example_weekday_branch_operator to 2026-01-26 00:00:00+00:00, run_after=2026-01-27 00:00:00+00:00
[2026-01-27T23:53:44.498+0000] {processor.py:183} INFO - Processing /home/airflow/.local/lib/python3.12/site-packages/airflow/example_dags/example_branch_day_of_week_operator.py took 0.087 seconds
[2026-01-27T23:54:15.023+0000] {processor.py:161} INFO - Started process (PID=1908) to work on /home/airflow/.local/lib/python3.12/site-packages/airflow/example_dags/example_branch_day_of_week_operator.py
[2026-01-27T23:54:15.024+0000] {processor.py:830} INFO - Processing file /home/airflow/.local/lib/python3.12/site-packages/airflow/example_dags/example_branch_day_of_week_operator.py for tasks to queue
[2026-01-27T23:54:15.025+0000] {logging_mixin.py:188} INFO - [2026-01-27T23:54:15.025+0000] {dagbag.py:540} INFO - Filling up the DagBag from /home/airflow/.local/lib/python3.12/site-packages/airflow/example_dags/example_branch_day_of_week_operator.py
[2026-01-27T23:54:15.033+0000] {processor.py:840} INFO - DAG(s) 'example_weekday_branch_operator' retrieved from /home/airflow/.local/lib/python3.12/site-packages/airflow/example_dags/example_branch_day_of_week_operator.py
[2026-01-27T23:54:15.055+0000] {logging_mixin.py:188} INFO - [2026-01-27T23:54:15.055+0000] {dag.py:3096} INFO - Sync 1 DAGs
[2026-01-27T23:54:15.076+0000] {logging_mixin.py:188} INFO - [2026-01-27T23:54:15.075+0000] {dag.py:3954} INFO - Setting next_dagrun for example_weekday_branch_operator to 2026-01-26 00:00:00+00:00, run_after=2026-01-27 00:00:00+00:00
[2026-01-27T23:54:15.094+0000] {processor.py:183} INFO - Processing /home/airflow/.local/lib/python3.12/site-packages/airflow/example_dags/example_branch_day_of_week_operator.py took 0.077 seconds
[2026-01-27T23:54:46.041+0000] {processor.py:161} INFO - Started process (PID=1960) to work on /home/airflow/.local/lib/python3.12/site-packages/airflow/example_dags/example_branch_day_of_week_operator.py
[2026-01-27T23:54:46.043+0000] {processor.py:830} INFO - Processing file /home/airflow/.local/lib/python3.12/site-packages/airflow/example_dags/example_branch_day_of_week_operator.py for tasks to queue
[2026-01-27T23:54:46.044+0000] {logging_mixin.py:188} INFO - [2026-01-27T23:54:46.044+0000] {dagbag.py:540} INFO - Filling up the DagBag from /home/airflow/.local/lib/python3.12/site-packages/airflow/example_dags/example_branch_day_of_week_operator.py
[2026-01-27T23:54:46.053+0000] {processor.py:840} INFO - DAG(s) 'example_weekday_branch_operator' retrieved from /home/airflow/.local/lib/python3.12/site-packages/airflow/example_dags/example_branch_day_of_week_operator.py
[2026-01-27T23:54:46.073+0000] {logging_mixin.py:188} INFO - [2026-01-27T23:54:46.073+0000] {dag.py:3096} INFO - Sync 1 DAGs
[2026-01-27T23:54:46.096+0000] {logging_mixin.py:188} INFO - [2026-01-27T23:54:46.096+0000] {dag.py:3954} INFO - Setting next_dagrun for example_weekday_branch_operator to 2026-01-26 00:00:00+00:00, run_after=2026-01-27 00:00:00+00:00
[2026-01-27T23:54:46.118+0000] {processor.py:183} INFO - Processing /home/airflow/.local/lib/python3.12/site-packages/airflow/example_dags/example_branch_day_of_week_operator.py took 0.082 seconds
[2026-01-27T23:55:16.830+0000] {processor.py:161} INFO - Started process (PID=2012) to work on /home/airflow/.local/lib/python3.12/site-packages/airflow/example_dags/example_branch_day_of_week_operator.py
[2026-01-27T23:55:16.831+0000] {processor.py:830} INFO - Processing file /home/airflow/.local/lib/python3.12/site-packages/airflow/example_dags/example_branch_day_of_week_operator.py for tasks to queue
[2026-01-27T23:55:16.833+0000] {logging_mixin.py:188} INFO - [2026-01-27T23:55:16.833+0000] {dagbag.py:540} INFO - Filling up the DagBag from /home/airflow/.local/lib/python3.12/site-packages/airflow/example_dags/example_branch_day_of_week_operator.py
[2026-01-27T23:55:16.840+0000] {processor.py:840} INFO - DAG(s) 'example_weekday_branch_operator' retrieved from /home/airflow/.local/lib/python3.12/site-packages/airflow/example_dags/example_branch_day_of_week_operator.py
[2026-01-27T23:55:16.859+0000] {logging_mixin.py:188} INFO - [2026-01-27T23:55:16.859+0000] {dag.py:3096} INFO - Sync 1 DAGs
[2026-01-27T23:55:16.883+0000] {logging_mixin.py:188} INFO - [2026-01-27T23:55:16.882+0000] {dag.py:3954} INFO - Setting next_dagrun for example_weekday_branch_operator to 2026-01-26 00:00:00+00:00, run_after=2026-01-27 00:00:00+00:00
[2026-01-27T23:55:16.903+0000] {processor.py:183} INFO - Processing /home/airflow/.local/lib/python3.12/site-packages/airflow/example_dags/example_branch_day_of_week_operator.py took 0.078 seconds
[2026-01-27T23:55:47.777+0000] {processor.py:161} INFO - Started process (PID=2064) to work on /home/airflow/.local/lib/python3.12/site-packages/airflow/example_dags/example_branch_day_of_week_operator.py
[2026-01-27T23:55:47.778+0000] {processor.py:830} INFO - Processing file /home/airflow/.local/lib/python3.12/site-packages/airflow/example_dags/example_branch_day_of_week_operator.py for tasks to queue
[2026-01-27T23:55:47.781+0000] {logging_mixin.py:188} INFO - [2026-01-27T23:55:47.781+0000] {dagbag.py:540} INFO - Filling up the DagBag from /home/airflow/.local/lib/python3.12/site-packages/airflow/example_dags/example_branch_day_of_week_operator.py
[2026-01-27T23:55:47.789+0000] {processor.py:840} INFO - DAG(s) 'example_weekday_branch_operator' retrieved from /home/airflow/.local/lib/python3.12/site-packages/airflow/example_dags/example_branch_day_of_week_operator.py
[2026-01-27T23:55:47.808+0000] {logging_mixin.py:188} INFO - [2026-01-27T23:55:47.808+0000] {dag.py:3096} INFO - Sync 1 DAGs
[2026-01-27T23:55:47.832+0000] {logging_mixin.py:188} INFO - [2026-01-27T23:55:47.832+0000] {dag.py:3954} INFO - Setting next_dagrun for example_weekday_branch_operator to 2026-01-26 00:00:00+00:00, run_after=2026-01-27 00:00:00+00:00
[2026-01-27T23:55:47.863+0000] {processor.py:183} INFO - Processing /home/airflow/.local/lib/python3.12/site-packages/airflow/example_dags/example_branch_day_of_week_operator.py took 0.091 seconds
[2026-01-27T23:56:18.143+0000] {processor.py:161} INFO - Started process (PID=2116) to work on /home/airflow/.local/lib/python3.12/site-packages/airflow/example_dags/example_branch_day_of_week_operator.py
[2026-01-27T23:56:18.145+0000] {processor.py:830} INFO - Processing file /home/airflow/.local/lib/python3.12/site-packages/airflow/example_dags/example_branch_day_of_week_operator.py for tasks to queue
[2026-01-27T23:56:18.146+0000] {logging_mixin.py:188} INFO - [2026-01-27T23:56:18.146+0000] {dagbag.py:540} INFO - Filling up the DagBag from /home/airflow/.local/lib/python3.12/site-packages/airflow/example_dags/example_branch_day_of_week_operator.py
[2026-01-27T23:56:18.154+0000] {processor.py:840} INFO - DAG(s) 'example_weekday_branch_operator' retrieved from /home/airflow/.local/lib/python3.12/site-packages/airflow/example_dags/example_branch_day_of_week_operator.py
[2026-01-27T23:56:18.176+0000] {logging_mixin.py:188} INFO - [2026-01-27T23:56:18.175+0000] {dag.py:3096} INFO - Sync 1 DAGs
[2026-01-27T23:56:18.199+0000] {logging_mixin.py:188} INFO - [2026-01-27T23:56:18.199+0000] {dag.py:3954} INFO - Setting next_dagrun for example_weekday_branch_operator to 2026-01-26 00:00:00+00:00, run_after=2026-01-27 00:00:00+00:00
[2026-01-27T23:56:18.222+0000] {processor.py:183} INFO - Processing /home/airflow/.local/lib/python3.12/site-packages/airflow/example_dags/example_branch_day_of_week_operator.py took 0.084 seconds
[2026-01-27T23:56:48.508+0000] {processor.py:161} INFO - Started process (PID=2168) to work on /home/airflow/.local/lib/python3.12/site-packages/airflow/example_dags/example_branch_day_of_week_operator.py
[2026-01-27T23:56:48.509+0000] {processor.py:830} INFO - Processing file /home/airflow/.local/lib/python3.12/site-packages/airflow/example_dags/example_branch_day_of_week_operator.py for tasks to queue
[2026-01-27T23:56:48.511+0000] {logging_mixin.py:188} INFO - [2026-01-27T23:56:48.510+0000] {dagbag.py:540} INFO - Filling up the DagBag from /home/airflow/.local/lib/python3.12/site-packages/airflow/example_dags/example_branch_day_of_week_operator.py
[2026-01-27T23:56:48.525+0000] {processor.py:840} INFO - DAG(s) 'example_weekday_branch_operator' retrieved from /home/airflow/.local/lib/python3.12/site-packages/airflow/example_dags/example_branch_day_of_week_operator.py
[2026-01-27T23:56:48.546+0000] {logging_mixin.py:188} INFO - [2026-01-27T23:56:48.546+0000] {dag.py:3096} INFO - Sync 1 DAGs
[2026-01-27T23:56:48.567+0000] {logging_mixin.py:188} INFO - [2026-01-27T23:56:48.567+0000] {dag.py:3954} INFO - Setting next_dagrun for example_weekday_branch_operator to 2026-01-26 00:00:00+00:00, run_after=2026-01-27 00:00:00+00:00
[2026-01-27T23:56:48.588+0000] {processor.py:183} INFO - Processing /home/airflow/.local/lib/python3.12/site-packages/airflow/example_dags/example_branch_day_of_week_operator.py took 0.086 seconds
[2026-01-27T23:57:19.300+0000] {processor.py:161} INFO - Started process (PID=2220) to work on /home/airflow/.local/lib/python3.12/site-packages/airflow/example_dags/example_branch_day_of_week_operator.py
[2026-01-27T23:57:19.301+0000] {processor.py:830} INFO - Processing file /home/airflow/.local/lib/python3.12/site-packages/airflow/example_dags/example_branch_day_of_week_operator.py for tasks to queue
[2026-01-27T23:57:19.303+0000] {logging_mixin.py:188} INFO - [2026-01-27T23:57:19.303+0000] {dagbag.py:540} INFO - Filling up the DagBag from /home/airflow/.local/lib/python3.12/site-packages/airflow/example_dags/example_branch_day_of_week_operator.py
[2026-01-27T23:57:19.311+0000] {processor.py:840} INFO - DAG(s) 'example_weekday_branch_operator' retrieved from /home/airflow/.local/lib/python3.12/site-packages/airflow/example_dags/example_branch_day_of_week_operator.py
[2026-01-27T23:57:19.330+0000] {logging_mixin.py:188} INFO - [2026-01-27T23:57:19.330+0000] {dag.py:3096} INFO - Sync 1 DAGs
[2026-01-27T23:57:19.349+0000] {logging_mixin.py:188} INFO - [2026-01-27T23:57:19.349+0000] {dag.py:3954} INFO - Setting next_dagrun for example_weekday_branch_operator to 2026-01-26 00:00:00+00:00, run_after=2026-01-27 00:00:00+00:00
[2026-01-27T23:57:19.370+0000] {processor.py:183} INFO - Processing /home/airflow/.local/lib/python3.12/site-packages/airflow/example_dags/example_branch_day_of_week_operator.py took 0.076 seconds
[2026-01-27T23:57:50.254+0000] {processor.py:161} INFO - Started process (PID=2272) to work on /home/airflow/.local/lib/python3.12/site-packages/airflow/example_dags/example_branch_day_of_week_operator.py
[2026-01-27T23:57:50.256+0000] {processor.py:830} INFO - Processing file /home/airflow/.local/lib/python3.12/site-packages/airflow/example_dags/example_branch_day_of_week_operator.py for tasks to queue
[2026-01-27T23:57:50.258+0000] {logging_mixin.py:188} INFO - [2026-01-27T23:57:50.257+0000] {dagbag.py:540} INFO - Filling up the DagBag from /home/airflow/.local/lib/python3.12/site-packages/airflow/example_dags/example_branch_day_of_week_operator.py
[2026-01-27T23:57:50.267+0000] {processor.py:840} INFO - DAG(s) 'example_weekday_branch_operator' retrieved from /home/airflow/.local/lib/python3.12/site-packages/airflow/example_dags/example_branch_day_of_week_operator.py
[2026-01-27T23:57:50.295+0000] {logging_mixin.py:188} INFO - [2026-01-27T23:57:50.295+0000] {dag.py:3096} INFO - Sync 1 DAGs
[2026-01-27T23:57:50.315+0000] {logging_mixin.py:188} INFO - [2026-01-27T23:57:50.315+0000] {dag.py:3954} INFO - Setting next_dagrun for example_weekday_branch_operator to 2026-01-26 00:00:00+00:00, run_after=2026-01-27 00:00:00+00:00
[2026-01-27T23:57:50.345+0000] {processor.py:183} INFO - Processing /home/airflow/.local/lib/python3.12/site-packages/airflow/example_dags/example_branch_day_of_week_operator.py took 0.098 seconds
[2026-01-27T23:58:20.425+0000] {processor.py:161} INFO - Started process (PID=2324) to work on /home/airflow/.local/lib/python3.12/site-packages/airflow/example_dags/example_branch_day_of_week_operator.py
[2026-01-27T23:58:20.426+0000] {processor.py:830} INFO - Processing file /home/airflow/.local/lib/python3.12/site-packages/airflow/example_dags/example_branch_day_of_week_operator.py for tasks to queue
[2026-01-27T23:58:20.428+0000] {logging_mixin.py:188} INFO - [2026-01-27T23:58:20.428+0000] {dagbag.py:540} INFO - Filling up the DagBag from /home/airflow/.local/lib/python3.12/site-packages/airflow/example_dags/example_branch_day_of_week_operator.py
[2026-01-27T23:58:20.435+0000] {processor.py:840} INFO - DAG(s) 'example_weekday_branch_operator' retrieved from /home/airflow/.local/lib/python3.12/site-packages/airflow/example_dags/example_branch_day_of_week_operator.py
[2026-01-27T23:58:20.456+0000] {logging_mixin.py:188} INFO - [2026-01-27T23:58:20.456+0000] {dag.py:3096} INFO - Sync 1 DAGs
[2026-01-27T23:58:20.478+0000] {logging_mixin.py:188} INFO - [2026-01-27T23:58:20.478+0000] {dag.py:3954} INFO - Setting next_dagrun for example_weekday_branch_operator to 2026-01-26 00:00:00+00:00, run_after=2026-01-27 00:00:00+00:00
[2026-01-27T23:58:20.496+0000] {processor.py:183} INFO - Processing /home/airflow/.local/lib/python3.12/site-packages/airflow/example_dags/example_branch_day_of_week_operator.py took 0.077 seconds
[2026-01-27T23:58:51.197+0000] {processor.py:161} INFO - Started process (PID=2376) to work on /home/airflow/.local/lib/python3.12/site-packages/airflow/example_dags/example_branch_day_of_week_operator.py
[2026-01-27T23:58:51.198+0000] {processor.py:830} INFO - Processing file /home/airflow/.local/lib/python3.12/site-packages/airflow/example_dags/example_branch_day_of_week_operator.py for tasks to queue
[2026-01-27T23:58:51.200+0000] {logging_mixin.py:188} INFO - [2026-01-27T23:58:51.200+0000] {dagbag.py:540} INFO - Filling up the DagBag from /home/airflow/.local/lib/python3.12/site-packages/airflow/example_dags/example_branch_day_of_week_operator.py
[2026-01-27T23:58:51.208+0000] {processor.py:840} INFO - DAG(s) 'example_weekday_branch_operator' retrieved from /home/airflow/.local/lib/python3.12/site-packages/airflow/example_dags/example_branch_day_of_week_operator.py
[2026-01-27T23:58:51.227+0000] {logging_mixin.py:188} INFO - [2026-01-27T23:58:51.227+0000] {dag.py:3096} INFO - Sync 1 DAGs
[2026-01-27T23:58:51.246+0000] {logging_mixin.py:188} INFO - [2026-01-27T23:58:51.246+0000] {dag.py:3954} INFO - Setting next_dagrun for example_weekday_branch_operator to 2026-01-26 00:00:00+00:00, run_after=2026-01-27 00:00:00+00:00
[2026-01-27T23:58:51.277+0000] {processor.py:183} INFO - Processing /home/airflow/.local/lib/python3.12/site-packages/airflow/example_dags/example_branch_day_of_week_operator.py took 0.085 seconds
[2026-01-27T23:59:21.903+0000] {processor.py:161} INFO - Started process (PID=2428) to work on /home/airflow/.local/lib/python3.12/site-packages/airflow/example_dags/example_branch_day_of_week_operator.py
[2026-01-27T23:59:21.904+0000] {processor.py:830} INFO - Processing file /home/airflow/.local/lib/python3.12/site-packages/airflow/example_dags/example_branch_day_of_week_operator.py for tasks to queue
[2026-01-27T23:59:21.906+0000] {logging_mixin.py:188} INFO - [2026-01-27T23:59:21.905+0000] {dagbag.py:540} INFO - Filling up the DagBag from /home/airflow/.local/lib/python3.12/site-packages/airflow/example_dags/example_branch_day_of_week_operator.py
[2026-01-27T23:59:21.913+0000] {processor.py:840} INFO - DAG(s) 'example_weekday_branch_operator' retrieved from /home/airflow/.local/lib/python3.12/site-packages/airflow/example_dags/example_branch_day_of_week_operator.py
[2026-01-27T23:59:21.932+0000] {logging_mixin.py:188} INFO - [2026-01-27T23:59:21.932+0000] {dag.py:3096} INFO - Sync 1 DAGs
[2026-01-27T23:59:21.952+0000] {logging_mixin.py:188} INFO - [2026-01-27T23:59:21.952+0000] {dag.py:3954} INFO - Setting next_dagrun for example_weekday_branch_operator to 2026-01-26 00:00:00+00:00, run_after=2026-01-27 00:00:00+00:00
[2026-01-27T23:59:21.972+0000] {processor.py:183} INFO - Processing /home/airflow/.local/lib/python3.12/site-packages/airflow/example_dags/example_branch_day_of_week_operator.py took 0.075 seconds
[2026-01-27T23:59:52.414+0000] {processor.py:161} INFO - Started process (PID=2480) to work on /home/airflow/.local/lib/python3.12/site-packages/airflow/example_dags/example_branch_day_of_week_operator.py
[2026-01-27T23:59:52.415+0000] {processor.py:830} INFO - Processing file /home/airflow/.local/lib/python3.12/site-packages/airflow/example_dags/example_branch_day_of_week_operator.py for tasks to queue
[2026-01-27T23:59:52.417+0000] {logging_mixin.py:188} INFO - [2026-01-27T23:59:52.417+0000] {dagbag.py:540} INFO - Filling up the DagBag from /home/airflow/.local/lib/python3.12/site-packages/airflow/example_dags/example_branch_day_of_week_operator.py
[2026-01-27T23:59:52.425+0000] {processor.py:840} INFO - DAG(s) 'example_weekday_branch_operator' retrieved from /home/airflow/.local/lib/python3.12/site-packages/airflow/example_dags/example_branch_day_of_week_operator.py
[2026-01-27T23:59:52.446+0000] {logging_mixin.py:188} INFO - [2026-01-27T23:59:52.446+0000] {dag.py:3096} INFO - Sync 1 DAGs
[2026-01-27T23:59:52.472+0000] {logging_mixin.py:188} INFO - [2026-01-27T23:59:52.471+0000] {dag.py:3954} INFO - Setting next_dagrun for example_weekday_branch_operator to 2026-01-26 00:00:00+00:00, run_after=2026-01-27 00:00:00+00:00
[2026-01-27T23:59:52.501+0000] {processor.py:183} INFO - Processing /home/airflow/.local/lib/python3.12/site-packages/airflow/example_dags/example_branch_day_of_week_operator.py took 0.093 seconds
