[2026-01-27T23:36:07.544+0000] {processor.py:161} INFO - Started process (PID=61) to work on /home/airflow/.local/lib/python3.12/site-packages/airflow/example_dags/example_sensor_decorator.py
[2026-01-27T23:36:07.546+0000] {processor.py:830} INFO - Processing file /home/airflow/.local/lib/python3.12/site-packages/airflow/example_dags/example_sensor_decorator.py for tasks to queue
[2026-01-27T23:36:07.553+0000] {logging_mixin.py:188} INFO - [2026-01-27T23:36:07.552+0000] {dagbag.py:540} INFO - Filling up the DagBag from /home/airflow/.local/lib/python3.12/site-packages/airflow/example_dags/example_sensor_decorator.py
[2026-01-27T23:36:07.577+0000] {processor.py:840} INFO - DAG(s) 'example_sensor_decorator' retrieved from /home/airflow/.local/lib/python3.12/site-packages/airflow/example_dags/example_sensor_decorator.py
[2026-01-27T23:36:07.906+0000] {logging_mixin.py:188} INFO - [2026-01-27T23:36:07.905+0000] {dag.py:3096} INFO - Sync 1 DAGs
[2026-01-27T23:36:07.953+0000] {logging_mixin.py:188} INFO - [2026-01-27T23:36:07.952+0000] {dag.py:3954} INFO - Setting next_dagrun for example_sensor_decorator to None, run_after=None
[2026-01-27T23:36:08.015+0000] {processor.py:183} INFO - Processing /home/airflow/.local/lib/python3.12/site-packages/airflow/example_dags/example_sensor_decorator.py took 0.488 seconds
[2026-01-27T23:36:38.556+0000] {processor.py:161} INFO - Started process (PID=113) to work on /home/airflow/.local/lib/python3.12/site-packages/airflow/example_dags/example_sensor_decorator.py
[2026-01-27T23:36:38.558+0000] {processor.py:830} INFO - Processing file /home/airflow/.local/lib/python3.12/site-packages/airflow/example_dags/example_sensor_decorator.py for tasks to queue
[2026-01-27T23:36:38.561+0000] {logging_mixin.py:188} INFO - [2026-01-27T23:36:38.560+0000] {dagbag.py:540} INFO - Filling up the DagBag from /home/airflow/.local/lib/python3.12/site-packages/airflow/example_dags/example_sensor_decorator.py
[2026-01-27T23:36:38.570+0000] {processor.py:840} INFO - DAG(s) 'example_sensor_decorator' retrieved from /home/airflow/.local/lib/python3.12/site-packages/airflow/example_dags/example_sensor_decorator.py
[2026-01-27T23:36:38.595+0000] {logging_mixin.py:188} INFO - [2026-01-27T23:36:38.595+0000] {dag.py:3096} INFO - Sync 1 DAGs
[2026-01-27T23:36:38.610+0000] {logging_mixin.py:188} INFO - [2026-01-27T23:36:38.610+0000] {dag.py:3954} INFO - Setting next_dagrun for example_sensor_decorator to None, run_after=None
[2026-01-27T23:36:38.635+0000] {processor.py:183} INFO - Processing /home/airflow/.local/lib/python3.12/site-packages/airflow/example_dags/example_sensor_decorator.py took 0.085 seconds
[2026-01-27T23:37:08.695+0000] {processor.py:161} INFO - Started process (PID=165) to work on /home/airflow/.local/lib/python3.12/site-packages/airflow/example_dags/example_sensor_decorator.py
[2026-01-27T23:37:08.696+0000] {processor.py:830} INFO - Processing file /home/airflow/.local/lib/python3.12/site-packages/airflow/example_dags/example_sensor_decorator.py for tasks to queue
[2026-01-27T23:37:08.698+0000] {logging_mixin.py:188} INFO - [2026-01-27T23:37:08.698+0000] {dagbag.py:540} INFO - Filling up the DagBag from /home/airflow/.local/lib/python3.12/site-packages/airflow/example_dags/example_sensor_decorator.py
[2026-01-27T23:37:08.704+0000] {processor.py:840} INFO - DAG(s) 'example_sensor_decorator' retrieved from /home/airflow/.local/lib/python3.12/site-packages/airflow/example_dags/example_sensor_decorator.py
[2026-01-27T23:37:08.725+0000] {logging_mixin.py:188} INFO - [2026-01-27T23:37:08.725+0000] {dag.py:3096} INFO - Sync 1 DAGs
[2026-01-27T23:37:08.736+0000] {logging_mixin.py:188} INFO - [2026-01-27T23:37:08.736+0000] {dag.py:3954} INFO - Setting next_dagrun for example_sensor_decorator to None, run_after=None
[2026-01-27T23:37:08.755+0000] {processor.py:183} INFO - Processing /home/airflow/.local/lib/python3.12/site-packages/airflow/example_dags/example_sensor_decorator.py took 0.066 seconds
[2026-01-27T23:37:39.277+0000] {processor.py:161} INFO - Started process (PID=217) to work on /home/airflow/.local/lib/python3.12/site-packages/airflow/example_dags/example_sensor_decorator.py
[2026-01-27T23:37:39.279+0000] {processor.py:830} INFO - Processing file /home/airflow/.local/lib/python3.12/site-packages/airflow/example_dags/example_sensor_decorator.py for tasks to queue
[2026-01-27T23:37:39.281+0000] {logging_mixin.py:188} INFO - [2026-01-27T23:37:39.280+0000] {dagbag.py:540} INFO - Filling up the DagBag from /home/airflow/.local/lib/python3.12/site-packages/airflow/example_dags/example_sensor_decorator.py
[2026-01-27T23:37:39.287+0000] {processor.py:840} INFO - DAG(s) 'example_sensor_decorator' retrieved from /home/airflow/.local/lib/python3.12/site-packages/airflow/example_dags/example_sensor_decorator.py
[2026-01-27T23:37:39.308+0000] {logging_mixin.py:188} INFO - [2026-01-27T23:37:39.308+0000] {dag.py:3096} INFO - Sync 1 DAGs
[2026-01-27T23:37:39.321+0000] {logging_mixin.py:188} INFO - [2026-01-27T23:37:39.321+0000] {dag.py:3954} INFO - Setting next_dagrun for example_sensor_decorator to None, run_after=None
[2026-01-27T23:37:39.344+0000] {processor.py:183} INFO - Processing /home/airflow/.local/lib/python3.12/site-packages/airflow/example_dags/example_sensor_decorator.py took 0.072 seconds
[2026-01-27T23:38:09.738+0000] {processor.py:161} INFO - Started process (PID=269) to work on /home/airflow/.local/lib/python3.12/site-packages/airflow/example_dags/example_sensor_decorator.py
[2026-01-27T23:38:09.738+0000] {processor.py:830} INFO - Processing file /home/airflow/.local/lib/python3.12/site-packages/airflow/example_dags/example_sensor_decorator.py for tasks to queue
[2026-01-27T23:38:09.740+0000] {logging_mixin.py:188} INFO - [2026-01-27T23:38:09.740+0000] {dagbag.py:540} INFO - Filling up the DagBag from /home/airflow/.local/lib/python3.12/site-packages/airflow/example_dags/example_sensor_decorator.py
[2026-01-27T23:38:09.746+0000] {processor.py:840} INFO - DAG(s) 'example_sensor_decorator' retrieved from /home/airflow/.local/lib/python3.12/site-packages/airflow/example_dags/example_sensor_decorator.py
[2026-01-27T23:38:09.767+0000] {logging_mixin.py:188} INFO - [2026-01-27T23:38:09.767+0000] {dag.py:3096} INFO - Sync 1 DAGs
[2026-01-27T23:38:09.784+0000] {logging_mixin.py:188} INFO - [2026-01-27T23:38:09.784+0000] {dag.py:3954} INFO - Setting next_dagrun for example_sensor_decorator to None, run_after=None
[2026-01-27T23:38:09.805+0000] {processor.py:183} INFO - Processing /home/airflow/.local/lib/python3.12/site-packages/airflow/example_dags/example_sensor_decorator.py took 0.073 seconds
[2026-01-27T23:38:39.982+0000] {processor.py:161} INFO - Started process (PID=321) to work on /home/airflow/.local/lib/python3.12/site-packages/airflow/example_dags/example_sensor_decorator.py
[2026-01-27T23:38:39.983+0000] {processor.py:830} INFO - Processing file /home/airflow/.local/lib/python3.12/site-packages/airflow/example_dags/example_sensor_decorator.py for tasks to queue
[2026-01-27T23:38:39.985+0000] {logging_mixin.py:188} INFO - [2026-01-27T23:38:39.985+0000] {dagbag.py:540} INFO - Filling up the DagBag from /home/airflow/.local/lib/python3.12/site-packages/airflow/example_dags/example_sensor_decorator.py
[2026-01-27T23:38:39.991+0000] {processor.py:840} INFO - DAG(s) 'example_sensor_decorator' retrieved from /home/airflow/.local/lib/python3.12/site-packages/airflow/example_dags/example_sensor_decorator.py
[2026-01-27T23:38:40.011+0000] {logging_mixin.py:188} INFO - [2026-01-27T23:38:40.011+0000] {dag.py:3096} INFO - Sync 1 DAGs
[2026-01-27T23:38:40.025+0000] {logging_mixin.py:188} INFO - [2026-01-27T23:38:40.024+0000] {dag.py:3954} INFO - Setting next_dagrun for example_sensor_decorator to None, run_after=None
[2026-01-27T23:38:40.053+0000] {processor.py:183} INFO - Processing /home/airflow/.local/lib/python3.12/site-packages/airflow/example_dags/example_sensor_decorator.py took 0.076 seconds
[2026-01-27T23:39:10.458+0000] {processor.py:161} INFO - Started process (PID=373) to work on /home/airflow/.local/lib/python3.12/site-packages/airflow/example_dags/example_sensor_decorator.py
[2026-01-27T23:39:10.460+0000] {processor.py:830} INFO - Processing file /home/airflow/.local/lib/python3.12/site-packages/airflow/example_dags/example_sensor_decorator.py for tasks to queue
[2026-01-27T23:39:10.463+0000] {logging_mixin.py:188} INFO - [2026-01-27T23:39:10.463+0000] {dagbag.py:540} INFO - Filling up the DagBag from /home/airflow/.local/lib/python3.12/site-packages/airflow/example_dags/example_sensor_decorator.py
[2026-01-27T23:39:10.474+0000] {processor.py:840} INFO - DAG(s) 'example_sensor_decorator' retrieved from /home/airflow/.local/lib/python3.12/site-packages/airflow/example_dags/example_sensor_decorator.py
[2026-01-27T23:39:10.509+0000] {logging_mixin.py:188} INFO - [2026-01-27T23:39:10.509+0000] {dag.py:3096} INFO - Sync 1 DAGs
[2026-01-27T23:39:10.529+0000] {logging_mixin.py:188} INFO - [2026-01-27T23:39:10.528+0000] {dag.py:3954} INFO - Setting next_dagrun for example_sensor_decorator to None, run_after=None
[2026-01-27T23:39:10.561+0000] {processor.py:183} INFO - Processing /home/airflow/.local/lib/python3.12/site-packages/airflow/example_dags/example_sensor_decorator.py took 0.114 seconds
[2026-01-27T23:39:41.277+0000] {processor.py:161} INFO - Started process (PID=425) to work on /home/airflow/.local/lib/python3.12/site-packages/airflow/example_dags/example_sensor_decorator.py
[2026-01-27T23:39:41.278+0000] {processor.py:830} INFO - Processing file /home/airflow/.local/lib/python3.12/site-packages/airflow/example_dags/example_sensor_decorator.py for tasks to queue
[2026-01-27T23:39:41.281+0000] {logging_mixin.py:188} INFO - [2026-01-27T23:39:41.280+0000] {dagbag.py:540} INFO - Filling up the DagBag from /home/airflow/.local/lib/python3.12/site-packages/airflow/example_dags/example_sensor_decorator.py
[2026-01-27T23:39:41.291+0000] {processor.py:840} INFO - DAG(s) 'example_sensor_decorator' retrieved from /home/airflow/.local/lib/python3.12/site-packages/airflow/example_dags/example_sensor_decorator.py
[2026-01-27T23:39:41.319+0000] {logging_mixin.py:188} INFO - [2026-01-27T23:39:41.319+0000] {dag.py:3096} INFO - Sync 1 DAGs
[2026-01-27T23:39:41.340+0000] {logging_mixin.py:188} INFO - [2026-01-27T23:39:41.339+0000] {dag.py:3954} INFO - Setting next_dagrun for example_sensor_decorator to None, run_after=None
[2026-01-27T23:39:41.378+0000] {processor.py:183} INFO - Processing /home/airflow/.local/lib/python3.12/site-packages/airflow/example_dags/example_sensor_decorator.py took 0.110 seconds
[2026-01-27T23:40:11.825+0000] {processor.py:161} INFO - Started process (PID=477) to work on /home/airflow/.local/lib/python3.12/site-packages/airflow/example_dags/example_sensor_decorator.py
[2026-01-27T23:40:11.827+0000] {processor.py:830} INFO - Processing file /home/airflow/.local/lib/python3.12/site-packages/airflow/example_dags/example_sensor_decorator.py for tasks to queue
[2026-01-27T23:40:11.831+0000] {logging_mixin.py:188} INFO - [2026-01-27T23:40:11.830+0000] {dagbag.py:540} INFO - Filling up the DagBag from /home/airflow/.local/lib/python3.12/site-packages/airflow/example_dags/example_sensor_decorator.py
[2026-01-27T23:40:11.848+0000] {processor.py:840} INFO - DAG(s) 'example_sensor_decorator' retrieved from /home/airflow/.local/lib/python3.12/site-packages/airflow/example_dags/example_sensor_decorator.py
[2026-01-27T23:40:11.898+0000] {logging_mixin.py:188} INFO - [2026-01-27T23:40:11.898+0000] {dag.py:3096} INFO - Sync 1 DAGs
[2026-01-27T23:40:11.930+0000] {logging_mixin.py:188} INFO - [2026-01-27T23:40:11.930+0000] {dag.py:3954} INFO - Setting next_dagrun for example_sensor_decorator to None, run_after=None
[2026-01-27T23:40:11.970+0000] {processor.py:183} INFO - Processing /home/airflow/.local/lib/python3.12/site-packages/airflow/example_dags/example_sensor_decorator.py took 0.157 seconds
[2026-01-27T23:40:42.040+0000] {processor.py:161} INFO - Started process (PID=529) to work on /home/airflow/.local/lib/python3.12/site-packages/airflow/example_dags/example_sensor_decorator.py
[2026-01-27T23:40:42.041+0000] {processor.py:830} INFO - Processing file /home/airflow/.local/lib/python3.12/site-packages/airflow/example_dags/example_sensor_decorator.py for tasks to queue
[2026-01-27T23:40:42.045+0000] {logging_mixin.py:188} INFO - [2026-01-27T23:40:42.044+0000] {dagbag.py:540} INFO - Filling up the DagBag from /home/airflow/.local/lib/python3.12/site-packages/airflow/example_dags/example_sensor_decorator.py
[2026-01-27T23:40:42.052+0000] {processor.py:840} INFO - DAG(s) 'example_sensor_decorator' retrieved from /home/airflow/.local/lib/python3.12/site-packages/airflow/example_dags/example_sensor_decorator.py
[2026-01-27T23:40:42.078+0000] {logging_mixin.py:188} INFO - [2026-01-27T23:40:42.077+0000] {dag.py:3096} INFO - Sync 1 DAGs
[2026-01-27T23:40:42.090+0000] {logging_mixin.py:188} INFO - [2026-01-27T23:40:42.090+0000] {dag.py:3954} INFO - Setting next_dagrun for example_sensor_decorator to None, run_after=None
[2026-01-27T23:40:42.113+0000] {processor.py:183} INFO - Processing /home/airflow/.local/lib/python3.12/site-packages/airflow/example_dags/example_sensor_decorator.py took 0.080 seconds
[2026-01-27T23:41:12.886+0000] {processor.py:161} INFO - Started process (PID=581) to work on /home/airflow/.local/lib/python3.12/site-packages/airflow/example_dags/example_sensor_decorator.py
[2026-01-27T23:41:12.888+0000] {processor.py:830} INFO - Processing file /home/airflow/.local/lib/python3.12/site-packages/airflow/example_dags/example_sensor_decorator.py for tasks to queue
[2026-01-27T23:41:12.892+0000] {logging_mixin.py:188} INFO - [2026-01-27T23:41:12.891+0000] {dagbag.py:540} INFO - Filling up the DagBag from /home/airflow/.local/lib/python3.12/site-packages/airflow/example_dags/example_sensor_decorator.py
[2026-01-27T23:41:12.902+0000] {processor.py:840} INFO - DAG(s) 'example_sensor_decorator' retrieved from /home/airflow/.local/lib/python3.12/site-packages/airflow/example_dags/example_sensor_decorator.py
[2026-01-27T23:41:12.933+0000] {logging_mixin.py:188} INFO - [2026-01-27T23:41:12.933+0000] {dag.py:3096} INFO - Sync 1 DAGs
[2026-01-27T23:41:12.955+0000] {logging_mixin.py:188} INFO - [2026-01-27T23:41:12.954+0000] {dag.py:3954} INFO - Setting next_dagrun for example_sensor_decorator to None, run_after=None
[2026-01-27T23:41:12.986+0000] {processor.py:183} INFO - Processing /home/airflow/.local/lib/python3.12/site-packages/airflow/example_dags/example_sensor_decorator.py took 0.111 seconds
[2026-01-27T23:41:43.228+0000] {processor.py:161} INFO - Started process (PID=632) to work on /home/airflow/.local/lib/python3.12/site-packages/airflow/example_dags/example_sensor_decorator.py
[2026-01-27T23:41:43.230+0000] {processor.py:830} INFO - Processing file /home/airflow/.local/lib/python3.12/site-packages/airflow/example_dags/example_sensor_decorator.py for tasks to queue
[2026-01-27T23:41:43.233+0000] {logging_mixin.py:188} INFO - [2026-01-27T23:41:43.232+0000] {dagbag.py:540} INFO - Filling up the DagBag from /home/airflow/.local/lib/python3.12/site-packages/airflow/example_dags/example_sensor_decorator.py
[2026-01-27T23:41:43.243+0000] {processor.py:840} INFO - DAG(s) 'example_sensor_decorator' retrieved from /home/airflow/.local/lib/python3.12/site-packages/airflow/example_dags/example_sensor_decorator.py
[2026-01-27T23:41:43.271+0000] {logging_mixin.py:188} INFO - [2026-01-27T23:41:43.271+0000] {dag.py:3096} INFO - Sync 1 DAGs
[2026-01-27T23:41:43.289+0000] {logging_mixin.py:188} INFO - [2026-01-27T23:41:43.289+0000] {dag.py:3954} INFO - Setting next_dagrun for example_sensor_decorator to None, run_after=None
[2026-01-27T23:41:43.318+0000] {processor.py:183} INFO - Processing /home/airflow/.local/lib/python3.12/site-packages/airflow/example_dags/example_sensor_decorator.py took 0.100 seconds
[2026-01-27T23:42:14.373+0000] {processor.py:161} INFO - Started process (PID=685) to work on /home/airflow/.local/lib/python3.12/site-packages/airflow/example_dags/example_sensor_decorator.py
[2026-01-27T23:42:14.374+0000] {processor.py:830} INFO - Processing file /home/airflow/.local/lib/python3.12/site-packages/airflow/example_dags/example_sensor_decorator.py for tasks to queue
[2026-01-27T23:42:14.377+0000] {logging_mixin.py:188} INFO - [2026-01-27T23:42:14.377+0000] {dagbag.py:540} INFO - Filling up the DagBag from /home/airflow/.local/lib/python3.12/site-packages/airflow/example_dags/example_sensor_decorator.py
[2026-01-27T23:42:14.390+0000] {processor.py:840} INFO - DAG(s) 'example_sensor_decorator' retrieved from /home/airflow/.local/lib/python3.12/site-packages/airflow/example_dags/example_sensor_decorator.py
[2026-01-27T23:42:14.420+0000] {logging_mixin.py:188} INFO - [2026-01-27T23:42:14.420+0000] {dag.py:3096} INFO - Sync 1 DAGs
[2026-01-27T23:42:14.439+0000] {logging_mixin.py:188} INFO - [2026-01-27T23:42:14.438+0000] {dag.py:3954} INFO - Setting next_dagrun for example_sensor_decorator to None, run_after=None
[2026-01-27T23:42:14.476+0000] {processor.py:183} INFO - Processing /home/airflow/.local/lib/python3.12/site-packages/airflow/example_dags/example_sensor_decorator.py took 0.111 seconds
[2026-01-27T23:42:45.302+0000] {processor.py:161} INFO - Started process (PID=737) to work on /home/airflow/.local/lib/python3.12/site-packages/airflow/example_dags/example_sensor_decorator.py
[2026-01-27T23:42:45.304+0000] {processor.py:830} INFO - Processing file /home/airflow/.local/lib/python3.12/site-packages/airflow/example_dags/example_sensor_decorator.py for tasks to queue
[2026-01-27T23:42:45.308+0000] {logging_mixin.py:188} INFO - [2026-01-27T23:42:45.308+0000] {dagbag.py:540} INFO - Filling up the DagBag from /home/airflow/.local/lib/python3.12/site-packages/airflow/example_dags/example_sensor_decorator.py
[2026-01-27T23:42:45.320+0000] {processor.py:840} INFO - DAG(s) 'example_sensor_decorator' retrieved from /home/airflow/.local/lib/python3.12/site-packages/airflow/example_dags/example_sensor_decorator.py
[2026-01-27T23:42:45.372+0000] {logging_mixin.py:188} INFO - [2026-01-27T23:42:45.371+0000] {dag.py:3096} INFO - Sync 1 DAGs
[2026-01-27T23:42:45.415+0000] {logging_mixin.py:188} INFO - [2026-01-27T23:42:45.415+0000] {dag.py:3954} INFO - Setting next_dagrun for example_sensor_decorator to None, run_after=None
[2026-01-27T23:42:45.457+0000] {processor.py:183} INFO - Processing /home/airflow/.local/lib/python3.12/site-packages/airflow/example_dags/example_sensor_decorator.py took 0.164 seconds
[2026-01-27T23:43:16.282+0000] {processor.py:161} INFO - Started process (PID=789) to work on /home/airflow/.local/lib/python3.12/site-packages/airflow/example_dags/example_sensor_decorator.py
[2026-01-27T23:43:16.283+0000] {processor.py:830} INFO - Processing file /home/airflow/.local/lib/python3.12/site-packages/airflow/example_dags/example_sensor_decorator.py for tasks to queue
[2026-01-27T23:43:16.288+0000] {logging_mixin.py:188} INFO - [2026-01-27T23:43:16.288+0000] {dagbag.py:540} INFO - Filling up the DagBag from /home/airflow/.local/lib/python3.12/site-packages/airflow/example_dags/example_sensor_decorator.py
[2026-01-27T23:43:16.297+0000] {processor.py:840} INFO - DAG(s) 'example_sensor_decorator' retrieved from /home/airflow/.local/lib/python3.12/site-packages/airflow/example_dags/example_sensor_decorator.py
[2026-01-27T23:43:16.328+0000] {logging_mixin.py:188} INFO - [2026-01-27T23:43:16.328+0000] {dag.py:3096} INFO - Sync 1 DAGs
[2026-01-27T23:43:16.349+0000] {logging_mixin.py:188} INFO - [2026-01-27T23:43:16.349+0000] {dag.py:3954} INFO - Setting next_dagrun for example_sensor_decorator to None, run_after=None
[2026-01-27T23:43:16.378+0000] {processor.py:183} INFO - Processing /home/airflow/.local/lib/python3.12/site-packages/airflow/example_dags/example_sensor_decorator.py took 0.105 seconds
[2026-01-27T23:43:46.892+0000] {processor.py:161} INFO - Started process (PID=841) to work on /home/airflow/.local/lib/python3.12/site-packages/airflow/example_dags/example_sensor_decorator.py
[2026-01-27T23:43:46.894+0000] {processor.py:830} INFO - Processing file /home/airflow/.local/lib/python3.12/site-packages/airflow/example_dags/example_sensor_decorator.py for tasks to queue
[2026-01-27T23:43:46.896+0000] {logging_mixin.py:188} INFO - [2026-01-27T23:43:46.896+0000] {dagbag.py:540} INFO - Filling up the DagBag from /home/airflow/.local/lib/python3.12/site-packages/airflow/example_dags/example_sensor_decorator.py
[2026-01-27T23:43:46.906+0000] {processor.py:840} INFO - DAG(s) 'example_sensor_decorator' retrieved from /home/airflow/.local/lib/python3.12/site-packages/airflow/example_dags/example_sensor_decorator.py
[2026-01-27T23:43:46.935+0000] {logging_mixin.py:188} INFO - [2026-01-27T23:43:46.935+0000] {dag.py:3096} INFO - Sync 1 DAGs
[2026-01-27T23:43:46.952+0000] {logging_mixin.py:188} INFO - [2026-01-27T23:43:46.952+0000] {dag.py:3954} INFO - Setting next_dagrun for example_sensor_decorator to None, run_after=None
[2026-01-27T23:43:46.980+0000] {processor.py:183} INFO - Processing /home/airflow/.local/lib/python3.12/site-packages/airflow/example_dags/example_sensor_decorator.py took 0.095 seconds
[2026-01-27T23:44:17.226+0000] {processor.py:161} INFO - Started process (PID=892) to work on /home/airflow/.local/lib/python3.12/site-packages/airflow/example_dags/example_sensor_decorator.py
[2026-01-27T23:44:17.227+0000] {processor.py:830} INFO - Processing file /home/airflow/.local/lib/python3.12/site-packages/airflow/example_dags/example_sensor_decorator.py for tasks to queue
[2026-01-27T23:44:17.230+0000] {logging_mixin.py:188} INFO - [2026-01-27T23:44:17.230+0000] {dagbag.py:540} INFO - Filling up the DagBag from /home/airflow/.local/lib/python3.12/site-packages/airflow/example_dags/example_sensor_decorator.py
[2026-01-27T23:44:17.241+0000] {processor.py:840} INFO - DAG(s) 'example_sensor_decorator' retrieved from /home/airflow/.local/lib/python3.12/site-packages/airflow/example_dags/example_sensor_decorator.py
[2026-01-27T23:44:17.263+0000] {logging_mixin.py:188} INFO - [2026-01-27T23:44:17.263+0000] {dag.py:3096} INFO - Sync 1 DAGs
[2026-01-27T23:44:17.276+0000] {logging_mixin.py:188} INFO - [2026-01-27T23:44:17.276+0000] {dag.py:3954} INFO - Setting next_dagrun for example_sensor_decorator to None, run_after=None
[2026-01-27T23:44:17.295+0000] {processor.py:183} INFO - Processing /home/airflow/.local/lib/python3.12/site-packages/airflow/example_dags/example_sensor_decorator.py took 0.076 seconds
[2026-01-27T23:44:47.657+0000] {processor.py:161} INFO - Started process (PID=944) to work on /home/airflow/.local/lib/python3.12/site-packages/airflow/example_dags/example_sensor_decorator.py
[2026-01-27T23:44:47.658+0000] {processor.py:830} INFO - Processing file /home/airflow/.local/lib/python3.12/site-packages/airflow/example_dags/example_sensor_decorator.py for tasks to queue
[2026-01-27T23:44:47.660+0000] {logging_mixin.py:188} INFO - [2026-01-27T23:44:47.659+0000] {dagbag.py:540} INFO - Filling up the DagBag from /home/airflow/.local/lib/python3.12/site-packages/airflow/example_dags/example_sensor_decorator.py
[2026-01-27T23:44:47.666+0000] {processor.py:840} INFO - DAG(s) 'example_sensor_decorator' retrieved from /home/airflow/.local/lib/python3.12/site-packages/airflow/example_dags/example_sensor_decorator.py
[2026-01-27T23:44:47.687+0000] {logging_mixin.py:188} INFO - [2026-01-27T23:44:47.687+0000] {dag.py:3096} INFO - Sync 1 DAGs
[2026-01-27T23:44:47.699+0000] {logging_mixin.py:188} INFO - [2026-01-27T23:44:47.699+0000] {dag.py:3954} INFO - Setting next_dagrun for example_sensor_decorator to None, run_after=None
[2026-01-27T23:44:47.720+0000] {processor.py:183} INFO - Processing /home/airflow/.local/lib/python3.12/site-packages/airflow/example_dags/example_sensor_decorator.py took 0.070 seconds
[2026-01-27T23:45:18.032+0000] {processor.py:161} INFO - Started process (PID=996) to work on /home/airflow/.local/lib/python3.12/site-packages/airflow/example_dags/example_sensor_decorator.py
[2026-01-27T23:45:18.034+0000] {processor.py:830} INFO - Processing file /home/airflow/.local/lib/python3.12/site-packages/airflow/example_dags/example_sensor_decorator.py for tasks to queue
[2026-01-27T23:45:18.037+0000] {logging_mixin.py:188} INFO - [2026-01-27T23:45:18.037+0000] {dagbag.py:540} INFO - Filling up the DagBag from /home/airflow/.local/lib/python3.12/site-packages/airflow/example_dags/example_sensor_decorator.py
[2026-01-27T23:45:18.047+0000] {processor.py:840} INFO - DAG(s) 'example_sensor_decorator' retrieved from /home/airflow/.local/lib/python3.12/site-packages/airflow/example_dags/example_sensor_decorator.py
[2026-01-27T23:45:18.076+0000] {logging_mixin.py:188} INFO - [2026-01-27T23:45:18.075+0000] {dag.py:3096} INFO - Sync 1 DAGs
[2026-01-27T23:45:18.094+0000] {logging_mixin.py:188} INFO - [2026-01-27T23:45:18.093+0000] {dag.py:3954} INFO - Setting next_dagrun for example_sensor_decorator to None, run_after=None
[2026-01-27T23:45:18.121+0000] {processor.py:183} INFO - Processing /home/airflow/.local/lib/python3.12/site-packages/airflow/example_dags/example_sensor_decorator.py took 0.099 seconds
[2026-01-27T23:45:48.988+0000] {processor.py:161} INFO - Started process (PID=1048) to work on /home/airflow/.local/lib/python3.12/site-packages/airflow/example_dags/example_sensor_decorator.py
[2026-01-27T23:45:48.989+0000] {processor.py:830} INFO - Processing file /home/airflow/.local/lib/python3.12/site-packages/airflow/example_dags/example_sensor_decorator.py for tasks to queue
[2026-01-27T23:45:48.991+0000] {logging_mixin.py:188} INFO - [2026-01-27T23:45:48.991+0000] {dagbag.py:540} INFO - Filling up the DagBag from /home/airflow/.local/lib/python3.12/site-packages/airflow/example_dags/example_sensor_decorator.py
[2026-01-27T23:45:48.999+0000] {processor.py:840} INFO - DAG(s) 'example_sensor_decorator' retrieved from /home/airflow/.local/lib/python3.12/site-packages/airflow/example_dags/example_sensor_decorator.py
[2026-01-27T23:45:49.020+0000] {logging_mixin.py:188} INFO - [2026-01-27T23:45:49.020+0000] {dag.py:3096} INFO - Sync 1 DAGs
[2026-01-27T23:45:49.032+0000] {logging_mixin.py:188} INFO - [2026-01-27T23:45:49.032+0000] {dag.py:3954} INFO - Setting next_dagrun for example_sensor_decorator to None, run_after=None
[2026-01-27T23:45:49.057+0000] {processor.py:183} INFO - Processing /home/airflow/.local/lib/python3.12/site-packages/airflow/example_dags/example_sensor_decorator.py took 0.076 seconds
[2026-01-27T23:46:19.356+0000] {processor.py:161} INFO - Started process (PID=1100) to work on /home/airflow/.local/lib/python3.12/site-packages/airflow/example_dags/example_sensor_decorator.py
[2026-01-27T23:46:19.357+0000] {processor.py:830} INFO - Processing file /home/airflow/.local/lib/python3.12/site-packages/airflow/example_dags/example_sensor_decorator.py for tasks to queue
[2026-01-27T23:46:19.360+0000] {logging_mixin.py:188} INFO - [2026-01-27T23:46:19.359+0000] {dagbag.py:540} INFO - Filling up the DagBag from /home/airflow/.local/lib/python3.12/site-packages/airflow/example_dags/example_sensor_decorator.py
[2026-01-27T23:46:19.368+0000] {processor.py:840} INFO - DAG(s) 'example_sensor_decorator' retrieved from /home/airflow/.local/lib/python3.12/site-packages/airflow/example_dags/example_sensor_decorator.py
[2026-01-27T23:46:19.393+0000] {logging_mixin.py:188} INFO - [2026-01-27T23:46:19.392+0000] {dag.py:3096} INFO - Sync 1 DAGs
[2026-01-27T23:46:19.407+0000] {logging_mixin.py:188} INFO - [2026-01-27T23:46:19.406+0000] {dag.py:3954} INFO - Setting next_dagrun for example_sensor_decorator to None, run_after=None
[2026-01-27T23:46:19.430+0000] {processor.py:183} INFO - Processing /home/airflow/.local/lib/python3.12/site-packages/airflow/example_dags/example_sensor_decorator.py took 0.081 seconds
[2026-01-27T23:46:49.979+0000] {processor.py:161} INFO - Started process (PID=1152) to work on /home/airflow/.local/lib/python3.12/site-packages/airflow/example_dags/example_sensor_decorator.py
[2026-01-27T23:46:49.981+0000] {processor.py:830} INFO - Processing file /home/airflow/.local/lib/python3.12/site-packages/airflow/example_dags/example_sensor_decorator.py for tasks to queue
[2026-01-27T23:46:49.983+0000] {logging_mixin.py:188} INFO - [2026-01-27T23:46:49.983+0000] {dagbag.py:540} INFO - Filling up the DagBag from /home/airflow/.local/lib/python3.12/site-packages/airflow/example_dags/example_sensor_decorator.py
[2026-01-27T23:46:49.990+0000] {processor.py:840} INFO - DAG(s) 'example_sensor_decorator' retrieved from /home/airflow/.local/lib/python3.12/site-packages/airflow/example_dags/example_sensor_decorator.py
[2026-01-27T23:46:50.018+0000] {logging_mixin.py:188} INFO - [2026-01-27T23:46:50.018+0000] {dag.py:3096} INFO - Sync 1 DAGs
[2026-01-27T23:46:50.229+0000] {logging_mixin.py:188} INFO - [2026-01-27T23:46:50.229+0000] {dag.py:3954} INFO - Setting next_dagrun for example_sensor_decorator to None, run_after=None
[2026-01-27T23:46:50.247+0000] {processor.py:183} INFO - Processing /home/airflow/.local/lib/python3.12/site-packages/airflow/example_dags/example_sensor_decorator.py took 0.275 seconds
[2026-01-27T23:47:21.161+0000] {processor.py:161} INFO - Started process (PID=1205) to work on /home/airflow/.local/lib/python3.12/site-packages/airflow/example_dags/example_sensor_decorator.py
[2026-01-27T23:47:21.163+0000] {processor.py:830} INFO - Processing file /home/airflow/.local/lib/python3.12/site-packages/airflow/example_dags/example_sensor_decorator.py for tasks to queue
[2026-01-27T23:47:21.165+0000] {logging_mixin.py:188} INFO - [2026-01-27T23:47:21.165+0000] {dagbag.py:540} INFO - Filling up the DagBag from /home/airflow/.local/lib/python3.12/site-packages/airflow/example_dags/example_sensor_decorator.py
[2026-01-27T23:47:21.171+0000] {processor.py:840} INFO - DAG(s) 'example_sensor_decorator' retrieved from /home/airflow/.local/lib/python3.12/site-packages/airflow/example_dags/example_sensor_decorator.py
[2026-01-27T23:47:21.194+0000] {logging_mixin.py:188} INFO - [2026-01-27T23:47:21.194+0000] {dag.py:3096} INFO - Sync 1 DAGs
[2026-01-27T23:47:21.206+0000] {logging_mixin.py:188} INFO - [2026-01-27T23:47:21.205+0000] {dag.py:3954} INFO - Setting next_dagrun for example_sensor_decorator to None, run_after=None
[2026-01-27T23:47:21.244+0000] {processor.py:183} INFO - Processing /home/airflow/.local/lib/python3.12/site-packages/airflow/example_dags/example_sensor_decorator.py took 0.091 seconds
[2026-01-27T23:47:51.673+0000] {processor.py:161} INFO - Started process (PID=1257) to work on /home/airflow/.local/lib/python3.12/site-packages/airflow/example_dags/example_sensor_decorator.py
[2026-01-27T23:47:51.675+0000] {processor.py:830} INFO - Processing file /home/airflow/.local/lib/python3.12/site-packages/airflow/example_dags/example_sensor_decorator.py for tasks to queue
[2026-01-27T23:47:51.677+0000] {logging_mixin.py:188} INFO - [2026-01-27T23:47:51.677+0000] {dagbag.py:540} INFO - Filling up the DagBag from /home/airflow/.local/lib/python3.12/site-packages/airflow/example_dags/example_sensor_decorator.py
[2026-01-27T23:47:51.684+0000] {processor.py:840} INFO - DAG(s) 'example_sensor_decorator' retrieved from /home/airflow/.local/lib/python3.12/site-packages/airflow/example_dags/example_sensor_decorator.py
[2026-01-27T23:47:51.704+0000] {logging_mixin.py:188} INFO - [2026-01-27T23:47:51.704+0000] {dag.py:3096} INFO - Sync 1 DAGs
[2026-01-27T23:47:51.716+0000] {logging_mixin.py:188} INFO - [2026-01-27T23:47:51.715+0000] {dag.py:3954} INFO - Setting next_dagrun for example_sensor_decorator to None, run_after=None
[2026-01-27T23:47:51.738+0000] {processor.py:183} INFO - Processing /home/airflow/.local/lib/python3.12/site-packages/airflow/example_dags/example_sensor_decorator.py took 0.073 seconds
[2026-01-27T23:48:21.810+0000] {processor.py:161} INFO - Started process (PID=1308) to work on /home/airflow/.local/lib/python3.12/site-packages/airflow/example_dags/example_sensor_decorator.py
[2026-01-27T23:48:21.811+0000] {processor.py:830} INFO - Processing file /home/airflow/.local/lib/python3.12/site-packages/airflow/example_dags/example_sensor_decorator.py for tasks to queue
[2026-01-27T23:48:21.813+0000] {logging_mixin.py:188} INFO - [2026-01-27T23:48:21.813+0000] {dagbag.py:540} INFO - Filling up the DagBag from /home/airflow/.local/lib/python3.12/site-packages/airflow/example_dags/example_sensor_decorator.py
[2026-01-27T23:48:21.820+0000] {processor.py:840} INFO - DAG(s) 'example_sensor_decorator' retrieved from /home/airflow/.local/lib/python3.12/site-packages/airflow/example_dags/example_sensor_decorator.py
[2026-01-27T23:48:21.843+0000] {logging_mixin.py:188} INFO - [2026-01-27T23:48:21.843+0000] {dag.py:3096} INFO - Sync 1 DAGs
[2026-01-27T23:48:21.855+0000] {logging_mixin.py:188} INFO - [2026-01-27T23:48:21.854+0000] {dag.py:3954} INFO - Setting next_dagrun for example_sensor_decorator to None, run_after=None
[2026-01-27T23:48:21.885+0000] {processor.py:183} INFO - Processing /home/airflow/.local/lib/python3.12/site-packages/airflow/example_dags/example_sensor_decorator.py took 0.082 seconds
[2026-01-27T23:48:51.985+0000] {processor.py:161} INFO - Started process (PID=1360) to work on /home/airflow/.local/lib/python3.12/site-packages/airflow/example_dags/example_sensor_decorator.py
[2026-01-27T23:48:51.986+0000] {processor.py:830} INFO - Processing file /home/airflow/.local/lib/python3.12/site-packages/airflow/example_dags/example_sensor_decorator.py for tasks to queue
[2026-01-27T23:48:51.988+0000] {logging_mixin.py:188} INFO - [2026-01-27T23:48:51.988+0000] {dagbag.py:540} INFO - Filling up the DagBag from /home/airflow/.local/lib/python3.12/site-packages/airflow/example_dags/example_sensor_decorator.py
[2026-01-27T23:48:51.995+0000] {processor.py:840} INFO - DAG(s) 'example_sensor_decorator' retrieved from /home/airflow/.local/lib/python3.12/site-packages/airflow/example_dags/example_sensor_decorator.py
[2026-01-27T23:48:52.016+0000] {logging_mixin.py:188} INFO - [2026-01-27T23:48:52.016+0000] {dag.py:3096} INFO - Sync 1 DAGs
[2026-01-27T23:48:52.029+0000] {logging_mixin.py:188} INFO - [2026-01-27T23:48:52.028+0000] {dag.py:3954} INFO - Setting next_dagrun for example_sensor_decorator to None, run_after=None
[2026-01-27T23:48:52.049+0000] {processor.py:183} INFO - Processing /home/airflow/.local/lib/python3.12/site-packages/airflow/example_dags/example_sensor_decorator.py took 0.069 seconds
[2026-01-27T23:49:22.827+0000] {processor.py:161} INFO - Started process (PID=1412) to work on /home/airflow/.local/lib/python3.12/site-packages/airflow/example_dags/example_sensor_decorator.py
[2026-01-27T23:49:22.828+0000] {processor.py:830} INFO - Processing file /home/airflow/.local/lib/python3.12/site-packages/airflow/example_dags/example_sensor_decorator.py for tasks to queue
[2026-01-27T23:49:22.831+0000] {logging_mixin.py:188} INFO - [2026-01-27T23:49:22.830+0000] {dagbag.py:540} INFO - Filling up the DagBag from /home/airflow/.local/lib/python3.12/site-packages/airflow/example_dags/example_sensor_decorator.py
[2026-01-27T23:49:22.837+0000] {processor.py:840} INFO - DAG(s) 'example_sensor_decorator' retrieved from /home/airflow/.local/lib/python3.12/site-packages/airflow/example_dags/example_sensor_decorator.py
[2026-01-27T23:49:22.857+0000] {logging_mixin.py:188} INFO - [2026-01-27T23:49:22.857+0000] {dag.py:3096} INFO - Sync 1 DAGs
[2026-01-27T23:49:22.868+0000] {logging_mixin.py:188} INFO - [2026-01-27T23:49:22.868+0000] {dag.py:3954} INFO - Setting next_dagrun for example_sensor_decorator to None, run_after=None
[2026-01-27T23:49:22.890+0000] {processor.py:183} INFO - Processing /home/airflow/.local/lib/python3.12/site-packages/airflow/example_dags/example_sensor_decorator.py took 0.069 seconds
[2026-01-27T23:49:53.201+0000] {processor.py:161} INFO - Started process (PID=1464) to work on /home/airflow/.local/lib/python3.12/site-packages/airflow/example_dags/example_sensor_decorator.py
[2026-01-27T23:49:53.202+0000] {processor.py:830} INFO - Processing file /home/airflow/.local/lib/python3.12/site-packages/airflow/example_dags/example_sensor_decorator.py for tasks to queue
[2026-01-27T23:49:53.204+0000] {logging_mixin.py:188} INFO - [2026-01-27T23:49:53.203+0000] {dagbag.py:540} INFO - Filling up the DagBag from /home/airflow/.local/lib/python3.12/site-packages/airflow/example_dags/example_sensor_decorator.py
[2026-01-27T23:49:53.210+0000] {processor.py:840} INFO - DAG(s) 'example_sensor_decorator' retrieved from /home/airflow/.local/lib/python3.12/site-packages/airflow/example_dags/example_sensor_decorator.py
[2026-01-27T23:49:53.229+0000] {logging_mixin.py:188} INFO - [2026-01-27T23:49:53.229+0000] {dag.py:3096} INFO - Sync 1 DAGs
[2026-01-27T23:49:53.242+0000] {logging_mixin.py:188} INFO - [2026-01-27T23:49:53.242+0000] {dag.py:3954} INFO - Setting next_dagrun for example_sensor_decorator to None, run_after=None
[2026-01-27T23:49:53.265+0000] {processor.py:183} INFO - Processing /home/airflow/.local/lib/python3.12/site-packages/airflow/example_dags/example_sensor_decorator.py took 0.071 seconds
[2026-01-27T23:50:23.776+0000] {processor.py:161} INFO - Started process (PID=1516) to work on /home/airflow/.local/lib/python3.12/site-packages/airflow/example_dags/example_sensor_decorator.py
[2026-01-27T23:50:23.778+0000] {processor.py:830} INFO - Processing file /home/airflow/.local/lib/python3.12/site-packages/airflow/example_dags/example_sensor_decorator.py for tasks to queue
[2026-01-27T23:50:23.782+0000] {logging_mixin.py:188} INFO - [2026-01-27T23:50:23.781+0000] {dagbag.py:540} INFO - Filling up the DagBag from /home/airflow/.local/lib/python3.12/site-packages/airflow/example_dags/example_sensor_decorator.py
[2026-01-27T23:50:23.788+0000] {processor.py:840} INFO - DAG(s) 'example_sensor_decorator' retrieved from /home/airflow/.local/lib/python3.12/site-packages/airflow/example_dags/example_sensor_decorator.py
[2026-01-27T23:50:23.809+0000] {logging_mixin.py:188} INFO - [2026-01-27T23:50:23.809+0000] {dag.py:3096} INFO - Sync 1 DAGs
[2026-01-27T23:50:23.823+0000] {logging_mixin.py:188} INFO - [2026-01-27T23:50:23.823+0000] {dag.py:3954} INFO - Setting next_dagrun for example_sensor_decorator to None, run_after=None
[2026-01-27T23:50:23.850+0000] {processor.py:183} INFO - Processing /home/airflow/.local/lib/python3.12/site-packages/airflow/example_dags/example_sensor_decorator.py took 0.079 seconds
[2026-01-27T23:50:54.012+0000] {processor.py:161} INFO - Started process (PID=1568) to work on /home/airflow/.local/lib/python3.12/site-packages/airflow/example_dags/example_sensor_decorator.py
[2026-01-27T23:50:54.013+0000] {processor.py:830} INFO - Processing file /home/airflow/.local/lib/python3.12/site-packages/airflow/example_dags/example_sensor_decorator.py for tasks to queue
[2026-01-27T23:50:54.016+0000] {logging_mixin.py:188} INFO - [2026-01-27T23:50:54.016+0000] {dagbag.py:540} INFO - Filling up the DagBag from /home/airflow/.local/lib/python3.12/site-packages/airflow/example_dags/example_sensor_decorator.py
[2026-01-27T23:50:54.025+0000] {processor.py:840} INFO - DAG(s) 'example_sensor_decorator' retrieved from /home/airflow/.local/lib/python3.12/site-packages/airflow/example_dags/example_sensor_decorator.py
[2026-01-27T23:50:54.045+0000] {logging_mixin.py:188} INFO - [2026-01-27T23:50:54.044+0000] {dag.py:3096} INFO - Sync 1 DAGs
[2026-01-27T23:50:54.056+0000] {logging_mixin.py:188} INFO - [2026-01-27T23:50:54.056+0000] {dag.py:3954} INFO - Setting next_dagrun for example_sensor_decorator to None, run_after=None
[2026-01-27T23:50:54.076+0000] {processor.py:183} INFO - Processing /home/airflow/.local/lib/python3.12/site-packages/airflow/example_dags/example_sensor_decorator.py took 0.071 seconds
[2026-01-27T23:51:24.759+0000] {processor.py:161} INFO - Started process (PID=1620) to work on /home/airflow/.local/lib/python3.12/site-packages/airflow/example_dags/example_sensor_decorator.py
[2026-01-27T23:51:24.760+0000] {processor.py:830} INFO - Processing file /home/airflow/.local/lib/python3.12/site-packages/airflow/example_dags/example_sensor_decorator.py for tasks to queue
[2026-01-27T23:51:24.762+0000] {logging_mixin.py:188} INFO - [2026-01-27T23:51:24.762+0000] {dagbag.py:540} INFO - Filling up the DagBag from /home/airflow/.local/lib/python3.12/site-packages/airflow/example_dags/example_sensor_decorator.py
[2026-01-27T23:51:24.768+0000] {processor.py:840} INFO - DAG(s) 'example_sensor_decorator' retrieved from /home/airflow/.local/lib/python3.12/site-packages/airflow/example_dags/example_sensor_decorator.py
[2026-01-27T23:51:24.789+0000] {logging_mixin.py:188} INFO - [2026-01-27T23:51:24.789+0000] {dag.py:3096} INFO - Sync 1 DAGs
[2026-01-27T23:51:24.801+0000] {logging_mixin.py:188} INFO - [2026-01-27T23:51:24.801+0000] {dag.py:3954} INFO - Setting next_dagrun for example_sensor_decorator to None, run_after=None
[2026-01-27T23:51:24.831+0000] {processor.py:183} INFO - Processing /home/airflow/.local/lib/python3.12/site-packages/airflow/example_dags/example_sensor_decorator.py took 0.078 seconds
[2026-01-27T23:51:55.608+0000] {processor.py:161} INFO - Started process (PID=1672) to work on /home/airflow/.local/lib/python3.12/site-packages/airflow/example_dags/example_sensor_decorator.py
[2026-01-27T23:51:55.609+0000] {processor.py:830} INFO - Processing file /home/airflow/.local/lib/python3.12/site-packages/airflow/example_dags/example_sensor_decorator.py for tasks to queue
[2026-01-27T23:51:55.611+0000] {logging_mixin.py:188} INFO - [2026-01-27T23:51:55.611+0000] {dagbag.py:540} INFO - Filling up the DagBag from /home/airflow/.local/lib/python3.12/site-packages/airflow/example_dags/example_sensor_decorator.py
[2026-01-27T23:51:55.617+0000] {processor.py:840} INFO - DAG(s) 'example_sensor_decorator' retrieved from /home/airflow/.local/lib/python3.12/site-packages/airflow/example_dags/example_sensor_decorator.py
[2026-01-27T23:51:55.640+0000] {logging_mixin.py:188} INFO - [2026-01-27T23:51:55.640+0000] {dag.py:3096} INFO - Sync 1 DAGs
[2026-01-27T23:51:55.652+0000] {logging_mixin.py:188} INFO - [2026-01-27T23:51:55.652+0000] {dag.py:3954} INFO - Setting next_dagrun for example_sensor_decorator to None, run_after=None
[2026-01-27T23:51:55.677+0000] {processor.py:183} INFO - Processing /home/airflow/.local/lib/python3.12/site-packages/airflow/example_dags/example_sensor_decorator.py took 0.077 seconds
[2026-01-27T23:52:26.221+0000] {processor.py:161} INFO - Started process (PID=1724) to work on /home/airflow/.local/lib/python3.12/site-packages/airflow/example_dags/example_sensor_decorator.py
[2026-01-27T23:52:26.222+0000] {processor.py:830} INFO - Processing file /home/airflow/.local/lib/python3.12/site-packages/airflow/example_dags/example_sensor_decorator.py for tasks to queue
[2026-01-27T23:52:26.224+0000] {logging_mixin.py:188} INFO - [2026-01-27T23:52:26.224+0000] {dagbag.py:540} INFO - Filling up the DagBag from /home/airflow/.local/lib/python3.12/site-packages/airflow/example_dags/example_sensor_decorator.py
[2026-01-27T23:52:26.230+0000] {processor.py:840} INFO - DAG(s) 'example_sensor_decorator' retrieved from /home/airflow/.local/lib/python3.12/site-packages/airflow/example_dags/example_sensor_decorator.py
[2026-01-27T23:52:26.247+0000] {logging_mixin.py:188} INFO - [2026-01-27T23:52:26.247+0000] {dag.py:3096} INFO - Sync 1 DAGs
[2026-01-27T23:52:26.260+0000] {logging_mixin.py:188} INFO - [2026-01-27T23:52:26.259+0000] {dag.py:3954} INFO - Setting next_dagrun for example_sensor_decorator to None, run_after=None
[2026-01-27T23:52:26.281+0000] {processor.py:183} INFO - Processing /home/airflow/.local/lib/python3.12/site-packages/airflow/example_dags/example_sensor_decorator.py took 0.065 seconds
[2026-01-27T23:52:56.497+0000] {processor.py:161} INFO - Started process (PID=1776) to work on /home/airflow/.local/lib/python3.12/site-packages/airflow/example_dags/example_sensor_decorator.py
[2026-01-27T23:52:56.498+0000] {processor.py:830} INFO - Processing file /home/airflow/.local/lib/python3.12/site-packages/airflow/example_dags/example_sensor_decorator.py for tasks to queue
[2026-01-27T23:52:56.500+0000] {logging_mixin.py:188} INFO - [2026-01-27T23:52:56.500+0000] {dagbag.py:540} INFO - Filling up the DagBag from /home/airflow/.local/lib/python3.12/site-packages/airflow/example_dags/example_sensor_decorator.py
[2026-01-27T23:52:56.506+0000] {processor.py:840} INFO - DAG(s) 'example_sensor_decorator' retrieved from /home/airflow/.local/lib/python3.12/site-packages/airflow/example_dags/example_sensor_decorator.py
[2026-01-27T23:52:56.525+0000] {logging_mixin.py:188} INFO - [2026-01-27T23:52:56.525+0000] {dag.py:3096} INFO - Sync 1 DAGs
[2026-01-27T23:52:56.537+0000] {logging_mixin.py:188} INFO - [2026-01-27T23:52:56.536+0000] {dag.py:3954} INFO - Setting next_dagrun for example_sensor_decorator to None, run_after=None
[2026-01-27T23:52:56.557+0000] {processor.py:183} INFO - Processing /home/airflow/.local/lib/python3.12/site-packages/airflow/example_dags/example_sensor_decorator.py took 0.065 seconds
[2026-01-27T23:53:26.686+0000] {processor.py:161} INFO - Started process (PID=1828) to work on /home/airflow/.local/lib/python3.12/site-packages/airflow/example_dags/example_sensor_decorator.py
[2026-01-27T23:53:26.688+0000] {processor.py:830} INFO - Processing file /home/airflow/.local/lib/python3.12/site-packages/airflow/example_dags/example_sensor_decorator.py for tasks to queue
[2026-01-27T23:53:26.691+0000] {logging_mixin.py:188} INFO - [2026-01-27T23:53:26.691+0000] {dagbag.py:540} INFO - Filling up the DagBag from /home/airflow/.local/lib/python3.12/site-packages/airflow/example_dags/example_sensor_decorator.py
[2026-01-27T23:53:26.704+0000] {processor.py:840} INFO - DAG(s) 'example_sensor_decorator' retrieved from /home/airflow/.local/lib/python3.12/site-packages/airflow/example_dags/example_sensor_decorator.py
[2026-01-27T23:53:26.725+0000] {logging_mixin.py:188} INFO - [2026-01-27T23:53:26.725+0000] {dag.py:3096} INFO - Sync 1 DAGs
[2026-01-27T23:53:26.738+0000] {logging_mixin.py:188} INFO - [2026-01-27T23:53:26.738+0000] {dag.py:3954} INFO - Setting next_dagrun for example_sensor_decorator to None, run_after=None
[2026-01-27T23:53:26.761+0000] {processor.py:183} INFO - Processing /home/airflow/.local/lib/python3.12/site-packages/airflow/example_dags/example_sensor_decorator.py took 0.083 seconds
[2026-01-27T23:53:56.898+0000] {processor.py:161} INFO - Started process (PID=1880) to work on /home/airflow/.local/lib/python3.12/site-packages/airflow/example_dags/example_sensor_decorator.py
[2026-01-27T23:53:56.899+0000] {processor.py:830} INFO - Processing file /home/airflow/.local/lib/python3.12/site-packages/airflow/example_dags/example_sensor_decorator.py for tasks to queue
[2026-01-27T23:53:56.901+0000] {logging_mixin.py:188} INFO - [2026-01-27T23:53:56.901+0000] {dagbag.py:540} INFO - Filling up the DagBag from /home/airflow/.local/lib/python3.12/site-packages/airflow/example_dags/example_sensor_decorator.py
[2026-01-27T23:53:56.909+0000] {processor.py:840} INFO - DAG(s) 'example_sensor_decorator' retrieved from /home/airflow/.local/lib/python3.12/site-packages/airflow/example_dags/example_sensor_decorator.py
[2026-01-27T23:53:56.929+0000] {logging_mixin.py:188} INFO - [2026-01-27T23:53:56.928+0000] {dag.py:3096} INFO - Sync 1 DAGs
[2026-01-27T23:53:56.941+0000] {logging_mixin.py:188} INFO - [2026-01-27T23:53:56.941+0000] {dag.py:3954} INFO - Setting next_dagrun for example_sensor_decorator to None, run_after=None
[2026-01-27T23:53:56.972+0000] {processor.py:183} INFO - Processing /home/airflow/.local/lib/python3.12/site-packages/airflow/example_dags/example_sensor_decorator.py took 0.079 seconds
[2026-01-27T23:54:27.401+0000] {processor.py:161} INFO - Started process (PID=1932) to work on /home/airflow/.local/lib/python3.12/site-packages/airflow/example_dags/example_sensor_decorator.py
[2026-01-27T23:54:27.402+0000] {processor.py:830} INFO - Processing file /home/airflow/.local/lib/python3.12/site-packages/airflow/example_dags/example_sensor_decorator.py for tasks to queue
[2026-01-27T23:54:27.404+0000] {logging_mixin.py:188} INFO - [2026-01-27T23:54:27.403+0000] {dagbag.py:540} INFO - Filling up the DagBag from /home/airflow/.local/lib/python3.12/site-packages/airflow/example_dags/example_sensor_decorator.py
[2026-01-27T23:54:27.414+0000] {processor.py:840} INFO - DAG(s) 'example_sensor_decorator' retrieved from /home/airflow/.local/lib/python3.12/site-packages/airflow/example_dags/example_sensor_decorator.py
[2026-01-27T23:54:27.439+0000] {logging_mixin.py:188} INFO - [2026-01-27T23:54:27.438+0000] {dag.py:3096} INFO - Sync 1 DAGs
[2026-01-27T23:54:27.454+0000] {logging_mixin.py:188} INFO - [2026-01-27T23:54:27.453+0000] {dag.py:3954} INFO - Setting next_dagrun for example_sensor_decorator to None, run_after=None
[2026-01-27T23:54:27.490+0000] {processor.py:183} INFO - Processing /home/airflow/.local/lib/python3.12/site-packages/airflow/example_dags/example_sensor_decorator.py took 0.098 seconds
[2026-01-27T23:54:58.292+0000] {processor.py:161} INFO - Started process (PID=1984) to work on /home/airflow/.local/lib/python3.12/site-packages/airflow/example_dags/example_sensor_decorator.py
[2026-01-27T23:54:58.294+0000] {processor.py:830} INFO - Processing file /home/airflow/.local/lib/python3.12/site-packages/airflow/example_dags/example_sensor_decorator.py for tasks to queue
[2026-01-27T23:54:58.296+0000] {logging_mixin.py:188} INFO - [2026-01-27T23:54:58.295+0000] {dagbag.py:540} INFO - Filling up the DagBag from /home/airflow/.local/lib/python3.12/site-packages/airflow/example_dags/example_sensor_decorator.py
[2026-01-27T23:54:58.302+0000] {processor.py:840} INFO - DAG(s) 'example_sensor_decorator' retrieved from /home/airflow/.local/lib/python3.12/site-packages/airflow/example_dags/example_sensor_decorator.py
[2026-01-27T23:54:58.322+0000] {logging_mixin.py:188} INFO - [2026-01-27T23:54:58.322+0000] {dag.py:3096} INFO - Sync 1 DAGs
[2026-01-27T23:54:58.334+0000] {logging_mixin.py:188} INFO - [2026-01-27T23:54:58.333+0000] {dag.py:3954} INFO - Setting next_dagrun for example_sensor_decorator to None, run_after=None
[2026-01-27T23:54:58.355+0000] {processor.py:183} INFO - Processing /home/airflow/.local/lib/python3.12/site-packages/airflow/example_dags/example_sensor_decorator.py took 0.069 seconds
[2026-01-27T23:55:28.987+0000] {processor.py:161} INFO - Started process (PID=2036) to work on /home/airflow/.local/lib/python3.12/site-packages/airflow/example_dags/example_sensor_decorator.py
[2026-01-27T23:55:28.989+0000] {processor.py:830} INFO - Processing file /home/airflow/.local/lib/python3.12/site-packages/airflow/example_dags/example_sensor_decorator.py for tasks to queue
[2026-01-27T23:55:28.991+0000] {logging_mixin.py:188} INFO - [2026-01-27T23:55:28.991+0000] {dagbag.py:540} INFO - Filling up the DagBag from /home/airflow/.local/lib/python3.12/site-packages/airflow/example_dags/example_sensor_decorator.py
[2026-01-27T23:55:29.000+0000] {processor.py:840} INFO - DAG(s) 'example_sensor_decorator' retrieved from /home/airflow/.local/lib/python3.12/site-packages/airflow/example_dags/example_sensor_decorator.py
[2026-01-27T23:55:29.023+0000] {logging_mixin.py:188} INFO - [2026-01-27T23:55:29.023+0000] {dag.py:3096} INFO - Sync 1 DAGs
[2026-01-27T23:55:29.041+0000] {logging_mixin.py:188} INFO - [2026-01-27T23:55:29.040+0000] {dag.py:3954} INFO - Setting next_dagrun for example_sensor_decorator to None, run_after=None
[2026-01-27T23:55:29.064+0000] {processor.py:183} INFO - Processing /home/airflow/.local/lib/python3.12/site-packages/airflow/example_dags/example_sensor_decorator.py took 0.084 seconds
[2026-01-27T23:55:59.238+0000] {processor.py:161} INFO - Started process (PID=2088) to work on /home/airflow/.local/lib/python3.12/site-packages/airflow/example_dags/example_sensor_decorator.py
[2026-01-27T23:55:59.239+0000] {processor.py:830} INFO - Processing file /home/airflow/.local/lib/python3.12/site-packages/airflow/example_dags/example_sensor_decorator.py for tasks to queue
[2026-01-27T23:55:59.241+0000] {logging_mixin.py:188} INFO - [2026-01-27T23:55:59.241+0000] {dagbag.py:540} INFO - Filling up the DagBag from /home/airflow/.local/lib/python3.12/site-packages/airflow/example_dags/example_sensor_decorator.py
[2026-01-27T23:55:59.247+0000] {processor.py:840} INFO - DAG(s) 'example_sensor_decorator' retrieved from /home/airflow/.local/lib/python3.12/site-packages/airflow/example_dags/example_sensor_decorator.py
[2026-01-27T23:55:59.267+0000] {logging_mixin.py:188} INFO - [2026-01-27T23:55:59.267+0000] {dag.py:3096} INFO - Sync 1 DAGs
[2026-01-27T23:55:59.280+0000] {logging_mixin.py:188} INFO - [2026-01-27T23:55:59.280+0000] {dag.py:3954} INFO - Setting next_dagrun for example_sensor_decorator to None, run_after=None
[2026-01-27T23:55:59.305+0000] {processor.py:183} INFO - Processing /home/airflow/.local/lib/python3.12/site-packages/airflow/example_dags/example_sensor_decorator.py took 0.072 seconds
[2026-01-27T23:56:29.521+0000] {processor.py:161} INFO - Started process (PID=2140) to work on /home/airflow/.local/lib/python3.12/site-packages/airflow/example_dags/example_sensor_decorator.py
[2026-01-27T23:56:29.522+0000] {processor.py:830} INFO - Processing file /home/airflow/.local/lib/python3.12/site-packages/airflow/example_dags/example_sensor_decorator.py for tasks to queue
[2026-01-27T23:56:29.525+0000] {logging_mixin.py:188} INFO - [2026-01-27T23:56:29.524+0000] {dagbag.py:540} INFO - Filling up the DagBag from /home/airflow/.local/lib/python3.12/site-packages/airflow/example_dags/example_sensor_decorator.py
[2026-01-27T23:56:29.535+0000] {processor.py:840} INFO - DAG(s) 'example_sensor_decorator' retrieved from /home/airflow/.local/lib/python3.12/site-packages/airflow/example_dags/example_sensor_decorator.py
[2026-01-27T23:56:29.567+0000] {logging_mixin.py:188} INFO - [2026-01-27T23:56:29.566+0000] {dag.py:3096} INFO - Sync 1 DAGs
[2026-01-27T23:56:29.587+0000] {logging_mixin.py:188} INFO - [2026-01-27T23:56:29.587+0000] {dag.py:3954} INFO - Setting next_dagrun for example_sensor_decorator to None, run_after=None
[2026-01-27T23:56:29.633+0000] {processor.py:183} INFO - Processing /home/airflow/.local/lib/python3.12/site-packages/airflow/example_dags/example_sensor_decorator.py took 0.121 seconds
[2026-01-27T23:56:59.699+0000] {processor.py:161} INFO - Started process (PID=2192) to work on /home/airflow/.local/lib/python3.12/site-packages/airflow/example_dags/example_sensor_decorator.py
[2026-01-27T23:56:59.701+0000] {processor.py:830} INFO - Processing file /home/airflow/.local/lib/python3.12/site-packages/airflow/example_dags/example_sensor_decorator.py for tasks to queue
[2026-01-27T23:56:59.705+0000] {logging_mixin.py:188} INFO - [2026-01-27T23:56:59.704+0000] {dagbag.py:540} INFO - Filling up the DagBag from /home/airflow/.local/lib/python3.12/site-packages/airflow/example_dags/example_sensor_decorator.py
[2026-01-27T23:56:59.716+0000] {processor.py:840} INFO - DAG(s) 'example_sensor_decorator' retrieved from /home/airflow/.local/lib/python3.12/site-packages/airflow/example_dags/example_sensor_decorator.py
[2026-01-27T23:56:59.740+0000] {logging_mixin.py:188} INFO - [2026-01-27T23:56:59.739+0000] {dag.py:3096} INFO - Sync 1 DAGs
[2026-01-27T23:56:59.754+0000] {logging_mixin.py:188} INFO - [2026-01-27T23:56:59.754+0000] {dag.py:3954} INFO - Setting next_dagrun for example_sensor_decorator to None, run_after=None
[2026-01-27T23:56:59.771+0000] {processor.py:183} INFO - Processing /home/airflow/.local/lib/python3.12/site-packages/airflow/example_dags/example_sensor_decorator.py took 0.081 seconds
[2026-01-27T23:57:30.525+0000] {processor.py:161} INFO - Started process (PID=2244) to work on /home/airflow/.local/lib/python3.12/site-packages/airflow/example_dags/example_sensor_decorator.py
[2026-01-27T23:57:30.526+0000] {processor.py:830} INFO - Processing file /home/airflow/.local/lib/python3.12/site-packages/airflow/example_dags/example_sensor_decorator.py for tasks to queue
[2026-01-27T23:57:30.529+0000] {logging_mixin.py:188} INFO - [2026-01-27T23:57:30.529+0000] {dagbag.py:540} INFO - Filling up the DagBag from /home/airflow/.local/lib/python3.12/site-packages/airflow/example_dags/example_sensor_decorator.py
[2026-01-27T23:57:30.536+0000] {processor.py:840} INFO - DAG(s) 'example_sensor_decorator' retrieved from /home/airflow/.local/lib/python3.12/site-packages/airflow/example_dags/example_sensor_decorator.py
[2026-01-27T23:57:30.555+0000] {logging_mixin.py:188} INFO - [2026-01-27T23:57:30.555+0000] {dag.py:3096} INFO - Sync 1 DAGs
[2026-01-27T23:57:30.567+0000] {logging_mixin.py:188} INFO - [2026-01-27T23:57:30.567+0000] {dag.py:3954} INFO - Setting next_dagrun for example_sensor_decorator to None, run_after=None
[2026-01-27T23:57:30.587+0000] {processor.py:183} INFO - Processing /home/airflow/.local/lib/python3.12/site-packages/airflow/example_dags/example_sensor_decorator.py took 0.070 seconds
[2026-01-27T23:58:00.721+0000] {processor.py:161} INFO - Started process (PID=2296) to work on /home/airflow/.local/lib/python3.12/site-packages/airflow/example_dags/example_sensor_decorator.py
[2026-01-27T23:58:00.722+0000] {processor.py:830} INFO - Processing file /home/airflow/.local/lib/python3.12/site-packages/airflow/example_dags/example_sensor_decorator.py for tasks to queue
[2026-01-27T23:58:00.724+0000] {logging_mixin.py:188} INFO - [2026-01-27T23:58:00.724+0000] {dagbag.py:540} INFO - Filling up the DagBag from /home/airflow/.local/lib/python3.12/site-packages/airflow/example_dags/example_sensor_decorator.py
[2026-01-27T23:58:00.732+0000] {processor.py:840} INFO - DAG(s) 'example_sensor_decorator' retrieved from /home/airflow/.local/lib/python3.12/site-packages/airflow/example_dags/example_sensor_decorator.py
[2026-01-27T23:58:00.754+0000] {logging_mixin.py:188} INFO - [2026-01-27T23:58:00.754+0000] {dag.py:3096} INFO - Sync 1 DAGs
[2026-01-27T23:58:00.769+0000] {logging_mixin.py:188} INFO - [2026-01-27T23:58:00.769+0000] {dag.py:3954} INFO - Setting next_dagrun for example_sensor_decorator to None, run_after=None
[2026-01-27T23:58:00.801+0000] {processor.py:183} INFO - Processing /home/airflow/.local/lib/python3.12/site-packages/airflow/example_dags/example_sensor_decorator.py took 0.087 seconds
[2026-01-27T23:58:31.081+0000] {processor.py:161} INFO - Started process (PID=2348) to work on /home/airflow/.local/lib/python3.12/site-packages/airflow/example_dags/example_sensor_decorator.py
[2026-01-27T23:58:31.084+0000] {processor.py:830} INFO - Processing file /home/airflow/.local/lib/python3.12/site-packages/airflow/example_dags/example_sensor_decorator.py for tasks to queue
[2026-01-27T23:58:31.086+0000] {logging_mixin.py:188} INFO - [2026-01-27T23:58:31.086+0000] {dagbag.py:540} INFO - Filling up the DagBag from /home/airflow/.local/lib/python3.12/site-packages/airflow/example_dags/example_sensor_decorator.py
[2026-01-27T23:58:31.093+0000] {processor.py:840} INFO - DAG(s) 'example_sensor_decorator' retrieved from /home/airflow/.local/lib/python3.12/site-packages/airflow/example_dags/example_sensor_decorator.py
[2026-01-27T23:58:31.113+0000] {logging_mixin.py:188} INFO - [2026-01-27T23:58:31.113+0000] {dag.py:3096} INFO - Sync 1 DAGs
[2026-01-27T23:58:31.127+0000] {logging_mixin.py:188} INFO - [2026-01-27T23:58:31.127+0000] {dag.py:3954} INFO - Setting next_dagrun for example_sensor_decorator to None, run_after=None
[2026-01-27T23:58:31.150+0000] {processor.py:183} INFO - Processing /home/airflow/.local/lib/python3.12/site-packages/airflow/example_dags/example_sensor_decorator.py took 0.076 seconds
[2026-01-27T23:59:01.398+0000] {processor.py:161} INFO - Started process (PID=2400) to work on /home/airflow/.local/lib/python3.12/site-packages/airflow/example_dags/example_sensor_decorator.py
[2026-01-27T23:59:01.399+0000] {processor.py:830} INFO - Processing file /home/airflow/.local/lib/python3.12/site-packages/airflow/example_dags/example_sensor_decorator.py for tasks to queue
[2026-01-27T23:59:01.401+0000] {logging_mixin.py:188} INFO - [2026-01-27T23:59:01.400+0000] {dagbag.py:540} INFO - Filling up the DagBag from /home/airflow/.local/lib/python3.12/site-packages/airflow/example_dags/example_sensor_decorator.py
[2026-01-27T23:59:01.407+0000] {processor.py:840} INFO - DAG(s) 'example_sensor_decorator' retrieved from /home/airflow/.local/lib/python3.12/site-packages/airflow/example_dags/example_sensor_decorator.py
[2026-01-27T23:59:01.427+0000] {logging_mixin.py:188} INFO - [2026-01-27T23:59:01.427+0000] {dag.py:3096} INFO - Sync 1 DAGs
[2026-01-27T23:59:01.440+0000] {logging_mixin.py:188} INFO - [2026-01-27T23:59:01.440+0000] {dag.py:3954} INFO - Setting next_dagrun for example_sensor_decorator to None, run_after=None
[2026-01-27T23:59:01.469+0000] {processor.py:183} INFO - Processing /home/airflow/.local/lib/python3.12/site-packages/airflow/example_dags/example_sensor_decorator.py took 0.078 seconds
[2026-01-27T23:59:32.014+0000] {processor.py:161} INFO - Started process (PID=2452) to work on /home/airflow/.local/lib/python3.12/site-packages/airflow/example_dags/example_sensor_decorator.py
[2026-01-27T23:59:32.015+0000] {processor.py:830} INFO - Processing file /home/airflow/.local/lib/python3.12/site-packages/airflow/example_dags/example_sensor_decorator.py for tasks to queue
[2026-01-27T23:59:32.017+0000] {logging_mixin.py:188} INFO - [2026-01-27T23:59:32.017+0000] {dagbag.py:540} INFO - Filling up the DagBag from /home/airflow/.local/lib/python3.12/site-packages/airflow/example_dags/example_sensor_decorator.py
[2026-01-27T23:59:32.023+0000] {processor.py:840} INFO - DAG(s) 'example_sensor_decorator' retrieved from /home/airflow/.local/lib/python3.12/site-packages/airflow/example_dags/example_sensor_decorator.py
[2026-01-27T23:59:32.044+0000] {logging_mixin.py:188} INFO - [2026-01-27T23:59:32.043+0000] {dag.py:3096} INFO - Sync 1 DAGs
[2026-01-27T23:59:32.055+0000] {logging_mixin.py:188} INFO - [2026-01-27T23:59:32.054+0000] {dag.py:3954} INFO - Setting next_dagrun for example_sensor_decorator to None, run_after=None
[2026-01-27T23:59:32.075+0000] {processor.py:183} INFO - Processing /home/airflow/.local/lib/python3.12/site-packages/airflow/example_dags/example_sensor_decorator.py took 0.066 seconds
