[2026-01-27T23:36:12.728+0000] {processor.py:161} INFO - Started process (PID=77) to work on /home/airflow/.local/lib/python3.12/site-packages/airflow/example_dags/example_bash_decorator.py
[2026-01-27T23:36:12.730+0000] {processor.py:830} INFO - Processing file /home/airflow/.local/lib/python3.12/site-packages/airflow/example_dags/example_bash_decorator.py for tasks to queue
[2026-01-27T23:36:12.734+0000] {logging_mixin.py:188} INFO - [2026-01-27T23:36:12.733+0000] {dagbag.py:540} INFO - Filling up the DagBag from /home/airflow/.local/lib/python3.12/site-packages/airflow/example_dags/example_bash_decorator.py
[2026-01-27T23:36:12.770+0000] {processor.py:840} INFO - DAG(s) 'example_bash_decorator' retrieved from /home/airflow/.local/lib/python3.12/site-packages/airflow/example_dags/example_bash_decorator.py
[2026-01-27T23:36:13.013+0000] {logging_mixin.py:188} INFO - [2026-01-27T23:36:13.012+0000] {dag.py:3096} INFO - Sync 1 DAGs
[2026-01-27T23:36:13.039+0000] {logging_mixin.py:188} INFO - [2026-01-27T23:36:13.038+0000] {dag.py:3954} INFO - Setting next_dagrun for example_bash_decorator to None, run_after=None
[2026-01-27T23:36:13.092+0000] {processor.py:183} INFO - Processing /home/airflow/.local/lib/python3.12/site-packages/airflow/example_dags/example_bash_decorator.py took 0.380 seconds
[2026-01-27T23:36:43.417+0000] {processor.py:161} INFO - Started process (PID=129) to work on /home/airflow/.local/lib/python3.12/site-packages/airflow/example_dags/example_bash_decorator.py
[2026-01-27T23:36:43.418+0000] {processor.py:830} INFO - Processing file /home/airflow/.local/lib/python3.12/site-packages/airflow/example_dags/example_bash_decorator.py for tasks to queue
[2026-01-27T23:36:43.420+0000] {logging_mixin.py:188} INFO - [2026-01-27T23:36:43.419+0000] {dagbag.py:540} INFO - Filling up the DagBag from /home/airflow/.local/lib/python3.12/site-packages/airflow/example_dags/example_bash_decorator.py
[2026-01-27T23:36:43.431+0000] {processor.py:840} INFO - DAG(s) 'example_bash_decorator' retrieved from /home/airflow/.local/lib/python3.12/site-packages/airflow/example_dags/example_bash_decorator.py
[2026-01-27T23:36:43.457+0000] {logging_mixin.py:188} INFO - [2026-01-27T23:36:43.457+0000] {dag.py:3096} INFO - Sync 1 DAGs
[2026-01-27T23:36:43.468+0000] {logging_mixin.py:188} INFO - [2026-01-27T23:36:43.468+0000] {dag.py:3954} INFO - Setting next_dagrun for example_bash_decorator to None, run_after=None
[2026-01-27T23:36:43.488+0000] {processor.py:183} INFO - Processing /home/airflow/.local/lib/python3.12/site-packages/airflow/example_dags/example_bash_decorator.py took 0.076 seconds
[2026-01-27T23:37:14.482+0000] {processor.py:161} INFO - Started process (PID=181) to work on /home/airflow/.local/lib/python3.12/site-packages/airflow/example_dags/example_bash_decorator.py
[2026-01-27T23:37:14.483+0000] {processor.py:830} INFO - Processing file /home/airflow/.local/lib/python3.12/site-packages/airflow/example_dags/example_bash_decorator.py for tasks to queue
[2026-01-27T23:37:14.485+0000] {logging_mixin.py:188} INFO - [2026-01-27T23:37:14.485+0000] {dagbag.py:540} INFO - Filling up the DagBag from /home/airflow/.local/lib/python3.12/site-packages/airflow/example_dags/example_bash_decorator.py
[2026-01-27T23:37:14.498+0000] {processor.py:840} INFO - DAG(s) 'example_bash_decorator' retrieved from /home/airflow/.local/lib/python3.12/site-packages/airflow/example_dags/example_bash_decorator.py
[2026-01-27T23:37:14.520+0000] {logging_mixin.py:188} INFO - [2026-01-27T23:37:14.520+0000] {dag.py:3096} INFO - Sync 1 DAGs
[2026-01-27T23:37:14.531+0000] {logging_mixin.py:188} INFO - [2026-01-27T23:37:14.531+0000] {dag.py:3954} INFO - Setting next_dagrun for example_bash_decorator to None, run_after=None
[2026-01-27T23:37:14.551+0000] {processor.py:183} INFO - Processing /home/airflow/.local/lib/python3.12/site-packages/airflow/example_dags/example_bash_decorator.py took 0.074 seconds
[2026-01-27T23:37:45.198+0000] {processor.py:161} INFO - Started process (PID=233) to work on /home/airflow/.local/lib/python3.12/site-packages/airflow/example_dags/example_bash_decorator.py
[2026-01-27T23:37:45.200+0000] {processor.py:830} INFO - Processing file /home/airflow/.local/lib/python3.12/site-packages/airflow/example_dags/example_bash_decorator.py for tasks to queue
[2026-01-27T23:37:45.202+0000] {logging_mixin.py:188} INFO - [2026-01-27T23:37:45.202+0000] {dagbag.py:540} INFO - Filling up the DagBag from /home/airflow/.local/lib/python3.12/site-packages/airflow/example_dags/example_bash_decorator.py
[2026-01-27T23:37:45.214+0000] {processor.py:840} INFO - DAG(s) 'example_bash_decorator' retrieved from /home/airflow/.local/lib/python3.12/site-packages/airflow/example_dags/example_bash_decorator.py
[2026-01-27T23:37:45.241+0000] {logging_mixin.py:188} INFO - [2026-01-27T23:37:45.241+0000] {dag.py:3096} INFO - Sync 1 DAGs
[2026-01-27T23:37:45.254+0000] {logging_mixin.py:188} INFO - [2026-01-27T23:37:45.254+0000] {dag.py:3954} INFO - Setting next_dagrun for example_bash_decorator to None, run_after=None
[2026-01-27T23:37:45.286+0000] {processor.py:183} INFO - Processing /home/airflow/.local/lib/python3.12/site-packages/airflow/example_dags/example_bash_decorator.py took 0.096 seconds
[2026-01-27T23:38:15.636+0000] {processor.py:161} INFO - Started process (PID=285) to work on /home/airflow/.local/lib/python3.12/site-packages/airflow/example_dags/example_bash_decorator.py
[2026-01-27T23:38:15.637+0000] {processor.py:830} INFO - Processing file /home/airflow/.local/lib/python3.12/site-packages/airflow/example_dags/example_bash_decorator.py for tasks to queue
[2026-01-27T23:38:15.639+0000] {logging_mixin.py:188} INFO - [2026-01-27T23:38:15.639+0000] {dagbag.py:540} INFO - Filling up the DagBag from /home/airflow/.local/lib/python3.12/site-packages/airflow/example_dags/example_bash_decorator.py
[2026-01-27T23:38:15.651+0000] {processor.py:840} INFO - DAG(s) 'example_bash_decorator' retrieved from /home/airflow/.local/lib/python3.12/site-packages/airflow/example_dags/example_bash_decorator.py
[2026-01-27T23:38:15.675+0000] {logging_mixin.py:188} INFO - [2026-01-27T23:38:15.675+0000] {dag.py:3096} INFO - Sync 1 DAGs
[2026-01-27T23:38:15.688+0000] {logging_mixin.py:188} INFO - [2026-01-27T23:38:15.687+0000] {dag.py:3954} INFO - Setting next_dagrun for example_bash_decorator to None, run_after=None
[2026-01-27T23:38:15.717+0000] {processor.py:183} INFO - Processing /home/airflow/.local/lib/python3.12/site-packages/airflow/example_dags/example_bash_decorator.py took 0.087 seconds
[2026-01-27T23:38:45.836+0000] {processor.py:161} INFO - Started process (PID=337) to work on /home/airflow/.local/lib/python3.12/site-packages/airflow/example_dags/example_bash_decorator.py
[2026-01-27T23:38:45.837+0000] {processor.py:830} INFO - Processing file /home/airflow/.local/lib/python3.12/site-packages/airflow/example_dags/example_bash_decorator.py for tasks to queue
[2026-01-27T23:38:45.839+0000] {logging_mixin.py:188} INFO - [2026-01-27T23:38:45.839+0000] {dagbag.py:540} INFO - Filling up the DagBag from /home/airflow/.local/lib/python3.12/site-packages/airflow/example_dags/example_bash_decorator.py
[2026-01-27T23:38:45.854+0000] {processor.py:840} INFO - DAG(s) 'example_bash_decorator' retrieved from /home/airflow/.local/lib/python3.12/site-packages/airflow/example_dags/example_bash_decorator.py
[2026-01-27T23:38:45.876+0000] {logging_mixin.py:188} INFO - [2026-01-27T23:38:45.875+0000] {dag.py:3096} INFO - Sync 1 DAGs
[2026-01-27T23:38:45.890+0000] {logging_mixin.py:188} INFO - [2026-01-27T23:38:45.890+0000] {dag.py:3954} INFO - Setting next_dagrun for example_bash_decorator to None, run_after=None
[2026-01-27T23:38:45.910+0000] {processor.py:183} INFO - Processing /home/airflow/.local/lib/python3.12/site-packages/airflow/example_dags/example_bash_decorator.py took 0.079 seconds
[2026-01-27T23:39:16.747+0000] {processor.py:161} INFO - Started process (PID=389) to work on /home/airflow/.local/lib/python3.12/site-packages/airflow/example_dags/example_bash_decorator.py
[2026-01-27T23:39:16.749+0000] {processor.py:830} INFO - Processing file /home/airflow/.local/lib/python3.12/site-packages/airflow/example_dags/example_bash_decorator.py for tasks to queue
[2026-01-27T23:39:16.752+0000] {logging_mixin.py:188} INFO - [2026-01-27T23:39:16.751+0000] {dagbag.py:540} INFO - Filling up the DagBag from /home/airflow/.local/lib/python3.12/site-packages/airflow/example_dags/example_bash_decorator.py
[2026-01-27T23:39:16.772+0000] {processor.py:840} INFO - DAG(s) 'example_bash_decorator' retrieved from /home/airflow/.local/lib/python3.12/site-packages/airflow/example_dags/example_bash_decorator.py
[2026-01-27T23:39:16.803+0000] {logging_mixin.py:188} INFO - [2026-01-27T23:39:16.803+0000] {dag.py:3096} INFO - Sync 1 DAGs
[2026-01-27T23:39:16.822+0000] {logging_mixin.py:188} INFO - [2026-01-27T23:39:16.822+0000] {dag.py:3954} INFO - Setting next_dagrun for example_bash_decorator to None, run_after=None
[2026-01-27T23:39:16.852+0000] {processor.py:183} INFO - Processing /home/airflow/.local/lib/python3.12/site-packages/airflow/example_dags/example_bash_decorator.py took 0.112 seconds
[2026-01-27T23:39:47.507+0000] {processor.py:161} INFO - Started process (PID=441) to work on /home/airflow/.local/lib/python3.12/site-packages/airflow/example_dags/example_bash_decorator.py
[2026-01-27T23:39:47.510+0000] {processor.py:830} INFO - Processing file /home/airflow/.local/lib/python3.12/site-packages/airflow/example_dags/example_bash_decorator.py for tasks to queue
[2026-01-27T23:39:47.514+0000] {logging_mixin.py:188} INFO - [2026-01-27T23:39:47.514+0000] {dagbag.py:540} INFO - Filling up the DagBag from /home/airflow/.local/lib/python3.12/site-packages/airflow/example_dags/example_bash_decorator.py
[2026-01-27T23:39:47.560+0000] {processor.py:840} INFO - DAG(s) 'example_bash_decorator' retrieved from /home/airflow/.local/lib/python3.12/site-packages/airflow/example_dags/example_bash_decorator.py
[2026-01-27T23:39:47.619+0000] {logging_mixin.py:188} INFO - [2026-01-27T23:39:47.618+0000] {dag.py:3096} INFO - Sync 1 DAGs
[2026-01-27T23:39:47.653+0000] {logging_mixin.py:188} INFO - [2026-01-27T23:39:47.653+0000] {dag.py:3954} INFO - Setting next_dagrun for example_bash_decorator to None, run_after=None
[2026-01-27T23:39:47.720+0000] {processor.py:183} INFO - Processing /home/airflow/.local/lib/python3.12/site-packages/airflow/example_dags/example_bash_decorator.py took 0.227 seconds
[2026-01-27T23:40:18.466+0000] {processor.py:161} INFO - Started process (PID=493) to work on /home/airflow/.local/lib/python3.12/site-packages/airflow/example_dags/example_bash_decorator.py
[2026-01-27T23:40:18.468+0000] {processor.py:830} INFO - Processing file /home/airflow/.local/lib/python3.12/site-packages/airflow/example_dags/example_bash_decorator.py for tasks to queue
[2026-01-27T23:40:18.471+0000] {logging_mixin.py:188} INFO - [2026-01-27T23:40:18.470+0000] {dagbag.py:540} INFO - Filling up the DagBag from /home/airflow/.local/lib/python3.12/site-packages/airflow/example_dags/example_bash_decorator.py
[2026-01-27T23:40:18.490+0000] {processor.py:840} INFO - DAG(s) 'example_bash_decorator' retrieved from /home/airflow/.local/lib/python3.12/site-packages/airflow/example_dags/example_bash_decorator.py
[2026-01-27T23:40:18.530+0000] {logging_mixin.py:188} INFO - [2026-01-27T23:40:18.529+0000] {dag.py:3096} INFO - Sync 1 DAGs
[2026-01-27T23:40:18.550+0000] {logging_mixin.py:188} INFO - [2026-01-27T23:40:18.550+0000] {dag.py:3954} INFO - Setting next_dagrun for example_bash_decorator to None, run_after=None
[2026-01-27T23:40:18.587+0000] {processor.py:183} INFO - Processing /home/airflow/.local/lib/python3.12/site-packages/airflow/example_dags/example_bash_decorator.py took 0.132 seconds
[2026-01-27T23:40:48.958+0000] {processor.py:161} INFO - Started process (PID=545) to work on /home/airflow/.local/lib/python3.12/site-packages/airflow/example_dags/example_bash_decorator.py
[2026-01-27T23:40:48.959+0000] {processor.py:830} INFO - Processing file /home/airflow/.local/lib/python3.12/site-packages/airflow/example_dags/example_bash_decorator.py for tasks to queue
[2026-01-27T23:40:48.961+0000] {logging_mixin.py:188} INFO - [2026-01-27T23:40:48.961+0000] {dagbag.py:540} INFO - Filling up the DagBag from /home/airflow/.local/lib/python3.12/site-packages/airflow/example_dags/example_bash_decorator.py
[2026-01-27T23:40:48.974+0000] {processor.py:840} INFO - DAG(s) 'example_bash_decorator' retrieved from /home/airflow/.local/lib/python3.12/site-packages/airflow/example_dags/example_bash_decorator.py
[2026-01-27T23:40:49.001+0000] {logging_mixin.py:188} INFO - [2026-01-27T23:40:49.000+0000] {dag.py:3096} INFO - Sync 1 DAGs
[2026-01-27T23:40:49.015+0000] {logging_mixin.py:188} INFO - [2026-01-27T23:40:49.015+0000] {dag.py:3954} INFO - Setting next_dagrun for example_bash_decorator to None, run_after=None
[2026-01-27T23:40:49.035+0000] {processor.py:183} INFO - Processing /home/airflow/.local/lib/python3.12/site-packages/airflow/example_dags/example_bash_decorator.py took 0.084 seconds
[2026-01-27T23:41:19.429+0000] {processor.py:161} INFO - Started process (PID=597) to work on /home/airflow/.local/lib/python3.12/site-packages/airflow/example_dags/example_bash_decorator.py
[2026-01-27T23:41:19.431+0000] {processor.py:830} INFO - Processing file /home/airflow/.local/lib/python3.12/site-packages/airflow/example_dags/example_bash_decorator.py for tasks to queue
[2026-01-27T23:41:19.436+0000] {logging_mixin.py:188} INFO - [2026-01-27T23:41:19.435+0000] {dagbag.py:540} INFO - Filling up the DagBag from /home/airflow/.local/lib/python3.12/site-packages/airflow/example_dags/example_bash_decorator.py
[2026-01-27T23:41:19.470+0000] {processor.py:840} INFO - DAG(s) 'example_bash_decorator' retrieved from /home/airflow/.local/lib/python3.12/site-packages/airflow/example_dags/example_bash_decorator.py
[2026-01-27T23:41:19.530+0000] {logging_mixin.py:188} INFO - [2026-01-27T23:41:19.529+0000] {dag.py:3096} INFO - Sync 1 DAGs
[2026-01-27T23:41:19.557+0000] {logging_mixin.py:188} INFO - [2026-01-27T23:41:19.557+0000] {dag.py:3954} INFO - Setting next_dagrun for example_bash_decorator to None, run_after=None
[2026-01-27T23:41:19.602+0000] {processor.py:183} INFO - Processing /home/airflow/.local/lib/python3.12/site-packages/airflow/example_dags/example_bash_decorator.py took 0.189 seconds
[2026-01-27T23:41:49.930+0000] {processor.py:161} INFO - Started process (PID=649) to work on /home/airflow/.local/lib/python3.12/site-packages/airflow/example_dags/example_bash_decorator.py
[2026-01-27T23:41:49.932+0000] {processor.py:830} INFO - Processing file /home/airflow/.local/lib/python3.12/site-packages/airflow/example_dags/example_bash_decorator.py for tasks to queue
[2026-01-27T23:41:49.936+0000] {logging_mixin.py:188} INFO - [2026-01-27T23:41:49.935+0000] {dagbag.py:540} INFO - Filling up the DagBag from /home/airflow/.local/lib/python3.12/site-packages/airflow/example_dags/example_bash_decorator.py
[2026-01-27T23:41:49.951+0000] {processor.py:840} INFO - DAG(s) 'example_bash_decorator' retrieved from /home/airflow/.local/lib/python3.12/site-packages/airflow/example_dags/example_bash_decorator.py
[2026-01-27T23:41:49.982+0000] {logging_mixin.py:188} INFO - [2026-01-27T23:41:49.982+0000] {dag.py:3096} INFO - Sync 1 DAGs
[2026-01-27T23:41:50.001+0000] {logging_mixin.py:188} INFO - [2026-01-27T23:41:50.001+0000] {dag.py:3954} INFO - Setting next_dagrun for example_bash_decorator to None, run_after=None
[2026-01-27T23:41:50.038+0000] {processor.py:183} INFO - Processing /home/airflow/.local/lib/python3.12/site-packages/airflow/example_dags/example_bash_decorator.py took 0.116 seconds
[2026-01-27T23:42:20.624+0000] {processor.py:161} INFO - Started process (PID=701) to work on /home/airflow/.local/lib/python3.12/site-packages/airflow/example_dags/example_bash_decorator.py
[2026-01-27T23:42:20.625+0000] {processor.py:830} INFO - Processing file /home/airflow/.local/lib/python3.12/site-packages/airflow/example_dags/example_bash_decorator.py for tasks to queue
[2026-01-27T23:42:20.628+0000] {logging_mixin.py:188} INFO - [2026-01-27T23:42:20.627+0000] {dagbag.py:540} INFO - Filling up the DagBag from /home/airflow/.local/lib/python3.12/site-packages/airflow/example_dags/example_bash_decorator.py
[2026-01-27T23:42:20.641+0000] {processor.py:840} INFO - DAG(s) 'example_bash_decorator' retrieved from /home/airflow/.local/lib/python3.12/site-packages/airflow/example_dags/example_bash_decorator.py
[2026-01-27T23:42:20.667+0000] {logging_mixin.py:188} INFO - [2026-01-27T23:42:20.666+0000] {dag.py:3096} INFO - Sync 1 DAGs
[2026-01-27T23:42:20.681+0000] {logging_mixin.py:188} INFO - [2026-01-27T23:42:20.681+0000] {dag.py:3954} INFO - Setting next_dagrun for example_bash_decorator to None, run_after=None
[2026-01-27T23:42:20.716+0000] {processor.py:183} INFO - Processing /home/airflow/.local/lib/python3.12/site-packages/airflow/example_dags/example_bash_decorator.py took 0.099 seconds
[2026-01-27T23:42:51.621+0000] {processor.py:161} INFO - Started process (PID=753) to work on /home/airflow/.local/lib/python3.12/site-packages/airflow/example_dags/example_bash_decorator.py
[2026-01-27T23:42:51.622+0000] {processor.py:830} INFO - Processing file /home/airflow/.local/lib/python3.12/site-packages/airflow/example_dags/example_bash_decorator.py for tasks to queue
[2026-01-27T23:42:51.625+0000] {logging_mixin.py:188} INFO - [2026-01-27T23:42:51.625+0000] {dagbag.py:540} INFO - Filling up the DagBag from /home/airflow/.local/lib/python3.12/site-packages/airflow/example_dags/example_bash_decorator.py
[2026-01-27T23:42:51.640+0000] {processor.py:840} INFO - DAG(s) 'example_bash_decorator' retrieved from /home/airflow/.local/lib/python3.12/site-packages/airflow/example_dags/example_bash_decorator.py
[2026-01-27T23:42:51.666+0000] {logging_mixin.py:188} INFO - [2026-01-27T23:42:51.665+0000] {dag.py:3096} INFO - Sync 1 DAGs
[2026-01-27T23:42:51.680+0000] {logging_mixin.py:188} INFO - [2026-01-27T23:42:51.679+0000] {dag.py:3954} INFO - Setting next_dagrun for example_bash_decorator to None, run_after=None
[2026-01-27T23:42:51.711+0000] {processor.py:183} INFO - Processing /home/airflow/.local/lib/python3.12/site-packages/airflow/example_dags/example_bash_decorator.py took 0.096 seconds
[2026-01-27T23:43:22.445+0000] {processor.py:161} INFO - Started process (PID=805) to work on /home/airflow/.local/lib/python3.12/site-packages/airflow/example_dags/example_bash_decorator.py
[2026-01-27T23:43:22.447+0000] {processor.py:830} INFO - Processing file /home/airflow/.local/lib/python3.12/site-packages/airflow/example_dags/example_bash_decorator.py for tasks to queue
[2026-01-27T23:43:22.450+0000] {logging_mixin.py:188} INFO - [2026-01-27T23:43:22.449+0000] {dagbag.py:540} INFO - Filling up the DagBag from /home/airflow/.local/lib/python3.12/site-packages/airflow/example_dags/example_bash_decorator.py
[2026-01-27T23:43:22.467+0000] {processor.py:840} INFO - DAG(s) 'example_bash_decorator' retrieved from /home/airflow/.local/lib/python3.12/site-packages/airflow/example_dags/example_bash_decorator.py
[2026-01-27T23:43:22.495+0000] {logging_mixin.py:188} INFO - [2026-01-27T23:43:22.494+0000] {dag.py:3096} INFO - Sync 1 DAGs
[2026-01-27T23:43:22.508+0000] {logging_mixin.py:188} INFO - [2026-01-27T23:43:22.508+0000] {dag.py:3954} INFO - Setting next_dagrun for example_bash_decorator to None, run_after=None
[2026-01-27T23:43:22.536+0000] {processor.py:183} INFO - Processing /home/airflow/.local/lib/python3.12/site-packages/airflow/example_dags/example_bash_decorator.py took 0.100 seconds
[2026-01-27T23:43:52.961+0000] {processor.py:161} INFO - Started process (PID=857) to work on /home/airflow/.local/lib/python3.12/site-packages/airflow/example_dags/example_bash_decorator.py
[2026-01-27T23:43:52.962+0000] {processor.py:830} INFO - Processing file /home/airflow/.local/lib/python3.12/site-packages/airflow/example_dags/example_bash_decorator.py for tasks to queue
[2026-01-27T23:43:52.964+0000] {logging_mixin.py:188} INFO - [2026-01-27T23:43:52.964+0000] {dagbag.py:540} INFO - Filling up the DagBag from /home/airflow/.local/lib/python3.12/site-packages/airflow/example_dags/example_bash_decorator.py
[2026-01-27T23:43:52.979+0000] {processor.py:840} INFO - DAG(s) 'example_bash_decorator' retrieved from /home/airflow/.local/lib/python3.12/site-packages/airflow/example_dags/example_bash_decorator.py
[2026-01-27T23:43:53.012+0000] {logging_mixin.py:188} INFO - [2026-01-27T23:43:53.011+0000] {dag.py:3096} INFO - Sync 1 DAGs
[2026-01-27T23:43:53.027+0000] {logging_mixin.py:188} INFO - [2026-01-27T23:43:53.026+0000] {dag.py:3954} INFO - Setting next_dagrun for example_bash_decorator to None, run_after=None
[2026-01-27T23:43:53.061+0000] {processor.py:183} INFO - Processing /home/airflow/.local/lib/python3.12/site-packages/airflow/example_dags/example_bash_decorator.py took 0.108 seconds
[2026-01-27T23:44:23.528+0000] {processor.py:161} INFO - Started process (PID=909) to work on /home/airflow/.local/lib/python3.12/site-packages/airflow/example_dags/example_bash_decorator.py
[2026-01-27T23:44:23.529+0000] {processor.py:830} INFO - Processing file /home/airflow/.local/lib/python3.12/site-packages/airflow/example_dags/example_bash_decorator.py for tasks to queue
[2026-01-27T23:44:23.532+0000] {logging_mixin.py:188} INFO - [2026-01-27T23:44:23.531+0000] {dagbag.py:540} INFO - Filling up the DagBag from /home/airflow/.local/lib/python3.12/site-packages/airflow/example_dags/example_bash_decorator.py
[2026-01-27T23:44:23.561+0000] {processor.py:840} INFO - DAG(s) 'example_bash_decorator' retrieved from /home/airflow/.local/lib/python3.12/site-packages/airflow/example_dags/example_bash_decorator.py
[2026-01-27T23:44:23.593+0000] {logging_mixin.py:188} INFO - [2026-01-27T23:44:23.593+0000] {dag.py:3096} INFO - Sync 1 DAGs
[2026-01-27T23:44:23.616+0000] {logging_mixin.py:188} INFO - [2026-01-27T23:44:23.615+0000] {dag.py:3954} INFO - Setting next_dagrun for example_bash_decorator to None, run_after=None
[2026-01-27T23:44:23.647+0000] {processor.py:183} INFO - Processing /home/airflow/.local/lib/python3.12/site-packages/airflow/example_dags/example_bash_decorator.py took 0.128 seconds
[2026-01-27T23:44:53.726+0000] {processor.py:161} INFO - Started process (PID=961) to work on /home/airflow/.local/lib/python3.12/site-packages/airflow/example_dags/example_bash_decorator.py
[2026-01-27T23:44:53.727+0000] {processor.py:830} INFO - Processing file /home/airflow/.local/lib/python3.12/site-packages/airflow/example_dags/example_bash_decorator.py for tasks to queue
[2026-01-27T23:44:53.729+0000] {logging_mixin.py:188} INFO - [2026-01-27T23:44:53.729+0000] {dagbag.py:540} INFO - Filling up the DagBag from /home/airflow/.local/lib/python3.12/site-packages/airflow/example_dags/example_bash_decorator.py
[2026-01-27T23:44:53.746+0000] {processor.py:840} INFO - DAG(s) 'example_bash_decorator' retrieved from /home/airflow/.local/lib/python3.12/site-packages/airflow/example_dags/example_bash_decorator.py
[2026-01-27T23:44:53.776+0000] {logging_mixin.py:188} INFO - [2026-01-27T23:44:53.776+0000] {dag.py:3096} INFO - Sync 1 DAGs
[2026-01-27T23:44:53.788+0000] {logging_mixin.py:188} INFO - [2026-01-27T23:44:53.788+0000] {dag.py:3954} INFO - Setting next_dagrun for example_bash_decorator to None, run_after=None
[2026-01-27T23:44:53.810+0000] {processor.py:183} INFO - Processing /home/airflow/.local/lib/python3.12/site-packages/airflow/example_dags/example_bash_decorator.py took 0.091 seconds
[2026-01-27T23:45:24.549+0000] {processor.py:161} INFO - Started process (PID=1013) to work on /home/airflow/.local/lib/python3.12/site-packages/airflow/example_dags/example_bash_decorator.py
[2026-01-27T23:45:24.551+0000] {processor.py:830} INFO - Processing file /home/airflow/.local/lib/python3.12/site-packages/airflow/example_dags/example_bash_decorator.py for tasks to queue
[2026-01-27T23:45:24.553+0000] {logging_mixin.py:188} INFO - [2026-01-27T23:45:24.552+0000] {dagbag.py:540} INFO - Filling up the DagBag from /home/airflow/.local/lib/python3.12/site-packages/airflow/example_dags/example_bash_decorator.py
[2026-01-27T23:45:24.566+0000] {processor.py:840} INFO - DAG(s) 'example_bash_decorator' retrieved from /home/airflow/.local/lib/python3.12/site-packages/airflow/example_dags/example_bash_decorator.py
[2026-01-27T23:45:24.592+0000] {logging_mixin.py:188} INFO - [2026-01-27T23:45:24.592+0000] {dag.py:3096} INFO - Sync 1 DAGs
[2026-01-27T23:45:24.608+0000] {logging_mixin.py:188} INFO - [2026-01-27T23:45:24.608+0000] {dag.py:3954} INFO - Setting next_dagrun for example_bash_decorator to None, run_after=None
[2026-01-27T23:45:24.629+0000] {processor.py:183} INFO - Processing /home/airflow/.local/lib/python3.12/site-packages/airflow/example_dags/example_bash_decorator.py took 0.087 seconds
[2026-01-27T23:45:55.078+0000] {processor.py:161} INFO - Started process (PID=1065) to work on /home/airflow/.local/lib/python3.12/site-packages/airflow/example_dags/example_bash_decorator.py
[2026-01-27T23:45:55.079+0000] {processor.py:830} INFO - Processing file /home/airflow/.local/lib/python3.12/site-packages/airflow/example_dags/example_bash_decorator.py for tasks to queue
[2026-01-27T23:45:55.081+0000] {logging_mixin.py:188} INFO - [2026-01-27T23:45:55.081+0000] {dagbag.py:540} INFO - Filling up the DagBag from /home/airflow/.local/lib/python3.12/site-packages/airflow/example_dags/example_bash_decorator.py
[2026-01-27T23:45:55.099+0000] {processor.py:840} INFO - DAG(s) 'example_bash_decorator' retrieved from /home/airflow/.local/lib/python3.12/site-packages/airflow/example_dags/example_bash_decorator.py
[2026-01-27T23:45:55.126+0000] {logging_mixin.py:188} INFO - [2026-01-27T23:45:55.126+0000] {dag.py:3096} INFO - Sync 1 DAGs
[2026-01-27T23:45:55.139+0000] {logging_mixin.py:188} INFO - [2026-01-27T23:45:55.139+0000] {dag.py:3954} INFO - Setting next_dagrun for example_bash_decorator to None, run_after=None
[2026-01-27T23:45:55.164+0000] {processor.py:183} INFO - Processing /home/airflow/.local/lib/python3.12/site-packages/airflow/example_dags/example_bash_decorator.py took 0.094 seconds
[2026-01-27T23:46:25.403+0000] {processor.py:161} INFO - Started process (PID=1117) to work on /home/airflow/.local/lib/python3.12/site-packages/airflow/example_dags/example_bash_decorator.py
[2026-01-27T23:46:25.404+0000] {processor.py:830} INFO - Processing file /home/airflow/.local/lib/python3.12/site-packages/airflow/example_dags/example_bash_decorator.py for tasks to queue
[2026-01-27T23:46:25.406+0000] {logging_mixin.py:188} INFO - [2026-01-27T23:46:25.405+0000] {dagbag.py:540} INFO - Filling up the DagBag from /home/airflow/.local/lib/python3.12/site-packages/airflow/example_dags/example_bash_decorator.py
[2026-01-27T23:46:25.418+0000] {processor.py:840} INFO - DAG(s) 'example_bash_decorator' retrieved from /home/airflow/.local/lib/python3.12/site-packages/airflow/example_dags/example_bash_decorator.py
[2026-01-27T23:46:25.441+0000] {logging_mixin.py:188} INFO - [2026-01-27T23:46:25.441+0000] {dag.py:3096} INFO - Sync 1 DAGs
[2026-01-27T23:46:25.452+0000] {logging_mixin.py:188} INFO - [2026-01-27T23:46:25.452+0000] {dag.py:3954} INFO - Setting next_dagrun for example_bash_decorator to None, run_after=None
[2026-01-27T23:46:25.484+0000] {processor.py:183} INFO - Processing /home/airflow/.local/lib/python3.12/site-packages/airflow/example_dags/example_bash_decorator.py took 0.087 seconds
[2026-01-27T23:46:55.671+0000] {processor.py:161} INFO - Started process (PID=1169) to work on /home/airflow/.local/lib/python3.12/site-packages/airflow/example_dags/example_bash_decorator.py
[2026-01-27T23:46:55.672+0000] {processor.py:830} INFO - Processing file /home/airflow/.local/lib/python3.12/site-packages/airflow/example_dags/example_bash_decorator.py for tasks to queue
[2026-01-27T23:46:55.675+0000] {logging_mixin.py:188} INFO - [2026-01-27T23:46:55.675+0000] {dagbag.py:540} INFO - Filling up the DagBag from /home/airflow/.local/lib/python3.12/site-packages/airflow/example_dags/example_bash_decorator.py
[2026-01-27T23:46:55.688+0000] {processor.py:840} INFO - DAG(s) 'example_bash_decorator' retrieved from /home/airflow/.local/lib/python3.12/site-packages/airflow/example_dags/example_bash_decorator.py
[2026-01-27T23:46:55.713+0000] {logging_mixin.py:188} INFO - [2026-01-27T23:46:55.713+0000] {dag.py:3096} INFO - Sync 1 DAGs
[2026-01-27T23:46:55.727+0000] {logging_mixin.py:188} INFO - [2026-01-27T23:46:55.726+0000] {dag.py:3954} INFO - Setting next_dagrun for example_bash_decorator to None, run_after=None
[2026-01-27T23:46:55.748+0000] {processor.py:183} INFO - Processing /home/airflow/.local/lib/python3.12/site-packages/airflow/example_dags/example_bash_decorator.py took 0.084 seconds
[2026-01-27T23:47:26.625+0000] {processor.py:161} INFO - Started process (PID=1221) to work on /home/airflow/.local/lib/python3.12/site-packages/airflow/example_dags/example_bash_decorator.py
[2026-01-27T23:47:26.627+0000] {processor.py:830} INFO - Processing file /home/airflow/.local/lib/python3.12/site-packages/airflow/example_dags/example_bash_decorator.py for tasks to queue
[2026-01-27T23:47:26.630+0000] {logging_mixin.py:188} INFO - [2026-01-27T23:47:26.630+0000] {dagbag.py:540} INFO - Filling up the DagBag from /home/airflow/.local/lib/python3.12/site-packages/airflow/example_dags/example_bash_decorator.py
[2026-01-27T23:47:26.647+0000] {processor.py:840} INFO - DAG(s) 'example_bash_decorator' retrieved from /home/airflow/.local/lib/python3.12/site-packages/airflow/example_dags/example_bash_decorator.py
[2026-01-27T23:47:26.688+0000] {logging_mixin.py:188} INFO - [2026-01-27T23:47:26.688+0000] {dag.py:3096} INFO - Sync 1 DAGs
[2026-01-27T23:47:26.890+0000] {logging_mixin.py:188} INFO - [2026-01-27T23:47:26.890+0000] {dag.py:3954} INFO - Setting next_dagrun for example_bash_decorator to None, run_after=None
[2026-01-27T23:47:26.926+0000] {processor.py:183} INFO - Processing /home/airflow/.local/lib/python3.12/site-packages/airflow/example_dags/example_bash_decorator.py took 0.308 seconds
[2026-01-27T23:47:57.669+0000] {processor.py:161} INFO - Started process (PID=1273) to work on /home/airflow/.local/lib/python3.12/site-packages/airflow/example_dags/example_bash_decorator.py
[2026-01-27T23:47:57.670+0000] {processor.py:830} INFO - Processing file /home/airflow/.local/lib/python3.12/site-packages/airflow/example_dags/example_bash_decorator.py for tasks to queue
[2026-01-27T23:47:57.672+0000] {logging_mixin.py:188} INFO - [2026-01-27T23:47:57.671+0000] {dagbag.py:540} INFO - Filling up the DagBag from /home/airflow/.local/lib/python3.12/site-packages/airflow/example_dags/example_bash_decorator.py
[2026-01-27T23:47:57.683+0000] {processor.py:840} INFO - DAG(s) 'example_bash_decorator' retrieved from /home/airflow/.local/lib/python3.12/site-packages/airflow/example_dags/example_bash_decorator.py
[2026-01-27T23:47:57.707+0000] {logging_mixin.py:188} INFO - [2026-01-27T23:47:57.706+0000] {dag.py:3096} INFO - Sync 1 DAGs
[2026-01-27T23:47:57.719+0000] {logging_mixin.py:188} INFO - [2026-01-27T23:47:57.719+0000] {dag.py:3954} INFO - Setting next_dagrun for example_bash_decorator to None, run_after=None
[2026-01-27T23:47:57.739+0000] {processor.py:183} INFO - Processing /home/airflow/.local/lib/python3.12/site-packages/airflow/example_dags/example_bash_decorator.py took 0.076 seconds
[2026-01-27T23:48:27.869+0000] {processor.py:161} INFO - Started process (PID=1325) to work on /home/airflow/.local/lib/python3.12/site-packages/airflow/example_dags/example_bash_decorator.py
[2026-01-27T23:48:27.870+0000] {processor.py:830} INFO - Processing file /home/airflow/.local/lib/python3.12/site-packages/airflow/example_dags/example_bash_decorator.py for tasks to queue
[2026-01-27T23:48:27.872+0000] {logging_mixin.py:188} INFO - [2026-01-27T23:48:27.871+0000] {dagbag.py:540} INFO - Filling up the DagBag from /home/airflow/.local/lib/python3.12/site-packages/airflow/example_dags/example_bash_decorator.py
[2026-01-27T23:48:27.883+0000] {processor.py:840} INFO - DAG(s) 'example_bash_decorator' retrieved from /home/airflow/.local/lib/python3.12/site-packages/airflow/example_dags/example_bash_decorator.py
[2026-01-27T23:48:27.906+0000] {logging_mixin.py:188} INFO - [2026-01-27T23:48:27.906+0000] {dag.py:3096} INFO - Sync 1 DAGs
[2026-01-27T23:48:27.917+0000] {logging_mixin.py:188} INFO - [2026-01-27T23:48:27.917+0000] {dag.py:3954} INFO - Setting next_dagrun for example_bash_decorator to None, run_after=None
[2026-01-27T23:48:27.937+0000] {processor.py:183} INFO - Processing /home/airflow/.local/lib/python3.12/site-packages/airflow/example_dags/example_bash_decorator.py took 0.074 seconds
[2026-01-27T23:48:58.812+0000] {processor.py:161} INFO - Started process (PID=1377) to work on /home/airflow/.local/lib/python3.12/site-packages/airflow/example_dags/example_bash_decorator.py
[2026-01-27T23:48:58.814+0000] {processor.py:830} INFO - Processing file /home/airflow/.local/lib/python3.12/site-packages/airflow/example_dags/example_bash_decorator.py for tasks to queue
[2026-01-27T23:48:58.817+0000] {logging_mixin.py:188} INFO - [2026-01-27T23:48:58.817+0000] {dagbag.py:540} INFO - Filling up the DagBag from /home/airflow/.local/lib/python3.12/site-packages/airflow/example_dags/example_bash_decorator.py
[2026-01-27T23:48:58.839+0000] {processor.py:840} INFO - DAG(s) 'example_bash_decorator' retrieved from /home/airflow/.local/lib/python3.12/site-packages/airflow/example_dags/example_bash_decorator.py
[2026-01-27T23:48:58.877+0000] {logging_mixin.py:188} INFO - [2026-01-27T23:48:58.877+0000] {dag.py:3096} INFO - Sync 1 DAGs
[2026-01-27T23:48:58.895+0000] {logging_mixin.py:188} INFO - [2026-01-27T23:48:58.895+0000] {dag.py:3954} INFO - Setting next_dagrun for example_bash_decorator to None, run_after=None
[2026-01-27T23:48:58.919+0000] {processor.py:183} INFO - Processing /home/airflow/.local/lib/python3.12/site-packages/airflow/example_dags/example_bash_decorator.py took 0.119 seconds
[2026-01-27T23:49:29.255+0000] {processor.py:161} INFO - Started process (PID=1429) to work on /home/airflow/.local/lib/python3.12/site-packages/airflow/example_dags/example_bash_decorator.py
[2026-01-27T23:49:29.257+0000] {processor.py:830} INFO - Processing file /home/airflow/.local/lib/python3.12/site-packages/airflow/example_dags/example_bash_decorator.py for tasks to queue
[2026-01-27T23:49:29.258+0000] {logging_mixin.py:188} INFO - [2026-01-27T23:49:29.258+0000] {dagbag.py:540} INFO - Filling up the DagBag from /home/airflow/.local/lib/python3.12/site-packages/airflow/example_dags/example_bash_decorator.py
[2026-01-27T23:49:29.271+0000] {processor.py:840} INFO - DAG(s) 'example_bash_decorator' retrieved from /home/airflow/.local/lib/python3.12/site-packages/airflow/example_dags/example_bash_decorator.py
[2026-01-27T23:49:29.297+0000] {logging_mixin.py:188} INFO - [2026-01-27T23:49:29.297+0000] {dag.py:3096} INFO - Sync 1 DAGs
[2026-01-27T23:49:29.314+0000] {logging_mixin.py:188} INFO - [2026-01-27T23:49:29.314+0000] {dag.py:3954} INFO - Setting next_dagrun for example_bash_decorator to None, run_after=None
[2026-01-27T23:49:29.337+0000] {processor.py:183} INFO - Processing /home/airflow/.local/lib/python3.12/site-packages/airflow/example_dags/example_bash_decorator.py took 0.088 seconds
[2026-01-27T23:49:59.503+0000] {processor.py:161} INFO - Started process (PID=1481) to work on /home/airflow/.local/lib/python3.12/site-packages/airflow/example_dags/example_bash_decorator.py
[2026-01-27T23:49:59.505+0000] {processor.py:830} INFO - Processing file /home/airflow/.local/lib/python3.12/site-packages/airflow/example_dags/example_bash_decorator.py for tasks to queue
[2026-01-27T23:49:59.506+0000] {logging_mixin.py:188} INFO - [2026-01-27T23:49:59.506+0000] {dagbag.py:540} INFO - Filling up the DagBag from /home/airflow/.local/lib/python3.12/site-packages/airflow/example_dags/example_bash_decorator.py
[2026-01-27T23:49:59.522+0000] {processor.py:840} INFO - DAG(s) 'example_bash_decorator' retrieved from /home/airflow/.local/lib/python3.12/site-packages/airflow/example_dags/example_bash_decorator.py
[2026-01-27T23:49:59.553+0000] {logging_mixin.py:188} INFO - [2026-01-27T23:49:59.553+0000] {dag.py:3096} INFO - Sync 1 DAGs
[2026-01-27T23:49:59.568+0000] {logging_mixin.py:188} INFO - [2026-01-27T23:49:59.568+0000] {dag.py:3954} INFO - Setting next_dagrun for example_bash_decorator to None, run_after=None
[2026-01-27T23:49:59.599+0000] {processor.py:183} INFO - Processing /home/airflow/.local/lib/python3.12/site-packages/airflow/example_dags/example_bash_decorator.py took 0.101 seconds
[2026-01-27T23:50:29.844+0000] {processor.py:161} INFO - Started process (PID=1533) to work on /home/airflow/.local/lib/python3.12/site-packages/airflow/example_dags/example_bash_decorator.py
[2026-01-27T23:50:29.845+0000] {processor.py:830} INFO - Processing file /home/airflow/.local/lib/python3.12/site-packages/airflow/example_dags/example_bash_decorator.py for tasks to queue
[2026-01-27T23:50:29.847+0000] {logging_mixin.py:188} INFO - [2026-01-27T23:50:29.847+0000] {dagbag.py:540} INFO - Filling up the DagBag from /home/airflow/.local/lib/python3.12/site-packages/airflow/example_dags/example_bash_decorator.py
[2026-01-27T23:50:29.860+0000] {processor.py:840} INFO - DAG(s) 'example_bash_decorator' retrieved from /home/airflow/.local/lib/python3.12/site-packages/airflow/example_dags/example_bash_decorator.py
[2026-01-27T23:50:29.882+0000] {logging_mixin.py:188} INFO - [2026-01-27T23:50:29.881+0000] {dag.py:3096} INFO - Sync 1 DAGs
[2026-01-27T23:50:29.894+0000] {logging_mixin.py:188} INFO - [2026-01-27T23:50:29.894+0000] {dag.py:3954} INFO - Setting next_dagrun for example_bash_decorator to None, run_after=None
[2026-01-27T23:50:29.915+0000] {processor.py:183} INFO - Processing /home/airflow/.local/lib/python3.12/site-packages/airflow/example_dags/example_bash_decorator.py took 0.075 seconds
[2026-01-27T23:51:00.222+0000] {processor.py:161} INFO - Started process (PID=1585) to work on /home/airflow/.local/lib/python3.12/site-packages/airflow/example_dags/example_bash_decorator.py
[2026-01-27T23:51:00.224+0000] {processor.py:830} INFO - Processing file /home/airflow/.local/lib/python3.12/site-packages/airflow/example_dags/example_bash_decorator.py for tasks to queue
[2026-01-27T23:51:00.227+0000] {logging_mixin.py:188} INFO - [2026-01-27T23:51:00.227+0000] {dagbag.py:540} INFO - Filling up the DagBag from /home/airflow/.local/lib/python3.12/site-packages/airflow/example_dags/example_bash_decorator.py
[2026-01-27T23:51:00.240+0000] {processor.py:840} INFO - DAG(s) 'example_bash_decorator' retrieved from /home/airflow/.local/lib/python3.12/site-packages/airflow/example_dags/example_bash_decorator.py
[2026-01-27T23:51:00.265+0000] {logging_mixin.py:188} INFO - [2026-01-27T23:51:00.265+0000] {dag.py:3096} INFO - Sync 1 DAGs
[2026-01-27T23:51:00.280+0000] {logging_mixin.py:188} INFO - [2026-01-27T23:51:00.279+0000] {dag.py:3954} INFO - Setting next_dagrun for example_bash_decorator to None, run_after=None
[2026-01-27T23:51:00.303+0000] {processor.py:183} INFO - Processing /home/airflow/.local/lib/python3.12/site-packages/airflow/example_dags/example_bash_decorator.py took 0.088 seconds
[2026-01-27T23:51:30.849+0000] {processor.py:161} INFO - Started process (PID=1637) to work on /home/airflow/.local/lib/python3.12/site-packages/airflow/example_dags/example_bash_decorator.py
[2026-01-27T23:51:30.850+0000] {processor.py:830} INFO - Processing file /home/airflow/.local/lib/python3.12/site-packages/airflow/example_dags/example_bash_decorator.py for tasks to queue
[2026-01-27T23:51:30.852+0000] {logging_mixin.py:188} INFO - [2026-01-27T23:51:30.852+0000] {dagbag.py:540} INFO - Filling up the DagBag from /home/airflow/.local/lib/python3.12/site-packages/airflow/example_dags/example_bash_decorator.py
[2026-01-27T23:51:30.865+0000] {processor.py:840} INFO - DAG(s) 'example_bash_decorator' retrieved from /home/airflow/.local/lib/python3.12/site-packages/airflow/example_dags/example_bash_decorator.py
[2026-01-27T23:51:30.896+0000] {logging_mixin.py:188} INFO - [2026-01-27T23:51:30.896+0000] {dag.py:3096} INFO - Sync 1 DAGs
[2026-01-27T23:51:30.908+0000] {logging_mixin.py:188} INFO - [2026-01-27T23:51:30.908+0000] {dag.py:3954} INFO - Setting next_dagrun for example_bash_decorator to None, run_after=None
[2026-01-27T23:51:30.941+0000] {processor.py:183} INFO - Processing /home/airflow/.local/lib/python3.12/site-packages/airflow/example_dags/example_bash_decorator.py took 0.098 seconds
[2026-01-27T23:52:01.063+0000] {processor.py:161} INFO - Started process (PID=1689) to work on /home/airflow/.local/lib/python3.12/site-packages/airflow/example_dags/example_bash_decorator.py
[2026-01-27T23:52:01.065+0000] {processor.py:830} INFO - Processing file /home/airflow/.local/lib/python3.12/site-packages/airflow/example_dags/example_bash_decorator.py for tasks to queue
[2026-01-27T23:52:01.067+0000] {logging_mixin.py:188} INFO - [2026-01-27T23:52:01.067+0000] {dagbag.py:540} INFO - Filling up the DagBag from /home/airflow/.local/lib/python3.12/site-packages/airflow/example_dags/example_bash_decorator.py
[2026-01-27T23:52:01.086+0000] {processor.py:840} INFO - DAG(s) 'example_bash_decorator' retrieved from /home/airflow/.local/lib/python3.12/site-packages/airflow/example_dags/example_bash_decorator.py
[2026-01-27T23:52:01.127+0000] {logging_mixin.py:188} INFO - [2026-01-27T23:52:01.127+0000] {dag.py:3096} INFO - Sync 1 DAGs
[2026-01-27T23:52:01.150+0000] {logging_mixin.py:188} INFO - [2026-01-27T23:52:01.150+0000] {dag.py:3954} INFO - Setting next_dagrun for example_bash_decorator to None, run_after=None
[2026-01-27T23:52:01.177+0000] {processor.py:183} INFO - Processing /home/airflow/.local/lib/python3.12/site-packages/airflow/example_dags/example_bash_decorator.py took 0.124 seconds
[2026-01-27T23:52:31.270+0000] {processor.py:161} INFO - Started process (PID=1741) to work on /home/airflow/.local/lib/python3.12/site-packages/airflow/example_dags/example_bash_decorator.py
[2026-01-27T23:52:31.272+0000] {processor.py:830} INFO - Processing file /home/airflow/.local/lib/python3.12/site-packages/airflow/example_dags/example_bash_decorator.py for tasks to queue
[2026-01-27T23:52:31.274+0000] {logging_mixin.py:188} INFO - [2026-01-27T23:52:31.273+0000] {dagbag.py:540} INFO - Filling up the DagBag from /home/airflow/.local/lib/python3.12/site-packages/airflow/example_dags/example_bash_decorator.py
[2026-01-27T23:52:31.287+0000] {processor.py:840} INFO - DAG(s) 'example_bash_decorator' retrieved from /home/airflow/.local/lib/python3.12/site-packages/airflow/example_dags/example_bash_decorator.py
[2026-01-27T23:52:31.310+0000] {logging_mixin.py:188} INFO - [2026-01-27T23:52:31.310+0000] {dag.py:3096} INFO - Sync 1 DAGs
[2026-01-27T23:52:31.325+0000] {logging_mixin.py:188} INFO - [2026-01-27T23:52:31.325+0000] {dag.py:3954} INFO - Setting next_dagrun for example_bash_decorator to None, run_after=None
[2026-01-27T23:52:31.344+0000] {processor.py:183} INFO - Processing /home/airflow/.local/lib/python3.12/site-packages/airflow/example_dags/example_bash_decorator.py took 0.079 seconds
[2026-01-27T23:53:01.602+0000] {processor.py:161} INFO - Started process (PID=1793) to work on /home/airflow/.local/lib/python3.12/site-packages/airflow/example_dags/example_bash_decorator.py
[2026-01-27T23:53:01.604+0000] {processor.py:830} INFO - Processing file /home/airflow/.local/lib/python3.12/site-packages/airflow/example_dags/example_bash_decorator.py for tasks to queue
[2026-01-27T23:53:01.606+0000] {logging_mixin.py:188} INFO - [2026-01-27T23:53:01.606+0000] {dagbag.py:540} INFO - Filling up the DagBag from /home/airflow/.local/lib/python3.12/site-packages/airflow/example_dags/example_bash_decorator.py
[2026-01-27T23:53:01.618+0000] {processor.py:840} INFO - DAG(s) 'example_bash_decorator' retrieved from /home/airflow/.local/lib/python3.12/site-packages/airflow/example_dags/example_bash_decorator.py
[2026-01-27T23:53:01.639+0000] {logging_mixin.py:188} INFO - [2026-01-27T23:53:01.639+0000] {dag.py:3096} INFO - Sync 1 DAGs
[2026-01-27T23:53:01.651+0000] {logging_mixin.py:188} INFO - [2026-01-27T23:53:01.651+0000] {dag.py:3954} INFO - Setting next_dagrun for example_bash_decorator to None, run_after=None
[2026-01-27T23:53:01.670+0000] {processor.py:183} INFO - Processing /home/airflow/.local/lib/python3.12/site-packages/airflow/example_dags/example_bash_decorator.py took 0.076 seconds
[2026-01-27T23:53:31.840+0000] {processor.py:161} INFO - Started process (PID=1845) to work on /home/airflow/.local/lib/python3.12/site-packages/airflow/example_dags/example_bash_decorator.py
[2026-01-27T23:53:31.841+0000] {processor.py:830} INFO - Processing file /home/airflow/.local/lib/python3.12/site-packages/airflow/example_dags/example_bash_decorator.py for tasks to queue
[2026-01-27T23:53:31.843+0000] {logging_mixin.py:188} INFO - [2026-01-27T23:53:31.843+0000] {dagbag.py:540} INFO - Filling up the DagBag from /home/airflow/.local/lib/python3.12/site-packages/airflow/example_dags/example_bash_decorator.py
[2026-01-27T23:53:31.857+0000] {processor.py:840} INFO - DAG(s) 'example_bash_decorator' retrieved from /home/airflow/.local/lib/python3.12/site-packages/airflow/example_dags/example_bash_decorator.py
[2026-01-27T23:53:31.882+0000] {logging_mixin.py:188} INFO - [2026-01-27T23:53:31.882+0000] {dag.py:3096} INFO - Sync 1 DAGs
[2026-01-27T23:53:31.895+0000] {logging_mixin.py:188} INFO - [2026-01-27T23:53:31.895+0000] {dag.py:3954} INFO - Setting next_dagrun for example_bash_decorator to None, run_after=None
[2026-01-27T23:53:31.915+0000] {processor.py:183} INFO - Processing /home/airflow/.local/lib/python3.12/site-packages/airflow/example_dags/example_bash_decorator.py took 0.081 seconds
[2026-01-27T23:54:02.166+0000] {processor.py:161} INFO - Started process (PID=1897) to work on /home/airflow/.local/lib/python3.12/site-packages/airflow/example_dags/example_bash_decorator.py
[2026-01-27T23:54:02.167+0000] {processor.py:830} INFO - Processing file /home/airflow/.local/lib/python3.12/site-packages/airflow/example_dags/example_bash_decorator.py for tasks to queue
[2026-01-27T23:54:02.169+0000] {logging_mixin.py:188} INFO - [2026-01-27T23:54:02.169+0000] {dagbag.py:540} INFO - Filling up the DagBag from /home/airflow/.local/lib/python3.12/site-packages/airflow/example_dags/example_bash_decorator.py
[2026-01-27T23:54:02.185+0000] {processor.py:840} INFO - DAG(s) 'example_bash_decorator' retrieved from /home/airflow/.local/lib/python3.12/site-packages/airflow/example_dags/example_bash_decorator.py
[2026-01-27T23:54:02.213+0000] {logging_mixin.py:188} INFO - [2026-01-27T23:54:02.213+0000] {dag.py:3096} INFO - Sync 1 DAGs
[2026-01-27T23:54:02.229+0000] {logging_mixin.py:188} INFO - [2026-01-27T23:54:02.229+0000] {dag.py:3954} INFO - Setting next_dagrun for example_bash_decorator to None, run_after=None
[2026-01-27T23:54:02.252+0000] {processor.py:183} INFO - Processing /home/airflow/.local/lib/python3.12/site-packages/airflow/example_dags/example_bash_decorator.py took 0.094 seconds
[2026-01-27T23:54:32.338+0000] {processor.py:161} INFO - Started process (PID=1949) to work on /home/airflow/.local/lib/python3.12/site-packages/airflow/example_dags/example_bash_decorator.py
[2026-01-27T23:54:32.339+0000] {processor.py:830} INFO - Processing file /home/airflow/.local/lib/python3.12/site-packages/airflow/example_dags/example_bash_decorator.py for tasks to queue
[2026-01-27T23:54:32.341+0000] {logging_mixin.py:188} INFO - [2026-01-27T23:54:32.341+0000] {dagbag.py:540} INFO - Filling up the DagBag from /home/airflow/.local/lib/python3.12/site-packages/airflow/example_dags/example_bash_decorator.py
[2026-01-27T23:54:32.354+0000] {processor.py:840} INFO - DAG(s) 'example_bash_decorator' retrieved from /home/airflow/.local/lib/python3.12/site-packages/airflow/example_dags/example_bash_decorator.py
[2026-01-27T23:54:32.377+0000] {logging_mixin.py:188} INFO - [2026-01-27T23:54:32.376+0000] {dag.py:3096} INFO - Sync 1 DAGs
[2026-01-27T23:54:32.389+0000] {logging_mixin.py:188} INFO - [2026-01-27T23:54:32.389+0000] {dag.py:3954} INFO - Setting next_dagrun for example_bash_decorator to None, run_after=None
[2026-01-27T23:54:32.409+0000] {processor.py:183} INFO - Processing /home/airflow/.local/lib/python3.12/site-packages/airflow/example_dags/example_bash_decorator.py took 0.078 seconds
[2026-01-27T23:55:03.310+0000] {processor.py:161} INFO - Started process (PID=2001) to work on /home/airflow/.local/lib/python3.12/site-packages/airflow/example_dags/example_bash_decorator.py
[2026-01-27T23:55:03.311+0000] {processor.py:830} INFO - Processing file /home/airflow/.local/lib/python3.12/site-packages/airflow/example_dags/example_bash_decorator.py for tasks to queue
[2026-01-27T23:55:03.313+0000] {logging_mixin.py:188} INFO - [2026-01-27T23:55:03.313+0000] {dagbag.py:540} INFO - Filling up the DagBag from /home/airflow/.local/lib/python3.12/site-packages/airflow/example_dags/example_bash_decorator.py
[2026-01-27T23:55:03.327+0000] {processor.py:840} INFO - DAG(s) 'example_bash_decorator' retrieved from /home/airflow/.local/lib/python3.12/site-packages/airflow/example_dags/example_bash_decorator.py
[2026-01-27T23:55:03.351+0000] {logging_mixin.py:188} INFO - [2026-01-27T23:55:03.351+0000] {dag.py:3096} INFO - Sync 1 DAGs
[2026-01-27T23:55:03.363+0000] {logging_mixin.py:188} INFO - [2026-01-27T23:55:03.363+0000] {dag.py:3954} INFO - Setting next_dagrun for example_bash_decorator to None, run_after=None
[2026-01-27T23:55:03.381+0000] {processor.py:183} INFO - Processing /home/airflow/.local/lib/python3.12/site-packages/airflow/example_dags/example_bash_decorator.py took 0.077 seconds
[2026-01-27T23:55:34.207+0000] {processor.py:161} INFO - Started process (PID=2053) to work on /home/airflow/.local/lib/python3.12/site-packages/airflow/example_dags/example_bash_decorator.py
[2026-01-27T23:55:34.208+0000] {processor.py:830} INFO - Processing file /home/airflow/.local/lib/python3.12/site-packages/airflow/example_dags/example_bash_decorator.py for tasks to queue
[2026-01-27T23:55:34.210+0000] {logging_mixin.py:188} INFO - [2026-01-27T23:55:34.209+0000] {dagbag.py:540} INFO - Filling up the DagBag from /home/airflow/.local/lib/python3.12/site-packages/airflow/example_dags/example_bash_decorator.py
[2026-01-27T23:55:34.223+0000] {processor.py:840} INFO - DAG(s) 'example_bash_decorator' retrieved from /home/airflow/.local/lib/python3.12/site-packages/airflow/example_dags/example_bash_decorator.py
[2026-01-27T23:55:34.245+0000] {logging_mixin.py:188} INFO - [2026-01-27T23:55:34.245+0000] {dag.py:3096} INFO - Sync 1 DAGs
[2026-01-27T23:55:34.258+0000] {logging_mixin.py:188} INFO - [2026-01-27T23:55:34.258+0000] {dag.py:3954} INFO - Setting next_dagrun for example_bash_decorator to None, run_after=None
[2026-01-27T23:55:34.276+0000] {processor.py:183} INFO - Processing /home/airflow/.local/lib/python3.12/site-packages/airflow/example_dags/example_bash_decorator.py took 0.078 seconds
[2026-01-27T23:56:04.588+0000] {processor.py:161} INFO - Started process (PID=2105) to work on /home/airflow/.local/lib/python3.12/site-packages/airflow/example_dags/example_bash_decorator.py
[2026-01-27T23:56:04.589+0000] {processor.py:830} INFO - Processing file /home/airflow/.local/lib/python3.12/site-packages/airflow/example_dags/example_bash_decorator.py for tasks to queue
[2026-01-27T23:56:04.591+0000] {logging_mixin.py:188} INFO - [2026-01-27T23:56:04.591+0000] {dagbag.py:540} INFO - Filling up the DagBag from /home/airflow/.local/lib/python3.12/site-packages/airflow/example_dags/example_bash_decorator.py
[2026-01-27T23:56:04.604+0000] {processor.py:840} INFO - DAG(s) 'example_bash_decorator' retrieved from /home/airflow/.local/lib/python3.12/site-packages/airflow/example_dags/example_bash_decorator.py
[2026-01-27T23:56:04.626+0000] {logging_mixin.py:188} INFO - [2026-01-27T23:56:04.626+0000] {dag.py:3096} INFO - Sync 1 DAGs
[2026-01-27T23:56:04.638+0000] {logging_mixin.py:188} INFO - [2026-01-27T23:56:04.638+0000] {dag.py:3954} INFO - Setting next_dagrun for example_bash_decorator to None, run_after=None
[2026-01-27T23:56:04.656+0000] {processor.py:183} INFO - Processing /home/airflow/.local/lib/python3.12/site-packages/airflow/example_dags/example_bash_decorator.py took 0.075 seconds
[2026-01-27T23:56:34.865+0000] {processor.py:161} INFO - Started process (PID=2157) to work on /home/airflow/.local/lib/python3.12/site-packages/airflow/example_dags/example_bash_decorator.py
[2026-01-27T23:56:34.866+0000] {processor.py:830} INFO - Processing file /home/airflow/.local/lib/python3.12/site-packages/airflow/example_dags/example_bash_decorator.py for tasks to queue
[2026-01-27T23:56:34.868+0000] {logging_mixin.py:188} INFO - [2026-01-27T23:56:34.868+0000] {dagbag.py:540} INFO - Filling up the DagBag from /home/airflow/.local/lib/python3.12/site-packages/airflow/example_dags/example_bash_decorator.py
[2026-01-27T23:56:34.883+0000] {processor.py:840} INFO - DAG(s) 'example_bash_decorator' retrieved from /home/airflow/.local/lib/python3.12/site-packages/airflow/example_dags/example_bash_decorator.py
[2026-01-27T23:56:34.908+0000] {logging_mixin.py:188} INFO - [2026-01-27T23:56:34.907+0000] {dag.py:3096} INFO - Sync 1 DAGs
[2026-01-27T23:56:34.920+0000] {logging_mixin.py:188} INFO - [2026-01-27T23:56:34.920+0000] {dag.py:3954} INFO - Setting next_dagrun for example_bash_decorator to None, run_after=None
[2026-01-27T23:56:34.939+0000] {processor.py:183} INFO - Processing /home/airflow/.local/lib/python3.12/site-packages/airflow/example_dags/example_bash_decorator.py took 0.080 seconds
[2026-01-27T23:57:05.743+0000] {processor.py:161} INFO - Started process (PID=2209) to work on /home/airflow/.local/lib/python3.12/site-packages/airflow/example_dags/example_bash_decorator.py
[2026-01-27T23:57:05.744+0000] {processor.py:830} INFO - Processing file /home/airflow/.local/lib/python3.12/site-packages/airflow/example_dags/example_bash_decorator.py for tasks to queue
[2026-01-27T23:57:05.746+0000] {logging_mixin.py:188} INFO - [2026-01-27T23:57:05.746+0000] {dagbag.py:540} INFO - Filling up the DagBag from /home/airflow/.local/lib/python3.12/site-packages/airflow/example_dags/example_bash_decorator.py
[2026-01-27T23:57:05.762+0000] {processor.py:840} INFO - DAG(s) 'example_bash_decorator' retrieved from /home/airflow/.local/lib/python3.12/site-packages/airflow/example_dags/example_bash_decorator.py
[2026-01-27T23:57:05.783+0000] {logging_mixin.py:188} INFO - [2026-01-27T23:57:05.783+0000] {dag.py:3096} INFO - Sync 1 DAGs
[2026-01-27T23:57:05.795+0000] {logging_mixin.py:188} INFO - [2026-01-27T23:57:05.795+0000] {dag.py:3954} INFO - Setting next_dagrun for example_bash_decorator to None, run_after=None
[2026-01-27T23:57:05.814+0000] {processor.py:183} INFO - Processing /home/airflow/.local/lib/python3.12/site-packages/airflow/example_dags/example_bash_decorator.py took 0.078 seconds
[2026-01-27T23:57:36.689+0000] {processor.py:161} INFO - Started process (PID=2261) to work on /home/airflow/.local/lib/python3.12/site-packages/airflow/example_dags/example_bash_decorator.py
[2026-01-27T23:57:36.690+0000] {processor.py:830} INFO - Processing file /home/airflow/.local/lib/python3.12/site-packages/airflow/example_dags/example_bash_decorator.py for tasks to queue
[2026-01-27T23:57:36.692+0000] {logging_mixin.py:188} INFO - [2026-01-27T23:57:36.692+0000] {dagbag.py:540} INFO - Filling up the DagBag from /home/airflow/.local/lib/python3.12/site-packages/airflow/example_dags/example_bash_decorator.py
[2026-01-27T23:57:36.706+0000] {processor.py:840} INFO - DAG(s) 'example_bash_decorator' retrieved from /home/airflow/.local/lib/python3.12/site-packages/airflow/example_dags/example_bash_decorator.py
[2026-01-27T23:57:36.731+0000] {logging_mixin.py:188} INFO - [2026-01-27T23:57:36.731+0000] {dag.py:3096} INFO - Sync 1 DAGs
[2026-01-27T23:57:36.744+0000] {logging_mixin.py:188} INFO - [2026-01-27T23:57:36.744+0000] {dag.py:3954} INFO - Setting next_dagrun for example_bash_decorator to None, run_after=None
[2026-01-27T23:57:36.763+0000] {processor.py:183} INFO - Processing /home/airflow/.local/lib/python3.12/site-packages/airflow/example_dags/example_bash_decorator.py took 0.080 seconds
[2026-01-27T23:58:06.816+0000] {processor.py:161} INFO - Started process (PID=2313) to work on /home/airflow/.local/lib/python3.12/site-packages/airflow/example_dags/example_bash_decorator.py
[2026-01-27T23:58:06.817+0000] {processor.py:830} INFO - Processing file /home/airflow/.local/lib/python3.12/site-packages/airflow/example_dags/example_bash_decorator.py for tasks to queue
[2026-01-27T23:58:06.819+0000] {logging_mixin.py:188} INFO - [2026-01-27T23:58:06.818+0000] {dagbag.py:540} INFO - Filling up the DagBag from /home/airflow/.local/lib/python3.12/site-packages/airflow/example_dags/example_bash_decorator.py
[2026-01-27T23:58:06.834+0000] {processor.py:840} INFO - DAG(s) 'example_bash_decorator' retrieved from /home/airflow/.local/lib/python3.12/site-packages/airflow/example_dags/example_bash_decorator.py
[2026-01-27T23:58:06.858+0000] {logging_mixin.py:188} INFO - [2026-01-27T23:58:06.858+0000] {dag.py:3096} INFO - Sync 1 DAGs
[2026-01-27T23:58:06.871+0000] {logging_mixin.py:188} INFO - [2026-01-27T23:58:06.871+0000] {dag.py:3954} INFO - Setting next_dagrun for example_bash_decorator to None, run_after=None
[2026-01-27T23:58:06.891+0000] {processor.py:183} INFO - Processing /home/airflow/.local/lib/python3.12/site-packages/airflow/example_dags/example_bash_decorator.py took 0.082 seconds
[2026-01-27T23:58:37.283+0000] {processor.py:161} INFO - Started process (PID=2365) to work on /home/airflow/.local/lib/python3.12/site-packages/airflow/example_dags/example_bash_decorator.py
[2026-01-27T23:58:37.284+0000] {processor.py:830} INFO - Processing file /home/airflow/.local/lib/python3.12/site-packages/airflow/example_dags/example_bash_decorator.py for tasks to queue
[2026-01-27T23:58:37.287+0000] {logging_mixin.py:188} INFO - [2026-01-27T23:58:37.286+0000] {dagbag.py:540} INFO - Filling up the DagBag from /home/airflow/.local/lib/python3.12/site-packages/airflow/example_dags/example_bash_decorator.py
[2026-01-27T23:58:37.307+0000] {processor.py:840} INFO - DAG(s) 'example_bash_decorator' retrieved from /home/airflow/.local/lib/python3.12/site-packages/airflow/example_dags/example_bash_decorator.py
[2026-01-27T23:58:37.341+0000] {logging_mixin.py:188} INFO - [2026-01-27T23:58:37.340+0000] {dag.py:3096} INFO - Sync 1 DAGs
[2026-01-27T23:58:37.358+0000] {logging_mixin.py:188} INFO - [2026-01-27T23:58:37.357+0000] {dag.py:3954} INFO - Setting next_dagrun for example_bash_decorator to None, run_after=None
[2026-01-27T23:58:37.384+0000] {processor.py:183} INFO - Processing /home/airflow/.local/lib/python3.12/site-packages/airflow/example_dags/example_bash_decorator.py took 0.109 seconds
[2026-01-27T23:59:08.301+0000] {processor.py:161} INFO - Started process (PID=2417) to work on /home/airflow/.local/lib/python3.12/site-packages/airflow/example_dags/example_bash_decorator.py
[2026-01-27T23:59:08.302+0000] {processor.py:830} INFO - Processing file /home/airflow/.local/lib/python3.12/site-packages/airflow/example_dags/example_bash_decorator.py for tasks to queue
[2026-01-27T23:59:08.304+0000] {logging_mixin.py:188} INFO - [2026-01-27T23:59:08.304+0000] {dagbag.py:540} INFO - Filling up the DagBag from /home/airflow/.local/lib/python3.12/site-packages/airflow/example_dags/example_bash_decorator.py
[2026-01-27T23:59:08.317+0000] {processor.py:840} INFO - DAG(s) 'example_bash_decorator' retrieved from /home/airflow/.local/lib/python3.12/site-packages/airflow/example_dags/example_bash_decorator.py
[2026-01-27T23:59:08.339+0000] {logging_mixin.py:188} INFO - [2026-01-27T23:59:08.339+0000] {dag.py:3096} INFO - Sync 1 DAGs
[2026-01-27T23:59:08.351+0000] {logging_mixin.py:188} INFO - [2026-01-27T23:59:08.351+0000] {dag.py:3954} INFO - Setting next_dagrun for example_bash_decorator to None, run_after=None
[2026-01-27T23:59:08.379+0000] {processor.py:183} INFO - Processing /home/airflow/.local/lib/python3.12/site-packages/airflow/example_dags/example_bash_decorator.py took 0.084 seconds
[2026-01-27T23:59:38.811+0000] {processor.py:161} INFO - Started process (PID=2469) to work on /home/airflow/.local/lib/python3.12/site-packages/airflow/example_dags/example_bash_decorator.py
[2026-01-27T23:59:38.812+0000] {processor.py:830} INFO - Processing file /home/airflow/.local/lib/python3.12/site-packages/airflow/example_dags/example_bash_decorator.py for tasks to queue
[2026-01-27T23:59:38.813+0000] {logging_mixin.py:188} INFO - [2026-01-27T23:59:38.813+0000] {dagbag.py:540} INFO - Filling up the DagBag from /home/airflow/.local/lib/python3.12/site-packages/airflow/example_dags/example_bash_decorator.py
[2026-01-27T23:59:38.826+0000] {processor.py:840} INFO - DAG(s) 'example_bash_decorator' retrieved from /home/airflow/.local/lib/python3.12/site-packages/airflow/example_dags/example_bash_decorator.py
[2026-01-27T23:59:38.846+0000] {logging_mixin.py:188} INFO - [2026-01-27T23:59:38.846+0000] {dag.py:3096} INFO - Sync 1 DAGs
[2026-01-27T23:59:38.857+0000] {logging_mixin.py:188} INFO - [2026-01-27T23:59:38.857+0000] {dag.py:3954} INFO - Setting next_dagrun for example_bash_decorator to None, run_after=None
[2026-01-27T23:59:38.887+0000] {processor.py:183} INFO - Processing /home/airflow/.local/lib/python3.12/site-packages/airflow/example_dags/example_bash_decorator.py took 0.082 seconds
