[2026-01-27 23:27:07,656] {scheduler_job.py:182} INFO - Started process (PID=48) to work on /home/airflow/.local/lib/python3.6/site-packages/airflow/example_dags/example_short_circuit_operator.py
[2026-01-27 23:27:07,663] {scheduler_job.py:629} INFO - Processing file /home/airflow/.local/lib/python3.6/site-packages/airflow/example_dags/example_short_circuit_operator.py for tasks to queue
[2026-01-27 23:27:07,667] {logging_mixin.py:104} INFO - [2026-01-27 23:27:07,666] {dagbag.py:448} INFO - Filling up the DagBag from /home/airflow/.local/lib/python3.6/site-packages/airflow/example_dags/example_short_circuit_operator.py
[2026-01-27 23:27:07,812] {scheduler_job.py:639} INFO - DAG(s) dict_keys(['example_short_circuit_operator']) retrieved from /home/airflow/.local/lib/python3.6/site-packages/airflow/example_dags/example_short_circuit_operator.py
[2026-01-27 23:27:08,884] {logging_mixin.py:104} INFO - [2026-01-27 23:27:08,884] {dag.py:1818} INFO - Sync 1 DAGs
[2026-01-27 23:27:09,175] {logging_mixin.py:104} INFO - [2026-01-27 23:27:09,175] {dag.py:1837} INFO - Creating ORM DAG for example_short_circuit_operator
[2026-01-27 23:27:09,225] {logging_mixin.py:104} INFO - [2026-01-27 23:27:09,225] {dag.py:2273} INFO - Setting next_dagrun for example_short_circuit_operator to 2026-01-25 00:00:00+00:00
[2026-01-27 23:27:09,265] {scheduler_job.py:190} INFO - Processing /home/airflow/.local/lib/python3.6/site-packages/airflow/example_dags/example_short_circuit_operator.py took 1.642 seconds
[2026-01-27 23:27:39,355] {scheduler_job.py:182} INFO - Started process (PID=75) to work on /home/airflow/.local/lib/python3.6/site-packages/airflow/example_dags/example_short_circuit_operator.py
[2026-01-27 23:27:39,361] {scheduler_job.py:629} INFO - Processing file /home/airflow/.local/lib/python3.6/site-packages/airflow/example_dags/example_short_circuit_operator.py for tasks to queue
[2026-01-27 23:27:39,362] {logging_mixin.py:104} INFO - [2026-01-27 23:27:39,362] {dagbag.py:448} INFO - Filling up the DagBag from /home/airflow/.local/lib/python3.6/site-packages/airflow/example_dags/example_short_circuit_operator.py
[2026-01-27 23:27:39,427] {scheduler_job.py:639} INFO - DAG(s) dict_keys(['example_short_circuit_operator']) retrieved from /home/airflow/.local/lib/python3.6/site-packages/airflow/example_dags/example_short_circuit_operator.py
[2026-01-27 23:27:39,547] {logging_mixin.py:104} INFO - [2026-01-27 23:27:39,547] {dag.py:1818} INFO - Sync 1 DAGs
[2026-01-27 23:27:39,671] {logging_mixin.py:104} INFO - [2026-01-27 23:27:39,670] {dag.py:2273} INFO - Setting next_dagrun for example_short_circuit_operator to 2026-01-25 00:00:00+00:00
[2026-01-27 23:27:39,761] {scheduler_job.py:190} INFO - Processing /home/airflow/.local/lib/python3.6/site-packages/airflow/example_dags/example_short_circuit_operator.py took 0.418 seconds
[2026-01-27 23:28:09,981] {scheduler_job.py:182} INFO - Started process (PID=101) to work on /home/airflow/.local/lib/python3.6/site-packages/airflow/example_dags/example_short_circuit_operator.py
[2026-01-27 23:28:09,984] {scheduler_job.py:629} INFO - Processing file /home/airflow/.local/lib/python3.6/site-packages/airflow/example_dags/example_short_circuit_operator.py for tasks to queue
[2026-01-27 23:28:09,989] {logging_mixin.py:104} INFO - [2026-01-27 23:28:09,988] {dagbag.py:448} INFO - Filling up the DagBag from /home/airflow/.local/lib/python3.6/site-packages/airflow/example_dags/example_short_circuit_operator.py
[2026-01-27 23:28:10,009] {scheduler_job.py:639} INFO - DAG(s) dict_keys(['example_short_circuit_operator']) retrieved from /home/airflow/.local/lib/python3.6/site-packages/airflow/example_dags/example_short_circuit_operator.py
[2026-01-27 23:28:10,042] {logging_mixin.py:104} INFO - [2026-01-27 23:28:10,042] {dag.py:1818} INFO - Sync 1 DAGs
[2026-01-27 23:28:10,066] {logging_mixin.py:104} INFO - [2026-01-27 23:28:10,066] {dag.py:2273} INFO - Setting next_dagrun for example_short_circuit_operator to 2026-01-25 00:00:00+00:00
[2026-01-27 23:28:10,135] {scheduler_job.py:190} INFO - Processing /home/airflow/.local/lib/python3.6/site-packages/airflow/example_dags/example_short_circuit_operator.py took 0.160 seconds
[2026-01-27 23:28:40,713] {scheduler_job.py:182} INFO - Started process (PID=127) to work on /home/airflow/.local/lib/python3.6/site-packages/airflow/example_dags/example_short_circuit_operator.py
[2026-01-27 23:28:40,714] {scheduler_job.py:629} INFO - Processing file /home/airflow/.local/lib/python3.6/site-packages/airflow/example_dags/example_short_circuit_operator.py for tasks to queue
[2026-01-27 23:28:40,715] {logging_mixin.py:104} INFO - [2026-01-27 23:28:40,715] {dagbag.py:448} INFO - Filling up the DagBag from /home/airflow/.local/lib/python3.6/site-packages/airflow/example_dags/example_short_circuit_operator.py
[2026-01-27 23:28:40,731] {scheduler_job.py:639} INFO - DAG(s) dict_keys(['example_short_circuit_operator']) retrieved from /home/airflow/.local/lib/python3.6/site-packages/airflow/example_dags/example_short_circuit_operator.py
[2026-01-27 23:28:40,754] {logging_mixin.py:104} INFO - [2026-01-27 23:28:40,754] {dag.py:1818} INFO - Sync 1 DAGs
[2026-01-27 23:28:40,773] {logging_mixin.py:104} INFO - [2026-01-27 23:28:40,773] {dag.py:2273} INFO - Setting next_dagrun for example_short_circuit_operator to 2026-01-25 00:00:00+00:00
[2026-01-27 23:28:40,785] {scheduler_job.py:190} INFO - Processing /home/airflow/.local/lib/python3.6/site-packages/airflow/example_dags/example_short_circuit_operator.py took 0.077 seconds
[2026-01-27 23:29:11,053] {scheduler_job.py:182} INFO - Started process (PID=153) to work on /home/airflow/.local/lib/python3.6/site-packages/airflow/example_dags/example_short_circuit_operator.py
[2026-01-27 23:29:11,054] {scheduler_job.py:629} INFO - Processing file /home/airflow/.local/lib/python3.6/site-packages/airflow/example_dags/example_short_circuit_operator.py for tasks to queue
[2026-01-27 23:29:11,055] {logging_mixin.py:104} INFO - [2026-01-27 23:29:11,055] {dagbag.py:448} INFO - Filling up the DagBag from /home/airflow/.local/lib/python3.6/site-packages/airflow/example_dags/example_short_circuit_operator.py
[2026-01-27 23:29:11,066] {scheduler_job.py:639} INFO - DAG(s) dict_keys(['example_short_circuit_operator']) retrieved from /home/airflow/.local/lib/python3.6/site-packages/airflow/example_dags/example_short_circuit_operator.py
[2026-01-27 23:29:11,088] {logging_mixin.py:104} INFO - [2026-01-27 23:29:11,088] {dag.py:1818} INFO - Sync 1 DAGs
[2026-01-27 23:29:11,103] {logging_mixin.py:104} INFO - [2026-01-27 23:29:11,103] {dag.py:2273} INFO - Setting next_dagrun for example_short_circuit_operator to 2026-01-25 00:00:00+00:00
[2026-01-27 23:29:11,124] {scheduler_job.py:190} INFO - Processing /home/airflow/.local/lib/python3.6/site-packages/airflow/example_dags/example_short_circuit_operator.py took 0.075 seconds
[2026-01-27 23:29:41,371] {scheduler_job.py:182} INFO - Started process (PID=179) to work on /home/airflow/.local/lib/python3.6/site-packages/airflow/example_dags/example_short_circuit_operator.py
[2026-01-27 23:29:41,374] {scheduler_job.py:629} INFO - Processing file /home/airflow/.local/lib/python3.6/site-packages/airflow/example_dags/example_short_circuit_operator.py for tasks to queue
[2026-01-27 23:29:41,375] {logging_mixin.py:104} INFO - [2026-01-27 23:29:41,375] {dagbag.py:448} INFO - Filling up the DagBag from /home/airflow/.local/lib/python3.6/site-packages/airflow/example_dags/example_short_circuit_operator.py
[2026-01-27 23:29:41,397] {scheduler_job.py:639} INFO - DAG(s) dict_keys(['example_short_circuit_operator']) retrieved from /home/airflow/.local/lib/python3.6/site-packages/airflow/example_dags/example_short_circuit_operator.py
[2026-01-27 23:29:41,434] {logging_mixin.py:104} INFO - [2026-01-27 23:29:41,434] {dag.py:1818} INFO - Sync 1 DAGs
[2026-01-27 23:29:41,461] {logging_mixin.py:104} INFO - [2026-01-27 23:29:41,461] {dag.py:2273} INFO - Setting next_dagrun for example_short_circuit_operator to 2026-01-25 00:00:00+00:00
[2026-01-27 23:29:41,475] {scheduler_job.py:190} INFO - Processing /home/airflow/.local/lib/python3.6/site-packages/airflow/example_dags/example_short_circuit_operator.py took 0.110 seconds
[2026-01-27 23:30:11,602] {scheduler_job.py:182} INFO - Started process (PID=205) to work on /home/airflow/.local/lib/python3.6/site-packages/airflow/example_dags/example_short_circuit_operator.py
[2026-01-27 23:30:11,603] {scheduler_job.py:629} INFO - Processing file /home/airflow/.local/lib/python3.6/site-packages/airflow/example_dags/example_short_circuit_operator.py for tasks to queue
[2026-01-27 23:30:11,604] {logging_mixin.py:104} INFO - [2026-01-27 23:30:11,604] {dagbag.py:448} INFO - Filling up the DagBag from /home/airflow/.local/lib/python3.6/site-packages/airflow/example_dags/example_short_circuit_operator.py
[2026-01-27 23:30:11,615] {scheduler_job.py:639} INFO - DAG(s) dict_keys(['example_short_circuit_operator']) retrieved from /home/airflow/.local/lib/python3.6/site-packages/airflow/example_dags/example_short_circuit_operator.py
[2026-01-27 23:30:11,635] {logging_mixin.py:104} INFO - [2026-01-27 23:30:11,635] {dag.py:1818} INFO - Sync 1 DAGs
[2026-01-27 23:30:11,649] {logging_mixin.py:104} INFO - [2026-01-27 23:30:11,649] {dag.py:2273} INFO - Setting next_dagrun for example_short_circuit_operator to 2026-01-25 00:00:00+00:00
[2026-01-27 23:30:11,660] {scheduler_job.py:190} INFO - Processing /home/airflow/.local/lib/python3.6/site-packages/airflow/example_dags/example_short_circuit_operator.py took 0.060 seconds
[2026-01-27 23:30:41,907] {scheduler_job.py:182} INFO - Started process (PID=231) to work on /home/airflow/.local/lib/python3.6/site-packages/airflow/example_dags/example_short_circuit_operator.py
[2026-01-27 23:30:41,909] {scheduler_job.py:629} INFO - Processing file /home/airflow/.local/lib/python3.6/site-packages/airflow/example_dags/example_short_circuit_operator.py for tasks to queue
[2026-01-27 23:30:41,910] {logging_mixin.py:104} INFO - [2026-01-27 23:30:41,909] {dagbag.py:448} INFO - Filling up the DagBag from /home/airflow/.local/lib/python3.6/site-packages/airflow/example_dags/example_short_circuit_operator.py
[2026-01-27 23:30:41,920] {scheduler_job.py:639} INFO - DAG(s) dict_keys(['example_short_circuit_operator']) retrieved from /home/airflow/.local/lib/python3.6/site-packages/airflow/example_dags/example_short_circuit_operator.py
[2026-01-27 23:30:41,939] {logging_mixin.py:104} INFO - [2026-01-27 23:30:41,939] {dag.py:1818} INFO - Sync 1 DAGs
[2026-01-27 23:30:41,955] {logging_mixin.py:104} INFO - [2026-01-27 23:30:41,955] {dag.py:2273} INFO - Setting next_dagrun for example_short_circuit_operator to 2026-01-25 00:00:00+00:00
[2026-01-27 23:30:41,973] {scheduler_job.py:190} INFO - Processing /home/airflow/.local/lib/python3.6/site-packages/airflow/example_dags/example_short_circuit_operator.py took 0.070 seconds
[2026-01-27 23:31:12,419] {scheduler_job.py:182} INFO - Started process (PID=257) to work on /home/airflow/.local/lib/python3.6/site-packages/airflow/example_dags/example_short_circuit_operator.py
[2026-01-27 23:31:12,421] {scheduler_job.py:629} INFO - Processing file /home/airflow/.local/lib/python3.6/site-packages/airflow/example_dags/example_short_circuit_operator.py for tasks to queue
[2026-01-27 23:31:12,422] {logging_mixin.py:104} INFO - [2026-01-27 23:31:12,421] {dagbag.py:448} INFO - Filling up the DagBag from /home/airflow/.local/lib/python3.6/site-packages/airflow/example_dags/example_short_circuit_operator.py
[2026-01-27 23:31:12,432] {scheduler_job.py:639} INFO - DAG(s) dict_keys(['example_short_circuit_operator']) retrieved from /home/airflow/.local/lib/python3.6/site-packages/airflow/example_dags/example_short_circuit_operator.py
[2026-01-27 23:31:12,453] {logging_mixin.py:104} INFO - [2026-01-27 23:31:12,453] {dag.py:1818} INFO - Sync 1 DAGs
[2026-01-27 23:31:12,468] {logging_mixin.py:104} INFO - [2026-01-27 23:31:12,468] {dag.py:2273} INFO - Setting next_dagrun for example_short_circuit_operator to 2026-01-25 00:00:00+00:00
[2026-01-27 23:31:12,479] {scheduler_job.py:190} INFO - Processing /home/airflow/.local/lib/python3.6/site-packages/airflow/example_dags/example_short_circuit_operator.py took 0.064 seconds
[2026-01-27T23:36:09.123+0000] {processor.py:161} INFO - Started process (PID=66) to work on /home/airflow/.local/lib/python3.12/site-packages/airflow/example_dags/example_short_circuit_operator.py
[2026-01-27T23:36:09.125+0000] {processor.py:830} INFO - Processing file /home/airflow/.local/lib/python3.12/site-packages/airflow/example_dags/example_short_circuit_operator.py for tasks to queue
[2026-01-27T23:36:09.130+0000] {logging_mixin.py:188} INFO - [2026-01-27T23:36:09.129+0000] {dagbag.py:540} INFO - Filling up the DagBag from /home/airflow/.local/lib/python3.12/site-packages/airflow/example_dags/example_short_circuit_operator.py
[2026-01-27T23:36:09.159+0000] {processor.py:840} INFO - DAG(s) 'example_short_circuit_operator' retrieved from /home/airflow/.local/lib/python3.12/site-packages/airflow/example_dags/example_short_circuit_operator.py
[2026-01-27T23:36:09.434+0000] {logging_mixin.py:188} INFO - [2026-01-27T23:36:09.434+0000] {dag.py:3096} INFO - Sync 1 DAGs
[2026-01-27T23:36:09.486+0000] {logging_mixin.py:188} INFO - [2026-01-27T23:36:09.485+0000] {dag.py:3954} INFO - Setting next_dagrun for example_short_circuit_operator to 2026-01-26 00:00:00+00:00, run_after=2026-01-27 00:00:00+00:00
[2026-01-27T23:36:09.535+0000] {processor.py:183} INFO - Processing /home/airflow/.local/lib/python3.12/site-packages/airflow/example_dags/example_short_circuit_operator.py took 0.425 seconds
[2026-01-27T23:36:39.902+0000] {processor.py:161} INFO - Started process (PID=118) to work on /home/airflow/.local/lib/python3.12/site-packages/airflow/example_dags/example_short_circuit_operator.py
[2026-01-27T23:36:39.903+0000] {processor.py:830} INFO - Processing file /home/airflow/.local/lib/python3.12/site-packages/airflow/example_dags/example_short_circuit_operator.py for tasks to queue
[2026-01-27T23:36:39.906+0000] {logging_mixin.py:188} INFO - [2026-01-27T23:36:39.905+0000] {dagbag.py:540} INFO - Filling up the DagBag from /home/airflow/.local/lib/python3.12/site-packages/airflow/example_dags/example_short_circuit_operator.py
[2026-01-27T23:36:39.913+0000] {processor.py:840} INFO - DAG(s) 'example_short_circuit_operator' retrieved from /home/airflow/.local/lib/python3.12/site-packages/airflow/example_dags/example_short_circuit_operator.py
[2026-01-27T23:36:39.936+0000] {logging_mixin.py:188} INFO - [2026-01-27T23:36:39.935+0000] {dag.py:3096} INFO - Sync 1 DAGs
[2026-01-27T23:36:39.962+0000] {logging_mixin.py:188} INFO - [2026-01-27T23:36:39.961+0000] {dag.py:3954} INFO - Setting next_dagrun for example_short_circuit_operator to 2026-01-26 00:00:00+00:00, run_after=2026-01-27 00:00:00+00:00
[2026-01-27T23:36:39.982+0000] {processor.py:183} INFO - Processing /home/airflow/.local/lib/python3.12/site-packages/airflow/example_dags/example_short_circuit_operator.py took 0.088 seconds
[2026-01-27T23:37:10.060+0000] {processor.py:161} INFO - Started process (PID=170) to work on /home/airflow/.local/lib/python3.12/site-packages/airflow/example_dags/example_short_circuit_operator.py
[2026-01-27T23:37:10.061+0000] {processor.py:830} INFO - Processing file /home/airflow/.local/lib/python3.12/site-packages/airflow/example_dags/example_short_circuit_operator.py for tasks to queue
[2026-01-27T23:37:10.065+0000] {logging_mixin.py:188} INFO - [2026-01-27T23:37:10.064+0000] {dagbag.py:540} INFO - Filling up the DagBag from /home/airflow/.local/lib/python3.12/site-packages/airflow/example_dags/example_short_circuit_operator.py
[2026-01-27T23:37:10.072+0000] {processor.py:840} INFO - DAG(s) 'example_short_circuit_operator' retrieved from /home/airflow/.local/lib/python3.12/site-packages/airflow/example_dags/example_short_circuit_operator.py
[2026-01-27T23:37:10.093+0000] {logging_mixin.py:188} INFO - [2026-01-27T23:37:10.093+0000] {dag.py:3096} INFO - Sync 1 DAGs
[2026-01-27T23:37:10.115+0000] {logging_mixin.py:188} INFO - [2026-01-27T23:37:10.115+0000] {dag.py:3954} INFO - Setting next_dagrun for example_short_circuit_operator to 2026-01-26 00:00:00+00:00, run_after=2026-01-27 00:00:00+00:00
[2026-01-27T23:37:10.136+0000] {processor.py:183} INFO - Processing /home/airflow/.local/lib/python3.12/site-packages/airflow/example_dags/example_short_circuit_operator.py took 0.083 seconds
[2026-01-27T23:37:40.553+0000] {processor.py:161} INFO - Started process (PID=222) to work on /home/airflow/.local/lib/python3.12/site-packages/airflow/example_dags/example_short_circuit_operator.py
[2026-01-27T23:37:40.555+0000] {processor.py:830} INFO - Processing file /home/airflow/.local/lib/python3.12/site-packages/airflow/example_dags/example_short_circuit_operator.py for tasks to queue
[2026-01-27T23:37:40.557+0000] {logging_mixin.py:188} INFO - [2026-01-27T23:37:40.557+0000] {dagbag.py:540} INFO - Filling up the DagBag from /home/airflow/.local/lib/python3.12/site-packages/airflow/example_dags/example_short_circuit_operator.py
[2026-01-27T23:37:40.567+0000] {processor.py:840} INFO - DAG(s) 'example_short_circuit_operator' retrieved from /home/airflow/.local/lib/python3.12/site-packages/airflow/example_dags/example_short_circuit_operator.py
[2026-01-27T23:37:40.598+0000] {logging_mixin.py:188} INFO - [2026-01-27T23:37:40.598+0000] {dag.py:3096} INFO - Sync 1 DAGs
[2026-01-27T23:37:40.646+0000] {logging_mixin.py:188} INFO - [2026-01-27T23:37:40.645+0000] {dag.py:3954} INFO - Setting next_dagrun for example_short_circuit_operator to 2026-01-26 00:00:00+00:00, run_after=2026-01-27 00:00:00+00:00
[2026-01-27T23:37:40.682+0000] {processor.py:183} INFO - Processing /home/airflow/.local/lib/python3.12/site-packages/airflow/example_dags/example_short_circuit_operator.py took 0.134 seconds
[2026-01-27T23:38:11.096+0000] {processor.py:161} INFO - Started process (PID=274) to work on /home/airflow/.local/lib/python3.12/site-packages/airflow/example_dags/example_short_circuit_operator.py
[2026-01-27T23:38:11.097+0000] {processor.py:830} INFO - Processing file /home/airflow/.local/lib/python3.12/site-packages/airflow/example_dags/example_short_circuit_operator.py for tasks to queue
[2026-01-27T23:38:11.099+0000] {logging_mixin.py:188} INFO - [2026-01-27T23:38:11.099+0000] {dagbag.py:540} INFO - Filling up the DagBag from /home/airflow/.local/lib/python3.12/site-packages/airflow/example_dags/example_short_circuit_operator.py
[2026-01-27T23:38:11.106+0000] {processor.py:840} INFO - DAG(s) 'example_short_circuit_operator' retrieved from /home/airflow/.local/lib/python3.12/site-packages/airflow/example_dags/example_short_circuit_operator.py
[2026-01-27T23:38:11.131+0000] {logging_mixin.py:188} INFO - [2026-01-27T23:38:11.131+0000] {dag.py:3096} INFO - Sync 1 DAGs
[2026-01-27T23:38:11.153+0000] {logging_mixin.py:188} INFO - [2026-01-27T23:38:11.153+0000] {dag.py:3954} INFO - Setting next_dagrun for example_short_circuit_operator to 2026-01-26 00:00:00+00:00, run_after=2026-01-27 00:00:00+00:00
[2026-01-27T23:38:11.173+0000] {processor.py:183} INFO - Processing /home/airflow/.local/lib/python3.12/site-packages/airflow/example_dags/example_short_circuit_operator.py took 0.082 seconds
[2026-01-27T23:38:41.349+0000] {processor.py:161} INFO - Started process (PID=326) to work on /home/airflow/.local/lib/python3.12/site-packages/airflow/example_dags/example_short_circuit_operator.py
[2026-01-27T23:38:41.350+0000] {processor.py:830} INFO - Processing file /home/airflow/.local/lib/python3.12/site-packages/airflow/example_dags/example_short_circuit_operator.py for tasks to queue
[2026-01-27T23:38:41.352+0000] {logging_mixin.py:188} INFO - [2026-01-27T23:38:41.351+0000] {dagbag.py:540} INFO - Filling up the DagBag from /home/airflow/.local/lib/python3.12/site-packages/airflow/example_dags/example_short_circuit_operator.py
[2026-01-27T23:38:41.360+0000] {processor.py:840} INFO - DAG(s) 'example_short_circuit_operator' retrieved from /home/airflow/.local/lib/python3.12/site-packages/airflow/example_dags/example_short_circuit_operator.py
[2026-01-27T23:38:41.390+0000] {logging_mixin.py:188} INFO - [2026-01-27T23:38:41.390+0000] {dag.py:3096} INFO - Sync 1 DAGs
[2026-01-27T23:38:41.415+0000] {logging_mixin.py:188} INFO - [2026-01-27T23:38:41.415+0000] {dag.py:3954} INFO - Setting next_dagrun for example_short_circuit_operator to 2026-01-26 00:00:00+00:00, run_after=2026-01-27 00:00:00+00:00
[2026-01-27T23:38:41.438+0000] {processor.py:183} INFO - Processing /home/airflow/.local/lib/python3.12/site-packages/airflow/example_dags/example_short_circuit_operator.py took 0.095 seconds
[2026-01-27T23:39:11.843+0000] {processor.py:161} INFO - Started process (PID=378) to work on /home/airflow/.local/lib/python3.12/site-packages/airflow/example_dags/example_short_circuit_operator.py
[2026-01-27T23:39:11.844+0000] {processor.py:830} INFO - Processing file /home/airflow/.local/lib/python3.12/site-packages/airflow/example_dags/example_short_circuit_operator.py for tasks to queue
[2026-01-27T23:39:11.848+0000] {logging_mixin.py:188} INFO - [2026-01-27T23:39:11.847+0000] {dagbag.py:540} INFO - Filling up the DagBag from /home/airflow/.local/lib/python3.12/site-packages/airflow/example_dags/example_short_circuit_operator.py
[2026-01-27T23:39:11.860+0000] {processor.py:840} INFO - DAG(s) 'example_short_circuit_operator' retrieved from /home/airflow/.local/lib/python3.12/site-packages/airflow/example_dags/example_short_circuit_operator.py
[2026-01-27T23:39:11.893+0000] {logging_mixin.py:188} INFO - [2026-01-27T23:39:11.893+0000] {dag.py:3096} INFO - Sync 1 DAGs
[2026-01-27T23:39:11.924+0000] {logging_mixin.py:188} INFO - [2026-01-27T23:39:11.924+0000] {dag.py:3954} INFO - Setting next_dagrun for example_short_circuit_operator to 2026-01-26 00:00:00+00:00, run_after=2026-01-27 00:00:00+00:00
[2026-01-27T23:39:11.950+0000] {processor.py:183} INFO - Processing /home/airflow/.local/lib/python3.12/site-packages/airflow/example_dags/example_short_circuit_operator.py took 0.116 seconds
[2026-01-27T23:39:42.610+0000] {processor.py:161} INFO - Started process (PID=430) to work on /home/airflow/.local/lib/python3.12/site-packages/airflow/example_dags/example_short_circuit_operator.py
[2026-01-27T23:39:42.612+0000] {processor.py:830} INFO - Processing file /home/airflow/.local/lib/python3.12/site-packages/airflow/example_dags/example_short_circuit_operator.py for tasks to queue
[2026-01-27T23:39:42.614+0000] {logging_mixin.py:188} INFO - [2026-01-27T23:39:42.614+0000] {dagbag.py:540} INFO - Filling up the DagBag from /home/airflow/.local/lib/python3.12/site-packages/airflow/example_dags/example_short_circuit_operator.py
[2026-01-27T23:39:42.624+0000] {processor.py:840} INFO - DAG(s) 'example_short_circuit_operator' retrieved from /home/airflow/.local/lib/python3.12/site-packages/airflow/example_dags/example_short_circuit_operator.py
[2026-01-27T23:39:42.655+0000] {logging_mixin.py:188} INFO - [2026-01-27T23:39:42.655+0000] {dag.py:3096} INFO - Sync 1 DAGs
[2026-01-27T23:39:42.682+0000] {logging_mixin.py:188} INFO - [2026-01-27T23:39:42.681+0000] {dag.py:3954} INFO - Setting next_dagrun for example_short_circuit_operator to 2026-01-26 00:00:00+00:00, run_after=2026-01-27 00:00:00+00:00
[2026-01-27T23:39:42.707+0000] {processor.py:183} INFO - Processing /home/airflow/.local/lib/python3.12/site-packages/airflow/example_dags/example_short_circuit_operator.py took 0.103 seconds
[2026-01-27T23:40:13.638+0000] {processor.py:161} INFO - Started process (PID=482) to work on /home/airflow/.local/lib/python3.12/site-packages/airflow/example_dags/example_short_circuit_operator.py
[2026-01-27T23:40:13.641+0000] {processor.py:830} INFO - Processing file /home/airflow/.local/lib/python3.12/site-packages/airflow/example_dags/example_short_circuit_operator.py for tasks to queue
[2026-01-27T23:40:13.646+0000] {logging_mixin.py:188} INFO - [2026-01-27T23:40:13.645+0000] {dagbag.py:540} INFO - Filling up the DagBag from /home/airflow/.local/lib/python3.12/site-packages/airflow/example_dags/example_short_circuit_operator.py
[2026-01-27T23:40:13.670+0000] {processor.py:840} INFO - DAG(s) 'example_short_circuit_operator' retrieved from /home/airflow/.local/lib/python3.12/site-packages/airflow/example_dags/example_short_circuit_operator.py
[2026-01-27T23:40:13.727+0000] {logging_mixin.py:188} INFO - [2026-01-27T23:40:13.727+0000] {dag.py:3096} INFO - Sync 1 DAGs
[2026-01-27T23:40:13.768+0000] {logging_mixin.py:188} INFO - [2026-01-27T23:40:13.767+0000] {dag.py:3954} INFO - Setting next_dagrun for example_short_circuit_operator to 2026-01-26 00:00:00+00:00, run_after=2026-01-27 00:00:00+00:00
[2026-01-27T23:40:13.802+0000] {processor.py:183} INFO - Processing /home/airflow/.local/lib/python3.12/site-packages/airflow/example_dags/example_short_circuit_operator.py took 0.179 seconds
[2026-01-27T23:40:44.291+0000] {processor.py:161} INFO - Started process (PID=534) to work on /home/airflow/.local/lib/python3.12/site-packages/airflow/example_dags/example_short_circuit_operator.py
[2026-01-27T23:40:44.292+0000] {processor.py:830} INFO - Processing file /home/airflow/.local/lib/python3.12/site-packages/airflow/example_dags/example_short_circuit_operator.py for tasks to queue
[2026-01-27T23:40:44.293+0000] {logging_mixin.py:188} INFO - [2026-01-27T23:40:44.293+0000] {dagbag.py:540} INFO - Filling up the DagBag from /home/airflow/.local/lib/python3.12/site-packages/airflow/example_dags/example_short_circuit_operator.py
[2026-01-27T23:40:44.300+0000] {processor.py:840} INFO - DAG(s) 'example_short_circuit_operator' retrieved from /home/airflow/.local/lib/python3.12/site-packages/airflow/example_dags/example_short_circuit_operator.py
[2026-01-27T23:40:44.322+0000] {logging_mixin.py:188} INFO - [2026-01-27T23:40:44.321+0000] {dag.py:3096} INFO - Sync 1 DAGs
[2026-01-27T23:40:44.342+0000] {logging_mixin.py:188} INFO - [2026-01-27T23:40:44.342+0000] {dag.py:3954} INFO - Setting next_dagrun for example_short_circuit_operator to 2026-01-26 00:00:00+00:00, run_after=2026-01-27 00:00:00+00:00
[2026-01-27T23:40:44.361+0000] {processor.py:183} INFO - Processing /home/airflow/.local/lib/python3.12/site-packages/airflow/example_dags/example_short_circuit_operator.py took 0.076 seconds
[2026-01-27T23:41:15.270+0000] {processor.py:161} INFO - Started process (PID=586) to work on /home/airflow/.local/lib/python3.12/site-packages/airflow/example_dags/example_short_circuit_operator.py
[2026-01-27T23:41:15.272+0000] {processor.py:830} INFO - Processing file /home/airflow/.local/lib/python3.12/site-packages/airflow/example_dags/example_short_circuit_operator.py for tasks to queue
[2026-01-27T23:41:15.276+0000] {logging_mixin.py:188} INFO - [2026-01-27T23:41:15.275+0000] {dagbag.py:540} INFO - Filling up the DagBag from /home/airflow/.local/lib/python3.12/site-packages/airflow/example_dags/example_short_circuit_operator.py
[2026-01-27T23:41:15.286+0000] {processor.py:840} INFO - DAG(s) 'example_short_circuit_operator' retrieved from /home/airflow/.local/lib/python3.12/site-packages/airflow/example_dags/example_short_circuit_operator.py
[2026-01-27T23:41:15.321+0000] {logging_mixin.py:188} INFO - [2026-01-27T23:41:15.321+0000] {dag.py:3096} INFO - Sync 1 DAGs
[2026-01-27T23:41:15.353+0000] {logging_mixin.py:188} INFO - [2026-01-27T23:41:15.353+0000] {dag.py:3954} INFO - Setting next_dagrun for example_short_circuit_operator to 2026-01-26 00:00:00+00:00, run_after=2026-01-27 00:00:00+00:00
[2026-01-27T23:41:15.386+0000] {processor.py:183} INFO - Processing /home/airflow/.local/lib/python3.12/site-packages/airflow/example_dags/example_short_circuit_operator.py took 0.127 seconds
[2026-01-27T23:41:45.839+0000] {processor.py:161} INFO - Started process (PID=638) to work on /home/airflow/.local/lib/python3.12/site-packages/airflow/example_dags/example_short_circuit_operator.py
[2026-01-27T23:41:45.841+0000] {processor.py:830} INFO - Processing file /home/airflow/.local/lib/python3.12/site-packages/airflow/example_dags/example_short_circuit_operator.py for tasks to queue
[2026-01-27T23:41:45.843+0000] {logging_mixin.py:188} INFO - [2026-01-27T23:41:45.843+0000] {dagbag.py:540} INFO - Filling up the DagBag from /home/airflow/.local/lib/python3.12/site-packages/airflow/example_dags/example_short_circuit_operator.py
[2026-01-27T23:41:45.851+0000] {processor.py:840} INFO - DAG(s) 'example_short_circuit_operator' retrieved from /home/airflow/.local/lib/python3.12/site-packages/airflow/example_dags/example_short_circuit_operator.py
[2026-01-27T23:41:45.879+0000] {logging_mixin.py:188} INFO - [2026-01-27T23:41:45.879+0000] {dag.py:3096} INFO - Sync 1 DAGs
[2026-01-27T23:41:45.903+0000] {logging_mixin.py:188} INFO - [2026-01-27T23:41:45.902+0000] {dag.py:3954} INFO - Setting next_dagrun for example_short_circuit_operator to 2026-01-26 00:00:00+00:00, run_after=2026-01-27 00:00:00+00:00
[2026-01-27T23:41:45.927+0000] {processor.py:183} INFO - Processing /home/airflow/.local/lib/python3.12/site-packages/airflow/example_dags/example_short_circuit_operator.py took 0.095 seconds
[2026-01-27T23:42:16.846+0000] {processor.py:161} INFO - Started process (PID=690) to work on /home/airflow/.local/lib/python3.12/site-packages/airflow/example_dags/example_short_circuit_operator.py
[2026-01-27T23:42:16.848+0000] {processor.py:830} INFO - Processing file /home/airflow/.local/lib/python3.12/site-packages/airflow/example_dags/example_short_circuit_operator.py for tasks to queue
[2026-01-27T23:42:16.851+0000] {logging_mixin.py:188} INFO - [2026-01-27T23:42:16.850+0000] {dagbag.py:540} INFO - Filling up the DagBag from /home/airflow/.local/lib/python3.12/site-packages/airflow/example_dags/example_short_circuit_operator.py
[2026-01-27T23:42:16.859+0000] {processor.py:840} INFO - DAG(s) 'example_short_circuit_operator' retrieved from /home/airflow/.local/lib/python3.12/site-packages/airflow/example_dags/example_short_circuit_operator.py
[2026-01-27T23:42:16.888+0000] {logging_mixin.py:188} INFO - [2026-01-27T23:42:16.887+0000] {dag.py:3096} INFO - Sync 1 DAGs
[2026-01-27T23:42:16.911+0000] {logging_mixin.py:188} INFO - [2026-01-27T23:42:16.911+0000] {dag.py:3954} INFO - Setting next_dagrun for example_short_circuit_operator to 2026-01-26 00:00:00+00:00, run_after=2026-01-27 00:00:00+00:00
[2026-01-27T23:42:16.937+0000] {processor.py:183} INFO - Processing /home/airflow/.local/lib/python3.12/site-packages/airflow/example_dags/example_short_circuit_operator.py took 0.099 seconds
[2026-01-27T23:42:47.187+0000] {processor.py:161} INFO - Started process (PID=742) to work on /home/airflow/.local/lib/python3.12/site-packages/airflow/example_dags/example_short_circuit_operator.py
[2026-01-27T23:42:47.189+0000] {processor.py:830} INFO - Processing file /home/airflow/.local/lib/python3.12/site-packages/airflow/example_dags/example_short_circuit_operator.py for tasks to queue
[2026-01-27T23:42:47.193+0000] {logging_mixin.py:188} INFO - [2026-01-27T23:42:47.192+0000] {dagbag.py:540} INFO - Filling up the DagBag from /home/airflow/.local/lib/python3.12/site-packages/airflow/example_dags/example_short_circuit_operator.py
[2026-01-27T23:42:47.207+0000] {processor.py:840} INFO - DAG(s) 'example_short_circuit_operator' retrieved from /home/airflow/.local/lib/python3.12/site-packages/airflow/example_dags/example_short_circuit_operator.py
[2026-01-27T23:42:47.254+0000] {logging_mixin.py:188} INFO - [2026-01-27T23:42:47.254+0000] {dag.py:3096} INFO - Sync 1 DAGs
[2026-01-27T23:42:47.291+0000] {logging_mixin.py:188} INFO - [2026-01-27T23:42:47.291+0000] {dag.py:3954} INFO - Setting next_dagrun for example_short_circuit_operator to 2026-01-26 00:00:00+00:00, run_after=2026-01-27 00:00:00+00:00
[2026-01-27T23:42:47.323+0000] {processor.py:183} INFO - Processing /home/airflow/.local/lib/python3.12/site-packages/airflow/example_dags/example_short_circuit_operator.py took 0.149 seconds
[2026-01-27T23:43:17.679+0000] {processor.py:161} INFO - Started process (PID=794) to work on /home/airflow/.local/lib/python3.12/site-packages/airflow/example_dags/example_short_circuit_operator.py
[2026-01-27T23:43:17.680+0000] {processor.py:830} INFO - Processing file /home/airflow/.local/lib/python3.12/site-packages/airflow/example_dags/example_short_circuit_operator.py for tasks to queue
[2026-01-27T23:43:17.683+0000] {logging_mixin.py:188} INFO - [2026-01-27T23:43:17.683+0000] {dagbag.py:540} INFO - Filling up the DagBag from /home/airflow/.local/lib/python3.12/site-packages/airflow/example_dags/example_short_circuit_operator.py
[2026-01-27T23:43:17.692+0000] {processor.py:840} INFO - DAG(s) 'example_short_circuit_operator' retrieved from /home/airflow/.local/lib/python3.12/site-packages/airflow/example_dags/example_short_circuit_operator.py
[2026-01-27T23:43:17.724+0000] {logging_mixin.py:188} INFO - [2026-01-27T23:43:17.723+0000] {dag.py:3096} INFO - Sync 1 DAGs
[2026-01-27T23:43:17.752+0000] {logging_mixin.py:188} INFO - [2026-01-27T23:43:17.752+0000] {dag.py:3954} INFO - Setting next_dagrun for example_short_circuit_operator to 2026-01-26 00:00:00+00:00, run_after=2026-01-27 00:00:00+00:00
[2026-01-27T23:43:17.779+0000] {processor.py:183} INFO - Processing /home/airflow/.local/lib/python3.12/site-packages/airflow/example_dags/example_short_circuit_operator.py took 0.108 seconds
[2026-01-27T23:43:48.250+0000] {processor.py:161} INFO - Started process (PID=846) to work on /home/airflow/.local/lib/python3.12/site-packages/airflow/example_dags/example_short_circuit_operator.py
[2026-01-27T23:43:48.252+0000] {processor.py:830} INFO - Processing file /home/airflow/.local/lib/python3.12/site-packages/airflow/example_dags/example_short_circuit_operator.py for tasks to queue
[2026-01-27T23:43:48.254+0000] {logging_mixin.py:188} INFO - [2026-01-27T23:43:48.254+0000] {dagbag.py:540} INFO - Filling up the DagBag from /home/airflow/.local/lib/python3.12/site-packages/airflow/example_dags/example_short_circuit_operator.py
[2026-01-27T23:43:48.263+0000] {processor.py:840} INFO - DAG(s) 'example_short_circuit_operator' retrieved from /home/airflow/.local/lib/python3.12/site-packages/airflow/example_dags/example_short_circuit_operator.py
[2026-01-27T23:43:48.290+0000] {logging_mixin.py:188} INFO - [2026-01-27T23:43:48.290+0000] {dag.py:3096} INFO - Sync 1 DAGs
[2026-01-27T23:43:48.314+0000] {logging_mixin.py:188} INFO - [2026-01-27T23:43:48.313+0000] {dag.py:3954} INFO - Setting next_dagrun for example_short_circuit_operator to 2026-01-26 00:00:00+00:00, run_after=2026-01-27 00:00:00+00:00
[2026-01-27T23:43:48.339+0000] {processor.py:183} INFO - Processing /home/airflow/.local/lib/python3.12/site-packages/airflow/example_dags/example_short_circuit_operator.py took 0.095 seconds
[2026-01-27T23:44:18.901+0000] {processor.py:161} INFO - Started process (PID=898) to work on /home/airflow/.local/lib/python3.12/site-packages/airflow/example_dags/example_short_circuit_operator.py
[2026-01-27T23:44:18.903+0000] {processor.py:830} INFO - Processing file /home/airflow/.local/lib/python3.12/site-packages/airflow/example_dags/example_short_circuit_operator.py for tasks to queue
[2026-01-27T23:44:18.906+0000] {logging_mixin.py:188} INFO - [2026-01-27T23:44:18.906+0000] {dagbag.py:540} INFO - Filling up the DagBag from /home/airflow/.local/lib/python3.12/site-packages/airflow/example_dags/example_short_circuit_operator.py
[2026-01-27T23:44:18.918+0000] {processor.py:840} INFO - DAG(s) 'example_short_circuit_operator' retrieved from /home/airflow/.local/lib/python3.12/site-packages/airflow/example_dags/example_short_circuit_operator.py
[2026-01-27T23:44:18.961+0000] {logging_mixin.py:188} INFO - [2026-01-27T23:44:18.961+0000] {dag.py:3096} INFO - Sync 1 DAGs
[2026-01-27T23:44:18.996+0000] {logging_mixin.py:188} INFO - [2026-01-27T23:44:18.995+0000] {dag.py:3954} INFO - Setting next_dagrun for example_short_circuit_operator to 2026-01-26 00:00:00+00:00, run_after=2026-01-27 00:00:00+00:00
[2026-01-27T23:44:19.023+0000] {processor.py:183} INFO - Processing /home/airflow/.local/lib/python3.12/site-packages/airflow/example_dags/example_short_circuit_operator.py took 0.132 seconds
[2026-01-27T23:44:49.127+0000] {processor.py:161} INFO - Started process (PID=950) to work on /home/airflow/.local/lib/python3.12/site-packages/airflow/example_dags/example_short_circuit_operator.py
[2026-01-27T23:44:49.128+0000] {processor.py:830} INFO - Processing file /home/airflow/.local/lib/python3.12/site-packages/airflow/example_dags/example_short_circuit_operator.py for tasks to queue
[2026-01-27T23:44:49.130+0000] {logging_mixin.py:188} INFO - [2026-01-27T23:44:49.130+0000] {dagbag.py:540} INFO - Filling up the DagBag from /home/airflow/.local/lib/python3.12/site-packages/airflow/example_dags/example_short_circuit_operator.py
[2026-01-27T23:44:49.137+0000] {processor.py:840} INFO - DAG(s) 'example_short_circuit_operator' retrieved from /home/airflow/.local/lib/python3.12/site-packages/airflow/example_dags/example_short_circuit_operator.py
[2026-01-27T23:44:49.162+0000] {logging_mixin.py:188} INFO - [2026-01-27T23:44:49.162+0000] {dag.py:3096} INFO - Sync 1 DAGs
[2026-01-27T23:44:49.181+0000] {logging_mixin.py:188} INFO - [2026-01-27T23:44:49.181+0000] {dag.py:3954} INFO - Setting next_dagrun for example_short_circuit_operator to 2026-01-26 00:00:00+00:00, run_after=2026-01-27 00:00:00+00:00
[2026-01-27T23:44:49.201+0000] {processor.py:183} INFO - Processing /home/airflow/.local/lib/python3.12/site-packages/airflow/example_dags/example_short_circuit_operator.py took 0.079 seconds
[2026-01-27T23:45:19.803+0000] {processor.py:161} INFO - Started process (PID=1002) to work on /home/airflow/.local/lib/python3.12/site-packages/airflow/example_dags/example_short_circuit_operator.py
[2026-01-27T23:45:19.805+0000] {processor.py:830} INFO - Processing file /home/airflow/.local/lib/python3.12/site-packages/airflow/example_dags/example_short_circuit_operator.py for tasks to queue
[2026-01-27T23:45:19.807+0000] {logging_mixin.py:188} INFO - [2026-01-27T23:45:19.807+0000] {dagbag.py:540} INFO - Filling up the DagBag from /home/airflow/.local/lib/python3.12/site-packages/airflow/example_dags/example_short_circuit_operator.py
[2026-01-27T23:45:19.818+0000] {processor.py:840} INFO - DAG(s) 'example_short_circuit_operator' retrieved from /home/airflow/.local/lib/python3.12/site-packages/airflow/example_dags/example_short_circuit_operator.py
[2026-01-27T23:45:19.845+0000] {logging_mixin.py:188} INFO - [2026-01-27T23:45:19.845+0000] {dag.py:3096} INFO - Sync 1 DAGs
[2026-01-27T23:45:19.872+0000] {logging_mixin.py:188} INFO - [2026-01-27T23:45:19.871+0000] {dag.py:3954} INFO - Setting next_dagrun for example_short_circuit_operator to 2026-01-26 00:00:00+00:00, run_after=2026-01-27 00:00:00+00:00
[2026-01-27T23:45:20.063+0000] {processor.py:183} INFO - Processing /home/airflow/.local/lib/python3.12/site-packages/airflow/example_dags/example_short_circuit_operator.py took 0.269 seconds
[2026-01-27T23:45:50.480+0000] {processor.py:161} INFO - Started process (PID=1054) to work on /home/airflow/.local/lib/python3.12/site-packages/airflow/example_dags/example_short_circuit_operator.py
[2026-01-27T23:45:50.548+0000] {processor.py:830} INFO - Processing file /home/airflow/.local/lib/python3.12/site-packages/airflow/example_dags/example_short_circuit_operator.py for tasks to queue
[2026-01-27T23:45:50.552+0000] {logging_mixin.py:188} INFO - [2026-01-27T23:45:50.551+0000] {dagbag.py:540} INFO - Filling up the DagBag from /home/airflow/.local/lib/python3.12/site-packages/airflow/example_dags/example_short_circuit_operator.py
[2026-01-27T23:45:50.563+0000] {processor.py:840} INFO - DAG(s) 'example_short_circuit_operator' retrieved from /home/airflow/.local/lib/python3.12/site-packages/airflow/example_dags/example_short_circuit_operator.py
[2026-01-27T23:45:50.587+0000] {logging_mixin.py:188} INFO - [2026-01-27T23:45:50.586+0000] {dag.py:3096} INFO - Sync 1 DAGs
[2026-01-27T23:45:50.607+0000] {logging_mixin.py:188} INFO - [2026-01-27T23:45:50.607+0000] {dag.py:3954} INFO - Setting next_dagrun for example_short_circuit_operator to 2026-01-26 00:00:00+00:00, run_after=2026-01-27 00:00:00+00:00
[2026-01-27T23:45:50.631+0000] {processor.py:183} INFO - Processing /home/airflow/.local/lib/python3.12/site-packages/airflow/example_dags/example_short_circuit_operator.py took 0.159 seconds
[2026-01-27T23:46:20.853+0000] {processor.py:161} INFO - Started process (PID=1106) to work on /home/airflow/.local/lib/python3.12/site-packages/airflow/example_dags/example_short_circuit_operator.py
[2026-01-27T23:46:20.855+0000] {processor.py:830} INFO - Processing file /home/airflow/.local/lib/python3.12/site-packages/airflow/example_dags/example_short_circuit_operator.py for tasks to queue
[2026-01-27T23:46:20.857+0000] {logging_mixin.py:188} INFO - [2026-01-27T23:46:20.857+0000] {dagbag.py:540} INFO - Filling up the DagBag from /home/airflow/.local/lib/python3.12/site-packages/airflow/example_dags/example_short_circuit_operator.py
[2026-01-27T23:46:20.864+0000] {processor.py:840} INFO - DAG(s) 'example_short_circuit_operator' retrieved from /home/airflow/.local/lib/python3.12/site-packages/airflow/example_dags/example_short_circuit_operator.py
[2026-01-27T23:46:20.889+0000] {logging_mixin.py:188} INFO - [2026-01-27T23:46:20.888+0000] {dag.py:3096} INFO - Sync 1 DAGs
[2026-01-27T23:46:20.911+0000] {logging_mixin.py:188} INFO - [2026-01-27T23:46:20.911+0000] {dag.py:3954} INFO - Setting next_dagrun for example_short_circuit_operator to 2026-01-26 00:00:00+00:00, run_after=2026-01-27 00:00:00+00:00
[2026-01-27T23:46:20.933+0000] {processor.py:183} INFO - Processing /home/airflow/.local/lib/python3.12/site-packages/airflow/example_dags/example_short_circuit_operator.py took 0.085 seconds
[2026-01-27T23:46:51.569+0000] {processor.py:161} INFO - Started process (PID=1158) to work on /home/airflow/.local/lib/python3.12/site-packages/airflow/example_dags/example_short_circuit_operator.py
[2026-01-27T23:46:51.571+0000] {processor.py:830} INFO - Processing file /home/airflow/.local/lib/python3.12/site-packages/airflow/example_dags/example_short_circuit_operator.py for tasks to queue
[2026-01-27T23:46:51.572+0000] {logging_mixin.py:188} INFO - [2026-01-27T23:46:51.572+0000] {dagbag.py:540} INFO - Filling up the DagBag from /home/airflow/.local/lib/python3.12/site-packages/airflow/example_dags/example_short_circuit_operator.py
[2026-01-27T23:46:51.580+0000] {processor.py:840} INFO - DAG(s) 'example_short_circuit_operator' retrieved from /home/airflow/.local/lib/python3.12/site-packages/airflow/example_dags/example_short_circuit_operator.py
[2026-01-27T23:46:51.754+0000] {logging_mixin.py:188} INFO - [2026-01-27T23:46:51.753+0000] {dag.py:3096} INFO - Sync 1 DAGs
[2026-01-27T23:46:51.776+0000] {logging_mixin.py:188} INFO - [2026-01-27T23:46:51.776+0000] {dag.py:3954} INFO - Setting next_dagrun for example_short_circuit_operator to 2026-01-26 00:00:00+00:00, run_after=2026-01-27 00:00:00+00:00
[2026-01-27T23:46:51.796+0000] {processor.py:183} INFO - Processing /home/airflow/.local/lib/python3.12/site-packages/airflow/example_dags/example_short_circuit_operator.py took 0.233 seconds
[2026-01-27T23:47:22.071+0000] {processor.py:161} INFO - Started process (PID=1210) to work on /home/airflow/.local/lib/python3.12/site-packages/airflow/example_dags/example_short_circuit_operator.py
[2026-01-27T23:47:22.073+0000] {processor.py:830} INFO - Processing file /home/airflow/.local/lib/python3.12/site-packages/airflow/example_dags/example_short_circuit_operator.py for tasks to queue
[2026-01-27T23:47:22.076+0000] {logging_mixin.py:188} INFO - [2026-01-27T23:47:22.076+0000] {dagbag.py:540} INFO - Filling up the DagBag from /home/airflow/.local/lib/python3.12/site-packages/airflow/example_dags/example_short_circuit_operator.py
[2026-01-27T23:47:22.089+0000] {processor.py:840} INFO - DAG(s) 'example_short_circuit_operator' retrieved from /home/airflow/.local/lib/python3.12/site-packages/airflow/example_dags/example_short_circuit_operator.py
[2026-01-27T23:47:22.130+0000] {logging_mixin.py:188} INFO - [2026-01-27T23:47:22.129+0000] {dag.py:3096} INFO - Sync 1 DAGs
[2026-01-27T23:47:22.172+0000] {logging_mixin.py:188} INFO - [2026-01-27T23:47:22.171+0000] {dag.py:3954} INFO - Setting next_dagrun for example_short_circuit_operator to 2026-01-26 00:00:00+00:00, run_after=2026-01-27 00:00:00+00:00
[2026-01-27T23:47:22.405+0000] {processor.py:183} INFO - Processing /home/airflow/.local/lib/python3.12/site-packages/airflow/example_dags/example_short_circuit_operator.py took 0.347 seconds
[2026-01-27T23:47:53.044+0000] {processor.py:161} INFO - Started process (PID=1262) to work on /home/airflow/.local/lib/python3.12/site-packages/airflow/example_dags/example_short_circuit_operator.py
[2026-01-27T23:47:53.046+0000] {processor.py:830} INFO - Processing file /home/airflow/.local/lib/python3.12/site-packages/airflow/example_dags/example_short_circuit_operator.py for tasks to queue
[2026-01-27T23:47:53.048+0000] {logging_mixin.py:188} INFO - [2026-01-27T23:47:53.048+0000] {dagbag.py:540} INFO - Filling up the DagBag from /home/airflow/.local/lib/python3.12/site-packages/airflow/example_dags/example_short_circuit_operator.py
[2026-01-27T23:47:53.058+0000] {processor.py:840} INFO - DAG(s) 'example_short_circuit_operator' retrieved from /home/airflow/.local/lib/python3.12/site-packages/airflow/example_dags/example_short_circuit_operator.py
[2026-01-27T23:47:53.091+0000] {logging_mixin.py:188} INFO - [2026-01-27T23:47:53.091+0000] {dag.py:3096} INFO - Sync 1 DAGs
[2026-01-27T23:47:53.123+0000] {logging_mixin.py:188} INFO - [2026-01-27T23:47:53.123+0000] {dag.py:3954} INFO - Setting next_dagrun for example_short_circuit_operator to 2026-01-26 00:00:00+00:00, run_after=2026-01-27 00:00:00+00:00
[2026-01-27T23:47:53.146+0000] {processor.py:183} INFO - Processing /home/airflow/.local/lib/python3.12/site-packages/airflow/example_dags/example_short_circuit_operator.py took 0.110 seconds
[2026-01-27T23:48:23.277+0000] {processor.py:161} INFO - Started process (PID=1314) to work on /home/airflow/.local/lib/python3.12/site-packages/airflow/example_dags/example_short_circuit_operator.py
[2026-01-27T23:48:23.278+0000] {processor.py:830} INFO - Processing file /home/airflow/.local/lib/python3.12/site-packages/airflow/example_dags/example_short_circuit_operator.py for tasks to queue
[2026-01-27T23:48:23.280+0000] {logging_mixin.py:188} INFO - [2026-01-27T23:48:23.280+0000] {dagbag.py:540} INFO - Filling up the DagBag from /home/airflow/.local/lib/python3.12/site-packages/airflow/example_dags/example_short_circuit_operator.py
[2026-01-27T23:48:23.288+0000] {processor.py:840} INFO - DAG(s) 'example_short_circuit_operator' retrieved from /home/airflow/.local/lib/python3.12/site-packages/airflow/example_dags/example_short_circuit_operator.py
[2026-01-27T23:48:23.310+0000] {logging_mixin.py:188} INFO - [2026-01-27T23:48:23.310+0000] {dag.py:3096} INFO - Sync 1 DAGs
[2026-01-27T23:48:23.330+0000] {logging_mixin.py:188} INFO - [2026-01-27T23:48:23.330+0000] {dag.py:3954} INFO - Setting next_dagrun for example_short_circuit_operator to 2026-01-26 00:00:00+00:00, run_after=2026-01-27 00:00:00+00:00
[2026-01-27T23:48:23.350+0000] {processor.py:183} INFO - Processing /home/airflow/.local/lib/python3.12/site-packages/airflow/example_dags/example_short_circuit_operator.py took 0.079 seconds
[2026-01-27T23:48:53.597+0000] {processor.py:161} INFO - Started process (PID=1366) to work on /home/airflow/.local/lib/python3.12/site-packages/airflow/example_dags/example_short_circuit_operator.py
[2026-01-27T23:48:53.598+0000] {processor.py:830} INFO - Processing file /home/airflow/.local/lib/python3.12/site-packages/airflow/example_dags/example_short_circuit_operator.py for tasks to queue
[2026-01-27T23:48:53.601+0000] {logging_mixin.py:188} INFO - [2026-01-27T23:48:53.601+0000] {dagbag.py:540} INFO - Filling up the DagBag from /home/airflow/.local/lib/python3.12/site-packages/airflow/example_dags/example_short_circuit_operator.py
[2026-01-27T23:48:53.615+0000] {processor.py:840} INFO - DAG(s) 'example_short_circuit_operator' retrieved from /home/airflow/.local/lib/python3.12/site-packages/airflow/example_dags/example_short_circuit_operator.py
[2026-01-27T23:48:53.641+0000] {logging_mixin.py:188} INFO - [2026-01-27T23:48:53.641+0000] {dag.py:3096} INFO - Sync 1 DAGs
[2026-01-27T23:48:53.663+0000] {logging_mixin.py:188} INFO - [2026-01-27T23:48:53.663+0000] {dag.py:3954} INFO - Setting next_dagrun for example_short_circuit_operator to 2026-01-26 00:00:00+00:00, run_after=2026-01-27 00:00:00+00:00
[2026-01-27T23:48:53.688+0000] {processor.py:183} INFO - Processing /home/airflow/.local/lib/python3.12/site-packages/airflow/example_dags/example_short_circuit_operator.py took 0.101 seconds
[2026-01-27T23:49:24.402+0000] {processor.py:161} INFO - Started process (PID=1418) to work on /home/airflow/.local/lib/python3.12/site-packages/airflow/example_dags/example_short_circuit_operator.py
[2026-01-27T23:49:24.403+0000] {processor.py:830} INFO - Processing file /home/airflow/.local/lib/python3.12/site-packages/airflow/example_dags/example_short_circuit_operator.py for tasks to queue
[2026-01-27T23:49:24.405+0000] {logging_mixin.py:188} INFO - [2026-01-27T23:49:24.405+0000] {dagbag.py:540} INFO - Filling up the DagBag from /home/airflow/.local/lib/python3.12/site-packages/airflow/example_dags/example_short_circuit_operator.py
[2026-01-27T23:49:24.414+0000] {processor.py:840} INFO - DAG(s) 'example_short_circuit_operator' retrieved from /home/airflow/.local/lib/python3.12/site-packages/airflow/example_dags/example_short_circuit_operator.py
[2026-01-27T23:49:24.440+0000] {logging_mixin.py:188} INFO - [2026-01-27T23:49:24.439+0000] {dag.py:3096} INFO - Sync 1 DAGs
[2026-01-27T23:49:24.485+0000] {logging_mixin.py:188} INFO - [2026-01-27T23:49:24.484+0000] {dag.py:3954} INFO - Setting next_dagrun for example_short_circuit_operator to 2026-01-26 00:00:00+00:00, run_after=2026-01-27 00:00:00+00:00
[2026-01-27T23:49:24.515+0000] {processor.py:183} INFO - Processing /home/airflow/.local/lib/python3.12/site-packages/airflow/example_dags/example_short_circuit_operator.py took 0.119 seconds
[2026-01-27T23:49:54.687+0000] {processor.py:161} INFO - Started process (PID=1470) to work on /home/airflow/.local/lib/python3.12/site-packages/airflow/example_dags/example_short_circuit_operator.py
[2026-01-27T23:49:54.688+0000] {processor.py:830} INFO - Processing file /home/airflow/.local/lib/python3.12/site-packages/airflow/example_dags/example_short_circuit_operator.py for tasks to queue
[2026-01-27T23:49:54.692+0000] {logging_mixin.py:188} INFO - [2026-01-27T23:49:54.691+0000] {dagbag.py:540} INFO - Filling up the DagBag from /home/airflow/.local/lib/python3.12/site-packages/airflow/example_dags/example_short_circuit_operator.py
[2026-01-27T23:49:54.701+0000] {processor.py:840} INFO - DAG(s) 'example_short_circuit_operator' retrieved from /home/airflow/.local/lib/python3.12/site-packages/airflow/example_dags/example_short_circuit_operator.py
[2026-01-27T23:49:54.727+0000] {logging_mixin.py:188} INFO - [2026-01-27T23:49:54.727+0000] {dag.py:3096} INFO - Sync 1 DAGs
[2026-01-27T23:49:54.750+0000] {logging_mixin.py:188} INFO - [2026-01-27T23:49:54.750+0000] {dag.py:3954} INFO - Setting next_dagrun for example_short_circuit_operator to 2026-01-26 00:00:00+00:00, run_after=2026-01-27 00:00:00+00:00
[2026-01-27T23:49:54.772+0000] {processor.py:183} INFO - Processing /home/airflow/.local/lib/python3.12/site-packages/airflow/example_dags/example_short_circuit_operator.py took 0.093 seconds
[2026-01-27T23:50:25.158+0000] {processor.py:161} INFO - Started process (PID=1522) to work on /home/airflow/.local/lib/python3.12/site-packages/airflow/example_dags/example_short_circuit_operator.py
[2026-01-27T23:50:25.159+0000] {processor.py:830} INFO - Processing file /home/airflow/.local/lib/python3.12/site-packages/airflow/example_dags/example_short_circuit_operator.py for tasks to queue
[2026-01-27T23:50:25.162+0000] {logging_mixin.py:188} INFO - [2026-01-27T23:50:25.161+0000] {dagbag.py:540} INFO - Filling up the DagBag from /home/airflow/.local/lib/python3.12/site-packages/airflow/example_dags/example_short_circuit_operator.py
[2026-01-27T23:50:25.169+0000] {processor.py:840} INFO - DAG(s) 'example_short_circuit_operator' retrieved from /home/airflow/.local/lib/python3.12/site-packages/airflow/example_dags/example_short_circuit_operator.py
[2026-01-27T23:50:25.195+0000] {logging_mixin.py:188} INFO - [2026-01-27T23:50:25.194+0000] {dag.py:3096} INFO - Sync 1 DAGs
[2026-01-27T23:50:25.218+0000] {logging_mixin.py:188} INFO - [2026-01-27T23:50:25.218+0000] {dag.py:3954} INFO - Setting next_dagrun for example_short_circuit_operator to 2026-01-26 00:00:00+00:00, run_after=2026-01-27 00:00:00+00:00
[2026-01-27T23:50:25.243+0000] {processor.py:183} INFO - Processing /home/airflow/.local/lib/python3.12/site-packages/airflow/example_dags/example_short_circuit_operator.py took 0.093 seconds
[2026-01-27T23:50:55.441+0000] {processor.py:161} INFO - Started process (PID=1574) to work on /home/airflow/.local/lib/python3.12/site-packages/airflow/example_dags/example_short_circuit_operator.py
[2026-01-27T23:50:55.442+0000] {processor.py:830} INFO - Processing file /home/airflow/.local/lib/python3.12/site-packages/airflow/example_dags/example_short_circuit_operator.py for tasks to queue
[2026-01-27T23:50:55.445+0000] {logging_mixin.py:188} INFO - [2026-01-27T23:50:55.444+0000] {dagbag.py:540} INFO - Filling up the DagBag from /home/airflow/.local/lib/python3.12/site-packages/airflow/example_dags/example_short_circuit_operator.py
[2026-01-27T23:50:55.453+0000] {processor.py:840} INFO - DAG(s) 'example_short_circuit_operator' retrieved from /home/airflow/.local/lib/python3.12/site-packages/airflow/example_dags/example_short_circuit_operator.py
[2026-01-27T23:50:55.482+0000] {logging_mixin.py:188} INFO - [2026-01-27T23:50:55.482+0000] {dag.py:3096} INFO - Sync 1 DAGs
[2026-01-27T23:50:55.504+0000] {logging_mixin.py:188} INFO - [2026-01-27T23:50:55.503+0000] {dag.py:3954} INFO - Setting next_dagrun for example_short_circuit_operator to 2026-01-26 00:00:00+00:00, run_after=2026-01-27 00:00:00+00:00
[2026-01-27T23:50:55.526+0000] {processor.py:183} INFO - Processing /home/airflow/.local/lib/python3.12/site-packages/airflow/example_dags/example_short_circuit_operator.py took 0.092 seconds
[2026-01-27T23:51:26.122+0000] {processor.py:161} INFO - Started process (PID=1626) to work on /home/airflow/.local/lib/python3.12/site-packages/airflow/example_dags/example_short_circuit_operator.py
[2026-01-27T23:51:26.123+0000] {processor.py:830} INFO - Processing file /home/airflow/.local/lib/python3.12/site-packages/airflow/example_dags/example_short_circuit_operator.py for tasks to queue
[2026-01-27T23:51:26.126+0000] {logging_mixin.py:188} INFO - [2026-01-27T23:51:26.125+0000] {dagbag.py:540} INFO - Filling up the DagBag from /home/airflow/.local/lib/python3.12/site-packages/airflow/example_dags/example_short_circuit_operator.py
[2026-01-27T23:51:26.134+0000] {processor.py:840} INFO - DAG(s) 'example_short_circuit_operator' retrieved from /home/airflow/.local/lib/python3.12/site-packages/airflow/example_dags/example_short_circuit_operator.py
[2026-01-27T23:51:26.158+0000] {logging_mixin.py:188} INFO - [2026-01-27T23:51:26.158+0000] {dag.py:3096} INFO - Sync 1 DAGs
[2026-01-27T23:51:26.179+0000] {logging_mixin.py:188} INFO - [2026-01-27T23:51:26.178+0000] {dag.py:3954} INFO - Setting next_dagrun for example_short_circuit_operator to 2026-01-26 00:00:00+00:00, run_after=2026-01-27 00:00:00+00:00
[2026-01-27T23:51:26.199+0000] {processor.py:183} INFO - Processing /home/airflow/.local/lib/python3.12/site-packages/airflow/example_dags/example_short_circuit_operator.py took 0.083 seconds
[2026-01-27T23:51:57.118+0000] {processor.py:161} INFO - Started process (PID=1678) to work on /home/airflow/.local/lib/python3.12/site-packages/airflow/example_dags/example_short_circuit_operator.py
[2026-01-27T23:51:57.119+0000] {processor.py:830} INFO - Processing file /home/airflow/.local/lib/python3.12/site-packages/airflow/example_dags/example_short_circuit_operator.py for tasks to queue
[2026-01-27T23:51:57.122+0000] {logging_mixin.py:188} INFO - [2026-01-27T23:51:57.122+0000] {dagbag.py:540} INFO - Filling up the DagBag from /home/airflow/.local/lib/python3.12/site-packages/airflow/example_dags/example_short_circuit_operator.py
[2026-01-27T23:51:57.131+0000] {processor.py:840} INFO - DAG(s) 'example_short_circuit_operator' retrieved from /home/airflow/.local/lib/python3.12/site-packages/airflow/example_dags/example_short_circuit_operator.py
[2026-01-27T23:51:57.155+0000] {logging_mixin.py:188} INFO - [2026-01-27T23:51:57.155+0000] {dag.py:3096} INFO - Sync 1 DAGs
[2026-01-27T23:51:57.177+0000] {logging_mixin.py:188} INFO - [2026-01-27T23:51:57.177+0000] {dag.py:3954} INFO - Setting next_dagrun for example_short_circuit_operator to 2026-01-26 00:00:00+00:00, run_after=2026-01-27 00:00:00+00:00
[2026-01-27T23:51:57.200+0000] {processor.py:183} INFO - Processing /home/airflow/.local/lib/python3.12/site-packages/airflow/example_dags/example_short_circuit_operator.py took 0.088 seconds
[2026-01-27T23:52:27.683+0000] {processor.py:161} INFO - Started process (PID=1730) to work on /home/airflow/.local/lib/python3.12/site-packages/airflow/example_dags/example_short_circuit_operator.py
[2026-01-27T23:52:27.684+0000] {processor.py:830} INFO - Processing file /home/airflow/.local/lib/python3.12/site-packages/airflow/example_dags/example_short_circuit_operator.py for tasks to queue
[2026-01-27T23:52:27.686+0000] {logging_mixin.py:188} INFO - [2026-01-27T23:52:27.685+0000] {dagbag.py:540} INFO - Filling up the DagBag from /home/airflow/.local/lib/python3.12/site-packages/airflow/example_dags/example_short_circuit_operator.py
[2026-01-27T23:52:27.694+0000] {processor.py:840} INFO - DAG(s) 'example_short_circuit_operator' retrieved from /home/airflow/.local/lib/python3.12/site-packages/airflow/example_dags/example_short_circuit_operator.py
[2026-01-27T23:52:27.718+0000] {logging_mixin.py:188} INFO - [2026-01-27T23:52:27.718+0000] {dag.py:3096} INFO - Sync 1 DAGs
[2026-01-27T23:52:27.741+0000] {logging_mixin.py:188} INFO - [2026-01-27T23:52:27.740+0000] {dag.py:3954} INFO - Setting next_dagrun for example_short_circuit_operator to 2026-01-26 00:00:00+00:00, run_after=2026-01-27 00:00:00+00:00
[2026-01-27T23:52:27.763+0000] {processor.py:183} INFO - Processing /home/airflow/.local/lib/python3.12/site-packages/airflow/example_dags/example_short_circuit_operator.py took 0.086 seconds
[2026-01-27T23:52:57.935+0000] {processor.py:161} INFO - Started process (PID=1782) to work on /home/airflow/.local/lib/python3.12/site-packages/airflow/example_dags/example_short_circuit_operator.py
[2026-01-27T23:52:57.936+0000] {processor.py:830} INFO - Processing file /home/airflow/.local/lib/python3.12/site-packages/airflow/example_dags/example_short_circuit_operator.py for tasks to queue
[2026-01-27T23:52:57.938+0000] {logging_mixin.py:188} INFO - [2026-01-27T23:52:57.938+0000] {dagbag.py:540} INFO - Filling up the DagBag from /home/airflow/.local/lib/python3.12/site-packages/airflow/example_dags/example_short_circuit_operator.py
[2026-01-27T23:52:57.945+0000] {processor.py:840} INFO - DAG(s) 'example_short_circuit_operator' retrieved from /home/airflow/.local/lib/python3.12/site-packages/airflow/example_dags/example_short_circuit_operator.py
[2026-01-27T23:52:57.965+0000] {logging_mixin.py:188} INFO - [2026-01-27T23:52:57.965+0000] {dag.py:3096} INFO - Sync 1 DAGs
[2026-01-27T23:52:57.984+0000] {logging_mixin.py:188} INFO - [2026-01-27T23:52:57.984+0000] {dag.py:3954} INFO - Setting next_dagrun for example_short_circuit_operator to 2026-01-26 00:00:00+00:00, run_after=2026-01-27 00:00:00+00:00
[2026-01-27T23:52:58.003+0000] {processor.py:183} INFO - Processing /home/airflow/.local/lib/python3.12/site-packages/airflow/example_dags/example_short_circuit_operator.py took 0.074 seconds
[2026-01-27T23:53:28.156+0000] {processor.py:161} INFO - Started process (PID=1834) to work on /home/airflow/.local/lib/python3.12/site-packages/airflow/example_dags/example_short_circuit_operator.py
[2026-01-27T23:53:28.159+0000] {processor.py:830} INFO - Processing file /home/airflow/.local/lib/python3.12/site-packages/airflow/example_dags/example_short_circuit_operator.py for tasks to queue
[2026-01-27T23:53:28.164+0000] {logging_mixin.py:188} INFO - [2026-01-27T23:53:28.163+0000] {dagbag.py:540} INFO - Filling up the DagBag from /home/airflow/.local/lib/python3.12/site-packages/airflow/example_dags/example_short_circuit_operator.py
[2026-01-27T23:53:28.177+0000] {processor.py:840} INFO - DAG(s) 'example_short_circuit_operator' retrieved from /home/airflow/.local/lib/python3.12/site-packages/airflow/example_dags/example_short_circuit_operator.py
[2026-01-27T23:53:28.199+0000] {logging_mixin.py:188} INFO - [2026-01-27T23:53:28.198+0000] {dag.py:3096} INFO - Sync 1 DAGs
[2026-01-27T23:53:28.219+0000] {logging_mixin.py:188} INFO - [2026-01-27T23:53:28.218+0000] {dag.py:3954} INFO - Setting next_dagrun for example_short_circuit_operator to 2026-01-26 00:00:00+00:00, run_after=2026-01-27 00:00:00+00:00
[2026-01-27T23:53:28.238+0000] {processor.py:183} INFO - Processing /home/airflow/.local/lib/python3.12/site-packages/airflow/example_dags/example_short_circuit_operator.py took 0.092 seconds
[2026-01-27T23:53:58.326+0000] {processor.py:161} INFO - Started process (PID=1886) to work on /home/airflow/.local/lib/python3.12/site-packages/airflow/example_dags/example_short_circuit_operator.py
[2026-01-27T23:53:58.327+0000] {processor.py:830} INFO - Processing file /home/airflow/.local/lib/python3.12/site-packages/airflow/example_dags/example_short_circuit_operator.py for tasks to queue
[2026-01-27T23:53:58.329+0000] {logging_mixin.py:188} INFO - [2026-01-27T23:53:58.329+0000] {dagbag.py:540} INFO - Filling up the DagBag from /home/airflow/.local/lib/python3.12/site-packages/airflow/example_dags/example_short_circuit_operator.py
[2026-01-27T23:53:58.339+0000] {processor.py:840} INFO - DAG(s) 'example_short_circuit_operator' retrieved from /home/airflow/.local/lib/python3.12/site-packages/airflow/example_dags/example_short_circuit_operator.py
[2026-01-27T23:53:58.374+0000] {logging_mixin.py:188} INFO - [2026-01-27T23:53:58.374+0000] {dag.py:3096} INFO - Sync 1 DAGs
[2026-01-27T23:53:58.405+0000] {logging_mixin.py:188} INFO - [2026-01-27T23:53:58.404+0000] {dag.py:3954} INFO - Setting next_dagrun for example_short_circuit_operator to 2026-01-26 00:00:00+00:00, run_after=2026-01-27 00:00:00+00:00
[2026-01-27T23:53:58.435+0000] {processor.py:183} INFO - Processing /home/airflow/.local/lib/python3.12/site-packages/airflow/example_dags/example_short_circuit_operator.py took 0.117 seconds
[2026-01-27T23:54:28.571+0000] {processor.py:161} INFO - Started process (PID=1937) to work on /home/airflow/.local/lib/python3.12/site-packages/airflow/example_dags/example_short_circuit_operator.py
[2026-01-27T23:54:28.573+0000] {processor.py:830} INFO - Processing file /home/airflow/.local/lib/python3.12/site-packages/airflow/example_dags/example_short_circuit_operator.py for tasks to queue
[2026-01-27T23:54:28.575+0000] {logging_mixin.py:188} INFO - [2026-01-27T23:54:28.575+0000] {dagbag.py:540} INFO - Filling up the DagBag from /home/airflow/.local/lib/python3.12/site-packages/airflow/example_dags/example_short_circuit_operator.py
[2026-01-27T23:54:28.585+0000] {processor.py:840} INFO - DAG(s) 'example_short_circuit_operator' retrieved from /home/airflow/.local/lib/python3.12/site-packages/airflow/example_dags/example_short_circuit_operator.py
[2026-01-27T23:54:28.612+0000] {logging_mixin.py:188} INFO - [2026-01-27T23:54:28.612+0000] {dag.py:3096} INFO - Sync 1 DAGs
[2026-01-27T23:54:28.640+0000] {logging_mixin.py:188} INFO - [2026-01-27T23:54:28.640+0000] {dag.py:3954} INFO - Setting next_dagrun for example_short_circuit_operator to 2026-01-26 00:00:00+00:00, run_after=2026-01-27 00:00:00+00:00
[2026-01-27T23:54:28.665+0000] {processor.py:183} INFO - Processing /home/airflow/.local/lib/python3.12/site-packages/airflow/example_dags/example_short_circuit_operator.py took 0.102 seconds
[2026-01-27T23:54:59.674+0000] {processor.py:161} INFO - Started process (PID=1990) to work on /home/airflow/.local/lib/python3.12/site-packages/airflow/example_dags/example_short_circuit_operator.py
[2026-01-27T23:54:59.675+0000] {processor.py:830} INFO - Processing file /home/airflow/.local/lib/python3.12/site-packages/airflow/example_dags/example_short_circuit_operator.py for tasks to queue
[2026-01-27T23:54:59.677+0000] {logging_mixin.py:188} INFO - [2026-01-27T23:54:59.677+0000] {dagbag.py:540} INFO - Filling up the DagBag from /home/airflow/.local/lib/python3.12/site-packages/airflow/example_dags/example_short_circuit_operator.py
[2026-01-27T23:54:59.684+0000] {processor.py:840} INFO - DAG(s) 'example_short_circuit_operator' retrieved from /home/airflow/.local/lib/python3.12/site-packages/airflow/example_dags/example_short_circuit_operator.py
[2026-01-27T23:54:59.705+0000] {logging_mixin.py:188} INFO - [2026-01-27T23:54:59.705+0000] {dag.py:3096} INFO - Sync 1 DAGs
[2026-01-27T23:54:59.725+0000] {logging_mixin.py:188} INFO - [2026-01-27T23:54:59.725+0000] {dag.py:3954} INFO - Setting next_dagrun for example_short_circuit_operator to 2026-01-26 00:00:00+00:00, run_after=2026-01-27 00:00:00+00:00
[2026-01-27T23:54:59.743+0000] {processor.py:183} INFO - Processing /home/airflow/.local/lib/python3.12/site-packages/airflow/example_dags/example_short_circuit_operator.py took 0.075 seconds
[2026-01-27T23:55:30.459+0000] {processor.py:161} INFO - Started process (PID=2042) to work on /home/airflow/.local/lib/python3.12/site-packages/airflow/example_dags/example_short_circuit_operator.py
[2026-01-27T23:55:30.460+0000] {processor.py:830} INFO - Processing file /home/airflow/.local/lib/python3.12/site-packages/airflow/example_dags/example_short_circuit_operator.py for tasks to queue
[2026-01-27T23:55:30.462+0000] {logging_mixin.py:188} INFO - [2026-01-27T23:55:30.462+0000] {dagbag.py:540} INFO - Filling up the DagBag from /home/airflow/.local/lib/python3.12/site-packages/airflow/example_dags/example_short_circuit_operator.py
[2026-01-27T23:55:30.469+0000] {processor.py:840} INFO - DAG(s) 'example_short_circuit_operator' retrieved from /home/airflow/.local/lib/python3.12/site-packages/airflow/example_dags/example_short_circuit_operator.py
[2026-01-27T23:55:30.490+0000] {logging_mixin.py:188} INFO - [2026-01-27T23:55:30.489+0000] {dag.py:3096} INFO - Sync 1 DAGs
[2026-01-27T23:55:30.509+0000] {logging_mixin.py:188} INFO - [2026-01-27T23:55:30.508+0000] {dag.py:3954} INFO - Setting next_dagrun for example_short_circuit_operator to 2026-01-26 00:00:00+00:00, run_after=2026-01-27 00:00:00+00:00
[2026-01-27T23:55:30.527+0000] {processor.py:183} INFO - Processing /home/airflow/.local/lib/python3.12/site-packages/airflow/example_dags/example_short_circuit_operator.py took 0.074 seconds
[2026-01-27T23:56:00.860+0000] {processor.py:161} INFO - Started process (PID=2094) to work on /home/airflow/.local/lib/python3.12/site-packages/airflow/example_dags/example_short_circuit_operator.py
[2026-01-27T23:56:00.862+0000] {processor.py:830} INFO - Processing file /home/airflow/.local/lib/python3.12/site-packages/airflow/example_dags/example_short_circuit_operator.py for tasks to queue
[2026-01-27T23:56:00.864+0000] {logging_mixin.py:188} INFO - [2026-01-27T23:56:00.863+0000] {dagbag.py:540} INFO - Filling up the DagBag from /home/airflow/.local/lib/python3.12/site-packages/airflow/example_dags/example_short_circuit_operator.py
[2026-01-27T23:56:00.871+0000] {processor.py:840} INFO - DAG(s) 'example_short_circuit_operator' retrieved from /home/airflow/.local/lib/python3.12/site-packages/airflow/example_dags/example_short_circuit_operator.py
[2026-01-27T23:56:00.893+0000] {logging_mixin.py:188} INFO - [2026-01-27T23:56:00.892+0000] {dag.py:3096} INFO - Sync 1 DAGs
[2026-01-27T23:56:00.912+0000] {logging_mixin.py:188} INFO - [2026-01-27T23:56:00.912+0000] {dag.py:3954} INFO - Setting next_dagrun for example_short_circuit_operator to 2026-01-26 00:00:00+00:00, run_after=2026-01-27 00:00:00+00:00
[2026-01-27T23:56:00.933+0000] {processor.py:183} INFO - Processing /home/airflow/.local/lib/python3.12/site-packages/airflow/example_dags/example_short_circuit_operator.py took 0.078 seconds
[2026-01-27T23:56:31.135+0000] {processor.py:161} INFO - Started process (PID=2146) to work on /home/airflow/.local/lib/python3.12/site-packages/airflow/example_dags/example_short_circuit_operator.py
[2026-01-27T23:56:31.137+0000] {processor.py:830} INFO - Processing file /home/airflow/.local/lib/python3.12/site-packages/airflow/example_dags/example_short_circuit_operator.py for tasks to queue
[2026-01-27T23:56:31.138+0000] {logging_mixin.py:188} INFO - [2026-01-27T23:56:31.138+0000] {dagbag.py:540} INFO - Filling up the DagBag from /home/airflow/.local/lib/python3.12/site-packages/airflow/example_dags/example_short_circuit_operator.py
[2026-01-27T23:56:31.146+0000] {processor.py:840} INFO - DAG(s) 'example_short_circuit_operator' retrieved from /home/airflow/.local/lib/python3.12/site-packages/airflow/example_dags/example_short_circuit_operator.py
[2026-01-27T23:56:31.181+0000] {logging_mixin.py:188} INFO - [2026-01-27T23:56:31.181+0000] {dag.py:3096} INFO - Sync 1 DAGs
[2026-01-27T23:56:31.214+0000] {logging_mixin.py:188} INFO - [2026-01-27T23:56:31.214+0000] {dag.py:3954} INFO - Setting next_dagrun for example_short_circuit_operator to 2026-01-26 00:00:00+00:00, run_after=2026-01-27 00:00:00+00:00
[2026-01-27T23:56:31.235+0000] {processor.py:183} INFO - Processing /home/airflow/.local/lib/python3.12/site-packages/airflow/example_dags/example_short_circuit_operator.py took 0.106 seconds
[2026-01-27T23:57:02.069+0000] {processor.py:161} INFO - Started process (PID=2198) to work on /home/airflow/.local/lib/python3.12/site-packages/airflow/example_dags/example_short_circuit_operator.py
[2026-01-27T23:57:02.070+0000] {processor.py:830} INFO - Processing file /home/airflow/.local/lib/python3.12/site-packages/airflow/example_dags/example_short_circuit_operator.py for tasks to queue
[2026-01-27T23:57:02.072+0000] {logging_mixin.py:188} INFO - [2026-01-27T23:57:02.072+0000] {dagbag.py:540} INFO - Filling up the DagBag from /home/airflow/.local/lib/python3.12/site-packages/airflow/example_dags/example_short_circuit_operator.py
[2026-01-27T23:57:02.079+0000] {processor.py:840} INFO - DAG(s) 'example_short_circuit_operator' retrieved from /home/airflow/.local/lib/python3.12/site-packages/airflow/example_dags/example_short_circuit_operator.py
[2026-01-27T23:57:02.105+0000] {logging_mixin.py:188} INFO - [2026-01-27T23:57:02.104+0000] {dag.py:3096} INFO - Sync 1 DAGs
[2026-01-27T23:57:02.127+0000] {logging_mixin.py:188} INFO - [2026-01-27T23:57:02.126+0000] {dag.py:3954} INFO - Setting next_dagrun for example_short_circuit_operator to 2026-01-26 00:00:00+00:00, run_after=2026-01-27 00:00:00+00:00
[2026-01-27T23:57:02.148+0000] {processor.py:183} INFO - Processing /home/airflow/.local/lib/python3.12/site-packages/airflow/example_dags/example_short_circuit_operator.py took 0.086 seconds
[2026-01-27T23:57:32.786+0000] {processor.py:161} INFO - Started process (PID=2250) to work on /home/airflow/.local/lib/python3.12/site-packages/airflow/example_dags/example_short_circuit_operator.py
[2026-01-27T23:57:32.787+0000] {processor.py:830} INFO - Processing file /home/airflow/.local/lib/python3.12/site-packages/airflow/example_dags/example_short_circuit_operator.py for tasks to queue
[2026-01-27T23:57:32.789+0000] {logging_mixin.py:188} INFO - [2026-01-27T23:57:32.789+0000] {dagbag.py:540} INFO - Filling up the DagBag from /home/airflow/.local/lib/python3.12/site-packages/airflow/example_dags/example_short_circuit_operator.py
[2026-01-27T23:57:32.797+0000] {processor.py:840} INFO - DAG(s) 'example_short_circuit_operator' retrieved from /home/airflow/.local/lib/python3.12/site-packages/airflow/example_dags/example_short_circuit_operator.py
[2026-01-27T23:57:32.825+0000] {logging_mixin.py:188} INFO - [2026-01-27T23:57:32.825+0000] {dag.py:3096} INFO - Sync 1 DAGs
[2026-01-27T23:57:32.855+0000] {logging_mixin.py:188} INFO - [2026-01-27T23:57:32.855+0000] {dag.py:3954} INFO - Setting next_dagrun for example_short_circuit_operator to 2026-01-26 00:00:00+00:00, run_after=2026-01-27 00:00:00+00:00
[2026-01-27T23:57:32.881+0000] {processor.py:183} INFO - Processing /home/airflow/.local/lib/python3.12/site-packages/airflow/example_dags/example_short_circuit_operator.py took 0.102 seconds
[2026-01-27T23:58:02.999+0000] {processor.py:161} INFO - Started process (PID=2302) to work on /home/airflow/.local/lib/python3.12/site-packages/airflow/example_dags/example_short_circuit_operator.py
[2026-01-27T23:58:03.000+0000] {processor.py:830} INFO - Processing file /home/airflow/.local/lib/python3.12/site-packages/airflow/example_dags/example_short_circuit_operator.py for tasks to queue
[2026-01-27T23:58:03.003+0000] {logging_mixin.py:188} INFO - [2026-01-27T23:58:03.002+0000] {dagbag.py:540} INFO - Filling up the DagBag from /home/airflow/.local/lib/python3.12/site-packages/airflow/example_dags/example_short_circuit_operator.py
[2026-01-27T23:58:03.010+0000] {processor.py:840} INFO - DAG(s) 'example_short_circuit_operator' retrieved from /home/airflow/.local/lib/python3.12/site-packages/airflow/example_dags/example_short_circuit_operator.py
[2026-01-27T23:58:03.034+0000] {logging_mixin.py:188} INFO - [2026-01-27T23:58:03.034+0000] {dag.py:3096} INFO - Sync 1 DAGs
[2026-01-27T23:58:03.057+0000] {logging_mixin.py:188} INFO - [2026-01-27T23:58:03.057+0000] {dag.py:3954} INFO - Setting next_dagrun for example_short_circuit_operator to 2026-01-26 00:00:00+00:00, run_after=2026-01-27 00:00:00+00:00
[2026-01-27T23:58:03.078+0000] {processor.py:183} INFO - Processing /home/airflow/.local/lib/python3.12/site-packages/airflow/example_dags/example_short_circuit_operator.py took 0.086 seconds
[2026-01-27T23:58:33.216+0000] {processor.py:161} INFO - Started process (PID=2353) to work on /home/airflow/.local/lib/python3.12/site-packages/airflow/example_dags/example_short_circuit_operator.py
[2026-01-27T23:58:33.217+0000] {processor.py:830} INFO - Processing file /home/airflow/.local/lib/python3.12/site-packages/airflow/example_dags/example_short_circuit_operator.py for tasks to queue
[2026-01-27T23:58:33.219+0000] {logging_mixin.py:188} INFO - [2026-01-27T23:58:33.219+0000] {dagbag.py:540} INFO - Filling up the DagBag from /home/airflow/.local/lib/python3.12/site-packages/airflow/example_dags/example_short_circuit_operator.py
[2026-01-27T23:58:33.226+0000] {processor.py:840} INFO - DAG(s) 'example_short_circuit_operator' retrieved from /home/airflow/.local/lib/python3.12/site-packages/airflow/example_dags/example_short_circuit_operator.py
[2026-01-27T23:58:33.252+0000] {logging_mixin.py:188} INFO - [2026-01-27T23:58:33.252+0000] {dag.py:3096} INFO - Sync 1 DAGs
[2026-01-27T23:58:33.273+0000] {logging_mixin.py:188} INFO - [2026-01-27T23:58:33.273+0000] {dag.py:3954} INFO - Setting next_dagrun for example_short_circuit_operator to 2026-01-26 00:00:00+00:00, run_after=2026-01-27 00:00:00+00:00
[2026-01-27T23:58:33.294+0000] {processor.py:183} INFO - Processing /home/airflow/.local/lib/python3.12/site-packages/airflow/example_dags/example_short_circuit_operator.py took 0.083 seconds
[2026-01-27T23:59:03.555+0000] {processor.py:161} INFO - Started process (PID=2405) to work on /home/airflow/.local/lib/python3.12/site-packages/airflow/example_dags/example_short_circuit_operator.py
[2026-01-27T23:59:03.556+0000] {processor.py:830} INFO - Processing file /home/airflow/.local/lib/python3.12/site-packages/airflow/example_dags/example_short_circuit_operator.py for tasks to queue
[2026-01-27T23:59:03.558+0000] {logging_mixin.py:188} INFO - [2026-01-27T23:59:03.558+0000] {dagbag.py:540} INFO - Filling up the DagBag from /home/airflow/.local/lib/python3.12/site-packages/airflow/example_dags/example_short_circuit_operator.py
[2026-01-27T23:59:03.565+0000] {processor.py:840} INFO - DAG(s) 'example_short_circuit_operator' retrieved from /home/airflow/.local/lib/python3.12/site-packages/airflow/example_dags/example_short_circuit_operator.py
[2026-01-27T23:59:03.589+0000] {logging_mixin.py:188} INFO - [2026-01-27T23:59:03.588+0000] {dag.py:3096} INFO - Sync 1 DAGs
[2026-01-27T23:59:03.609+0000] {logging_mixin.py:188} INFO - [2026-01-27T23:59:03.609+0000] {dag.py:3954} INFO - Setting next_dagrun for example_short_circuit_operator to 2026-01-26 00:00:00+00:00, run_after=2026-01-27 00:00:00+00:00
[2026-01-27T23:59:03.628+0000] {processor.py:183} INFO - Processing /home/airflow/.local/lib/python3.12/site-packages/airflow/example_dags/example_short_circuit_operator.py took 0.078 seconds
[2026-01-27T23:59:34.247+0000] {processor.py:161} INFO - Started process (PID=2457) to work on /home/airflow/.local/lib/python3.12/site-packages/airflow/example_dags/example_short_circuit_operator.py
[2026-01-27T23:59:34.248+0000] {processor.py:830} INFO - Processing file /home/airflow/.local/lib/python3.12/site-packages/airflow/example_dags/example_short_circuit_operator.py for tasks to queue
[2026-01-27T23:59:34.251+0000] {logging_mixin.py:188} INFO - [2026-01-27T23:59:34.251+0000] {dagbag.py:540} INFO - Filling up the DagBag from /home/airflow/.local/lib/python3.12/site-packages/airflow/example_dags/example_short_circuit_operator.py
[2026-01-27T23:59:34.260+0000] {processor.py:840} INFO - DAG(s) 'example_short_circuit_operator' retrieved from /home/airflow/.local/lib/python3.12/site-packages/airflow/example_dags/example_short_circuit_operator.py
[2026-01-27T23:59:34.289+0000] {logging_mixin.py:188} INFO - [2026-01-27T23:59:34.288+0000] {dag.py:3096} INFO - Sync 1 DAGs
[2026-01-27T23:59:34.321+0000] {logging_mixin.py:188} INFO - [2026-01-27T23:59:34.321+0000] {dag.py:3954} INFO - Setting next_dagrun for example_short_circuit_operator to 2026-01-26 00:00:00+00:00, run_after=2026-01-27 00:00:00+00:00
[2026-01-27T23:59:34.344+0000] {processor.py:183} INFO - Processing /home/airflow/.local/lib/python3.12/site-packages/airflow/example_dags/example_short_circuit_operator.py took 0.103 seconds
