[2026-01-27 23:27:04,808] {scheduler_job.py:182} INFO - Started process (PID=44) to work on /home/airflow/.local/lib/python3.6/site-packages/airflow/example_dags/example_xcom.py
[2026-01-27 23:27:04,817] {scheduler_job.py:629} INFO - Processing file /home/airflow/.local/lib/python3.6/site-packages/airflow/example_dags/example_xcom.py for tasks to queue
[2026-01-27 23:27:05,093] {logging_mixin.py:104} INFO - [2026-01-27 23:27:05,088] {dagbag.py:448} INFO - Filling up the DagBag from /home/airflow/.local/lib/python3.6/site-packages/airflow/example_dags/example_xcom.py
[2026-01-27 23:27:05,871] {scheduler_job.py:639} INFO - DAG(s) dict_keys(['example_xcom']) retrieved from /home/airflow/.local/lib/python3.6/site-packages/airflow/example_dags/example_xcom.py
[2026-01-27 23:27:06,174] {logging_mixin.py:104} INFO - [2026-01-27 23:27:06,173] {dag.py:1818} INFO - Sync 1 DAGs
[2026-01-27 23:27:06,339] {logging_mixin.py:104} INFO - [2026-01-27 23:27:06,338] {dag.py:1837} INFO - Creating ORM DAG for example_xcom
[2026-01-27 23:27:06,401] {logging_mixin.py:104} INFO - [2026-01-27 23:27:06,401] {dag.py:2273} INFO - Setting next_dagrun for example_xcom to 2026-01-25 00:00:00+00:00
[2026-01-27 23:27:06,636] {scheduler_job.py:190} INFO - Processing /home/airflow/.local/lib/python3.6/site-packages/airflow/example_dags/example_xcom.py took 1.935 seconds
[2026-01-27 23:27:37,492] {scheduler_job.py:182} INFO - Started process (PID=71) to work on /home/airflow/.local/lib/python3.6/site-packages/airflow/example_dags/example_xcom.py
[2026-01-27 23:27:37,497] {scheduler_job.py:629} INFO - Processing file /home/airflow/.local/lib/python3.6/site-packages/airflow/example_dags/example_xcom.py for tasks to queue
[2026-01-27 23:27:37,506] {logging_mixin.py:104} INFO - [2026-01-27 23:27:37,505] {dagbag.py:448} INFO - Filling up the DagBag from /home/airflow/.local/lib/python3.6/site-packages/airflow/example_dags/example_xcom.py
[2026-01-27 23:27:37,559] {scheduler_job.py:639} INFO - DAG(s) dict_keys(['example_xcom']) retrieved from /home/airflow/.local/lib/python3.6/site-packages/airflow/example_dags/example_xcom.py
[2026-01-27 23:27:37,654] {logging_mixin.py:104} INFO - [2026-01-27 23:27:37,653] {dag.py:1818} INFO - Sync 1 DAGs
[2026-01-27 23:27:37,766] {logging_mixin.py:104} INFO - [2026-01-27 23:27:37,766] {dag.py:2273} INFO - Setting next_dagrun for example_xcom to 2026-01-25 00:00:00+00:00
[2026-01-27 23:27:37,794] {scheduler_job.py:190} INFO - Processing /home/airflow/.local/lib/python3.6/site-packages/airflow/example_dags/example_xcom.py took 0.315 seconds
[2026-01-27 23:28:08,540] {scheduler_job.py:182} INFO - Started process (PID=97) to work on /home/airflow/.local/lib/python3.6/site-packages/airflow/example_dags/example_xcom.py
[2026-01-27 23:28:08,547] {scheduler_job.py:629} INFO - Processing file /home/airflow/.local/lib/python3.6/site-packages/airflow/example_dags/example_xcom.py for tasks to queue
[2026-01-27 23:28:08,549] {logging_mixin.py:104} INFO - [2026-01-27 23:28:08,549] {dagbag.py:448} INFO - Filling up the DagBag from /home/airflow/.local/lib/python3.6/site-packages/airflow/example_dags/example_xcom.py
[2026-01-27 23:28:08,591] {scheduler_job.py:639} INFO - DAG(s) dict_keys(['example_xcom']) retrieved from /home/airflow/.local/lib/python3.6/site-packages/airflow/example_dags/example_xcom.py
[2026-01-27 23:28:08,677] {logging_mixin.py:104} INFO - [2026-01-27 23:28:08,677] {dag.py:1818} INFO - Sync 1 DAGs
[2026-01-27 23:28:08,777] {logging_mixin.py:104} INFO - [2026-01-27 23:28:08,777] {dag.py:2273} INFO - Setting next_dagrun for example_xcom to 2026-01-25 00:00:00+00:00
[2026-01-27 23:28:08,800] {scheduler_job.py:190} INFO - Processing /home/airflow/.local/lib/python3.6/site-packages/airflow/example_dags/example_xcom.py took 0.266 seconds
[2026-01-27 23:28:39,492] {scheduler_job.py:182} INFO - Started process (PID=123) to work on /home/airflow/.local/lib/python3.6/site-packages/airflow/example_dags/example_xcom.py
[2026-01-27 23:28:39,494] {scheduler_job.py:629} INFO - Processing file /home/airflow/.local/lib/python3.6/site-packages/airflow/example_dags/example_xcom.py for tasks to queue
[2026-01-27 23:28:39,495] {logging_mixin.py:104} INFO - [2026-01-27 23:28:39,495] {dagbag.py:448} INFO - Filling up the DagBag from /home/airflow/.local/lib/python3.6/site-packages/airflow/example_dags/example_xcom.py
[2026-01-27 23:28:39,508] {scheduler_job.py:639} INFO - DAG(s) dict_keys(['example_xcom']) retrieved from /home/airflow/.local/lib/python3.6/site-packages/airflow/example_dags/example_xcom.py
[2026-01-27 23:28:39,539] {logging_mixin.py:104} INFO - [2026-01-27 23:28:39,539] {dag.py:1818} INFO - Sync 1 DAGs
[2026-01-27 23:28:39,565] {logging_mixin.py:104} INFO - [2026-01-27 23:28:39,565] {dag.py:2273} INFO - Setting next_dagrun for example_xcom to 2026-01-25 00:00:00+00:00
[2026-01-27 23:28:39,586] {scheduler_job.py:190} INFO - Processing /home/airflow/.local/lib/python3.6/site-packages/airflow/example_dags/example_xcom.py took 0.098 seconds
[2026-01-27 23:29:09,872] {scheduler_job.py:182} INFO - Started process (PID=149) to work on /home/airflow/.local/lib/python3.6/site-packages/airflow/example_dags/example_xcom.py
[2026-01-27 23:29:09,873] {scheduler_job.py:629} INFO - Processing file /home/airflow/.local/lib/python3.6/site-packages/airflow/example_dags/example_xcom.py for tasks to queue
[2026-01-27 23:29:09,874] {logging_mixin.py:104} INFO - [2026-01-27 23:29:09,874] {dagbag.py:448} INFO - Filling up the DagBag from /home/airflow/.local/lib/python3.6/site-packages/airflow/example_dags/example_xcom.py
[2026-01-27 23:29:09,885] {scheduler_job.py:639} INFO - DAG(s) dict_keys(['example_xcom']) retrieved from /home/airflow/.local/lib/python3.6/site-packages/airflow/example_dags/example_xcom.py
[2026-01-27 23:29:09,906] {logging_mixin.py:104} INFO - [2026-01-27 23:29:09,906] {dag.py:1818} INFO - Sync 1 DAGs
[2026-01-27 23:29:09,921] {logging_mixin.py:104} INFO - [2026-01-27 23:29:09,921] {dag.py:2273} INFO - Setting next_dagrun for example_xcom to 2026-01-25 00:00:00+00:00
[2026-01-27 23:29:09,930] {scheduler_job.py:190} INFO - Processing /home/airflow/.local/lib/python3.6/site-packages/airflow/example_dags/example_xcom.py took 0.062 seconds
[2026-01-27 23:29:40,152] {scheduler_job.py:182} INFO - Started process (PID=175) to work on /home/airflow/.local/lib/python3.6/site-packages/airflow/example_dags/example_xcom.py
[2026-01-27 23:29:40,155] {scheduler_job.py:629} INFO - Processing file /home/airflow/.local/lib/python3.6/site-packages/airflow/example_dags/example_xcom.py for tasks to queue
[2026-01-27 23:29:40,156] {logging_mixin.py:104} INFO - [2026-01-27 23:29:40,156] {dagbag.py:448} INFO - Filling up the DagBag from /home/airflow/.local/lib/python3.6/site-packages/airflow/example_dags/example_xcom.py
[2026-01-27 23:29:40,174] {scheduler_job.py:639} INFO - DAG(s) dict_keys(['example_xcom']) retrieved from /home/airflow/.local/lib/python3.6/site-packages/airflow/example_dags/example_xcom.py
[2026-01-27 23:29:40,199] {logging_mixin.py:104} INFO - [2026-01-27 23:29:40,199] {dag.py:1818} INFO - Sync 1 DAGs
[2026-01-27 23:29:40,214] {logging_mixin.py:104} INFO - [2026-01-27 23:29:40,214] {dag.py:2273} INFO - Setting next_dagrun for example_xcom to 2026-01-25 00:00:00+00:00
[2026-01-27 23:29:40,227] {scheduler_job.py:190} INFO - Processing /home/airflow/.local/lib/python3.6/site-packages/airflow/example_dags/example_xcom.py took 0.080 seconds
[2026-01-27 23:30:10,393] {scheduler_job.py:182} INFO - Started process (PID=201) to work on /home/airflow/.local/lib/python3.6/site-packages/airflow/example_dags/example_xcom.py
[2026-01-27 23:30:10,395] {scheduler_job.py:629} INFO - Processing file /home/airflow/.local/lib/python3.6/site-packages/airflow/example_dags/example_xcom.py for tasks to queue
[2026-01-27 23:30:10,396] {logging_mixin.py:104} INFO - [2026-01-27 23:30:10,396] {dagbag.py:448} INFO - Filling up the DagBag from /home/airflow/.local/lib/python3.6/site-packages/airflow/example_dags/example_xcom.py
[2026-01-27 23:30:10,406] {scheduler_job.py:639} INFO - DAG(s) dict_keys(['example_xcom']) retrieved from /home/airflow/.local/lib/python3.6/site-packages/airflow/example_dags/example_xcom.py
[2026-01-27 23:30:10,432] {logging_mixin.py:104} INFO - [2026-01-27 23:30:10,432] {dag.py:1818} INFO - Sync 1 DAGs
[2026-01-27 23:30:10,448] {logging_mixin.py:104} INFO - [2026-01-27 23:30:10,448] {dag.py:2273} INFO - Setting next_dagrun for example_xcom to 2026-01-25 00:00:00+00:00
[2026-01-27 23:30:10,466] {scheduler_job.py:190} INFO - Processing /home/airflow/.local/lib/python3.6/site-packages/airflow/example_dags/example_xcom.py took 0.076 seconds
[2026-01-27 23:30:40,727] {scheduler_job.py:182} INFO - Started process (PID=227) to work on /home/airflow/.local/lib/python3.6/site-packages/airflow/example_dags/example_xcom.py
[2026-01-27 23:30:40,728] {scheduler_job.py:629} INFO - Processing file /home/airflow/.local/lib/python3.6/site-packages/airflow/example_dags/example_xcom.py for tasks to queue
[2026-01-27 23:30:40,729] {logging_mixin.py:104} INFO - [2026-01-27 23:30:40,729] {dagbag.py:448} INFO - Filling up the DagBag from /home/airflow/.local/lib/python3.6/site-packages/airflow/example_dags/example_xcom.py
[2026-01-27 23:30:40,739] {scheduler_job.py:639} INFO - DAG(s) dict_keys(['example_xcom']) retrieved from /home/airflow/.local/lib/python3.6/site-packages/airflow/example_dags/example_xcom.py
[2026-01-27 23:30:40,760] {logging_mixin.py:104} INFO - [2026-01-27 23:30:40,760] {dag.py:1818} INFO - Sync 1 DAGs
[2026-01-27 23:30:40,773] {logging_mixin.py:104} INFO - [2026-01-27 23:30:40,773] {dag.py:2273} INFO - Setting next_dagrun for example_xcom to 2026-01-25 00:00:00+00:00
[2026-01-27 23:30:40,794] {scheduler_job.py:190} INFO - Processing /home/airflow/.local/lib/python3.6/site-packages/airflow/example_dags/example_xcom.py took 0.070 seconds
[2026-01-27 23:31:11,237] {scheduler_job.py:182} INFO - Started process (PID=253) to work on /home/airflow/.local/lib/python3.6/site-packages/airflow/example_dags/example_xcom.py
[2026-01-27 23:31:11,239] {scheduler_job.py:629} INFO - Processing file /home/airflow/.local/lib/python3.6/site-packages/airflow/example_dags/example_xcom.py for tasks to queue
[2026-01-27 23:31:11,239] {logging_mixin.py:104} INFO - [2026-01-27 23:31:11,239] {dagbag.py:448} INFO - Filling up the DagBag from /home/airflow/.local/lib/python3.6/site-packages/airflow/example_dags/example_xcom.py
[2026-01-27 23:31:11,248] {scheduler_job.py:639} INFO - DAG(s) dict_keys(['example_xcom']) retrieved from /home/airflow/.local/lib/python3.6/site-packages/airflow/example_dags/example_xcom.py
[2026-01-27 23:31:11,268] {logging_mixin.py:104} INFO - [2026-01-27 23:31:11,268] {dag.py:1818} INFO - Sync 1 DAGs
[2026-01-27 23:31:11,279] {logging_mixin.py:104} INFO - [2026-01-27 23:31:11,279] {dag.py:2273} INFO - Setting next_dagrun for example_xcom to 2026-01-25 00:00:00+00:00
[2026-01-27 23:31:11,299] {scheduler_job.py:190} INFO - Processing /home/airflow/.local/lib/python3.6/site-packages/airflow/example_dags/example_xcom.py took 0.064 seconds
[2026-01-27T23:35:58.596+0000] {processor.py:161} INFO - Started process (PID=40) to work on /home/airflow/.local/lib/python3.12/site-packages/airflow/example_dags/example_xcom.py
[2026-01-27T23:35:58.600+0000] {processor.py:830} INFO - Processing file /home/airflow/.local/lib/python3.12/site-packages/airflow/example_dags/example_xcom.py for tasks to queue
[2026-01-27T23:35:58.608+0000] {logging_mixin.py:188} INFO - [2026-01-27T23:35:58.605+0000] {dagbag.py:540} INFO - Filling up the DagBag from /home/airflow/.local/lib/python3.12/site-packages/airflow/example_dags/example_xcom.py
[2026-01-27T23:35:58.634+0000] {processor.py:840} INFO - DAG(s) 'example_xcom' retrieved from /home/airflow/.local/lib/python3.12/site-packages/airflow/example_dags/example_xcom.py
[2026-01-27T23:35:59.041+0000] {logging_mixin.py:188} INFO - [2026-01-27T23:35:59.040+0000] {dag.py:3096} INFO - Sync 1 DAGs
[2026-01-27T23:35:59.116+0000] {logging_mixin.py:188} INFO - [2026-01-27T23:35:59.115+0000] {dag.py:3954} INFO - Setting next_dagrun for example_xcom to 2021-01-01 00:00:00+00:00, run_after=2021-01-01 00:00:00+00:00
[2026-01-27T23:35:59.188+0000] {processor.py:183} INFO - Processing /home/airflow/.local/lib/python3.12/site-packages/airflow/example_dags/example_xcom.py took 0.606 seconds
[2026-01-27T23:36:29.581+0000] {processor.py:161} INFO - Started process (PID=92) to work on /home/airflow/.local/lib/python3.12/site-packages/airflow/example_dags/example_xcom.py
[2026-01-27T23:36:29.584+0000] {processor.py:830} INFO - Processing file /home/airflow/.local/lib/python3.12/site-packages/airflow/example_dags/example_xcom.py for tasks to queue
[2026-01-27T23:36:29.588+0000] {logging_mixin.py:188} INFO - [2026-01-27T23:36:29.587+0000] {dagbag.py:540} INFO - Filling up the DagBag from /home/airflow/.local/lib/python3.12/site-packages/airflow/example_dags/example_xcom.py
[2026-01-27T23:36:29.602+0000] {processor.py:840} INFO - DAG(s) 'example_xcom' retrieved from /home/airflow/.local/lib/python3.12/site-packages/airflow/example_dags/example_xcom.py
[2026-01-27T23:36:29.640+0000] {logging_mixin.py:188} INFO - [2026-01-27T23:36:29.640+0000] {dag.py:3096} INFO - Sync 1 DAGs
[2026-01-27T23:36:29.689+0000] {logging_mixin.py:188} INFO - [2026-01-27T23:36:29.689+0000] {dag.py:3954} INFO - Setting next_dagrun for example_xcom to 2021-01-01 00:00:00+00:00, run_after=2021-01-01 00:00:00+00:00
[2026-01-27T23:36:29.724+0000] {processor.py:183} INFO - Processing /home/airflow/.local/lib/python3.12/site-packages/airflow/example_dags/example_xcom.py took 0.155 seconds
[2026-01-27T23:37:00.608+0000] {processor.py:161} INFO - Started process (PID=144) to work on /home/airflow/.local/lib/python3.12/site-packages/airflow/example_dags/example_xcom.py
[2026-01-27T23:37:00.609+0000] {processor.py:830} INFO - Processing file /home/airflow/.local/lib/python3.12/site-packages/airflow/example_dags/example_xcom.py for tasks to queue
[2026-01-27T23:37:00.611+0000] {logging_mixin.py:188} INFO - [2026-01-27T23:37:00.611+0000] {dagbag.py:540} INFO - Filling up the DagBag from /home/airflow/.local/lib/python3.12/site-packages/airflow/example_dags/example_xcom.py
[2026-01-27T23:37:00.619+0000] {processor.py:840} INFO - DAG(s) 'example_xcom' retrieved from /home/airflow/.local/lib/python3.12/site-packages/airflow/example_dags/example_xcom.py
[2026-01-27T23:37:00.643+0000] {logging_mixin.py:188} INFO - [2026-01-27T23:37:00.643+0000] {dag.py:3096} INFO - Sync 1 DAGs
[2026-01-27T23:37:00.663+0000] {logging_mixin.py:188} INFO - [2026-01-27T23:37:00.663+0000] {dag.py:3954} INFO - Setting next_dagrun for example_xcom to 2021-01-01 00:00:00+00:00, run_after=2021-01-01 00:00:00+00:00
[2026-01-27T23:37:00.683+0000] {processor.py:183} INFO - Processing /home/airflow/.local/lib/python3.12/site-packages/airflow/example_dags/example_xcom.py took 0.082 seconds
[2026-01-27T23:37:31.148+0000] {processor.py:161} INFO - Started process (PID=196) to work on /home/airflow/.local/lib/python3.12/site-packages/airflow/example_dags/example_xcom.py
[2026-01-27T23:37:31.149+0000] {processor.py:830} INFO - Processing file /home/airflow/.local/lib/python3.12/site-packages/airflow/example_dags/example_xcom.py for tasks to queue
[2026-01-27T23:37:31.151+0000] {logging_mixin.py:188} INFO - [2026-01-27T23:37:31.151+0000] {dagbag.py:540} INFO - Filling up the DagBag from /home/airflow/.local/lib/python3.12/site-packages/airflow/example_dags/example_xcom.py
[2026-01-27T23:37:31.160+0000] {processor.py:840} INFO - DAG(s) 'example_xcom' retrieved from /home/airflow/.local/lib/python3.12/site-packages/airflow/example_dags/example_xcom.py
[2026-01-27T23:37:31.183+0000] {logging_mixin.py:188} INFO - [2026-01-27T23:37:31.182+0000] {dag.py:3096} INFO - Sync 1 DAGs
[2026-01-27T23:37:31.203+0000] {logging_mixin.py:188} INFO - [2026-01-27T23:37:31.202+0000] {dag.py:3954} INFO - Setting next_dagrun for example_xcom to 2021-01-01 00:00:00+00:00, run_after=2021-01-01 00:00:00+00:00
[2026-01-27T23:37:31.223+0000] {processor.py:183} INFO - Processing /home/airflow/.local/lib/python3.12/site-packages/airflow/example_dags/example_xcom.py took 0.081 seconds
[2026-01-27T23:38:01.484+0000] {processor.py:161} INFO - Started process (PID=248) to work on /home/airflow/.local/lib/python3.12/site-packages/airflow/example_dags/example_xcom.py
[2026-01-27T23:38:01.485+0000] {processor.py:830} INFO - Processing file /home/airflow/.local/lib/python3.12/site-packages/airflow/example_dags/example_xcom.py for tasks to queue
[2026-01-27T23:38:01.487+0000] {logging_mixin.py:188} INFO - [2026-01-27T23:38:01.486+0000] {dagbag.py:540} INFO - Filling up the DagBag from /home/airflow/.local/lib/python3.12/site-packages/airflow/example_dags/example_xcom.py
[2026-01-27T23:38:01.494+0000] {processor.py:840} INFO - DAG(s) 'example_xcom' retrieved from /home/airflow/.local/lib/python3.12/site-packages/airflow/example_dags/example_xcom.py
[2026-01-27T23:38:01.516+0000] {logging_mixin.py:188} INFO - [2026-01-27T23:38:01.515+0000] {dag.py:3096} INFO - Sync 1 DAGs
[2026-01-27T23:38:01.538+0000] {logging_mixin.py:188} INFO - [2026-01-27T23:38:01.538+0000] {dag.py:3954} INFO - Setting next_dagrun for example_xcom to 2021-01-01 00:00:00+00:00, run_after=2021-01-01 00:00:00+00:00
[2026-01-27T23:38:01.561+0000] {processor.py:183} INFO - Processing /home/airflow/.local/lib/python3.12/site-packages/airflow/example_dags/example_xcom.py took 0.084 seconds
[2026-01-27T23:38:31.734+0000] {processor.py:161} INFO - Started process (PID=300) to work on /home/airflow/.local/lib/python3.12/site-packages/airflow/example_dags/example_xcom.py
[2026-01-27T23:38:31.735+0000] {processor.py:830} INFO - Processing file /home/airflow/.local/lib/python3.12/site-packages/airflow/example_dags/example_xcom.py for tasks to queue
[2026-01-27T23:38:31.737+0000] {logging_mixin.py:188} INFO - [2026-01-27T23:38:31.736+0000] {dagbag.py:540} INFO - Filling up the DagBag from /home/airflow/.local/lib/python3.12/site-packages/airflow/example_dags/example_xcom.py
[2026-01-27T23:38:31.744+0000] {processor.py:840} INFO - DAG(s) 'example_xcom' retrieved from /home/airflow/.local/lib/python3.12/site-packages/airflow/example_dags/example_xcom.py
[2026-01-27T23:38:31.766+0000] {logging_mixin.py:188} INFO - [2026-01-27T23:38:31.765+0000] {dag.py:3096} INFO - Sync 1 DAGs
[2026-01-27T23:38:31.786+0000] {logging_mixin.py:188} INFO - [2026-01-27T23:38:31.785+0000] {dag.py:3954} INFO - Setting next_dagrun for example_xcom to 2021-01-01 00:00:00+00:00, run_after=2021-01-01 00:00:00+00:00
[2026-01-27T23:38:31.805+0000] {processor.py:183} INFO - Processing /home/airflow/.local/lib/python3.12/site-packages/airflow/example_dags/example_xcom.py took 0.077 seconds
[2026-01-27T23:39:02.180+0000] {processor.py:161} INFO - Started process (PID=352) to work on /home/airflow/.local/lib/python3.12/site-packages/airflow/example_dags/example_xcom.py
[2026-01-27T23:39:02.181+0000] {processor.py:830} INFO - Processing file /home/airflow/.local/lib/python3.12/site-packages/airflow/example_dags/example_xcom.py for tasks to queue
[2026-01-27T23:39:02.184+0000] {logging_mixin.py:188} INFO - [2026-01-27T23:39:02.183+0000] {dagbag.py:540} INFO - Filling up the DagBag from /home/airflow/.local/lib/python3.12/site-packages/airflow/example_dags/example_xcom.py
[2026-01-27T23:39:02.194+0000] {processor.py:840} INFO - DAG(s) 'example_xcom' retrieved from /home/airflow/.local/lib/python3.12/site-packages/airflow/example_dags/example_xcom.py
[2026-01-27T23:39:02.223+0000] {logging_mixin.py:188} INFO - [2026-01-27T23:39:02.223+0000] {dag.py:3096} INFO - Sync 1 DAGs
[2026-01-27T23:39:02.251+0000] {logging_mixin.py:188} INFO - [2026-01-27T23:39:02.250+0000] {dag.py:3954} INFO - Setting next_dagrun for example_xcom to 2021-01-01 00:00:00+00:00, run_after=2021-01-01 00:00:00+00:00
[2026-01-27T23:39:02.278+0000] {processor.py:183} INFO - Processing /home/airflow/.local/lib/python3.12/site-packages/airflow/example_dags/example_xcom.py took 0.106 seconds
[2026-01-27T23:39:32.664+0000] {processor.py:161} INFO - Started process (PID=404) to work on /home/airflow/.local/lib/python3.12/site-packages/airflow/example_dags/example_xcom.py
[2026-01-27T23:39:32.665+0000] {processor.py:830} INFO - Processing file /home/airflow/.local/lib/python3.12/site-packages/airflow/example_dags/example_xcom.py for tasks to queue
[2026-01-27T23:39:32.668+0000] {logging_mixin.py:188} INFO - [2026-01-27T23:39:32.668+0000] {dagbag.py:540} INFO - Filling up the DagBag from /home/airflow/.local/lib/python3.12/site-packages/airflow/example_dags/example_xcom.py
[2026-01-27T23:39:32.680+0000] {processor.py:840} INFO - DAG(s) 'example_xcom' retrieved from /home/airflow/.local/lib/python3.12/site-packages/airflow/example_dags/example_xcom.py
[2026-01-27T23:39:32.710+0000] {logging_mixin.py:188} INFO - [2026-01-27T23:39:32.709+0000] {dag.py:3096} INFO - Sync 1 DAGs
[2026-01-27T23:39:32.740+0000] {logging_mixin.py:188} INFO - [2026-01-27T23:39:32.739+0000] {dag.py:3954} INFO - Setting next_dagrun for example_xcom to 2021-01-01 00:00:00+00:00, run_after=2021-01-01 00:00:00+00:00
[2026-01-27T23:39:32.774+0000] {processor.py:183} INFO - Processing /home/airflow/.local/lib/python3.12/site-packages/airflow/example_dags/example_xcom.py took 0.120 seconds
[2026-01-27T23:40:03.245+0000] {processor.py:161} INFO - Started process (PID=456) to work on /home/airflow/.local/lib/python3.12/site-packages/airflow/example_dags/example_xcom.py
[2026-01-27T23:40:03.247+0000] {processor.py:830} INFO - Processing file /home/airflow/.local/lib/python3.12/site-packages/airflow/example_dags/example_xcom.py for tasks to queue
[2026-01-27T23:40:03.250+0000] {logging_mixin.py:188} INFO - [2026-01-27T23:40:03.249+0000] {dagbag.py:540} INFO - Filling up the DagBag from /home/airflow/.local/lib/python3.12/site-packages/airflow/example_dags/example_xcom.py
[2026-01-27T23:40:03.260+0000] {processor.py:840} INFO - DAG(s) 'example_xcom' retrieved from /home/airflow/.local/lib/python3.12/site-packages/airflow/example_dags/example_xcom.py
[2026-01-27T23:40:03.288+0000] {logging_mixin.py:188} INFO - [2026-01-27T23:40:03.288+0000] {dag.py:3096} INFO - Sync 1 DAGs
[2026-01-27T23:40:03.316+0000] {logging_mixin.py:188} INFO - [2026-01-27T23:40:03.316+0000] {dag.py:3954} INFO - Setting next_dagrun for example_xcom to 2021-01-01 00:00:00+00:00, run_after=2021-01-01 00:00:00+00:00
[2026-01-27T23:40:03.349+0000] {processor.py:183} INFO - Processing /home/airflow/.local/lib/python3.12/site-packages/airflow/example_dags/example_xcom.py took 0.115 seconds
[2026-01-27T23:40:33.552+0000] {processor.py:161} INFO - Started process (PID=509) to work on /home/airflow/.local/lib/python3.12/site-packages/airflow/example_dags/example_xcom.py
[2026-01-27T23:40:33.553+0000] {processor.py:830} INFO - Processing file /home/airflow/.local/lib/python3.12/site-packages/airflow/example_dags/example_xcom.py for tasks to queue
[2026-01-27T23:40:33.556+0000] {logging_mixin.py:188} INFO - [2026-01-27T23:40:33.555+0000] {dagbag.py:540} INFO - Filling up the DagBag from /home/airflow/.local/lib/python3.12/site-packages/airflow/example_dags/example_xcom.py
[2026-01-27T23:40:33.568+0000] {processor.py:840} INFO - DAG(s) 'example_xcom' retrieved from /home/airflow/.local/lib/python3.12/site-packages/airflow/example_dags/example_xcom.py
[2026-01-27T23:40:33.607+0000] {logging_mixin.py:188} INFO - [2026-01-27T23:40:33.607+0000] {dag.py:3096} INFO - Sync 1 DAGs
[2026-01-27T23:40:33.639+0000] {logging_mixin.py:188} INFO - [2026-01-27T23:40:33.639+0000] {dag.py:3954} INFO - Setting next_dagrun for example_xcom to 2021-01-01 00:00:00+00:00, run_after=2021-01-01 00:00:00+00:00
[2026-01-27T23:40:33.666+0000] {processor.py:183} INFO - Processing /home/airflow/.local/lib/python3.12/site-packages/airflow/example_dags/example_xcom.py took 0.121 seconds
[2026-01-27T23:41:03.838+0000] {processor.py:161} INFO - Started process (PID=561) to work on /home/airflow/.local/lib/python3.12/site-packages/airflow/example_dags/example_xcom.py
[2026-01-27T23:41:03.840+0000] {processor.py:830} INFO - Processing file /home/airflow/.local/lib/python3.12/site-packages/airflow/example_dags/example_xcom.py for tasks to queue
[2026-01-27T23:41:03.842+0000] {logging_mixin.py:188} INFO - [2026-01-27T23:41:03.841+0000] {dagbag.py:540} INFO - Filling up the DagBag from /home/airflow/.local/lib/python3.12/site-packages/airflow/example_dags/example_xcom.py
[2026-01-27T23:41:03.850+0000] {processor.py:840} INFO - DAG(s) 'example_xcom' retrieved from /home/airflow/.local/lib/python3.12/site-packages/airflow/example_dags/example_xcom.py
[2026-01-27T23:41:03.870+0000] {logging_mixin.py:188} INFO - [2026-01-27T23:41:03.870+0000] {dag.py:3096} INFO - Sync 1 DAGs
[2026-01-27T23:41:03.893+0000] {logging_mixin.py:188} INFO - [2026-01-27T23:41:03.893+0000] {dag.py:3954} INFO - Setting next_dagrun for example_xcom to 2021-01-01 00:00:00+00:00, run_after=2021-01-01 00:00:00+00:00
[2026-01-27T23:41:03.917+0000] {processor.py:183} INFO - Processing /home/airflow/.local/lib/python3.12/site-packages/airflow/example_dags/example_xcom.py took 0.084 seconds
[2026-01-27T23:41:34.109+0000] {processor.py:161} INFO - Started process (PID=613) to work on /home/airflow/.local/lib/python3.12/site-packages/airflow/example_dags/example_xcom.py
[2026-01-27T23:41:34.111+0000] {processor.py:830} INFO - Processing file /home/airflow/.local/lib/python3.12/site-packages/airflow/example_dags/example_xcom.py for tasks to queue
[2026-01-27T23:41:34.115+0000] {logging_mixin.py:188} INFO - [2026-01-27T23:41:34.114+0000] {dagbag.py:540} INFO - Filling up the DagBag from /home/airflow/.local/lib/python3.12/site-packages/airflow/example_dags/example_xcom.py
[2026-01-27T23:41:34.126+0000] {processor.py:840} INFO - DAG(s) 'example_xcom' retrieved from /home/airflow/.local/lib/python3.12/site-packages/airflow/example_dags/example_xcom.py
[2026-01-27T23:41:34.161+0000] {logging_mixin.py:188} INFO - [2026-01-27T23:41:34.160+0000] {dag.py:3096} INFO - Sync 1 DAGs
[2026-01-27T23:41:34.195+0000] {logging_mixin.py:188} INFO - [2026-01-27T23:41:34.194+0000] {dag.py:3954} INFO - Setting next_dagrun for example_xcom to 2021-01-01 00:00:00+00:00, run_after=2021-01-01 00:00:00+00:00
[2026-01-27T23:41:34.228+0000] {processor.py:183} INFO - Processing /home/airflow/.local/lib/python3.12/site-packages/airflow/example_dags/example_xcom.py took 0.129 seconds
[2026-01-27T23:42:04.362+0000] {processor.py:161} INFO - Started process (PID=665) to work on /home/airflow/.local/lib/python3.12/site-packages/airflow/example_dags/example_xcom.py
[2026-01-27T23:42:04.363+0000] {processor.py:830} INFO - Processing file /home/airflow/.local/lib/python3.12/site-packages/airflow/example_dags/example_xcom.py for tasks to queue
[2026-01-27T23:42:04.366+0000] {logging_mixin.py:188} INFO - [2026-01-27T23:42:04.366+0000] {dagbag.py:540} INFO - Filling up the DagBag from /home/airflow/.local/lib/python3.12/site-packages/airflow/example_dags/example_xcom.py
[2026-01-27T23:42:04.376+0000] {processor.py:840} INFO - DAG(s) 'example_xcom' retrieved from /home/airflow/.local/lib/python3.12/site-packages/airflow/example_dags/example_xcom.py
[2026-01-27T23:42:04.400+0000] {logging_mixin.py:188} INFO - [2026-01-27T23:42:04.400+0000] {dag.py:3096} INFO - Sync 1 DAGs
[2026-01-27T23:42:04.425+0000] {logging_mixin.py:188} INFO - [2026-01-27T23:42:04.425+0000] {dag.py:3954} INFO - Setting next_dagrun for example_xcom to 2021-01-01 00:00:00+00:00, run_after=2021-01-01 00:00:00+00:00
[2026-01-27T23:42:04.450+0000] {processor.py:183} INFO - Processing /home/airflow/.local/lib/python3.12/site-packages/airflow/example_dags/example_xcom.py took 0.095 seconds
[2026-01-27T23:42:34.978+0000] {processor.py:161} INFO - Started process (PID=716) to work on /home/airflow/.local/lib/python3.12/site-packages/airflow/example_dags/example_xcom.py
[2026-01-27T23:42:34.979+0000] {processor.py:830} INFO - Processing file /home/airflow/.local/lib/python3.12/site-packages/airflow/example_dags/example_xcom.py for tasks to queue
[2026-01-27T23:42:34.982+0000] {logging_mixin.py:188} INFO - [2026-01-27T23:42:34.981+0000] {dagbag.py:540} INFO - Filling up the DagBag from /home/airflow/.local/lib/python3.12/site-packages/airflow/example_dags/example_xcom.py
[2026-01-27T23:42:34.995+0000] {processor.py:840} INFO - DAG(s) 'example_xcom' retrieved from /home/airflow/.local/lib/python3.12/site-packages/airflow/example_dags/example_xcom.py
[2026-01-27T23:42:35.041+0000] {logging_mixin.py:188} INFO - [2026-01-27T23:42:35.041+0000] {dag.py:3096} INFO - Sync 1 DAGs
[2026-01-27T23:42:35.102+0000] {logging_mixin.py:188} INFO - [2026-01-27T23:42:35.101+0000] {dag.py:3954} INFO - Setting next_dagrun for example_xcom to 2021-01-01 00:00:00+00:00, run_after=2021-01-01 00:00:00+00:00
[2026-01-27T23:42:35.146+0000] {processor.py:183} INFO - Processing /home/airflow/.local/lib/python3.12/site-packages/airflow/example_dags/example_xcom.py took 0.180 seconds
[2026-01-27T23:43:05.464+0000] {processor.py:161} INFO - Started process (PID=768) to work on /home/airflow/.local/lib/python3.12/site-packages/airflow/example_dags/example_xcom.py
[2026-01-27T23:43:05.466+0000] {processor.py:830} INFO - Processing file /home/airflow/.local/lib/python3.12/site-packages/airflow/example_dags/example_xcom.py for tasks to queue
[2026-01-27T23:43:05.470+0000] {logging_mixin.py:188} INFO - [2026-01-27T23:43:05.469+0000] {dagbag.py:540} INFO - Filling up the DagBag from /home/airflow/.local/lib/python3.12/site-packages/airflow/example_dags/example_xcom.py
[2026-01-27T23:43:05.484+0000] {processor.py:840} INFO - DAG(s) 'example_xcom' retrieved from /home/airflow/.local/lib/python3.12/site-packages/airflow/example_dags/example_xcom.py
[2026-01-27T23:43:05.516+0000] {logging_mixin.py:188} INFO - [2026-01-27T23:43:05.516+0000] {dag.py:3096} INFO - Sync 1 DAGs
[2026-01-27T23:43:05.547+0000] {logging_mixin.py:188} INFO - [2026-01-27T23:43:05.547+0000] {dag.py:3954} INFO - Setting next_dagrun for example_xcom to 2021-01-01 00:00:00+00:00, run_after=2021-01-01 00:00:00+00:00
[2026-01-27T23:43:05.575+0000] {processor.py:183} INFO - Processing /home/airflow/.local/lib/python3.12/site-packages/airflow/example_dags/example_xcom.py took 0.122 seconds
[2026-01-27T23:43:35.633+0000] {processor.py:161} INFO - Started process (PID=820) to work on /home/airflow/.local/lib/python3.12/site-packages/airflow/example_dags/example_xcom.py
[2026-01-27T23:43:35.634+0000] {processor.py:830} INFO - Processing file /home/airflow/.local/lib/python3.12/site-packages/airflow/example_dags/example_xcom.py for tasks to queue
[2026-01-27T23:43:35.638+0000] {logging_mixin.py:188} INFO - [2026-01-27T23:43:35.638+0000] {dagbag.py:540} INFO - Filling up the DagBag from /home/airflow/.local/lib/python3.12/site-packages/airflow/example_dags/example_xcom.py
[2026-01-27T23:43:35.648+0000] {processor.py:840} INFO - DAG(s) 'example_xcom' retrieved from /home/airflow/.local/lib/python3.12/site-packages/airflow/example_dags/example_xcom.py
[2026-01-27T23:43:35.673+0000] {logging_mixin.py:188} INFO - [2026-01-27T23:43:35.673+0000] {dag.py:3096} INFO - Sync 1 DAGs
[2026-01-27T23:43:35.697+0000] {logging_mixin.py:188} INFO - [2026-01-27T23:43:35.697+0000] {dag.py:3954} INFO - Setting next_dagrun for example_xcom to 2021-01-01 00:00:00+00:00, run_after=2021-01-01 00:00:00+00:00
[2026-01-27T23:43:35.727+0000] {processor.py:183} INFO - Processing /home/airflow/.local/lib/python3.12/site-packages/airflow/example_dags/example_xcom.py took 0.102 seconds
[2026-01-27T23:44:05.894+0000] {processor.py:161} INFO - Started process (PID=872) to work on /home/airflow/.local/lib/python3.12/site-packages/airflow/example_dags/example_xcom.py
[2026-01-27T23:44:05.895+0000] {processor.py:830} INFO - Processing file /home/airflow/.local/lib/python3.12/site-packages/airflow/example_dags/example_xcom.py for tasks to queue
[2026-01-27T23:44:05.897+0000] {logging_mixin.py:188} INFO - [2026-01-27T23:44:05.897+0000] {dagbag.py:540} INFO - Filling up the DagBag from /home/airflow/.local/lib/python3.12/site-packages/airflow/example_dags/example_xcom.py
[2026-01-27T23:44:05.904+0000] {processor.py:840} INFO - DAG(s) 'example_xcom' retrieved from /home/airflow/.local/lib/python3.12/site-packages/airflow/example_dags/example_xcom.py
[2026-01-27T23:44:05.927+0000] {logging_mixin.py:188} INFO - [2026-01-27T23:44:05.926+0000] {dag.py:3096} INFO - Sync 1 DAGs
[2026-01-27T23:44:05.948+0000] {logging_mixin.py:188} INFO - [2026-01-27T23:44:05.948+0000] {dag.py:3954} INFO - Setting next_dagrun for example_xcom to 2021-01-01 00:00:00+00:00, run_after=2021-01-01 00:00:00+00:00
[2026-01-27T23:44:05.971+0000] {processor.py:183} INFO - Processing /home/airflow/.local/lib/python3.12/site-packages/airflow/example_dags/example_xcom.py took 0.082 seconds
[2026-01-27T23:44:36.325+0000] {processor.py:161} INFO - Started process (PID=924) to work on /home/airflow/.local/lib/python3.12/site-packages/airflow/example_dags/example_xcom.py
[2026-01-27T23:44:36.326+0000] {processor.py:830} INFO - Processing file /home/airflow/.local/lib/python3.12/site-packages/airflow/example_dags/example_xcom.py for tasks to queue
[2026-01-27T23:44:36.328+0000] {logging_mixin.py:188} INFO - [2026-01-27T23:44:36.328+0000] {dagbag.py:540} INFO - Filling up the DagBag from /home/airflow/.local/lib/python3.12/site-packages/airflow/example_dags/example_xcom.py
[2026-01-27T23:44:36.335+0000] {processor.py:840} INFO - DAG(s) 'example_xcom' retrieved from /home/airflow/.local/lib/python3.12/site-packages/airflow/example_dags/example_xcom.py
[2026-01-27T23:44:36.356+0000] {logging_mixin.py:188} INFO - [2026-01-27T23:44:36.356+0000] {dag.py:3096} INFO - Sync 1 DAGs
[2026-01-27T23:44:36.380+0000] {logging_mixin.py:188} INFO - [2026-01-27T23:44:36.380+0000] {dag.py:3954} INFO - Setting next_dagrun for example_xcom to 2021-01-01 00:00:00+00:00, run_after=2021-01-01 00:00:00+00:00
[2026-01-27T23:44:36.401+0000] {processor.py:183} INFO - Processing /home/airflow/.local/lib/python3.12/site-packages/airflow/example_dags/example_xcom.py took 0.081 seconds
[2026-01-27T23:45:06.514+0000] {processor.py:161} INFO - Started process (PID=976) to work on /home/airflow/.local/lib/python3.12/site-packages/airflow/example_dags/example_xcom.py
[2026-01-27T23:45:06.516+0000] {processor.py:830} INFO - Processing file /home/airflow/.local/lib/python3.12/site-packages/airflow/example_dags/example_xcom.py for tasks to queue
[2026-01-27T23:45:06.518+0000] {logging_mixin.py:188} INFO - [2026-01-27T23:45:06.518+0000] {dagbag.py:540} INFO - Filling up the DagBag from /home/airflow/.local/lib/python3.12/site-packages/airflow/example_dags/example_xcom.py
[2026-01-27T23:45:06.527+0000] {processor.py:840} INFO - DAG(s) 'example_xcom' retrieved from /home/airflow/.local/lib/python3.12/site-packages/airflow/example_dags/example_xcom.py
[2026-01-27T23:45:06.551+0000] {logging_mixin.py:188} INFO - [2026-01-27T23:45:06.551+0000] {dag.py:3096} INFO - Sync 1 DAGs
[2026-01-27T23:45:06.577+0000] {logging_mixin.py:188} INFO - [2026-01-27T23:45:06.577+0000] {dag.py:3954} INFO - Setting next_dagrun for example_xcom to 2021-01-01 00:00:00+00:00, run_after=2021-01-01 00:00:00+00:00
[2026-01-27T23:45:06.598+0000] {processor.py:183} INFO - Processing /home/airflow/.local/lib/python3.12/site-packages/airflow/example_dags/example_xcom.py took 0.092 seconds
[2026-01-27T23:45:36.696+0000] {processor.py:161} INFO - Started process (PID=1028) to work on /home/airflow/.local/lib/python3.12/site-packages/airflow/example_dags/example_xcom.py
[2026-01-27T23:45:36.698+0000] {processor.py:830} INFO - Processing file /home/airflow/.local/lib/python3.12/site-packages/airflow/example_dags/example_xcom.py for tasks to queue
[2026-01-27T23:45:36.701+0000] {logging_mixin.py:188} INFO - [2026-01-27T23:45:36.700+0000] {dagbag.py:540} INFO - Filling up the DagBag from /home/airflow/.local/lib/python3.12/site-packages/airflow/example_dags/example_xcom.py
[2026-01-27T23:45:36.709+0000] {processor.py:840} INFO - DAG(s) 'example_xcom' retrieved from /home/airflow/.local/lib/python3.12/site-packages/airflow/example_dags/example_xcom.py
[2026-01-27T23:45:36.736+0000] {logging_mixin.py:188} INFO - [2026-01-27T23:45:36.736+0000] {dag.py:3096} INFO - Sync 1 DAGs
[2026-01-27T23:45:36.763+0000] {logging_mixin.py:188} INFO - [2026-01-27T23:45:36.762+0000] {dag.py:3954} INFO - Setting next_dagrun for example_xcom to 2021-01-01 00:00:00+00:00, run_after=2021-01-01 00:00:00+00:00
[2026-01-27T23:45:36.790+0000] {processor.py:183} INFO - Processing /home/airflow/.local/lib/python3.12/site-packages/airflow/example_dags/example_xcom.py took 0.102 seconds
[2026-01-27T23:46:08.058+0000] {processor.py:161} INFO - Started process (PID=1080) to work on /home/airflow/.local/lib/python3.12/site-packages/airflow/example_dags/example_xcom.py
[2026-01-27T23:46:08.061+0000] {processor.py:830} INFO - Processing file /home/airflow/.local/lib/python3.12/site-packages/airflow/example_dags/example_xcom.py for tasks to queue
[2026-01-27T23:46:08.065+0000] {logging_mixin.py:188} INFO - [2026-01-27T23:46:08.065+0000] {dagbag.py:540} INFO - Filling up the DagBag from /home/airflow/.local/lib/python3.12/site-packages/airflow/example_dags/example_xcom.py
[2026-01-27T23:46:08.077+0000] {processor.py:840} INFO - DAG(s) 'example_xcom' retrieved from /home/airflow/.local/lib/python3.12/site-packages/airflow/example_dags/example_xcom.py
[2026-01-27T23:46:08.122+0000] {logging_mixin.py:188} INFO - [2026-01-27T23:46:08.122+0000] {dag.py:3096} INFO - Sync 1 DAGs
[2026-01-27T23:46:08.377+0000] {logging_mixin.py:188} INFO - [2026-01-27T23:46:08.377+0000] {dag.py:3954} INFO - Setting next_dagrun for example_xcom to 2021-01-01 00:00:00+00:00, run_after=2021-01-01 00:00:00+00:00
[2026-01-27T23:46:08.399+0000] {processor.py:183} INFO - Processing /home/airflow/.local/lib/python3.12/site-packages/airflow/example_dags/example_xcom.py took 0.356 seconds
[2026-01-27T23:46:39.040+0000] {processor.py:161} INFO - Started process (PID=1132) to work on /home/airflow/.local/lib/python3.12/site-packages/airflow/example_dags/example_xcom.py
[2026-01-27T23:46:39.041+0000] {processor.py:830} INFO - Processing file /home/airflow/.local/lib/python3.12/site-packages/airflow/example_dags/example_xcom.py for tasks to queue
[2026-01-27T23:46:39.043+0000] {logging_mixin.py:188} INFO - [2026-01-27T23:46:39.043+0000] {dagbag.py:540} INFO - Filling up the DagBag from /home/airflow/.local/lib/python3.12/site-packages/airflow/example_dags/example_xcom.py
[2026-01-27T23:46:39.050+0000] {processor.py:840} INFO - DAG(s) 'example_xcom' retrieved from /home/airflow/.local/lib/python3.12/site-packages/airflow/example_dags/example_xcom.py
[2026-01-27T23:46:39.070+0000] {logging_mixin.py:188} INFO - [2026-01-27T23:46:39.070+0000] {dag.py:3096} INFO - Sync 1 DAGs
[2026-01-27T23:46:39.090+0000] {logging_mixin.py:188} INFO - [2026-01-27T23:46:39.089+0000] {dag.py:3954} INFO - Setting next_dagrun for example_xcom to 2021-01-01 00:00:00+00:00, run_after=2021-01-01 00:00:00+00:00
[2026-01-27T23:46:39.111+0000] {processor.py:183} INFO - Processing /home/airflow/.local/lib/python3.12/site-packages/airflow/example_dags/example_xcom.py took 0.077 seconds
[2026-01-27T23:47:09.453+0000] {processor.py:161} INFO - Started process (PID=1184) to work on /home/airflow/.local/lib/python3.12/site-packages/airflow/example_dags/example_xcom.py
[2026-01-27T23:47:09.455+0000] {processor.py:830} INFO - Processing file /home/airflow/.local/lib/python3.12/site-packages/airflow/example_dags/example_xcom.py for tasks to queue
[2026-01-27T23:47:09.458+0000] {logging_mixin.py:188} INFO - [2026-01-27T23:47:09.457+0000] {dagbag.py:540} INFO - Filling up the DagBag from /home/airflow/.local/lib/python3.12/site-packages/airflow/example_dags/example_xcom.py
[2026-01-27T23:47:09.467+0000] {processor.py:840} INFO - DAG(s) 'example_xcom' retrieved from /home/airflow/.local/lib/python3.12/site-packages/airflow/example_dags/example_xcom.py
[2026-01-27T23:47:09.492+0000] {logging_mixin.py:188} INFO - [2026-01-27T23:47:09.491+0000] {dag.py:3096} INFO - Sync 1 DAGs
[2026-01-27T23:47:09.516+0000] {logging_mixin.py:188} INFO - [2026-01-27T23:47:09.515+0000] {dag.py:3954} INFO - Setting next_dagrun for example_xcom to 2021-01-01 00:00:00+00:00, run_after=2021-01-01 00:00:00+00:00
[2026-01-27T23:47:09.540+0000] {processor.py:183} INFO - Processing /home/airflow/.local/lib/python3.12/site-packages/airflow/example_dags/example_xcom.py took 0.093 seconds
[2026-01-27T23:47:40.184+0000] {processor.py:161} INFO - Started process (PID=1236) to work on /home/airflow/.local/lib/python3.12/site-packages/airflow/example_dags/example_xcom.py
[2026-01-27T23:47:40.186+0000] {processor.py:830} INFO - Processing file /home/airflow/.local/lib/python3.12/site-packages/airflow/example_dags/example_xcom.py for tasks to queue
[2026-01-27T23:47:40.189+0000] {logging_mixin.py:188} INFO - [2026-01-27T23:47:40.188+0000] {dagbag.py:540} INFO - Filling up the DagBag from /home/airflow/.local/lib/python3.12/site-packages/airflow/example_dags/example_xcom.py
[2026-01-27T23:47:40.200+0000] {processor.py:840} INFO - DAG(s) 'example_xcom' retrieved from /home/airflow/.local/lib/python3.12/site-packages/airflow/example_dags/example_xcom.py
[2026-01-27T23:47:40.388+0000] {logging_mixin.py:188} INFO - [2026-01-27T23:47:40.388+0000] {dag.py:3096} INFO - Sync 1 DAGs
[2026-01-27T23:47:40.407+0000] {logging_mixin.py:188} INFO - [2026-01-27T23:47:40.407+0000] {dag.py:3954} INFO - Setting next_dagrun for example_xcom to 2021-01-01 00:00:00+00:00, run_after=2021-01-01 00:00:00+00:00
[2026-01-27T23:47:40.426+0000] {processor.py:183} INFO - Processing /home/airflow/.local/lib/python3.12/site-packages/airflow/example_dags/example_xcom.py took 0.250 seconds
[2026-01-27T23:48:10.626+0000] {processor.py:161} INFO - Started process (PID=1288) to work on /home/airflow/.local/lib/python3.12/site-packages/airflow/example_dags/example_xcom.py
[2026-01-27T23:48:10.627+0000] {processor.py:830} INFO - Processing file /home/airflow/.local/lib/python3.12/site-packages/airflow/example_dags/example_xcom.py for tasks to queue
[2026-01-27T23:48:10.629+0000] {logging_mixin.py:188} INFO - [2026-01-27T23:48:10.629+0000] {dagbag.py:540} INFO - Filling up the DagBag from /home/airflow/.local/lib/python3.12/site-packages/airflow/example_dags/example_xcom.py
[2026-01-27T23:48:10.639+0000] {processor.py:840} INFO - DAG(s) 'example_xcom' retrieved from /home/airflow/.local/lib/python3.12/site-packages/airflow/example_dags/example_xcom.py
[2026-01-27T23:48:10.664+0000] {logging_mixin.py:188} INFO - [2026-01-27T23:48:10.663+0000] {dag.py:3096} INFO - Sync 1 DAGs
[2026-01-27T23:48:10.686+0000] {logging_mixin.py:188} INFO - [2026-01-27T23:48:10.685+0000] {dag.py:3954} INFO - Setting next_dagrun for example_xcom to 2021-01-01 00:00:00+00:00, run_after=2021-01-01 00:00:00+00:00
[2026-01-27T23:48:10.707+0000] {processor.py:183} INFO - Processing /home/airflow/.local/lib/python3.12/site-packages/airflow/example_dags/example_xcom.py took 0.088 seconds
[2026-01-27T23:48:40.901+0000] {processor.py:161} INFO - Started process (PID=1340) to work on /home/airflow/.local/lib/python3.12/site-packages/airflow/example_dags/example_xcom.py
[2026-01-27T23:48:40.902+0000] {processor.py:830} INFO - Processing file /home/airflow/.local/lib/python3.12/site-packages/airflow/example_dags/example_xcom.py for tasks to queue
[2026-01-27T23:48:40.904+0000] {logging_mixin.py:188} INFO - [2026-01-27T23:48:40.903+0000] {dagbag.py:540} INFO - Filling up the DagBag from /home/airflow/.local/lib/python3.12/site-packages/airflow/example_dags/example_xcom.py
[2026-01-27T23:48:40.911+0000] {processor.py:840} INFO - DAG(s) 'example_xcom' retrieved from /home/airflow/.local/lib/python3.12/site-packages/airflow/example_dags/example_xcom.py
[2026-01-27T23:48:40.932+0000] {logging_mixin.py:188} INFO - [2026-01-27T23:48:40.931+0000] {dag.py:3096} INFO - Sync 1 DAGs
[2026-01-27T23:48:40.951+0000] {logging_mixin.py:188} INFO - [2026-01-27T23:48:40.950+0000] {dag.py:3954} INFO - Setting next_dagrun for example_xcom to 2021-01-01 00:00:00+00:00, run_after=2021-01-01 00:00:00+00:00
[2026-01-27T23:48:40.970+0000] {processor.py:183} INFO - Processing /home/airflow/.local/lib/python3.12/site-packages/airflow/example_dags/example_xcom.py took 0.075 seconds
[2026-01-27T23:49:11.663+0000] {processor.py:161} INFO - Started process (PID=1392) to work on /home/airflow/.local/lib/python3.12/site-packages/airflow/example_dags/example_xcom.py
[2026-01-27T23:49:11.664+0000] {processor.py:830} INFO - Processing file /home/airflow/.local/lib/python3.12/site-packages/airflow/example_dags/example_xcom.py for tasks to queue
[2026-01-27T23:49:11.666+0000] {logging_mixin.py:188} INFO - [2026-01-27T23:49:11.666+0000] {dagbag.py:540} INFO - Filling up the DagBag from /home/airflow/.local/lib/python3.12/site-packages/airflow/example_dags/example_xcom.py
[2026-01-27T23:49:11.674+0000] {processor.py:840} INFO - DAG(s) 'example_xcom' retrieved from /home/airflow/.local/lib/python3.12/site-packages/airflow/example_dags/example_xcom.py
[2026-01-27T23:49:11.697+0000] {logging_mixin.py:188} INFO - [2026-01-27T23:49:11.697+0000] {dag.py:3096} INFO - Sync 1 DAGs
[2026-01-27T23:49:11.716+0000] {logging_mixin.py:188} INFO - [2026-01-27T23:49:11.716+0000] {dag.py:3954} INFO - Setting next_dagrun for example_xcom to 2021-01-01 00:00:00+00:00, run_after=2021-01-01 00:00:00+00:00
[2026-01-27T23:49:11.736+0000] {processor.py:183} INFO - Processing /home/airflow/.local/lib/python3.12/site-packages/airflow/example_dags/example_xcom.py took 0.081 seconds
[2026-01-27T23:49:41.997+0000] {processor.py:161} INFO - Started process (PID=1444) to work on /home/airflow/.local/lib/python3.12/site-packages/airflow/example_dags/example_xcom.py
[2026-01-27T23:49:41.998+0000] {processor.py:830} INFO - Processing file /home/airflow/.local/lib/python3.12/site-packages/airflow/example_dags/example_xcom.py for tasks to queue
[2026-01-27T23:49:42.000+0000] {logging_mixin.py:188} INFO - [2026-01-27T23:49:41.999+0000] {dagbag.py:540} INFO - Filling up the DagBag from /home/airflow/.local/lib/python3.12/site-packages/airflow/example_dags/example_xcom.py
[2026-01-27T23:49:42.007+0000] {processor.py:840} INFO - DAG(s) 'example_xcom' retrieved from /home/airflow/.local/lib/python3.12/site-packages/airflow/example_dags/example_xcom.py
[2026-01-27T23:49:42.028+0000] {logging_mixin.py:188} INFO - [2026-01-27T23:49:42.028+0000] {dag.py:3096} INFO - Sync 1 DAGs
[2026-01-27T23:49:42.049+0000] {logging_mixin.py:188} INFO - [2026-01-27T23:49:42.048+0000] {dag.py:3954} INFO - Setting next_dagrun for example_xcom to 2021-01-01 00:00:00+00:00, run_after=2021-01-01 00:00:00+00:00
[2026-01-27T23:49:42.068+0000] {processor.py:183} INFO - Processing /home/airflow/.local/lib/python3.12/site-packages/airflow/example_dags/example_xcom.py took 0.078 seconds
[2026-01-27T23:50:12.464+0000] {processor.py:161} INFO - Started process (PID=1496) to work on /home/airflow/.local/lib/python3.12/site-packages/airflow/example_dags/example_xcom.py
[2026-01-27T23:50:12.465+0000] {processor.py:830} INFO - Processing file /home/airflow/.local/lib/python3.12/site-packages/airflow/example_dags/example_xcom.py for tasks to queue
[2026-01-27T23:50:12.467+0000] {logging_mixin.py:188} INFO - [2026-01-27T23:50:12.467+0000] {dagbag.py:540} INFO - Filling up the DagBag from /home/airflow/.local/lib/python3.12/site-packages/airflow/example_dags/example_xcom.py
[2026-01-27T23:50:12.476+0000] {processor.py:840} INFO - DAG(s) 'example_xcom' retrieved from /home/airflow/.local/lib/python3.12/site-packages/airflow/example_dags/example_xcom.py
[2026-01-27T23:50:12.498+0000] {logging_mixin.py:188} INFO - [2026-01-27T23:50:12.497+0000] {dag.py:3096} INFO - Sync 1 DAGs
[2026-01-27T23:50:12.521+0000] {logging_mixin.py:188} INFO - [2026-01-27T23:50:12.520+0000] {dag.py:3954} INFO - Setting next_dagrun for example_xcom to 2021-01-01 00:00:00+00:00, run_after=2021-01-01 00:00:00+00:00
[2026-01-27T23:50:12.544+0000] {processor.py:183} INFO - Processing /home/airflow/.local/lib/python3.12/site-packages/airflow/example_dags/example_xcom.py took 0.086 seconds
[2026-01-27T23:50:42.794+0000] {processor.py:161} INFO - Started process (PID=1548) to work on /home/airflow/.local/lib/python3.12/site-packages/airflow/example_dags/example_xcom.py
[2026-01-27T23:50:42.795+0000] {processor.py:830} INFO - Processing file /home/airflow/.local/lib/python3.12/site-packages/airflow/example_dags/example_xcom.py for tasks to queue
[2026-01-27T23:50:42.797+0000] {logging_mixin.py:188} INFO - [2026-01-27T23:50:42.796+0000] {dagbag.py:540} INFO - Filling up the DagBag from /home/airflow/.local/lib/python3.12/site-packages/airflow/example_dags/example_xcom.py
[2026-01-27T23:50:42.804+0000] {processor.py:840} INFO - DAG(s) 'example_xcom' retrieved from /home/airflow/.local/lib/python3.12/site-packages/airflow/example_dags/example_xcom.py
[2026-01-27T23:50:42.824+0000] {logging_mixin.py:188} INFO - [2026-01-27T23:50:42.824+0000] {dag.py:3096} INFO - Sync 1 DAGs
[2026-01-27T23:50:42.843+0000] {logging_mixin.py:188} INFO - [2026-01-27T23:50:42.843+0000] {dag.py:3954} INFO - Setting next_dagrun for example_xcom to 2021-01-01 00:00:00+00:00, run_after=2021-01-01 00:00:00+00:00
[2026-01-27T23:50:42.863+0000] {processor.py:183} INFO - Processing /home/airflow/.local/lib/python3.12/site-packages/airflow/example_dags/example_xcom.py took 0.075 seconds
[2026-01-27T23:51:13.154+0000] {processor.py:161} INFO - Started process (PID=1598) to work on /home/airflow/.local/lib/python3.12/site-packages/airflow/example_dags/example_xcom.py
[2026-01-27T23:51:13.156+0000] {processor.py:830} INFO - Processing file /home/airflow/.local/lib/python3.12/site-packages/airflow/example_dags/example_xcom.py for tasks to queue
[2026-01-27T23:51:13.159+0000] {logging_mixin.py:188} INFO - [2026-01-27T23:51:13.158+0000] {dagbag.py:540} INFO - Filling up the DagBag from /home/airflow/.local/lib/python3.12/site-packages/airflow/example_dags/example_xcom.py
[2026-01-27T23:51:13.174+0000] {processor.py:840} INFO - DAG(s) 'example_xcom' retrieved from /home/airflow/.local/lib/python3.12/site-packages/airflow/example_dags/example_xcom.py
[2026-01-27T23:51:13.203+0000] {logging_mixin.py:188} INFO - [2026-01-27T23:51:13.202+0000] {dag.py:3096} INFO - Sync 1 DAGs
[2026-01-27T23:51:13.230+0000] {logging_mixin.py:188} INFO - [2026-01-27T23:51:13.230+0000] {dag.py:3954} INFO - Setting next_dagrun for example_xcom to 2021-01-01 00:00:00+00:00, run_after=2021-01-01 00:00:00+00:00
[2026-01-27T23:51:13.254+0000] {processor.py:183} INFO - Processing /home/airflow/.local/lib/python3.12/site-packages/airflow/example_dags/example_xcom.py took 0.109 seconds
[2026-01-27T23:51:43.503+0000] {processor.py:161} INFO - Started process (PID=1650) to work on /home/airflow/.local/lib/python3.12/site-packages/airflow/example_dags/example_xcom.py
[2026-01-27T23:51:43.504+0000] {processor.py:830} INFO - Processing file /home/airflow/.local/lib/python3.12/site-packages/airflow/example_dags/example_xcom.py for tasks to queue
[2026-01-27T23:51:43.506+0000] {logging_mixin.py:188} INFO - [2026-01-27T23:51:43.506+0000] {dagbag.py:540} INFO - Filling up the DagBag from /home/airflow/.local/lib/python3.12/site-packages/airflow/example_dags/example_xcom.py
[2026-01-27T23:51:43.513+0000] {processor.py:840} INFO - DAG(s) 'example_xcom' retrieved from /home/airflow/.local/lib/python3.12/site-packages/airflow/example_dags/example_xcom.py
[2026-01-27T23:51:43.533+0000] {logging_mixin.py:188} INFO - [2026-01-27T23:51:43.532+0000] {dag.py:3096} INFO - Sync 1 DAGs
[2026-01-27T23:51:43.551+0000] {logging_mixin.py:188} INFO - [2026-01-27T23:51:43.551+0000] {dag.py:3954} INFO - Setting next_dagrun for example_xcom to 2021-01-01 00:00:00+00:00, run_after=2021-01-01 00:00:00+00:00
[2026-01-27T23:51:43.570+0000] {processor.py:183} INFO - Processing /home/airflow/.local/lib/python3.12/site-packages/airflow/example_dags/example_xcom.py took 0.072 seconds
[2026-01-27T23:52:13.896+0000] {processor.py:161} INFO - Started process (PID=1702) to work on /home/airflow/.local/lib/python3.12/site-packages/airflow/example_dags/example_xcom.py
[2026-01-27T23:52:13.898+0000] {processor.py:830} INFO - Processing file /home/airflow/.local/lib/python3.12/site-packages/airflow/example_dags/example_xcom.py for tasks to queue
[2026-01-27T23:52:13.900+0000] {logging_mixin.py:188} INFO - [2026-01-27T23:52:13.900+0000] {dagbag.py:540} INFO - Filling up the DagBag from /home/airflow/.local/lib/python3.12/site-packages/airflow/example_dags/example_xcom.py
[2026-01-27T23:52:13.908+0000] {processor.py:840} INFO - DAG(s) 'example_xcom' retrieved from /home/airflow/.local/lib/python3.12/site-packages/airflow/example_dags/example_xcom.py
[2026-01-27T23:52:13.931+0000] {logging_mixin.py:188} INFO - [2026-01-27T23:52:13.930+0000] {dag.py:3096} INFO - Sync 1 DAGs
[2026-01-27T23:52:13.960+0000] {logging_mixin.py:188} INFO - [2026-01-27T23:52:13.960+0000] {dag.py:3954} INFO - Setting next_dagrun for example_xcom to 2021-01-01 00:00:00+00:00, run_after=2021-01-01 00:00:00+00:00
[2026-01-27T23:52:13.986+0000] {processor.py:183} INFO - Processing /home/airflow/.local/lib/python3.12/site-packages/airflow/example_dags/example_xcom.py took 0.098 seconds
[2026-01-27T23:52:44.068+0000] {processor.py:161} INFO - Started process (PID=1754) to work on /home/airflow/.local/lib/python3.12/site-packages/airflow/example_dags/example_xcom.py
[2026-01-27T23:52:44.069+0000] {processor.py:830} INFO - Processing file /home/airflow/.local/lib/python3.12/site-packages/airflow/example_dags/example_xcom.py for tasks to queue
[2026-01-27T23:52:44.072+0000] {logging_mixin.py:188} INFO - [2026-01-27T23:52:44.071+0000] {dagbag.py:540} INFO - Filling up the DagBag from /home/airflow/.local/lib/python3.12/site-packages/airflow/example_dags/example_xcom.py
[2026-01-27T23:52:44.079+0000] {processor.py:840} INFO - DAG(s) 'example_xcom' retrieved from /home/airflow/.local/lib/python3.12/site-packages/airflow/example_dags/example_xcom.py
[2026-01-27T23:52:44.099+0000] {logging_mixin.py:188} INFO - [2026-01-27T23:52:44.099+0000] {dag.py:3096} INFO - Sync 1 DAGs
[2026-01-27T23:52:44.120+0000] {logging_mixin.py:188} INFO - [2026-01-27T23:52:44.119+0000] {dag.py:3954} INFO - Setting next_dagrun for example_xcom to 2021-01-01 00:00:00+00:00, run_after=2021-01-01 00:00:00+00:00
[2026-01-27T23:52:44.141+0000] {processor.py:183} INFO - Processing /home/airflow/.local/lib/python3.12/site-packages/airflow/example_dags/example_xcom.py took 0.081 seconds
[2026-01-27T23:53:14.263+0000] {processor.py:161} INFO - Started process (PID=1806) to work on /home/airflow/.local/lib/python3.12/site-packages/airflow/example_dags/example_xcom.py
[2026-01-27T23:53:14.264+0000] {processor.py:830} INFO - Processing file /home/airflow/.local/lib/python3.12/site-packages/airflow/example_dags/example_xcom.py for tasks to queue
[2026-01-27T23:53:14.265+0000] {logging_mixin.py:188} INFO - [2026-01-27T23:53:14.265+0000] {dagbag.py:540} INFO - Filling up the DagBag from /home/airflow/.local/lib/python3.12/site-packages/airflow/example_dags/example_xcom.py
[2026-01-27T23:53:14.274+0000] {processor.py:840} INFO - DAG(s) 'example_xcom' retrieved from /home/airflow/.local/lib/python3.12/site-packages/airflow/example_dags/example_xcom.py
[2026-01-27T23:53:14.294+0000] {logging_mixin.py:188} INFO - [2026-01-27T23:53:14.293+0000] {dag.py:3096} INFO - Sync 1 DAGs
[2026-01-27T23:53:14.314+0000] {logging_mixin.py:188} INFO - [2026-01-27T23:53:14.314+0000] {dag.py:3954} INFO - Setting next_dagrun for example_xcom to 2021-01-01 00:00:00+00:00, run_after=2021-01-01 00:00:00+00:00
[2026-01-27T23:53:14.336+0000] {processor.py:183} INFO - Processing /home/airflow/.local/lib/python3.12/site-packages/airflow/example_dags/example_xcom.py took 0.080 seconds
[2026-01-27T23:53:44.557+0000] {processor.py:161} INFO - Started process (PID=1858) to work on /home/airflow/.local/lib/python3.12/site-packages/airflow/example_dags/example_xcom.py
[2026-01-27T23:53:44.558+0000] {processor.py:830} INFO - Processing file /home/airflow/.local/lib/python3.12/site-packages/airflow/example_dags/example_xcom.py for tasks to queue
[2026-01-27T23:53:44.561+0000] {logging_mixin.py:188} INFO - [2026-01-27T23:53:44.560+0000] {dagbag.py:540} INFO - Filling up the DagBag from /home/airflow/.local/lib/python3.12/site-packages/airflow/example_dags/example_xcom.py
[2026-01-27T23:53:44.572+0000] {processor.py:840} INFO - DAG(s) 'example_xcom' retrieved from /home/airflow/.local/lib/python3.12/site-packages/airflow/example_dags/example_xcom.py
[2026-01-27T23:53:44.598+0000] {logging_mixin.py:188} INFO - [2026-01-27T23:53:44.598+0000] {dag.py:3096} INFO - Sync 1 DAGs
[2026-01-27T23:53:44.619+0000] {logging_mixin.py:188} INFO - [2026-01-27T23:53:44.619+0000] {dag.py:3954} INFO - Setting next_dagrun for example_xcom to 2021-01-01 00:00:00+00:00, run_after=2021-01-01 00:00:00+00:00
[2026-01-27T23:53:44.636+0000] {processor.py:183} INFO - Processing /home/airflow/.local/lib/python3.12/site-packages/airflow/example_dags/example_xcom.py took 0.088 seconds
[2026-01-27T23:54:15.127+0000] {processor.py:161} INFO - Started process (PID=1910) to work on /home/airflow/.local/lib/python3.12/site-packages/airflow/example_dags/example_xcom.py
[2026-01-27T23:54:15.128+0000] {processor.py:830} INFO - Processing file /home/airflow/.local/lib/python3.12/site-packages/airflow/example_dags/example_xcom.py for tasks to queue
[2026-01-27T23:54:15.132+0000] {logging_mixin.py:188} INFO - [2026-01-27T23:54:15.131+0000] {dagbag.py:540} INFO - Filling up the DagBag from /home/airflow/.local/lib/python3.12/site-packages/airflow/example_dags/example_xcom.py
[2026-01-27T23:54:15.141+0000] {processor.py:840} INFO - DAG(s) 'example_xcom' retrieved from /home/airflow/.local/lib/python3.12/site-packages/airflow/example_dags/example_xcom.py
[2026-01-27T23:54:15.161+0000] {logging_mixin.py:188} INFO - [2026-01-27T23:54:15.161+0000] {dag.py:3096} INFO - Sync 1 DAGs
[2026-01-27T23:54:15.180+0000] {logging_mixin.py:188} INFO - [2026-01-27T23:54:15.180+0000] {dag.py:3954} INFO - Setting next_dagrun for example_xcom to 2021-01-01 00:00:00+00:00, run_after=2021-01-01 00:00:00+00:00
[2026-01-27T23:54:15.201+0000] {processor.py:183} INFO - Processing /home/airflow/.local/lib/python3.12/site-packages/airflow/example_dags/example_xcom.py took 0.079 seconds
[2026-01-27T23:54:46.155+0000] {processor.py:161} INFO - Started process (PID=1962) to work on /home/airflow/.local/lib/python3.12/site-packages/airflow/example_dags/example_xcom.py
[2026-01-27T23:54:46.156+0000] {processor.py:830} INFO - Processing file /home/airflow/.local/lib/python3.12/site-packages/airflow/example_dags/example_xcom.py for tasks to queue
[2026-01-27T23:54:46.159+0000] {logging_mixin.py:188} INFO - [2026-01-27T23:54:46.159+0000] {dagbag.py:540} INFO - Filling up the DagBag from /home/airflow/.local/lib/python3.12/site-packages/airflow/example_dags/example_xcom.py
[2026-01-27T23:54:46.173+0000] {processor.py:840} INFO - DAG(s) 'example_xcom' retrieved from /home/airflow/.local/lib/python3.12/site-packages/airflow/example_dags/example_xcom.py
[2026-01-27T23:54:46.195+0000] {logging_mixin.py:188} INFO - [2026-01-27T23:54:46.195+0000] {dag.py:3096} INFO - Sync 1 DAGs
[2026-01-27T23:54:46.215+0000] {logging_mixin.py:188} INFO - [2026-01-27T23:54:46.215+0000] {dag.py:3954} INFO - Setting next_dagrun for example_xcom to 2021-01-01 00:00:00+00:00, run_after=2021-01-01 00:00:00+00:00
[2026-01-27T23:54:46.237+0000] {processor.py:183} INFO - Processing /home/airflow/.local/lib/python3.12/site-packages/airflow/example_dags/example_xcom.py took 0.088 seconds
[2026-01-27T23:55:16.939+0000] {processor.py:161} INFO - Started process (PID=2014) to work on /home/airflow/.local/lib/python3.12/site-packages/airflow/example_dags/example_xcom.py
[2026-01-27T23:55:16.940+0000] {processor.py:830} INFO - Processing file /home/airflow/.local/lib/python3.12/site-packages/airflow/example_dags/example_xcom.py for tasks to queue
[2026-01-27T23:55:16.942+0000] {logging_mixin.py:188} INFO - [2026-01-27T23:55:16.942+0000] {dagbag.py:540} INFO - Filling up the DagBag from /home/airflow/.local/lib/python3.12/site-packages/airflow/example_dags/example_xcom.py
[2026-01-27T23:55:16.949+0000] {processor.py:840} INFO - DAG(s) 'example_xcom' retrieved from /home/airflow/.local/lib/python3.12/site-packages/airflow/example_dags/example_xcom.py
[2026-01-27T23:55:16.971+0000] {logging_mixin.py:188} INFO - [2026-01-27T23:55:16.970+0000] {dag.py:3096} INFO - Sync 1 DAGs
[2026-01-27T23:55:16.990+0000] {logging_mixin.py:188} INFO - [2026-01-27T23:55:16.989+0000] {dag.py:3954} INFO - Setting next_dagrun for example_xcom to 2021-01-01 00:00:00+00:00, run_after=2021-01-01 00:00:00+00:00
[2026-01-27T23:55:17.008+0000] {processor.py:183} INFO - Processing /home/airflow/.local/lib/python3.12/site-packages/airflow/example_dags/example_xcom.py took 0.076 seconds
[2026-01-27T23:55:47.901+0000] {processor.py:161} INFO - Started process (PID=2066) to work on /home/airflow/.local/lib/python3.12/site-packages/airflow/example_dags/example_xcom.py
[2026-01-27T23:55:47.902+0000] {processor.py:830} INFO - Processing file /home/airflow/.local/lib/python3.12/site-packages/airflow/example_dags/example_xcom.py for tasks to queue
[2026-01-27T23:55:47.904+0000] {logging_mixin.py:188} INFO - [2026-01-27T23:55:47.903+0000] {dagbag.py:540} INFO - Filling up the DagBag from /home/airflow/.local/lib/python3.12/site-packages/airflow/example_dags/example_xcom.py
[2026-01-27T23:55:47.911+0000] {processor.py:840} INFO - DAG(s) 'example_xcom' retrieved from /home/airflow/.local/lib/python3.12/site-packages/airflow/example_dags/example_xcom.py
[2026-01-27T23:55:47.933+0000] {logging_mixin.py:188} INFO - [2026-01-27T23:55:47.933+0000] {dag.py:3096} INFO - Sync 1 DAGs
[2026-01-27T23:55:47.952+0000] {logging_mixin.py:188} INFO - [2026-01-27T23:55:47.952+0000] {dag.py:3954} INFO - Setting next_dagrun for example_xcom to 2021-01-01 00:00:00+00:00, run_after=2021-01-01 00:00:00+00:00
[2026-01-27T23:55:47.973+0000] {processor.py:183} INFO - Processing /home/airflow/.local/lib/python3.12/site-packages/airflow/example_dags/example_xcom.py took 0.078 seconds
[2026-01-27T23:56:18.261+0000] {processor.py:161} INFO - Started process (PID=2118) to work on /home/airflow/.local/lib/python3.12/site-packages/airflow/example_dags/example_xcom.py
[2026-01-27T23:56:18.262+0000] {processor.py:830} INFO - Processing file /home/airflow/.local/lib/python3.12/site-packages/airflow/example_dags/example_xcom.py for tasks to queue
[2026-01-27T23:56:18.265+0000] {logging_mixin.py:188} INFO - [2026-01-27T23:56:18.264+0000] {dagbag.py:540} INFO - Filling up the DagBag from /home/airflow/.local/lib/python3.12/site-packages/airflow/example_dags/example_xcom.py
[2026-01-27T23:56:18.274+0000] {processor.py:840} INFO - DAG(s) 'example_xcom' retrieved from /home/airflow/.local/lib/python3.12/site-packages/airflow/example_dags/example_xcom.py
[2026-01-27T23:56:18.295+0000] {logging_mixin.py:188} INFO - [2026-01-27T23:56:18.295+0000] {dag.py:3096} INFO - Sync 1 DAGs
[2026-01-27T23:56:18.316+0000] {logging_mixin.py:188} INFO - [2026-01-27T23:56:18.315+0000] {dag.py:3954} INFO - Setting next_dagrun for example_xcom to 2021-01-01 00:00:00+00:00, run_after=2021-01-01 00:00:00+00:00
[2026-01-27T23:56:18.335+0000] {processor.py:183} INFO - Processing /home/airflow/.local/lib/python3.12/site-packages/airflow/example_dags/example_xcom.py took 0.081 seconds
[2026-01-27T23:56:48.624+0000] {processor.py:161} INFO - Started process (PID=2170) to work on /home/airflow/.local/lib/python3.12/site-packages/airflow/example_dags/example_xcom.py
[2026-01-27T23:56:48.626+0000] {processor.py:830} INFO - Processing file /home/airflow/.local/lib/python3.12/site-packages/airflow/example_dags/example_xcom.py for tasks to queue
[2026-01-27T23:56:48.628+0000] {logging_mixin.py:188} INFO - [2026-01-27T23:56:48.627+0000] {dagbag.py:540} INFO - Filling up the DagBag from /home/airflow/.local/lib/python3.12/site-packages/airflow/example_dags/example_xcom.py
[2026-01-27T23:56:48.636+0000] {processor.py:840} INFO - DAG(s) 'example_xcom' retrieved from /home/airflow/.local/lib/python3.12/site-packages/airflow/example_dags/example_xcom.py
[2026-01-27T23:56:48.658+0000] {logging_mixin.py:188} INFO - [2026-01-27T23:56:48.658+0000] {dag.py:3096} INFO - Sync 1 DAGs
[2026-01-27T23:56:48.681+0000] {logging_mixin.py:188} INFO - [2026-01-27T23:56:48.681+0000] {dag.py:3954} INFO - Setting next_dagrun for example_xcom to 2021-01-01 00:00:00+00:00, run_after=2021-01-01 00:00:00+00:00
[2026-01-27T23:56:48.704+0000] {processor.py:183} INFO - Processing /home/airflow/.local/lib/python3.12/site-packages/airflow/example_dags/example_xcom.py took 0.086 seconds
[2026-01-27T23:57:19.402+0000] {processor.py:161} INFO - Started process (PID=2222) to work on /home/airflow/.local/lib/python3.12/site-packages/airflow/example_dags/example_xcom.py
[2026-01-27T23:57:19.403+0000] {processor.py:830} INFO - Processing file /home/airflow/.local/lib/python3.12/site-packages/airflow/example_dags/example_xcom.py for tasks to queue
[2026-01-27T23:57:19.404+0000] {logging_mixin.py:188} INFO - [2026-01-27T23:57:19.404+0000] {dagbag.py:540} INFO - Filling up the DagBag from /home/airflow/.local/lib/python3.12/site-packages/airflow/example_dags/example_xcom.py
[2026-01-27T23:57:19.412+0000] {processor.py:840} INFO - DAG(s) 'example_xcom' retrieved from /home/airflow/.local/lib/python3.12/site-packages/airflow/example_dags/example_xcom.py
[2026-01-27T23:57:19.432+0000] {logging_mixin.py:188} INFO - [2026-01-27T23:57:19.432+0000] {dag.py:3096} INFO - Sync 1 DAGs
[2026-01-27T23:57:19.450+0000] {logging_mixin.py:188} INFO - [2026-01-27T23:57:19.450+0000] {dag.py:3954} INFO - Setting next_dagrun for example_xcom to 2021-01-01 00:00:00+00:00, run_after=2021-01-01 00:00:00+00:00
[2026-01-27T23:57:19.469+0000] {processor.py:183} INFO - Processing /home/airflow/.local/lib/python3.12/site-packages/airflow/example_dags/example_xcom.py took 0.073 seconds
[2026-01-27T23:57:50.382+0000] {processor.py:161} INFO - Started process (PID=2274) to work on /home/airflow/.local/lib/python3.12/site-packages/airflow/example_dags/example_xcom.py
[2026-01-27T23:57:50.384+0000] {processor.py:830} INFO - Processing file /home/airflow/.local/lib/python3.12/site-packages/airflow/example_dags/example_xcom.py for tasks to queue
[2026-01-27T23:57:50.386+0000] {logging_mixin.py:188} INFO - [2026-01-27T23:57:50.386+0000] {dagbag.py:540} INFO - Filling up the DagBag from /home/airflow/.local/lib/python3.12/site-packages/airflow/example_dags/example_xcom.py
[2026-01-27T23:57:50.394+0000] {processor.py:840} INFO - DAG(s) 'example_xcom' retrieved from /home/airflow/.local/lib/python3.12/site-packages/airflow/example_dags/example_xcom.py
[2026-01-27T23:57:50.415+0000] {logging_mixin.py:188} INFO - [2026-01-27T23:57:50.415+0000] {dag.py:3096} INFO - Sync 1 DAGs
[2026-01-27T23:57:50.434+0000] {logging_mixin.py:188} INFO - [2026-01-27T23:57:50.434+0000] {dag.py:3954} INFO - Setting next_dagrun for example_xcom to 2021-01-01 00:00:00+00:00, run_after=2021-01-01 00:00:00+00:00
[2026-01-27T23:57:50.455+0000] {processor.py:183} INFO - Processing /home/airflow/.local/lib/python3.12/site-packages/airflow/example_dags/example_xcom.py took 0.080 seconds
[2026-01-27T23:58:20.533+0000] {processor.py:161} INFO - Started process (PID=2326) to work on /home/airflow/.local/lib/python3.12/site-packages/airflow/example_dags/example_xcom.py
[2026-01-27T23:58:20.534+0000] {processor.py:830} INFO - Processing file /home/airflow/.local/lib/python3.12/site-packages/airflow/example_dags/example_xcom.py for tasks to queue
[2026-01-27T23:58:20.536+0000] {logging_mixin.py:188} INFO - [2026-01-27T23:58:20.536+0000] {dagbag.py:540} INFO - Filling up the DagBag from /home/airflow/.local/lib/python3.12/site-packages/airflow/example_dags/example_xcom.py
[2026-01-27T23:58:20.544+0000] {processor.py:840} INFO - DAG(s) 'example_xcom' retrieved from /home/airflow/.local/lib/python3.12/site-packages/airflow/example_dags/example_xcom.py
[2026-01-27T23:58:20.567+0000] {logging_mixin.py:188} INFO - [2026-01-27T23:58:20.567+0000] {dag.py:3096} INFO - Sync 1 DAGs
[2026-01-27T23:58:20.587+0000] {logging_mixin.py:188} INFO - [2026-01-27T23:58:20.586+0000] {dag.py:3954} INFO - Setting next_dagrun for example_xcom to 2021-01-01 00:00:00+00:00, run_after=2021-01-01 00:00:00+00:00
[2026-01-27T23:58:20.607+0000] {processor.py:183} INFO - Processing /home/airflow/.local/lib/python3.12/site-packages/airflow/example_dags/example_xcom.py took 0.081 seconds
[2026-01-27T23:58:51.314+0000] {processor.py:161} INFO - Started process (PID=2378) to work on /home/airflow/.local/lib/python3.12/site-packages/airflow/example_dags/example_xcom.py
[2026-01-27T23:58:51.315+0000] {processor.py:830} INFO - Processing file /home/airflow/.local/lib/python3.12/site-packages/airflow/example_dags/example_xcom.py for tasks to queue
[2026-01-27T23:58:51.318+0000] {logging_mixin.py:188} INFO - [2026-01-27T23:58:51.318+0000] {dagbag.py:540} INFO - Filling up the DagBag from /home/airflow/.local/lib/python3.12/site-packages/airflow/example_dags/example_xcom.py
[2026-01-27T23:58:51.329+0000] {processor.py:840} INFO - DAG(s) 'example_xcom' retrieved from /home/airflow/.local/lib/python3.12/site-packages/airflow/example_dags/example_xcom.py
[2026-01-27T23:58:51.350+0000] {logging_mixin.py:188} INFO - [2026-01-27T23:58:51.350+0000] {dag.py:3096} INFO - Sync 1 DAGs
[2026-01-27T23:58:51.377+0000] {logging_mixin.py:188} INFO - [2026-01-27T23:58:51.377+0000] {dag.py:3954} INFO - Setting next_dagrun for example_xcom to 2021-01-01 00:00:00+00:00, run_after=2021-01-01 00:00:00+00:00
[2026-01-27T23:58:51.395+0000] {processor.py:183} INFO - Processing /home/airflow/.local/lib/python3.12/site-packages/airflow/example_dags/example_xcom.py took 0.088 seconds
[2026-01-27T23:59:22.008+0000] {processor.py:161} INFO - Started process (PID=2430) to work on /home/airflow/.local/lib/python3.12/site-packages/airflow/example_dags/example_xcom.py
[2026-01-27T23:59:22.010+0000] {processor.py:830} INFO - Processing file /home/airflow/.local/lib/python3.12/site-packages/airflow/example_dags/example_xcom.py for tasks to queue
[2026-01-27T23:59:22.012+0000] {logging_mixin.py:188} INFO - [2026-01-27T23:59:22.012+0000] {dagbag.py:540} INFO - Filling up the DagBag from /home/airflow/.local/lib/python3.12/site-packages/airflow/example_dags/example_xcom.py
[2026-01-27T23:59:22.021+0000] {processor.py:840} INFO - DAG(s) 'example_xcom' retrieved from /home/airflow/.local/lib/python3.12/site-packages/airflow/example_dags/example_xcom.py
[2026-01-27T23:59:22.042+0000] {logging_mixin.py:188} INFO - [2026-01-27T23:59:22.041+0000] {dag.py:3096} INFO - Sync 1 DAGs
[2026-01-27T23:59:22.060+0000] {logging_mixin.py:188} INFO - [2026-01-27T23:59:22.060+0000] {dag.py:3954} INFO - Setting next_dagrun for example_xcom to 2021-01-01 00:00:00+00:00, run_after=2021-01-01 00:00:00+00:00
[2026-01-27T23:59:22.079+0000] {processor.py:183} INFO - Processing /home/airflow/.local/lib/python3.12/site-packages/airflow/example_dags/example_xcom.py took 0.078 seconds
[2026-01-27T23:59:52.535+0000] {processor.py:161} INFO - Started process (PID=2482) to work on /home/airflow/.local/lib/python3.12/site-packages/airflow/example_dags/example_xcom.py
[2026-01-27T23:59:52.537+0000] {processor.py:830} INFO - Processing file /home/airflow/.local/lib/python3.12/site-packages/airflow/example_dags/example_xcom.py for tasks to queue
[2026-01-27T23:59:52.539+0000] {logging_mixin.py:188} INFO - [2026-01-27T23:59:52.539+0000] {dagbag.py:540} INFO - Filling up the DagBag from /home/airflow/.local/lib/python3.12/site-packages/airflow/example_dags/example_xcom.py
[2026-01-27T23:59:52.547+0000] {processor.py:840} INFO - DAG(s) 'example_xcom' retrieved from /home/airflow/.local/lib/python3.12/site-packages/airflow/example_dags/example_xcom.py
[2026-01-27T23:59:52.567+0000] {logging_mixin.py:188} INFO - [2026-01-27T23:59:52.567+0000] {dag.py:3096} INFO - Sync 1 DAGs
[2026-01-27T23:59:52.587+0000] {logging_mixin.py:188} INFO - [2026-01-27T23:59:52.587+0000] {dag.py:3954} INFO - Setting next_dagrun for example_xcom to 2021-01-01 00:00:00+00:00, run_after=2021-01-01 00:00:00+00:00
[2026-01-27T23:59:52.607+0000] {processor.py:183} INFO - Processing /home/airflow/.local/lib/python3.12/site-packages/airflow/example_dags/example_xcom.py took 0.078 seconds
