[2026-01-27T23:36:08.762+0000] {processor.py:161} INFO - Started process (PID=65) to work on /home/airflow/.local/lib/python3.12/site-packages/airflow/example_dags/example_sensors.py
[2026-01-27T23:36:08.764+0000] {processor.py:830} INFO - Processing file /home/airflow/.local/lib/python3.12/site-packages/airflow/example_dags/example_sensors.py for tasks to queue
[2026-01-27T23:36:08.772+0000] {logging_mixin.py:188} INFO - [2026-01-27T23:36:08.772+0000] {dagbag.py:540} INFO - Filling up the DagBag from /home/airflow/.local/lib/python3.12/site-packages/airflow/example_dags/example_sensors.py
[2026-01-27T23:36:08.805+0000] {processor.py:840} INFO - DAG(s) 'example_sensors' retrieved from /home/airflow/.local/lib/python3.12/site-packages/airflow/example_dags/example_sensors.py
[2026-01-27T23:36:09.115+0000] {logging_mixin.py:188} INFO - [2026-01-27T23:36:09.114+0000] {dag.py:3096} INFO - Sync 1 DAGs
[2026-01-27T23:36:09.137+0000] {logging_mixin.py:188} INFO - [2026-01-27T23:36:09.136+0000] {dag.py:3954} INFO - Setting next_dagrun for example_sensors to None, run_after=None
[2026-01-27T23:36:09.193+0000] {processor.py:183} INFO - Processing /home/airflow/.local/lib/python3.12/site-packages/airflow/example_dags/example_sensors.py took 0.453 seconds
[2026-01-27T23:36:39.787+0000] {processor.py:161} INFO - Started process (PID=117) to work on /home/airflow/.local/lib/python3.12/site-packages/airflow/example_dags/example_sensors.py
[2026-01-27T23:36:39.788+0000] {processor.py:830} INFO - Processing file /home/airflow/.local/lib/python3.12/site-packages/airflow/example_dags/example_sensors.py for tasks to queue
[2026-01-27T23:36:39.789+0000] {logging_mixin.py:188} INFO - [2026-01-27T23:36:39.789+0000] {dagbag.py:540} INFO - Filling up the DagBag from /home/airflow/.local/lib/python3.12/site-packages/airflow/example_dags/example_sensors.py
[2026-01-27T23:36:39.799+0000] {processor.py:840} INFO - DAG(s) 'example_sensors' retrieved from /home/airflow/.local/lib/python3.12/site-packages/airflow/example_dags/example_sensors.py
[2026-01-27T23:36:39.828+0000] {logging_mixin.py:188} INFO - [2026-01-27T23:36:39.828+0000] {dag.py:3096} INFO - Sync 1 DAGs
[2026-01-27T23:36:39.844+0000] {logging_mixin.py:188} INFO - [2026-01-27T23:36:39.843+0000] {dag.py:3954} INFO - Setting next_dagrun for example_sensors to None, run_after=None
[2026-01-27T23:36:39.867+0000] {processor.py:183} INFO - Processing /home/airflow/.local/lib/python3.12/site-packages/airflow/example_dags/example_sensors.py took 0.085 seconds
[2026-01-27T23:37:09.949+0000] {processor.py:161} INFO - Started process (PID=169) to work on /home/airflow/.local/lib/python3.12/site-packages/airflow/example_dags/example_sensors.py
[2026-01-27T23:37:09.950+0000] {processor.py:830} INFO - Processing file /home/airflow/.local/lib/python3.12/site-packages/airflow/example_dags/example_sensors.py for tasks to queue
[2026-01-27T23:37:09.952+0000] {logging_mixin.py:188} INFO - [2026-01-27T23:37:09.951+0000] {dagbag.py:540} INFO - Filling up the DagBag from /home/airflow/.local/lib/python3.12/site-packages/airflow/example_dags/example_sensors.py
[2026-01-27T23:37:09.961+0000] {processor.py:840} INFO - DAG(s) 'example_sensors' retrieved from /home/airflow/.local/lib/python3.12/site-packages/airflow/example_dags/example_sensors.py
[2026-01-27T23:37:09.987+0000] {logging_mixin.py:188} INFO - [2026-01-27T23:37:09.987+0000] {dag.py:3096} INFO - Sync 1 DAGs
[2026-01-27T23:37:10.001+0000] {logging_mixin.py:188} INFO - [2026-01-27T23:37:10.001+0000] {dag.py:3954} INFO - Setting next_dagrun for example_sensors to None, run_after=None
[2026-01-27T23:37:10.023+0000] {processor.py:183} INFO - Processing /home/airflow/.local/lib/python3.12/site-packages/airflow/example_dags/example_sensors.py took 0.081 seconds
[2026-01-27T23:37:40.545+0000] {processor.py:161} INFO - Started process (PID=221) to work on /home/airflow/.local/lib/python3.12/site-packages/airflow/example_dags/example_sensors.py
[2026-01-27T23:37:40.546+0000] {processor.py:830} INFO - Processing file /home/airflow/.local/lib/python3.12/site-packages/airflow/example_dags/example_sensors.py for tasks to queue
[2026-01-27T23:37:40.549+0000] {logging_mixin.py:188} INFO - [2026-01-27T23:37:40.548+0000] {dagbag.py:540} INFO - Filling up the DagBag from /home/airflow/.local/lib/python3.12/site-packages/airflow/example_dags/example_sensors.py
[2026-01-27T23:37:40.557+0000] {processor.py:840} INFO - DAG(s) 'example_sensors' retrieved from /home/airflow/.local/lib/python3.12/site-packages/airflow/example_dags/example_sensors.py
[2026-01-27T23:37:40.583+0000] {logging_mixin.py:188} INFO - [2026-01-27T23:37:40.583+0000] {dag.py:3096} INFO - Sync 1 DAGs
[2026-01-27T23:37:40.613+0000] {logging_mixin.py:188} INFO - [2026-01-27T23:37:40.613+0000] {dag.py:3954} INFO - Setting next_dagrun for example_sensors to None, run_after=None
[2026-01-27T23:37:40.653+0000] {processor.py:183} INFO - Processing /home/airflow/.local/lib/python3.12/site-packages/airflow/example_dags/example_sensors.py took 0.116 seconds
[2026-01-27T23:38:10.992+0000] {processor.py:161} INFO - Started process (PID=273) to work on /home/airflow/.local/lib/python3.12/site-packages/airflow/example_dags/example_sensors.py
[2026-01-27T23:38:10.993+0000] {processor.py:830} INFO - Processing file /home/airflow/.local/lib/python3.12/site-packages/airflow/example_dags/example_sensors.py for tasks to queue
[2026-01-27T23:38:10.995+0000] {logging_mixin.py:188} INFO - [2026-01-27T23:38:10.995+0000] {dagbag.py:540} INFO - Filling up the DagBag from /home/airflow/.local/lib/python3.12/site-packages/airflow/example_dags/example_sensors.py
[2026-01-27T23:38:11.006+0000] {processor.py:840} INFO - DAG(s) 'example_sensors' retrieved from /home/airflow/.local/lib/python3.12/site-packages/airflow/example_dags/example_sensors.py
[2026-01-27T23:38:11.029+0000] {logging_mixin.py:188} INFO - [2026-01-27T23:38:11.029+0000] {dag.py:3096} INFO - Sync 1 DAGs
[2026-01-27T23:38:11.041+0000] {logging_mixin.py:188} INFO - [2026-01-27T23:38:11.041+0000] {dag.py:3954} INFO - Setting next_dagrun for example_sensors to None, run_after=None
[2026-01-27T23:38:11.061+0000] {processor.py:183} INFO - Processing /home/airflow/.local/lib/python3.12/site-packages/airflow/example_dags/example_sensors.py took 0.076 seconds
[2026-01-27T23:38:41.233+0000] {processor.py:161} INFO - Started process (PID=325) to work on /home/airflow/.local/lib/python3.12/site-packages/airflow/example_dags/example_sensors.py
[2026-01-27T23:38:41.234+0000] {processor.py:830} INFO - Processing file /home/airflow/.local/lib/python3.12/site-packages/airflow/example_dags/example_sensors.py for tasks to queue
[2026-01-27T23:38:41.236+0000] {logging_mixin.py:188} INFO - [2026-01-27T23:38:41.235+0000] {dagbag.py:540} INFO - Filling up the DagBag from /home/airflow/.local/lib/python3.12/site-packages/airflow/example_dags/example_sensors.py
[2026-01-27T23:38:41.244+0000] {processor.py:840} INFO - DAG(s) 'example_sensors' retrieved from /home/airflow/.local/lib/python3.12/site-packages/airflow/example_dags/example_sensors.py
[2026-01-27T23:38:41.272+0000] {logging_mixin.py:188} INFO - [2026-01-27T23:38:41.271+0000] {dag.py:3096} INFO - Sync 1 DAGs
[2026-01-27T23:38:41.285+0000] {logging_mixin.py:188} INFO - [2026-01-27T23:38:41.285+0000] {dag.py:3954} INFO - Setting next_dagrun for example_sensors to None, run_after=None
[2026-01-27T23:38:41.308+0000] {processor.py:183} INFO - Processing /home/airflow/.local/lib/python3.12/site-packages/airflow/example_dags/example_sensors.py took 0.081 seconds
[2026-01-27T23:39:11.823+0000] {processor.py:161} INFO - Started process (PID=377) to work on /home/airflow/.local/lib/python3.12/site-packages/airflow/example_dags/example_sensors.py
[2026-01-27T23:39:11.825+0000] {processor.py:830} INFO - Processing file /home/airflow/.local/lib/python3.12/site-packages/airflow/example_dags/example_sensors.py for tasks to queue
[2026-01-27T23:39:11.828+0000] {logging_mixin.py:188} INFO - [2026-01-27T23:39:11.827+0000] {dagbag.py:540} INFO - Filling up the DagBag from /home/airflow/.local/lib/python3.12/site-packages/airflow/example_dags/example_sensors.py
[2026-01-27T23:39:11.840+0000] {processor.py:840} INFO - DAG(s) 'example_sensors' retrieved from /home/airflow/.local/lib/python3.12/site-packages/airflow/example_dags/example_sensors.py
[2026-01-27T23:39:11.872+0000] {logging_mixin.py:188} INFO - [2026-01-27T23:39:11.872+0000] {dag.py:3096} INFO - Sync 1 DAGs
[2026-01-27T23:39:11.887+0000] {logging_mixin.py:188} INFO - [2026-01-27T23:39:11.887+0000] {dag.py:3954} INFO - Setting next_dagrun for example_sensors to None, run_after=None
[2026-01-27T23:39:11.915+0000] {processor.py:183} INFO - Processing /home/airflow/.local/lib/python3.12/site-packages/airflow/example_dags/example_sensors.py took 0.098 seconds
[2026-01-27T23:39:42.610+0000] {processor.py:161} INFO - Started process (PID=429) to work on /home/airflow/.local/lib/python3.12/site-packages/airflow/example_dags/example_sensors.py
[2026-01-27T23:39:42.612+0000] {processor.py:830} INFO - Processing file /home/airflow/.local/lib/python3.12/site-packages/airflow/example_dags/example_sensors.py for tasks to queue
[2026-01-27T23:39:42.614+0000] {logging_mixin.py:188} INFO - [2026-01-27T23:39:42.614+0000] {dagbag.py:540} INFO - Filling up the DagBag from /home/airflow/.local/lib/python3.12/site-packages/airflow/example_dags/example_sensors.py
[2026-01-27T23:39:42.625+0000] {processor.py:840} INFO - DAG(s) 'example_sensors' retrieved from /home/airflow/.local/lib/python3.12/site-packages/airflow/example_dags/example_sensors.py
[2026-01-27T23:39:42.657+0000] {logging_mixin.py:188} INFO - [2026-01-27T23:39:42.656+0000] {dag.py:3096} INFO - Sync 1 DAGs
[2026-01-27T23:39:42.671+0000] {logging_mixin.py:188} INFO - [2026-01-27T23:39:42.671+0000] {dag.py:3954} INFO - Setting next_dagrun for example_sensors to None, run_after=None
[2026-01-27T23:39:42.695+0000] {processor.py:183} INFO - Processing /home/airflow/.local/lib/python3.12/site-packages/airflow/example_dags/example_sensors.py took 0.093 seconds
[2026-01-27T23:40:13.335+0000] {processor.py:161} INFO - Started process (PID=481) to work on /home/airflow/.local/lib/python3.12/site-packages/airflow/example_dags/example_sensors.py
[2026-01-27T23:40:13.338+0000] {processor.py:830} INFO - Processing file /home/airflow/.local/lib/python3.12/site-packages/airflow/example_dags/example_sensors.py for tasks to queue
[2026-01-27T23:40:13.348+0000] {logging_mixin.py:188} INFO - [2026-01-27T23:40:13.344+0000] {dagbag.py:540} INFO - Filling up the DagBag from /home/airflow/.local/lib/python3.12/site-packages/airflow/example_dags/example_sensors.py
[2026-01-27T23:40:13.372+0000] {processor.py:840} INFO - DAG(s) 'example_sensors' retrieved from /home/airflow/.local/lib/python3.12/site-packages/airflow/example_dags/example_sensors.py
[2026-01-27T23:40:13.437+0000] {logging_mixin.py:188} INFO - [2026-01-27T23:40:13.437+0000] {dag.py:3096} INFO - Sync 1 DAGs
[2026-01-27T23:40:13.474+0000] {logging_mixin.py:188} INFO - [2026-01-27T23:40:13.473+0000] {dag.py:3954} INFO - Setting next_dagrun for example_sensors to None, run_after=None
[2026-01-27T23:40:13.524+0000] {processor.py:183} INFO - Processing /home/airflow/.local/lib/python3.12/site-packages/airflow/example_dags/example_sensors.py took 0.206 seconds
[2026-01-27T23:40:44.291+0000] {processor.py:161} INFO - Started process (PID=533) to work on /home/airflow/.local/lib/python3.12/site-packages/airflow/example_dags/example_sensors.py
[2026-01-27T23:40:44.292+0000] {processor.py:830} INFO - Processing file /home/airflow/.local/lib/python3.12/site-packages/airflow/example_dags/example_sensors.py for tasks to queue
[2026-01-27T23:40:44.293+0000] {logging_mixin.py:188} INFO - [2026-01-27T23:40:44.293+0000] {dagbag.py:540} INFO - Filling up the DagBag from /home/airflow/.local/lib/python3.12/site-packages/airflow/example_dags/example_sensors.py
[2026-01-27T23:40:44.301+0000] {processor.py:840} INFO - DAG(s) 'example_sensors' retrieved from /home/airflow/.local/lib/python3.12/site-packages/airflow/example_dags/example_sensors.py
[2026-01-27T23:40:44.325+0000] {logging_mixin.py:188} INFO - [2026-01-27T23:40:44.324+0000] {dag.py:3096} INFO - Sync 1 DAGs
[2026-01-27T23:40:44.337+0000] {logging_mixin.py:188} INFO - [2026-01-27T23:40:44.336+0000] {dag.py:3954} INFO - Setting next_dagrun for example_sensors to None, run_after=None
[2026-01-27T23:40:44.357+0000] {processor.py:183} INFO - Processing /home/airflow/.local/lib/python3.12/site-packages/airflow/example_dags/example_sensors.py took 0.072 seconds
[2026-01-27T23:41:15.246+0000] {processor.py:161} INFO - Started process (PID=585) to work on /home/airflow/.local/lib/python3.12/site-packages/airflow/example_dags/example_sensors.py
[2026-01-27T23:41:15.248+0000] {processor.py:830} INFO - Processing file /home/airflow/.local/lib/python3.12/site-packages/airflow/example_dags/example_sensors.py for tasks to queue
[2026-01-27T23:41:15.251+0000] {logging_mixin.py:188} INFO - [2026-01-27T23:41:15.250+0000] {dagbag.py:540} INFO - Filling up the DagBag from /home/airflow/.local/lib/python3.12/site-packages/airflow/example_dags/example_sensors.py
[2026-01-27T23:41:15.268+0000] {processor.py:840} INFO - DAG(s) 'example_sensors' retrieved from /home/airflow/.local/lib/python3.12/site-packages/airflow/example_dags/example_sensors.py
[2026-01-27T23:41:15.303+0000] {logging_mixin.py:188} INFO - [2026-01-27T23:41:15.303+0000] {dag.py:3096} INFO - Sync 1 DAGs
[2026-01-27T23:41:15.322+0000] {logging_mixin.py:188} INFO - [2026-01-27T23:41:15.321+0000] {dag.py:3954} INFO - Setting next_dagrun for example_sensors to None, run_after=None
[2026-01-27T23:41:15.351+0000] {processor.py:183} INFO - Processing /home/airflow/.local/lib/python3.12/site-packages/airflow/example_dags/example_sensors.py took 0.114 seconds
[2026-01-27T23:41:45.708+0000] {processor.py:161} INFO - Started process (PID=637) to work on /home/airflow/.local/lib/python3.12/site-packages/airflow/example_dags/example_sensors.py
[2026-01-27T23:41:45.709+0000] {processor.py:830} INFO - Processing file /home/airflow/.local/lib/python3.12/site-packages/airflow/example_dags/example_sensors.py for tasks to queue
[2026-01-27T23:41:45.712+0000] {logging_mixin.py:188} INFO - [2026-01-27T23:41:45.711+0000] {dagbag.py:540} INFO - Filling up the DagBag from /home/airflow/.local/lib/python3.12/site-packages/airflow/example_dags/example_sensors.py
[2026-01-27T23:41:45.722+0000] {processor.py:840} INFO - DAG(s) 'example_sensors' retrieved from /home/airflow/.local/lib/python3.12/site-packages/airflow/example_dags/example_sensors.py
[2026-01-27T23:41:45.752+0000] {logging_mixin.py:188} INFO - [2026-01-27T23:41:45.752+0000] {dag.py:3096} INFO - Sync 1 DAGs
[2026-01-27T23:41:45.769+0000] {logging_mixin.py:188} INFO - [2026-01-27T23:41:45.769+0000] {dag.py:3954} INFO - Setting next_dagrun for example_sensors to None, run_after=None
[2026-01-27T23:41:45.796+0000] {processor.py:183} INFO - Processing /home/airflow/.local/lib/python3.12/site-packages/airflow/example_dags/example_sensors.py took 0.095 seconds
[2026-01-27T23:42:16.704+0000] {processor.py:161} INFO - Started process (PID=689) to work on /home/airflow/.local/lib/python3.12/site-packages/airflow/example_dags/example_sensors.py
[2026-01-27T23:42:16.706+0000] {processor.py:830} INFO - Processing file /home/airflow/.local/lib/python3.12/site-packages/airflow/example_dags/example_sensors.py for tasks to queue
[2026-01-27T23:42:16.708+0000] {logging_mixin.py:188} INFO - [2026-01-27T23:42:16.708+0000] {dagbag.py:540} INFO - Filling up the DagBag from /home/airflow/.local/lib/python3.12/site-packages/airflow/example_dags/example_sensors.py
[2026-01-27T23:42:16.720+0000] {processor.py:840} INFO - DAG(s) 'example_sensors' retrieved from /home/airflow/.local/lib/python3.12/site-packages/airflow/example_dags/example_sensors.py
[2026-01-27T23:42:16.750+0000] {logging_mixin.py:188} INFO - [2026-01-27T23:42:16.749+0000] {dag.py:3096} INFO - Sync 1 DAGs
[2026-01-27T23:42:16.765+0000] {logging_mixin.py:188} INFO - [2026-01-27T23:42:16.764+0000] {dag.py:3954} INFO - Setting next_dagrun for example_sensors to None, run_after=None
[2026-01-27T23:42:16.789+0000] {processor.py:183} INFO - Processing /home/airflow/.local/lib/python3.12/site-packages/airflow/example_dags/example_sensors.py took 0.091 seconds
[2026-01-27T23:42:46.990+0000] {processor.py:161} INFO - Started process (PID=741) to work on /home/airflow/.local/lib/python3.12/site-packages/airflow/example_dags/example_sensors.py
[2026-01-27T23:42:46.992+0000] {processor.py:830} INFO - Processing file /home/airflow/.local/lib/python3.12/site-packages/airflow/example_dags/example_sensors.py for tasks to queue
[2026-01-27T23:42:46.995+0000] {logging_mixin.py:188} INFO - [2026-01-27T23:42:46.995+0000] {dagbag.py:540} INFO - Filling up the DagBag from /home/airflow/.local/lib/python3.12/site-packages/airflow/example_dags/example_sensors.py
[2026-01-27T23:42:47.009+0000] {processor.py:840} INFO - DAG(s) 'example_sensors' retrieved from /home/airflow/.local/lib/python3.12/site-packages/airflow/example_dags/example_sensors.py
[2026-01-27T23:42:47.049+0000] {logging_mixin.py:188} INFO - [2026-01-27T23:42:47.049+0000] {dag.py:3096} INFO - Sync 1 DAGs
[2026-01-27T23:42:47.067+0000] {logging_mixin.py:188} INFO - [2026-01-27T23:42:47.067+0000] {dag.py:3954} INFO - Setting next_dagrun for example_sensors to None, run_after=None
[2026-01-27T23:42:47.099+0000] {processor.py:183} INFO - Processing /home/airflow/.local/lib/python3.12/site-packages/airflow/example_dags/example_sensors.py took 0.121 seconds
[2026-01-27T23:43:17.676+0000] {processor.py:161} INFO - Started process (PID=793) to work on /home/airflow/.local/lib/python3.12/site-packages/airflow/example_dags/example_sensors.py
[2026-01-27T23:43:17.678+0000] {processor.py:830} INFO - Processing file /home/airflow/.local/lib/python3.12/site-packages/airflow/example_dags/example_sensors.py for tasks to queue
[2026-01-27T23:43:17.681+0000] {logging_mixin.py:188} INFO - [2026-01-27T23:43:17.680+0000] {dagbag.py:540} INFO - Filling up the DagBag from /home/airflow/.local/lib/python3.12/site-packages/airflow/example_dags/example_sensors.py
[2026-01-27T23:43:17.691+0000] {processor.py:840} INFO - DAG(s) 'example_sensors' retrieved from /home/airflow/.local/lib/python3.12/site-packages/airflow/example_dags/example_sensors.py
[2026-01-27T23:43:17.724+0000] {logging_mixin.py:188} INFO - [2026-01-27T23:43:17.723+0000] {dag.py:3096} INFO - Sync 1 DAGs
[2026-01-27T23:43:17.739+0000] {logging_mixin.py:188} INFO - [2026-01-27T23:43:17.739+0000] {dag.py:3954} INFO - Setting next_dagrun for example_sensors to None, run_after=None
[2026-01-27T23:43:17.773+0000] {processor.py:183} INFO - Processing /home/airflow/.local/lib/python3.12/site-packages/airflow/example_dags/example_sensors.py took 0.105 seconds
[2026-01-27T23:43:48.244+0000] {processor.py:161} INFO - Started process (PID=845) to work on /home/airflow/.local/lib/python3.12/site-packages/airflow/example_dags/example_sensors.py
[2026-01-27T23:43:48.246+0000] {processor.py:830} INFO - Processing file /home/airflow/.local/lib/python3.12/site-packages/airflow/example_dags/example_sensors.py for tasks to queue
[2026-01-27T23:43:48.248+0000] {logging_mixin.py:188} INFO - [2026-01-27T23:43:48.248+0000] {dagbag.py:540} INFO - Filling up the DagBag from /home/airflow/.local/lib/python3.12/site-packages/airflow/example_dags/example_sensors.py
[2026-01-27T23:43:48.258+0000] {processor.py:840} INFO - DAG(s) 'example_sensors' retrieved from /home/airflow/.local/lib/python3.12/site-packages/airflow/example_dags/example_sensors.py
[2026-01-27T23:43:48.286+0000] {logging_mixin.py:188} INFO - [2026-01-27T23:43:48.286+0000] {dag.py:3096} INFO - Sync 1 DAGs
[2026-01-27T23:43:48.301+0000] {logging_mixin.py:188} INFO - [2026-01-27T23:43:48.301+0000] {dag.py:3954} INFO - Setting next_dagrun for example_sensors to None, run_after=None
[2026-01-27T23:43:48.323+0000] {processor.py:183} INFO - Processing /home/airflow/.local/lib/python3.12/site-packages/airflow/example_dags/example_sensors.py took 0.086 seconds
[2026-01-27T23:44:18.708+0000] {processor.py:161} INFO - Started process (PID=897) to work on /home/airflow/.local/lib/python3.12/site-packages/airflow/example_dags/example_sensors.py
[2026-01-27T23:44:18.710+0000] {processor.py:830} INFO - Processing file /home/airflow/.local/lib/python3.12/site-packages/airflow/example_dags/example_sensors.py for tasks to queue
[2026-01-27T23:44:18.715+0000] {logging_mixin.py:188} INFO - [2026-01-27T23:44:18.714+0000] {dagbag.py:540} INFO - Filling up the DagBag from /home/airflow/.local/lib/python3.12/site-packages/airflow/example_dags/example_sensors.py
[2026-01-27T23:44:18.734+0000] {processor.py:840} INFO - DAG(s) 'example_sensors' retrieved from /home/airflow/.local/lib/python3.12/site-packages/airflow/example_dags/example_sensors.py
[2026-01-27T23:44:18.779+0000] {logging_mixin.py:188} INFO - [2026-01-27T23:44:18.779+0000] {dag.py:3096} INFO - Sync 1 DAGs
[2026-01-27T23:44:18.806+0000] {logging_mixin.py:188} INFO - [2026-01-27T23:44:18.806+0000] {dag.py:3954} INFO - Setting next_dagrun for example_sensors to None, run_after=None
[2026-01-27T23:44:18.843+0000] {processor.py:183} INFO - Processing /home/airflow/.local/lib/python3.12/site-packages/airflow/example_dags/example_sensors.py took 0.146 seconds
[2026-01-27T23:44:49.010+0000] {processor.py:161} INFO - Started process (PID=949) to work on /home/airflow/.local/lib/python3.12/site-packages/airflow/example_dags/example_sensors.py
[2026-01-27T23:44:49.012+0000] {processor.py:830} INFO - Processing file /home/airflow/.local/lib/python3.12/site-packages/airflow/example_dags/example_sensors.py for tasks to queue
[2026-01-27T23:44:49.014+0000] {logging_mixin.py:188} INFO - [2026-01-27T23:44:49.013+0000] {dagbag.py:540} INFO - Filling up the DagBag from /home/airflow/.local/lib/python3.12/site-packages/airflow/example_dags/example_sensors.py
[2026-01-27T23:44:49.025+0000] {processor.py:840} INFO - DAG(s) 'example_sensors' retrieved from /home/airflow/.local/lib/python3.12/site-packages/airflow/example_dags/example_sensors.py
[2026-01-27T23:44:49.051+0000] {logging_mixin.py:188} INFO - [2026-01-27T23:44:49.051+0000] {dag.py:3096} INFO - Sync 1 DAGs
[2026-01-27T23:44:49.062+0000] {logging_mixin.py:188} INFO - [2026-01-27T23:44:49.062+0000] {dag.py:3954} INFO - Setting next_dagrun for example_sensors to None, run_after=None
[2026-01-27T23:44:49.088+0000] {processor.py:183} INFO - Processing /home/airflow/.local/lib/python3.12/site-packages/airflow/example_dags/example_sensors.py took 0.085 seconds
[2026-01-27T23:45:19.781+0000] {processor.py:161} INFO - Started process (PID=1001) to work on /home/airflow/.local/lib/python3.12/site-packages/airflow/example_dags/example_sensors.py
[2026-01-27T23:45:19.783+0000] {processor.py:830} INFO - Processing file /home/airflow/.local/lib/python3.12/site-packages/airflow/example_dags/example_sensors.py for tasks to queue
[2026-01-27T23:45:19.786+0000] {logging_mixin.py:188} INFO - [2026-01-27T23:45:19.785+0000] {dagbag.py:540} INFO - Filling up the DagBag from /home/airflow/.local/lib/python3.12/site-packages/airflow/example_dags/example_sensors.py
[2026-01-27T23:45:19.798+0000] {processor.py:840} INFO - DAG(s) 'example_sensors' retrieved from /home/airflow/.local/lib/python3.12/site-packages/airflow/example_dags/example_sensors.py
[2026-01-27T23:45:19.830+0000] {logging_mixin.py:188} INFO - [2026-01-27T23:45:19.830+0000] {dag.py:3096} INFO - Sync 1 DAGs
[2026-01-27T23:45:19.845+0000] {logging_mixin.py:188} INFO - [2026-01-27T23:45:19.844+0000] {dag.py:3954} INFO - Setting next_dagrun for example_sensors to None, run_after=None
[2026-01-27T23:45:20.045+0000] {processor.py:183} INFO - Processing /home/airflow/.local/lib/python3.12/site-packages/airflow/example_dags/example_sensors.py took 0.271 seconds
[2026-01-27T23:45:50.367+0000] {processor.py:161} INFO - Started process (PID=1053) to work on /home/airflow/.local/lib/python3.12/site-packages/airflow/example_dags/example_sensors.py
[2026-01-27T23:45:50.368+0000] {processor.py:830} INFO - Processing file /home/airflow/.local/lib/python3.12/site-packages/airflow/example_dags/example_sensors.py for tasks to queue
[2026-01-27T23:45:50.370+0000] {logging_mixin.py:188} INFO - [2026-01-27T23:45:50.370+0000] {dagbag.py:540} INFO - Filling up the DagBag from /home/airflow/.local/lib/python3.12/site-packages/airflow/example_dags/example_sensors.py
[2026-01-27T23:45:50.378+0000] {processor.py:840} INFO - DAG(s) 'example_sensors' retrieved from /home/airflow/.local/lib/python3.12/site-packages/airflow/example_dags/example_sensors.py
[2026-01-27T23:45:50.407+0000] {logging_mixin.py:188} INFO - [2026-01-27T23:45:50.407+0000] {dag.py:3096} INFO - Sync 1 DAGs
[2026-01-27T23:45:50.420+0000] {logging_mixin.py:188} INFO - [2026-01-27T23:45:50.420+0000] {dag.py:3954} INFO - Setting next_dagrun for example_sensors to None, run_after=None
[2026-01-27T23:45:50.442+0000] {processor.py:183} INFO - Processing /home/airflow/.local/lib/python3.12/site-packages/airflow/example_dags/example_sensors.py took 0.081 seconds
[2026-01-27T23:46:20.739+0000] {processor.py:161} INFO - Started process (PID=1105) to work on /home/airflow/.local/lib/python3.12/site-packages/airflow/example_dags/example_sensors.py
[2026-01-27T23:46:20.740+0000] {processor.py:830} INFO - Processing file /home/airflow/.local/lib/python3.12/site-packages/airflow/example_dags/example_sensors.py for tasks to queue
[2026-01-27T23:46:20.742+0000] {logging_mixin.py:188} INFO - [2026-01-27T23:46:20.742+0000] {dagbag.py:540} INFO - Filling up the DagBag from /home/airflow/.local/lib/python3.12/site-packages/airflow/example_dags/example_sensors.py
[2026-01-27T23:46:20.750+0000] {processor.py:840} INFO - DAG(s) 'example_sensors' retrieved from /home/airflow/.local/lib/python3.12/site-packages/airflow/example_dags/example_sensors.py
[2026-01-27T23:46:20.776+0000] {logging_mixin.py:188} INFO - [2026-01-27T23:46:20.776+0000] {dag.py:3096} INFO - Sync 1 DAGs
[2026-01-27T23:46:20.789+0000] {logging_mixin.py:188} INFO - [2026-01-27T23:46:20.789+0000] {dag.py:3954} INFO - Setting next_dagrun for example_sensors to None, run_after=None
[2026-01-27T23:46:20.810+0000] {processor.py:183} INFO - Processing /home/airflow/.local/lib/python3.12/site-packages/airflow/example_dags/example_sensors.py took 0.077 seconds
[2026-01-27T23:46:51.276+0000] {processor.py:161} INFO - Started process (PID=1157) to work on /home/airflow/.local/lib/python3.12/site-packages/airflow/example_dags/example_sensors.py
[2026-01-27T23:46:51.277+0000] {processor.py:830} INFO - Processing file /home/airflow/.local/lib/python3.12/site-packages/airflow/example_dags/example_sensors.py for tasks to queue
[2026-01-27T23:46:51.279+0000] {logging_mixin.py:188} INFO - [2026-01-27T23:46:51.279+0000] {dagbag.py:540} INFO - Filling up the DagBag from /home/airflow/.local/lib/python3.12/site-packages/airflow/example_dags/example_sensors.py
[2026-01-27T23:46:51.290+0000] {processor.py:840} INFO - DAG(s) 'example_sensors' retrieved from /home/airflow/.local/lib/python3.12/site-packages/airflow/example_dags/example_sensors.py
[2026-01-27T23:46:51.487+0000] {logging_mixin.py:188} INFO - [2026-01-27T23:46:51.487+0000] {dag.py:3096} INFO - Sync 1 DAGs
[2026-01-27T23:46:51.499+0000] {logging_mixin.py:188} INFO - [2026-01-27T23:46:51.498+0000] {dag.py:3954} INFO - Setting next_dagrun for example_sensors to None, run_after=None
[2026-01-27T23:46:51.525+0000] {processor.py:183} INFO - Processing /home/airflow/.local/lib/python3.12/site-packages/airflow/example_dags/example_sensors.py took 0.255 seconds
[2026-01-27T23:47:21.973+0000] {processor.py:161} INFO - Started process (PID=1209) to work on /home/airflow/.local/lib/python3.12/site-packages/airflow/example_dags/example_sensors.py
[2026-01-27T23:47:21.976+0000] {processor.py:830} INFO - Processing file /home/airflow/.local/lib/python3.12/site-packages/airflow/example_dags/example_sensors.py for tasks to queue
[2026-01-27T23:47:21.986+0000] {logging_mixin.py:188} INFO - [2026-01-27T23:47:21.981+0000] {dagbag.py:540} INFO - Filling up the DagBag from /home/airflow/.local/lib/python3.12/site-packages/airflow/example_dags/example_sensors.py
[2026-01-27T23:47:22.014+0000] {processor.py:840} INFO - DAG(s) 'example_sensors' retrieved from /home/airflow/.local/lib/python3.12/site-packages/airflow/example_dags/example_sensors.py
[2026-01-27T23:47:22.072+0000] {logging_mixin.py:188} INFO - [2026-01-27T23:47:22.071+0000] {dag.py:3096} INFO - Sync 1 DAGs
[2026-01-27T23:47:22.098+0000] {logging_mixin.py:188} INFO - [2026-01-27T23:47:22.097+0000] {dag.py:3954} INFO - Setting next_dagrun for example_sensors to None, run_after=None
[2026-01-27T23:47:22.352+0000] {processor.py:183} INFO - Processing /home/airflow/.local/lib/python3.12/site-packages/airflow/example_dags/example_sensors.py took 0.389 seconds
[2026-01-27T23:47:53.043+0000] {processor.py:161} INFO - Started process (PID=1261) to work on /home/airflow/.local/lib/python3.12/site-packages/airflow/example_dags/example_sensors.py
[2026-01-27T23:47:53.044+0000] {processor.py:830} INFO - Processing file /home/airflow/.local/lib/python3.12/site-packages/airflow/example_dags/example_sensors.py for tasks to queue
[2026-01-27T23:47:53.047+0000] {logging_mixin.py:188} INFO - [2026-01-27T23:47:53.047+0000] {dagbag.py:540} INFO - Filling up the DagBag from /home/airflow/.local/lib/python3.12/site-packages/airflow/example_dags/example_sensors.py
[2026-01-27T23:47:53.058+0000] {processor.py:840} INFO - DAG(s) 'example_sensors' retrieved from /home/airflow/.local/lib/python3.12/site-packages/airflow/example_dags/example_sensors.py
[2026-01-27T23:47:53.088+0000] {logging_mixin.py:188} INFO - [2026-01-27T23:47:53.087+0000] {dag.py:3096} INFO - Sync 1 DAGs
[2026-01-27T23:47:53.102+0000] {logging_mixin.py:188} INFO - [2026-01-27T23:47:53.102+0000] {dag.py:3954} INFO - Setting next_dagrun for example_sensors to None, run_after=None
[2026-01-27T23:47:53.128+0000] {processor.py:183} INFO - Processing /home/airflow/.local/lib/python3.12/site-packages/airflow/example_dags/example_sensors.py took 0.093 seconds
[2026-01-27T23:48:23.164+0000] {processor.py:161} INFO - Started process (PID=1313) to work on /home/airflow/.local/lib/python3.12/site-packages/airflow/example_dags/example_sensors.py
[2026-01-27T23:48:23.165+0000] {processor.py:830} INFO - Processing file /home/airflow/.local/lib/python3.12/site-packages/airflow/example_dags/example_sensors.py for tasks to queue
[2026-01-27T23:48:23.168+0000] {logging_mixin.py:188} INFO - [2026-01-27T23:48:23.167+0000] {dagbag.py:540} INFO - Filling up the DagBag from /home/airflow/.local/lib/python3.12/site-packages/airflow/example_dags/example_sensors.py
[2026-01-27T23:48:23.176+0000] {processor.py:840} INFO - DAG(s) 'example_sensors' retrieved from /home/airflow/.local/lib/python3.12/site-packages/airflow/example_dags/example_sensors.py
[2026-01-27T23:48:23.203+0000] {logging_mixin.py:188} INFO - [2026-01-27T23:48:23.202+0000] {dag.py:3096} INFO - Sync 1 DAGs
[2026-01-27T23:48:23.216+0000] {logging_mixin.py:188} INFO - [2026-01-27T23:48:23.216+0000] {dag.py:3954} INFO - Setting next_dagrun for example_sensors to None, run_after=None
[2026-01-27T23:48:23.237+0000] {processor.py:183} INFO - Processing /home/airflow/.local/lib/python3.12/site-packages/airflow/example_dags/example_sensors.py took 0.080 seconds
[2026-01-27T23:48:53.487+0000] {processor.py:161} INFO - Started process (PID=1365) to work on /home/airflow/.local/lib/python3.12/site-packages/airflow/example_dags/example_sensors.py
[2026-01-27T23:48:53.488+0000] {processor.py:830} INFO - Processing file /home/airflow/.local/lib/python3.12/site-packages/airflow/example_dags/example_sensors.py for tasks to queue
[2026-01-27T23:48:53.490+0000] {logging_mixin.py:188} INFO - [2026-01-27T23:48:53.489+0000] {dagbag.py:540} INFO - Filling up the DagBag from /home/airflow/.local/lib/python3.12/site-packages/airflow/example_dags/example_sensors.py
[2026-01-27T23:48:53.498+0000] {processor.py:840} INFO - DAG(s) 'example_sensors' retrieved from /home/airflow/.local/lib/python3.12/site-packages/airflow/example_dags/example_sensors.py
[2026-01-27T23:48:53.527+0000] {logging_mixin.py:188} INFO - [2026-01-27T23:48:53.527+0000] {dag.py:3096} INFO - Sync 1 DAGs
[2026-01-27T23:48:53.538+0000] {logging_mixin.py:188} INFO - [2026-01-27T23:48:53.538+0000] {dag.py:3954} INFO - Setting next_dagrun for example_sensors to None, run_after=None
[2026-01-27T23:48:53.557+0000] {processor.py:183} INFO - Processing /home/airflow/.local/lib/python3.12/site-packages/airflow/example_dags/example_sensors.py took 0.077 seconds
[2026-01-27T23:49:24.378+0000] {processor.py:161} INFO - Started process (PID=1417) to work on /home/airflow/.local/lib/python3.12/site-packages/airflow/example_dags/example_sensors.py
[2026-01-27T23:49:24.379+0000] {processor.py:830} INFO - Processing file /home/airflow/.local/lib/python3.12/site-packages/airflow/example_dags/example_sensors.py for tasks to queue
[2026-01-27T23:49:24.381+0000] {logging_mixin.py:188} INFO - [2026-01-27T23:49:24.380+0000] {dagbag.py:540} INFO - Filling up the DagBag from /home/airflow/.local/lib/python3.12/site-packages/airflow/example_dags/example_sensors.py
[2026-01-27T23:49:24.390+0000] {processor.py:840} INFO - DAG(s) 'example_sensors' retrieved from /home/airflow/.local/lib/python3.12/site-packages/airflow/example_dags/example_sensors.py
[2026-01-27T23:49:24.415+0000] {logging_mixin.py:188} INFO - [2026-01-27T23:49:24.415+0000] {dag.py:3096} INFO - Sync 1 DAGs
[2026-01-27T23:49:24.430+0000] {logging_mixin.py:188} INFO - [2026-01-27T23:49:24.429+0000] {dag.py:3954} INFO - Setting next_dagrun for example_sensors to None, run_after=None
[2026-01-27T23:49:24.473+0000] {processor.py:183} INFO - Processing /home/airflow/.local/lib/python3.12/site-packages/airflow/example_dags/example_sensors.py took 0.102 seconds
[2026-01-27T23:49:54.575+0000] {processor.py:161} INFO - Started process (PID=1469) to work on /home/airflow/.local/lib/python3.12/site-packages/airflow/example_dags/example_sensors.py
[2026-01-27T23:49:54.577+0000] {processor.py:830} INFO - Processing file /home/airflow/.local/lib/python3.12/site-packages/airflow/example_dags/example_sensors.py for tasks to queue
[2026-01-27T23:49:54.579+0000] {logging_mixin.py:188} INFO - [2026-01-27T23:49:54.579+0000] {dagbag.py:540} INFO - Filling up the DagBag from /home/airflow/.local/lib/python3.12/site-packages/airflow/example_dags/example_sensors.py
[2026-01-27T23:49:54.589+0000] {processor.py:840} INFO - DAG(s) 'example_sensors' retrieved from /home/airflow/.local/lib/python3.12/site-packages/airflow/example_dags/example_sensors.py
[2026-01-27T23:49:54.615+0000] {logging_mixin.py:188} INFO - [2026-01-27T23:49:54.615+0000] {dag.py:3096} INFO - Sync 1 DAGs
[2026-01-27T23:49:54.628+0000] {logging_mixin.py:188} INFO - [2026-01-27T23:49:54.627+0000] {dag.py:3954} INFO - Setting next_dagrun for example_sensors to None, run_after=None
[2026-01-27T23:49:54.649+0000] {processor.py:183} INFO - Processing /home/airflow/.local/lib/python3.12/site-packages/airflow/example_dags/example_sensors.py took 0.079 seconds
[2026-01-27T23:50:25.087+0000] {processor.py:161} INFO - Started process (PID=1521) to work on /home/airflow/.local/lib/python3.12/site-packages/airflow/example_dags/example_sensors.py
[2026-01-27T23:50:25.088+0000] {processor.py:830} INFO - Processing file /home/airflow/.local/lib/python3.12/site-packages/airflow/example_dags/example_sensors.py for tasks to queue
[2026-01-27T23:50:25.091+0000] {logging_mixin.py:188} INFO - [2026-01-27T23:50:25.090+0000] {dagbag.py:540} INFO - Filling up the DagBag from /home/airflow/.local/lib/python3.12/site-packages/airflow/example_dags/example_sensors.py
[2026-01-27T23:50:25.100+0000] {processor.py:840} INFO - DAG(s) 'example_sensors' retrieved from /home/airflow/.local/lib/python3.12/site-packages/airflow/example_dags/example_sensors.py
[2026-01-27T23:50:25.131+0000] {logging_mixin.py:188} INFO - [2026-01-27T23:50:25.131+0000] {dag.py:3096} INFO - Sync 1 DAGs
[2026-01-27T23:50:25.146+0000] {logging_mixin.py:188} INFO - [2026-01-27T23:50:25.146+0000] {dag.py:3954} INFO - Setting next_dagrun for example_sensors to None, run_after=None
[2026-01-27T23:50:25.169+0000] {processor.py:183} INFO - Processing /home/airflow/.local/lib/python3.12/site-packages/airflow/example_dags/example_sensors.py took 0.088 seconds
[2026-01-27T23:50:55.426+0000] {processor.py:161} INFO - Started process (PID=1573) to work on /home/airflow/.local/lib/python3.12/site-packages/airflow/example_dags/example_sensors.py
[2026-01-27T23:50:55.428+0000] {processor.py:830} INFO - Processing file /home/airflow/.local/lib/python3.12/site-packages/airflow/example_dags/example_sensors.py for tasks to queue
[2026-01-27T23:50:55.430+0000] {logging_mixin.py:188} INFO - [2026-01-27T23:50:55.430+0000] {dagbag.py:540} INFO - Filling up the DagBag from /home/airflow/.local/lib/python3.12/site-packages/airflow/example_dags/example_sensors.py
[2026-01-27T23:50:55.440+0000] {processor.py:840} INFO - DAG(s) 'example_sensors' retrieved from /home/airflow/.local/lib/python3.12/site-packages/airflow/example_dags/example_sensors.py
[2026-01-27T23:50:55.470+0000] {logging_mixin.py:188} INFO - [2026-01-27T23:50:55.470+0000] {dag.py:3096} INFO - Sync 1 DAGs
[2026-01-27T23:50:55.488+0000] {logging_mixin.py:188} INFO - [2026-01-27T23:50:55.488+0000] {dag.py:3954} INFO - Setting next_dagrun for example_sensors to None, run_after=None
[2026-01-27T23:50:55.512+0000] {processor.py:183} INFO - Processing /home/airflow/.local/lib/python3.12/site-packages/airflow/example_dags/example_sensors.py took 0.093 seconds
[2026-01-27T23:51:26.108+0000] {processor.py:161} INFO - Started process (PID=1625) to work on /home/airflow/.local/lib/python3.12/site-packages/airflow/example_dags/example_sensors.py
[2026-01-27T23:51:26.109+0000] {processor.py:830} INFO - Processing file /home/airflow/.local/lib/python3.12/site-packages/airflow/example_dags/example_sensors.py for tasks to queue
[2026-01-27T23:51:26.111+0000] {logging_mixin.py:188} INFO - [2026-01-27T23:51:26.111+0000] {dagbag.py:540} INFO - Filling up the DagBag from /home/airflow/.local/lib/python3.12/site-packages/airflow/example_dags/example_sensors.py
[2026-01-27T23:51:26.121+0000] {processor.py:840} INFO - DAG(s) 'example_sensors' retrieved from /home/airflow/.local/lib/python3.12/site-packages/airflow/example_dags/example_sensors.py
[2026-01-27T23:51:26.146+0000] {logging_mixin.py:188} INFO - [2026-01-27T23:51:26.145+0000] {dag.py:3096} INFO - Sync 1 DAGs
[2026-01-27T23:51:26.159+0000] {logging_mixin.py:188} INFO - [2026-01-27T23:51:26.159+0000] {dag.py:3954} INFO - Setting next_dagrun for example_sensors to None, run_after=None
[2026-01-27T23:51:26.179+0000] {processor.py:183} INFO - Processing /home/airflow/.local/lib/python3.12/site-packages/airflow/example_dags/example_sensors.py took 0.077 seconds
[2026-01-27T23:51:57.003+0000] {processor.py:161} INFO - Started process (PID=1677) to work on /home/airflow/.local/lib/python3.12/site-packages/airflow/example_dags/example_sensors.py
[2026-01-27T23:51:57.004+0000] {processor.py:830} INFO - Processing file /home/airflow/.local/lib/python3.12/site-packages/airflow/example_dags/example_sensors.py for tasks to queue
[2026-01-27T23:51:57.006+0000] {logging_mixin.py:188} INFO - [2026-01-27T23:51:57.006+0000] {dagbag.py:540} INFO - Filling up the DagBag from /home/airflow/.local/lib/python3.12/site-packages/airflow/example_dags/example_sensors.py
[2026-01-27T23:51:57.015+0000] {processor.py:840} INFO - DAG(s) 'example_sensors' retrieved from /home/airflow/.local/lib/python3.12/site-packages/airflow/example_dags/example_sensors.py
[2026-01-27T23:51:57.039+0000] {logging_mixin.py:188} INFO - [2026-01-27T23:51:57.039+0000] {dag.py:3096} INFO - Sync 1 DAGs
[2026-01-27T23:51:57.053+0000] {logging_mixin.py:188} INFO - [2026-01-27T23:51:57.052+0000] {dag.py:3954} INFO - Setting next_dagrun for example_sensors to None, run_after=None
[2026-01-27T23:51:57.076+0000] {processor.py:183} INFO - Processing /home/airflow/.local/lib/python3.12/site-packages/airflow/example_dags/example_sensors.py took 0.079 seconds
[2026-01-27T23:52:27.583+0000] {processor.py:161} INFO - Started process (PID=1729) to work on /home/airflow/.local/lib/python3.12/site-packages/airflow/example_dags/example_sensors.py
[2026-01-27T23:52:27.584+0000] {processor.py:830} INFO - Processing file /home/airflow/.local/lib/python3.12/site-packages/airflow/example_dags/example_sensors.py for tasks to queue
[2026-01-27T23:52:27.586+0000] {logging_mixin.py:188} INFO - [2026-01-27T23:52:27.586+0000] {dagbag.py:540} INFO - Filling up the DagBag from /home/airflow/.local/lib/python3.12/site-packages/airflow/example_dags/example_sensors.py
[2026-01-27T23:52:27.594+0000] {processor.py:840} INFO - DAG(s) 'example_sensors' retrieved from /home/airflow/.local/lib/python3.12/site-packages/airflow/example_dags/example_sensors.py
[2026-01-27T23:52:27.618+0000] {logging_mixin.py:188} INFO - [2026-01-27T23:52:27.618+0000] {dag.py:3096} INFO - Sync 1 DAGs
[2026-01-27T23:52:27.629+0000] {logging_mixin.py:188} INFO - [2026-01-27T23:52:27.629+0000] {dag.py:3954} INFO - Setting next_dagrun for example_sensors to None, run_after=None
[2026-01-27T23:52:27.648+0000] {processor.py:183} INFO - Processing /home/airflow/.local/lib/python3.12/site-packages/airflow/example_dags/example_sensors.py took 0.072 seconds
[2026-01-27T23:52:57.835+0000] {processor.py:161} INFO - Started process (PID=1781) to work on /home/airflow/.local/lib/python3.12/site-packages/airflow/example_dags/example_sensors.py
[2026-01-27T23:52:57.836+0000] {processor.py:830} INFO - Processing file /home/airflow/.local/lib/python3.12/site-packages/airflow/example_dags/example_sensors.py for tasks to queue
[2026-01-27T23:52:57.838+0000] {logging_mixin.py:188} INFO - [2026-01-27T23:52:57.838+0000] {dagbag.py:540} INFO - Filling up the DagBag from /home/airflow/.local/lib/python3.12/site-packages/airflow/example_dags/example_sensors.py
[2026-01-27T23:52:57.846+0000] {processor.py:840} INFO - DAG(s) 'example_sensors' retrieved from /home/airflow/.local/lib/python3.12/site-packages/airflow/example_dags/example_sensors.py
[2026-01-27T23:52:57.871+0000] {logging_mixin.py:188} INFO - [2026-01-27T23:52:57.871+0000] {dag.py:3096} INFO - Sync 1 DAGs
[2026-01-27T23:52:57.882+0000] {logging_mixin.py:188} INFO - [2026-01-27T23:52:57.882+0000] {dag.py:3954} INFO - Setting next_dagrun for example_sensors to None, run_after=None
[2026-01-27T23:52:57.902+0000] {processor.py:183} INFO - Processing /home/airflow/.local/lib/python3.12/site-packages/airflow/example_dags/example_sensors.py took 0.072 seconds
[2026-01-27T23:53:28.023+0000] {processor.py:161} INFO - Started process (PID=1833) to work on /home/airflow/.local/lib/python3.12/site-packages/airflow/example_dags/example_sensors.py
[2026-01-27T23:53:28.024+0000] {processor.py:830} INFO - Processing file /home/airflow/.local/lib/python3.12/site-packages/airflow/example_dags/example_sensors.py for tasks to queue
[2026-01-27T23:53:28.026+0000] {logging_mixin.py:188} INFO - [2026-01-27T23:53:28.026+0000] {dagbag.py:540} INFO - Filling up the DagBag from /home/airflow/.local/lib/python3.12/site-packages/airflow/example_dags/example_sensors.py
[2026-01-27T23:53:28.035+0000] {processor.py:840} INFO - DAG(s) 'example_sensors' retrieved from /home/airflow/.local/lib/python3.12/site-packages/airflow/example_dags/example_sensors.py
[2026-01-27T23:53:28.063+0000] {logging_mixin.py:188} INFO - [2026-01-27T23:53:28.063+0000] {dag.py:3096} INFO - Sync 1 DAGs
[2026-01-27T23:53:28.082+0000] {logging_mixin.py:188} INFO - [2026-01-27T23:53:28.081+0000] {dag.py:3954} INFO - Setting next_dagrun for example_sensors to None, run_after=None
[2026-01-27T23:53:28.110+0000] {processor.py:183} INFO - Processing /home/airflow/.local/lib/python3.12/site-packages/airflow/example_dags/example_sensors.py took 0.096 seconds
[2026-01-27T23:53:58.175+0000] {processor.py:161} INFO - Started process (PID=1884) to work on /home/airflow/.local/lib/python3.12/site-packages/airflow/example_dags/example_sensors.py
[2026-01-27T23:53:58.177+0000] {processor.py:830} INFO - Processing file /home/airflow/.local/lib/python3.12/site-packages/airflow/example_dags/example_sensors.py for tasks to queue
[2026-01-27T23:53:58.179+0000] {logging_mixin.py:188} INFO - [2026-01-27T23:53:58.179+0000] {dagbag.py:540} INFO - Filling up the DagBag from /home/airflow/.local/lib/python3.12/site-packages/airflow/example_dags/example_sensors.py
[2026-01-27T23:53:58.194+0000] {processor.py:840} INFO - DAG(s) 'example_sensors' retrieved from /home/airflow/.local/lib/python3.12/site-packages/airflow/example_dags/example_sensors.py
[2026-01-27T23:53:58.230+0000] {logging_mixin.py:188} INFO - [2026-01-27T23:53:58.229+0000] {dag.py:3096} INFO - Sync 1 DAGs
[2026-01-27T23:53:58.247+0000] {logging_mixin.py:188} INFO - [2026-01-27T23:53:58.247+0000] {dag.py:3954} INFO - Setting next_dagrun for example_sensors to None, run_after=None
[2026-01-27T23:53:58.276+0000] {processor.py:183} INFO - Processing /home/airflow/.local/lib/python3.12/site-packages/airflow/example_dags/example_sensors.py took 0.110 seconds
[2026-01-27T23:54:28.551+0000] {processor.py:161} INFO - Started process (PID=1936) to work on /home/airflow/.local/lib/python3.12/site-packages/airflow/example_dags/example_sensors.py
[2026-01-27T23:54:28.552+0000] {processor.py:830} INFO - Processing file /home/airflow/.local/lib/python3.12/site-packages/airflow/example_dags/example_sensors.py for tasks to queue
[2026-01-27T23:54:28.555+0000] {logging_mixin.py:188} INFO - [2026-01-27T23:54:28.555+0000] {dagbag.py:540} INFO - Filling up the DagBag from /home/airflow/.local/lib/python3.12/site-packages/airflow/example_dags/example_sensors.py
[2026-01-27T23:54:28.569+0000] {processor.py:840} INFO - DAG(s) 'example_sensors' retrieved from /home/airflow/.local/lib/python3.12/site-packages/airflow/example_dags/example_sensors.py
[2026-01-27T23:54:28.600+0000] {logging_mixin.py:188} INFO - [2026-01-27T23:54:28.600+0000] {dag.py:3096} INFO - Sync 1 DAGs
[2026-01-27T23:54:28.614+0000] {logging_mixin.py:188} INFO - [2026-01-27T23:54:28.614+0000] {dag.py:3954} INFO - Setting next_dagrun for example_sensors to None, run_after=None
[2026-01-27T23:54:28.638+0000] {processor.py:183} INFO - Processing /home/airflow/.local/lib/python3.12/site-packages/airflow/example_dags/example_sensors.py took 0.093 seconds
[2026-01-27T23:54:59.658+0000] {processor.py:161} INFO - Started process (PID=1989) to work on /home/airflow/.local/lib/python3.12/site-packages/airflow/example_dags/example_sensors.py
[2026-01-27T23:54:59.659+0000] {processor.py:830} INFO - Processing file /home/airflow/.local/lib/python3.12/site-packages/airflow/example_dags/example_sensors.py for tasks to queue
[2026-01-27T23:54:59.661+0000] {logging_mixin.py:188} INFO - [2026-01-27T23:54:59.661+0000] {dagbag.py:540} INFO - Filling up the DagBag from /home/airflow/.local/lib/python3.12/site-packages/airflow/example_dags/example_sensors.py
[2026-01-27T23:54:59.671+0000] {processor.py:840} INFO - DAG(s) 'example_sensors' retrieved from /home/airflow/.local/lib/python3.12/site-packages/airflow/example_dags/example_sensors.py
[2026-01-27T23:54:59.693+0000] {logging_mixin.py:188} INFO - [2026-01-27T23:54:59.693+0000] {dag.py:3096} INFO - Sync 1 DAGs
[2026-01-27T23:54:59.705+0000] {logging_mixin.py:188} INFO - [2026-01-27T23:54:59.705+0000] {dag.py:3954} INFO - Setting next_dagrun for example_sensors to None, run_after=None
[2026-01-27T23:54:59.723+0000] {processor.py:183} INFO - Processing /home/airflow/.local/lib/python3.12/site-packages/airflow/example_dags/example_sensors.py took 0.071 seconds
[2026-01-27T23:55:30.359+0000] {processor.py:161} INFO - Started process (PID=2041) to work on /home/airflow/.local/lib/python3.12/site-packages/airflow/example_dags/example_sensors.py
[2026-01-27T23:55:30.360+0000] {processor.py:830} INFO - Processing file /home/airflow/.local/lib/python3.12/site-packages/airflow/example_dags/example_sensors.py for tasks to queue
[2026-01-27T23:55:30.362+0000] {logging_mixin.py:188} INFO - [2026-01-27T23:55:30.361+0000] {dagbag.py:540} INFO - Filling up the DagBag from /home/airflow/.local/lib/python3.12/site-packages/airflow/example_dags/example_sensors.py
[2026-01-27T23:55:30.370+0000] {processor.py:840} INFO - DAG(s) 'example_sensors' retrieved from /home/airflow/.local/lib/python3.12/site-packages/airflow/example_dags/example_sensors.py
[2026-01-27T23:55:30.393+0000] {logging_mixin.py:188} INFO - [2026-01-27T23:55:30.393+0000] {dag.py:3096} INFO - Sync 1 DAGs
[2026-01-27T23:55:30.404+0000] {logging_mixin.py:188} INFO - [2026-01-27T23:55:30.404+0000] {dag.py:3954} INFO - Setting next_dagrun for example_sensors to None, run_after=None
[2026-01-27T23:55:30.423+0000] {processor.py:183} INFO - Processing /home/airflow/.local/lib/python3.12/site-packages/airflow/example_dags/example_sensors.py took 0.070 seconds
[2026-01-27T23:56:00.748+0000] {processor.py:161} INFO - Started process (PID=2093) to work on /home/airflow/.local/lib/python3.12/site-packages/airflow/example_dags/example_sensors.py
[2026-01-27T23:56:00.749+0000] {processor.py:830} INFO - Processing file /home/airflow/.local/lib/python3.12/site-packages/airflow/example_dags/example_sensors.py for tasks to queue
[2026-01-27T23:56:00.751+0000] {logging_mixin.py:188} INFO - [2026-01-27T23:56:00.751+0000] {dagbag.py:540} INFO - Filling up the DagBag from /home/airflow/.local/lib/python3.12/site-packages/airflow/example_dags/example_sensors.py
[2026-01-27T23:56:00.762+0000] {processor.py:840} INFO - DAG(s) 'example_sensors' retrieved from /home/airflow/.local/lib/python3.12/site-packages/airflow/example_dags/example_sensors.py
[2026-01-27T23:56:00.789+0000] {logging_mixin.py:188} INFO - [2026-01-27T23:56:00.789+0000] {dag.py:3096} INFO - Sync 1 DAGs
[2026-01-27T23:56:00.800+0000] {logging_mixin.py:188} INFO - [2026-01-27T23:56:00.800+0000] {dag.py:3954} INFO - Setting next_dagrun for example_sensors to None, run_after=None
[2026-01-27T23:56:00.823+0000] {processor.py:183} INFO - Processing /home/airflow/.local/lib/python3.12/site-packages/airflow/example_dags/example_sensors.py took 0.081 seconds
[2026-01-27T23:56:31.134+0000] {processor.py:161} INFO - Started process (PID=2145) to work on /home/airflow/.local/lib/python3.12/site-packages/airflow/example_dags/example_sensors.py
[2026-01-27T23:56:31.135+0000] {processor.py:830} INFO - Processing file /home/airflow/.local/lib/python3.12/site-packages/airflow/example_dags/example_sensors.py for tasks to queue
[2026-01-27T23:56:31.138+0000] {logging_mixin.py:188} INFO - [2026-01-27T23:56:31.137+0000] {dagbag.py:540} INFO - Filling up the DagBag from /home/airflow/.local/lib/python3.12/site-packages/airflow/example_dags/example_sensors.py
[2026-01-27T23:56:31.146+0000] {processor.py:840} INFO - DAG(s) 'example_sensors' retrieved from /home/airflow/.local/lib/python3.12/site-packages/airflow/example_dags/example_sensors.py
[2026-01-27T23:56:31.193+0000] {logging_mixin.py:188} INFO - [2026-01-27T23:56:31.193+0000] {dag.py:3096} INFO - Sync 1 DAGs
[2026-01-27T23:56:31.205+0000] {logging_mixin.py:188} INFO - [2026-01-27T23:56:31.205+0000] {dag.py:3954} INFO - Setting next_dagrun for example_sensors to None, run_after=None
[2026-01-27T23:56:31.227+0000] {processor.py:183} INFO - Processing /home/airflow/.local/lib/python3.12/site-packages/airflow/example_dags/example_sensors.py took 0.100 seconds
[2026-01-27T23:57:01.957+0000] {processor.py:161} INFO - Started process (PID=2197) to work on /home/airflow/.local/lib/python3.12/site-packages/airflow/example_dags/example_sensors.py
[2026-01-27T23:57:01.958+0000] {processor.py:830} INFO - Processing file /home/airflow/.local/lib/python3.12/site-packages/airflow/example_dags/example_sensors.py for tasks to queue
[2026-01-27T23:57:01.960+0000] {logging_mixin.py:188} INFO - [2026-01-27T23:57:01.960+0000] {dagbag.py:540} INFO - Filling up the DagBag from /home/airflow/.local/lib/python3.12/site-packages/airflow/example_dags/example_sensors.py
[2026-01-27T23:57:01.968+0000] {processor.py:840} INFO - DAG(s) 'example_sensors' retrieved from /home/airflow/.local/lib/python3.12/site-packages/airflow/example_dags/example_sensors.py
[2026-01-27T23:57:01.994+0000] {logging_mixin.py:188} INFO - [2026-01-27T23:57:01.994+0000] {dag.py:3096} INFO - Sync 1 DAGs
[2026-01-27T23:57:02.005+0000] {logging_mixin.py:188} INFO - [2026-01-27T23:57:02.005+0000] {dag.py:3954} INFO - Setting next_dagrun for example_sensors to None, run_after=None
[2026-01-27T23:57:02.036+0000] {processor.py:183} INFO - Processing /home/airflow/.local/lib/python3.12/site-packages/airflow/example_dags/example_sensors.py took 0.085 seconds
[2026-01-27T23:57:32.661+0000] {processor.py:161} INFO - Started process (PID=2249) to work on /home/airflow/.local/lib/python3.12/site-packages/airflow/example_dags/example_sensors.py
[2026-01-27T23:57:32.662+0000] {processor.py:830} INFO - Processing file /home/airflow/.local/lib/python3.12/site-packages/airflow/example_dags/example_sensors.py for tasks to queue
[2026-01-27T23:57:32.664+0000] {logging_mixin.py:188} INFO - [2026-01-27T23:57:32.664+0000] {dagbag.py:540} INFO - Filling up the DagBag from /home/airflow/.local/lib/python3.12/site-packages/airflow/example_dags/example_sensors.py
[2026-01-27T23:57:32.676+0000] {processor.py:840} INFO - DAG(s) 'example_sensors' retrieved from /home/airflow/.local/lib/python3.12/site-packages/airflow/example_dags/example_sensors.py
[2026-01-27T23:57:32.702+0000] {logging_mixin.py:188} INFO - [2026-01-27T23:57:32.701+0000] {dag.py:3096} INFO - Sync 1 DAGs
[2026-01-27T23:57:32.717+0000] {logging_mixin.py:188} INFO - [2026-01-27T23:57:32.716+0000] {dag.py:3954} INFO - Setting next_dagrun for example_sensors to None, run_after=None
[2026-01-27T23:57:32.748+0000] {processor.py:183} INFO - Processing /home/airflow/.local/lib/python3.12/site-packages/airflow/example_dags/example_sensors.py took 0.094 seconds
[2026-01-27T23:58:02.875+0000] {processor.py:161} INFO - Started process (PID=2300) to work on /home/airflow/.local/lib/python3.12/site-packages/airflow/example_dags/example_sensors.py
[2026-01-27T23:58:02.877+0000] {processor.py:830} INFO - Processing file /home/airflow/.local/lib/python3.12/site-packages/airflow/example_dags/example_sensors.py for tasks to queue
[2026-01-27T23:58:02.879+0000] {logging_mixin.py:188} INFO - [2026-01-27T23:58:02.879+0000] {dagbag.py:540} INFO - Filling up the DagBag from /home/airflow/.local/lib/python3.12/site-packages/airflow/example_dags/example_sensors.py
[2026-01-27T23:58:02.890+0000] {processor.py:840} INFO - DAG(s) 'example_sensors' retrieved from /home/airflow/.local/lib/python3.12/site-packages/airflow/example_dags/example_sensors.py
[2026-01-27T23:58:02.919+0000] {logging_mixin.py:188} INFO - [2026-01-27T23:58:02.919+0000] {dag.py:3096} INFO - Sync 1 DAGs
[2026-01-27T23:58:02.931+0000] {logging_mixin.py:188} INFO - [2026-01-27T23:58:02.931+0000] {dag.py:3954} INFO - Setting next_dagrun for example_sensors to None, run_after=None
[2026-01-27T23:58:02.962+0000] {processor.py:183} INFO - Processing /home/airflow/.local/lib/python3.12/site-packages/airflow/example_dags/example_sensors.py took 0.096 seconds
[2026-01-27T23:58:33.214+0000] {processor.py:161} INFO - Started process (PID=2352) to work on /home/airflow/.local/lib/python3.12/site-packages/airflow/example_dags/example_sensors.py
[2026-01-27T23:58:33.215+0000] {processor.py:830} INFO - Processing file /home/airflow/.local/lib/python3.12/site-packages/airflow/example_dags/example_sensors.py for tasks to queue
[2026-01-27T23:58:33.217+0000] {logging_mixin.py:188} INFO - [2026-01-27T23:58:33.217+0000] {dagbag.py:540} INFO - Filling up the DagBag from /home/airflow/.local/lib/python3.12/site-packages/airflow/example_dags/example_sensors.py
[2026-01-27T23:58:33.226+0000] {processor.py:840} INFO - DAG(s) 'example_sensors' retrieved from /home/airflow/.local/lib/python3.12/site-packages/airflow/example_dags/example_sensors.py
[2026-01-27T23:58:33.251+0000] {logging_mixin.py:188} INFO - [2026-01-27T23:58:33.250+0000] {dag.py:3096} INFO - Sync 1 DAGs
[2026-01-27T23:58:33.264+0000] {logging_mixin.py:188} INFO - [2026-01-27T23:58:33.263+0000] {dag.py:3954} INFO - Setting next_dagrun for example_sensors to None, run_after=None
[2026-01-27T23:58:33.294+0000] {processor.py:183} INFO - Processing /home/airflow/.local/lib/python3.12/site-packages/airflow/example_dags/example_sensors.py took 0.086 seconds
[2026-01-27T23:59:03.555+0000] {processor.py:161} INFO - Started process (PID=2404) to work on /home/airflow/.local/lib/python3.12/site-packages/airflow/example_dags/example_sensors.py
[2026-01-27T23:59:03.556+0000] {processor.py:830} INFO - Processing file /home/airflow/.local/lib/python3.12/site-packages/airflow/example_dags/example_sensors.py for tasks to queue
[2026-01-27T23:59:03.558+0000] {logging_mixin.py:188} INFO - [2026-01-27T23:59:03.558+0000] {dagbag.py:540} INFO - Filling up the DagBag from /home/airflow/.local/lib/python3.12/site-packages/airflow/example_dags/example_sensors.py
[2026-01-27T23:59:03.566+0000] {processor.py:840} INFO - DAG(s) 'example_sensors' retrieved from /home/airflow/.local/lib/python3.12/site-packages/airflow/example_dags/example_sensors.py
[2026-01-27T23:59:03.590+0000] {logging_mixin.py:188} INFO - [2026-01-27T23:59:03.590+0000] {dag.py:3096} INFO - Sync 1 DAGs
[2026-01-27T23:59:03.601+0000] {logging_mixin.py:188} INFO - [2026-01-27T23:59:03.601+0000] {dag.py:3954} INFO - Setting next_dagrun for example_sensors to None, run_after=None
[2026-01-27T23:59:03.620+0000] {processor.py:183} INFO - Processing /home/airflow/.local/lib/python3.12/site-packages/airflow/example_dags/example_sensors.py took 0.071 seconds
[2026-01-27T23:59:34.245+0000] {processor.py:161} INFO - Started process (PID=2456) to work on /home/airflow/.local/lib/python3.12/site-packages/airflow/example_dags/example_sensors.py
[2026-01-27T23:59:34.246+0000] {processor.py:830} INFO - Processing file /home/airflow/.local/lib/python3.12/site-packages/airflow/example_dags/example_sensors.py for tasks to queue
[2026-01-27T23:59:34.248+0000] {logging_mixin.py:188} INFO - [2026-01-27T23:59:34.248+0000] {dagbag.py:540} INFO - Filling up the DagBag from /home/airflow/.local/lib/python3.12/site-packages/airflow/example_dags/example_sensors.py
[2026-01-27T23:59:34.259+0000] {processor.py:840} INFO - DAG(s) 'example_sensors' retrieved from /home/airflow/.local/lib/python3.12/site-packages/airflow/example_dags/example_sensors.py
[2026-01-27T23:59:34.291+0000] {logging_mixin.py:188} INFO - [2026-01-27T23:59:34.290+0000] {dag.py:3096} INFO - Sync 1 DAGs
[2026-01-27T23:59:34.307+0000] {logging_mixin.py:188} INFO - [2026-01-27T23:59:34.307+0000] {dag.py:3954} INFO - Setting next_dagrun for example_sensors to None, run_after=None
[2026-01-27T23:59:34.334+0000] {processor.py:183} INFO - Processing /home/airflow/.local/lib/python3.12/site-packages/airflow/example_dags/example_sensors.py took 0.096 seconds
