[2026-01-27 23:26:57,094] {scheduler_job.py:182} INFO - Started process (PID=28) to work on /home/airflow/.local/lib/python3.6/site-packages/airflow/example_dags/example_complex.py
[2026-01-27 23:26:57,097] {scheduler_job.py:629} INFO - Processing file /home/airflow/.local/lib/python3.6/site-packages/airflow/example_dags/example_complex.py for tasks to queue
[2026-01-27 23:26:57,101] {logging_mixin.py:104} INFO - [2026-01-27 23:26:57,101] {dagbag.py:448} INFO - Filling up the DagBag from /home/airflow/.local/lib/python3.6/site-packages/airflow/example_dags/example_complex.py
[2026-01-27 23:26:57,152] {scheduler_job.py:639} INFO - DAG(s) dict_keys(['example_complex']) retrieved from /home/airflow/.local/lib/python3.6/site-packages/airflow/example_dags/example_complex.py
[2026-01-27 23:26:57,202] {logging_mixin.py:104} INFO - [2026-01-27 23:26:57,202] {dag.py:1818} INFO - Sync 1 DAGs
[2026-01-27 23:26:57,225] {logging_mixin.py:104} INFO - [2026-01-27 23:26:57,225] {dag.py:1837} INFO - Creating ORM DAG for example_complex
[2026-01-27 23:26:57,237] {logging_mixin.py:104} INFO - [2026-01-27 23:26:57,236] {dag.py:2273} INFO - Setting next_dagrun for example_complex to None
[2026-01-27 23:26:57,268] {scheduler_job.py:190} INFO - Processing /home/airflow/.local/lib/python3.6/site-packages/airflow/example_dags/example_complex.py took 0.183 seconds
[2026-01-27 23:27:28,890] {scheduler_job.py:182} INFO - Started process (PID=57) to work on /home/airflow/.local/lib/python3.6/site-packages/airflow/example_dags/example_complex.py
[2026-01-27 23:27:28,893] {scheduler_job.py:629} INFO - Processing file /home/airflow/.local/lib/python3.6/site-packages/airflow/example_dags/example_complex.py for tasks to queue
[2026-01-27 23:27:28,896] {logging_mixin.py:104} INFO - [2026-01-27 23:27:28,896] {dagbag.py:448} INFO - Filling up the DagBag from /home/airflow/.local/lib/python3.6/site-packages/airflow/example_dags/example_complex.py
[2026-01-27 23:27:28,937] {scheduler_job.py:639} INFO - DAG(s) dict_keys(['example_complex']) retrieved from /home/airflow/.local/lib/python3.6/site-packages/airflow/example_dags/example_complex.py
[2026-01-27 23:27:29,021] {logging_mixin.py:104} INFO - [2026-01-27 23:27:29,021] {dag.py:1818} INFO - Sync 1 DAGs
[2026-01-27 23:27:29,084] {logging_mixin.py:104} INFO - [2026-01-27 23:27:29,084] {dag.py:2273} INFO - Setting next_dagrun for example_complex to None
[2026-01-27 23:27:29,115] {scheduler_job.py:190} INFO - Processing /home/airflow/.local/lib/python3.6/site-packages/airflow/example_dags/example_complex.py took 0.231 seconds
[2026-01-27 23:28:00,098] {scheduler_job.py:182} INFO - Started process (PID=85) to work on /home/airflow/.local/lib/python3.6/site-packages/airflow/example_dags/example_complex.py
[2026-01-27 23:28:00,100] {scheduler_job.py:629} INFO - Processing file /home/airflow/.local/lib/python3.6/site-packages/airflow/example_dags/example_complex.py for tasks to queue
[2026-01-27 23:28:00,102] {logging_mixin.py:104} INFO - [2026-01-27 23:28:00,102] {dagbag.py:448} INFO - Filling up the DagBag from /home/airflow/.local/lib/python3.6/site-packages/airflow/example_dags/example_complex.py
[2026-01-27 23:28:00,138] {scheduler_job.py:639} INFO - DAG(s) dict_keys(['example_complex']) retrieved from /home/airflow/.local/lib/python3.6/site-packages/airflow/example_dags/example_complex.py
[2026-01-27 23:28:00,183] {logging_mixin.py:104} INFO - [2026-01-27 23:28:00,182] {dag.py:1818} INFO - Sync 1 DAGs
[2026-01-27 23:28:00,210] {logging_mixin.py:104} INFO - [2026-01-27 23:28:00,210] {dag.py:2273} INFO - Setting next_dagrun for example_complex to None
[2026-01-27 23:28:00,229] {scheduler_job.py:190} INFO - Processing /home/airflow/.local/lib/python3.6/site-packages/airflow/example_dags/example_complex.py took 0.140 seconds
[2026-01-27 23:28:30,806] {scheduler_job.py:182} INFO - Started process (PID=111) to work on /home/airflow/.local/lib/python3.6/site-packages/airflow/example_dags/example_complex.py
[2026-01-27 23:28:30,808] {scheduler_job.py:629} INFO - Processing file /home/airflow/.local/lib/python3.6/site-packages/airflow/example_dags/example_complex.py for tasks to queue
[2026-01-27 23:28:30,809] {logging_mixin.py:104} INFO - [2026-01-27 23:28:30,809] {dagbag.py:448} INFO - Filling up the DagBag from /home/airflow/.local/lib/python3.6/site-packages/airflow/example_dags/example_complex.py
[2026-01-27 23:28:30,854] {scheduler_job.py:639} INFO - DAG(s) dict_keys(['example_complex']) retrieved from /home/airflow/.local/lib/python3.6/site-packages/airflow/example_dags/example_complex.py
[2026-01-27 23:28:30,986] {logging_mixin.py:104} INFO - [2026-01-27 23:28:30,986] {dag.py:1818} INFO - Sync 1 DAGs
[2026-01-27 23:28:31,004] {logging_mixin.py:104} INFO - [2026-01-27 23:28:31,004] {dag.py:2273} INFO - Setting next_dagrun for example_complex to None
[2026-01-27 23:28:31,036] {scheduler_job.py:190} INFO - Processing /home/airflow/.local/lib/python3.6/site-packages/airflow/example_dags/example_complex.py took 0.233 seconds
[2026-01-27 23:29:01,376] {scheduler_job.py:182} INFO - Started process (PID=138) to work on /home/airflow/.local/lib/python3.6/site-packages/airflow/example_dags/example_complex.py
[2026-01-27 23:29:01,377] {scheduler_job.py:629} INFO - Processing file /home/airflow/.local/lib/python3.6/site-packages/airflow/example_dags/example_complex.py for tasks to queue
[2026-01-27 23:29:01,379] {logging_mixin.py:104} INFO - [2026-01-27 23:29:01,378] {dagbag.py:448} INFO - Filling up the DagBag from /home/airflow/.local/lib/python3.6/site-packages/airflow/example_dags/example_complex.py
[2026-01-27 23:29:01,396] {scheduler_job.py:639} INFO - DAG(s) dict_keys(['example_complex']) retrieved from /home/airflow/.local/lib/python3.6/site-packages/airflow/example_dags/example_complex.py
[2026-01-27 23:29:01,422] {logging_mixin.py:104} INFO - [2026-01-27 23:29:01,422] {dag.py:1818} INFO - Sync 1 DAGs
[2026-01-27 23:29:01,440] {logging_mixin.py:104} INFO - [2026-01-27 23:29:01,440] {dag.py:2273} INFO - Setting next_dagrun for example_complex to None
[2026-01-27 23:29:01,452] {scheduler_job.py:190} INFO - Processing /home/airflow/.local/lib/python3.6/site-packages/airflow/example_dags/example_complex.py took 0.080 seconds
[2026-01-27 23:29:31,728] {scheduler_job.py:182} INFO - Started process (PID=165) to work on /home/airflow/.local/lib/python3.6/site-packages/airflow/example_dags/example_complex.py
[2026-01-27 23:29:31,730] {scheduler_job.py:629} INFO - Processing file /home/airflow/.local/lib/python3.6/site-packages/airflow/example_dags/example_complex.py for tasks to queue
[2026-01-27 23:29:31,731] {logging_mixin.py:104} INFO - [2026-01-27 23:29:31,730] {dagbag.py:448} INFO - Filling up the DagBag from /home/airflow/.local/lib/python3.6/site-packages/airflow/example_dags/example_complex.py
[2026-01-27 23:29:31,748] {scheduler_job.py:639} INFO - DAG(s) dict_keys(['example_complex']) retrieved from /home/airflow/.local/lib/python3.6/site-packages/airflow/example_dags/example_complex.py
[2026-01-27 23:29:31,776] {logging_mixin.py:104} INFO - [2026-01-27 23:29:31,776] {dag.py:1818} INFO - Sync 1 DAGs
[2026-01-27 23:29:31,798] {logging_mixin.py:104} INFO - [2026-01-27 23:29:31,798] {dag.py:2273} INFO - Setting next_dagrun for example_complex to None
[2026-01-27 23:29:31,811] {scheduler_job.py:190} INFO - Processing /home/airflow/.local/lib/python3.6/site-packages/airflow/example_dags/example_complex.py took 0.087 seconds
[2026-01-27 23:30:01,929] {scheduler_job.py:182} INFO - Started process (PID=191) to work on /home/airflow/.local/lib/python3.6/site-packages/airflow/example_dags/example_complex.py
[2026-01-27 23:30:01,930] {scheduler_job.py:629} INFO - Processing file /home/airflow/.local/lib/python3.6/site-packages/airflow/example_dags/example_complex.py for tasks to queue
[2026-01-27 23:30:01,931] {logging_mixin.py:104} INFO - [2026-01-27 23:30:01,931] {dagbag.py:448} INFO - Filling up the DagBag from /home/airflow/.local/lib/python3.6/site-packages/airflow/example_dags/example_complex.py
[2026-01-27 23:30:01,946] {scheduler_job.py:639} INFO - DAG(s) dict_keys(['example_complex']) retrieved from /home/airflow/.local/lib/python3.6/site-packages/airflow/example_dags/example_complex.py
[2026-01-27 23:30:01,968] {logging_mixin.py:104} INFO - [2026-01-27 23:30:01,968] {dag.py:1818} INFO - Sync 1 DAGs
[2026-01-27 23:30:01,981] {logging_mixin.py:104} INFO - [2026-01-27 23:30:01,981] {dag.py:2273} INFO - Setting next_dagrun for example_complex to None
[2026-01-27 23:30:01,993] {scheduler_job.py:190} INFO - Processing /home/airflow/.local/lib/python3.6/site-packages/airflow/example_dags/example_complex.py took 0.067 seconds
[2026-01-27 23:30:32,375] {scheduler_job.py:182} INFO - Started process (PID=216) to work on /home/airflow/.local/lib/python3.6/site-packages/airflow/example_dags/example_complex.py
[2026-01-27 23:30:32,376] {scheduler_job.py:629} INFO - Processing file /home/airflow/.local/lib/python3.6/site-packages/airflow/example_dags/example_complex.py for tasks to queue
[2026-01-27 23:30:32,377] {logging_mixin.py:104} INFO - [2026-01-27 23:30:32,377] {dagbag.py:448} INFO - Filling up the DagBag from /home/airflow/.local/lib/python3.6/site-packages/airflow/example_dags/example_complex.py
[2026-01-27 23:30:32,399] {scheduler_job.py:639} INFO - DAG(s) dict_keys(['example_complex']) retrieved from /home/airflow/.local/lib/python3.6/site-packages/airflow/example_dags/example_complex.py
[2026-01-27 23:30:32,427] {logging_mixin.py:104} INFO - [2026-01-27 23:30:32,427] {dag.py:1818} INFO - Sync 1 DAGs
[2026-01-27 23:30:32,443] {logging_mixin.py:104} INFO - [2026-01-27 23:30:32,443] {dag.py:2273} INFO - Setting next_dagrun for example_complex to None
[2026-01-27 23:30:32,455] {scheduler_job.py:190} INFO - Processing /home/airflow/.local/lib/python3.6/site-packages/airflow/example_dags/example_complex.py took 0.084 seconds
[2026-01-27 23:31:02,725] {scheduler_job.py:182} INFO - Started process (PID=243) to work on /home/airflow/.local/lib/python3.6/site-packages/airflow/example_dags/example_complex.py
[2026-01-27 23:31:02,726] {scheduler_job.py:629} INFO - Processing file /home/airflow/.local/lib/python3.6/site-packages/airflow/example_dags/example_complex.py for tasks to queue
[2026-01-27 23:31:02,727] {logging_mixin.py:104} INFO - [2026-01-27 23:31:02,727] {dagbag.py:448} INFO - Filling up the DagBag from /home/airflow/.local/lib/python3.6/site-packages/airflow/example_dags/example_complex.py
[2026-01-27 23:31:02,745] {scheduler_job.py:639} INFO - DAG(s) dict_keys(['example_complex']) retrieved from /home/airflow/.local/lib/python3.6/site-packages/airflow/example_dags/example_complex.py
[2026-01-27 23:31:02,774] {logging_mixin.py:104} INFO - [2026-01-27 23:31:02,774] {dag.py:1818} INFO - Sync 1 DAGs
[2026-01-27 23:31:02,794] {logging_mixin.py:104} INFO - [2026-01-27 23:31:02,794] {dag.py:2273} INFO - Setting next_dagrun for example_complex to None
[2026-01-27 23:31:02,809] {scheduler_job.py:190} INFO - Processing /home/airflow/.local/lib/python3.6/site-packages/airflow/example_dags/example_complex.py took 0.089 seconds
[2026-01-27T23:36:03.059+0000] {processor.py:161} INFO - Started process (PID=51) to work on /home/airflow/.local/lib/python3.12/site-packages/airflow/example_dags/example_complex.py
[2026-01-27T23:36:03.061+0000] {processor.py:830} INFO - Processing file /home/airflow/.local/lib/python3.12/site-packages/airflow/example_dags/example_complex.py for tasks to queue
[2026-01-27T23:36:03.108+0000] {logging_mixin.py:188} INFO - [2026-01-27T23:36:03.092+0000] {dagbag.py:540} INFO - Filling up the DagBag from /home/airflow/.local/lib/python3.12/site-packages/airflow/example_dags/example_complex.py
[2026-01-27T23:36:03.271+0000] {processor.py:840} INFO - DAG(s) 'example_complex' retrieved from /home/airflow/.local/lib/python3.12/site-packages/airflow/example_dags/example_complex.py
[2026-01-27T23:36:04.371+0000] {logging_mixin.py:188} INFO - [2026-01-27T23:36:04.370+0000] {dag.py:3096} INFO - Sync 1 DAGs
[2026-01-27T23:36:04.529+0000] {logging_mixin.py:188} INFO - [2026-01-27T23:36:04.529+0000] {dag.py:3954} INFO - Setting next_dagrun for example_complex to None, run_after=None
[2026-01-27T23:36:04.681+0000] {processor.py:183} INFO - Processing /home/airflow/.local/lib/python3.12/site-packages/airflow/example_dags/example_complex.py took 1.679 seconds
[2026-01-27T23:36:34.817+0000] {processor.py:161} INFO - Started process (PID=102) to work on /home/airflow/.local/lib/python3.12/site-packages/airflow/example_dags/example_complex.py
[2026-01-27T23:36:34.819+0000] {processor.py:830} INFO - Processing file /home/airflow/.local/lib/python3.12/site-packages/airflow/example_dags/example_complex.py for tasks to queue
[2026-01-27T23:36:34.821+0000] {logging_mixin.py:188} INFO - [2026-01-27T23:36:34.821+0000] {dagbag.py:540} INFO - Filling up the DagBag from /home/airflow/.local/lib/python3.12/site-packages/airflow/example_dags/example_complex.py
[2026-01-27T23:36:34.838+0000] {processor.py:840} INFO - DAG(s) 'example_complex' retrieved from /home/airflow/.local/lib/python3.12/site-packages/airflow/example_dags/example_complex.py
[2026-01-27T23:36:34.888+0000] {logging_mixin.py:188} INFO - [2026-01-27T23:36:34.887+0000] {dag.py:3096} INFO - Sync 1 DAGs
[2026-01-27T23:36:34.912+0000] {logging_mixin.py:188} INFO - [2026-01-27T23:36:34.912+0000] {dag.py:3954} INFO - Setting next_dagrun for example_complex to None, run_after=None
[2026-01-27T23:36:34.936+0000] {processor.py:183} INFO - Processing /home/airflow/.local/lib/python3.12/site-packages/airflow/example_dags/example_complex.py took 0.128 seconds
[2026-01-27T23:37:05.095+0000] {processor.py:161} INFO - Started process (PID=154) to work on /home/airflow/.local/lib/python3.12/site-packages/airflow/example_dags/example_complex.py
[2026-01-27T23:37:05.097+0000] {processor.py:830} INFO - Processing file /home/airflow/.local/lib/python3.12/site-packages/airflow/example_dags/example_complex.py for tasks to queue
[2026-01-27T23:37:05.098+0000] {logging_mixin.py:188} INFO - [2026-01-27T23:37:05.098+0000] {dagbag.py:540} INFO - Filling up the DagBag from /home/airflow/.local/lib/python3.12/site-packages/airflow/example_dags/example_complex.py
[2026-01-27T23:37:05.107+0000] {processor.py:840} INFO - DAG(s) 'example_complex' retrieved from /home/airflow/.local/lib/python3.12/site-packages/airflow/example_dags/example_complex.py
[2026-01-27T23:37:05.134+0000] {logging_mixin.py:188} INFO - [2026-01-27T23:37:05.134+0000] {dag.py:3096} INFO - Sync 1 DAGs
[2026-01-27T23:37:05.145+0000] {logging_mixin.py:188} INFO - [2026-01-27T23:37:05.145+0000] {dag.py:3954} INFO - Setting next_dagrun for example_complex to None, run_after=None
[2026-01-27T23:37:05.166+0000] {processor.py:183} INFO - Processing /home/airflow/.local/lib/python3.12/site-packages/airflow/example_dags/example_complex.py took 0.075 seconds
[2026-01-27T23:37:35.718+0000] {processor.py:161} INFO - Started process (PID=206) to work on /home/airflow/.local/lib/python3.12/site-packages/airflow/example_dags/example_complex.py
[2026-01-27T23:37:35.719+0000] {processor.py:830} INFO - Processing file /home/airflow/.local/lib/python3.12/site-packages/airflow/example_dags/example_complex.py for tasks to queue
[2026-01-27T23:37:35.721+0000] {logging_mixin.py:188} INFO - [2026-01-27T23:37:35.721+0000] {dagbag.py:540} INFO - Filling up the DagBag from /home/airflow/.local/lib/python3.12/site-packages/airflow/example_dags/example_complex.py
[2026-01-27T23:37:35.729+0000] {processor.py:840} INFO - DAG(s) 'example_complex' retrieved from /home/airflow/.local/lib/python3.12/site-packages/airflow/example_dags/example_complex.py
[2026-01-27T23:37:35.757+0000] {logging_mixin.py:188} INFO - [2026-01-27T23:37:35.757+0000] {dag.py:3096} INFO - Sync 1 DAGs
[2026-01-27T23:37:35.768+0000] {logging_mixin.py:188} INFO - [2026-01-27T23:37:35.768+0000] {dag.py:3954} INFO - Setting next_dagrun for example_complex to None, run_after=None
[2026-01-27T23:37:35.788+0000] {processor.py:183} INFO - Processing /home/airflow/.local/lib/python3.12/site-packages/airflow/example_dags/example_complex.py took 0.075 seconds
[2026-01-27T23:38:06.107+0000] {processor.py:161} INFO - Started process (PID=258) to work on /home/airflow/.local/lib/python3.12/site-packages/airflow/example_dags/example_complex.py
[2026-01-27T23:38:06.108+0000] {processor.py:830} INFO - Processing file /home/airflow/.local/lib/python3.12/site-packages/airflow/example_dags/example_complex.py for tasks to queue
[2026-01-27T23:38:06.110+0000] {logging_mixin.py:188} INFO - [2026-01-27T23:38:06.109+0000] {dagbag.py:540} INFO - Filling up the DagBag from /home/airflow/.local/lib/python3.12/site-packages/airflow/example_dags/example_complex.py
[2026-01-27T23:38:06.118+0000] {processor.py:840} INFO - DAG(s) 'example_complex' retrieved from /home/airflow/.local/lib/python3.12/site-packages/airflow/example_dags/example_complex.py
[2026-01-27T23:38:06.147+0000] {logging_mixin.py:188} INFO - [2026-01-27T23:38:06.147+0000] {dag.py:3096} INFO - Sync 1 DAGs
[2026-01-27T23:38:06.158+0000] {logging_mixin.py:188} INFO - [2026-01-27T23:38:06.158+0000] {dag.py:3954} INFO - Setting next_dagrun for example_complex to None, run_after=None
[2026-01-27T23:38:06.190+0000] {processor.py:183} INFO - Processing /home/airflow/.local/lib/python3.12/site-packages/airflow/example_dags/example_complex.py took 0.088 seconds
[2026-01-27T23:38:36.298+0000] {processor.py:161} INFO - Started process (PID=310) to work on /home/airflow/.local/lib/python3.12/site-packages/airflow/example_dags/example_complex.py
[2026-01-27T23:38:36.299+0000] {processor.py:830} INFO - Processing file /home/airflow/.local/lib/python3.12/site-packages/airflow/example_dags/example_complex.py for tasks to queue
[2026-01-27T23:38:36.301+0000] {logging_mixin.py:188} INFO - [2026-01-27T23:38:36.301+0000] {dagbag.py:540} INFO - Filling up the DagBag from /home/airflow/.local/lib/python3.12/site-packages/airflow/example_dags/example_complex.py
[2026-01-27T23:38:36.310+0000] {processor.py:840} INFO - DAG(s) 'example_complex' retrieved from /home/airflow/.local/lib/python3.12/site-packages/airflow/example_dags/example_complex.py
[2026-01-27T23:38:36.340+0000] {logging_mixin.py:188} INFO - [2026-01-27T23:38:36.340+0000] {dag.py:3096} INFO - Sync 1 DAGs
[2026-01-27T23:38:36.351+0000] {logging_mixin.py:188} INFO - [2026-01-27T23:38:36.351+0000] {dag.py:3954} INFO - Setting next_dagrun for example_complex to None, run_after=None
[2026-01-27T23:38:36.372+0000] {processor.py:183} INFO - Processing /home/airflow/.local/lib/python3.12/site-packages/airflow/example_dags/example_complex.py took 0.079 seconds
[2026-01-27T23:39:07.267+0000] {processor.py:161} INFO - Started process (PID=362) to work on /home/airflow/.local/lib/python3.12/site-packages/airflow/example_dags/example_complex.py
[2026-01-27T23:39:07.270+0000] {processor.py:830} INFO - Processing file /home/airflow/.local/lib/python3.12/site-packages/airflow/example_dags/example_complex.py for tasks to queue
[2026-01-27T23:39:07.275+0000] {logging_mixin.py:188} INFO - [2026-01-27T23:39:07.274+0000] {dagbag.py:540} INFO - Filling up the DagBag from /home/airflow/.local/lib/python3.12/site-packages/airflow/example_dags/example_complex.py
[2026-01-27T23:39:07.300+0000] {processor.py:840} INFO - DAG(s) 'example_complex' retrieved from /home/airflow/.local/lib/python3.12/site-packages/airflow/example_dags/example_complex.py
[2026-01-27T23:39:07.379+0000] {logging_mixin.py:188} INFO - [2026-01-27T23:39:07.378+0000] {dag.py:3096} INFO - Sync 1 DAGs
[2026-01-27T23:39:07.407+0000] {logging_mixin.py:188} INFO - [2026-01-27T23:39:07.407+0000] {dag.py:3954} INFO - Setting next_dagrun for example_complex to None, run_after=None
[2026-01-27T23:39:07.450+0000] {processor.py:183} INFO - Processing /home/airflow/.local/lib/python3.12/site-packages/airflow/example_dags/example_complex.py took 0.196 seconds
[2026-01-27T23:39:38.407+0000] {processor.py:161} INFO - Started process (PID=414) to work on /home/airflow/.local/lib/python3.12/site-packages/airflow/example_dags/example_complex.py
[2026-01-27T23:39:38.409+0000] {processor.py:830} INFO - Processing file /home/airflow/.local/lib/python3.12/site-packages/airflow/example_dags/example_complex.py for tasks to queue
[2026-01-27T23:39:38.412+0000] {logging_mixin.py:188} INFO - [2026-01-27T23:39:38.411+0000] {dagbag.py:540} INFO - Filling up the DagBag from /home/airflow/.local/lib/python3.12/site-packages/airflow/example_dags/example_complex.py
[2026-01-27T23:39:38.425+0000] {processor.py:840} INFO - DAG(s) 'example_complex' retrieved from /home/airflow/.local/lib/python3.12/site-packages/airflow/example_dags/example_complex.py
[2026-01-27T23:39:38.465+0000] {logging_mixin.py:188} INFO - [2026-01-27T23:39:38.465+0000] {dag.py:3096} INFO - Sync 1 DAGs
[2026-01-27T23:39:38.482+0000] {logging_mixin.py:188} INFO - [2026-01-27T23:39:38.482+0000] {dag.py:3954} INFO - Setting next_dagrun for example_complex to None, run_after=None
[2026-01-27T23:39:38.512+0000] {processor.py:183} INFO - Processing /home/airflow/.local/lib/python3.12/site-packages/airflow/example_dags/example_complex.py took 0.113 seconds
[2026-01-27T23:40:09.078+0000] {processor.py:161} INFO - Started process (PID=466) to work on /home/airflow/.local/lib/python3.12/site-packages/airflow/example_dags/example_complex.py
[2026-01-27T23:40:09.080+0000] {processor.py:830} INFO - Processing file /home/airflow/.local/lib/python3.12/site-packages/airflow/example_dags/example_complex.py for tasks to queue
[2026-01-27T23:40:09.083+0000] {logging_mixin.py:188} INFO - [2026-01-27T23:40:09.082+0000] {dagbag.py:540} INFO - Filling up the DagBag from /home/airflow/.local/lib/python3.12/site-packages/airflow/example_dags/example_complex.py
[2026-01-27T23:40:09.099+0000] {processor.py:840} INFO - DAG(s) 'example_complex' retrieved from /home/airflow/.local/lib/python3.12/site-packages/airflow/example_dags/example_complex.py
[2026-01-27T23:40:09.154+0000] {logging_mixin.py:188} INFO - [2026-01-27T23:40:09.153+0000] {dag.py:3096} INFO - Sync 1 DAGs
[2026-01-27T23:40:09.176+0000] {logging_mixin.py:188} INFO - [2026-01-27T23:40:09.176+0000] {dag.py:3954} INFO - Setting next_dagrun for example_complex to None, run_after=None
[2026-01-27T23:40:09.218+0000] {processor.py:183} INFO - Processing /home/airflow/.local/lib/python3.12/site-packages/airflow/example_dags/example_complex.py took 0.155 seconds
[2026-01-27T23:40:39.304+0000] {processor.py:161} INFO - Started process (PID=518) to work on /home/airflow/.local/lib/python3.12/site-packages/airflow/example_dags/example_complex.py
[2026-01-27T23:40:39.306+0000] {processor.py:830} INFO - Processing file /home/airflow/.local/lib/python3.12/site-packages/airflow/example_dags/example_complex.py for tasks to queue
[2026-01-27T23:40:39.309+0000] {logging_mixin.py:188} INFO - [2026-01-27T23:40:39.308+0000] {dagbag.py:540} INFO - Filling up the DagBag from /home/airflow/.local/lib/python3.12/site-packages/airflow/example_dags/example_complex.py
[2026-01-27T23:40:39.318+0000] {processor.py:840} INFO - DAG(s) 'example_complex' retrieved from /home/airflow/.local/lib/python3.12/site-packages/airflow/example_dags/example_complex.py
[2026-01-27T23:40:39.352+0000] {logging_mixin.py:188} INFO - [2026-01-27T23:40:39.351+0000] {dag.py:3096} INFO - Sync 1 DAGs
[2026-01-27T23:40:39.366+0000] {logging_mixin.py:188} INFO - [2026-01-27T23:40:39.365+0000] {dag.py:3954} INFO - Setting next_dagrun for example_complex to None, run_after=None
[2026-01-27T23:40:39.388+0000] {processor.py:183} INFO - Processing /home/airflow/.local/lib/python3.12/site-packages/airflow/example_dags/example_complex.py took 0.090 seconds
[2026-01-27T23:41:09.777+0000] {processor.py:161} INFO - Started process (PID=570) to work on /home/airflow/.local/lib/python3.12/site-packages/airflow/example_dags/example_complex.py
[2026-01-27T23:41:09.779+0000] {processor.py:830} INFO - Processing file /home/airflow/.local/lib/python3.12/site-packages/airflow/example_dags/example_complex.py for tasks to queue
[2026-01-27T23:41:09.781+0000] {logging_mixin.py:188} INFO - [2026-01-27T23:41:09.781+0000] {dagbag.py:540} INFO - Filling up the DagBag from /home/airflow/.local/lib/python3.12/site-packages/airflow/example_dags/example_complex.py
[2026-01-27T23:41:09.799+0000] {processor.py:840} INFO - DAG(s) 'example_complex' retrieved from /home/airflow/.local/lib/python3.12/site-packages/airflow/example_dags/example_complex.py
[2026-01-27T23:41:09.851+0000] {logging_mixin.py:188} INFO - [2026-01-27T23:41:09.850+0000] {dag.py:3096} INFO - Sync 1 DAGs
[2026-01-27T23:41:09.873+0000] {logging_mixin.py:188} INFO - [2026-01-27T23:41:09.872+0000] {dag.py:3954} INFO - Setting next_dagrun for example_complex to None, run_after=None
[2026-01-27T23:41:09.902+0000] {processor.py:183} INFO - Processing /home/airflow/.local/lib/python3.12/site-packages/airflow/example_dags/example_complex.py took 0.137 seconds
[2026-01-27T23:41:39.975+0000] {processor.py:161} INFO - Started process (PID=622) to work on /home/airflow/.local/lib/python3.12/site-packages/airflow/example_dags/example_complex.py
[2026-01-27T23:41:39.977+0000] {processor.py:830} INFO - Processing file /home/airflow/.local/lib/python3.12/site-packages/airflow/example_dags/example_complex.py for tasks to queue
[2026-01-27T23:41:39.979+0000] {logging_mixin.py:188} INFO - [2026-01-27T23:41:39.979+0000] {dagbag.py:540} INFO - Filling up the DagBag from /home/airflow/.local/lib/python3.12/site-packages/airflow/example_dags/example_complex.py
[2026-01-27T23:41:39.991+0000] {processor.py:840} INFO - DAG(s) 'example_complex' retrieved from /home/airflow/.local/lib/python3.12/site-packages/airflow/example_dags/example_complex.py
[2026-01-27T23:41:40.026+0000] {logging_mixin.py:188} INFO - [2026-01-27T23:41:40.026+0000] {dag.py:3096} INFO - Sync 1 DAGs
[2026-01-27T23:41:40.042+0000] {logging_mixin.py:188} INFO - [2026-01-27T23:41:40.042+0000] {dag.py:3954} INFO - Setting next_dagrun for example_complex to None, run_after=None
[2026-01-27T23:41:40.064+0000] {processor.py:183} INFO - Processing /home/airflow/.local/lib/python3.12/site-packages/airflow/example_dags/example_complex.py took 0.095 seconds
[2026-01-27T23:42:10.170+0000] {processor.py:161} INFO - Started process (PID=674) to work on /home/airflow/.local/lib/python3.12/site-packages/airflow/example_dags/example_complex.py
[2026-01-27T23:42:10.172+0000] {processor.py:830} INFO - Processing file /home/airflow/.local/lib/python3.12/site-packages/airflow/example_dags/example_complex.py for tasks to queue
[2026-01-27T23:42:10.174+0000] {logging_mixin.py:188} INFO - [2026-01-27T23:42:10.174+0000] {dagbag.py:540} INFO - Filling up the DagBag from /home/airflow/.local/lib/python3.12/site-packages/airflow/example_dags/example_complex.py
[2026-01-27T23:42:10.184+0000] {processor.py:840} INFO - DAG(s) 'example_complex' retrieved from /home/airflow/.local/lib/python3.12/site-packages/airflow/example_dags/example_complex.py
[2026-01-27T23:42:10.220+0000] {logging_mixin.py:188} INFO - [2026-01-27T23:42:10.220+0000] {dag.py:3096} INFO - Sync 1 DAGs
[2026-01-27T23:42:10.237+0000] {logging_mixin.py:188} INFO - [2026-01-27T23:42:10.237+0000] {dag.py:3954} INFO - Setting next_dagrun for example_complex to None, run_after=None
[2026-01-27T23:42:10.264+0000] {processor.py:183} INFO - Processing /home/airflow/.local/lib/python3.12/site-packages/airflow/example_dags/example_complex.py took 0.103 seconds
[2026-01-27T23:42:40.396+0000] {processor.py:161} INFO - Started process (PID=726) to work on /home/airflow/.local/lib/python3.12/site-packages/airflow/example_dags/example_complex.py
[2026-01-27T23:42:40.397+0000] {processor.py:830} INFO - Processing file /home/airflow/.local/lib/python3.12/site-packages/airflow/example_dags/example_complex.py for tasks to queue
[2026-01-27T23:42:40.400+0000] {logging_mixin.py:188} INFO - [2026-01-27T23:42:40.400+0000] {dagbag.py:540} INFO - Filling up the DagBag from /home/airflow/.local/lib/python3.12/site-packages/airflow/example_dags/example_complex.py
[2026-01-27T23:42:40.419+0000] {processor.py:840} INFO - DAG(s) 'example_complex' retrieved from /home/airflow/.local/lib/python3.12/site-packages/airflow/example_dags/example_complex.py
[2026-01-27T23:42:40.466+0000] {logging_mixin.py:188} INFO - [2026-01-27T23:42:40.466+0000] {dag.py:3096} INFO - Sync 1 DAGs
[2026-01-27T23:42:40.491+0000] {logging_mixin.py:188} INFO - [2026-01-27T23:42:40.490+0000] {dag.py:3954} INFO - Setting next_dagrun for example_complex to None, run_after=None
[2026-01-27T23:42:40.523+0000] {processor.py:183} INFO - Processing /home/airflow/.local/lib/python3.12/site-packages/airflow/example_dags/example_complex.py took 0.139 seconds
[2026-01-27T23:43:11.366+0000] {processor.py:161} INFO - Started process (PID=778) to work on /home/airflow/.local/lib/python3.12/site-packages/airflow/example_dags/example_complex.py
[2026-01-27T23:43:11.367+0000] {processor.py:830} INFO - Processing file /home/airflow/.local/lib/python3.12/site-packages/airflow/example_dags/example_complex.py for tasks to queue
[2026-01-27T23:43:11.370+0000] {logging_mixin.py:188} INFO - [2026-01-27T23:43:11.370+0000] {dagbag.py:540} INFO - Filling up the DagBag from /home/airflow/.local/lib/python3.12/site-packages/airflow/example_dags/example_complex.py
[2026-01-27T23:43:11.383+0000] {processor.py:840} INFO - DAG(s) 'example_complex' retrieved from /home/airflow/.local/lib/python3.12/site-packages/airflow/example_dags/example_complex.py
[2026-01-27T23:43:11.420+0000] {logging_mixin.py:188} INFO - [2026-01-27T23:43:11.420+0000] {dag.py:3096} INFO - Sync 1 DAGs
[2026-01-27T23:43:11.436+0000] {logging_mixin.py:188} INFO - [2026-01-27T23:43:11.436+0000] {dag.py:3954} INFO - Setting next_dagrun for example_complex to None, run_after=None
[2026-01-27T23:43:11.461+0000] {processor.py:183} INFO - Processing /home/airflow/.local/lib/python3.12/site-packages/airflow/example_dags/example_complex.py took 0.102 seconds
[2026-01-27T23:43:42.119+0000] {processor.py:161} INFO - Started process (PID=830) to work on /home/airflow/.local/lib/python3.12/site-packages/airflow/example_dags/example_complex.py
[2026-01-27T23:43:42.120+0000] {processor.py:830} INFO - Processing file /home/airflow/.local/lib/python3.12/site-packages/airflow/example_dags/example_complex.py for tasks to queue
[2026-01-27T23:43:42.123+0000] {logging_mixin.py:188} INFO - [2026-01-27T23:43:42.122+0000] {dagbag.py:540} INFO - Filling up the DagBag from /home/airflow/.local/lib/python3.12/site-packages/airflow/example_dags/example_complex.py
[2026-01-27T23:43:42.133+0000] {processor.py:840} INFO - DAG(s) 'example_complex' retrieved from /home/airflow/.local/lib/python3.12/site-packages/airflow/example_dags/example_complex.py
[2026-01-27T23:43:42.169+0000] {logging_mixin.py:188} INFO - [2026-01-27T23:43:42.169+0000] {dag.py:3096} INFO - Sync 1 DAGs
[2026-01-27T23:43:42.187+0000] {logging_mixin.py:188} INFO - [2026-01-27T23:43:42.186+0000] {dag.py:3954} INFO - Setting next_dagrun for example_complex to None, run_after=None
[2026-01-27T23:43:42.211+0000] {processor.py:183} INFO - Processing /home/airflow/.local/lib/python3.12/site-packages/airflow/example_dags/example_complex.py took 0.098 seconds
[2026-01-27T23:44:12.669+0000] {processor.py:161} INFO - Started process (PID=882) to work on /home/airflow/.local/lib/python3.12/site-packages/airflow/example_dags/example_complex.py
[2026-01-27T23:44:12.670+0000] {processor.py:830} INFO - Processing file /home/airflow/.local/lib/python3.12/site-packages/airflow/example_dags/example_complex.py for tasks to queue
[2026-01-27T23:44:12.672+0000] {logging_mixin.py:188} INFO - [2026-01-27T23:44:12.672+0000] {dagbag.py:540} INFO - Filling up the DagBag from /home/airflow/.local/lib/python3.12/site-packages/airflow/example_dags/example_complex.py
[2026-01-27T23:44:12.686+0000] {processor.py:840} INFO - DAG(s) 'example_complex' retrieved from /home/airflow/.local/lib/python3.12/site-packages/airflow/example_dags/example_complex.py
[2026-01-27T23:44:12.737+0000] {logging_mixin.py:188} INFO - [2026-01-27T23:44:12.737+0000] {dag.py:3096} INFO - Sync 1 DAGs
[2026-01-27T23:44:12.752+0000] {logging_mixin.py:188} INFO - [2026-01-27T23:44:12.752+0000] {dag.py:3954} INFO - Setting next_dagrun for example_complex to None, run_after=None
[2026-01-27T23:44:12.777+0000] {processor.py:183} INFO - Processing /home/airflow/.local/lib/python3.12/site-packages/airflow/example_dags/example_complex.py took 0.115 seconds
[2026-01-27T23:44:42.826+0000] {processor.py:161} INFO - Started process (PID=934) to work on /home/airflow/.local/lib/python3.12/site-packages/airflow/example_dags/example_complex.py
[2026-01-27T23:44:42.827+0000] {processor.py:830} INFO - Processing file /home/airflow/.local/lib/python3.12/site-packages/airflow/example_dags/example_complex.py for tasks to queue
[2026-01-27T23:44:42.829+0000] {logging_mixin.py:188} INFO - [2026-01-27T23:44:42.829+0000] {dagbag.py:540} INFO - Filling up the DagBag from /home/airflow/.local/lib/python3.12/site-packages/airflow/example_dags/example_complex.py
[2026-01-27T23:44:42.840+0000] {processor.py:840} INFO - DAG(s) 'example_complex' retrieved from /home/airflow/.local/lib/python3.12/site-packages/airflow/example_dags/example_complex.py
[2026-01-27T23:44:42.874+0000] {logging_mixin.py:188} INFO - [2026-01-27T23:44:42.874+0000] {dag.py:3096} INFO - Sync 1 DAGs
[2026-01-27T23:44:42.889+0000] {logging_mixin.py:188} INFO - [2026-01-27T23:44:42.889+0000] {dag.py:3954} INFO - Setting next_dagrun for example_complex to None, run_after=None
[2026-01-27T23:44:42.910+0000] {processor.py:183} INFO - Processing /home/airflow/.local/lib/python3.12/site-packages/airflow/example_dags/example_complex.py took 0.090 seconds
[2026-01-27T23:45:13.008+0000] {processor.py:161} INFO - Started process (PID=985) to work on /home/airflow/.local/lib/python3.12/site-packages/airflow/example_dags/example_complex.py
[2026-01-27T23:45:13.009+0000] {processor.py:830} INFO - Processing file /home/airflow/.local/lib/python3.12/site-packages/airflow/example_dags/example_complex.py for tasks to queue
[2026-01-27T23:45:13.012+0000] {logging_mixin.py:188} INFO - [2026-01-27T23:45:13.011+0000] {dagbag.py:540} INFO - Filling up the DagBag from /home/airflow/.local/lib/python3.12/site-packages/airflow/example_dags/example_complex.py
[2026-01-27T23:45:13.026+0000] {processor.py:840} INFO - DAG(s) 'example_complex' retrieved from /home/airflow/.local/lib/python3.12/site-packages/airflow/example_dags/example_complex.py
[2026-01-27T23:45:13.064+0000] {logging_mixin.py:188} INFO - [2026-01-27T23:45:13.064+0000] {dag.py:3096} INFO - Sync 1 DAGs
[2026-01-27T23:45:13.079+0000] {logging_mixin.py:188} INFO - [2026-01-27T23:45:13.079+0000] {dag.py:3954} INFO - Setting next_dagrun for example_complex to None, run_after=None
[2026-01-27T23:45:13.115+0000] {processor.py:183} INFO - Processing /home/airflow/.local/lib/python3.12/site-packages/airflow/example_dags/example_complex.py took 0.115 seconds
[2026-01-27T23:45:43.330+0000] {processor.py:161} INFO - Started process (PID=1037) to work on /home/airflow/.local/lib/python3.12/site-packages/airflow/example_dags/example_complex.py
[2026-01-27T23:45:43.331+0000] {processor.py:830} INFO - Processing file /home/airflow/.local/lib/python3.12/site-packages/airflow/example_dags/example_complex.py for tasks to queue
[2026-01-27T23:45:43.333+0000] {logging_mixin.py:188} INFO - [2026-01-27T23:45:43.333+0000] {dagbag.py:540} INFO - Filling up the DagBag from /home/airflow/.local/lib/python3.12/site-packages/airflow/example_dags/example_complex.py
[2026-01-27T23:45:43.342+0000] {processor.py:840} INFO - DAG(s) 'example_complex' retrieved from /home/airflow/.local/lib/python3.12/site-packages/airflow/example_dags/example_complex.py
[2026-01-27T23:45:43.370+0000] {logging_mixin.py:188} INFO - [2026-01-27T23:45:43.370+0000] {dag.py:3096} INFO - Sync 1 DAGs
[2026-01-27T23:45:43.381+0000] {logging_mixin.py:188} INFO - [2026-01-27T23:45:43.381+0000] {dag.py:3954} INFO - Setting next_dagrun for example_complex to None, run_after=None
[2026-01-27T23:45:43.410+0000] {processor.py:183} INFO - Processing /home/airflow/.local/lib/python3.12/site-packages/airflow/example_dags/example_complex.py took 0.085 seconds
[2026-01-27T23:46:13.478+0000] {processor.py:161} INFO - Started process (PID=1089) to work on /home/airflow/.local/lib/python3.12/site-packages/airflow/example_dags/example_complex.py
[2026-01-27T23:46:13.479+0000] {processor.py:830} INFO - Processing file /home/airflow/.local/lib/python3.12/site-packages/airflow/example_dags/example_complex.py for tasks to queue
[2026-01-27T23:46:13.481+0000] {logging_mixin.py:188} INFO - [2026-01-27T23:46:13.480+0000] {dagbag.py:540} INFO - Filling up the DagBag from /home/airflow/.local/lib/python3.12/site-packages/airflow/example_dags/example_complex.py
[2026-01-27T23:46:13.490+0000] {processor.py:840} INFO - DAG(s) 'example_complex' retrieved from /home/airflow/.local/lib/python3.12/site-packages/airflow/example_dags/example_complex.py
[2026-01-27T23:46:13.519+0000] {logging_mixin.py:188} INFO - [2026-01-27T23:46:13.519+0000] {dag.py:3096} INFO - Sync 1 DAGs
[2026-01-27T23:46:13.671+0000] {logging_mixin.py:188} INFO - [2026-01-27T23:46:13.671+0000] {dag.py:3954} INFO - Setting next_dagrun for example_complex to None, run_after=None
[2026-01-27T23:46:13.690+0000] {processor.py:183} INFO - Processing /home/airflow/.local/lib/python3.12/site-packages/airflow/example_dags/example_complex.py took 0.217 seconds
[2026-01-27T23:46:44.634+0000] {processor.py:161} INFO - Started process (PID=1141) to work on /home/airflow/.local/lib/python3.12/site-packages/airflow/example_dags/example_complex.py
[2026-01-27T23:46:44.635+0000] {processor.py:830} INFO - Processing file /home/airflow/.local/lib/python3.12/site-packages/airflow/example_dags/example_complex.py for tasks to queue
[2026-01-27T23:46:44.637+0000] {logging_mixin.py:188} INFO - [2026-01-27T23:46:44.637+0000] {dagbag.py:540} INFO - Filling up the DagBag from /home/airflow/.local/lib/python3.12/site-packages/airflow/example_dags/example_complex.py
[2026-01-27T23:46:44.646+0000] {processor.py:840} INFO - DAG(s) 'example_complex' retrieved from /home/airflow/.local/lib/python3.12/site-packages/airflow/example_dags/example_complex.py
[2026-01-27T23:46:44.674+0000] {logging_mixin.py:188} INFO - [2026-01-27T23:46:44.674+0000] {dag.py:3096} INFO - Sync 1 DAGs
[2026-01-27T23:46:44.687+0000] {logging_mixin.py:188} INFO - [2026-01-27T23:46:44.686+0000] {dag.py:3954} INFO - Setting next_dagrun for example_complex to None, run_after=None
[2026-01-27T23:46:44.708+0000] {processor.py:183} INFO - Processing /home/airflow/.local/lib/python3.12/site-packages/airflow/example_dags/example_complex.py took 0.079 seconds
[2026-01-27T23:47:15.010+0000] {processor.py:161} INFO - Started process (PID=1193) to work on /home/airflow/.local/lib/python3.12/site-packages/airflow/example_dags/example_complex.py
[2026-01-27T23:47:15.011+0000] {processor.py:830} INFO - Processing file /home/airflow/.local/lib/python3.12/site-packages/airflow/example_dags/example_complex.py for tasks to queue
[2026-01-27T23:47:15.014+0000] {logging_mixin.py:188} INFO - [2026-01-27T23:47:15.014+0000] {dagbag.py:540} INFO - Filling up the DagBag from /home/airflow/.local/lib/python3.12/site-packages/airflow/example_dags/example_complex.py
[2026-01-27T23:47:15.024+0000] {processor.py:840} INFO - DAG(s) 'example_complex' retrieved from /home/airflow/.local/lib/python3.12/site-packages/airflow/example_dags/example_complex.py
[2026-01-27T23:47:15.059+0000] {logging_mixin.py:188} INFO - [2026-01-27T23:47:15.059+0000] {dag.py:3096} INFO - Sync 1 DAGs
[2026-01-27T23:47:15.073+0000] {logging_mixin.py:188} INFO - [2026-01-27T23:47:15.073+0000] {dag.py:3954} INFO - Setting next_dagrun for example_complex to None, run_after=None
[2026-01-27T23:47:15.094+0000] {processor.py:183} INFO - Processing /home/airflow/.local/lib/python3.12/site-packages/airflow/example_dags/example_complex.py took 0.090 seconds
[2026-01-27T23:47:45.672+0000] {processor.py:161} INFO - Started process (PID=1245) to work on /home/airflow/.local/lib/python3.12/site-packages/airflow/example_dags/example_complex.py
[2026-01-27T23:47:45.674+0000] {processor.py:830} INFO - Processing file /home/airflow/.local/lib/python3.12/site-packages/airflow/example_dags/example_complex.py for tasks to queue
[2026-01-27T23:47:45.676+0000] {logging_mixin.py:188} INFO - [2026-01-27T23:47:45.675+0000] {dagbag.py:540} INFO - Filling up the DagBag from /home/airflow/.local/lib/python3.12/site-packages/airflow/example_dags/example_complex.py
[2026-01-27T23:47:45.840+0000] {processor.py:840} INFO - DAG(s) 'example_complex' retrieved from /home/airflow/.local/lib/python3.12/site-packages/airflow/example_dags/example_complex.py
[2026-01-27T23:47:45.867+0000] {logging_mixin.py:188} INFO - [2026-01-27T23:47:45.867+0000] {dag.py:3096} INFO - Sync 1 DAGs
[2026-01-27T23:47:45.877+0000] {logging_mixin.py:188} INFO - [2026-01-27T23:47:45.876+0000] {dag.py:3954} INFO - Setting next_dagrun for example_complex to None, run_after=None
[2026-01-27T23:47:45.896+0000] {processor.py:183} INFO - Processing /home/airflow/.local/lib/python3.12/site-packages/airflow/example_dags/example_complex.py took 0.229 seconds
[2026-01-27T23:48:16.179+0000] {processor.py:161} INFO - Started process (PID=1297) to work on /home/airflow/.local/lib/python3.12/site-packages/airflow/example_dags/example_complex.py
[2026-01-27T23:48:16.181+0000] {processor.py:830} INFO - Processing file /home/airflow/.local/lib/python3.12/site-packages/airflow/example_dags/example_complex.py for tasks to queue
[2026-01-27T23:48:16.183+0000] {logging_mixin.py:188} INFO - [2026-01-27T23:48:16.183+0000] {dagbag.py:540} INFO - Filling up the DagBag from /home/airflow/.local/lib/python3.12/site-packages/airflow/example_dags/example_complex.py
[2026-01-27T23:48:16.193+0000] {processor.py:840} INFO - DAG(s) 'example_complex' retrieved from /home/airflow/.local/lib/python3.12/site-packages/airflow/example_dags/example_complex.py
[2026-01-27T23:48:16.222+0000] {logging_mixin.py:188} INFO - [2026-01-27T23:48:16.222+0000] {dag.py:3096} INFO - Sync 1 DAGs
[2026-01-27T23:48:16.234+0000] {logging_mixin.py:188} INFO - [2026-01-27T23:48:16.234+0000] {dag.py:3954} INFO - Setting next_dagrun for example_complex to None, run_after=None
[2026-01-27T23:48:16.253+0000] {processor.py:183} INFO - Processing /home/airflow/.local/lib/python3.12/site-packages/airflow/example_dags/example_complex.py took 0.080 seconds
[2026-01-27T23:48:46.391+0000] {processor.py:161} INFO - Started process (PID=1349) to work on /home/airflow/.local/lib/python3.12/site-packages/airflow/example_dags/example_complex.py
[2026-01-27T23:48:46.392+0000] {processor.py:830} INFO - Processing file /home/airflow/.local/lib/python3.12/site-packages/airflow/example_dags/example_complex.py for tasks to queue
[2026-01-27T23:48:46.394+0000] {logging_mixin.py:188} INFO - [2026-01-27T23:48:46.393+0000] {dagbag.py:540} INFO - Filling up the DagBag from /home/airflow/.local/lib/python3.12/site-packages/airflow/example_dags/example_complex.py
[2026-01-27T23:48:46.402+0000] {processor.py:840} INFO - DAG(s) 'example_complex' retrieved from /home/airflow/.local/lib/python3.12/site-packages/airflow/example_dags/example_complex.py
[2026-01-27T23:48:46.436+0000] {logging_mixin.py:188} INFO - [2026-01-27T23:48:46.435+0000] {dag.py:3096} INFO - Sync 1 DAGs
[2026-01-27T23:48:46.454+0000] {logging_mixin.py:188} INFO - [2026-01-27T23:48:46.454+0000] {dag.py:3954} INFO - Setting next_dagrun for example_complex to None, run_after=None
[2026-01-27T23:48:46.476+0000] {processor.py:183} INFO - Processing /home/airflow/.local/lib/python3.12/site-packages/airflow/example_dags/example_complex.py took 0.091 seconds
[2026-01-27T23:49:17.214+0000] {processor.py:161} INFO - Started process (PID=1401) to work on /home/airflow/.local/lib/python3.12/site-packages/airflow/example_dags/example_complex.py
[2026-01-27T23:49:17.215+0000] {processor.py:830} INFO - Processing file /home/airflow/.local/lib/python3.12/site-packages/airflow/example_dags/example_complex.py for tasks to queue
[2026-01-27T23:49:17.217+0000] {logging_mixin.py:188} INFO - [2026-01-27T23:49:17.217+0000] {dagbag.py:540} INFO - Filling up the DagBag from /home/airflow/.local/lib/python3.12/site-packages/airflow/example_dags/example_complex.py
[2026-01-27T23:49:17.230+0000] {processor.py:840} INFO - DAG(s) 'example_complex' retrieved from /home/airflow/.local/lib/python3.12/site-packages/airflow/example_dags/example_complex.py
[2026-01-27T23:49:17.264+0000] {logging_mixin.py:188} INFO - [2026-01-27T23:49:17.263+0000] {dag.py:3096} INFO - Sync 1 DAGs
[2026-01-27T23:49:17.276+0000] {logging_mixin.py:188} INFO - [2026-01-27T23:49:17.276+0000] {dag.py:3954} INFO - Setting next_dagrun for example_complex to None, run_after=None
[2026-01-27T23:49:17.301+0000] {processor.py:183} INFO - Processing /home/airflow/.local/lib/python3.12/site-packages/airflow/example_dags/example_complex.py took 0.094 seconds
[2026-01-27T23:49:47.406+0000] {processor.py:161} INFO - Started process (PID=1453) to work on /home/airflow/.local/lib/python3.12/site-packages/airflow/example_dags/example_complex.py
[2026-01-27T23:49:47.407+0000] {processor.py:830} INFO - Processing file /home/airflow/.local/lib/python3.12/site-packages/airflow/example_dags/example_complex.py for tasks to queue
[2026-01-27T23:49:47.409+0000] {logging_mixin.py:188} INFO - [2026-01-27T23:49:47.409+0000] {dagbag.py:540} INFO - Filling up the DagBag from /home/airflow/.local/lib/python3.12/site-packages/airflow/example_dags/example_complex.py
[2026-01-27T23:49:47.419+0000] {processor.py:840} INFO - DAG(s) 'example_complex' retrieved from /home/airflow/.local/lib/python3.12/site-packages/airflow/example_dags/example_complex.py
[2026-01-27T23:49:47.452+0000] {logging_mixin.py:188} INFO - [2026-01-27T23:49:47.452+0000] {dag.py:3096} INFO - Sync 1 DAGs
[2026-01-27T23:49:47.466+0000] {logging_mixin.py:188} INFO - [2026-01-27T23:49:47.465+0000] {dag.py:3954} INFO - Setting next_dagrun for example_complex to None, run_after=None
[2026-01-27T23:49:47.487+0000] {processor.py:183} INFO - Processing /home/airflow/.local/lib/python3.12/site-packages/airflow/example_dags/example_complex.py took 0.087 seconds
[2026-01-27T23:50:18.206+0000] {processor.py:161} INFO - Started process (PID=1505) to work on /home/airflow/.local/lib/python3.12/site-packages/airflow/example_dags/example_complex.py
[2026-01-27T23:50:18.207+0000] {processor.py:830} INFO - Processing file /home/airflow/.local/lib/python3.12/site-packages/airflow/example_dags/example_complex.py for tasks to queue
[2026-01-27T23:50:18.209+0000] {logging_mixin.py:188} INFO - [2026-01-27T23:50:18.208+0000] {dagbag.py:540} INFO - Filling up the DagBag from /home/airflow/.local/lib/python3.12/site-packages/airflow/example_dags/example_complex.py
[2026-01-27T23:50:18.218+0000] {processor.py:840} INFO - DAG(s) 'example_complex' retrieved from /home/airflow/.local/lib/python3.12/site-packages/airflow/example_dags/example_complex.py
[2026-01-27T23:50:18.249+0000] {logging_mixin.py:188} INFO - [2026-01-27T23:50:18.248+0000] {dag.py:3096} INFO - Sync 1 DAGs
[2026-01-27T23:50:18.260+0000] {logging_mixin.py:188} INFO - [2026-01-27T23:50:18.260+0000] {dag.py:3954} INFO - Setting next_dagrun for example_complex to None, run_after=None
[2026-01-27T23:50:18.280+0000] {processor.py:183} INFO - Processing /home/airflow/.local/lib/python3.12/site-packages/airflow/example_dags/example_complex.py took 0.081 seconds
[2026-01-27T23:50:48.363+0000] {processor.py:161} INFO - Started process (PID=1557) to work on /home/airflow/.local/lib/python3.12/site-packages/airflow/example_dags/example_complex.py
[2026-01-27T23:50:48.364+0000] {processor.py:830} INFO - Processing file /home/airflow/.local/lib/python3.12/site-packages/airflow/example_dags/example_complex.py for tasks to queue
[2026-01-27T23:50:48.367+0000] {logging_mixin.py:188} INFO - [2026-01-27T23:50:48.367+0000] {dagbag.py:540} INFO - Filling up the DagBag from /home/airflow/.local/lib/python3.12/site-packages/airflow/example_dags/example_complex.py
[2026-01-27T23:50:48.381+0000] {processor.py:840} INFO - DAG(s) 'example_complex' retrieved from /home/airflow/.local/lib/python3.12/site-packages/airflow/example_dags/example_complex.py
[2026-01-27T23:50:48.411+0000] {logging_mixin.py:188} INFO - [2026-01-27T23:50:48.410+0000] {dag.py:3096} INFO - Sync 1 DAGs
[2026-01-27T23:50:48.423+0000] {logging_mixin.py:188} INFO - [2026-01-27T23:50:48.422+0000] {dag.py:3954} INFO - Setting next_dagrun for example_complex to None, run_after=None
[2026-01-27T23:50:48.443+0000] {processor.py:183} INFO - Processing /home/airflow/.local/lib/python3.12/site-packages/airflow/example_dags/example_complex.py took 0.089 seconds
[2026-01-27T23:51:18.787+0000] {processor.py:161} INFO - Started process (PID=1609) to work on /home/airflow/.local/lib/python3.12/site-packages/airflow/example_dags/example_complex.py
[2026-01-27T23:51:18.789+0000] {processor.py:830} INFO - Processing file /home/airflow/.local/lib/python3.12/site-packages/airflow/example_dags/example_complex.py for tasks to queue
[2026-01-27T23:51:18.792+0000] {logging_mixin.py:188} INFO - [2026-01-27T23:51:18.792+0000] {dagbag.py:540} INFO - Filling up the DagBag from /home/airflow/.local/lib/python3.12/site-packages/airflow/example_dags/example_complex.py
[2026-01-27T23:51:18.804+0000] {processor.py:840} INFO - DAG(s) 'example_complex' retrieved from /home/airflow/.local/lib/python3.12/site-packages/airflow/example_dags/example_complex.py
[2026-01-27T23:51:18.848+0000] {logging_mixin.py:188} INFO - [2026-01-27T23:51:18.847+0000] {dag.py:3096} INFO - Sync 1 DAGs
[2026-01-27T23:51:18.866+0000] {logging_mixin.py:188} INFO - [2026-01-27T23:51:18.865+0000] {dag.py:3954} INFO - Setting next_dagrun for example_complex to None, run_after=None
[2026-01-27T23:51:18.897+0000] {processor.py:183} INFO - Processing /home/airflow/.local/lib/python3.12/site-packages/airflow/example_dags/example_complex.py took 0.117 seconds
[2026-01-27T23:51:48.979+0000] {processor.py:161} INFO - Started process (PID=1661) to work on /home/airflow/.local/lib/python3.12/site-packages/airflow/example_dags/example_complex.py
[2026-01-27T23:51:48.980+0000] {processor.py:830} INFO - Processing file /home/airflow/.local/lib/python3.12/site-packages/airflow/example_dags/example_complex.py for tasks to queue
[2026-01-27T23:51:48.982+0000] {logging_mixin.py:188} INFO - [2026-01-27T23:51:48.981+0000] {dagbag.py:540} INFO - Filling up the DagBag from /home/airflow/.local/lib/python3.12/site-packages/airflow/example_dags/example_complex.py
[2026-01-27T23:51:48.990+0000] {processor.py:840} INFO - DAG(s) 'example_complex' retrieved from /home/airflow/.local/lib/python3.12/site-packages/airflow/example_dags/example_complex.py
[2026-01-27T23:51:49.021+0000] {logging_mixin.py:188} INFO - [2026-01-27T23:51:49.021+0000] {dag.py:3096} INFO - Sync 1 DAGs
[2026-01-27T23:51:49.033+0000] {logging_mixin.py:188} INFO - [2026-01-27T23:51:49.033+0000] {dag.py:3954} INFO - Setting next_dagrun for example_complex to None, run_after=None
[2026-01-27T23:51:49.054+0000] {processor.py:183} INFO - Processing /home/airflow/.local/lib/python3.12/site-packages/airflow/example_dags/example_complex.py took 0.080 seconds
[2026-01-27T23:52:19.435+0000] {processor.py:161} INFO - Started process (PID=1713) to work on /home/airflow/.local/lib/python3.12/site-packages/airflow/example_dags/example_complex.py
[2026-01-27T23:52:19.436+0000] {processor.py:830} INFO - Processing file /home/airflow/.local/lib/python3.12/site-packages/airflow/example_dags/example_complex.py for tasks to queue
[2026-01-27T23:52:19.438+0000] {logging_mixin.py:188} INFO - [2026-01-27T23:52:19.438+0000] {dagbag.py:540} INFO - Filling up the DagBag from /home/airflow/.local/lib/python3.12/site-packages/airflow/example_dags/example_complex.py
[2026-01-27T23:52:19.447+0000] {processor.py:840} INFO - DAG(s) 'example_complex' retrieved from /home/airflow/.local/lib/python3.12/site-packages/airflow/example_dags/example_complex.py
[2026-01-27T23:52:19.478+0000] {logging_mixin.py:188} INFO - [2026-01-27T23:52:19.478+0000] {dag.py:3096} INFO - Sync 1 DAGs
[2026-01-27T23:52:19.490+0000] {logging_mixin.py:188} INFO - [2026-01-27T23:52:19.490+0000] {dag.py:3954} INFO - Setting next_dagrun for example_complex to None, run_after=None
[2026-01-27T23:52:19.510+0000] {processor.py:183} INFO - Processing /home/airflow/.local/lib/python3.12/site-packages/airflow/example_dags/example_complex.py took 0.081 seconds
[2026-01-27T23:52:49.918+0000] {processor.py:161} INFO - Started process (PID=1765) to work on /home/airflow/.local/lib/python3.12/site-packages/airflow/example_dags/example_complex.py
[2026-01-27T23:52:49.920+0000] {processor.py:830} INFO - Processing file /home/airflow/.local/lib/python3.12/site-packages/airflow/example_dags/example_complex.py for tasks to queue
[2026-01-27T23:52:49.922+0000] {logging_mixin.py:188} INFO - [2026-01-27T23:52:49.921+0000] {dagbag.py:540} INFO - Filling up the DagBag from /home/airflow/.local/lib/python3.12/site-packages/airflow/example_dags/example_complex.py
[2026-01-27T23:52:49.930+0000] {processor.py:840} INFO - DAG(s) 'example_complex' retrieved from /home/airflow/.local/lib/python3.12/site-packages/airflow/example_dags/example_complex.py
[2026-01-27T23:52:49.963+0000] {logging_mixin.py:188} INFO - [2026-01-27T23:52:49.962+0000] {dag.py:3096} INFO - Sync 1 DAGs
[2026-01-27T23:52:49.976+0000] {logging_mixin.py:188} INFO - [2026-01-27T23:52:49.975+0000] {dag.py:3954} INFO - Setting next_dagrun for example_complex to None, run_after=None
[2026-01-27T23:52:49.998+0000] {processor.py:183} INFO - Processing /home/airflow/.local/lib/python3.12/site-packages/airflow/example_dags/example_complex.py took 0.085 seconds
[2026-01-27T23:53:20.035+0000] {processor.py:161} INFO - Started process (PID=1817) to work on /home/airflow/.local/lib/python3.12/site-packages/airflow/example_dags/example_complex.py
[2026-01-27T23:53:20.036+0000] {processor.py:830} INFO - Processing file /home/airflow/.local/lib/python3.12/site-packages/airflow/example_dags/example_complex.py for tasks to queue
[2026-01-27T23:53:20.038+0000] {logging_mixin.py:188} INFO - [2026-01-27T23:53:20.038+0000] {dagbag.py:540} INFO - Filling up the DagBag from /home/airflow/.local/lib/python3.12/site-packages/airflow/example_dags/example_complex.py
[2026-01-27T23:53:20.047+0000] {processor.py:840} INFO - DAG(s) 'example_complex' retrieved from /home/airflow/.local/lib/python3.12/site-packages/airflow/example_dags/example_complex.py
[2026-01-27T23:53:20.076+0000] {logging_mixin.py:188} INFO - [2026-01-27T23:53:20.075+0000] {dag.py:3096} INFO - Sync 1 DAGs
[2026-01-27T23:53:20.087+0000] {logging_mixin.py:188} INFO - [2026-01-27T23:53:20.087+0000] {dag.py:3954} INFO - Setting next_dagrun for example_complex to None, run_after=None
[2026-01-27T23:53:20.107+0000] {processor.py:183} INFO - Processing /home/airflow/.local/lib/python3.12/site-packages/airflow/example_dags/example_complex.py took 0.078 seconds
[2026-01-27T23:53:50.169+0000] {processor.py:161} INFO - Started process (PID=1869) to work on /home/airflow/.local/lib/python3.12/site-packages/airflow/example_dags/example_complex.py
[2026-01-27T23:53:50.171+0000] {processor.py:830} INFO - Processing file /home/airflow/.local/lib/python3.12/site-packages/airflow/example_dags/example_complex.py for tasks to queue
[2026-01-27T23:53:50.173+0000] {logging_mixin.py:188} INFO - [2026-01-27T23:53:50.173+0000] {dagbag.py:540} INFO - Filling up the DagBag from /home/airflow/.local/lib/python3.12/site-packages/airflow/example_dags/example_complex.py
[2026-01-27T23:53:50.185+0000] {processor.py:840} INFO - DAG(s) 'example_complex' retrieved from /home/airflow/.local/lib/python3.12/site-packages/airflow/example_dags/example_complex.py
[2026-01-27T23:53:50.223+0000] {logging_mixin.py:188} INFO - [2026-01-27T23:53:50.223+0000] {dag.py:3096} INFO - Sync 1 DAGs
[2026-01-27T23:53:50.238+0000] {logging_mixin.py:188} INFO - [2026-01-27T23:53:50.238+0000] {dag.py:3954} INFO - Setting next_dagrun for example_complex to None, run_after=None
[2026-01-27T23:53:50.261+0000] {processor.py:183} INFO - Processing /home/airflow/.local/lib/python3.12/site-packages/airflow/example_dags/example_complex.py took 0.099 seconds
[2026-01-27T23:54:20.563+0000] {processor.py:161} INFO - Started process (PID=1921) to work on /home/airflow/.local/lib/python3.12/site-packages/airflow/example_dags/example_complex.py
[2026-01-27T23:54:20.565+0000] {processor.py:830} INFO - Processing file /home/airflow/.local/lib/python3.12/site-packages/airflow/example_dags/example_complex.py for tasks to queue
[2026-01-27T23:54:20.567+0000] {logging_mixin.py:188} INFO - [2026-01-27T23:54:20.567+0000] {dagbag.py:540} INFO - Filling up the DagBag from /home/airflow/.local/lib/python3.12/site-packages/airflow/example_dags/example_complex.py
[2026-01-27T23:54:20.579+0000] {processor.py:840} INFO - DAG(s) 'example_complex' retrieved from /home/airflow/.local/lib/python3.12/site-packages/airflow/example_dags/example_complex.py
[2026-01-27T23:54:20.612+0000] {logging_mixin.py:188} INFO - [2026-01-27T23:54:20.612+0000] {dag.py:3096} INFO - Sync 1 DAGs
[2026-01-27T23:54:20.627+0000] {logging_mixin.py:188} INFO - [2026-01-27T23:54:20.627+0000] {dag.py:3954} INFO - Setting next_dagrun for example_complex to None, run_after=None
[2026-01-27T23:54:20.652+0000] {processor.py:183} INFO - Processing /home/airflow/.local/lib/python3.12/site-packages/airflow/example_dags/example_complex.py took 0.097 seconds
[2026-01-27T23:54:50.726+0000] {processor.py:161} INFO - Started process (PID=1971) to work on /home/airflow/.local/lib/python3.12/site-packages/airflow/example_dags/example_complex.py
[2026-01-27T23:54:50.727+0000] {processor.py:830} INFO - Processing file /home/airflow/.local/lib/python3.12/site-packages/airflow/example_dags/example_complex.py for tasks to queue
[2026-01-27T23:54:50.729+0000] {logging_mixin.py:188} INFO - [2026-01-27T23:54:50.729+0000] {dagbag.py:540} INFO - Filling up the DagBag from /home/airflow/.local/lib/python3.12/site-packages/airflow/example_dags/example_complex.py
[2026-01-27T23:54:50.738+0000] {processor.py:840} INFO - DAG(s) 'example_complex' retrieved from /home/airflow/.local/lib/python3.12/site-packages/airflow/example_dags/example_complex.py
[2026-01-27T23:54:50.769+0000] {logging_mixin.py:188} INFO - [2026-01-27T23:54:50.769+0000] {dag.py:3096} INFO - Sync 1 DAGs
[2026-01-27T23:54:50.782+0000] {logging_mixin.py:188} INFO - [2026-01-27T23:54:50.782+0000] {dag.py:3954} INFO - Setting next_dagrun for example_complex to None, run_after=None
[2026-01-27T23:54:50.804+0000] {processor.py:183} INFO - Processing /home/airflow/.local/lib/python3.12/site-packages/airflow/example_dags/example_complex.py took 0.083 seconds
[2026-01-27T23:55:21.300+0000] {processor.py:161} INFO - Started process (PID=2023) to work on /home/airflow/.local/lib/python3.12/site-packages/airflow/example_dags/example_complex.py
[2026-01-27T23:55:21.301+0000] {processor.py:830} INFO - Processing file /home/airflow/.local/lib/python3.12/site-packages/airflow/example_dags/example_complex.py for tasks to queue
[2026-01-27T23:55:21.303+0000] {logging_mixin.py:188} INFO - [2026-01-27T23:55:21.303+0000] {dagbag.py:540} INFO - Filling up the DagBag from /home/airflow/.local/lib/python3.12/site-packages/airflow/example_dags/example_complex.py
[2026-01-27T23:55:21.312+0000] {processor.py:840} INFO - DAG(s) 'example_complex' retrieved from /home/airflow/.local/lib/python3.12/site-packages/airflow/example_dags/example_complex.py
[2026-01-27T23:55:21.342+0000] {logging_mixin.py:188} INFO - [2026-01-27T23:55:21.341+0000] {dag.py:3096} INFO - Sync 1 DAGs
[2026-01-27T23:55:21.353+0000] {logging_mixin.py:188} INFO - [2026-01-27T23:55:21.352+0000] {dag.py:3954} INFO - Setting next_dagrun for example_complex to None, run_after=None
[2026-01-27T23:55:21.373+0000] {processor.py:183} INFO - Processing /home/airflow/.local/lib/python3.12/site-packages/airflow/example_dags/example_complex.py took 0.078 seconds
[2026-01-27T23:55:52.270+0000] {processor.py:161} INFO - Started process (PID=2075) to work on /home/airflow/.local/lib/python3.12/site-packages/airflow/example_dags/example_complex.py
[2026-01-27T23:55:52.271+0000] {processor.py:830} INFO - Processing file /home/airflow/.local/lib/python3.12/site-packages/airflow/example_dags/example_complex.py for tasks to queue
[2026-01-27T23:55:52.273+0000] {logging_mixin.py:188} INFO - [2026-01-27T23:55:52.273+0000] {dagbag.py:540} INFO - Filling up the DagBag from /home/airflow/.local/lib/python3.12/site-packages/airflow/example_dags/example_complex.py
[2026-01-27T23:55:52.284+0000] {processor.py:840} INFO - DAG(s) 'example_complex' retrieved from /home/airflow/.local/lib/python3.12/site-packages/airflow/example_dags/example_complex.py
[2026-01-27T23:55:52.316+0000] {logging_mixin.py:188} INFO - [2026-01-27T23:55:52.316+0000] {dag.py:3096} INFO - Sync 1 DAGs
[2026-01-27T23:55:52.331+0000] {logging_mixin.py:188} INFO - [2026-01-27T23:55:52.331+0000] {dag.py:3954} INFO - Setting next_dagrun for example_complex to None, run_after=None
[2026-01-27T23:55:52.356+0000] {processor.py:183} INFO - Processing /home/airflow/.local/lib/python3.12/site-packages/airflow/example_dags/example_complex.py took 0.093 seconds
[2026-01-27T23:56:22.660+0000] {processor.py:161} INFO - Started process (PID=2127) to work on /home/airflow/.local/lib/python3.12/site-packages/airflow/example_dags/example_complex.py
[2026-01-27T23:56:22.662+0000] {processor.py:830} INFO - Processing file /home/airflow/.local/lib/python3.12/site-packages/airflow/example_dags/example_complex.py for tasks to queue
[2026-01-27T23:56:22.664+0000] {logging_mixin.py:188} INFO - [2026-01-27T23:56:22.664+0000] {dagbag.py:540} INFO - Filling up the DagBag from /home/airflow/.local/lib/python3.12/site-packages/airflow/example_dags/example_complex.py
[2026-01-27T23:56:22.679+0000] {processor.py:840} INFO - DAG(s) 'example_complex' retrieved from /home/airflow/.local/lib/python3.12/site-packages/airflow/example_dags/example_complex.py
[2026-01-27T23:56:22.725+0000] {logging_mixin.py:188} INFO - [2026-01-27T23:56:22.725+0000] {dag.py:3096} INFO - Sync 1 DAGs
[2026-01-27T23:56:22.745+0000] {logging_mixin.py:188} INFO - [2026-01-27T23:56:22.745+0000] {dag.py:3954} INFO - Setting next_dagrun for example_complex to None, run_after=None
[2026-01-27T23:56:22.772+0000] {processor.py:183} INFO - Processing /home/airflow/.local/lib/python3.12/site-packages/airflow/example_dags/example_complex.py took 0.119 seconds
[2026-01-27T23:56:52.988+0000] {processor.py:161} INFO - Started process (PID=2179) to work on /home/airflow/.local/lib/python3.12/site-packages/airflow/example_dags/example_complex.py
[2026-01-27T23:56:52.989+0000] {processor.py:830} INFO - Processing file /home/airflow/.local/lib/python3.12/site-packages/airflow/example_dags/example_complex.py for tasks to queue
[2026-01-27T23:56:52.991+0000] {logging_mixin.py:188} INFO - [2026-01-27T23:56:52.991+0000] {dagbag.py:540} INFO - Filling up the DagBag from /home/airflow/.local/lib/python3.12/site-packages/airflow/example_dags/example_complex.py
[2026-01-27T23:56:53.000+0000] {processor.py:840} INFO - DAG(s) 'example_complex' retrieved from /home/airflow/.local/lib/python3.12/site-packages/airflow/example_dags/example_complex.py
[2026-01-27T23:56:53.029+0000] {logging_mixin.py:188} INFO - [2026-01-27T23:56:53.029+0000] {dag.py:3096} INFO - Sync 1 DAGs
[2026-01-27T23:56:53.041+0000] {logging_mixin.py:188} INFO - [2026-01-27T23:56:53.040+0000] {dag.py:3954} INFO - Setting next_dagrun for example_complex to None, run_after=None
[2026-01-27T23:56:53.060+0000] {processor.py:183} INFO - Processing /home/airflow/.local/lib/python3.12/site-packages/airflow/example_dags/example_complex.py took 0.077 seconds
[2026-01-27T23:57:23.814+0000] {processor.py:161} INFO - Started process (PID=2231) to work on /home/airflow/.local/lib/python3.12/site-packages/airflow/example_dags/example_complex.py
[2026-01-27T23:57:23.816+0000] {processor.py:830} INFO - Processing file /home/airflow/.local/lib/python3.12/site-packages/airflow/example_dags/example_complex.py for tasks to queue
[2026-01-27T23:57:23.818+0000] {logging_mixin.py:188} INFO - [2026-01-27T23:57:23.817+0000] {dagbag.py:540} INFO - Filling up the DagBag from /home/airflow/.local/lib/python3.12/site-packages/airflow/example_dags/example_complex.py
[2026-01-27T23:57:23.827+0000] {processor.py:840} INFO - DAG(s) 'example_complex' retrieved from /home/airflow/.local/lib/python3.12/site-packages/airflow/example_dags/example_complex.py
[2026-01-27T23:57:23.859+0000] {logging_mixin.py:188} INFO - [2026-01-27T23:57:23.858+0000] {dag.py:3096} INFO - Sync 1 DAGs
[2026-01-27T23:57:23.875+0000] {logging_mixin.py:188} INFO - [2026-01-27T23:57:23.875+0000] {dag.py:3954} INFO - Setting next_dagrun for example_complex to None, run_after=None
[2026-01-27T23:57:23.896+0000] {processor.py:183} INFO - Processing /home/airflow/.local/lib/python3.12/site-packages/airflow/example_dags/example_complex.py took 0.089 seconds
[2026-01-27T23:57:54.755+0000] {processor.py:161} INFO - Started process (PID=2283) to work on /home/airflow/.local/lib/python3.12/site-packages/airflow/example_dags/example_complex.py
[2026-01-27T23:57:54.756+0000] {processor.py:830} INFO - Processing file /home/airflow/.local/lib/python3.12/site-packages/airflow/example_dags/example_complex.py for tasks to queue
[2026-01-27T23:57:54.758+0000] {logging_mixin.py:188} INFO - [2026-01-27T23:57:54.758+0000] {dagbag.py:540} INFO - Filling up the DagBag from /home/airflow/.local/lib/python3.12/site-packages/airflow/example_dags/example_complex.py
[2026-01-27T23:57:54.768+0000] {processor.py:840} INFO - DAG(s) 'example_complex' retrieved from /home/airflow/.local/lib/python3.12/site-packages/airflow/example_dags/example_complex.py
[2026-01-27T23:57:54.798+0000] {logging_mixin.py:188} INFO - [2026-01-27T23:57:54.798+0000] {dag.py:3096} INFO - Sync 1 DAGs
[2026-01-27T23:57:54.812+0000] {logging_mixin.py:188} INFO - [2026-01-27T23:57:54.811+0000] {dag.py:3954} INFO - Setting next_dagrun for example_complex to None, run_after=None
[2026-01-27T23:57:54.833+0000] {processor.py:183} INFO - Processing /home/airflow/.local/lib/python3.12/site-packages/airflow/example_dags/example_complex.py took 0.084 seconds
[2026-01-27T23:58:25.030+0000] {processor.py:161} INFO - Started process (PID=2335) to work on /home/airflow/.local/lib/python3.12/site-packages/airflow/example_dags/example_complex.py
[2026-01-27T23:58:25.031+0000] {processor.py:830} INFO - Processing file /home/airflow/.local/lib/python3.12/site-packages/airflow/example_dags/example_complex.py for tasks to queue
[2026-01-27T23:58:25.033+0000] {logging_mixin.py:188} INFO - [2026-01-27T23:58:25.033+0000] {dagbag.py:540} INFO - Filling up the DagBag from /home/airflow/.local/lib/python3.12/site-packages/airflow/example_dags/example_complex.py
[2026-01-27T23:58:25.044+0000] {processor.py:840} INFO - DAG(s) 'example_complex' retrieved from /home/airflow/.local/lib/python3.12/site-packages/airflow/example_dags/example_complex.py
[2026-01-27T23:58:25.084+0000] {logging_mixin.py:188} INFO - [2026-01-27T23:58:25.083+0000] {dag.py:3096} INFO - Sync 1 DAGs
[2026-01-27T23:58:25.103+0000] {logging_mixin.py:188} INFO - [2026-01-27T23:58:25.102+0000] {dag.py:3954} INFO - Setting next_dagrun for example_complex to None, run_after=None
[2026-01-27T23:58:25.133+0000] {processor.py:183} INFO - Processing /home/airflow/.local/lib/python3.12/site-packages/airflow/example_dags/example_complex.py took 0.114 seconds
[2026-01-27T23:58:55.681+0000] {processor.py:161} INFO - Started process (PID=2387) to work on /home/airflow/.local/lib/python3.12/site-packages/airflow/example_dags/example_complex.py
[2026-01-27T23:58:55.682+0000] {processor.py:830} INFO - Processing file /home/airflow/.local/lib/python3.12/site-packages/airflow/example_dags/example_complex.py for tasks to queue
[2026-01-27T23:58:55.684+0000] {logging_mixin.py:188} INFO - [2026-01-27T23:58:55.683+0000] {dagbag.py:540} INFO - Filling up the DagBag from /home/airflow/.local/lib/python3.12/site-packages/airflow/example_dags/example_complex.py
[2026-01-27T23:58:55.695+0000] {processor.py:840} INFO - DAG(s) 'example_complex' retrieved from /home/airflow/.local/lib/python3.12/site-packages/airflow/example_dags/example_complex.py
[2026-01-27T23:58:55.724+0000] {logging_mixin.py:188} INFO - [2026-01-27T23:58:55.724+0000] {dag.py:3096} INFO - Sync 1 DAGs
[2026-01-27T23:58:55.736+0000] {logging_mixin.py:188} INFO - [2026-01-27T23:58:55.736+0000] {dag.py:3954} INFO - Setting next_dagrun for example_complex to None, run_after=None
[2026-01-27T23:58:55.760+0000] {processor.py:183} INFO - Processing /home/airflow/.local/lib/python3.12/site-packages/airflow/example_dags/example_complex.py took 0.085 seconds
[2026-01-27T23:59:26.400+0000] {processor.py:161} INFO - Started process (PID=2439) to work on /home/airflow/.local/lib/python3.12/site-packages/airflow/example_dags/example_complex.py
[2026-01-27T23:59:26.401+0000] {processor.py:830} INFO - Processing file /home/airflow/.local/lib/python3.12/site-packages/airflow/example_dags/example_complex.py for tasks to queue
[2026-01-27T23:59:26.403+0000] {logging_mixin.py:188} INFO - [2026-01-27T23:59:26.402+0000] {dagbag.py:540} INFO - Filling up the DagBag from /home/airflow/.local/lib/python3.12/site-packages/airflow/example_dags/example_complex.py
[2026-01-27T23:59:26.412+0000] {processor.py:840} INFO - DAG(s) 'example_complex' retrieved from /home/airflow/.local/lib/python3.12/site-packages/airflow/example_dags/example_complex.py
[2026-01-27T23:59:26.441+0000] {logging_mixin.py:188} INFO - [2026-01-27T23:59:26.441+0000] {dag.py:3096} INFO - Sync 1 DAGs
[2026-01-27T23:59:26.453+0000] {logging_mixin.py:188} INFO - [2026-01-27T23:59:26.453+0000] {dag.py:3954} INFO - Setting next_dagrun for example_complex to None, run_after=None
[2026-01-27T23:59:26.474+0000] {processor.py:183} INFO - Processing /home/airflow/.local/lib/python3.12/site-packages/airflow/example_dags/example_complex.py took 0.082 seconds
[2026-01-27T23:59:57.015+0000] {processor.py:161} INFO - Started process (PID=2491) to work on /home/airflow/.local/lib/python3.12/site-packages/airflow/example_dags/example_complex.py
[2026-01-27T23:59:57.016+0000] {processor.py:830} INFO - Processing file /home/airflow/.local/lib/python3.12/site-packages/airflow/example_dags/example_complex.py for tasks to queue
[2026-01-27T23:59:57.019+0000] {logging_mixin.py:188} INFO - [2026-01-27T23:59:57.018+0000] {dagbag.py:540} INFO - Filling up the DagBag from /home/airflow/.local/lib/python3.12/site-packages/airflow/example_dags/example_complex.py
[2026-01-27T23:59:57.027+0000] {processor.py:840} INFO - DAG(s) 'example_complex' retrieved from /home/airflow/.local/lib/python3.12/site-packages/airflow/example_dags/example_complex.py
[2026-01-27T23:59:57.065+0000] {logging_mixin.py:188} INFO - [2026-01-27T23:59:57.064+0000] {dag.py:3096} INFO - Sync 1 DAGs
[2026-01-27T23:59:57.082+0000] {logging_mixin.py:188} INFO - [2026-01-27T23:59:57.082+0000] {dag.py:3954} INFO - Setting next_dagrun for example_complex to None, run_after=None
[2026-01-27T23:59:57.119+0000] {processor.py:183} INFO - Processing /home/airflow/.local/lib/python3.12/site-packages/airflow/example_dags/example_complex.py took 0.109 seconds
