[2026-01-27 23:27:06,923] {scheduler_job.py:182} INFO - Started process (PID=46) to work on /home/airflow/.local/lib/python3.6/site-packages/airflow/example_dags/example_branch_python_dop_operator_3.py
[2026-01-27 23:27:06,928] {scheduler_job.py:629} INFO - Processing file /home/airflow/.local/lib/python3.6/site-packages/airflow/example_dags/example_branch_python_dop_operator_3.py for tasks to queue
[2026-01-27 23:27:06,931] {logging_mixin.py:104} INFO - [2026-01-27 23:27:06,930] {dagbag.py:448} INFO - Filling up the DagBag from /home/airflow/.local/lib/python3.6/site-packages/airflow/example_dags/example_branch_python_dop_operator_3.py
[2026-01-27 23:27:06,999] {scheduler_job.py:639} INFO - DAG(s) dict_keys(['example_branch_dop_operator_v3']) retrieved from /home/airflow/.local/lib/python3.6/site-packages/airflow/example_dags/example_branch_python_dop_operator_3.py
[2026-01-27 23:27:07,244] {logging_mixin.py:104} INFO - [2026-01-27 23:27:07,244] {dag.py:1818} INFO - Sync 1 DAGs
[2026-01-27 23:27:07,311] {logging_mixin.py:104} INFO - [2026-01-27 23:27:07,310] {dag.py:1837} INFO - Creating ORM DAG for example_branch_dop_operator_v3
[2026-01-27 23:27:07,365] {logging_mixin.py:104} INFO - [2026-01-27 23:27:07,365] {dag.py:2273} INFO - Setting next_dagrun for example_branch_dop_operator_v3 to 2026-01-25 00:00:00+00:00
[2026-01-27 23:27:07,481] {scheduler_job.py:190} INFO - Processing /home/airflow/.local/lib/python3.6/site-packages/airflow/example_dags/example_branch_python_dop_operator_3.py took 0.563 seconds
[2026-01-27 23:27:38,107] {scheduler_job.py:182} INFO - Started process (PID=73) to work on /home/airflow/.local/lib/python3.6/site-packages/airflow/example_dags/example_branch_python_dop_operator_3.py
[2026-01-27 23:27:38,110] {scheduler_job.py:629} INFO - Processing file /home/airflow/.local/lib/python3.6/site-packages/airflow/example_dags/example_branch_python_dop_operator_3.py for tasks to queue
[2026-01-27 23:27:38,112] {logging_mixin.py:104} INFO - [2026-01-27 23:27:38,112] {dagbag.py:448} INFO - Filling up the DagBag from /home/airflow/.local/lib/python3.6/site-packages/airflow/example_dags/example_branch_python_dop_operator_3.py
[2026-01-27 23:27:38,144] {scheduler_job.py:639} INFO - DAG(s) dict_keys(['example_branch_dop_operator_v3']) retrieved from /home/airflow/.local/lib/python3.6/site-packages/airflow/example_dags/example_branch_python_dop_operator_3.py
[2026-01-27 23:27:38,185] {logging_mixin.py:104} INFO - [2026-01-27 23:27:38,185] {dag.py:1818} INFO - Sync 1 DAGs
[2026-01-27 23:27:38,253] {logging_mixin.py:104} INFO - [2026-01-27 23:27:38,253] {dag.py:2273} INFO - Setting next_dagrun for example_branch_dop_operator_v3 to 2026-01-25 00:00:00+00:00
[2026-01-27 23:27:38,279] {scheduler_job.py:190} INFO - Processing /home/airflow/.local/lib/python3.6/site-packages/airflow/example_dags/example_branch_python_dop_operator_3.py took 0.178 seconds
[2026-01-27 23:28:08,906] {scheduler_job.py:182} INFO - Started process (PID=99) to work on /home/airflow/.local/lib/python3.6/site-packages/airflow/example_dags/example_branch_python_dop_operator_3.py
[2026-01-27 23:28:08,908] {scheduler_job.py:629} INFO - Processing file /home/airflow/.local/lib/python3.6/site-packages/airflow/example_dags/example_branch_python_dop_operator_3.py for tasks to queue
[2026-01-27 23:28:08,909] {logging_mixin.py:104} INFO - [2026-01-27 23:28:08,909] {dagbag.py:448} INFO - Filling up the DagBag from /home/airflow/.local/lib/python3.6/site-packages/airflow/example_dags/example_branch_python_dop_operator_3.py
[2026-01-27 23:28:08,935] {scheduler_job.py:639} INFO - DAG(s) dict_keys(['example_branch_dop_operator_v3']) retrieved from /home/airflow/.local/lib/python3.6/site-packages/airflow/example_dags/example_branch_python_dop_operator_3.py
[2026-01-27 23:28:08,970] {logging_mixin.py:104} INFO - [2026-01-27 23:28:08,970] {dag.py:1818} INFO - Sync 1 DAGs
[2026-01-27 23:28:09,004] {logging_mixin.py:104} INFO - [2026-01-27 23:28:09,004] {dag.py:2273} INFO - Setting next_dagrun for example_branch_dop_operator_v3 to 2026-01-25 00:00:00+00:00
[2026-01-27 23:28:09,019] {scheduler_job.py:190} INFO - Processing /home/airflow/.local/lib/python3.6/site-packages/airflow/example_dags/example_branch_python_dop_operator_3.py took 0.118 seconds
[2026-01-27 23:28:39,619] {scheduler_job.py:182} INFO - Started process (PID=125) to work on /home/airflow/.local/lib/python3.6/site-packages/airflow/example_dags/example_branch_python_dop_operator_3.py
[2026-01-27 23:28:39,621] {scheduler_job.py:629} INFO - Processing file /home/airflow/.local/lib/python3.6/site-packages/airflow/example_dags/example_branch_python_dop_operator_3.py for tasks to queue
[2026-01-27 23:28:39,622] {logging_mixin.py:104} INFO - [2026-01-27 23:28:39,622] {dagbag.py:448} INFO - Filling up the DagBag from /home/airflow/.local/lib/python3.6/site-packages/airflow/example_dags/example_branch_python_dop_operator_3.py
[2026-01-27 23:28:39,639] {scheduler_job.py:639} INFO - DAG(s) dict_keys(['example_branch_dop_operator_v3']) retrieved from /home/airflow/.local/lib/python3.6/site-packages/airflow/example_dags/example_branch_python_dop_operator_3.py
[2026-01-27 23:28:39,663] {logging_mixin.py:104} INFO - [2026-01-27 23:28:39,663] {dag.py:1818} INFO - Sync 1 DAGs
[2026-01-27 23:28:39,690] {logging_mixin.py:104} INFO - [2026-01-27 23:28:39,690] {dag.py:2273} INFO - Setting next_dagrun for example_branch_dop_operator_v3 to 2026-01-25 00:00:00+00:00
[2026-01-27 23:28:39,700] {scheduler_job.py:190} INFO - Processing /home/airflow/.local/lib/python3.6/site-packages/airflow/example_dags/example_branch_python_dop_operator_3.py took 0.085 seconds
[2026-01-27 23:29:09,969] {scheduler_job.py:182} INFO - Started process (PID=151) to work on /home/airflow/.local/lib/python3.6/site-packages/airflow/example_dags/example_branch_python_dop_operator_3.py
[2026-01-27 23:29:09,970] {scheduler_job.py:629} INFO - Processing file /home/airflow/.local/lib/python3.6/site-packages/airflow/example_dags/example_branch_python_dop_operator_3.py for tasks to queue
[2026-01-27 23:29:09,971] {logging_mixin.py:104} INFO - [2026-01-27 23:29:09,971] {dagbag.py:448} INFO - Filling up the DagBag from /home/airflow/.local/lib/python3.6/site-packages/airflow/example_dags/example_branch_python_dop_operator_3.py
[2026-01-27 23:29:09,988] {scheduler_job.py:639} INFO - DAG(s) dict_keys(['example_branch_dop_operator_v3']) retrieved from /home/airflow/.local/lib/python3.6/site-packages/airflow/example_dags/example_branch_python_dop_operator_3.py
[2026-01-27 23:29:10,010] {logging_mixin.py:104} INFO - [2026-01-27 23:29:10,010] {dag.py:1818} INFO - Sync 1 DAGs
[2026-01-27 23:29:10,035] {logging_mixin.py:104} INFO - [2026-01-27 23:29:10,035] {dag.py:2273} INFO - Setting next_dagrun for example_branch_dop_operator_v3 to 2026-01-25 00:00:00+00:00
[2026-01-27 23:29:10,044] {scheduler_job.py:190} INFO - Processing /home/airflow/.local/lib/python3.6/site-packages/airflow/example_dags/example_branch_python_dop_operator_3.py took 0.079 seconds
[2026-01-27 23:29:40,274] {scheduler_job.py:182} INFO - Started process (PID=177) to work on /home/airflow/.local/lib/python3.6/site-packages/airflow/example_dags/example_branch_python_dop_operator_3.py
[2026-01-27 23:29:40,278] {scheduler_job.py:629} INFO - Processing file /home/airflow/.local/lib/python3.6/site-packages/airflow/example_dags/example_branch_python_dop_operator_3.py for tasks to queue
[2026-01-27 23:29:40,279] {logging_mixin.py:104} INFO - [2026-01-27 23:29:40,279] {dagbag.py:448} INFO - Filling up the DagBag from /home/airflow/.local/lib/python3.6/site-packages/airflow/example_dags/example_branch_python_dop_operator_3.py
[2026-01-27 23:29:40,297] {scheduler_job.py:639} INFO - DAG(s) dict_keys(['example_branch_dop_operator_v3']) retrieved from /home/airflow/.local/lib/python3.6/site-packages/airflow/example_dags/example_branch_python_dop_operator_3.py
[2026-01-27 23:29:40,325] {logging_mixin.py:104} INFO - [2026-01-27 23:29:40,324] {dag.py:1818} INFO - Sync 1 DAGs
[2026-01-27 23:29:40,355] {logging_mixin.py:104} INFO - [2026-01-27 23:29:40,355] {dag.py:2273} INFO - Setting next_dagrun for example_branch_dop_operator_v3 to 2026-01-25 00:00:00+00:00
[2026-01-27 23:29:40,368] {scheduler_job.py:190} INFO - Processing /home/airflow/.local/lib/python3.6/site-packages/airflow/example_dags/example_branch_python_dop_operator_3.py took 0.098 seconds
[2026-01-27 23:30:10,496] {scheduler_job.py:182} INFO - Started process (PID=203) to work on /home/airflow/.local/lib/python3.6/site-packages/airflow/example_dags/example_branch_python_dop_operator_3.py
[2026-01-27 23:30:10,497] {scheduler_job.py:629} INFO - Processing file /home/airflow/.local/lib/python3.6/site-packages/airflow/example_dags/example_branch_python_dop_operator_3.py for tasks to queue
[2026-01-27 23:30:10,498] {logging_mixin.py:104} INFO - [2026-01-27 23:30:10,498] {dagbag.py:448} INFO - Filling up the DagBag from /home/airflow/.local/lib/python3.6/site-packages/airflow/example_dags/example_branch_python_dop_operator_3.py
[2026-01-27 23:30:10,514] {scheduler_job.py:639} INFO - DAG(s) dict_keys(['example_branch_dop_operator_v3']) retrieved from /home/airflow/.local/lib/python3.6/site-packages/airflow/example_dags/example_branch_python_dop_operator_3.py
[2026-01-27 23:30:10,537] {logging_mixin.py:104} INFO - [2026-01-27 23:30:10,537] {dag.py:1818} INFO - Sync 1 DAGs
[2026-01-27 23:30:10,569] {logging_mixin.py:104} INFO - [2026-01-27 23:30:10,569] {dag.py:2273} INFO - Setting next_dagrun for example_branch_dop_operator_v3 to 2026-01-25 00:00:00+00:00
[2026-01-27 23:30:10,586] {scheduler_job.py:190} INFO - Processing /home/airflow/.local/lib/python3.6/site-packages/airflow/example_dags/example_branch_python_dop_operator_3.py took 0.093 seconds
[2026-01-27 23:30:40,901] {scheduler_job.py:182} INFO - Started process (PID=229) to work on /home/airflow/.local/lib/python3.6/site-packages/airflow/example_dags/example_branch_python_dop_operator_3.py
[2026-01-27 23:30:40,902] {scheduler_job.py:629} INFO - Processing file /home/airflow/.local/lib/python3.6/site-packages/airflow/example_dags/example_branch_python_dop_operator_3.py for tasks to queue
[2026-01-27 23:30:40,903] {logging_mixin.py:104} INFO - [2026-01-27 23:30:40,903] {dagbag.py:448} INFO - Filling up the DagBag from /home/airflow/.local/lib/python3.6/site-packages/airflow/example_dags/example_branch_python_dop_operator_3.py
[2026-01-27 23:30:40,913] {scheduler_job.py:639} INFO - DAG(s) dict_keys(['example_branch_dop_operator_v3']) retrieved from /home/airflow/.local/lib/python3.6/site-packages/airflow/example_dags/example_branch_python_dop_operator_3.py
[2026-01-27 23:30:40,934] {logging_mixin.py:104} INFO - [2026-01-27 23:30:40,934] {dag.py:1818} INFO - Sync 1 DAGs
[2026-01-27 23:30:40,955] {logging_mixin.py:104} INFO - [2026-01-27 23:30:40,955] {dag.py:2273} INFO - Setting next_dagrun for example_branch_dop_operator_v3 to 2026-01-25 00:00:00+00:00
[2026-01-27 23:30:40,964] {scheduler_job.py:190} INFO - Processing /home/airflow/.local/lib/python3.6/site-packages/airflow/example_dags/example_branch_python_dop_operator_3.py took 0.066 seconds
[2026-01-27 23:31:11,413] {scheduler_job.py:182} INFO - Started process (PID=255) to work on /home/airflow/.local/lib/python3.6/site-packages/airflow/example_dags/example_branch_python_dop_operator_3.py
[2026-01-27 23:31:11,415] {scheduler_job.py:629} INFO - Processing file /home/airflow/.local/lib/python3.6/site-packages/airflow/example_dags/example_branch_python_dop_operator_3.py for tasks to queue
[2026-01-27 23:31:11,416] {logging_mixin.py:104} INFO - [2026-01-27 23:31:11,416] {dagbag.py:448} INFO - Filling up the DagBag from /home/airflow/.local/lib/python3.6/site-packages/airflow/example_dags/example_branch_python_dop_operator_3.py
[2026-01-27 23:31:11,429] {scheduler_job.py:639} INFO - DAG(s) dict_keys(['example_branch_dop_operator_v3']) retrieved from /home/airflow/.local/lib/python3.6/site-packages/airflow/example_dags/example_branch_python_dop_operator_3.py
[2026-01-27 23:31:11,448] {logging_mixin.py:104} INFO - [2026-01-27 23:31:11,448] {dag.py:1818} INFO - Sync 1 DAGs
[2026-01-27 23:31:11,472] {logging_mixin.py:104} INFO - [2026-01-27 23:31:11,472] {dag.py:2273} INFO - Setting next_dagrun for example_branch_dop_operator_v3 to 2026-01-25 00:00:00+00:00
[2026-01-27 23:31:11,484] {scheduler_job.py:190} INFO - Processing /home/airflow/.local/lib/python3.6/site-packages/airflow/example_dags/example_branch_python_dop_operator_3.py took 0.074 seconds
[2026-01-27T23:36:01.772+0000] {processor.py:161} INFO - Started process (PID=48) to work on /home/airflow/.local/lib/python3.12/site-packages/airflow/example_dags/example_branch_python_dop_operator_3.py
[2026-01-27T23:36:01.779+0000] {processor.py:830} INFO - Processing file /home/airflow/.local/lib/python3.12/site-packages/airflow/example_dags/example_branch_python_dop_operator_3.py for tasks to queue
[2026-01-27T23:36:01.787+0000] {logging_mixin.py:188} INFO - [2026-01-27T23:36:01.785+0000] {dagbag.py:540} INFO - Filling up the DagBag from /home/airflow/.local/lib/python3.12/site-packages/airflow/example_dags/example_branch_python_dop_operator_3.py
[2026-01-27T23:36:01.863+0000] {processor.py:840} INFO - DAG(s) 'example_branch_dop_operator_v3' retrieved from /home/airflow/.local/lib/python3.12/site-packages/airflow/example_dags/example_branch_python_dop_operator_3.py
[2026-01-27T23:36:02.466+0000] {logging_mixin.py:188} INFO - [2026-01-27T23:36:02.466+0000] {dag.py:3096} INFO - Sync 1 DAGs
[2026-01-27T23:36:02.624+0000] {logging_mixin.py:188} INFO - [2026-01-27T23:36:02.623+0000] {dag.py:3954} INFO - Setting next_dagrun for example_branch_dop_operator_v3 to 2026-01-27 23:35:00+00:00, run_after=2026-01-27 23:36:00+00:00
[2026-01-27T23:36:02.707+0000] {processor.py:183} INFO - Processing /home/airflow/.local/lib/python3.12/site-packages/airflow/example_dags/example_branch_python_dop_operator_3.py took 0.957 seconds
[2026-01-27T23:36:33.593+0000] {processor.py:161} INFO - Started process (PID=100) to work on /home/airflow/.local/lib/python3.12/site-packages/airflow/example_dags/example_branch_python_dop_operator_3.py
[2026-01-27T23:36:33.595+0000] {processor.py:830} INFO - Processing file /home/airflow/.local/lib/python3.12/site-packages/airflow/example_dags/example_branch_python_dop_operator_3.py for tasks to queue
[2026-01-27T23:36:33.599+0000] {logging_mixin.py:188} INFO - [2026-01-27T23:36:33.599+0000] {dagbag.py:540} INFO - Filling up the DagBag from /home/airflow/.local/lib/python3.12/site-packages/airflow/example_dags/example_branch_python_dop_operator_3.py
[2026-01-27T23:36:33.617+0000] {processor.py:840} INFO - DAG(s) 'example_branch_dop_operator_v3' retrieved from /home/airflow/.local/lib/python3.12/site-packages/airflow/example_dags/example_branch_python_dop_operator_3.py
[2026-01-27T23:36:33.660+0000] {logging_mixin.py:188} INFO - [2026-01-27T23:36:33.659+0000] {dag.py:3096} INFO - Sync 1 DAGs
[2026-01-27T23:36:33.731+0000] {logging_mixin.py:188} INFO - [2026-01-27T23:36:33.730+0000] {dag.py:3954} INFO - Setting next_dagrun for example_branch_dop_operator_v3 to 2026-01-27 23:35:00+00:00, run_after=2026-01-27 23:36:00+00:00
[2026-01-27T23:36:33.773+0000] {processor.py:183} INFO - Processing /home/airflow/.local/lib/python3.12/site-packages/airflow/example_dags/example_branch_python_dop_operator_3.py took 0.191 seconds
[2026-01-27T23:37:03.979+0000] {processor.py:161} INFO - Started process (PID=152) to work on /home/airflow/.local/lib/python3.12/site-packages/airflow/example_dags/example_branch_python_dop_operator_3.py
[2026-01-27T23:37:03.980+0000] {processor.py:830} INFO - Processing file /home/airflow/.local/lib/python3.12/site-packages/airflow/example_dags/example_branch_python_dop_operator_3.py for tasks to queue
[2026-01-27T23:37:03.982+0000] {logging_mixin.py:188} INFO - [2026-01-27T23:37:03.982+0000] {dagbag.py:540} INFO - Filling up the DagBag from /home/airflow/.local/lib/python3.12/site-packages/airflow/example_dags/example_branch_python_dop_operator_3.py
[2026-01-27T23:37:03.992+0000] {processor.py:840} INFO - DAG(s) 'example_branch_dop_operator_v3' retrieved from /home/airflow/.local/lib/python3.12/site-packages/airflow/example_dags/example_branch_python_dop_operator_3.py
[2026-01-27T23:37:04.021+0000] {logging_mixin.py:188} INFO - [2026-01-27T23:37:04.020+0000] {dag.py:3096} INFO - Sync 1 DAGs
[2026-01-27T23:37:04.049+0000] {logging_mixin.py:188} INFO - [2026-01-27T23:37:04.049+0000] {dag.py:3954} INFO - Setting next_dagrun for example_branch_dop_operator_v3 to 2026-01-27 23:36:00+00:00, run_after=2026-01-27 23:37:00+00:00
[2026-01-27T23:37:04.070+0000] {processor.py:183} INFO - Processing /home/airflow/.local/lib/python3.12/site-packages/airflow/example_dags/example_branch_python_dop_operator_3.py took 0.098 seconds
[2026-01-27T23:37:34.612+0000] {processor.py:161} INFO - Started process (PID=204) to work on /home/airflow/.local/lib/python3.12/site-packages/airflow/example_dags/example_branch_python_dop_operator_3.py
[2026-01-27T23:37:34.614+0000] {processor.py:830} INFO - Processing file /home/airflow/.local/lib/python3.12/site-packages/airflow/example_dags/example_branch_python_dop_operator_3.py for tasks to queue
[2026-01-27T23:37:34.616+0000] {logging_mixin.py:188} INFO - [2026-01-27T23:37:34.615+0000] {dagbag.py:540} INFO - Filling up the DagBag from /home/airflow/.local/lib/python3.12/site-packages/airflow/example_dags/example_branch_python_dop_operator_3.py
[2026-01-27T23:37:34.624+0000] {processor.py:840} INFO - DAG(s) 'example_branch_dop_operator_v3' retrieved from /home/airflow/.local/lib/python3.12/site-packages/airflow/example_dags/example_branch_python_dop_operator_3.py
[2026-01-27T23:37:34.644+0000] {logging_mixin.py:188} INFO - [2026-01-27T23:37:34.643+0000] {dag.py:3096} INFO - Sync 1 DAGs
[2026-01-27T23:37:34.665+0000] {logging_mixin.py:188} INFO - [2026-01-27T23:37:34.665+0000] {dag.py:3954} INFO - Setting next_dagrun for example_branch_dop_operator_v3 to 2026-01-27 23:36:00+00:00, run_after=2026-01-27 23:37:00+00:00
[2026-01-27T23:37:34.686+0000] {processor.py:183} INFO - Processing /home/airflow/.local/lib/python3.12/site-packages/airflow/example_dags/example_branch_python_dop_operator_3.py took 0.079 seconds
[2026-01-27T23:38:04.998+0000] {processor.py:161} INFO - Started process (PID=256) to work on /home/airflow/.local/lib/python3.12/site-packages/airflow/example_dags/example_branch_python_dop_operator_3.py
[2026-01-27T23:38:04.999+0000] {processor.py:830} INFO - Processing file /home/airflow/.local/lib/python3.12/site-packages/airflow/example_dags/example_branch_python_dop_operator_3.py for tasks to queue
[2026-01-27T23:38:05.001+0000] {logging_mixin.py:188} INFO - [2026-01-27T23:38:05.001+0000] {dagbag.py:540} INFO - Filling up the DagBag from /home/airflow/.local/lib/python3.12/site-packages/airflow/example_dags/example_branch_python_dop_operator_3.py
[2026-01-27T23:38:05.008+0000] {processor.py:840} INFO - DAG(s) 'example_branch_dop_operator_v3' retrieved from /home/airflow/.local/lib/python3.12/site-packages/airflow/example_dags/example_branch_python_dop_operator_3.py
[2026-01-27T23:38:05.028+0000] {logging_mixin.py:188} INFO - [2026-01-27T23:38:05.028+0000] {dag.py:3096} INFO - Sync 1 DAGs
[2026-01-27T23:38:05.054+0000] {logging_mixin.py:188} INFO - [2026-01-27T23:38:05.054+0000] {dag.py:3954} INFO - Setting next_dagrun for example_branch_dop_operator_v3 to 2026-01-27 23:37:00+00:00, run_after=2026-01-27 23:38:00+00:00
[2026-01-27T23:38:05.075+0000] {processor.py:183} INFO - Processing /home/airflow/.local/lib/python3.12/site-packages/airflow/example_dags/example_branch_python_dop_operator_3.py took 0.083 seconds
[2026-01-27T23:38:35.227+0000] {processor.py:161} INFO - Started process (PID=308) to work on /home/airflow/.local/lib/python3.12/site-packages/airflow/example_dags/example_branch_python_dop_operator_3.py
[2026-01-27T23:38:35.228+0000] {processor.py:830} INFO - Processing file /home/airflow/.local/lib/python3.12/site-packages/airflow/example_dags/example_branch_python_dop_operator_3.py for tasks to queue
[2026-01-27T23:38:35.230+0000] {logging_mixin.py:188} INFO - [2026-01-27T23:38:35.230+0000] {dagbag.py:540} INFO - Filling up the DagBag from /home/airflow/.local/lib/python3.12/site-packages/airflow/example_dags/example_branch_python_dop_operator_3.py
[2026-01-27T23:38:35.240+0000] {processor.py:840} INFO - DAG(s) 'example_branch_dop_operator_v3' retrieved from /home/airflow/.local/lib/python3.12/site-packages/airflow/example_dags/example_branch_python_dop_operator_3.py
[2026-01-27T23:38:35.262+0000] {logging_mixin.py:188} INFO - [2026-01-27T23:38:35.261+0000] {dag.py:3096} INFO - Sync 1 DAGs
[2026-01-27T23:38:35.288+0000] {logging_mixin.py:188} INFO - [2026-01-27T23:38:35.287+0000] {dag.py:3954} INFO - Setting next_dagrun for example_branch_dop_operator_v3 to 2026-01-27 23:37:00+00:00, run_after=2026-01-27 23:38:00+00:00
[2026-01-27T23:38:35.311+0000] {processor.py:183} INFO - Processing /home/airflow/.local/lib/python3.12/site-packages/airflow/example_dags/example_branch_python_dop_operator_3.py took 0.091 seconds
[2026-01-27T23:39:06.005+0000] {processor.py:161} INFO - Started process (PID=360) to work on /home/airflow/.local/lib/python3.12/site-packages/airflow/example_dags/example_branch_python_dop_operator_3.py
[2026-01-27T23:39:06.008+0000] {processor.py:830} INFO - Processing file /home/airflow/.local/lib/python3.12/site-packages/airflow/example_dags/example_branch_python_dop_operator_3.py for tasks to queue
[2026-01-27T23:39:06.012+0000] {logging_mixin.py:188} INFO - [2026-01-27T23:39:06.011+0000] {dagbag.py:540} INFO - Filling up the DagBag from /home/airflow/.local/lib/python3.12/site-packages/airflow/example_dags/example_branch_python_dop_operator_3.py
[2026-01-27T23:39:06.032+0000] {processor.py:840} INFO - DAG(s) 'example_branch_dop_operator_v3' retrieved from /home/airflow/.local/lib/python3.12/site-packages/airflow/example_dags/example_branch_python_dop_operator_3.py
[2026-01-27T23:39:06.080+0000] {logging_mixin.py:188} INFO - [2026-01-27T23:39:06.079+0000] {dag.py:3096} INFO - Sync 1 DAGs
[2026-01-27T23:39:06.157+0000] {logging_mixin.py:188} INFO - [2026-01-27T23:39:06.157+0000] {dag.py:3954} INFO - Setting next_dagrun for example_branch_dop_operator_v3 to 2026-01-27 23:38:00+00:00, run_after=2026-01-27 23:39:00+00:00
[2026-01-27T23:39:06.212+0000] {processor.py:183} INFO - Processing /home/airflow/.local/lib/python3.12/site-packages/airflow/example_dags/example_branch_python_dop_operator_3.py took 0.221 seconds
[2026-01-27T23:39:36.302+0000] {processor.py:161} INFO - Started process (PID=412) to work on /home/airflow/.local/lib/python3.12/site-packages/airflow/example_dags/example_branch_python_dop_operator_3.py
[2026-01-27T23:39:36.304+0000] {processor.py:830} INFO - Processing file /home/airflow/.local/lib/python3.12/site-packages/airflow/example_dags/example_branch_python_dop_operator_3.py for tasks to queue
[2026-01-27T23:39:36.307+0000] {logging_mixin.py:188} INFO - [2026-01-27T23:39:36.306+0000] {dagbag.py:540} INFO - Filling up the DagBag from /home/airflow/.local/lib/python3.12/site-packages/airflow/example_dags/example_branch_python_dop_operator_3.py
[2026-01-27T23:39:36.320+0000] {processor.py:840} INFO - DAG(s) 'example_branch_dop_operator_v3' retrieved from /home/airflow/.local/lib/python3.12/site-packages/airflow/example_dags/example_branch_python_dop_operator_3.py
[2026-01-27T23:39:36.351+0000] {logging_mixin.py:188} INFO - [2026-01-27T23:39:36.351+0000] {dag.py:3096} INFO - Sync 1 DAGs
[2026-01-27T23:39:36.385+0000] {logging_mixin.py:188} INFO - [2026-01-27T23:39:36.384+0000] {dag.py:3954} INFO - Setting next_dagrun for example_branch_dop_operator_v3 to 2026-01-27 23:38:00+00:00, run_after=2026-01-27 23:39:00+00:00
[2026-01-27T23:39:36.413+0000] {processor.py:183} INFO - Processing /home/airflow/.local/lib/python3.12/site-packages/airflow/example_dags/example_branch_python_dop_operator_3.py took 0.117 seconds
[2026-01-27T23:40:06.916+0000] {processor.py:161} INFO - Started process (PID=464) to work on /home/airflow/.local/lib/python3.12/site-packages/airflow/example_dags/example_branch_python_dop_operator_3.py
[2026-01-27T23:40:06.917+0000] {processor.py:830} INFO - Processing file /home/airflow/.local/lib/python3.12/site-packages/airflow/example_dags/example_branch_python_dop_operator_3.py for tasks to queue
[2026-01-27T23:40:06.920+0000] {logging_mixin.py:188} INFO - [2026-01-27T23:40:06.920+0000] {dagbag.py:540} INFO - Filling up the DagBag from /home/airflow/.local/lib/python3.12/site-packages/airflow/example_dags/example_branch_python_dop_operator_3.py
[2026-01-27T23:40:06.931+0000] {processor.py:840} INFO - DAG(s) 'example_branch_dop_operator_v3' retrieved from /home/airflow/.local/lib/python3.12/site-packages/airflow/example_dags/example_branch_python_dop_operator_3.py
[2026-01-27T23:40:06.958+0000] {logging_mixin.py:188} INFO - [2026-01-27T23:40:06.958+0000] {dag.py:3096} INFO - Sync 1 DAGs
[2026-01-27T23:40:06.988+0000] {logging_mixin.py:188} INFO - [2026-01-27T23:40:06.988+0000] {dag.py:3954} INFO - Setting next_dagrun for example_branch_dop_operator_v3 to 2026-01-27 23:39:00+00:00, run_after=2026-01-27 23:40:00+00:00
[2026-01-27T23:40:07.016+0000] {processor.py:183} INFO - Processing /home/airflow/.local/lib/python3.12/site-packages/airflow/example_dags/example_branch_python_dop_operator_3.py took 0.107 seconds
[2026-01-27T23:40:37.180+0000] {processor.py:161} INFO - Started process (PID=516) to work on /home/airflow/.local/lib/python3.12/site-packages/airflow/example_dags/example_branch_python_dop_operator_3.py
[2026-01-27T23:40:37.182+0000] {processor.py:830} INFO - Processing file /home/airflow/.local/lib/python3.12/site-packages/airflow/example_dags/example_branch_python_dop_operator_3.py for tasks to queue
[2026-01-27T23:40:37.184+0000] {logging_mixin.py:188} INFO - [2026-01-27T23:40:37.184+0000] {dagbag.py:540} INFO - Filling up the DagBag from /home/airflow/.local/lib/python3.12/site-packages/airflow/example_dags/example_branch_python_dop_operator_3.py
[2026-01-27T23:40:37.194+0000] {processor.py:840} INFO - DAG(s) 'example_branch_dop_operator_v3' retrieved from /home/airflow/.local/lib/python3.12/site-packages/airflow/example_dags/example_branch_python_dop_operator_3.py
[2026-01-27T23:40:37.219+0000] {logging_mixin.py:188} INFO - [2026-01-27T23:40:37.218+0000] {dag.py:3096} INFO - Sync 1 DAGs
[2026-01-27T23:40:37.249+0000] {logging_mixin.py:188} INFO - [2026-01-27T23:40:37.249+0000] {dag.py:3954} INFO - Setting next_dagrun for example_branch_dop_operator_v3 to 2026-01-27 23:39:00+00:00, run_after=2026-01-27 23:40:00+00:00
[2026-01-27T23:40:37.272+0000] {processor.py:183} INFO - Processing /home/airflow/.local/lib/python3.12/site-packages/airflow/example_dags/example_branch_python_dop_operator_3.py took 0.097 seconds
[2026-01-27T23:41:07.606+0000] {processor.py:161} INFO - Started process (PID=568) to work on /home/airflow/.local/lib/python3.12/site-packages/airflow/example_dags/example_branch_python_dop_operator_3.py
[2026-01-27T23:41:07.608+0000] {processor.py:830} INFO - Processing file /home/airflow/.local/lib/python3.12/site-packages/airflow/example_dags/example_branch_python_dop_operator_3.py for tasks to queue
[2026-01-27T23:41:07.611+0000] {logging_mixin.py:188} INFO - [2026-01-27T23:41:07.611+0000] {dagbag.py:540} INFO - Filling up the DagBag from /home/airflow/.local/lib/python3.12/site-packages/airflow/example_dags/example_branch_python_dop_operator_3.py
[2026-01-27T23:41:07.625+0000] {processor.py:840} INFO - DAG(s) 'example_branch_dop_operator_v3' retrieved from /home/airflow/.local/lib/python3.12/site-packages/airflow/example_dags/example_branch_python_dop_operator_3.py
[2026-01-27T23:41:07.652+0000] {logging_mixin.py:188} INFO - [2026-01-27T23:41:07.651+0000] {dag.py:3096} INFO - Sync 1 DAGs
[2026-01-27T23:41:07.690+0000] {logging_mixin.py:188} INFO - [2026-01-27T23:41:07.690+0000] {dag.py:3954} INFO - Setting next_dagrun for example_branch_dop_operator_v3 to 2026-01-27 23:40:00+00:00, run_after=2026-01-27 23:41:00+00:00
[2026-01-27T23:41:07.720+0000] {processor.py:183} INFO - Processing /home/airflow/.local/lib/python3.12/site-packages/airflow/example_dags/example_branch_python_dop_operator_3.py took 0.125 seconds
[2026-01-27T23:41:37.768+0000] {processor.py:161} INFO - Started process (PID=620) to work on /home/airflow/.local/lib/python3.12/site-packages/airflow/example_dags/example_branch_python_dop_operator_3.py
[2026-01-27T23:41:37.769+0000] {processor.py:830} INFO - Processing file /home/airflow/.local/lib/python3.12/site-packages/airflow/example_dags/example_branch_python_dop_operator_3.py for tasks to queue
[2026-01-27T23:41:37.772+0000] {logging_mixin.py:188} INFO - [2026-01-27T23:41:37.771+0000] {dagbag.py:540} INFO - Filling up the DagBag from /home/airflow/.local/lib/python3.12/site-packages/airflow/example_dags/example_branch_python_dop_operator_3.py
[2026-01-27T23:41:37.782+0000] {processor.py:840} INFO - DAG(s) 'example_branch_dop_operator_v3' retrieved from /home/airflow/.local/lib/python3.12/site-packages/airflow/example_dags/example_branch_python_dop_operator_3.py
[2026-01-27T23:41:37.808+0000] {logging_mixin.py:188} INFO - [2026-01-27T23:41:37.808+0000] {dag.py:3096} INFO - Sync 1 DAGs
[2026-01-27T23:41:37.839+0000] {logging_mixin.py:188} INFO - [2026-01-27T23:41:37.839+0000] {dag.py:3954} INFO - Setting next_dagrun for example_branch_dop_operator_v3 to 2026-01-27 23:40:00+00:00, run_after=2026-01-27 23:41:00+00:00
[2026-01-27T23:41:37.864+0000] {processor.py:183} INFO - Processing /home/airflow/.local/lib/python3.12/site-packages/airflow/example_dags/example_branch_python_dop_operator_3.py took 0.103 seconds
[2026-01-27T23:42:07.949+0000] {processor.py:161} INFO - Started process (PID=672) to work on /home/airflow/.local/lib/python3.12/site-packages/airflow/example_dags/example_branch_python_dop_operator_3.py
[2026-01-27T23:42:07.950+0000] {processor.py:830} INFO - Processing file /home/airflow/.local/lib/python3.12/site-packages/airflow/example_dags/example_branch_python_dop_operator_3.py for tasks to queue
[2026-01-27T23:42:07.953+0000] {logging_mixin.py:188} INFO - [2026-01-27T23:42:07.953+0000] {dagbag.py:540} INFO - Filling up the DagBag from /home/airflow/.local/lib/python3.12/site-packages/airflow/example_dags/example_branch_python_dop_operator_3.py
[2026-01-27T23:42:07.964+0000] {processor.py:840} INFO - DAG(s) 'example_branch_dop_operator_v3' retrieved from /home/airflow/.local/lib/python3.12/site-packages/airflow/example_dags/example_branch_python_dop_operator_3.py
[2026-01-27T23:42:07.989+0000] {logging_mixin.py:188} INFO - [2026-01-27T23:42:07.989+0000] {dag.py:3096} INFO - Sync 1 DAGs
[2026-01-27T23:42:08.016+0000] {logging_mixin.py:188} INFO - [2026-01-27T23:42:08.016+0000] {dag.py:3954} INFO - Setting next_dagrun for example_branch_dop_operator_v3 to 2026-01-27 23:41:00+00:00, run_after=2026-01-27 23:42:00+00:00
[2026-01-27T23:42:08.053+0000] {processor.py:183} INFO - Processing /home/airflow/.local/lib/python3.12/site-packages/airflow/example_dags/example_branch_python_dop_operator_3.py took 0.113 seconds
[2026-01-27T23:42:38.872+0000] {processor.py:161} INFO - Started process (PID=724) to work on /home/airflow/.local/lib/python3.12/site-packages/airflow/example_dags/example_branch_python_dop_operator_3.py
[2026-01-27T23:42:38.874+0000] {processor.py:830} INFO - Processing file /home/airflow/.local/lib/python3.12/site-packages/airflow/example_dags/example_branch_python_dop_operator_3.py for tasks to queue
[2026-01-27T23:42:38.876+0000] {logging_mixin.py:188} INFO - [2026-01-27T23:42:38.876+0000] {dagbag.py:540} INFO - Filling up the DagBag from /home/airflow/.local/lib/python3.12/site-packages/airflow/example_dags/example_branch_python_dop_operator_3.py
[2026-01-27T23:42:38.888+0000] {processor.py:840} INFO - DAG(s) 'example_branch_dop_operator_v3' retrieved from /home/airflow/.local/lib/python3.12/site-packages/airflow/example_dags/example_branch_python_dop_operator_3.py
[2026-01-27T23:42:38.919+0000] {logging_mixin.py:188} INFO - [2026-01-27T23:42:38.918+0000] {dag.py:3096} INFO - Sync 1 DAGs
[2026-01-27T23:42:38.958+0000] {logging_mixin.py:188} INFO - [2026-01-27T23:42:38.957+0000] {dag.py:3954} INFO - Setting next_dagrun for example_branch_dop_operator_v3 to 2026-01-27 23:41:00+00:00, run_after=2026-01-27 23:42:00+00:00
[2026-01-27T23:42:39.001+0000] {processor.py:183} INFO - Processing /home/airflow/.local/lib/python3.12/site-packages/airflow/example_dags/example_branch_python_dop_operator_3.py took 0.138 seconds
[2026-01-27T23:43:09.089+0000] {processor.py:161} INFO - Started process (PID=775) to work on /home/airflow/.local/lib/python3.12/site-packages/airflow/example_dags/example_branch_python_dop_operator_3.py
[2026-01-27T23:43:09.090+0000] {processor.py:830} INFO - Processing file /home/airflow/.local/lib/python3.12/site-packages/airflow/example_dags/example_branch_python_dop_operator_3.py for tasks to queue
[2026-01-27T23:43:09.093+0000] {logging_mixin.py:188} INFO - [2026-01-27T23:43:09.093+0000] {dagbag.py:540} INFO - Filling up the DagBag from /home/airflow/.local/lib/python3.12/site-packages/airflow/example_dags/example_branch_python_dop_operator_3.py
[2026-01-27T23:43:09.104+0000] {processor.py:840} INFO - DAG(s) 'example_branch_dop_operator_v3' retrieved from /home/airflow/.local/lib/python3.12/site-packages/airflow/example_dags/example_branch_python_dop_operator_3.py
[2026-01-27T23:43:09.130+0000] {logging_mixin.py:188} INFO - [2026-01-27T23:43:09.130+0000] {dag.py:3096} INFO - Sync 1 DAGs
[2026-01-27T23:43:09.159+0000] {logging_mixin.py:188} INFO - [2026-01-27T23:43:09.159+0000] {dag.py:3954} INFO - Setting next_dagrun for example_branch_dop_operator_v3 to 2026-01-27 23:42:00+00:00, run_after=2026-01-27 23:43:00+00:00
[2026-01-27T23:43:09.195+0000] {processor.py:183} INFO - Processing /home/airflow/.local/lib/python3.12/site-packages/airflow/example_dags/example_branch_python_dop_operator_3.py took 0.113 seconds
[2026-01-27T23:43:39.959+0000] {processor.py:161} INFO - Started process (PID=827) to work on /home/airflow/.local/lib/python3.12/site-packages/airflow/example_dags/example_branch_python_dop_operator_3.py
[2026-01-27T23:43:39.962+0000] {processor.py:830} INFO - Processing file /home/airflow/.local/lib/python3.12/site-packages/airflow/example_dags/example_branch_python_dop_operator_3.py for tasks to queue
[2026-01-27T23:43:39.964+0000] {logging_mixin.py:188} INFO - [2026-01-27T23:43:39.964+0000] {dagbag.py:540} INFO - Filling up the DagBag from /home/airflow/.local/lib/python3.12/site-packages/airflow/example_dags/example_branch_python_dop_operator_3.py
[2026-01-27T23:43:39.977+0000] {processor.py:840} INFO - DAG(s) 'example_branch_dop_operator_v3' retrieved from /home/airflow/.local/lib/python3.12/site-packages/airflow/example_dags/example_branch_python_dop_operator_3.py
[2026-01-27T23:43:40.002+0000] {logging_mixin.py:188} INFO - [2026-01-27T23:43:40.002+0000] {dag.py:3096} INFO - Sync 1 DAGs
[2026-01-27T23:43:40.030+0000] {logging_mixin.py:188} INFO - [2026-01-27T23:43:40.030+0000] {dag.py:3954} INFO - Setting next_dagrun for example_branch_dop_operator_v3 to 2026-01-27 23:42:00+00:00, run_after=2026-01-27 23:43:00+00:00
[2026-01-27T23:43:40.053+0000] {processor.py:183} INFO - Processing /home/airflow/.local/lib/python3.12/site-packages/airflow/example_dags/example_branch_python_dop_operator_3.py took 0.103 seconds
[2026-01-27T23:44:10.512+0000] {processor.py:161} INFO - Started process (PID=879) to work on /home/airflow/.local/lib/python3.12/site-packages/airflow/example_dags/example_branch_python_dop_operator_3.py
[2026-01-27T23:44:10.514+0000] {processor.py:830} INFO - Processing file /home/airflow/.local/lib/python3.12/site-packages/airflow/example_dags/example_branch_python_dop_operator_3.py for tasks to queue
[2026-01-27T23:44:10.517+0000] {logging_mixin.py:188} INFO - [2026-01-27T23:44:10.516+0000] {dagbag.py:540} INFO - Filling up the DagBag from /home/airflow/.local/lib/python3.12/site-packages/airflow/example_dags/example_branch_python_dop_operator_3.py
[2026-01-27T23:44:10.526+0000] {processor.py:840} INFO - DAG(s) 'example_branch_dop_operator_v3' retrieved from /home/airflow/.local/lib/python3.12/site-packages/airflow/example_dags/example_branch_python_dop_operator_3.py
[2026-01-27T23:44:10.549+0000] {logging_mixin.py:188} INFO - [2026-01-27T23:44:10.548+0000] {dag.py:3096} INFO - Sync 1 DAGs
[2026-01-27T23:44:10.577+0000] {logging_mixin.py:188} INFO - [2026-01-27T23:44:10.577+0000] {dag.py:3954} INFO - Setting next_dagrun for example_branch_dop_operator_v3 to 2026-01-27 23:43:00+00:00, run_after=2026-01-27 23:44:00+00:00
[2026-01-27T23:44:10.599+0000] {processor.py:183} INFO - Processing /home/airflow/.local/lib/python3.12/site-packages/airflow/example_dags/example_branch_python_dop_operator_3.py took 0.095 seconds
[2026-01-27T23:44:40.712+0000] {processor.py:161} INFO - Started process (PID=931) to work on /home/airflow/.local/lib/python3.12/site-packages/airflow/example_dags/example_branch_python_dop_operator_3.py
[2026-01-27T23:44:40.713+0000] {processor.py:830} INFO - Processing file /home/airflow/.local/lib/python3.12/site-packages/airflow/example_dags/example_branch_python_dop_operator_3.py for tasks to queue
[2026-01-27T23:44:40.715+0000] {logging_mixin.py:188} INFO - [2026-01-27T23:44:40.715+0000] {dagbag.py:540} INFO - Filling up the DagBag from /home/airflow/.local/lib/python3.12/site-packages/airflow/example_dags/example_branch_python_dop_operator_3.py
[2026-01-27T23:44:40.724+0000] {processor.py:840} INFO - DAG(s) 'example_branch_dop_operator_v3' retrieved from /home/airflow/.local/lib/python3.12/site-packages/airflow/example_dags/example_branch_python_dop_operator_3.py
[2026-01-27T23:44:40.744+0000] {logging_mixin.py:188} INFO - [2026-01-27T23:44:40.744+0000] {dag.py:3096} INFO - Sync 1 DAGs
[2026-01-27T23:44:40.766+0000] {logging_mixin.py:188} INFO - [2026-01-27T23:44:40.766+0000] {dag.py:3954} INFO - Setting next_dagrun for example_branch_dop_operator_v3 to 2026-01-27 23:43:00+00:00, run_after=2026-01-27 23:44:00+00:00
[2026-01-27T23:44:40.785+0000] {processor.py:183} INFO - Processing /home/airflow/.local/lib/python3.12/site-packages/airflow/example_dags/example_branch_python_dop_operator_3.py took 0.079 seconds
[2026-01-27T23:45:10.969+0000] {processor.py:161} INFO - Started process (PID=983) to work on /home/airflow/.local/lib/python3.12/site-packages/airflow/example_dags/example_branch_python_dop_operator_3.py
[2026-01-27T23:45:10.970+0000] {processor.py:830} INFO - Processing file /home/airflow/.local/lib/python3.12/site-packages/airflow/example_dags/example_branch_python_dop_operator_3.py for tasks to queue
[2026-01-27T23:45:10.973+0000] {logging_mixin.py:188} INFO - [2026-01-27T23:45:10.973+0000] {dagbag.py:540} INFO - Filling up the DagBag from /home/airflow/.local/lib/python3.12/site-packages/airflow/example_dags/example_branch_python_dop_operator_3.py
[2026-01-27T23:45:10.985+0000] {processor.py:840} INFO - DAG(s) 'example_branch_dop_operator_v3' retrieved from /home/airflow/.local/lib/python3.12/site-packages/airflow/example_dags/example_branch_python_dop_operator_3.py
[2026-01-27T23:45:11.009+0000] {logging_mixin.py:188} INFO - [2026-01-27T23:45:11.009+0000] {dag.py:3096} INFO - Sync 1 DAGs
[2026-01-27T23:45:11.041+0000] {logging_mixin.py:188} INFO - [2026-01-27T23:45:11.041+0000] {dag.py:3954} INFO - Setting next_dagrun for example_branch_dop_operator_v3 to 2026-01-27 23:44:00+00:00, run_after=2026-01-27 23:45:00+00:00
[2026-01-27T23:45:11.062+0000] {processor.py:183} INFO - Processing /home/airflow/.local/lib/python3.12/site-packages/airflow/example_dags/example_branch_python_dop_operator_3.py took 0.102 seconds
[2026-01-27T23:45:41.188+0000] {processor.py:161} INFO - Started process (PID=1035) to work on /home/airflow/.local/lib/python3.12/site-packages/airflow/example_dags/example_branch_python_dop_operator_3.py
[2026-01-27T23:45:41.190+0000] {processor.py:830} INFO - Processing file /home/airflow/.local/lib/python3.12/site-packages/airflow/example_dags/example_branch_python_dop_operator_3.py for tasks to queue
[2026-01-27T23:45:41.192+0000] {logging_mixin.py:188} INFO - [2026-01-27T23:45:41.192+0000] {dagbag.py:540} INFO - Filling up the DagBag from /home/airflow/.local/lib/python3.12/site-packages/airflow/example_dags/example_branch_python_dop_operator_3.py
[2026-01-27T23:45:41.203+0000] {processor.py:840} INFO - DAG(s) 'example_branch_dop_operator_v3' retrieved from /home/airflow/.local/lib/python3.12/site-packages/airflow/example_dags/example_branch_python_dop_operator_3.py
[2026-01-27T23:45:41.233+0000] {logging_mixin.py:188} INFO - [2026-01-27T23:45:41.233+0000] {dag.py:3096} INFO - Sync 1 DAGs
[2026-01-27T23:45:41.270+0000] {logging_mixin.py:188} INFO - [2026-01-27T23:45:41.270+0000] {dag.py:3954} INFO - Setting next_dagrun for example_branch_dop_operator_v3 to 2026-01-27 23:44:00+00:00, run_after=2026-01-27 23:45:00+00:00
[2026-01-27T23:45:41.302+0000] {processor.py:183} INFO - Processing /home/airflow/.local/lib/python3.12/site-packages/airflow/example_dags/example_branch_python_dop_operator_3.py took 0.120 seconds
[2026-01-27T23:46:12.176+0000] {processor.py:161} INFO - Started process (PID=1087) to work on /home/airflow/.local/lib/python3.12/site-packages/airflow/example_dags/example_branch_python_dop_operator_3.py
[2026-01-27T23:46:12.178+0000] {processor.py:830} INFO - Processing file /home/airflow/.local/lib/python3.12/site-packages/airflow/example_dags/example_branch_python_dop_operator_3.py for tasks to queue
[2026-01-27T23:46:12.181+0000] {logging_mixin.py:188} INFO - [2026-01-27T23:46:12.181+0000] {dagbag.py:540} INFO - Filling up the DagBag from /home/airflow/.local/lib/python3.12/site-packages/airflow/example_dags/example_branch_python_dop_operator_3.py
[2026-01-27T23:46:12.192+0000] {processor.py:840} INFO - DAG(s) 'example_branch_dop_operator_v3' retrieved from /home/airflow/.local/lib/python3.12/site-packages/airflow/example_dags/example_branch_python_dop_operator_3.py
[2026-01-27T23:46:12.216+0000] {logging_mixin.py:188} INFO - [2026-01-27T23:46:12.216+0000] {dag.py:3096} INFO - Sync 1 DAGs
[2026-01-27T23:46:12.418+0000] {logging_mixin.py:188} INFO - [2026-01-27T23:46:12.418+0000] {dag.py:3954} INFO - Setting next_dagrun for example_branch_dop_operator_v3 to 2026-01-27 23:45:00+00:00, run_after=2026-01-27 23:46:00+00:00
[2026-01-27T23:46:12.440+0000] {processor.py:183} INFO - Processing /home/airflow/.local/lib/python3.12/site-packages/airflow/example_dags/example_branch_python_dop_operator_3.py took 0.271 seconds
[2026-01-27T23:46:42.523+0000] {processor.py:161} INFO - Started process (PID=1139) to work on /home/airflow/.local/lib/python3.12/site-packages/airflow/example_dags/example_branch_python_dop_operator_3.py
[2026-01-27T23:46:42.524+0000] {processor.py:830} INFO - Processing file /home/airflow/.local/lib/python3.12/site-packages/airflow/example_dags/example_branch_python_dop_operator_3.py for tasks to queue
[2026-01-27T23:46:42.526+0000] {logging_mixin.py:188} INFO - [2026-01-27T23:46:42.526+0000] {dagbag.py:540} INFO - Filling up the DagBag from /home/airflow/.local/lib/python3.12/site-packages/airflow/example_dags/example_branch_python_dop_operator_3.py
[2026-01-27T23:46:42.534+0000] {processor.py:840} INFO - DAG(s) 'example_branch_dop_operator_v3' retrieved from /home/airflow/.local/lib/python3.12/site-packages/airflow/example_dags/example_branch_python_dop_operator_3.py
[2026-01-27T23:46:42.556+0000] {logging_mixin.py:188} INFO - [2026-01-27T23:46:42.556+0000] {dag.py:3096} INFO - Sync 1 DAGs
[2026-01-27T23:46:42.578+0000] {logging_mixin.py:188} INFO - [2026-01-27T23:46:42.578+0000] {dag.py:3954} INFO - Setting next_dagrun for example_branch_dop_operator_v3 to 2026-01-27 23:45:00+00:00, run_after=2026-01-27 23:46:00+00:00
[2026-01-27T23:46:42.599+0000] {processor.py:183} INFO - Processing /home/airflow/.local/lib/python3.12/site-packages/airflow/example_dags/example_branch_python_dop_operator_3.py took 0.082 seconds
[2026-01-27T23:47:12.851+0000] {processor.py:161} INFO - Started process (PID=1191) to work on /home/airflow/.local/lib/python3.12/site-packages/airflow/example_dags/example_branch_python_dop_operator_3.py
[2026-01-27T23:47:12.853+0000] {processor.py:830} INFO - Processing file /home/airflow/.local/lib/python3.12/site-packages/airflow/example_dags/example_branch_python_dop_operator_3.py for tasks to queue
[2026-01-27T23:47:12.856+0000] {logging_mixin.py:188} INFO - [2026-01-27T23:47:12.856+0000] {dagbag.py:540} INFO - Filling up the DagBag from /home/airflow/.local/lib/python3.12/site-packages/airflow/example_dags/example_branch_python_dop_operator_3.py
[2026-01-27T23:47:12.869+0000] {processor.py:840} INFO - DAG(s) 'example_branch_dop_operator_v3' retrieved from /home/airflow/.local/lib/python3.12/site-packages/airflow/example_dags/example_branch_python_dop_operator_3.py
[2026-01-27T23:47:12.897+0000] {logging_mixin.py:188} INFO - [2026-01-27T23:47:12.897+0000] {dag.py:3096} INFO - Sync 1 DAGs
[2026-01-27T23:47:12.937+0000] {logging_mixin.py:188} INFO - [2026-01-27T23:47:12.936+0000] {dag.py:3954} INFO - Setting next_dagrun for example_branch_dop_operator_v3 to 2026-01-27 23:46:00+00:00, run_after=2026-01-27 23:47:00+00:00
[2026-01-27T23:47:12.963+0000] {processor.py:183} INFO - Processing /home/airflow/.local/lib/python3.12/site-packages/airflow/example_dags/example_branch_python_dop_operator_3.py took 0.120 seconds
[2026-01-27T23:47:43.391+0000] {processor.py:161} INFO - Started process (PID=1243) to work on /home/airflow/.local/lib/python3.12/site-packages/airflow/example_dags/example_branch_python_dop_operator_3.py
[2026-01-27T23:47:43.392+0000] {processor.py:830} INFO - Processing file /home/airflow/.local/lib/python3.12/site-packages/airflow/example_dags/example_branch_python_dop_operator_3.py for tasks to queue
[2026-01-27T23:47:43.395+0000] {logging_mixin.py:188} INFO - [2026-01-27T23:47:43.394+0000] {dagbag.py:540} INFO - Filling up the DagBag from /home/airflow/.local/lib/python3.12/site-packages/airflow/example_dags/example_branch_python_dop_operator_3.py
[2026-01-27T23:47:43.402+0000] {processor.py:840} INFO - DAG(s) 'example_branch_dop_operator_v3' retrieved from /home/airflow/.local/lib/python3.12/site-packages/airflow/example_dags/example_branch_python_dop_operator_3.py
[2026-01-27T23:47:43.577+0000] {logging_mixin.py:188} INFO - [2026-01-27T23:47:43.577+0000] {dag.py:3096} INFO - Sync 1 DAGs
[2026-01-27T23:47:43.605+0000] {logging_mixin.py:188} INFO - [2026-01-27T23:47:43.604+0000] {dag.py:3954} INFO - Setting next_dagrun for example_branch_dop_operator_v3 to 2026-01-27 23:46:00+00:00, run_after=2026-01-27 23:47:00+00:00
[2026-01-27T23:47:43.626+0000] {processor.py:183} INFO - Processing /home/airflow/.local/lib/python3.12/site-packages/airflow/example_dags/example_branch_python_dop_operator_3.py took 0.240 seconds
[2026-01-27T23:48:14.058+0000] {processor.py:161} INFO - Started process (PID=1295) to work on /home/airflow/.local/lib/python3.12/site-packages/airflow/example_dags/example_branch_python_dop_operator_3.py
[2026-01-27T23:48:14.060+0000] {processor.py:830} INFO - Processing file /home/airflow/.local/lib/python3.12/site-packages/airflow/example_dags/example_branch_python_dop_operator_3.py for tasks to queue
[2026-01-27T23:48:14.065+0000] {logging_mixin.py:188} INFO - [2026-01-27T23:48:14.064+0000] {dagbag.py:540} INFO - Filling up the DagBag from /home/airflow/.local/lib/python3.12/site-packages/airflow/example_dags/example_branch_python_dop_operator_3.py
[2026-01-27T23:48:14.075+0000] {processor.py:840} INFO - DAG(s) 'example_branch_dop_operator_v3' retrieved from /home/airflow/.local/lib/python3.12/site-packages/airflow/example_dags/example_branch_python_dop_operator_3.py
[2026-01-27T23:48:14.100+0000] {logging_mixin.py:188} INFO - [2026-01-27T23:48:14.100+0000] {dag.py:3096} INFO - Sync 1 DAGs
[2026-01-27T23:48:14.129+0000] {logging_mixin.py:188} INFO - [2026-01-27T23:48:14.128+0000] {dag.py:3954} INFO - Setting next_dagrun for example_branch_dop_operator_v3 to 2026-01-27 23:47:00+00:00, run_after=2026-01-27 23:48:00+00:00
[2026-01-27T23:48:14.151+0000] {processor.py:183} INFO - Processing /home/airflow/.local/lib/python3.12/site-packages/airflow/example_dags/example_branch_python_dop_operator_3.py took 0.098 seconds
[2026-01-27T23:48:44.266+0000] {processor.py:161} INFO - Started process (PID=1347) to work on /home/airflow/.local/lib/python3.12/site-packages/airflow/example_dags/example_branch_python_dop_operator_3.py
[2026-01-27T23:48:44.267+0000] {processor.py:830} INFO - Processing file /home/airflow/.local/lib/python3.12/site-packages/airflow/example_dags/example_branch_python_dop_operator_3.py for tasks to queue
[2026-01-27T23:48:44.270+0000] {logging_mixin.py:188} INFO - [2026-01-27T23:48:44.269+0000] {dagbag.py:540} INFO - Filling up the DagBag from /home/airflow/.local/lib/python3.12/site-packages/airflow/example_dags/example_branch_python_dop_operator_3.py
[2026-01-27T23:48:44.279+0000] {processor.py:840} INFO - DAG(s) 'example_branch_dop_operator_v3' retrieved from /home/airflow/.local/lib/python3.12/site-packages/airflow/example_dags/example_branch_python_dop_operator_3.py
[2026-01-27T23:48:44.301+0000] {logging_mixin.py:188} INFO - [2026-01-27T23:48:44.301+0000] {dag.py:3096} INFO - Sync 1 DAGs
[2026-01-27T23:48:44.333+0000] {logging_mixin.py:188} INFO - [2026-01-27T23:48:44.333+0000] {dag.py:3954} INFO - Setting next_dagrun for example_branch_dop_operator_v3 to 2026-01-27 23:47:00+00:00, run_after=2026-01-27 23:48:00+00:00
[2026-01-27T23:48:44.357+0000] {processor.py:183} INFO - Processing /home/airflow/.local/lib/python3.12/site-packages/airflow/example_dags/example_branch_python_dop_operator_3.py took 0.098 seconds
[2026-01-27T23:49:15.095+0000] {processor.py:161} INFO - Started process (PID=1399) to work on /home/airflow/.local/lib/python3.12/site-packages/airflow/example_dags/example_branch_python_dop_operator_3.py
[2026-01-27T23:49:15.096+0000] {processor.py:830} INFO - Processing file /home/airflow/.local/lib/python3.12/site-packages/airflow/example_dags/example_branch_python_dop_operator_3.py for tasks to queue
[2026-01-27T23:49:15.098+0000] {logging_mixin.py:188} INFO - [2026-01-27T23:49:15.098+0000] {dagbag.py:540} INFO - Filling up the DagBag from /home/airflow/.local/lib/python3.12/site-packages/airflow/example_dags/example_branch_python_dop_operator_3.py
[2026-01-27T23:49:15.106+0000] {processor.py:840} INFO - DAG(s) 'example_branch_dop_operator_v3' retrieved from /home/airflow/.local/lib/python3.12/site-packages/airflow/example_dags/example_branch_python_dop_operator_3.py
[2026-01-27T23:49:15.125+0000] {logging_mixin.py:188} INFO - [2026-01-27T23:49:15.125+0000] {dag.py:3096} INFO - Sync 1 DAGs
[2026-01-27T23:49:15.149+0000] {logging_mixin.py:188} INFO - [2026-01-27T23:49:15.149+0000] {dag.py:3954} INFO - Setting next_dagrun for example_branch_dop_operator_v3 to 2026-01-27 23:48:00+00:00, run_after=2026-01-27 23:49:00+00:00
[2026-01-27T23:49:15.171+0000] {processor.py:183} INFO - Processing /home/airflow/.local/lib/python3.12/site-packages/airflow/example_dags/example_branch_python_dop_operator_3.py took 0.081 seconds
[2026-01-27T23:49:45.282+0000] {processor.py:161} INFO - Started process (PID=1451) to work on /home/airflow/.local/lib/python3.12/site-packages/airflow/example_dags/example_branch_python_dop_operator_3.py
[2026-01-27T23:49:45.283+0000] {processor.py:830} INFO - Processing file /home/airflow/.local/lib/python3.12/site-packages/airflow/example_dags/example_branch_python_dop_operator_3.py for tasks to queue
[2026-01-27T23:49:45.285+0000] {logging_mixin.py:188} INFO - [2026-01-27T23:49:45.285+0000] {dagbag.py:540} INFO - Filling up the DagBag from /home/airflow/.local/lib/python3.12/site-packages/airflow/example_dags/example_branch_python_dop_operator_3.py
[2026-01-27T23:49:45.294+0000] {processor.py:840} INFO - DAG(s) 'example_branch_dop_operator_v3' retrieved from /home/airflow/.local/lib/python3.12/site-packages/airflow/example_dags/example_branch_python_dop_operator_3.py
[2026-01-27T23:49:45.335+0000] {logging_mixin.py:188} INFO - [2026-01-27T23:49:45.334+0000] {dag.py:3096} INFO - Sync 1 DAGs
[2026-01-27T23:49:45.377+0000] {logging_mixin.py:188} INFO - [2026-01-27T23:49:45.377+0000] {dag.py:3954} INFO - Setting next_dagrun for example_branch_dop_operator_v3 to 2026-01-27 23:48:00+00:00, run_after=2026-01-27 23:49:00+00:00
[2026-01-27T23:49:45.397+0000] {processor.py:183} INFO - Processing /home/airflow/.local/lib/python3.12/site-packages/airflow/example_dags/example_branch_python_dop_operator_3.py took 0.120 seconds
[2026-01-27T23:50:15.972+0000] {processor.py:161} INFO - Started process (PID=1503) to work on /home/airflow/.local/lib/python3.12/site-packages/airflow/example_dags/example_branch_python_dop_operator_3.py
[2026-01-27T23:50:15.975+0000] {processor.py:830} INFO - Processing file /home/airflow/.local/lib/python3.12/site-packages/airflow/example_dags/example_branch_python_dop_operator_3.py for tasks to queue
[2026-01-27T23:50:15.979+0000] {logging_mixin.py:188} INFO - [2026-01-27T23:50:15.978+0000] {dagbag.py:540} INFO - Filling up the DagBag from /home/airflow/.local/lib/python3.12/site-packages/airflow/example_dags/example_branch_python_dop_operator_3.py
[2026-01-27T23:50:15.996+0000] {processor.py:840} INFO - DAG(s) 'example_branch_dop_operator_v3' retrieved from /home/airflow/.local/lib/python3.12/site-packages/airflow/example_dags/example_branch_python_dop_operator_3.py
[2026-01-27T23:50:16.040+0000] {logging_mixin.py:188} INFO - [2026-01-27T23:50:16.040+0000] {dag.py:3096} INFO - Sync 1 DAGs
[2026-01-27T23:50:16.106+0000] {logging_mixin.py:188} INFO - [2026-01-27T23:50:16.105+0000] {dag.py:3954} INFO - Setting next_dagrun for example_branch_dop_operator_v3 to 2026-01-27 23:49:00+00:00, run_after=2026-01-27 23:50:00+00:00
[2026-01-27T23:50:16.163+0000] {processor.py:183} INFO - Processing /home/airflow/.local/lib/python3.12/site-packages/airflow/example_dags/example_branch_python_dop_operator_3.py took 0.205 seconds
[2026-01-27T23:50:46.247+0000] {processor.py:161} INFO - Started process (PID=1555) to work on /home/airflow/.local/lib/python3.12/site-packages/airflow/example_dags/example_branch_python_dop_operator_3.py
[2026-01-27T23:50:46.248+0000] {processor.py:830} INFO - Processing file /home/airflow/.local/lib/python3.12/site-packages/airflow/example_dags/example_branch_python_dop_operator_3.py for tasks to queue
[2026-01-27T23:50:46.250+0000] {logging_mixin.py:188} INFO - [2026-01-27T23:50:46.250+0000] {dagbag.py:540} INFO - Filling up the DagBag from /home/airflow/.local/lib/python3.12/site-packages/airflow/example_dags/example_branch_python_dop_operator_3.py
[2026-01-27T23:50:46.259+0000] {processor.py:840} INFO - DAG(s) 'example_branch_dop_operator_v3' retrieved from /home/airflow/.local/lib/python3.12/site-packages/airflow/example_dags/example_branch_python_dop_operator_3.py
[2026-01-27T23:50:46.277+0000] {logging_mixin.py:188} INFO - [2026-01-27T23:50:46.277+0000] {dag.py:3096} INFO - Sync 1 DAGs
[2026-01-27T23:50:46.299+0000] {logging_mixin.py:188} INFO - [2026-01-27T23:50:46.299+0000] {dag.py:3954} INFO - Setting next_dagrun for example_branch_dop_operator_v3 to 2026-01-27 23:49:00+00:00, run_after=2026-01-27 23:50:00+00:00
[2026-01-27T23:50:46.319+0000] {processor.py:183} INFO - Processing /home/airflow/.local/lib/python3.12/site-packages/airflow/example_dags/example_branch_python_dop_operator_3.py took 0.077 seconds
[2026-01-27T23:51:16.650+0000] {processor.py:161} INFO - Started process (PID=1607) to work on /home/airflow/.local/lib/python3.12/site-packages/airflow/example_dags/example_branch_python_dop_operator_3.py
[2026-01-27T23:51:16.652+0000] {processor.py:830} INFO - Processing file /home/airflow/.local/lib/python3.12/site-packages/airflow/example_dags/example_branch_python_dop_operator_3.py for tasks to queue
[2026-01-27T23:51:16.654+0000] {logging_mixin.py:188} INFO - [2026-01-27T23:51:16.654+0000] {dagbag.py:540} INFO - Filling up the DagBag from /home/airflow/.local/lib/python3.12/site-packages/airflow/example_dags/example_branch_python_dop_operator_3.py
[2026-01-27T23:51:16.664+0000] {processor.py:840} INFO - DAG(s) 'example_branch_dop_operator_v3' retrieved from /home/airflow/.local/lib/python3.12/site-packages/airflow/example_dags/example_branch_python_dop_operator_3.py
[2026-01-27T23:51:16.689+0000] {logging_mixin.py:188} INFO - [2026-01-27T23:51:16.689+0000] {dag.py:3096} INFO - Sync 1 DAGs
[2026-01-27T23:51:16.718+0000] {logging_mixin.py:188} INFO - [2026-01-27T23:51:16.717+0000] {dag.py:3954} INFO - Setting next_dagrun for example_branch_dop_operator_v3 to 2026-01-27 23:50:00+00:00, run_after=2026-01-27 23:51:00+00:00
[2026-01-27T23:51:16.743+0000] {processor.py:183} INFO - Processing /home/airflow/.local/lib/python3.12/site-packages/airflow/example_dags/example_branch_python_dop_operator_3.py took 0.100 seconds
[2026-01-27T23:51:46.865+0000] {processor.py:161} INFO - Started process (PID=1659) to work on /home/airflow/.local/lib/python3.12/site-packages/airflow/example_dags/example_branch_python_dop_operator_3.py
[2026-01-27T23:51:46.867+0000] {processor.py:830} INFO - Processing file /home/airflow/.local/lib/python3.12/site-packages/airflow/example_dags/example_branch_python_dop_operator_3.py for tasks to queue
[2026-01-27T23:51:46.869+0000] {logging_mixin.py:188} INFO - [2026-01-27T23:51:46.868+0000] {dagbag.py:540} INFO - Filling up the DagBag from /home/airflow/.local/lib/python3.12/site-packages/airflow/example_dags/example_branch_python_dop_operator_3.py
[2026-01-27T23:51:46.879+0000] {processor.py:840} INFO - DAG(s) 'example_branch_dop_operator_v3' retrieved from /home/airflow/.local/lib/python3.12/site-packages/airflow/example_dags/example_branch_python_dop_operator_3.py
[2026-01-27T23:51:46.902+0000] {logging_mixin.py:188} INFO - [2026-01-27T23:51:46.901+0000] {dag.py:3096} INFO - Sync 1 DAGs
[2026-01-27T23:51:46.928+0000] {logging_mixin.py:188} INFO - [2026-01-27T23:51:46.928+0000] {dag.py:3954} INFO - Setting next_dagrun for example_branch_dop_operator_v3 to 2026-01-27 23:50:00+00:00, run_after=2026-01-27 23:51:00+00:00
[2026-01-27T23:51:46.952+0000] {processor.py:183} INFO - Processing /home/airflow/.local/lib/python3.12/site-packages/airflow/example_dags/example_branch_python_dop_operator_3.py took 0.093 seconds
[2026-01-27T23:52:17.316+0000] {processor.py:161} INFO - Started process (PID=1711) to work on /home/airflow/.local/lib/python3.12/site-packages/airflow/example_dags/example_branch_python_dop_operator_3.py
[2026-01-27T23:52:17.317+0000] {processor.py:830} INFO - Processing file /home/airflow/.local/lib/python3.12/site-packages/airflow/example_dags/example_branch_python_dop_operator_3.py for tasks to queue
[2026-01-27T23:52:17.319+0000] {logging_mixin.py:188} INFO - [2026-01-27T23:52:17.318+0000] {dagbag.py:540} INFO - Filling up the DagBag from /home/airflow/.local/lib/python3.12/site-packages/airflow/example_dags/example_branch_python_dop_operator_3.py
[2026-01-27T23:52:17.326+0000] {processor.py:840} INFO - DAG(s) 'example_branch_dop_operator_v3' retrieved from /home/airflow/.local/lib/python3.12/site-packages/airflow/example_dags/example_branch_python_dop_operator_3.py
[2026-01-27T23:52:17.345+0000] {logging_mixin.py:188} INFO - [2026-01-27T23:52:17.345+0000] {dag.py:3096} INFO - Sync 1 DAGs
[2026-01-27T23:52:17.367+0000] {logging_mixin.py:188} INFO - [2026-01-27T23:52:17.367+0000] {dag.py:3954} INFO - Setting next_dagrun for example_branch_dop_operator_v3 to 2026-01-27 23:51:00+00:00, run_after=2026-01-27 23:52:00+00:00
[2026-01-27T23:52:17.389+0000] {processor.py:183} INFO - Processing /home/airflow/.local/lib/python3.12/site-packages/airflow/example_dags/example_branch_python_dop_operator_3.py took 0.079 seconds
[2026-01-27T23:52:47.812+0000] {processor.py:161} INFO - Started process (PID=1763) to work on /home/airflow/.local/lib/python3.12/site-packages/airflow/example_dags/example_branch_python_dop_operator_3.py
[2026-01-27T23:52:47.813+0000] {processor.py:830} INFO - Processing file /home/airflow/.local/lib/python3.12/site-packages/airflow/example_dags/example_branch_python_dop_operator_3.py for tasks to queue
[2026-01-27T23:52:47.815+0000] {logging_mixin.py:188} INFO - [2026-01-27T23:52:47.814+0000] {dagbag.py:540} INFO - Filling up the DagBag from /home/airflow/.local/lib/python3.12/site-packages/airflow/example_dags/example_branch_python_dop_operator_3.py
[2026-01-27T23:52:47.823+0000] {processor.py:840} INFO - DAG(s) 'example_branch_dop_operator_v3' retrieved from /home/airflow/.local/lib/python3.12/site-packages/airflow/example_dags/example_branch_python_dop_operator_3.py
[2026-01-27T23:52:47.842+0000] {logging_mixin.py:188} INFO - [2026-01-27T23:52:47.841+0000] {dag.py:3096} INFO - Sync 1 DAGs
[2026-01-27T23:52:47.864+0000] {logging_mixin.py:188} INFO - [2026-01-27T23:52:47.864+0000] {dag.py:3954} INFO - Setting next_dagrun for example_branch_dop_operator_v3 to 2026-01-27 23:51:00+00:00, run_after=2026-01-27 23:52:00+00:00
[2026-01-27T23:52:47.884+0000] {processor.py:183} INFO - Processing /home/airflow/.local/lib/python3.12/site-packages/airflow/example_dags/example_branch_python_dop_operator_3.py took 0.078 seconds
[2026-01-27T23:53:18.013+0000] {processor.py:161} INFO - Started process (PID=1816) to work on /home/airflow/.local/lib/python3.12/site-packages/airflow/example_dags/example_branch_python_dop_operator_3.py
[2026-01-27T23:53:18.014+0000] {processor.py:830} INFO - Processing file /home/airflow/.local/lib/python3.12/site-packages/airflow/example_dags/example_branch_python_dop_operator_3.py for tasks to queue
[2026-01-27T23:53:18.015+0000] {logging_mixin.py:188} INFO - [2026-01-27T23:53:18.015+0000] {dagbag.py:540} INFO - Filling up the DagBag from /home/airflow/.local/lib/python3.12/site-packages/airflow/example_dags/example_branch_python_dop_operator_3.py
[2026-01-27T23:53:18.024+0000] {processor.py:840} INFO - DAG(s) 'example_branch_dop_operator_v3' retrieved from /home/airflow/.local/lib/python3.12/site-packages/airflow/example_dags/example_branch_python_dop_operator_3.py
[2026-01-27T23:53:18.045+0000] {logging_mixin.py:188} INFO - [2026-01-27T23:53:18.044+0000] {dag.py:3096} INFO - Sync 1 DAGs
[2026-01-27T23:53:18.067+0000] {logging_mixin.py:188} INFO - [2026-01-27T23:53:18.067+0000] {dag.py:3954} INFO - Setting next_dagrun for example_branch_dop_operator_v3 to 2026-01-27 23:52:00+00:00, run_after=2026-01-27 23:53:00+00:00
[2026-01-27T23:53:18.087+0000] {processor.py:183} INFO - Processing /home/airflow/.local/lib/python3.12/site-packages/airflow/example_dags/example_branch_python_dop_operator_3.py took 0.080 seconds
[2026-01-27T23:53:48.714+0000] {processor.py:161} INFO - Started process (PID=1865) to work on /home/airflow/.local/lib/python3.12/site-packages/airflow/example_dags/example_branch_python_dop_operator_3.py
[2026-01-27T23:53:48.715+0000] {processor.py:830} INFO - Processing file /home/airflow/.local/lib/python3.12/site-packages/airflow/example_dags/example_branch_python_dop_operator_3.py for tasks to queue
[2026-01-27T23:53:48.718+0000] {logging_mixin.py:188} INFO - [2026-01-27T23:53:48.717+0000] {dagbag.py:540} INFO - Filling up the DagBag from /home/airflow/.local/lib/python3.12/site-packages/airflow/example_dags/example_branch_python_dop_operator_3.py
[2026-01-27T23:53:48.726+0000] {processor.py:840} INFO - DAG(s) 'example_branch_dop_operator_v3' retrieved from /home/airflow/.local/lib/python3.12/site-packages/airflow/example_dags/example_branch_python_dop_operator_3.py
[2026-01-27T23:53:48.746+0000] {logging_mixin.py:188} INFO - [2026-01-27T23:53:48.746+0000] {dag.py:3096} INFO - Sync 1 DAGs
[2026-01-27T23:53:48.772+0000] {logging_mixin.py:188} INFO - [2026-01-27T23:53:48.772+0000] {dag.py:3954} INFO - Setting next_dagrun for example_branch_dop_operator_v3 to 2026-01-27 23:52:00+00:00, run_after=2026-01-27 23:53:00+00:00
[2026-01-27T23:53:48.795+0000] {processor.py:183} INFO - Processing /home/airflow/.local/lib/python3.12/site-packages/airflow/example_dags/example_branch_python_dop_operator_3.py took 0.087 seconds
[2026-01-27T23:54:19.418+0000] {processor.py:161} INFO - Started process (PID=1917) to work on /home/airflow/.local/lib/python3.12/site-packages/airflow/example_dags/example_branch_python_dop_operator_3.py
[2026-01-27T23:54:19.419+0000] {processor.py:830} INFO - Processing file /home/airflow/.local/lib/python3.12/site-packages/airflow/example_dags/example_branch_python_dop_operator_3.py for tasks to queue
[2026-01-27T23:54:19.421+0000] {logging_mixin.py:188} INFO - [2026-01-27T23:54:19.421+0000] {dagbag.py:540} INFO - Filling up the DagBag from /home/airflow/.local/lib/python3.12/site-packages/airflow/example_dags/example_branch_python_dop_operator_3.py
[2026-01-27T23:54:19.434+0000] {processor.py:840} INFO - DAG(s) 'example_branch_dop_operator_v3' retrieved from /home/airflow/.local/lib/python3.12/site-packages/airflow/example_dags/example_branch_python_dop_operator_3.py
[2026-01-27T23:54:19.457+0000] {logging_mixin.py:188} INFO - [2026-01-27T23:54:19.457+0000] {dag.py:3096} INFO - Sync 1 DAGs
[2026-01-27T23:54:19.486+0000] {logging_mixin.py:188} INFO - [2026-01-27T23:54:19.486+0000] {dag.py:3954} INFO - Setting next_dagrun for example_branch_dop_operator_v3 to 2026-01-27 23:53:00+00:00, run_after=2026-01-27 23:54:00+00:00
[2026-01-27T23:54:19.511+0000] {processor.py:183} INFO - Processing /home/airflow/.local/lib/python3.12/site-packages/airflow/example_dags/example_branch_python_dop_operator_3.py took 0.100 seconds
[2026-01-27T23:54:49.616+0000] {processor.py:161} INFO - Started process (PID=1969) to work on /home/airflow/.local/lib/python3.12/site-packages/airflow/example_dags/example_branch_python_dop_operator_3.py
[2026-01-27T23:54:49.617+0000] {processor.py:830} INFO - Processing file /home/airflow/.local/lib/python3.12/site-packages/airflow/example_dags/example_branch_python_dop_operator_3.py for tasks to queue
[2026-01-27T23:54:49.620+0000] {logging_mixin.py:188} INFO - [2026-01-27T23:54:49.620+0000] {dagbag.py:540} INFO - Filling up the DagBag from /home/airflow/.local/lib/python3.12/site-packages/airflow/example_dags/example_branch_python_dop_operator_3.py
[2026-01-27T23:54:49.629+0000] {processor.py:840} INFO - DAG(s) 'example_branch_dop_operator_v3' retrieved from /home/airflow/.local/lib/python3.12/site-packages/airflow/example_dags/example_branch_python_dop_operator_3.py
[2026-01-27T23:54:49.648+0000] {logging_mixin.py:188} INFO - [2026-01-27T23:54:49.648+0000] {dag.py:3096} INFO - Sync 1 DAGs
[2026-01-27T23:54:49.670+0000] {logging_mixin.py:188} INFO - [2026-01-27T23:54:49.670+0000] {dag.py:3954} INFO - Setting next_dagrun for example_branch_dop_operator_v3 to 2026-01-27 23:53:00+00:00, run_after=2026-01-27 23:54:00+00:00
[2026-01-27T23:54:49.691+0000] {processor.py:183} INFO - Processing /home/airflow/.local/lib/python3.12/site-packages/airflow/example_dags/example_branch_python_dop_operator_3.py took 0.083 seconds
[2026-01-27T23:55:20.193+0000] {processor.py:161} INFO - Started process (PID=2021) to work on /home/airflow/.local/lib/python3.12/site-packages/airflow/example_dags/example_branch_python_dop_operator_3.py
[2026-01-27T23:55:20.194+0000] {processor.py:830} INFO - Processing file /home/airflow/.local/lib/python3.12/site-packages/airflow/example_dags/example_branch_python_dop_operator_3.py for tasks to queue
[2026-01-27T23:55:20.196+0000] {logging_mixin.py:188} INFO - [2026-01-27T23:55:20.196+0000] {dagbag.py:540} INFO - Filling up the DagBag from /home/airflow/.local/lib/python3.12/site-packages/airflow/example_dags/example_branch_python_dop_operator_3.py
[2026-01-27T23:55:20.205+0000] {processor.py:840} INFO - DAG(s) 'example_branch_dop_operator_v3' retrieved from /home/airflow/.local/lib/python3.12/site-packages/airflow/example_dags/example_branch_python_dop_operator_3.py
[2026-01-27T23:55:20.224+0000] {logging_mixin.py:188} INFO - [2026-01-27T23:55:20.224+0000] {dag.py:3096} INFO - Sync 1 DAGs
[2026-01-27T23:55:20.245+0000] {logging_mixin.py:188} INFO - [2026-01-27T23:55:20.245+0000] {dag.py:3954} INFO - Setting next_dagrun for example_branch_dop_operator_v3 to 2026-01-27 23:54:00+00:00, run_after=2026-01-27 23:55:00+00:00
[2026-01-27T23:55:20.265+0000] {processor.py:183} INFO - Processing /home/airflow/.local/lib/python3.12/site-packages/airflow/example_dags/example_branch_python_dop_operator_3.py took 0.078 seconds
[2026-01-27T23:55:51.160+0000] {processor.py:161} INFO - Started process (PID=2073) to work on /home/airflow/.local/lib/python3.12/site-packages/airflow/example_dags/example_branch_python_dop_operator_3.py
[2026-01-27T23:55:51.162+0000] {processor.py:830} INFO - Processing file /home/airflow/.local/lib/python3.12/site-packages/airflow/example_dags/example_branch_python_dop_operator_3.py for tasks to queue
[2026-01-27T23:55:51.163+0000] {logging_mixin.py:188} INFO - [2026-01-27T23:55:51.163+0000] {dagbag.py:540} INFO - Filling up the DagBag from /home/airflow/.local/lib/python3.12/site-packages/airflow/example_dags/example_branch_python_dop_operator_3.py
[2026-01-27T23:55:51.171+0000] {processor.py:840} INFO - DAG(s) 'example_branch_dop_operator_v3' retrieved from /home/airflow/.local/lib/python3.12/site-packages/airflow/example_dags/example_branch_python_dop_operator_3.py
[2026-01-27T23:55:51.190+0000] {logging_mixin.py:188} INFO - [2026-01-27T23:55:51.190+0000] {dag.py:3096} INFO - Sync 1 DAGs
[2026-01-27T23:55:51.214+0000] {logging_mixin.py:188} INFO - [2026-01-27T23:55:51.214+0000] {dag.py:3954} INFO - Setting next_dagrun for example_branch_dop_operator_v3 to 2026-01-27 23:54:00+00:00, run_after=2026-01-27 23:55:00+00:00
[2026-01-27T23:55:51.234+0000] {processor.py:183} INFO - Processing /home/airflow/.local/lib/python3.12/site-packages/airflow/example_dags/example_branch_python_dop_operator_3.py took 0.079 seconds
[2026-01-27T23:56:21.534+0000] {processor.py:161} INFO - Started process (PID=2125) to work on /home/airflow/.local/lib/python3.12/site-packages/airflow/example_dags/example_branch_python_dop_operator_3.py
[2026-01-27T23:56:21.535+0000] {processor.py:830} INFO - Processing file /home/airflow/.local/lib/python3.12/site-packages/airflow/example_dags/example_branch_python_dop_operator_3.py for tasks to queue
[2026-01-27T23:56:21.537+0000] {logging_mixin.py:188} INFO - [2026-01-27T23:56:21.537+0000] {dagbag.py:540} INFO - Filling up the DagBag from /home/airflow/.local/lib/python3.12/site-packages/airflow/example_dags/example_branch_python_dop_operator_3.py
[2026-01-27T23:56:21.545+0000] {processor.py:840} INFO - DAG(s) 'example_branch_dop_operator_v3' retrieved from /home/airflow/.local/lib/python3.12/site-packages/airflow/example_dags/example_branch_python_dop_operator_3.py
[2026-01-27T23:56:21.570+0000] {logging_mixin.py:188} INFO - [2026-01-27T23:56:21.569+0000] {dag.py:3096} INFO - Sync 1 DAGs
[2026-01-27T23:56:21.595+0000] {logging_mixin.py:188} INFO - [2026-01-27T23:56:21.595+0000] {dag.py:3954} INFO - Setting next_dagrun for example_branch_dop_operator_v3 to 2026-01-27 23:55:00+00:00, run_after=2026-01-27 23:56:00+00:00
[2026-01-27T23:56:21.616+0000] {processor.py:183} INFO - Processing /home/airflow/.local/lib/python3.12/site-packages/airflow/example_dags/example_branch_python_dop_operator_3.py took 0.090 seconds
[2026-01-27T23:56:51.887+0000] {processor.py:161} INFO - Started process (PID=2177) to work on /home/airflow/.local/lib/python3.12/site-packages/airflow/example_dags/example_branch_python_dop_operator_3.py
[2026-01-27T23:56:51.889+0000] {processor.py:830} INFO - Processing file /home/airflow/.local/lib/python3.12/site-packages/airflow/example_dags/example_branch_python_dop_operator_3.py for tasks to queue
[2026-01-27T23:56:51.891+0000] {logging_mixin.py:188} INFO - [2026-01-27T23:56:51.891+0000] {dagbag.py:540} INFO - Filling up the DagBag from /home/airflow/.local/lib/python3.12/site-packages/airflow/example_dags/example_branch_python_dop_operator_3.py
[2026-01-27T23:56:51.898+0000] {processor.py:840} INFO - DAG(s) 'example_branch_dop_operator_v3' retrieved from /home/airflow/.local/lib/python3.12/site-packages/airflow/example_dags/example_branch_python_dop_operator_3.py
[2026-01-27T23:56:51.919+0000] {logging_mixin.py:188} INFO - [2026-01-27T23:56:51.919+0000] {dag.py:3096} INFO - Sync 1 DAGs
[2026-01-27T23:56:51.940+0000] {logging_mixin.py:188} INFO - [2026-01-27T23:56:51.939+0000] {dag.py:3954} INFO - Setting next_dagrun for example_branch_dop_operator_v3 to 2026-01-27 23:55:00+00:00, run_after=2026-01-27 23:56:00+00:00
[2026-01-27T23:56:51.958+0000] {processor.py:183} INFO - Processing /home/airflow/.local/lib/python3.12/site-packages/airflow/example_dags/example_branch_python_dop_operator_3.py took 0.076 seconds
[2026-01-27T23:57:22.706+0000] {processor.py:161} INFO - Started process (PID=2229) to work on /home/airflow/.local/lib/python3.12/site-packages/airflow/example_dags/example_branch_python_dop_operator_3.py
[2026-01-27T23:57:22.707+0000] {processor.py:830} INFO - Processing file /home/airflow/.local/lib/python3.12/site-packages/airflow/example_dags/example_branch_python_dop_operator_3.py for tasks to queue
[2026-01-27T23:57:22.709+0000] {logging_mixin.py:188} INFO - [2026-01-27T23:57:22.708+0000] {dagbag.py:540} INFO - Filling up the DagBag from /home/airflow/.local/lib/python3.12/site-packages/airflow/example_dags/example_branch_python_dop_operator_3.py
[2026-01-27T23:57:22.721+0000] {processor.py:840} INFO - DAG(s) 'example_branch_dop_operator_v3' retrieved from /home/airflow/.local/lib/python3.12/site-packages/airflow/example_dags/example_branch_python_dop_operator_3.py
[2026-01-27T23:57:22.743+0000] {logging_mixin.py:188} INFO - [2026-01-27T23:57:22.743+0000] {dag.py:3096} INFO - Sync 1 DAGs
[2026-01-27T23:57:22.769+0000] {logging_mixin.py:188} INFO - [2026-01-27T23:57:22.769+0000] {dag.py:3954} INFO - Setting next_dagrun for example_branch_dop_operator_v3 to 2026-01-27 23:56:00+00:00, run_after=2026-01-27 23:57:00+00:00
[2026-01-27T23:57:22.791+0000] {processor.py:183} INFO - Processing /home/airflow/.local/lib/python3.12/site-packages/airflow/example_dags/example_branch_python_dop_operator_3.py took 0.092 seconds
[2026-01-27T23:57:53.644+0000] {processor.py:161} INFO - Started process (PID=2281) to work on /home/airflow/.local/lib/python3.12/site-packages/airflow/example_dags/example_branch_python_dop_operator_3.py
[2026-01-27T23:57:53.645+0000] {processor.py:830} INFO - Processing file /home/airflow/.local/lib/python3.12/site-packages/airflow/example_dags/example_branch_python_dop_operator_3.py for tasks to queue
[2026-01-27T23:57:53.648+0000] {logging_mixin.py:188} INFO - [2026-01-27T23:57:53.648+0000] {dagbag.py:540} INFO - Filling up the DagBag from /home/airflow/.local/lib/python3.12/site-packages/airflow/example_dags/example_branch_python_dop_operator_3.py
[2026-01-27T23:57:53.659+0000] {processor.py:840} INFO - DAG(s) 'example_branch_dop_operator_v3' retrieved from /home/airflow/.local/lib/python3.12/site-packages/airflow/example_dags/example_branch_python_dop_operator_3.py
[2026-01-27T23:57:53.679+0000] {logging_mixin.py:188} INFO - [2026-01-27T23:57:53.679+0000] {dag.py:3096} INFO - Sync 1 DAGs
[2026-01-27T23:57:53.704+0000] {logging_mixin.py:188} INFO - [2026-01-27T23:57:53.704+0000] {dag.py:3954} INFO - Setting next_dagrun for example_branch_dop_operator_v3 to 2026-01-27 23:56:00+00:00, run_after=2026-01-27 23:57:00+00:00
[2026-01-27T23:57:53.725+0000] {processor.py:183} INFO - Processing /home/airflow/.local/lib/python3.12/site-packages/airflow/example_dags/example_branch_python_dop_operator_3.py took 0.089 seconds
[2026-01-27T23:58:23.914+0000] {processor.py:161} INFO - Started process (PID=2333) to work on /home/airflow/.local/lib/python3.12/site-packages/airflow/example_dags/example_branch_python_dop_operator_3.py
[2026-01-27T23:58:23.916+0000] {processor.py:830} INFO - Processing file /home/airflow/.local/lib/python3.12/site-packages/airflow/example_dags/example_branch_python_dop_operator_3.py for tasks to queue
[2026-01-27T23:58:23.921+0000] {logging_mixin.py:188} INFO - [2026-01-27T23:58:23.920+0000] {dagbag.py:540} INFO - Filling up the DagBag from /home/airflow/.local/lib/python3.12/site-packages/airflow/example_dags/example_branch_python_dop_operator_3.py
[2026-01-27T23:58:23.932+0000] {processor.py:840} INFO - DAG(s) 'example_branch_dop_operator_v3' retrieved from /home/airflow/.local/lib/python3.12/site-packages/airflow/example_dags/example_branch_python_dop_operator_3.py
[2026-01-27T23:58:23.952+0000] {logging_mixin.py:188} INFO - [2026-01-27T23:58:23.952+0000] {dag.py:3096} INFO - Sync 1 DAGs
[2026-01-27T23:58:23.974+0000] {logging_mixin.py:188} INFO - [2026-01-27T23:58:23.974+0000] {dag.py:3954} INFO - Setting next_dagrun for example_branch_dop_operator_v3 to 2026-01-27 23:57:00+00:00, run_after=2026-01-27 23:58:00+00:00
[2026-01-27T23:58:23.993+0000] {processor.py:183} INFO - Processing /home/airflow/.local/lib/python3.12/site-packages/airflow/example_dags/example_branch_python_dop_operator_3.py took 0.087 seconds
[2026-01-27T23:58:54.565+0000] {processor.py:161} INFO - Started process (PID=2385) to work on /home/airflow/.local/lib/python3.12/site-packages/airflow/example_dags/example_branch_python_dop_operator_3.py
[2026-01-27T23:58:54.566+0000] {processor.py:830} INFO - Processing file /home/airflow/.local/lib/python3.12/site-packages/airflow/example_dags/example_branch_python_dop_operator_3.py for tasks to queue
[2026-01-27T23:58:54.568+0000] {logging_mixin.py:188} INFO - [2026-01-27T23:58:54.568+0000] {dagbag.py:540} INFO - Filling up the DagBag from /home/airflow/.local/lib/python3.12/site-packages/airflow/example_dags/example_branch_python_dop_operator_3.py
[2026-01-27T23:58:54.577+0000] {processor.py:840} INFO - DAG(s) 'example_branch_dop_operator_v3' retrieved from /home/airflow/.local/lib/python3.12/site-packages/airflow/example_dags/example_branch_python_dop_operator_3.py
[2026-01-27T23:58:54.596+0000] {logging_mixin.py:188} INFO - [2026-01-27T23:58:54.595+0000] {dag.py:3096} INFO - Sync 1 DAGs
[2026-01-27T23:58:54.619+0000] {logging_mixin.py:188} INFO - [2026-01-27T23:58:54.619+0000] {dag.py:3954} INFO - Setting next_dagrun for example_branch_dop_operator_v3 to 2026-01-27 23:57:00+00:00, run_after=2026-01-27 23:58:00+00:00
[2026-01-27T23:58:54.642+0000] {processor.py:183} INFO - Processing /home/airflow/.local/lib/python3.12/site-packages/airflow/example_dags/example_branch_python_dop_operator_3.py took 0.085 seconds
[2026-01-27T23:59:25.374+0000] {processor.py:161} INFO - Started process (PID=2437) to work on /home/airflow/.local/lib/python3.12/site-packages/airflow/example_dags/example_branch_python_dop_operator_3.py
[2026-01-27T23:59:25.376+0000] {processor.py:830} INFO - Processing file /home/airflow/.local/lib/python3.12/site-packages/airflow/example_dags/example_branch_python_dop_operator_3.py for tasks to queue
[2026-01-27T23:59:25.378+0000] {logging_mixin.py:188} INFO - [2026-01-27T23:59:25.378+0000] {dagbag.py:540} INFO - Filling up the DagBag from /home/airflow/.local/lib/python3.12/site-packages/airflow/example_dags/example_branch_python_dop_operator_3.py
[2026-01-27T23:59:25.385+0000] {processor.py:840} INFO - DAG(s) 'example_branch_dop_operator_v3' retrieved from /home/airflow/.local/lib/python3.12/site-packages/airflow/example_dags/example_branch_python_dop_operator_3.py
[2026-01-27T23:59:25.403+0000] {logging_mixin.py:188} INFO - [2026-01-27T23:59:25.403+0000] {dag.py:3096} INFO - Sync 1 DAGs
[2026-01-27T23:59:25.426+0000] {logging_mixin.py:188} INFO - [2026-01-27T23:59:25.426+0000] {dag.py:3954} INFO - Setting next_dagrun for example_branch_dop_operator_v3 to 2026-01-27 23:58:00+00:00, run_after=2026-01-27 23:59:00+00:00
[2026-01-27T23:59:25.447+0000] {processor.py:183} INFO - Processing /home/airflow/.local/lib/python3.12/site-packages/airflow/example_dags/example_branch_python_dop_operator_3.py took 0.082 seconds
[2026-01-27T23:59:55.900+0000] {processor.py:161} INFO - Started process (PID=2489) to work on /home/airflow/.local/lib/python3.12/site-packages/airflow/example_dags/example_branch_python_dop_operator_3.py
[2026-01-27T23:59:55.901+0000] {processor.py:830} INFO - Processing file /home/airflow/.local/lib/python3.12/site-packages/airflow/example_dags/example_branch_python_dop_operator_3.py for tasks to queue
[2026-01-27T23:59:55.904+0000] {logging_mixin.py:188} INFO - [2026-01-27T23:59:55.903+0000] {dagbag.py:540} INFO - Filling up the DagBag from /home/airflow/.local/lib/python3.12/site-packages/airflow/example_dags/example_branch_python_dop_operator_3.py
[2026-01-27T23:59:55.912+0000] {processor.py:840} INFO - DAG(s) 'example_branch_dop_operator_v3' retrieved from /home/airflow/.local/lib/python3.12/site-packages/airflow/example_dags/example_branch_python_dop_operator_3.py
[2026-01-27T23:59:55.933+0000] {logging_mixin.py:188} INFO - [2026-01-27T23:59:55.933+0000] {dag.py:3096} INFO - Sync 1 DAGs
[2026-01-27T23:59:55.957+0000] {logging_mixin.py:188} INFO - [2026-01-27T23:59:55.957+0000] {dag.py:3954} INFO - Setting next_dagrun for example_branch_dop_operator_v3 to 2026-01-27 23:58:00+00:00, run_after=2026-01-27 23:59:00+00:00
[2026-01-27T23:59:55.982+0000] {processor.py:183} INFO - Processing /home/airflow/.local/lib/python3.12/site-packages/airflow/example_dags/example_branch_python_dop_operator_3.py took 0.091 seconds
