[2026-01-27T23:36:07.013+0000] {processor.py:161} INFO - Started process (PID=59) to work on /home/airflow/.local/lib/python3.12/site-packages/airflow/example_dags/example_branch_labels.py
[2026-01-27T23:36:07.016+0000] {processor.py:830} INFO - Processing file /home/airflow/.local/lib/python3.12/site-packages/airflow/example_dags/example_branch_labels.py for tasks to queue
[2026-01-27T23:36:07.020+0000] {logging_mixin.py:188} INFO - [2026-01-27T23:36:07.019+0000] {dagbag.py:540} INFO - Filling up the DagBag from /home/airflow/.local/lib/python3.12/site-packages/airflow/example_dags/example_branch_labels.py
[2026-01-27T23:36:07.053+0000] {processor.py:840} INFO - DAG(s) 'example_branch_labels' retrieved from /home/airflow/.local/lib/python3.12/site-packages/airflow/example_dags/example_branch_labels.py
[2026-01-27T23:36:07.361+0000] {logging_mixin.py:188} INFO - [2026-01-27T23:36:07.360+0000] {dag.py:3096} INFO - Sync 1 DAGs
[2026-01-27T23:36:07.409+0000] {logging_mixin.py:188} INFO - [2026-01-27T23:36:07.408+0000] {dag.py:3954} INFO - Setting next_dagrun for example_branch_labels to 2026-01-26 00:00:00+00:00, run_after=2026-01-27 00:00:00+00:00
[2026-01-27T23:36:07.459+0000] {processor.py:183} INFO - Processing /home/airflow/.local/lib/python3.12/site-packages/airflow/example_dags/example_branch_labels.py took 0.470 seconds
[2026-01-27T23:36:37.540+0000] {processor.py:161} INFO - Started process (PID=111) to work on /home/airflow/.local/lib/python3.12/site-packages/airflow/example_dags/example_branch_labels.py
[2026-01-27T23:36:37.541+0000] {processor.py:830} INFO - Processing file /home/airflow/.local/lib/python3.12/site-packages/airflow/example_dags/example_branch_labels.py for tasks to queue
[2026-01-27T23:36:37.543+0000] {logging_mixin.py:188} INFO - [2026-01-27T23:36:37.543+0000] {dagbag.py:540} INFO - Filling up the DagBag from /home/airflow/.local/lib/python3.12/site-packages/airflow/example_dags/example_branch_labels.py
[2026-01-27T23:36:37.550+0000] {processor.py:840} INFO - DAG(s) 'example_branch_labels' retrieved from /home/airflow/.local/lib/python3.12/site-packages/airflow/example_dags/example_branch_labels.py
[2026-01-27T23:36:37.573+0000] {logging_mixin.py:188} INFO - [2026-01-27T23:36:37.573+0000] {dag.py:3096} INFO - Sync 1 DAGs
[2026-01-27T23:36:37.594+0000] {logging_mixin.py:188} INFO - [2026-01-27T23:36:37.594+0000] {dag.py:3954} INFO - Setting next_dagrun for example_branch_labels to 2026-01-26 00:00:00+00:00, run_after=2026-01-27 00:00:00+00:00
[2026-01-27T23:36:37.614+0000] {processor.py:183} INFO - Processing /home/airflow/.local/lib/python3.12/site-packages/airflow/example_dags/example_branch_labels.py took 0.080 seconds
[2026-01-27T23:37:07.679+0000] {processor.py:161} INFO - Started process (PID=163) to work on /home/airflow/.local/lib/python3.12/site-packages/airflow/example_dags/example_branch_labels.py
[2026-01-27T23:37:07.680+0000] {processor.py:830} INFO - Processing file /home/airflow/.local/lib/python3.12/site-packages/airflow/example_dags/example_branch_labels.py for tasks to queue
[2026-01-27T23:37:07.682+0000] {logging_mixin.py:188} INFO - [2026-01-27T23:37:07.682+0000] {dagbag.py:540} INFO - Filling up the DagBag from /home/airflow/.local/lib/python3.12/site-packages/airflow/example_dags/example_branch_labels.py
[2026-01-27T23:37:07.690+0000] {processor.py:840} INFO - DAG(s) 'example_branch_labels' retrieved from /home/airflow/.local/lib/python3.12/site-packages/airflow/example_dags/example_branch_labels.py
[2026-01-27T23:37:07.712+0000] {logging_mixin.py:188} INFO - [2026-01-27T23:37:07.712+0000] {dag.py:3096} INFO - Sync 1 DAGs
[2026-01-27T23:37:07.734+0000] {logging_mixin.py:188} INFO - [2026-01-27T23:37:07.733+0000] {dag.py:3954} INFO - Setting next_dagrun for example_branch_labels to 2026-01-26 00:00:00+00:00, run_after=2026-01-27 00:00:00+00:00
[2026-01-27T23:37:07.753+0000] {processor.py:183} INFO - Processing /home/airflow/.local/lib/python3.12/site-packages/airflow/example_dags/example_branch_labels.py took 0.081 seconds
[2026-01-27T23:37:38.183+0000] {processor.py:161} INFO - Started process (PID=215) to work on /home/airflow/.local/lib/python3.12/site-packages/airflow/example_dags/example_branch_labels.py
[2026-01-27T23:37:38.184+0000] {processor.py:830} INFO - Processing file /home/airflow/.local/lib/python3.12/site-packages/airflow/example_dags/example_branch_labels.py for tasks to queue
[2026-01-27T23:37:38.186+0000] {logging_mixin.py:188} INFO - [2026-01-27T23:37:38.186+0000] {dagbag.py:540} INFO - Filling up the DagBag from /home/airflow/.local/lib/python3.12/site-packages/airflow/example_dags/example_branch_labels.py
[2026-01-27T23:37:38.194+0000] {processor.py:840} INFO - DAG(s) 'example_branch_labels' retrieved from /home/airflow/.local/lib/python3.12/site-packages/airflow/example_dags/example_branch_labels.py
[2026-01-27T23:37:38.215+0000] {logging_mixin.py:188} INFO - [2026-01-27T23:37:38.215+0000] {dag.py:3096} INFO - Sync 1 DAGs
[2026-01-27T23:37:38.239+0000] {logging_mixin.py:188} INFO - [2026-01-27T23:37:38.238+0000] {dag.py:3954} INFO - Setting next_dagrun for example_branch_labels to 2026-01-26 00:00:00+00:00, run_after=2026-01-27 00:00:00+00:00
[2026-01-27T23:37:38.257+0000] {processor.py:183} INFO - Processing /home/airflow/.local/lib/python3.12/site-packages/airflow/example_dags/example_branch_labels.py took 0.079 seconds
[2026-01-27T23:38:08.707+0000] {processor.py:161} INFO - Started process (PID=267) to work on /home/airflow/.local/lib/python3.12/site-packages/airflow/example_dags/example_branch_labels.py
[2026-01-27T23:38:08.708+0000] {processor.py:830} INFO - Processing file /home/airflow/.local/lib/python3.12/site-packages/airflow/example_dags/example_branch_labels.py for tasks to queue
[2026-01-27T23:38:08.710+0000] {logging_mixin.py:188} INFO - [2026-01-27T23:38:08.710+0000] {dagbag.py:540} INFO - Filling up the DagBag from /home/airflow/.local/lib/python3.12/site-packages/airflow/example_dags/example_branch_labels.py
[2026-01-27T23:38:08.718+0000] {processor.py:840} INFO - DAG(s) 'example_branch_labels' retrieved from /home/airflow/.local/lib/python3.12/site-packages/airflow/example_dags/example_branch_labels.py
[2026-01-27T23:38:08.739+0000] {logging_mixin.py:188} INFO - [2026-01-27T23:38:08.739+0000] {dag.py:3096} INFO - Sync 1 DAGs
[2026-01-27T23:38:08.764+0000] {logging_mixin.py:188} INFO - [2026-01-27T23:38:08.764+0000] {dag.py:3954} INFO - Setting next_dagrun for example_branch_labels to 2026-01-26 00:00:00+00:00, run_after=2026-01-27 00:00:00+00:00
[2026-01-27T23:38:08.785+0000] {processor.py:183} INFO - Processing /home/airflow/.local/lib/python3.12/site-packages/airflow/example_dags/example_branch_labels.py took 0.085 seconds
[2026-01-27T23:38:38.948+0000] {processor.py:161} INFO - Started process (PID=319) to work on /home/airflow/.local/lib/python3.12/site-packages/airflow/example_dags/example_branch_labels.py
[2026-01-27T23:38:38.949+0000] {processor.py:830} INFO - Processing file /home/airflow/.local/lib/python3.12/site-packages/airflow/example_dags/example_branch_labels.py for tasks to queue
[2026-01-27T23:38:38.952+0000] {logging_mixin.py:188} INFO - [2026-01-27T23:38:38.951+0000] {dagbag.py:540} INFO - Filling up the DagBag from /home/airflow/.local/lib/python3.12/site-packages/airflow/example_dags/example_branch_labels.py
[2026-01-27T23:38:38.960+0000] {processor.py:840} INFO - DAG(s) 'example_branch_labels' retrieved from /home/airflow/.local/lib/python3.12/site-packages/airflow/example_dags/example_branch_labels.py
[2026-01-27T23:38:38.985+0000] {logging_mixin.py:188} INFO - [2026-01-27T23:38:38.984+0000] {dag.py:3096} INFO - Sync 1 DAGs
[2026-01-27T23:38:39.009+0000] {logging_mixin.py:188} INFO - [2026-01-27T23:38:39.009+0000] {dag.py:3954} INFO - Setting next_dagrun for example_branch_labels to 2026-01-26 00:00:00+00:00, run_after=2026-01-27 00:00:00+00:00
[2026-01-27T23:38:39.032+0000] {processor.py:183} INFO - Processing /home/airflow/.local/lib/python3.12/site-packages/airflow/example_dags/example_branch_labels.py took 0.092 seconds
[2026-01-27T23:39:09.360+0000] {processor.py:161} INFO - Started process (PID=371) to work on /home/airflow/.local/lib/python3.12/site-packages/airflow/example_dags/example_branch_labels.py
[2026-01-27T23:39:09.361+0000] {processor.py:830} INFO - Processing file /home/airflow/.local/lib/python3.12/site-packages/airflow/example_dags/example_branch_labels.py for tasks to queue
[2026-01-27T23:39:09.364+0000] {logging_mixin.py:188} INFO - [2026-01-27T23:39:09.364+0000] {dagbag.py:540} INFO - Filling up the DagBag from /home/airflow/.local/lib/python3.12/site-packages/airflow/example_dags/example_branch_labels.py
[2026-01-27T23:39:09.376+0000] {processor.py:840} INFO - DAG(s) 'example_branch_labels' retrieved from /home/airflow/.local/lib/python3.12/site-packages/airflow/example_dags/example_branch_labels.py
[2026-01-27T23:39:09.409+0000] {logging_mixin.py:188} INFO - [2026-01-27T23:39:09.409+0000] {dag.py:3096} INFO - Sync 1 DAGs
[2026-01-27T23:39:09.441+0000] {logging_mixin.py:188} INFO - [2026-01-27T23:39:09.441+0000] {dag.py:3954} INFO - Setting next_dagrun for example_branch_labels to 2026-01-26 00:00:00+00:00, run_after=2026-01-27 00:00:00+00:00
[2026-01-27T23:39:09.479+0000] {processor.py:183} INFO - Processing /home/airflow/.local/lib/python3.12/site-packages/airflow/example_dags/example_branch_labels.py took 0.130 seconds
[2026-01-27T23:39:40.250+0000] {processor.py:161} INFO - Started process (PID=423) to work on /home/airflow/.local/lib/python3.12/site-packages/airflow/example_dags/example_branch_labels.py
[2026-01-27T23:39:40.251+0000] {processor.py:830} INFO - Processing file /home/airflow/.local/lib/python3.12/site-packages/airflow/example_dags/example_branch_labels.py for tasks to queue
[2026-01-27T23:39:40.254+0000] {logging_mixin.py:188} INFO - [2026-01-27T23:39:40.253+0000] {dagbag.py:540} INFO - Filling up the DagBag from /home/airflow/.local/lib/python3.12/site-packages/airflow/example_dags/example_branch_labels.py
[2026-01-27T23:39:40.266+0000] {processor.py:840} INFO - DAG(s) 'example_branch_labels' retrieved from /home/airflow/.local/lib/python3.12/site-packages/airflow/example_dags/example_branch_labels.py
[2026-01-27T23:39:40.297+0000] {logging_mixin.py:188} INFO - [2026-01-27T23:39:40.296+0000] {dag.py:3096} INFO - Sync 1 DAGs
[2026-01-27T23:39:40.326+0000] {logging_mixin.py:188} INFO - [2026-01-27T23:39:40.326+0000] {dag.py:3954} INFO - Setting next_dagrun for example_branch_labels to 2026-01-26 00:00:00+00:00, run_after=2026-01-27 00:00:00+00:00
[2026-01-27T23:39:40.353+0000] {processor.py:183} INFO - Processing /home/airflow/.local/lib/python3.12/site-packages/airflow/example_dags/example_branch_labels.py took 0.111 seconds
[2026-01-27T23:40:11.564+0000] {processor.py:161} INFO - Started process (PID=475) to work on /home/airflow/.local/lib/python3.12/site-packages/airflow/example_dags/example_branch_labels.py
[2026-01-27T23:40:11.568+0000] {processor.py:830} INFO - Processing file /home/airflow/.local/lib/python3.12/site-packages/airflow/example_dags/example_branch_labels.py for tasks to queue
[2026-01-27T23:40:11.573+0000] {logging_mixin.py:188} INFO - [2026-01-27T23:40:11.573+0000] {dagbag.py:540} INFO - Filling up the DagBag from /home/airflow/.local/lib/python3.12/site-packages/airflow/example_dags/example_branch_labels.py
[2026-01-27T23:40:11.607+0000] {processor.py:840} INFO - DAG(s) 'example_branch_labels' retrieved from /home/airflow/.local/lib/python3.12/site-packages/airflow/example_dags/example_branch_labels.py
[2026-01-27T23:40:11.663+0000] {logging_mixin.py:188} INFO - [2026-01-27T23:40:11.663+0000] {dag.py:3096} INFO - Sync 1 DAGs
[2026-01-27T23:40:11.709+0000] {logging_mixin.py:188} INFO - [2026-01-27T23:40:11.709+0000] {dag.py:3954} INFO - Setting next_dagrun for example_branch_labels to 2026-01-26 00:00:00+00:00, run_after=2026-01-27 00:00:00+00:00
[2026-01-27T23:40:11.756+0000] {processor.py:183} INFO - Processing /home/airflow/.local/lib/python3.12/site-packages/airflow/example_dags/example_branch_labels.py took 0.218 seconds
[2026-01-27T23:40:41.923+0000] {processor.py:161} INFO - Started process (PID=527) to work on /home/airflow/.local/lib/python3.12/site-packages/airflow/example_dags/example_branch_labels.py
[2026-01-27T23:40:41.924+0000] {processor.py:830} INFO - Processing file /home/airflow/.local/lib/python3.12/site-packages/airflow/example_dags/example_branch_labels.py for tasks to queue
[2026-01-27T23:40:41.927+0000] {logging_mixin.py:188} INFO - [2026-01-27T23:40:41.926+0000] {dagbag.py:540} INFO - Filling up the DagBag from /home/airflow/.local/lib/python3.12/site-packages/airflow/example_dags/example_branch_labels.py
[2026-01-27T23:40:41.934+0000] {processor.py:840} INFO - DAG(s) 'example_branch_labels' retrieved from /home/airflow/.local/lib/python3.12/site-packages/airflow/example_dags/example_branch_labels.py
[2026-01-27T23:40:41.956+0000] {logging_mixin.py:188} INFO - [2026-01-27T23:40:41.956+0000] {dag.py:3096} INFO - Sync 1 DAGs
[2026-01-27T23:40:41.980+0000] {logging_mixin.py:188} INFO - [2026-01-27T23:40:41.979+0000] {dag.py:3954} INFO - Setting next_dagrun for example_branch_labels to 2026-01-26 00:00:00+00:00, run_after=2026-01-27 00:00:00+00:00
[2026-01-27T23:40:42.001+0000] {processor.py:183} INFO - Processing /home/airflow/.local/lib/python3.12/site-packages/airflow/example_dags/example_branch_labels.py took 0.085 seconds
[2026-01-27T23:41:12.686+0000] {processor.py:161} INFO - Started process (PID=579) to work on /home/airflow/.local/lib/python3.12/site-packages/airflow/example_dags/example_branch_labels.py
[2026-01-27T23:41:12.688+0000] {processor.py:830} INFO - Processing file /home/airflow/.local/lib/python3.12/site-packages/airflow/example_dags/example_branch_labels.py for tasks to queue
[2026-01-27T23:41:12.692+0000] {logging_mixin.py:188} INFO - [2026-01-27T23:41:12.692+0000] {dagbag.py:540} INFO - Filling up the DagBag from /home/airflow/.local/lib/python3.12/site-packages/airflow/example_dags/example_branch_labels.py
[2026-01-27T23:41:12.708+0000] {processor.py:840} INFO - DAG(s) 'example_branch_labels' retrieved from /home/airflow/.local/lib/python3.12/site-packages/airflow/example_dags/example_branch_labels.py
[2026-01-27T23:41:12.741+0000] {logging_mixin.py:188} INFO - [2026-01-27T23:41:12.741+0000] {dag.py:3096} INFO - Sync 1 DAGs
[2026-01-27T23:41:12.788+0000] {logging_mixin.py:188} INFO - [2026-01-27T23:41:12.787+0000] {dag.py:3954} INFO - Setting next_dagrun for example_branch_labels to 2026-01-26 00:00:00+00:00, run_after=2026-01-27 00:00:00+00:00
[2026-01-27T23:41:12.819+0000] {processor.py:183} INFO - Processing /home/airflow/.local/lib/python3.12/site-packages/airflow/example_dags/example_branch_labels.py took 0.144 seconds
[2026-01-27T23:41:43.205+0000] {processor.py:161} INFO - Started process (PID=631) to work on /home/airflow/.local/lib/python3.12/site-packages/airflow/example_dags/example_branch_labels.py
[2026-01-27T23:41:43.207+0000] {processor.py:830} INFO - Processing file /home/airflow/.local/lib/python3.12/site-packages/airflow/example_dags/example_branch_labels.py for tasks to queue
[2026-01-27T23:41:43.210+0000] {logging_mixin.py:188} INFO - [2026-01-27T23:41:43.210+0000] {dagbag.py:540} INFO - Filling up the DagBag from /home/airflow/.local/lib/python3.12/site-packages/airflow/example_dags/example_branch_labels.py
[2026-01-27T23:41:43.220+0000] {processor.py:840} INFO - DAG(s) 'example_branch_labels' retrieved from /home/airflow/.local/lib/python3.12/site-packages/airflow/example_dags/example_branch_labels.py
[2026-01-27T23:41:43.252+0000] {logging_mixin.py:188} INFO - [2026-01-27T23:41:43.251+0000] {dag.py:3096} INFO - Sync 1 DAGs
[2026-01-27T23:41:43.281+0000] {logging_mixin.py:188} INFO - [2026-01-27T23:41:43.280+0000] {dag.py:3954} INFO - Setting next_dagrun for example_branch_labels to 2026-01-26 00:00:00+00:00, run_after=2026-01-27 00:00:00+00:00
[2026-01-27T23:41:43.305+0000] {processor.py:183} INFO - Processing /home/airflow/.local/lib/python3.12/site-packages/airflow/example_dags/example_branch_labels.py took 0.110 seconds
[2026-01-27T23:42:14.163+0000] {processor.py:161} INFO - Started process (PID=683) to work on /home/airflow/.local/lib/python3.12/site-packages/airflow/example_dags/example_branch_labels.py
[2026-01-27T23:42:14.166+0000] {processor.py:830} INFO - Processing file /home/airflow/.local/lib/python3.12/site-packages/airflow/example_dags/example_branch_labels.py for tasks to queue
[2026-01-27T23:42:14.169+0000] {logging_mixin.py:188} INFO - [2026-01-27T23:42:14.168+0000] {dagbag.py:540} INFO - Filling up the DagBag from /home/airflow/.local/lib/python3.12/site-packages/airflow/example_dags/example_branch_labels.py
[2026-01-27T23:42:14.181+0000] {processor.py:840} INFO - DAG(s) 'example_branch_labels' retrieved from /home/airflow/.local/lib/python3.12/site-packages/airflow/example_dags/example_branch_labels.py
[2026-01-27T23:42:14.213+0000] {logging_mixin.py:188} INFO - [2026-01-27T23:42:14.213+0000] {dag.py:3096} INFO - Sync 1 DAGs
[2026-01-27T23:42:14.248+0000] {logging_mixin.py:188} INFO - [2026-01-27T23:42:14.248+0000] {dag.py:3954} INFO - Setting next_dagrun for example_branch_labels to 2026-01-26 00:00:00+00:00, run_after=2026-01-27 00:00:00+00:00
[2026-01-27T23:42:14.274+0000] {processor.py:183} INFO - Processing /home/airflow/.local/lib/python3.12/site-packages/airflow/example_dags/example_branch_labels.py took 0.120 seconds
[2026-01-27T23:42:44.775+0000] {processor.py:161} INFO - Started process (PID=734) to work on /home/airflow/.local/lib/python3.12/site-packages/airflow/example_dags/example_branch_labels.py
[2026-01-27T23:42:44.778+0000] {processor.py:830} INFO - Processing file /home/airflow/.local/lib/python3.12/site-packages/airflow/example_dags/example_branch_labels.py for tasks to queue
[2026-01-27T23:42:44.790+0000] {logging_mixin.py:188} INFO - [2026-01-27T23:42:44.789+0000] {dagbag.py:540} INFO - Filling up the DagBag from /home/airflow/.local/lib/python3.12/site-packages/airflow/example_dags/example_branch_labels.py
[2026-01-27T23:42:44.815+0000] {processor.py:840} INFO - DAG(s) 'example_branch_labels' retrieved from /home/airflow/.local/lib/python3.12/site-packages/airflow/example_dags/example_branch_labels.py
[2026-01-27T23:42:44.879+0000] {logging_mixin.py:188} INFO - [2026-01-27T23:42:44.878+0000] {dag.py:3096} INFO - Sync 1 DAGs
[2026-01-27T23:42:44.949+0000] {logging_mixin.py:188} INFO - [2026-01-27T23:42:44.948+0000] {dag.py:3954} INFO - Setting next_dagrun for example_branch_labels to 2026-01-26 00:00:00+00:00, run_after=2026-01-27 00:00:00+00:00
[2026-01-27T23:42:45.001+0000] {processor.py:183} INFO - Processing /home/airflow/.local/lib/python3.12/site-packages/airflow/example_dags/example_branch_labels.py took 0.251 seconds
[2026-01-27T23:43:15.999+0000] {processor.py:161} INFO - Started process (PID=787) to work on /home/airflow/.local/lib/python3.12/site-packages/airflow/example_dags/example_branch_labels.py
[2026-01-27T23:43:16.000+0000] {processor.py:830} INFO - Processing file /home/airflow/.local/lib/python3.12/site-packages/airflow/example_dags/example_branch_labels.py for tasks to queue
[2026-01-27T23:43:16.003+0000] {logging_mixin.py:188} INFO - [2026-01-27T23:43:16.002+0000] {dagbag.py:540} INFO - Filling up the DagBag from /home/airflow/.local/lib/python3.12/site-packages/airflow/example_dags/example_branch_labels.py
[2026-01-27T23:43:16.012+0000] {processor.py:840} INFO - DAG(s) 'example_branch_labels' retrieved from /home/airflow/.local/lib/python3.12/site-packages/airflow/example_dags/example_branch_labels.py
[2026-01-27T23:43:16.040+0000] {logging_mixin.py:188} INFO - [2026-01-27T23:43:16.039+0000] {dag.py:3096} INFO - Sync 1 DAGs
[2026-01-27T23:43:16.065+0000] {logging_mixin.py:188} INFO - [2026-01-27T23:43:16.064+0000] {dag.py:3954} INFO - Setting next_dagrun for example_branch_labels to 2026-01-26 00:00:00+00:00, run_after=2026-01-27 00:00:00+00:00
[2026-01-27T23:43:16.089+0000] {processor.py:183} INFO - Processing /home/airflow/.local/lib/python3.12/site-packages/airflow/example_dags/example_branch_labels.py took 0.097 seconds
[2026-01-27T23:43:46.579+0000] {processor.py:161} INFO - Started process (PID=839) to work on /home/airflow/.local/lib/python3.12/site-packages/airflow/example_dags/example_branch_labels.py
[2026-01-27T23:43:46.581+0000] {processor.py:830} INFO - Processing file /home/airflow/.local/lib/python3.12/site-packages/airflow/example_dags/example_branch_labels.py for tasks to queue
[2026-01-27T23:43:46.584+0000] {logging_mixin.py:188} INFO - [2026-01-27T23:43:46.583+0000] {dagbag.py:540} INFO - Filling up the DagBag from /home/airflow/.local/lib/python3.12/site-packages/airflow/example_dags/example_branch_labels.py
[2026-01-27T23:43:46.593+0000] {processor.py:840} INFO - DAG(s) 'example_branch_labels' retrieved from /home/airflow/.local/lib/python3.12/site-packages/airflow/example_dags/example_branch_labels.py
[2026-01-27T23:43:46.619+0000] {logging_mixin.py:188} INFO - [2026-01-27T23:43:46.619+0000] {dag.py:3096} INFO - Sync 1 DAGs
[2026-01-27T23:43:46.648+0000] {logging_mixin.py:188} INFO - [2026-01-27T23:43:46.648+0000] {dag.py:3954} INFO - Setting next_dagrun for example_branch_labels to 2026-01-26 00:00:00+00:00, run_after=2026-01-27 00:00:00+00:00
[2026-01-27T23:43:46.683+0000] {processor.py:183} INFO - Processing /home/airflow/.local/lib/python3.12/site-packages/airflow/example_dags/example_branch_labels.py took 0.109 seconds
[2026-01-27T23:44:17.086+0000] {processor.py:161} INFO - Started process (PID=890) to work on /home/airflow/.local/lib/python3.12/site-packages/airflow/example_dags/example_branch_labels.py
[2026-01-27T23:44:17.087+0000] {processor.py:830} INFO - Processing file /home/airflow/.local/lib/python3.12/site-packages/airflow/example_dags/example_branch_labels.py for tasks to queue
[2026-01-27T23:44:17.089+0000] {logging_mixin.py:188} INFO - [2026-01-27T23:44:17.089+0000] {dagbag.py:540} INFO - Filling up the DagBag from /home/airflow/.local/lib/python3.12/site-packages/airflow/example_dags/example_branch_labels.py
[2026-01-27T23:44:17.099+0000] {processor.py:840} INFO - DAG(s) 'example_branch_labels' retrieved from /home/airflow/.local/lib/python3.12/site-packages/airflow/example_dags/example_branch_labels.py
[2026-01-27T23:44:17.131+0000] {logging_mixin.py:188} INFO - [2026-01-27T23:44:17.131+0000] {dag.py:3096} INFO - Sync 1 DAGs
[2026-01-27T23:44:17.156+0000] {logging_mixin.py:188} INFO - [2026-01-27T23:44:17.156+0000] {dag.py:3954} INFO - Setting next_dagrun for example_branch_labels to 2026-01-26 00:00:00+00:00, run_after=2026-01-27 00:00:00+00:00
[2026-01-27T23:44:17.181+0000] {processor.py:183} INFO - Processing /home/airflow/.local/lib/python3.12/site-packages/airflow/example_dags/example_branch_labels.py took 0.100 seconds
[2026-01-27T23:44:47.544+0000] {processor.py:161} INFO - Started process (PID=942) to work on /home/airflow/.local/lib/python3.12/site-packages/airflow/example_dags/example_branch_labels.py
[2026-01-27T23:44:47.545+0000] {processor.py:830} INFO - Processing file /home/airflow/.local/lib/python3.12/site-packages/airflow/example_dags/example_branch_labels.py for tasks to queue
[2026-01-27T23:44:47.547+0000] {logging_mixin.py:188} INFO - [2026-01-27T23:44:47.547+0000] {dagbag.py:540} INFO - Filling up the DagBag from /home/airflow/.local/lib/python3.12/site-packages/airflow/example_dags/example_branch_labels.py
[2026-01-27T23:44:47.554+0000] {processor.py:840} INFO - DAG(s) 'example_branch_labels' retrieved from /home/airflow/.local/lib/python3.12/site-packages/airflow/example_dags/example_branch_labels.py
[2026-01-27T23:44:47.579+0000] {logging_mixin.py:188} INFO - [2026-01-27T23:44:47.579+0000] {dag.py:3096} INFO - Sync 1 DAGs
[2026-01-27T23:44:47.605+0000] {logging_mixin.py:188} INFO - [2026-01-27T23:44:47.604+0000] {dag.py:3954} INFO - Setting next_dagrun for example_branch_labels to 2026-01-26 00:00:00+00:00, run_after=2026-01-27 00:00:00+00:00
[2026-01-27T23:44:47.624+0000] {processor.py:183} INFO - Processing /home/airflow/.local/lib/python3.12/site-packages/airflow/example_dags/example_branch_labels.py took 0.086 seconds
[2026-01-27T23:45:17.872+0000] {processor.py:161} INFO - Started process (PID=994) to work on /home/airflow/.local/lib/python3.12/site-packages/airflow/example_dags/example_branch_labels.py
[2026-01-27T23:45:17.874+0000] {processor.py:830} INFO - Processing file /home/airflow/.local/lib/python3.12/site-packages/airflow/example_dags/example_branch_labels.py for tasks to queue
[2026-01-27T23:45:17.877+0000] {logging_mixin.py:188} INFO - [2026-01-27T23:45:17.876+0000] {dagbag.py:540} INFO - Filling up the DagBag from /home/airflow/.local/lib/python3.12/site-packages/airflow/example_dags/example_branch_labels.py
[2026-01-27T23:45:17.887+0000] {processor.py:840} INFO - DAG(s) 'example_branch_labels' retrieved from /home/airflow/.local/lib/python3.12/site-packages/airflow/example_dags/example_branch_labels.py
[2026-01-27T23:45:17.929+0000] {logging_mixin.py:188} INFO - [2026-01-27T23:45:17.929+0000] {dag.py:3096} INFO - Sync 1 DAGs
[2026-01-27T23:45:17.964+0000] {logging_mixin.py:188} INFO - [2026-01-27T23:45:17.963+0000] {dag.py:3954} INFO - Setting next_dagrun for example_branch_labels to 2026-01-26 00:00:00+00:00, run_after=2026-01-27 00:00:00+00:00
[2026-01-27T23:45:17.988+0000] {processor.py:183} INFO - Processing /home/airflow/.local/lib/python3.12/site-packages/airflow/example_dags/example_branch_labels.py took 0.123 seconds
[2026-01-27T23:45:48.853+0000] {processor.py:161} INFO - Started process (PID=1046) to work on /home/airflow/.local/lib/python3.12/site-packages/airflow/example_dags/example_branch_labels.py
[2026-01-27T23:45:48.855+0000] {processor.py:830} INFO - Processing file /home/airflow/.local/lib/python3.12/site-packages/airflow/example_dags/example_branch_labels.py for tasks to queue
[2026-01-27T23:45:48.857+0000] {logging_mixin.py:188} INFO - [2026-01-27T23:45:48.857+0000] {dagbag.py:540} INFO - Filling up the DagBag from /home/airflow/.local/lib/python3.12/site-packages/airflow/example_dags/example_branch_labels.py
[2026-01-27T23:45:48.866+0000] {processor.py:840} INFO - DAG(s) 'example_branch_labels' retrieved from /home/airflow/.local/lib/python3.12/site-packages/airflow/example_dags/example_branch_labels.py
[2026-01-27T23:45:48.893+0000] {logging_mixin.py:188} INFO - [2026-01-27T23:45:48.893+0000] {dag.py:3096} INFO - Sync 1 DAGs
[2026-01-27T23:45:48.924+0000] {logging_mixin.py:188} INFO - [2026-01-27T23:45:48.923+0000] {dag.py:3954} INFO - Setting next_dagrun for example_branch_labels to 2026-01-26 00:00:00+00:00, run_after=2026-01-27 00:00:00+00:00
[2026-01-27T23:45:48.946+0000] {processor.py:183} INFO - Processing /home/airflow/.local/lib/python3.12/site-packages/airflow/example_dags/example_branch_labels.py took 0.099 seconds
[2026-01-27T23:46:19.217+0000] {processor.py:161} INFO - Started process (PID=1098) to work on /home/airflow/.local/lib/python3.12/site-packages/airflow/example_dags/example_branch_labels.py
[2026-01-27T23:46:19.219+0000] {processor.py:830} INFO - Processing file /home/airflow/.local/lib/python3.12/site-packages/airflow/example_dags/example_branch_labels.py for tasks to queue
[2026-01-27T23:46:19.222+0000] {logging_mixin.py:188} INFO - [2026-01-27T23:46:19.222+0000] {dagbag.py:540} INFO - Filling up the DagBag from /home/airflow/.local/lib/python3.12/site-packages/airflow/example_dags/example_branch_labels.py
[2026-01-27T23:46:19.234+0000] {processor.py:840} INFO - DAG(s) 'example_branch_labels' retrieved from /home/airflow/.local/lib/python3.12/site-packages/airflow/example_dags/example_branch_labels.py
[2026-01-27T23:46:19.260+0000] {logging_mixin.py:188} INFO - [2026-01-27T23:46:19.259+0000] {dag.py:3096} INFO - Sync 1 DAGs
[2026-01-27T23:46:19.287+0000] {logging_mixin.py:188} INFO - [2026-01-27T23:46:19.287+0000] {dag.py:3954} INFO - Setting next_dagrun for example_branch_labels to 2026-01-26 00:00:00+00:00, run_after=2026-01-27 00:00:00+00:00
[2026-01-27T23:46:19.319+0000] {processor.py:183} INFO - Processing /home/airflow/.local/lib/python3.12/site-packages/airflow/example_dags/example_branch_labels.py took 0.108 seconds
[2026-01-27T23:46:49.718+0000] {processor.py:161} INFO - Started process (PID=1150) to work on /home/airflow/.local/lib/python3.12/site-packages/airflow/example_dags/example_branch_labels.py
[2026-01-27T23:46:49.720+0000] {processor.py:830} INFO - Processing file /home/airflow/.local/lib/python3.12/site-packages/airflow/example_dags/example_branch_labels.py for tasks to queue
[2026-01-27T23:46:49.722+0000] {logging_mixin.py:188} INFO - [2026-01-27T23:46:49.722+0000] {dagbag.py:540} INFO - Filling up the DagBag from /home/airflow/.local/lib/python3.12/site-packages/airflow/example_dags/example_branch_labels.py
[2026-01-27T23:46:49.730+0000] {processor.py:840} INFO - DAG(s) 'example_branch_labels' retrieved from /home/airflow/.local/lib/python3.12/site-packages/airflow/example_dags/example_branch_labels.py
[2026-01-27T23:46:49.754+0000] {logging_mixin.py:188} INFO - [2026-01-27T23:46:49.753+0000] {dag.py:3096} INFO - Sync 1 DAGs
[2026-01-27T23:46:49.920+0000] {logging_mixin.py:188} INFO - [2026-01-27T23:46:49.920+0000] {dag.py:3954} INFO - Setting next_dagrun for example_branch_labels to 2026-01-26 00:00:00+00:00, run_after=2026-01-27 00:00:00+00:00
[2026-01-27T23:46:49.941+0000] {processor.py:183} INFO - Processing /home/airflow/.local/lib/python3.12/site-packages/airflow/example_dags/example_branch_labels.py took 0.229 seconds
[2026-01-27T23:47:20.043+0000] {processor.py:161} INFO - Started process (PID=1202) to work on /home/airflow/.local/lib/python3.12/site-packages/airflow/example_dags/example_branch_labels.py
[2026-01-27T23:47:20.044+0000] {processor.py:830} INFO - Processing file /home/airflow/.local/lib/python3.12/site-packages/airflow/example_dags/example_branch_labels.py for tasks to queue
[2026-01-27T23:47:20.046+0000] {logging_mixin.py:188} INFO - [2026-01-27T23:47:20.046+0000] {dagbag.py:540} INFO - Filling up the DagBag from /home/airflow/.local/lib/python3.12/site-packages/airflow/example_dags/example_branch_labels.py
[2026-01-27T23:47:20.053+0000] {processor.py:840} INFO - DAG(s) 'example_branch_labels' retrieved from /home/airflow/.local/lib/python3.12/site-packages/airflow/example_dags/example_branch_labels.py
[2026-01-27T23:47:20.074+0000] {logging_mixin.py:188} INFO - [2026-01-27T23:47:20.073+0000] {dag.py:3096} INFO - Sync 1 DAGs
[2026-01-27T23:47:20.096+0000] {logging_mixin.py:188} INFO - [2026-01-27T23:47:20.096+0000] {dag.py:3954} INFO - Setting next_dagrun for example_branch_labels to 2026-01-26 00:00:00+00:00, run_after=2026-01-27 00:00:00+00:00
[2026-01-27T23:47:20.117+0000] {processor.py:183} INFO - Processing /home/airflow/.local/lib/python3.12/site-packages/airflow/example_dags/example_branch_labels.py took 0.079 seconds
[2026-01-27T23:47:50.551+0000] {processor.py:161} INFO - Started process (PID=1254) to work on /home/airflow/.local/lib/python3.12/site-packages/airflow/example_dags/example_branch_labels.py
[2026-01-27T23:47:50.552+0000] {processor.py:830} INFO - Processing file /home/airflow/.local/lib/python3.12/site-packages/airflow/example_dags/example_branch_labels.py for tasks to queue
[2026-01-27T23:47:50.555+0000] {logging_mixin.py:188} INFO - [2026-01-27T23:47:50.554+0000] {dagbag.py:540} INFO - Filling up the DagBag from /home/airflow/.local/lib/python3.12/site-packages/airflow/example_dags/example_branch_labels.py
[2026-01-27T23:47:50.562+0000] {processor.py:840} INFO - DAG(s) 'example_branch_labels' retrieved from /home/airflow/.local/lib/python3.12/site-packages/airflow/example_dags/example_branch_labels.py
[2026-01-27T23:47:50.584+0000] {logging_mixin.py:188} INFO - [2026-01-27T23:47:50.584+0000] {dag.py:3096} INFO - Sync 1 DAGs
[2026-01-27T23:47:50.606+0000] {logging_mixin.py:188} INFO - [2026-01-27T23:47:50.605+0000] {dag.py:3954} INFO - Setting next_dagrun for example_branch_labels to 2026-01-26 00:00:00+00:00, run_after=2026-01-27 00:00:00+00:00
[2026-01-27T23:47:50.626+0000] {processor.py:183} INFO - Processing /home/airflow/.local/lib/python3.12/site-packages/airflow/example_dags/example_branch_labels.py took 0.081 seconds
[2026-01-27T23:48:20.683+0000] {processor.py:161} INFO - Started process (PID=1306) to work on /home/airflow/.local/lib/python3.12/site-packages/airflow/example_dags/example_branch_labels.py
[2026-01-27T23:48:20.684+0000] {processor.py:830} INFO - Processing file /home/airflow/.local/lib/python3.12/site-packages/airflow/example_dags/example_branch_labels.py for tasks to queue
[2026-01-27T23:48:20.686+0000] {logging_mixin.py:188} INFO - [2026-01-27T23:48:20.686+0000] {dagbag.py:540} INFO - Filling up the DagBag from /home/airflow/.local/lib/python3.12/site-packages/airflow/example_dags/example_branch_labels.py
[2026-01-27T23:48:20.695+0000] {processor.py:840} INFO - DAG(s) 'example_branch_labels' retrieved from /home/airflow/.local/lib/python3.12/site-packages/airflow/example_dags/example_branch_labels.py
[2026-01-27T23:48:20.719+0000] {logging_mixin.py:188} INFO - [2026-01-27T23:48:20.719+0000] {dag.py:3096} INFO - Sync 1 DAGs
[2026-01-27T23:48:20.741+0000] {logging_mixin.py:188} INFO - [2026-01-27T23:48:20.741+0000] {dag.py:3954} INFO - Setting next_dagrun for example_branch_labels to 2026-01-26 00:00:00+00:00, run_after=2026-01-27 00:00:00+00:00
[2026-01-27T23:48:20.761+0000] {processor.py:183} INFO - Processing /home/airflow/.local/lib/python3.12/site-packages/airflow/example_dags/example_branch_labels.py took 0.084 seconds
[2026-01-27T23:48:50.901+0000] {processor.py:161} INFO - Started process (PID=1358) to work on /home/airflow/.local/lib/python3.12/site-packages/airflow/example_dags/example_branch_labels.py
[2026-01-27T23:48:50.902+0000] {processor.py:830} INFO - Processing file /home/airflow/.local/lib/python3.12/site-packages/airflow/example_dags/example_branch_labels.py for tasks to queue
[2026-01-27T23:48:50.906+0000] {logging_mixin.py:188} INFO - [2026-01-27T23:48:50.906+0000] {dagbag.py:540} INFO - Filling up the DagBag from /home/airflow/.local/lib/python3.12/site-packages/airflow/example_dags/example_branch_labels.py
[2026-01-27T23:48:50.915+0000] {processor.py:840} INFO - DAG(s) 'example_branch_labels' retrieved from /home/airflow/.local/lib/python3.12/site-packages/airflow/example_dags/example_branch_labels.py
[2026-01-27T23:48:50.937+0000] {logging_mixin.py:188} INFO - [2026-01-27T23:48:50.937+0000] {dag.py:3096} INFO - Sync 1 DAGs
[2026-01-27T23:48:50.960+0000] {logging_mixin.py:188} INFO - [2026-01-27T23:48:50.960+0000] {dag.py:3954} INFO - Setting next_dagrun for example_branch_labels to 2026-01-26 00:00:00+00:00, run_after=2026-01-27 00:00:00+00:00
[2026-01-27T23:48:50.981+0000] {processor.py:183} INFO - Processing /home/airflow/.local/lib/python3.12/site-packages/airflow/example_dags/example_branch_labels.py took 0.087 seconds
[2026-01-27T23:49:21.692+0000] {processor.py:161} INFO - Started process (PID=1410) to work on /home/airflow/.local/lib/python3.12/site-packages/airflow/example_dags/example_branch_labels.py
[2026-01-27T23:49:21.693+0000] {processor.py:830} INFO - Processing file /home/airflow/.local/lib/python3.12/site-packages/airflow/example_dags/example_branch_labels.py for tasks to queue
[2026-01-27T23:49:21.695+0000] {logging_mixin.py:188} INFO - [2026-01-27T23:49:21.695+0000] {dagbag.py:540} INFO - Filling up the DagBag from /home/airflow/.local/lib/python3.12/site-packages/airflow/example_dags/example_branch_labels.py
[2026-01-27T23:49:21.703+0000] {processor.py:840} INFO - DAG(s) 'example_branch_labels' retrieved from /home/airflow/.local/lib/python3.12/site-packages/airflow/example_dags/example_branch_labels.py
[2026-01-27T23:49:21.729+0000] {logging_mixin.py:188} INFO - [2026-01-27T23:49:21.728+0000] {dag.py:3096} INFO - Sync 1 DAGs
[2026-01-27T23:49:21.755+0000] {logging_mixin.py:188} INFO - [2026-01-27T23:49:21.754+0000] {dag.py:3954} INFO - Setting next_dagrun for example_branch_labels to 2026-01-26 00:00:00+00:00, run_after=2026-01-27 00:00:00+00:00
[2026-01-27T23:49:21.780+0000] {processor.py:183} INFO - Processing /home/airflow/.local/lib/python3.12/site-packages/airflow/example_dags/example_branch_labels.py took 0.095 seconds
[2026-01-27T23:49:52.076+0000] {processor.py:161} INFO - Started process (PID=1462) to work on /home/airflow/.local/lib/python3.12/site-packages/airflow/example_dags/example_branch_labels.py
[2026-01-27T23:49:52.078+0000] {processor.py:830} INFO - Processing file /home/airflow/.local/lib/python3.12/site-packages/airflow/example_dags/example_branch_labels.py for tasks to queue
[2026-01-27T23:49:52.080+0000] {logging_mixin.py:188} INFO - [2026-01-27T23:49:52.080+0000] {dagbag.py:540} INFO - Filling up the DagBag from /home/airflow/.local/lib/python3.12/site-packages/airflow/example_dags/example_branch_labels.py
[2026-01-27T23:49:52.087+0000] {processor.py:840} INFO - DAG(s) 'example_branch_labels' retrieved from /home/airflow/.local/lib/python3.12/site-packages/airflow/example_dags/example_branch_labels.py
[2026-01-27T23:49:52.112+0000] {logging_mixin.py:188} INFO - [2026-01-27T23:49:52.112+0000] {dag.py:3096} INFO - Sync 1 DAGs
[2026-01-27T23:49:52.133+0000] {logging_mixin.py:188} INFO - [2026-01-27T23:49:52.133+0000] {dag.py:3954} INFO - Setting next_dagrun for example_branch_labels to 2026-01-26 00:00:00+00:00, run_after=2026-01-27 00:00:00+00:00
[2026-01-27T23:49:52.154+0000] {processor.py:183} INFO - Processing /home/airflow/.local/lib/python3.12/site-packages/airflow/example_dags/example_branch_labels.py took 0.086 seconds
[2026-01-27T23:50:22.758+0000] {processor.py:161} INFO - Started process (PID=1514) to work on /home/airflow/.local/lib/python3.12/site-packages/airflow/example_dags/example_branch_labels.py
[2026-01-27T23:50:22.759+0000] {processor.py:830} INFO - Processing file /home/airflow/.local/lib/python3.12/site-packages/airflow/example_dags/example_branch_labels.py for tasks to queue
[2026-01-27T23:50:22.761+0000] {logging_mixin.py:188} INFO - [2026-01-27T23:50:22.761+0000] {dagbag.py:540} INFO - Filling up the DagBag from /home/airflow/.local/lib/python3.12/site-packages/airflow/example_dags/example_branch_labels.py
[2026-01-27T23:50:22.768+0000] {processor.py:840} INFO - DAG(s) 'example_branch_labels' retrieved from /home/airflow/.local/lib/python3.12/site-packages/airflow/example_dags/example_branch_labels.py
[2026-01-27T23:50:22.791+0000] {logging_mixin.py:188} INFO - [2026-01-27T23:50:22.791+0000] {dag.py:3096} INFO - Sync 1 DAGs
[2026-01-27T23:50:22.813+0000] {logging_mixin.py:188} INFO - [2026-01-27T23:50:22.813+0000] {dag.py:3954} INFO - Setting next_dagrun for example_branch_labels to 2026-01-26 00:00:00+00:00, run_after=2026-01-27 00:00:00+00:00
[2026-01-27T23:50:22.842+0000] {processor.py:183} INFO - Processing /home/airflow/.local/lib/python3.12/site-packages/airflow/example_dags/example_branch_labels.py took 0.090 seconds
[2026-01-27T23:50:52.976+0000] {processor.py:161} INFO - Started process (PID=1566) to work on /home/airflow/.local/lib/python3.12/site-packages/airflow/example_dags/example_branch_labels.py
[2026-01-27T23:50:52.977+0000] {processor.py:830} INFO - Processing file /home/airflow/.local/lib/python3.12/site-packages/airflow/example_dags/example_branch_labels.py for tasks to queue
[2026-01-27T23:50:52.979+0000] {logging_mixin.py:188} INFO - [2026-01-27T23:50:52.979+0000] {dagbag.py:540} INFO - Filling up the DagBag from /home/airflow/.local/lib/python3.12/site-packages/airflow/example_dags/example_branch_labels.py
[2026-01-27T23:50:52.987+0000] {processor.py:840} INFO - DAG(s) 'example_branch_labels' retrieved from /home/airflow/.local/lib/python3.12/site-packages/airflow/example_dags/example_branch_labels.py
[2026-01-27T23:50:53.012+0000] {logging_mixin.py:188} INFO - [2026-01-27T23:50:53.012+0000] {dag.py:3096} INFO - Sync 1 DAGs
[2026-01-27T23:50:53.035+0000] {logging_mixin.py:188} INFO - [2026-01-27T23:50:53.035+0000] {dag.py:3954} INFO - Setting next_dagrun for example_branch_labels to 2026-01-26 00:00:00+00:00, run_after=2026-01-27 00:00:00+00:00
[2026-01-27T23:50:53.057+0000] {processor.py:183} INFO - Processing /home/airflow/.local/lib/python3.12/site-packages/airflow/example_dags/example_branch_labels.py took 0.088 seconds
[2026-01-27T23:51:23.733+0000] {processor.py:161} INFO - Started process (PID=1618) to work on /home/airflow/.local/lib/python3.12/site-packages/airflow/example_dags/example_branch_labels.py
[2026-01-27T23:51:23.734+0000] {processor.py:830} INFO - Processing file /home/airflow/.local/lib/python3.12/site-packages/airflow/example_dags/example_branch_labels.py for tasks to queue
[2026-01-27T23:51:23.736+0000] {logging_mixin.py:188} INFO - [2026-01-27T23:51:23.736+0000] {dagbag.py:540} INFO - Filling up the DagBag from /home/airflow/.local/lib/python3.12/site-packages/airflow/example_dags/example_branch_labels.py
[2026-01-27T23:51:23.743+0000] {processor.py:840} INFO - DAG(s) 'example_branch_labels' retrieved from /home/airflow/.local/lib/python3.12/site-packages/airflow/example_dags/example_branch_labels.py
[2026-01-27T23:51:23.764+0000] {logging_mixin.py:188} INFO - [2026-01-27T23:51:23.764+0000] {dag.py:3096} INFO - Sync 1 DAGs
[2026-01-27T23:51:23.785+0000] {logging_mixin.py:188} INFO - [2026-01-27T23:51:23.785+0000] {dag.py:3954} INFO - Setting next_dagrun for example_branch_labels to 2026-01-26 00:00:00+00:00, run_after=2026-01-27 00:00:00+00:00
[2026-01-27T23:51:23.815+0000] {processor.py:183} INFO - Processing /home/airflow/.local/lib/python3.12/site-packages/airflow/example_dags/example_branch_labels.py took 0.088 seconds
[2026-01-27T23:51:54.582+0000] {processor.py:161} INFO - Started process (PID=1670) to work on /home/airflow/.local/lib/python3.12/site-packages/airflow/example_dags/example_branch_labels.py
[2026-01-27T23:51:54.583+0000] {processor.py:830} INFO - Processing file /home/airflow/.local/lib/python3.12/site-packages/airflow/example_dags/example_branch_labels.py for tasks to queue
[2026-01-27T23:51:54.585+0000] {logging_mixin.py:188} INFO - [2026-01-27T23:51:54.585+0000] {dagbag.py:540} INFO - Filling up the DagBag from /home/airflow/.local/lib/python3.12/site-packages/airflow/example_dags/example_branch_labels.py
[2026-01-27T23:51:54.593+0000] {processor.py:840} INFO - DAG(s) 'example_branch_labels' retrieved from /home/airflow/.local/lib/python3.12/site-packages/airflow/example_dags/example_branch_labels.py
[2026-01-27T23:51:54.615+0000] {logging_mixin.py:188} INFO - [2026-01-27T23:51:54.615+0000] {dag.py:3096} INFO - Sync 1 DAGs
[2026-01-27T23:51:54.635+0000] {logging_mixin.py:188} INFO - [2026-01-27T23:51:54.635+0000] {dag.py:3954} INFO - Setting next_dagrun for example_branch_labels to 2026-01-26 00:00:00+00:00, run_after=2026-01-27 00:00:00+00:00
[2026-01-27T23:51:54.666+0000] {processor.py:183} INFO - Processing /home/airflow/.local/lib/python3.12/site-packages/airflow/example_dags/example_branch_labels.py took 0.089 seconds
[2026-01-27T23:52:25.098+0000] {processor.py:161} INFO - Started process (PID=1722) to work on /home/airflow/.local/lib/python3.12/site-packages/airflow/example_dags/example_branch_labels.py
[2026-01-27T23:52:25.099+0000] {processor.py:830} INFO - Processing file /home/airflow/.local/lib/python3.12/site-packages/airflow/example_dags/example_branch_labels.py for tasks to queue
[2026-01-27T23:52:25.101+0000] {logging_mixin.py:188} INFO - [2026-01-27T23:52:25.101+0000] {dagbag.py:540} INFO - Filling up the DagBag from /home/airflow/.local/lib/python3.12/site-packages/airflow/example_dags/example_branch_labels.py
[2026-01-27T23:52:25.108+0000] {processor.py:840} INFO - DAG(s) 'example_branch_labels' retrieved from /home/airflow/.local/lib/python3.12/site-packages/airflow/example_dags/example_branch_labels.py
[2026-01-27T23:52:25.132+0000] {logging_mixin.py:188} INFO - [2026-01-27T23:52:25.132+0000] {dag.py:3096} INFO - Sync 1 DAGs
[2026-01-27T23:52:25.158+0000] {logging_mixin.py:188} INFO - [2026-01-27T23:52:25.158+0000] {dag.py:3954} INFO - Setting next_dagrun for example_branch_labels to 2026-01-26 00:00:00+00:00, run_after=2026-01-27 00:00:00+00:00
[2026-01-27T23:52:25.178+0000] {processor.py:183} INFO - Processing /home/airflow/.local/lib/python3.12/site-packages/airflow/example_dags/example_branch_labels.py took 0.086 seconds
[2026-01-27T23:52:55.475+0000] {processor.py:161} INFO - Started process (PID=1774) to work on /home/airflow/.local/lib/python3.12/site-packages/airflow/example_dags/example_branch_labels.py
[2026-01-27T23:52:55.476+0000] {processor.py:830} INFO - Processing file /home/airflow/.local/lib/python3.12/site-packages/airflow/example_dags/example_branch_labels.py for tasks to queue
[2026-01-27T23:52:55.478+0000] {logging_mixin.py:188} INFO - [2026-01-27T23:52:55.478+0000] {dagbag.py:540} INFO - Filling up the DagBag from /home/airflow/.local/lib/python3.12/site-packages/airflow/example_dags/example_branch_labels.py
[2026-01-27T23:52:55.487+0000] {processor.py:840} INFO - DAG(s) 'example_branch_labels' retrieved from /home/airflow/.local/lib/python3.12/site-packages/airflow/example_dags/example_branch_labels.py
[2026-01-27T23:52:55.510+0000] {logging_mixin.py:188} INFO - [2026-01-27T23:52:55.510+0000] {dag.py:3096} INFO - Sync 1 DAGs
[2026-01-27T23:52:55.531+0000] {logging_mixin.py:188} INFO - [2026-01-27T23:52:55.530+0000] {dag.py:3954} INFO - Setting next_dagrun for example_branch_labels to 2026-01-26 00:00:00+00:00, run_after=2026-01-27 00:00:00+00:00
[2026-01-27T23:52:55.560+0000] {processor.py:183} INFO - Processing /home/airflow/.local/lib/python3.12/site-packages/airflow/example_dags/example_branch_labels.py took 0.090 seconds
[2026-01-27T23:53:25.626+0000] {processor.py:161} INFO - Started process (PID=1826) to work on /home/airflow/.local/lib/python3.12/site-packages/airflow/example_dags/example_branch_labels.py
[2026-01-27T23:53:25.627+0000] {processor.py:830} INFO - Processing file /home/airflow/.local/lib/python3.12/site-packages/airflow/example_dags/example_branch_labels.py for tasks to queue
[2026-01-27T23:53:25.629+0000] {logging_mixin.py:188} INFO - [2026-01-27T23:53:25.629+0000] {dagbag.py:540} INFO - Filling up the DagBag from /home/airflow/.local/lib/python3.12/site-packages/airflow/example_dags/example_branch_labels.py
[2026-01-27T23:53:25.636+0000] {processor.py:840} INFO - DAG(s) 'example_branch_labels' retrieved from /home/airflow/.local/lib/python3.12/site-packages/airflow/example_dags/example_branch_labels.py
[2026-01-27T23:53:25.658+0000] {logging_mixin.py:188} INFO - [2026-01-27T23:53:25.658+0000] {dag.py:3096} INFO - Sync 1 DAGs
[2026-01-27T23:53:25.680+0000] {logging_mixin.py:188} INFO - [2026-01-27T23:53:25.680+0000] {dag.py:3954} INFO - Setting next_dagrun for example_branch_labels to 2026-01-26 00:00:00+00:00, run_after=2026-01-27 00:00:00+00:00
[2026-01-27T23:53:25.699+0000] {processor.py:183} INFO - Processing /home/airflow/.local/lib/python3.12/site-packages/airflow/example_dags/example_branch_labels.py took 0.078 seconds
[2026-01-27T23:53:55.870+0000] {processor.py:161} INFO - Started process (PID=1878) to work on /home/airflow/.local/lib/python3.12/site-packages/airflow/example_dags/example_branch_labels.py
[2026-01-27T23:53:55.871+0000] {processor.py:830} INFO - Processing file /home/airflow/.local/lib/python3.12/site-packages/airflow/example_dags/example_branch_labels.py for tasks to queue
[2026-01-27T23:53:55.873+0000] {logging_mixin.py:188} INFO - [2026-01-27T23:53:55.873+0000] {dagbag.py:540} INFO - Filling up the DagBag from /home/airflow/.local/lib/python3.12/site-packages/airflow/example_dags/example_branch_labels.py
[2026-01-27T23:53:55.881+0000] {processor.py:840} INFO - DAG(s) 'example_branch_labels' retrieved from /home/airflow/.local/lib/python3.12/site-packages/airflow/example_dags/example_branch_labels.py
[2026-01-27T23:53:55.903+0000] {logging_mixin.py:188} INFO - [2026-01-27T23:53:55.903+0000] {dag.py:3096} INFO - Sync 1 DAGs
[2026-01-27T23:53:55.926+0000] {logging_mixin.py:188} INFO - [2026-01-27T23:53:55.925+0000] {dag.py:3954} INFO - Setting next_dagrun for example_branch_labels to 2026-01-26 00:00:00+00:00, run_after=2026-01-27 00:00:00+00:00
[2026-01-27T23:53:55.958+0000] {processor.py:183} INFO - Processing /home/airflow/.local/lib/python3.12/site-packages/airflow/example_dags/example_branch_labels.py took 0.094 seconds
[2026-01-27T23:54:26.141+0000] {processor.py:161} INFO - Started process (PID=1930) to work on /home/airflow/.local/lib/python3.12/site-packages/airflow/example_dags/example_branch_labels.py
[2026-01-27T23:54:26.143+0000] {processor.py:830} INFO - Processing file /home/airflow/.local/lib/python3.12/site-packages/airflow/example_dags/example_branch_labels.py for tasks to queue
[2026-01-27T23:54:26.146+0000] {logging_mixin.py:188} INFO - [2026-01-27T23:54:26.146+0000] {dagbag.py:540} INFO - Filling up the DagBag from /home/airflow/.local/lib/python3.12/site-packages/airflow/example_dags/example_branch_labels.py
[2026-01-27T23:54:26.166+0000] {processor.py:840} INFO - DAG(s) 'example_branch_labels' retrieved from /home/airflow/.local/lib/python3.12/site-packages/airflow/example_dags/example_branch_labels.py
[2026-01-27T23:54:26.243+0000] {logging_mixin.py:188} INFO - [2026-01-27T23:54:26.242+0000] {dag.py:3096} INFO - Sync 1 DAGs
[2026-01-27T23:54:26.286+0000] {logging_mixin.py:188} INFO - [2026-01-27T23:54:26.286+0000] {dag.py:3954} INFO - Setting next_dagrun for example_branch_labels to 2026-01-26 00:00:00+00:00, run_after=2026-01-27 00:00:00+00:00
[2026-01-27T23:54:26.336+0000] {processor.py:183} INFO - Processing /home/airflow/.local/lib/python3.12/site-packages/airflow/example_dags/example_branch_labels.py took 0.210 seconds
[2026-01-27T23:54:57.256+0000] {processor.py:161} INFO - Started process (PID=1982) to work on /home/airflow/.local/lib/python3.12/site-packages/airflow/example_dags/example_branch_labels.py
[2026-01-27T23:54:57.258+0000] {processor.py:830} INFO - Processing file /home/airflow/.local/lib/python3.12/site-packages/airflow/example_dags/example_branch_labels.py for tasks to queue
[2026-01-27T23:54:57.260+0000] {logging_mixin.py:188} INFO - [2026-01-27T23:54:57.260+0000] {dagbag.py:540} INFO - Filling up the DagBag from /home/airflow/.local/lib/python3.12/site-packages/airflow/example_dags/example_branch_labels.py
[2026-01-27T23:54:57.270+0000] {processor.py:840} INFO - DAG(s) 'example_branch_labels' retrieved from /home/airflow/.local/lib/python3.12/site-packages/airflow/example_dags/example_branch_labels.py
[2026-01-27T23:54:57.297+0000] {logging_mixin.py:188} INFO - [2026-01-27T23:54:57.296+0000] {dag.py:3096} INFO - Sync 1 DAGs
[2026-01-27T23:54:57.326+0000] {logging_mixin.py:188} INFO - [2026-01-27T23:54:57.326+0000] {dag.py:3954} INFO - Setting next_dagrun for example_branch_labels to 2026-01-26 00:00:00+00:00, run_after=2026-01-27 00:00:00+00:00
[2026-01-27T23:54:57.359+0000] {processor.py:183} INFO - Processing /home/airflow/.local/lib/python3.12/site-packages/airflow/example_dags/example_branch_labels.py took 0.110 seconds
[2026-01-27T23:55:27.855+0000] {processor.py:161} INFO - Started process (PID=2034) to work on /home/airflow/.local/lib/python3.12/site-packages/airflow/example_dags/example_branch_labels.py
[2026-01-27T23:55:27.856+0000] {processor.py:830} INFO - Processing file /home/airflow/.local/lib/python3.12/site-packages/airflow/example_dags/example_branch_labels.py for tasks to queue
[2026-01-27T23:55:27.858+0000] {logging_mixin.py:188} INFO - [2026-01-27T23:55:27.858+0000] {dagbag.py:540} INFO - Filling up the DagBag from /home/airflow/.local/lib/python3.12/site-packages/airflow/example_dags/example_branch_labels.py
[2026-01-27T23:55:27.866+0000] {processor.py:840} INFO - DAG(s) 'example_branch_labels' retrieved from /home/airflow/.local/lib/python3.12/site-packages/airflow/example_dags/example_branch_labels.py
[2026-01-27T23:55:27.891+0000] {logging_mixin.py:188} INFO - [2026-01-27T23:55:27.891+0000] {dag.py:3096} INFO - Sync 1 DAGs
[2026-01-27T23:55:27.918+0000] {logging_mixin.py:188} INFO - [2026-01-27T23:55:27.917+0000] {dag.py:3954} INFO - Setting next_dagrun for example_branch_labels to 2026-01-26 00:00:00+00:00, run_after=2026-01-27 00:00:00+00:00
[2026-01-27T23:55:27.939+0000] {processor.py:183} INFO - Processing /home/airflow/.local/lib/python3.12/site-packages/airflow/example_dags/example_branch_labels.py took 0.091 seconds
[2026-01-27T23:55:58.195+0000] {processor.py:161} INFO - Started process (PID=2086) to work on /home/airflow/.local/lib/python3.12/site-packages/airflow/example_dags/example_branch_labels.py
[2026-01-27T23:55:58.197+0000] {processor.py:830} INFO - Processing file /home/airflow/.local/lib/python3.12/site-packages/airflow/example_dags/example_branch_labels.py for tasks to queue
[2026-01-27T23:55:58.199+0000] {logging_mixin.py:188} INFO - [2026-01-27T23:55:58.199+0000] {dagbag.py:540} INFO - Filling up the DagBag from /home/airflow/.local/lib/python3.12/site-packages/airflow/example_dags/example_branch_labels.py
[2026-01-27T23:55:58.209+0000] {processor.py:840} INFO - DAG(s) 'example_branch_labels' retrieved from /home/airflow/.local/lib/python3.12/site-packages/airflow/example_dags/example_branch_labels.py
[2026-01-27T23:55:58.234+0000] {logging_mixin.py:188} INFO - [2026-01-27T23:55:58.233+0000] {dag.py:3096} INFO - Sync 1 DAGs
[2026-01-27T23:55:58.260+0000] {logging_mixin.py:188} INFO - [2026-01-27T23:55:58.259+0000] {dag.py:3954} INFO - Setting next_dagrun for example_branch_labels to 2026-01-26 00:00:00+00:00, run_after=2026-01-27 00:00:00+00:00
[2026-01-27T23:55:58.293+0000] {processor.py:183} INFO - Processing /home/airflow/.local/lib/python3.12/site-packages/airflow/example_dags/example_branch_labels.py took 0.104 seconds
[2026-01-27T23:56:28.384+0000] {processor.py:161} INFO - Started process (PID=2138) to work on /home/airflow/.local/lib/python3.12/site-packages/airflow/example_dags/example_branch_labels.py
[2026-01-27T23:56:28.385+0000] {processor.py:830} INFO - Processing file /home/airflow/.local/lib/python3.12/site-packages/airflow/example_dags/example_branch_labels.py for tasks to queue
[2026-01-27T23:56:28.388+0000] {logging_mixin.py:188} INFO - [2026-01-27T23:56:28.387+0000] {dagbag.py:540} INFO - Filling up the DagBag from /home/airflow/.local/lib/python3.12/site-packages/airflow/example_dags/example_branch_labels.py
[2026-01-27T23:56:28.396+0000] {processor.py:840} INFO - DAG(s) 'example_branch_labels' retrieved from /home/airflow/.local/lib/python3.12/site-packages/airflow/example_dags/example_branch_labels.py
[2026-01-27T23:56:28.416+0000] {logging_mixin.py:188} INFO - [2026-01-27T23:56:28.416+0000] {dag.py:3096} INFO - Sync 1 DAGs
[2026-01-27T23:56:28.436+0000] {logging_mixin.py:188} INFO - [2026-01-27T23:56:28.436+0000] {dag.py:3954} INFO - Setting next_dagrun for example_branch_labels to 2026-01-26 00:00:00+00:00, run_after=2026-01-27 00:00:00+00:00
[2026-01-27T23:56:28.456+0000] {processor.py:183} INFO - Processing /home/airflow/.local/lib/python3.12/site-packages/airflow/example_dags/example_branch_labels.py took 0.077 seconds
[2026-01-27T23:56:58.566+0000] {processor.py:161} INFO - Started process (PID=2190) to work on /home/airflow/.local/lib/python3.12/site-packages/airflow/example_dags/example_branch_labels.py
[2026-01-27T23:56:58.568+0000] {processor.py:830} INFO - Processing file /home/airflow/.local/lib/python3.12/site-packages/airflow/example_dags/example_branch_labels.py for tasks to queue
[2026-01-27T23:56:58.571+0000] {logging_mixin.py:188} INFO - [2026-01-27T23:56:58.570+0000] {dagbag.py:540} INFO - Filling up the DagBag from /home/airflow/.local/lib/python3.12/site-packages/airflow/example_dags/example_branch_labels.py
[2026-01-27T23:56:58.579+0000] {processor.py:840} INFO - DAG(s) 'example_branch_labels' retrieved from /home/airflow/.local/lib/python3.12/site-packages/airflow/example_dags/example_branch_labels.py
[2026-01-27T23:56:58.602+0000] {logging_mixin.py:188} INFO - [2026-01-27T23:56:58.602+0000] {dag.py:3096} INFO - Sync 1 DAGs
[2026-01-27T23:56:58.623+0000] {logging_mixin.py:188} INFO - [2026-01-27T23:56:58.623+0000] {dag.py:3954} INFO - Setting next_dagrun for example_branch_labels to 2026-01-26 00:00:00+00:00, run_after=2026-01-27 00:00:00+00:00
[2026-01-27T23:56:58.653+0000] {processor.py:183} INFO - Processing /home/airflow/.local/lib/python3.12/site-packages/airflow/example_dags/example_branch_labels.py took 0.093 seconds
[2026-01-27T23:57:29.384+0000] {processor.py:161} INFO - Started process (PID=2242) to work on /home/airflow/.local/lib/python3.12/site-packages/airflow/example_dags/example_branch_labels.py
[2026-01-27T23:57:29.385+0000] {processor.py:830} INFO - Processing file /home/airflow/.local/lib/python3.12/site-packages/airflow/example_dags/example_branch_labels.py for tasks to queue
[2026-01-27T23:57:29.388+0000] {logging_mixin.py:188} INFO - [2026-01-27T23:57:29.388+0000] {dagbag.py:540} INFO - Filling up the DagBag from /home/airflow/.local/lib/python3.12/site-packages/airflow/example_dags/example_branch_labels.py
[2026-01-27T23:57:29.397+0000] {processor.py:840} INFO - DAG(s) 'example_branch_labels' retrieved from /home/airflow/.local/lib/python3.12/site-packages/airflow/example_dags/example_branch_labels.py
[2026-01-27T23:57:29.425+0000] {logging_mixin.py:188} INFO - [2026-01-27T23:57:29.424+0000] {dag.py:3096} INFO - Sync 1 DAGs
[2026-01-27T23:57:29.452+0000] {logging_mixin.py:188} INFO - [2026-01-27T23:57:29.452+0000] {dag.py:3954} INFO - Setting next_dagrun for example_branch_labels to 2026-01-26 00:00:00+00:00, run_after=2026-01-27 00:00:00+00:00
[2026-01-27T23:57:29.475+0000] {processor.py:183} INFO - Processing /home/airflow/.local/lib/python3.12/site-packages/airflow/example_dags/example_branch_labels.py took 0.101 seconds
[2026-01-27T23:57:59.573+0000] {processor.py:161} INFO - Started process (PID=2294) to work on /home/airflow/.local/lib/python3.12/site-packages/airflow/example_dags/example_branch_labels.py
[2026-01-27T23:57:59.574+0000] {processor.py:830} INFO - Processing file /home/airflow/.local/lib/python3.12/site-packages/airflow/example_dags/example_branch_labels.py for tasks to queue
[2026-01-27T23:57:59.577+0000] {logging_mixin.py:188} INFO - [2026-01-27T23:57:59.577+0000] {dagbag.py:540} INFO - Filling up the DagBag from /home/airflow/.local/lib/python3.12/site-packages/airflow/example_dags/example_branch_labels.py
[2026-01-27T23:57:59.588+0000] {processor.py:840} INFO - DAG(s) 'example_branch_labels' retrieved from /home/airflow/.local/lib/python3.12/site-packages/airflow/example_dags/example_branch_labels.py
[2026-01-27T23:57:59.613+0000] {logging_mixin.py:188} INFO - [2026-01-27T23:57:59.613+0000] {dag.py:3096} INFO - Sync 1 DAGs
[2026-01-27T23:57:59.635+0000] {logging_mixin.py:188} INFO - [2026-01-27T23:57:59.635+0000] {dag.py:3954} INFO - Setting next_dagrun for example_branch_labels to 2026-01-26 00:00:00+00:00, run_after=2026-01-27 00:00:00+00:00
[2026-01-27T23:57:59.668+0000] {processor.py:183} INFO - Processing /home/airflow/.local/lib/python3.12/site-packages/airflow/example_dags/example_branch_labels.py took 0.103 seconds
[2026-01-27T23:58:29.961+0000] {processor.py:161} INFO - Started process (PID=2346) to work on /home/airflow/.local/lib/python3.12/site-packages/airflow/example_dags/example_branch_labels.py
[2026-01-27T23:58:29.962+0000] {processor.py:830} INFO - Processing file /home/airflow/.local/lib/python3.12/site-packages/airflow/example_dags/example_branch_labels.py for tasks to queue
[2026-01-27T23:58:29.964+0000] {logging_mixin.py:188} INFO - [2026-01-27T23:58:29.964+0000] {dagbag.py:540} INFO - Filling up the DagBag from /home/airflow/.local/lib/python3.12/site-packages/airflow/example_dags/example_branch_labels.py
[2026-01-27T23:58:29.972+0000] {processor.py:840} INFO - DAG(s) 'example_branch_labels' retrieved from /home/airflow/.local/lib/python3.12/site-packages/airflow/example_dags/example_branch_labels.py
[2026-01-27T23:58:29.994+0000] {logging_mixin.py:188} INFO - [2026-01-27T23:58:29.994+0000] {dag.py:3096} INFO - Sync 1 DAGs
[2026-01-27T23:58:30.016+0000] {logging_mixin.py:188} INFO - [2026-01-27T23:58:30.016+0000] {dag.py:3954} INFO - Setting next_dagrun for example_branch_labels to 2026-01-26 00:00:00+00:00, run_after=2026-01-27 00:00:00+00:00
[2026-01-27T23:58:30.036+0000] {processor.py:183} INFO - Processing /home/airflow/.local/lib/python3.12/site-packages/airflow/example_dags/example_branch_labels.py took 0.081 seconds
[2026-01-27T23:59:00.277+0000] {processor.py:161} INFO - Started process (PID=2398) to work on /home/airflow/.local/lib/python3.12/site-packages/airflow/example_dags/example_branch_labels.py
[2026-01-27T23:59:00.278+0000] {processor.py:830} INFO - Processing file /home/airflow/.local/lib/python3.12/site-packages/airflow/example_dags/example_branch_labels.py for tasks to queue
[2026-01-27T23:59:00.280+0000] {logging_mixin.py:188} INFO - [2026-01-27T23:59:00.280+0000] {dagbag.py:540} INFO - Filling up the DagBag from /home/airflow/.local/lib/python3.12/site-packages/airflow/example_dags/example_branch_labels.py
[2026-01-27T23:59:00.287+0000] {processor.py:840} INFO - DAG(s) 'example_branch_labels' retrieved from /home/airflow/.local/lib/python3.12/site-packages/airflow/example_dags/example_branch_labels.py
[2026-01-27T23:59:00.312+0000] {logging_mixin.py:188} INFO - [2026-01-27T23:59:00.312+0000] {dag.py:3096} INFO - Sync 1 DAGs
[2026-01-27T23:59:00.334+0000] {logging_mixin.py:188} INFO - [2026-01-27T23:59:00.333+0000] {dag.py:3954} INFO - Setting next_dagrun for example_branch_labels to 2026-01-26 00:00:00+00:00, run_after=2026-01-27 00:00:00+00:00
[2026-01-27T23:59:00.354+0000] {processor.py:183} INFO - Processing /home/airflow/.local/lib/python3.12/site-packages/airflow/example_dags/example_branch_labels.py took 0.083 seconds
[2026-01-27T23:59:30.971+0000] {processor.py:161} INFO - Started process (PID=2450) to work on /home/airflow/.local/lib/python3.12/site-packages/airflow/example_dags/example_branch_labels.py
[2026-01-27T23:59:30.972+0000] {processor.py:830} INFO - Processing file /home/airflow/.local/lib/python3.12/site-packages/airflow/example_dags/example_branch_labels.py for tasks to queue
[2026-01-27T23:59:30.974+0000] {logging_mixin.py:188} INFO - [2026-01-27T23:59:30.974+0000] {dagbag.py:540} INFO - Filling up the DagBag from /home/airflow/.local/lib/python3.12/site-packages/airflow/example_dags/example_branch_labels.py
[2026-01-27T23:59:30.983+0000] {processor.py:840} INFO - DAG(s) 'example_branch_labels' retrieved from /home/airflow/.local/lib/python3.12/site-packages/airflow/example_dags/example_branch_labels.py
[2026-01-27T23:59:31.004+0000] {logging_mixin.py:188} INFO - [2026-01-27T23:59:31.004+0000] {dag.py:3096} INFO - Sync 1 DAGs
[2026-01-27T23:59:31.024+0000] {logging_mixin.py:188} INFO - [2026-01-27T23:59:31.024+0000] {dag.py:3954} INFO - Setting next_dagrun for example_branch_labels to 2026-01-26 00:00:00+00:00, run_after=2026-01-27 00:00:00+00:00
[2026-01-27T23:59:31.043+0000] {processor.py:183} INFO - Processing /home/airflow/.local/lib/python3.12/site-packages/airflow/example_dags/example_branch_labels.py took 0.078 seconds
