[2026-01-27 23:27:07,664] {scheduler_job.py:182} INFO - Started process (PID=49) to work on /home/airflow/.local/lib/python3.6/site-packages/airflow/example_dags/example_task_group.py
[2026-01-27 23:27:07,670] {scheduler_job.py:629} INFO - Processing file /home/airflow/.local/lib/python3.6/site-packages/airflow/example_dags/example_task_group.py for tasks to queue
[2026-01-27 23:27:07,698] {logging_mixin.py:104} INFO - [2026-01-27 23:27:07,696] {dagbag.py:448} INFO - Filling up the DagBag from /home/airflow/.local/lib/python3.6/site-packages/airflow/example_dags/example_task_group.py
[2026-01-27 23:27:07,807] {scheduler_job.py:639} INFO - DAG(s) dict_keys(['example_task_group']) retrieved from /home/airflow/.local/lib/python3.6/site-packages/airflow/example_dags/example_task_group.py
[2026-01-27 23:27:08,376] {logging_mixin.py:104} INFO - [2026-01-27 23:27:08,376] {dag.py:1818} INFO - Sync 1 DAGs
[2026-01-27 23:27:08,880] {logging_mixin.py:104} INFO - [2026-01-27 23:27:08,879] {dag.py:1837} INFO - Creating ORM DAG for example_task_group
[2026-01-27 23:27:08,984] {logging_mixin.py:104} INFO - [2026-01-27 23:27:08,975] {dag.py:2273} INFO - Setting next_dagrun for example_task_group to 2026-01-25 00:00:00+00:00
[2026-01-27 23:27:09,160] {scheduler_job.py:190} INFO - Processing /home/airflow/.local/lib/python3.6/site-packages/airflow/example_dags/example_task_group.py took 1.531 seconds
[2026-01-27 23:27:39,351] {scheduler_job.py:182} INFO - Started process (PID=74) to work on /home/airflow/.local/lib/python3.6/site-packages/airflow/example_dags/example_task_group.py
[2026-01-27 23:27:39,355] {scheduler_job.py:629} INFO - Processing file /home/airflow/.local/lib/python3.6/site-packages/airflow/example_dags/example_task_group.py for tasks to queue
[2026-01-27 23:27:39,357] {logging_mixin.py:104} INFO - [2026-01-27 23:27:39,357] {dagbag.py:448} INFO - Filling up the DagBag from /home/airflow/.local/lib/python3.6/site-packages/airflow/example_dags/example_task_group.py
[2026-01-27 23:27:39,438] {scheduler_job.py:639} INFO - DAG(s) dict_keys(['example_task_group']) retrieved from /home/airflow/.local/lib/python3.6/site-packages/airflow/example_dags/example_task_group.py
[2026-01-27 23:27:39,555] {logging_mixin.py:104} INFO - [2026-01-27 23:27:39,555] {dag.py:1818} INFO - Sync 1 DAGs
[2026-01-27 23:27:39,672] {logging_mixin.py:104} INFO - [2026-01-27 23:27:39,672] {dag.py:2273} INFO - Setting next_dagrun for example_task_group to 2026-01-25 00:00:00+00:00
[2026-01-27 23:27:39,777] {scheduler_job.py:190} INFO - Processing /home/airflow/.local/lib/python3.6/site-packages/airflow/example_dags/example_task_group.py took 0.436 seconds
[2026-01-27 23:28:09,980] {scheduler_job.py:182} INFO - Started process (PID=100) to work on /home/airflow/.local/lib/python3.6/site-packages/airflow/example_dags/example_task_group.py
[2026-01-27 23:28:09,984] {scheduler_job.py:629} INFO - Processing file /home/airflow/.local/lib/python3.6/site-packages/airflow/example_dags/example_task_group.py for tasks to queue
[2026-01-27 23:28:09,989] {logging_mixin.py:104} INFO - [2026-01-27 23:28:09,988] {dagbag.py:448} INFO - Filling up the DagBag from /home/airflow/.local/lib/python3.6/site-packages/airflow/example_dags/example_task_group.py
[2026-01-27 23:28:10,005] {scheduler_job.py:639} INFO - DAG(s) dict_keys(['example_task_group']) retrieved from /home/airflow/.local/lib/python3.6/site-packages/airflow/example_dags/example_task_group.py
[2026-01-27 23:28:10,037] {logging_mixin.py:104} INFO - [2026-01-27 23:28:10,037] {dag.py:1818} INFO - Sync 1 DAGs
[2026-01-27 23:28:10,062] {logging_mixin.py:104} INFO - [2026-01-27 23:28:10,061] {dag.py:2273} INFO - Setting next_dagrun for example_task_group to 2026-01-25 00:00:00+00:00
[2026-01-27 23:28:10,105] {scheduler_job.py:190} INFO - Processing /home/airflow/.local/lib/python3.6/site-packages/airflow/example_dags/example_task_group.py took 0.130 seconds
[2026-01-27 23:28:40,712] {scheduler_job.py:182} INFO - Started process (PID=126) to work on /home/airflow/.local/lib/python3.6/site-packages/airflow/example_dags/example_task_group.py
[2026-01-27 23:28:40,714] {scheduler_job.py:629} INFO - Processing file /home/airflow/.local/lib/python3.6/site-packages/airflow/example_dags/example_task_group.py for tasks to queue
[2026-01-27 23:28:40,716] {logging_mixin.py:104} INFO - [2026-01-27 23:28:40,715] {dagbag.py:448} INFO - Filling up the DagBag from /home/airflow/.local/lib/python3.6/site-packages/airflow/example_dags/example_task_group.py
[2026-01-27 23:28:40,731] {scheduler_job.py:639} INFO - DAG(s) dict_keys(['example_task_group']) retrieved from /home/airflow/.local/lib/python3.6/site-packages/airflow/example_dags/example_task_group.py
[2026-01-27 23:28:40,753] {logging_mixin.py:104} INFO - [2026-01-27 23:28:40,753] {dag.py:1818} INFO - Sync 1 DAGs
[2026-01-27 23:28:40,768] {logging_mixin.py:104} INFO - [2026-01-27 23:28:40,768] {dag.py:2273} INFO - Setting next_dagrun for example_task_group to 2026-01-25 00:00:00+00:00
[2026-01-27 23:28:40,781] {scheduler_job.py:190} INFO - Processing /home/airflow/.local/lib/python3.6/site-packages/airflow/example_dags/example_task_group.py took 0.073 seconds
[2026-01-27 23:29:11,052] {scheduler_job.py:182} INFO - Started process (PID=152) to work on /home/airflow/.local/lib/python3.6/site-packages/airflow/example_dags/example_task_group.py
[2026-01-27 23:29:11,054] {scheduler_job.py:629} INFO - Processing file /home/airflow/.local/lib/python3.6/site-packages/airflow/example_dags/example_task_group.py for tasks to queue
[2026-01-27 23:29:11,055] {logging_mixin.py:104} INFO - [2026-01-27 23:29:11,055] {dagbag.py:448} INFO - Filling up the DagBag from /home/airflow/.local/lib/python3.6/site-packages/airflow/example_dags/example_task_group.py
[2026-01-27 23:29:11,065] {scheduler_job.py:639} INFO - DAG(s) dict_keys(['example_task_group']) retrieved from /home/airflow/.local/lib/python3.6/site-packages/airflow/example_dags/example_task_group.py
[2026-01-27 23:29:11,089] {logging_mixin.py:104} INFO - [2026-01-27 23:29:11,089] {dag.py:1818} INFO - Sync 1 DAGs
[2026-01-27 23:29:11,103] {logging_mixin.py:104} INFO - [2026-01-27 23:29:11,103] {dag.py:2273} INFO - Setting next_dagrun for example_task_group to 2026-01-25 00:00:00+00:00
[2026-01-27 23:29:11,123] {scheduler_job.py:190} INFO - Processing /home/airflow/.local/lib/python3.6/site-packages/airflow/example_dags/example_task_group.py took 0.074 seconds
[2026-01-27 23:29:41,370] {scheduler_job.py:182} INFO - Started process (PID=178) to work on /home/airflow/.local/lib/python3.6/site-packages/airflow/example_dags/example_task_group.py
[2026-01-27 23:29:41,373] {scheduler_job.py:629} INFO - Processing file /home/airflow/.local/lib/python3.6/site-packages/airflow/example_dags/example_task_group.py for tasks to queue
[2026-01-27 23:29:41,374] {logging_mixin.py:104} INFO - [2026-01-27 23:29:41,374] {dagbag.py:448} INFO - Filling up the DagBag from /home/airflow/.local/lib/python3.6/site-packages/airflow/example_dags/example_task_group.py
[2026-01-27 23:29:41,401] {scheduler_job.py:639} INFO - DAG(s) dict_keys(['example_task_group']) retrieved from /home/airflow/.local/lib/python3.6/site-packages/airflow/example_dags/example_task_group.py
[2026-01-27 23:29:41,434] {logging_mixin.py:104} INFO - [2026-01-27 23:29:41,434] {dag.py:1818} INFO - Sync 1 DAGs
[2026-01-27 23:29:41,459] {logging_mixin.py:104} INFO - [2026-01-27 23:29:41,459] {dag.py:2273} INFO - Setting next_dagrun for example_task_group to 2026-01-25 00:00:00+00:00
[2026-01-27 23:29:41,475] {scheduler_job.py:190} INFO - Processing /home/airflow/.local/lib/python3.6/site-packages/airflow/example_dags/example_task_group.py took 0.110 seconds
[2026-01-27 23:30:11,602] {scheduler_job.py:182} INFO - Started process (PID=204) to work on /home/airflow/.local/lib/python3.6/site-packages/airflow/example_dags/example_task_group.py
[2026-01-27 23:30:11,603] {scheduler_job.py:629} INFO - Processing file /home/airflow/.local/lib/python3.6/site-packages/airflow/example_dags/example_task_group.py for tasks to queue
[2026-01-27 23:30:11,604] {logging_mixin.py:104} INFO - [2026-01-27 23:30:11,604] {dagbag.py:448} INFO - Filling up the DagBag from /home/airflow/.local/lib/python3.6/site-packages/airflow/example_dags/example_task_group.py
[2026-01-27 23:30:11,614] {scheduler_job.py:639} INFO - DAG(s) dict_keys(['example_task_group']) retrieved from /home/airflow/.local/lib/python3.6/site-packages/airflow/example_dags/example_task_group.py
[2026-01-27 23:30:11,637] {logging_mixin.py:104} INFO - [2026-01-27 23:30:11,637] {dag.py:1818} INFO - Sync 1 DAGs
[2026-01-27 23:30:11,650] {logging_mixin.py:104} INFO - [2026-01-27 23:30:11,650] {dag.py:2273} INFO - Setting next_dagrun for example_task_group to 2026-01-25 00:00:00+00:00
[2026-01-27 23:30:11,661] {scheduler_job.py:190} INFO - Processing /home/airflow/.local/lib/python3.6/site-packages/airflow/example_dags/example_task_group.py took 0.061 seconds
[2026-01-27 23:30:41,907] {scheduler_job.py:182} INFO - Started process (PID=230) to work on /home/airflow/.local/lib/python3.6/site-packages/airflow/example_dags/example_task_group.py
[2026-01-27 23:30:41,909] {scheduler_job.py:629} INFO - Processing file /home/airflow/.local/lib/python3.6/site-packages/airflow/example_dags/example_task_group.py for tasks to queue
[2026-01-27 23:30:41,910] {logging_mixin.py:104} INFO - [2026-01-27 23:30:41,909] {dagbag.py:448} INFO - Filling up the DagBag from /home/airflow/.local/lib/python3.6/site-packages/airflow/example_dags/example_task_group.py
[2026-01-27 23:30:41,919] {scheduler_job.py:639} INFO - DAG(s) dict_keys(['example_task_group']) retrieved from /home/airflow/.local/lib/python3.6/site-packages/airflow/example_dags/example_task_group.py
[2026-01-27 23:30:41,940] {logging_mixin.py:104} INFO - [2026-01-27 23:30:41,940] {dag.py:1818} INFO - Sync 1 DAGs
[2026-01-27 23:30:41,955] {logging_mixin.py:104} INFO - [2026-01-27 23:30:41,955] {dag.py:2273} INFO - Setting next_dagrun for example_task_group to 2026-01-25 00:00:00+00:00
[2026-01-27 23:30:41,974] {scheduler_job.py:190} INFO - Processing /home/airflow/.local/lib/python3.6/site-packages/airflow/example_dags/example_task_group.py took 0.070 seconds
[2026-01-27 23:31:12,419] {scheduler_job.py:182} INFO - Started process (PID=256) to work on /home/airflow/.local/lib/python3.6/site-packages/airflow/example_dags/example_task_group.py
[2026-01-27 23:31:12,421] {scheduler_job.py:629} INFO - Processing file /home/airflow/.local/lib/python3.6/site-packages/airflow/example_dags/example_task_group.py for tasks to queue
[2026-01-27 23:31:12,422] {logging_mixin.py:104} INFO - [2026-01-27 23:31:12,421] {dagbag.py:448} INFO - Filling up the DagBag from /home/airflow/.local/lib/python3.6/site-packages/airflow/example_dags/example_task_group.py
[2026-01-27 23:31:12,434] {scheduler_job.py:639} INFO - DAG(s) dict_keys(['example_task_group']) retrieved from /home/airflow/.local/lib/python3.6/site-packages/airflow/example_dags/example_task_group.py
[2026-01-27 23:31:12,453] {logging_mixin.py:104} INFO - [2026-01-27 23:31:12,453] {dag.py:1818} INFO - Sync 1 DAGs
[2026-01-27 23:31:12,468] {logging_mixin.py:104} INFO - [2026-01-27 23:31:12,468] {dag.py:2273} INFO - Setting next_dagrun for example_task_group to 2026-01-25 00:00:00+00:00
[2026-01-27 23:31:12,479] {scheduler_job.py:190} INFO - Processing /home/airflow/.local/lib/python3.6/site-packages/airflow/example_dags/example_task_group.py took 0.064 seconds
[2026-01-27T23:36:10.129+0000] {processor.py:161} INFO - Started process (PID=69) to work on /home/airflow/.local/lib/python3.12/site-packages/airflow/example_dags/example_task_group.py
[2026-01-27T23:36:10.135+0000] {processor.py:830} INFO - Processing file /home/airflow/.local/lib/python3.12/site-packages/airflow/example_dags/example_task_group.py for tasks to queue
[2026-01-27T23:36:10.140+0000] {logging_mixin.py:188} INFO - [2026-01-27T23:36:10.139+0000] {dagbag.py:540} INFO - Filling up the DagBag from /home/airflow/.local/lib/python3.12/site-packages/airflow/example_dags/example_task_group.py
[2026-01-27T23:36:10.163+0000] {processor.py:840} INFO - DAG(s) 'example_task_group' retrieved from /home/airflow/.local/lib/python3.12/site-packages/airflow/example_dags/example_task_group.py
[2026-01-27T23:36:10.399+0000] {logging_mixin.py:188} INFO - [2026-01-27T23:36:10.399+0000] {dag.py:3096} INFO - Sync 1 DAGs
[2026-01-27T23:36:10.454+0000] {logging_mixin.py:188} INFO - [2026-01-27T23:36:10.454+0000] {dag.py:3954} INFO - Setting next_dagrun for example_task_group to 2026-01-26 00:00:00+00:00, run_after=2026-01-27 00:00:00+00:00
[2026-01-27T23:36:10.506+0000] {processor.py:183} INFO - Processing /home/airflow/.local/lib/python3.12/site-packages/airflow/example_dags/example_task_group.py took 0.391 seconds
[2026-01-27T23:36:41.035+0000] {processor.py:161} INFO - Started process (PID=121) to work on /home/airflow/.local/lib/python3.12/site-packages/airflow/example_dags/example_task_group.py
[2026-01-27T23:36:41.036+0000] {processor.py:830} INFO - Processing file /home/airflow/.local/lib/python3.12/site-packages/airflow/example_dags/example_task_group.py for tasks to queue
[2026-01-27T23:36:41.038+0000] {logging_mixin.py:188} INFO - [2026-01-27T23:36:41.038+0000] {dagbag.py:540} INFO - Filling up the DagBag from /home/airflow/.local/lib/python3.12/site-packages/airflow/example_dags/example_task_group.py
[2026-01-27T23:36:41.045+0000] {processor.py:840} INFO - DAG(s) 'example_task_group' retrieved from /home/airflow/.local/lib/python3.12/site-packages/airflow/example_dags/example_task_group.py
[2026-01-27T23:36:41.068+0000] {logging_mixin.py:188} INFO - [2026-01-27T23:36:41.068+0000] {dag.py:3096} INFO - Sync 1 DAGs
[2026-01-27T23:36:41.089+0000] {logging_mixin.py:188} INFO - [2026-01-27T23:36:41.089+0000] {dag.py:3954} INFO - Setting next_dagrun for example_task_group to 2026-01-26 00:00:00+00:00, run_after=2026-01-27 00:00:00+00:00
[2026-01-27T23:36:41.110+0000] {processor.py:183} INFO - Processing /home/airflow/.local/lib/python3.12/site-packages/airflow/example_dags/example_task_group.py took 0.081 seconds
[2026-01-27T23:37:11.194+0000] {processor.py:161} INFO - Started process (PID=173) to work on /home/airflow/.local/lib/python3.12/site-packages/airflow/example_dags/example_task_group.py
[2026-01-27T23:37:11.195+0000] {processor.py:830} INFO - Processing file /home/airflow/.local/lib/python3.12/site-packages/airflow/example_dags/example_task_group.py for tasks to queue
[2026-01-27T23:37:11.198+0000] {logging_mixin.py:188} INFO - [2026-01-27T23:37:11.197+0000] {dagbag.py:540} INFO - Filling up the DagBag from /home/airflow/.local/lib/python3.12/site-packages/airflow/example_dags/example_task_group.py
[2026-01-27T23:37:11.204+0000] {processor.py:840} INFO - DAG(s) 'example_task_group' retrieved from /home/airflow/.local/lib/python3.12/site-packages/airflow/example_dags/example_task_group.py
[2026-01-27T23:37:11.225+0000] {logging_mixin.py:188} INFO - [2026-01-27T23:37:11.225+0000] {dag.py:3096} INFO - Sync 1 DAGs
[2026-01-27T23:37:11.246+0000] {logging_mixin.py:188} INFO - [2026-01-27T23:37:11.246+0000] {dag.py:3954} INFO - Setting next_dagrun for example_task_group to 2026-01-26 00:00:00+00:00, run_after=2026-01-27 00:00:00+00:00
[2026-01-27T23:37:11.267+0000] {processor.py:183} INFO - Processing /home/airflow/.local/lib/python3.12/site-packages/airflow/example_dags/example_task_group.py took 0.080 seconds
[2026-01-27T23:37:41.860+0000] {processor.py:161} INFO - Started process (PID=225) to work on /home/airflow/.local/lib/python3.12/site-packages/airflow/example_dags/example_task_group.py
[2026-01-27T23:37:41.861+0000] {processor.py:830} INFO - Processing file /home/airflow/.local/lib/python3.12/site-packages/airflow/example_dags/example_task_group.py for tasks to queue
[2026-01-27T23:37:41.864+0000] {logging_mixin.py:188} INFO - [2026-01-27T23:37:41.863+0000] {dagbag.py:540} INFO - Filling up the DagBag from /home/airflow/.local/lib/python3.12/site-packages/airflow/example_dags/example_task_group.py
[2026-01-27T23:37:41.875+0000] {processor.py:840} INFO - DAG(s) 'example_task_group' retrieved from /home/airflow/.local/lib/python3.12/site-packages/airflow/example_dags/example_task_group.py
[2026-01-27T23:37:41.900+0000] {logging_mixin.py:188} INFO - [2026-01-27T23:37:41.900+0000] {dag.py:3096} INFO - Sync 1 DAGs
[2026-01-27T23:37:41.925+0000] {logging_mixin.py:188} INFO - [2026-01-27T23:37:41.925+0000] {dag.py:3954} INFO - Setting next_dagrun for example_task_group to 2026-01-26 00:00:00+00:00, run_after=2026-01-27 00:00:00+00:00
[2026-01-27T23:37:41.956+0000] {processor.py:183} INFO - Processing /home/airflow/.local/lib/python3.12/site-packages/airflow/example_dags/example_task_group.py took 0.107 seconds
[2026-01-27T23:38:12.231+0000] {processor.py:161} INFO - Started process (PID=277) to work on /home/airflow/.local/lib/python3.12/site-packages/airflow/example_dags/example_task_group.py
[2026-01-27T23:38:12.234+0000] {processor.py:830} INFO - Processing file /home/airflow/.local/lib/python3.12/site-packages/airflow/example_dags/example_task_group.py for tasks to queue
[2026-01-27T23:38:12.237+0000] {logging_mixin.py:188} INFO - [2026-01-27T23:38:12.237+0000] {dagbag.py:540} INFO - Filling up the DagBag from /home/airflow/.local/lib/python3.12/site-packages/airflow/example_dags/example_task_group.py
[2026-01-27T23:38:12.245+0000] {processor.py:840} INFO - DAG(s) 'example_task_group' retrieved from /home/airflow/.local/lib/python3.12/site-packages/airflow/example_dags/example_task_group.py
[2026-01-27T23:38:12.270+0000] {logging_mixin.py:188} INFO - [2026-01-27T23:38:12.270+0000] {dag.py:3096} INFO - Sync 1 DAGs
[2026-01-27T23:38:12.291+0000] {logging_mixin.py:188} INFO - [2026-01-27T23:38:12.290+0000] {dag.py:3954} INFO - Setting next_dagrun for example_task_group to 2026-01-26 00:00:00+00:00, run_after=2026-01-27 00:00:00+00:00
[2026-01-27T23:38:12.312+0000] {processor.py:183} INFO - Processing /home/airflow/.local/lib/python3.12/site-packages/airflow/example_dags/example_task_group.py took 0.089 seconds
[2026-01-27T23:38:42.473+0000] {processor.py:161} INFO - Started process (PID=329) to work on /home/airflow/.local/lib/python3.12/site-packages/airflow/example_dags/example_task_group.py
[2026-01-27T23:38:42.474+0000] {processor.py:830} INFO - Processing file /home/airflow/.local/lib/python3.12/site-packages/airflow/example_dags/example_task_group.py for tasks to queue
[2026-01-27T23:38:42.476+0000] {logging_mixin.py:188} INFO - [2026-01-27T23:38:42.476+0000] {dagbag.py:540} INFO - Filling up the DagBag from /home/airflow/.local/lib/python3.12/site-packages/airflow/example_dags/example_task_group.py
[2026-01-27T23:38:42.483+0000] {processor.py:840} INFO - DAG(s) 'example_task_group' retrieved from /home/airflow/.local/lib/python3.12/site-packages/airflow/example_dags/example_task_group.py
[2026-01-27T23:38:42.504+0000] {logging_mixin.py:188} INFO - [2026-01-27T23:38:42.503+0000] {dag.py:3096} INFO - Sync 1 DAGs
[2026-01-27T23:38:42.523+0000] {logging_mixin.py:188} INFO - [2026-01-27T23:38:42.523+0000] {dag.py:3954} INFO - Setting next_dagrun for example_task_group to 2026-01-26 00:00:00+00:00, run_after=2026-01-27 00:00:00+00:00
[2026-01-27T23:38:42.541+0000] {processor.py:183} INFO - Processing /home/airflow/.local/lib/python3.12/site-packages/airflow/example_dags/example_task_group.py took 0.074 seconds
[2026-01-27T23:39:13.092+0000] {processor.py:161} INFO - Started process (PID=381) to work on /home/airflow/.local/lib/python3.12/site-packages/airflow/example_dags/example_task_group.py
[2026-01-27T23:39:13.093+0000] {processor.py:830} INFO - Processing file /home/airflow/.local/lib/python3.12/site-packages/airflow/example_dags/example_task_group.py for tasks to queue
[2026-01-27T23:39:13.096+0000] {logging_mixin.py:188} INFO - [2026-01-27T23:39:13.096+0000] {dagbag.py:540} INFO - Filling up the DagBag from /home/airflow/.local/lib/python3.12/site-packages/airflow/example_dags/example_task_group.py
[2026-01-27T23:39:13.105+0000] {processor.py:840} INFO - DAG(s) 'example_task_group' retrieved from /home/airflow/.local/lib/python3.12/site-packages/airflow/example_dags/example_task_group.py
[2026-01-27T23:39:13.133+0000] {logging_mixin.py:188} INFO - [2026-01-27T23:39:13.132+0000] {dag.py:3096} INFO - Sync 1 DAGs
[2026-01-27T23:39:13.160+0000] {logging_mixin.py:188} INFO - [2026-01-27T23:39:13.159+0000] {dag.py:3954} INFO - Setting next_dagrun for example_task_group to 2026-01-26 00:00:00+00:00, run_after=2026-01-27 00:00:00+00:00
[2026-01-27T23:39:13.182+0000] {processor.py:183} INFO - Processing /home/airflow/.local/lib/python3.12/site-packages/airflow/example_dags/example_task_group.py took 0.097 seconds
[2026-01-27T23:39:43.879+0000] {processor.py:161} INFO - Started process (PID=433) to work on /home/airflow/.local/lib/python3.12/site-packages/airflow/example_dags/example_task_group.py
[2026-01-27T23:39:43.881+0000] {processor.py:830} INFO - Processing file /home/airflow/.local/lib/python3.12/site-packages/airflow/example_dags/example_task_group.py for tasks to queue
[2026-01-27T23:39:43.884+0000] {logging_mixin.py:188} INFO - [2026-01-27T23:39:43.884+0000] {dagbag.py:540} INFO - Filling up the DagBag from /home/airflow/.local/lib/python3.12/site-packages/airflow/example_dags/example_task_group.py
[2026-01-27T23:39:43.896+0000] {processor.py:840} INFO - DAG(s) 'example_task_group' retrieved from /home/airflow/.local/lib/python3.12/site-packages/airflow/example_dags/example_task_group.py
[2026-01-27T23:39:43.931+0000] {logging_mixin.py:188} INFO - [2026-01-27T23:39:43.930+0000] {dag.py:3096} INFO - Sync 1 DAGs
[2026-01-27T23:39:43.962+0000] {logging_mixin.py:188} INFO - [2026-01-27T23:39:43.962+0000] {dag.py:3954} INFO - Setting next_dagrun for example_task_group to 2026-01-26 00:00:00+00:00, run_after=2026-01-27 00:00:00+00:00
[2026-01-27T23:39:43.990+0000] {processor.py:183} INFO - Processing /home/airflow/.local/lib/python3.12/site-packages/airflow/example_dags/example_task_group.py took 0.121 seconds
[2026-01-27T23:40:14.925+0000] {processor.py:161} INFO - Started process (PID=485) to work on /home/airflow/.local/lib/python3.12/site-packages/airflow/example_dags/example_task_group.py
[2026-01-27T23:40:14.927+0000] {processor.py:830} INFO - Processing file /home/airflow/.local/lib/python3.12/site-packages/airflow/example_dags/example_task_group.py for tasks to queue
[2026-01-27T23:40:14.931+0000] {logging_mixin.py:188} INFO - [2026-01-27T23:40:14.931+0000] {dagbag.py:540} INFO - Filling up the DagBag from /home/airflow/.local/lib/python3.12/site-packages/airflow/example_dags/example_task_group.py
[2026-01-27T23:40:14.946+0000] {processor.py:840} INFO - DAG(s) 'example_task_group' retrieved from /home/airflow/.local/lib/python3.12/site-packages/airflow/example_dags/example_task_group.py
[2026-01-27T23:40:14.981+0000] {logging_mixin.py:188} INFO - [2026-01-27T23:40:14.981+0000] {dag.py:3096} INFO - Sync 1 DAGs
[2026-01-27T23:40:15.021+0000] {logging_mixin.py:188} INFO - [2026-01-27T23:40:15.020+0000] {dag.py:3954} INFO - Setting next_dagrun for example_task_group to 2026-01-26 00:00:00+00:00, run_after=2026-01-27 00:00:00+00:00
[2026-01-27T23:40:15.055+0000] {processor.py:183} INFO - Processing /home/airflow/.local/lib/python3.12/site-packages/airflow/example_dags/example_task_group.py took 0.142 seconds
[2026-01-27T23:40:45.534+0000] {processor.py:161} INFO - Started process (PID=537) to work on /home/airflow/.local/lib/python3.12/site-packages/airflow/example_dags/example_task_group.py
[2026-01-27T23:40:45.536+0000] {processor.py:830} INFO - Processing file /home/airflow/.local/lib/python3.12/site-packages/airflow/example_dags/example_task_group.py for tasks to queue
[2026-01-27T23:40:45.538+0000] {logging_mixin.py:188} INFO - [2026-01-27T23:40:45.537+0000] {dagbag.py:540} INFO - Filling up the DagBag from /home/airflow/.local/lib/python3.12/site-packages/airflow/example_dags/example_task_group.py
[2026-01-27T23:40:45.547+0000] {processor.py:840} INFO - DAG(s) 'example_task_group' retrieved from /home/airflow/.local/lib/python3.12/site-packages/airflow/example_dags/example_task_group.py
[2026-01-27T23:40:45.569+0000] {logging_mixin.py:188} INFO - [2026-01-27T23:40:45.569+0000] {dag.py:3096} INFO - Sync 1 DAGs
[2026-01-27T23:40:45.593+0000] {logging_mixin.py:188} INFO - [2026-01-27T23:40:45.593+0000] {dag.py:3954} INFO - Setting next_dagrun for example_task_group to 2026-01-26 00:00:00+00:00, run_after=2026-01-27 00:00:00+00:00
[2026-01-27T23:40:45.615+0000] {processor.py:183} INFO - Processing /home/airflow/.local/lib/python3.12/site-packages/airflow/example_dags/example_task_group.py took 0.086 seconds
[2026-01-27T23:41:16.557+0000] {processor.py:161} INFO - Started process (PID=589) to work on /home/airflow/.local/lib/python3.12/site-packages/airflow/example_dags/example_task_group.py
[2026-01-27T23:41:16.559+0000] {processor.py:830} INFO - Processing file /home/airflow/.local/lib/python3.12/site-packages/airflow/example_dags/example_task_group.py for tasks to queue
[2026-01-27T23:41:16.563+0000] {logging_mixin.py:188} INFO - [2026-01-27T23:41:16.562+0000] {dagbag.py:540} INFO - Filling up the DagBag from /home/airflow/.local/lib/python3.12/site-packages/airflow/example_dags/example_task_group.py
[2026-01-27T23:41:16.573+0000] {processor.py:840} INFO - DAG(s) 'example_task_group' retrieved from /home/airflow/.local/lib/python3.12/site-packages/airflow/example_dags/example_task_group.py
[2026-01-27T23:41:16.608+0000] {logging_mixin.py:188} INFO - [2026-01-27T23:41:16.608+0000] {dag.py:3096} INFO - Sync 1 DAGs
[2026-01-27T23:41:16.638+0000] {logging_mixin.py:188} INFO - [2026-01-27T23:41:16.638+0000] {dag.py:3954} INFO - Setting next_dagrun for example_task_group to 2026-01-26 00:00:00+00:00, run_after=2026-01-27 00:00:00+00:00
[2026-01-27T23:41:16.667+0000] {processor.py:183} INFO - Processing /home/airflow/.local/lib/python3.12/site-packages/airflow/example_dags/example_task_group.py took 0.118 seconds
[2026-01-27T23:41:47.086+0000] {processor.py:161} INFO - Started process (PID=641) to work on /home/airflow/.local/lib/python3.12/site-packages/airflow/example_dags/example_task_group.py
[2026-01-27T23:41:47.088+0000] {processor.py:830} INFO - Processing file /home/airflow/.local/lib/python3.12/site-packages/airflow/example_dags/example_task_group.py for tasks to queue
[2026-01-27T23:41:47.091+0000] {logging_mixin.py:188} INFO - [2026-01-27T23:41:47.090+0000] {dagbag.py:540} INFO - Filling up the DagBag from /home/airflow/.local/lib/python3.12/site-packages/airflow/example_dags/example_task_group.py
[2026-01-27T23:41:47.110+0000] {processor.py:840} INFO - DAG(s) 'example_task_group' retrieved from /home/airflow/.local/lib/python3.12/site-packages/airflow/example_dags/example_task_group.py
[2026-01-27T23:41:47.177+0000] {logging_mixin.py:188} INFO - [2026-01-27T23:41:47.176+0000] {dag.py:3096} INFO - Sync 1 DAGs
[2026-01-27T23:41:47.266+0000] {logging_mixin.py:188} INFO - [2026-01-27T23:41:47.265+0000] {dag.py:3954} INFO - Setting next_dagrun for example_task_group to 2026-01-26 00:00:00+00:00, run_after=2026-01-27 00:00:00+00:00
[2026-01-27T23:41:47.312+0000] {processor.py:183} INFO - Processing /home/airflow/.local/lib/python3.12/site-packages/airflow/example_dags/example_task_group.py took 0.235 seconds
[2026-01-27T23:42:17.981+0000] {processor.py:161} INFO - Started process (PID=693) to work on /home/airflow/.local/lib/python3.12/site-packages/airflow/example_dags/example_task_group.py
[2026-01-27T23:42:17.982+0000] {processor.py:830} INFO - Processing file /home/airflow/.local/lib/python3.12/site-packages/airflow/example_dags/example_task_group.py for tasks to queue
[2026-01-27T23:42:17.984+0000] {logging_mixin.py:188} INFO - [2026-01-27T23:42:17.984+0000] {dagbag.py:540} INFO - Filling up the DagBag from /home/airflow/.local/lib/python3.12/site-packages/airflow/example_dags/example_task_group.py
[2026-01-27T23:42:17.993+0000] {processor.py:840} INFO - DAG(s) 'example_task_group' retrieved from /home/airflow/.local/lib/python3.12/site-packages/airflow/example_dags/example_task_group.py
[2026-01-27T23:42:18.022+0000] {logging_mixin.py:188} INFO - [2026-01-27T23:42:18.021+0000] {dag.py:3096} INFO - Sync 1 DAGs
[2026-01-27T23:42:18.052+0000] {logging_mixin.py:188} INFO - [2026-01-27T23:42:18.052+0000] {dag.py:3954} INFO - Setting next_dagrun for example_task_group to 2026-01-26 00:00:00+00:00, run_after=2026-01-27 00:00:00+00:00
[2026-01-27T23:42:18.077+0000] {processor.py:183} INFO - Processing /home/airflow/.local/lib/python3.12/site-packages/airflow/example_dags/example_task_group.py took 0.103 seconds
[2026-01-27T23:42:48.329+0000] {processor.py:161} INFO - Started process (PID=745) to work on /home/airflow/.local/lib/python3.12/site-packages/airflow/example_dags/example_task_group.py
[2026-01-27T23:42:48.331+0000] {processor.py:830} INFO - Processing file /home/airflow/.local/lib/python3.12/site-packages/airflow/example_dags/example_task_group.py for tasks to queue
[2026-01-27T23:42:48.334+0000] {logging_mixin.py:188} INFO - [2026-01-27T23:42:48.333+0000] {dagbag.py:540} INFO - Filling up the DagBag from /home/airflow/.local/lib/python3.12/site-packages/airflow/example_dags/example_task_group.py
[2026-01-27T23:42:48.344+0000] {processor.py:840} INFO - DAG(s) 'example_task_group' retrieved from /home/airflow/.local/lib/python3.12/site-packages/airflow/example_dags/example_task_group.py
[2026-01-27T23:42:48.388+0000] {logging_mixin.py:188} INFO - [2026-01-27T23:42:48.378+0000] {dag.py:3096} INFO - Sync 1 DAGs
[2026-01-27T23:42:48.466+0000] {logging_mixin.py:188} INFO - [2026-01-27T23:42:48.466+0000] {dag.py:3954} INFO - Setting next_dagrun for example_task_group to 2026-01-26 00:00:00+00:00, run_after=2026-01-27 00:00:00+00:00
[2026-01-27T23:42:48.506+0000] {processor.py:183} INFO - Processing /home/airflow/.local/lib/python3.12/site-packages/airflow/example_dags/example_task_group.py took 0.184 seconds
[2026-01-27T23:43:18.837+0000] {processor.py:161} INFO - Started process (PID=797) to work on /home/airflow/.local/lib/python3.12/site-packages/airflow/example_dags/example_task_group.py
[2026-01-27T23:43:18.839+0000] {processor.py:830} INFO - Processing file /home/airflow/.local/lib/python3.12/site-packages/airflow/example_dags/example_task_group.py for tasks to queue
[2026-01-27T23:43:18.841+0000] {logging_mixin.py:188} INFO - [2026-01-27T23:43:18.840+0000] {dagbag.py:540} INFO - Filling up the DagBag from /home/airflow/.local/lib/python3.12/site-packages/airflow/example_dags/example_task_group.py
[2026-01-27T23:43:18.850+0000] {processor.py:840} INFO - DAG(s) 'example_task_group' retrieved from /home/airflow/.local/lib/python3.12/site-packages/airflow/example_dags/example_task_group.py
[2026-01-27T23:43:18.876+0000] {logging_mixin.py:188} INFO - [2026-01-27T23:43:18.876+0000] {dag.py:3096} INFO - Sync 1 DAGs
[2026-01-27T23:43:18.905+0000] {logging_mixin.py:188} INFO - [2026-01-27T23:43:18.905+0000] {dag.py:3954} INFO - Setting next_dagrun for example_task_group to 2026-01-26 00:00:00+00:00, run_after=2026-01-27 00:00:00+00:00
[2026-01-27T23:43:18.930+0000] {processor.py:183} INFO - Processing /home/airflow/.local/lib/python3.12/site-packages/airflow/example_dags/example_task_group.py took 0.100 seconds
[2026-01-27T23:43:49.492+0000] {processor.py:161} INFO - Started process (PID=849) to work on /home/airflow/.local/lib/python3.12/site-packages/airflow/example_dags/example_task_group.py
[2026-01-27T23:43:49.494+0000] {processor.py:830} INFO - Processing file /home/airflow/.local/lib/python3.12/site-packages/airflow/example_dags/example_task_group.py for tasks to queue
[2026-01-27T23:43:49.496+0000] {logging_mixin.py:188} INFO - [2026-01-27T23:43:49.496+0000] {dagbag.py:540} INFO - Filling up the DagBag from /home/airflow/.local/lib/python3.12/site-packages/airflow/example_dags/example_task_group.py
[2026-01-27T23:43:49.504+0000] {processor.py:840} INFO - DAG(s) 'example_task_group' retrieved from /home/airflow/.local/lib/python3.12/site-packages/airflow/example_dags/example_task_group.py
[2026-01-27T23:43:49.531+0000] {logging_mixin.py:188} INFO - [2026-01-27T23:43:49.530+0000] {dag.py:3096} INFO - Sync 1 DAGs
[2026-01-27T23:43:49.557+0000] {logging_mixin.py:188} INFO - [2026-01-27T23:43:49.557+0000] {dag.py:3954} INFO - Setting next_dagrun for example_task_group to 2026-01-26 00:00:00+00:00, run_after=2026-01-27 00:00:00+00:00
[2026-01-27T23:43:49.581+0000] {processor.py:183} INFO - Processing /home/airflow/.local/lib/python3.12/site-packages/airflow/example_dags/example_task_group.py took 0.095 seconds
[2026-01-27T23:44:20.037+0000] {processor.py:161} INFO - Started process (PID=901) to work on /home/airflow/.local/lib/python3.12/site-packages/airflow/example_dags/example_task_group.py
[2026-01-27T23:44:20.039+0000] {processor.py:830} INFO - Processing file /home/airflow/.local/lib/python3.12/site-packages/airflow/example_dags/example_task_group.py for tasks to queue
[2026-01-27T23:44:20.041+0000] {logging_mixin.py:188} INFO - [2026-01-27T23:44:20.041+0000] {dagbag.py:540} INFO - Filling up the DagBag from /home/airflow/.local/lib/python3.12/site-packages/airflow/example_dags/example_task_group.py
[2026-01-27T23:44:20.052+0000] {processor.py:840} INFO - DAG(s) 'example_task_group' retrieved from /home/airflow/.local/lib/python3.12/site-packages/airflow/example_dags/example_task_group.py
[2026-01-27T23:44:20.076+0000] {logging_mixin.py:188} INFO - [2026-01-27T23:44:20.075+0000] {dag.py:3096} INFO - Sync 1 DAGs
[2026-01-27T23:44:20.102+0000] {logging_mixin.py:188} INFO - [2026-01-27T23:44:20.102+0000] {dag.py:3954} INFO - Setting next_dagrun for example_task_group to 2026-01-26 00:00:00+00:00, run_after=2026-01-27 00:00:00+00:00
[2026-01-27T23:44:20.125+0000] {processor.py:183} INFO - Processing /home/airflow/.local/lib/python3.12/site-packages/airflow/example_dags/example_task_group.py took 0.100 seconds
[2026-01-27T23:44:50.248+0000] {processor.py:161} INFO - Started process (PID=953) to work on /home/airflow/.local/lib/python3.12/site-packages/airflow/example_dags/example_task_group.py
[2026-01-27T23:44:50.249+0000] {processor.py:830} INFO - Processing file /home/airflow/.local/lib/python3.12/site-packages/airflow/example_dags/example_task_group.py for tasks to queue
[2026-01-27T23:44:50.251+0000] {logging_mixin.py:188} INFO - [2026-01-27T23:44:50.251+0000] {dagbag.py:540} INFO - Filling up the DagBag from /home/airflow/.local/lib/python3.12/site-packages/airflow/example_dags/example_task_group.py
[2026-01-27T23:44:50.258+0000] {processor.py:840} INFO - DAG(s) 'example_task_group' retrieved from /home/airflow/.local/lib/python3.12/site-packages/airflow/example_dags/example_task_group.py
[2026-01-27T23:44:50.278+0000] {logging_mixin.py:188} INFO - [2026-01-27T23:44:50.278+0000] {dag.py:3096} INFO - Sync 1 DAGs
[2026-01-27T23:44:50.297+0000] {logging_mixin.py:188} INFO - [2026-01-27T23:44:50.297+0000] {dag.py:3954} INFO - Setting next_dagrun for example_task_group to 2026-01-26 00:00:00+00:00, run_after=2026-01-27 00:00:00+00:00
[2026-01-27T23:44:50.316+0000] {processor.py:183} INFO - Processing /home/airflow/.local/lib/python3.12/site-packages/airflow/example_dags/example_task_group.py took 0.074 seconds
[2026-01-27T23:45:21.336+0000] {processor.py:161} INFO - Started process (PID=1005) to work on /home/airflow/.local/lib/python3.12/site-packages/airflow/example_dags/example_task_group.py
[2026-01-27T23:45:21.337+0000] {processor.py:830} INFO - Processing file /home/airflow/.local/lib/python3.12/site-packages/airflow/example_dags/example_task_group.py for tasks to queue
[2026-01-27T23:45:21.339+0000] {logging_mixin.py:188} INFO - [2026-01-27T23:45:21.339+0000] {dagbag.py:540} INFO - Filling up the DagBag from /home/airflow/.local/lib/python3.12/site-packages/airflow/example_dags/example_task_group.py
[2026-01-27T23:45:21.347+0000] {processor.py:840} INFO - DAG(s) 'example_task_group' retrieved from /home/airflow/.local/lib/python3.12/site-packages/airflow/example_dags/example_task_group.py
[2026-01-27T23:45:21.371+0000] {logging_mixin.py:188} INFO - [2026-01-27T23:45:21.371+0000] {dag.py:3096} INFO - Sync 1 DAGs
[2026-01-27T23:45:21.533+0000] {logging_mixin.py:188} INFO - [2026-01-27T23:45:21.533+0000] {dag.py:3954} INFO - Setting next_dagrun for example_task_group to 2026-01-26 00:00:00+00:00, run_after=2026-01-27 00:00:00+00:00
[2026-01-27T23:45:21.553+0000] {processor.py:183} INFO - Processing /home/airflow/.local/lib/python3.12/site-packages/airflow/example_dags/example_task_group.py took 0.223 seconds
[2026-01-27T23:45:51.606+0000] {processor.py:161} INFO - Started process (PID=1057) to work on /home/airflow/.local/lib/python3.12/site-packages/airflow/example_dags/example_task_group.py
[2026-01-27T23:45:51.607+0000] {processor.py:830} INFO - Processing file /home/airflow/.local/lib/python3.12/site-packages/airflow/example_dags/example_task_group.py for tasks to queue
[2026-01-27T23:45:51.609+0000] {logging_mixin.py:188} INFO - [2026-01-27T23:45:51.609+0000] {dagbag.py:540} INFO - Filling up the DagBag from /home/airflow/.local/lib/python3.12/site-packages/airflow/example_dags/example_task_group.py
[2026-01-27T23:45:51.616+0000] {processor.py:840} INFO - DAG(s) 'example_task_group' retrieved from /home/airflow/.local/lib/python3.12/site-packages/airflow/example_dags/example_task_group.py
[2026-01-27T23:45:51.641+0000] {logging_mixin.py:188} INFO - [2026-01-27T23:45:51.640+0000] {dag.py:3096} INFO - Sync 1 DAGs
[2026-01-27T23:45:51.660+0000] {logging_mixin.py:188} INFO - [2026-01-27T23:45:51.660+0000] {dag.py:3954} INFO - Setting next_dagrun for example_task_group to 2026-01-26 00:00:00+00:00, run_after=2026-01-27 00:00:00+00:00
[2026-01-27T23:45:51.679+0000] {processor.py:183} INFO - Processing /home/airflow/.local/lib/python3.12/site-packages/airflow/example_dags/example_task_group.py took 0.080 seconds
[2026-01-27T23:46:22.001+0000] {processor.py:161} INFO - Started process (PID=1109) to work on /home/airflow/.local/lib/python3.12/site-packages/airflow/example_dags/example_task_group.py
[2026-01-27T23:46:22.002+0000] {processor.py:830} INFO - Processing file /home/airflow/.local/lib/python3.12/site-packages/airflow/example_dags/example_task_group.py for tasks to queue
[2026-01-27T23:46:22.004+0000] {logging_mixin.py:188} INFO - [2026-01-27T23:46:22.004+0000] {dagbag.py:540} INFO - Filling up the DagBag from /home/airflow/.local/lib/python3.12/site-packages/airflow/example_dags/example_task_group.py
[2026-01-27T23:46:22.011+0000] {processor.py:840} INFO - DAG(s) 'example_task_group' retrieved from /home/airflow/.local/lib/python3.12/site-packages/airflow/example_dags/example_task_group.py
[2026-01-27T23:46:22.031+0000] {logging_mixin.py:188} INFO - [2026-01-27T23:46:22.031+0000] {dag.py:3096} INFO - Sync 1 DAGs
[2026-01-27T23:46:22.050+0000] {logging_mixin.py:188} INFO - [2026-01-27T23:46:22.050+0000] {dag.py:3954} INFO - Setting next_dagrun for example_task_group to 2026-01-26 00:00:00+00:00, run_after=2026-01-27 00:00:00+00:00
[2026-01-27T23:46:22.075+0000] {processor.py:183} INFO - Processing /home/airflow/.local/lib/python3.12/site-packages/airflow/example_dags/example_task_group.py took 0.080 seconds
[2026-01-27T23:46:52.936+0000] {processor.py:161} INFO - Started process (PID=1161) to work on /home/airflow/.local/lib/python3.12/site-packages/airflow/example_dags/example_task_group.py
[2026-01-27T23:46:52.938+0000] {processor.py:830} INFO - Processing file /home/airflow/.local/lib/python3.12/site-packages/airflow/example_dags/example_task_group.py for tasks to queue
[2026-01-27T23:46:52.941+0000] {logging_mixin.py:188} INFO - [2026-01-27T23:46:52.940+0000] {dagbag.py:540} INFO - Filling up the DagBag from /home/airflow/.local/lib/python3.12/site-packages/airflow/example_dags/example_task_group.py
[2026-01-27T23:46:52.952+0000] {processor.py:840} INFO - DAG(s) 'example_task_group' retrieved from /home/airflow/.local/lib/python3.12/site-packages/airflow/example_dags/example_task_group.py
[2026-01-27T23:46:53.167+0000] {logging_mixin.py:188} INFO - [2026-01-27T23:46:53.167+0000] {dag.py:3096} INFO - Sync 1 DAGs
[2026-01-27T23:46:53.196+0000] {logging_mixin.py:188} INFO - [2026-01-27T23:46:53.196+0000] {dag.py:3954} INFO - Setting next_dagrun for example_task_group to 2026-01-26 00:00:00+00:00, run_after=2026-01-27 00:00:00+00:00
[2026-01-27T23:46:53.227+0000] {processor.py:183} INFO - Processing /home/airflow/.local/lib/python3.12/site-packages/airflow/example_dags/example_task_group.py took 0.302 seconds
[2026-01-27T23:47:23.734+0000] {processor.py:161} INFO - Started process (PID=1213) to work on /home/airflow/.local/lib/python3.12/site-packages/airflow/example_dags/example_task_group.py
[2026-01-27T23:47:23.736+0000] {processor.py:830} INFO - Processing file /home/airflow/.local/lib/python3.12/site-packages/airflow/example_dags/example_task_group.py for tasks to queue
[2026-01-27T23:47:23.738+0000] {logging_mixin.py:188} INFO - [2026-01-27T23:47:23.738+0000] {dagbag.py:540} INFO - Filling up the DagBag from /home/airflow/.local/lib/python3.12/site-packages/airflow/example_dags/example_task_group.py
[2026-01-27T23:47:23.748+0000] {processor.py:840} INFO - DAG(s) 'example_task_group' retrieved from /home/airflow/.local/lib/python3.12/site-packages/airflow/example_dags/example_task_group.py
[2026-01-27T23:47:23.803+0000] {logging_mixin.py:188} INFO - [2026-01-27T23:47:23.803+0000] {dag.py:3096} INFO - Sync 1 DAGs
[2026-01-27T23:47:24.075+0000] {logging_mixin.py:188} INFO - [2026-01-27T23:47:24.074+0000] {dag.py:3954} INFO - Setting next_dagrun for example_task_group to 2026-01-26 00:00:00+00:00, run_after=2026-01-27 00:00:00+00:00
[2026-01-27T23:47:24.109+0000] {processor.py:183} INFO - Processing /home/airflow/.local/lib/python3.12/site-packages/airflow/example_dags/example_task_group.py took 0.387 seconds
[2026-01-27T23:47:54.672+0000] {processor.py:161} INFO - Started process (PID=1265) to work on /home/airflow/.local/lib/python3.12/site-packages/airflow/example_dags/example_task_group.py
[2026-01-27T23:47:54.674+0000] {processor.py:830} INFO - Processing file /home/airflow/.local/lib/python3.12/site-packages/airflow/example_dags/example_task_group.py for tasks to queue
[2026-01-27T23:47:54.681+0000] {logging_mixin.py:188} INFO - [2026-01-27T23:47:54.680+0000] {dagbag.py:540} INFO - Filling up the DagBag from /home/airflow/.local/lib/python3.12/site-packages/airflow/example_dags/example_task_group.py
[2026-01-27T23:47:54.705+0000] {processor.py:840} INFO - DAG(s) 'example_task_group' retrieved from /home/airflow/.local/lib/python3.12/site-packages/airflow/example_dags/example_task_group.py
[2026-01-27T23:47:54.764+0000] {logging_mixin.py:188} INFO - [2026-01-27T23:47:54.764+0000] {dag.py:3096} INFO - Sync 1 DAGs
[2026-01-27T23:47:54.826+0000] {logging_mixin.py:188} INFO - [2026-01-27T23:47:54.825+0000] {dag.py:3954} INFO - Setting next_dagrun for example_task_group to 2026-01-26 00:00:00+00:00, run_after=2026-01-27 00:00:00+00:00
[2026-01-27T23:47:54.888+0000] {processor.py:183} INFO - Processing /home/airflow/.local/lib/python3.12/site-packages/airflow/example_dags/example_task_group.py took 0.232 seconds
[2026-01-27T23:48:25.388+0000] {processor.py:161} INFO - Started process (PID=1317) to work on /home/airflow/.local/lib/python3.12/site-packages/airflow/example_dags/example_task_group.py
[2026-01-27T23:48:25.389+0000] {processor.py:830} INFO - Processing file /home/airflow/.local/lib/python3.12/site-packages/airflow/example_dags/example_task_group.py for tasks to queue
[2026-01-27T23:48:25.391+0000] {logging_mixin.py:188} INFO - [2026-01-27T23:48:25.391+0000] {dagbag.py:540} INFO - Filling up the DagBag from /home/airflow/.local/lib/python3.12/site-packages/airflow/example_dags/example_task_group.py
[2026-01-27T23:48:25.398+0000] {processor.py:840} INFO - DAG(s) 'example_task_group' retrieved from /home/airflow/.local/lib/python3.12/site-packages/airflow/example_dags/example_task_group.py
[2026-01-27T23:48:25.419+0000] {logging_mixin.py:188} INFO - [2026-01-27T23:48:25.418+0000] {dag.py:3096} INFO - Sync 1 DAGs
[2026-01-27T23:48:25.441+0000] {logging_mixin.py:188} INFO - [2026-01-27T23:48:25.440+0000] {dag.py:3954} INFO - Setting next_dagrun for example_task_group to 2026-01-26 00:00:00+00:00, run_after=2026-01-27 00:00:00+00:00
[2026-01-27T23:48:25.461+0000] {processor.py:183} INFO - Processing /home/airflow/.local/lib/python3.12/site-packages/airflow/example_dags/example_task_group.py took 0.079 seconds
[2026-01-27T23:48:55.933+0000] {processor.py:161} INFO - Started process (PID=1369) to work on /home/airflow/.local/lib/python3.12/site-packages/airflow/example_dags/example_task_group.py
[2026-01-27T23:48:55.937+0000] {processor.py:830} INFO - Processing file /home/airflow/.local/lib/python3.12/site-packages/airflow/example_dags/example_task_group.py for tasks to queue
[2026-01-27T23:48:55.947+0000] {logging_mixin.py:188} INFO - [2026-01-27T23:48:55.946+0000] {dagbag.py:540} INFO - Filling up the DagBag from /home/airflow/.local/lib/python3.12/site-packages/airflow/example_dags/example_task_group.py
[2026-01-27T23:48:55.974+0000] {processor.py:840} INFO - DAG(s) 'example_task_group' retrieved from /home/airflow/.local/lib/python3.12/site-packages/airflow/example_dags/example_task_group.py
[2026-01-27T23:48:56.044+0000] {logging_mixin.py:188} INFO - [2026-01-27T23:48:56.043+0000] {dag.py:3096} INFO - Sync 1 DAGs
[2026-01-27T23:48:56.125+0000] {logging_mixin.py:188} INFO - [2026-01-27T23:48:56.125+0000] {dag.py:3954} INFO - Setting next_dagrun for example_task_group to 2026-01-26 00:00:00+00:00, run_after=2026-01-27 00:00:00+00:00
[2026-01-27T23:48:56.161+0000] {processor.py:183} INFO - Processing /home/airflow/.local/lib/python3.12/site-packages/airflow/example_dags/example_task_group.py took 0.250 seconds
[2026-01-27T23:49:26.660+0000] {processor.py:161} INFO - Started process (PID=1421) to work on /home/airflow/.local/lib/python3.12/site-packages/airflow/example_dags/example_task_group.py
[2026-01-27T23:49:26.661+0000] {processor.py:830} INFO - Processing file /home/airflow/.local/lib/python3.12/site-packages/airflow/example_dags/example_task_group.py for tasks to queue
[2026-01-27T23:49:26.664+0000] {logging_mixin.py:188} INFO - [2026-01-27T23:49:26.664+0000] {dagbag.py:540} INFO - Filling up the DagBag from /home/airflow/.local/lib/python3.12/site-packages/airflow/example_dags/example_task_group.py
[2026-01-27T23:49:26.673+0000] {processor.py:840} INFO - DAG(s) 'example_task_group' retrieved from /home/airflow/.local/lib/python3.12/site-packages/airflow/example_dags/example_task_group.py
[2026-01-27T23:49:26.699+0000] {logging_mixin.py:188} INFO - [2026-01-27T23:49:26.698+0000] {dag.py:3096} INFO - Sync 1 DAGs
[2026-01-27T23:49:26.724+0000] {logging_mixin.py:188} INFO - [2026-01-27T23:49:26.723+0000] {dag.py:3954} INFO - Setting next_dagrun for example_task_group to 2026-01-26 00:00:00+00:00, run_after=2026-01-27 00:00:00+00:00
[2026-01-27T23:49:26.746+0000] {processor.py:183} INFO - Processing /home/airflow/.local/lib/python3.12/site-packages/airflow/example_dags/example_task_group.py took 0.094 seconds
[2026-01-27T23:49:56.834+0000] {processor.py:161} INFO - Started process (PID=1473) to work on /home/airflow/.local/lib/python3.12/site-packages/airflow/example_dags/example_task_group.py
[2026-01-27T23:49:56.835+0000] {processor.py:830} INFO - Processing file /home/airflow/.local/lib/python3.12/site-packages/airflow/example_dags/example_task_group.py for tasks to queue
[2026-01-27T23:49:56.837+0000] {logging_mixin.py:188} INFO - [2026-01-27T23:49:56.836+0000] {dagbag.py:540} INFO - Filling up the DagBag from /home/airflow/.local/lib/python3.12/site-packages/airflow/example_dags/example_task_group.py
[2026-01-27T23:49:56.844+0000] {processor.py:840} INFO - DAG(s) 'example_task_group' retrieved from /home/airflow/.local/lib/python3.12/site-packages/airflow/example_dags/example_task_group.py
[2026-01-27T23:49:56.865+0000] {logging_mixin.py:188} INFO - [2026-01-27T23:49:56.865+0000] {dag.py:3096} INFO - Sync 1 DAGs
[2026-01-27T23:49:56.885+0000] {logging_mixin.py:188} INFO - [2026-01-27T23:49:56.885+0000] {dag.py:3954} INFO - Setting next_dagrun for example_task_group to 2026-01-26 00:00:00+00:00, run_after=2026-01-27 00:00:00+00:00
[2026-01-27T23:49:56.909+0000] {processor.py:183} INFO - Processing /home/airflow/.local/lib/python3.12/site-packages/airflow/example_dags/example_task_group.py took 0.082 seconds
[2026-01-27T23:50:27.327+0000] {processor.py:161} INFO - Started process (PID=1525) to work on /home/airflow/.local/lib/python3.12/site-packages/airflow/example_dags/example_task_group.py
[2026-01-27T23:50:27.328+0000] {processor.py:830} INFO - Processing file /home/airflow/.local/lib/python3.12/site-packages/airflow/example_dags/example_task_group.py for tasks to queue
[2026-01-27T23:50:27.330+0000] {logging_mixin.py:188} INFO - [2026-01-27T23:50:27.329+0000] {dagbag.py:540} INFO - Filling up the DagBag from /home/airflow/.local/lib/python3.12/site-packages/airflow/example_dags/example_task_group.py
[2026-01-27T23:50:27.337+0000] {processor.py:840} INFO - DAG(s) 'example_task_group' retrieved from /home/airflow/.local/lib/python3.12/site-packages/airflow/example_dags/example_task_group.py
[2026-01-27T23:50:27.358+0000] {logging_mixin.py:188} INFO - [2026-01-27T23:50:27.358+0000] {dag.py:3096} INFO - Sync 1 DAGs
[2026-01-27T23:50:27.379+0000] {logging_mixin.py:188} INFO - [2026-01-27T23:50:27.379+0000] {dag.py:3954} INFO - Setting next_dagrun for example_task_group to 2026-01-26 00:00:00+00:00, run_after=2026-01-27 00:00:00+00:00
[2026-01-27T23:50:27.399+0000] {processor.py:183} INFO - Processing /home/airflow/.local/lib/python3.12/site-packages/airflow/example_dags/example_task_group.py took 0.078 seconds
[2026-01-27T23:50:57.699+0000] {processor.py:161} INFO - Started process (PID=1577) to work on /home/airflow/.local/lib/python3.12/site-packages/airflow/example_dags/example_task_group.py
[2026-01-27T23:50:57.700+0000] {processor.py:830} INFO - Processing file /home/airflow/.local/lib/python3.12/site-packages/airflow/example_dags/example_task_group.py for tasks to queue
[2026-01-27T23:50:57.704+0000] {logging_mixin.py:188} INFO - [2026-01-27T23:50:57.703+0000] {dagbag.py:540} INFO - Filling up the DagBag from /home/airflow/.local/lib/python3.12/site-packages/airflow/example_dags/example_task_group.py
[2026-01-27T23:50:57.713+0000] {processor.py:840} INFO - DAG(s) 'example_task_group' retrieved from /home/airflow/.local/lib/python3.12/site-packages/airflow/example_dags/example_task_group.py
[2026-01-27T23:50:57.737+0000] {logging_mixin.py:188} INFO - [2026-01-27T23:50:57.736+0000] {dag.py:3096} INFO - Sync 1 DAGs
[2026-01-27T23:50:57.761+0000] {logging_mixin.py:188} INFO - [2026-01-27T23:50:57.760+0000] {dag.py:3954} INFO - Setting next_dagrun for example_task_group to 2026-01-26 00:00:00+00:00, run_after=2026-01-27 00:00:00+00:00
[2026-01-27T23:50:57.779+0000] {processor.py:183} INFO - Processing /home/airflow/.local/lib/python3.12/site-packages/airflow/example_dags/example_task_group.py took 0.086 seconds
[2026-01-27T23:51:28.322+0000] {processor.py:161} INFO - Started process (PID=1629) to work on /home/airflow/.local/lib/python3.12/site-packages/airflow/example_dags/example_task_group.py
[2026-01-27T23:51:28.323+0000] {processor.py:830} INFO - Processing file /home/airflow/.local/lib/python3.12/site-packages/airflow/example_dags/example_task_group.py for tasks to queue
[2026-01-27T23:51:28.326+0000] {logging_mixin.py:188} INFO - [2026-01-27T23:51:28.325+0000] {dagbag.py:540} INFO - Filling up the DagBag from /home/airflow/.local/lib/python3.12/site-packages/airflow/example_dags/example_task_group.py
[2026-01-27T23:51:28.334+0000] {processor.py:840} INFO - DAG(s) 'example_task_group' retrieved from /home/airflow/.local/lib/python3.12/site-packages/airflow/example_dags/example_task_group.py
[2026-01-27T23:51:28.357+0000] {logging_mixin.py:188} INFO - [2026-01-27T23:51:28.356+0000] {dag.py:3096} INFO - Sync 1 DAGs
[2026-01-27T23:51:28.381+0000] {logging_mixin.py:188} INFO - [2026-01-27T23:51:28.381+0000] {dag.py:3954} INFO - Setting next_dagrun for example_task_group to 2026-01-26 00:00:00+00:00, run_after=2026-01-27 00:00:00+00:00
[2026-01-27T23:51:28.402+0000] {processor.py:183} INFO - Processing /home/airflow/.local/lib/python3.12/site-packages/airflow/example_dags/example_task_group.py took 0.088 seconds
[2026-01-27T23:52:00.167+0000] {processor.py:161} INFO - Started process (PID=1681) to work on /home/airflow/.local/lib/python3.12/site-packages/airflow/example_dags/example_task_group.py
[2026-01-27T23:52:00.170+0000] {processor.py:830} INFO - Processing file /home/airflow/.local/lib/python3.12/site-packages/airflow/example_dags/example_task_group.py for tasks to queue
[2026-01-27T23:52:00.174+0000] {logging_mixin.py:188} INFO - [2026-01-27T23:52:00.174+0000] {dagbag.py:540} INFO - Filling up the DagBag from /home/airflow/.local/lib/python3.12/site-packages/airflow/example_dags/example_task_group.py
[2026-01-27T23:52:00.189+0000] {processor.py:840} INFO - DAG(s) 'example_task_group' retrieved from /home/airflow/.local/lib/python3.12/site-packages/airflow/example_dags/example_task_group.py
[2026-01-27T23:52:00.229+0000] {logging_mixin.py:188} INFO - [2026-01-27T23:52:00.228+0000] {dag.py:3096} INFO - Sync 1 DAGs
[2026-01-27T23:52:00.269+0000] {logging_mixin.py:188} INFO - [2026-01-27T23:52:00.269+0000] {dag.py:3954} INFO - Setting next_dagrun for example_task_group to 2026-01-26 00:00:00+00:00, run_after=2026-01-27 00:00:00+00:00
[2026-01-27T23:52:00.302+0000] {processor.py:183} INFO - Processing /home/airflow/.local/lib/python3.12/site-packages/airflow/example_dags/example_task_group.py took 0.146 seconds
[2026-01-27T23:52:30.819+0000] {processor.py:161} INFO - Started process (PID=1733) to work on /home/airflow/.local/lib/python3.12/site-packages/airflow/example_dags/example_task_group.py
[2026-01-27T23:52:30.821+0000] {processor.py:830} INFO - Processing file /home/airflow/.local/lib/python3.12/site-packages/airflow/example_dags/example_task_group.py for tasks to queue
[2026-01-27T23:52:30.822+0000] {logging_mixin.py:188} INFO - [2026-01-27T23:52:30.822+0000] {dagbag.py:540} INFO - Filling up the DagBag from /home/airflow/.local/lib/python3.12/site-packages/airflow/example_dags/example_task_group.py
[2026-01-27T23:52:30.829+0000] {processor.py:840} INFO - DAG(s) 'example_task_group' retrieved from /home/airflow/.local/lib/python3.12/site-packages/airflow/example_dags/example_task_group.py
[2026-01-27T23:52:30.849+0000] {logging_mixin.py:188} INFO - [2026-01-27T23:52:30.849+0000] {dag.py:3096} INFO - Sync 1 DAGs
[2026-01-27T23:52:30.870+0000] {logging_mixin.py:188} INFO - [2026-01-27T23:52:30.870+0000] {dag.py:3954} INFO - Setting next_dagrun for example_task_group to 2026-01-26 00:00:00+00:00, run_after=2026-01-27 00:00:00+00:00
[2026-01-27T23:52:30.890+0000] {processor.py:183} INFO - Processing /home/airflow/.local/lib/python3.12/site-packages/airflow/example_dags/example_task_group.py took 0.076 seconds
[2026-01-27T23:53:01.056+0000] {processor.py:161} INFO - Started process (PID=1785) to work on /home/airflow/.local/lib/python3.12/site-packages/airflow/example_dags/example_task_group.py
[2026-01-27T23:53:01.057+0000] {processor.py:830} INFO - Processing file /home/airflow/.local/lib/python3.12/site-packages/airflow/example_dags/example_task_group.py for tasks to queue
[2026-01-27T23:53:01.059+0000] {logging_mixin.py:188} INFO - [2026-01-27T23:53:01.059+0000] {dagbag.py:540} INFO - Filling up the DagBag from /home/airflow/.local/lib/python3.12/site-packages/airflow/example_dags/example_task_group.py
[2026-01-27T23:53:01.066+0000] {processor.py:840} INFO - DAG(s) 'example_task_group' retrieved from /home/airflow/.local/lib/python3.12/site-packages/airflow/example_dags/example_task_group.py
[2026-01-27T23:53:01.086+0000] {logging_mixin.py:188} INFO - [2026-01-27T23:53:01.086+0000] {dag.py:3096} INFO - Sync 1 DAGs
[2026-01-27T23:53:01.105+0000] {logging_mixin.py:188} INFO - [2026-01-27T23:53:01.105+0000] {dag.py:3954} INFO - Setting next_dagrun for example_task_group to 2026-01-26 00:00:00+00:00, run_after=2026-01-27 00:00:00+00:00
[2026-01-27T23:53:01.124+0000] {processor.py:183} INFO - Processing /home/airflow/.local/lib/python3.12/site-packages/airflow/example_dags/example_task_group.py took 0.074 seconds
[2026-01-27T23:53:31.372+0000] {processor.py:161} INFO - Started process (PID=1837) to work on /home/airflow/.local/lib/python3.12/site-packages/airflow/example_dags/example_task_group.py
[2026-01-27T23:53:31.373+0000] {processor.py:830} INFO - Processing file /home/airflow/.local/lib/python3.12/site-packages/airflow/example_dags/example_task_group.py for tasks to queue
[2026-01-27T23:53:31.375+0000] {logging_mixin.py:188} INFO - [2026-01-27T23:53:31.375+0000] {dagbag.py:540} INFO - Filling up the DagBag from /home/airflow/.local/lib/python3.12/site-packages/airflow/example_dags/example_task_group.py
[2026-01-27T23:53:31.384+0000] {processor.py:840} INFO - DAG(s) 'example_task_group' retrieved from /home/airflow/.local/lib/python3.12/site-packages/airflow/example_dags/example_task_group.py
[2026-01-27T23:53:31.406+0000] {logging_mixin.py:188} INFO - [2026-01-27T23:53:31.405+0000] {dag.py:3096} INFO - Sync 1 DAGs
[2026-01-27T23:53:31.429+0000] {logging_mixin.py:188} INFO - [2026-01-27T23:53:31.429+0000] {dag.py:3954} INFO - Setting next_dagrun for example_task_group to 2026-01-26 00:00:00+00:00, run_after=2026-01-27 00:00:00+00:00
[2026-01-27T23:53:31.457+0000] {processor.py:183} INFO - Processing /home/airflow/.local/lib/python3.12/site-packages/airflow/example_dags/example_task_group.py took 0.091 seconds
[2026-01-27T23:54:01.661+0000] {processor.py:161} INFO - Started process (PID=1889) to work on /home/airflow/.local/lib/python3.12/site-packages/airflow/example_dags/example_task_group.py
[2026-01-27T23:54:01.663+0000] {processor.py:830} INFO - Processing file /home/airflow/.local/lib/python3.12/site-packages/airflow/example_dags/example_task_group.py for tasks to queue
[2026-01-27T23:54:01.665+0000] {logging_mixin.py:188} INFO - [2026-01-27T23:54:01.665+0000] {dagbag.py:540} INFO - Filling up the DagBag from /home/airflow/.local/lib/python3.12/site-packages/airflow/example_dags/example_task_group.py
[2026-01-27T23:54:01.673+0000] {processor.py:840} INFO - DAG(s) 'example_task_group' retrieved from /home/airflow/.local/lib/python3.12/site-packages/airflow/example_dags/example_task_group.py
[2026-01-27T23:54:01.693+0000] {logging_mixin.py:188} INFO - [2026-01-27T23:54:01.693+0000] {dag.py:3096} INFO - Sync 1 DAGs
[2026-01-27T23:54:01.715+0000] {logging_mixin.py:188} INFO - [2026-01-27T23:54:01.715+0000] {dag.py:3954} INFO - Setting next_dagrun for example_task_group to 2026-01-26 00:00:00+00:00, run_after=2026-01-27 00:00:00+00:00
[2026-01-27T23:54:01.744+0000] {processor.py:183} INFO - Processing /home/airflow/.local/lib/python3.12/site-packages/airflow/example_dags/example_task_group.py took 0.088 seconds
[2026-01-27T23:54:31.844+0000] {processor.py:161} INFO - Started process (PID=1941) to work on /home/airflow/.local/lib/python3.12/site-packages/airflow/example_dags/example_task_group.py
[2026-01-27T23:54:31.845+0000] {processor.py:830} INFO - Processing file /home/airflow/.local/lib/python3.12/site-packages/airflow/example_dags/example_task_group.py for tasks to queue
[2026-01-27T23:54:31.847+0000] {logging_mixin.py:188} INFO - [2026-01-27T23:54:31.847+0000] {dagbag.py:540} INFO - Filling up the DagBag from /home/airflow/.local/lib/python3.12/site-packages/airflow/example_dags/example_task_group.py
[2026-01-27T23:54:31.854+0000] {processor.py:840} INFO - DAG(s) 'example_task_group' retrieved from /home/airflow/.local/lib/python3.12/site-packages/airflow/example_dags/example_task_group.py
[2026-01-27T23:54:31.876+0000] {logging_mixin.py:188} INFO - [2026-01-27T23:54:31.875+0000] {dag.py:3096} INFO - Sync 1 DAGs
[2026-01-27T23:54:31.897+0000] {logging_mixin.py:188} INFO - [2026-01-27T23:54:31.896+0000] {dag.py:3954} INFO - Setting next_dagrun for example_task_group to 2026-01-26 00:00:00+00:00, run_after=2026-01-27 00:00:00+00:00
[2026-01-27T23:54:31.925+0000] {processor.py:183} INFO - Processing /home/airflow/.local/lib/python3.12/site-packages/airflow/example_dags/example_task_group.py took 0.086 seconds
[2026-01-27T23:55:02.874+0000] {processor.py:161} INFO - Started process (PID=1993) to work on /home/airflow/.local/lib/python3.12/site-packages/airflow/example_dags/example_task_group.py
[2026-01-27T23:55:02.875+0000] {processor.py:830} INFO - Processing file /home/airflow/.local/lib/python3.12/site-packages/airflow/example_dags/example_task_group.py for tasks to queue
[2026-01-27T23:55:02.877+0000] {logging_mixin.py:188} INFO - [2026-01-27T23:55:02.877+0000] {dagbag.py:540} INFO - Filling up the DagBag from /home/airflow/.local/lib/python3.12/site-packages/airflow/example_dags/example_task_group.py
[2026-01-27T23:55:02.884+0000] {processor.py:840} INFO - DAG(s) 'example_task_group' retrieved from /home/airflow/.local/lib/python3.12/site-packages/airflow/example_dags/example_task_group.py
[2026-01-27T23:55:02.903+0000] {logging_mixin.py:188} INFO - [2026-01-27T23:55:02.903+0000] {dag.py:3096} INFO - Sync 1 DAGs
[2026-01-27T23:55:02.924+0000] {logging_mixin.py:188} INFO - [2026-01-27T23:55:02.924+0000] {dag.py:3954} INFO - Setting next_dagrun for example_task_group to 2026-01-26 00:00:00+00:00, run_after=2026-01-27 00:00:00+00:00
[2026-01-27T23:55:02.951+0000] {processor.py:183} INFO - Processing /home/airflow/.local/lib/python3.12/site-packages/airflow/example_dags/example_task_group.py took 0.082 seconds
[2026-01-27T23:55:33.588+0000] {processor.py:161} INFO - Started process (PID=2045) to work on /home/airflow/.local/lib/python3.12/site-packages/airflow/example_dags/example_task_group.py
[2026-01-27T23:55:33.589+0000] {processor.py:830} INFO - Processing file /home/airflow/.local/lib/python3.12/site-packages/airflow/example_dags/example_task_group.py for tasks to queue
[2026-01-27T23:55:33.591+0000] {logging_mixin.py:188} INFO - [2026-01-27T23:55:33.591+0000] {dagbag.py:540} INFO - Filling up the DagBag from /home/airflow/.local/lib/python3.12/site-packages/airflow/example_dags/example_task_group.py
[2026-01-27T23:55:33.598+0000] {processor.py:840} INFO - DAG(s) 'example_task_group' retrieved from /home/airflow/.local/lib/python3.12/site-packages/airflow/example_dags/example_task_group.py
[2026-01-27T23:55:33.620+0000] {logging_mixin.py:188} INFO - [2026-01-27T23:55:33.620+0000] {dag.py:3096} INFO - Sync 1 DAGs
[2026-01-27T23:55:33.640+0000] {logging_mixin.py:188} INFO - [2026-01-27T23:55:33.640+0000] {dag.py:3954} INFO - Setting next_dagrun for example_task_group to 2026-01-26 00:00:00+00:00, run_after=2026-01-27 00:00:00+00:00
[2026-01-27T23:55:33.667+0000] {processor.py:183} INFO - Processing /home/airflow/.local/lib/python3.12/site-packages/airflow/example_dags/example_task_group.py took 0.085 seconds
[2026-01-27T23:56:03.992+0000] {processor.py:161} INFO - Started process (PID=2097) to work on /home/airflow/.local/lib/python3.12/site-packages/airflow/example_dags/example_task_group.py
[2026-01-27T23:56:03.994+0000] {processor.py:830} INFO - Processing file /home/airflow/.local/lib/python3.12/site-packages/airflow/example_dags/example_task_group.py for tasks to queue
[2026-01-27T23:56:03.996+0000] {logging_mixin.py:188} INFO - [2026-01-27T23:56:03.995+0000] {dagbag.py:540} INFO - Filling up the DagBag from /home/airflow/.local/lib/python3.12/site-packages/airflow/example_dags/example_task_group.py
[2026-01-27T23:56:04.005+0000] {processor.py:840} INFO - DAG(s) 'example_task_group' retrieved from /home/airflow/.local/lib/python3.12/site-packages/airflow/example_dags/example_task_group.py
[2026-01-27T23:56:04.030+0000] {logging_mixin.py:188} INFO - [2026-01-27T23:56:04.029+0000] {dag.py:3096} INFO - Sync 1 DAGs
[2026-01-27T23:56:04.060+0000] {logging_mixin.py:188} INFO - [2026-01-27T23:56:04.060+0000] {dag.py:3954} INFO - Setting next_dagrun for example_task_group to 2026-01-26 00:00:00+00:00, run_after=2026-01-27 00:00:00+00:00
[2026-01-27T23:56:04.083+0000] {processor.py:183} INFO - Processing /home/airflow/.local/lib/python3.12/site-packages/airflow/example_dags/example_task_group.py took 0.097 seconds
[2026-01-27T23:56:34.400+0000] {processor.py:161} INFO - Started process (PID=2149) to work on /home/airflow/.local/lib/python3.12/site-packages/airflow/example_dags/example_task_group.py
[2026-01-27T23:56:34.401+0000] {processor.py:830} INFO - Processing file /home/airflow/.local/lib/python3.12/site-packages/airflow/example_dags/example_task_group.py for tasks to queue
[2026-01-27T23:56:34.403+0000] {logging_mixin.py:188} INFO - [2026-01-27T23:56:34.403+0000] {dagbag.py:540} INFO - Filling up the DagBag from /home/airflow/.local/lib/python3.12/site-packages/airflow/example_dags/example_task_group.py
[2026-01-27T23:56:34.412+0000] {processor.py:840} INFO - DAG(s) 'example_task_group' retrieved from /home/airflow/.local/lib/python3.12/site-packages/airflow/example_dags/example_task_group.py
[2026-01-27T23:56:34.434+0000] {logging_mixin.py:188} INFO - [2026-01-27T23:56:34.434+0000] {dag.py:3096} INFO - Sync 1 DAGs
[2026-01-27T23:56:34.457+0000] {logging_mixin.py:188} INFO - [2026-01-27T23:56:34.457+0000] {dag.py:3954} INFO - Setting next_dagrun for example_task_group to 2026-01-26 00:00:00+00:00, run_after=2026-01-27 00:00:00+00:00
[2026-01-27T23:56:34.478+0000] {processor.py:183} INFO - Processing /home/airflow/.local/lib/python3.12/site-packages/airflow/example_dags/example_task_group.py took 0.083 seconds
[2026-01-27T23:57:05.322+0000] {processor.py:161} INFO - Started process (PID=2201) to work on /home/airflow/.local/lib/python3.12/site-packages/airflow/example_dags/example_task_group.py
[2026-01-27T23:57:05.323+0000] {processor.py:830} INFO - Processing file /home/airflow/.local/lib/python3.12/site-packages/airflow/example_dags/example_task_group.py for tasks to queue
[2026-01-27T23:57:05.325+0000] {logging_mixin.py:188} INFO - [2026-01-27T23:57:05.325+0000] {dagbag.py:540} INFO - Filling up the DagBag from /home/airflow/.local/lib/python3.12/site-packages/airflow/example_dags/example_task_group.py
[2026-01-27T23:57:05.332+0000] {processor.py:840} INFO - DAG(s) 'example_task_group' retrieved from /home/airflow/.local/lib/python3.12/site-packages/airflow/example_dags/example_task_group.py
[2026-01-27T23:57:05.352+0000] {logging_mixin.py:188} INFO - [2026-01-27T23:57:05.351+0000] {dag.py:3096} INFO - Sync 1 DAGs
[2026-01-27T23:57:05.371+0000] {logging_mixin.py:188} INFO - [2026-01-27T23:57:05.371+0000] {dag.py:3954} INFO - Setting next_dagrun for example_task_group to 2026-01-26 00:00:00+00:00, run_after=2026-01-27 00:00:00+00:00
[2026-01-27T23:57:05.390+0000] {processor.py:183} INFO - Processing /home/airflow/.local/lib/python3.12/site-packages/airflow/example_dags/example_task_group.py took 0.073 seconds
[2026-01-27T23:57:36.042+0000] {processor.py:161} INFO - Started process (PID=2253) to work on /home/airflow/.local/lib/python3.12/site-packages/airflow/example_dags/example_task_group.py
[2026-01-27T23:57:36.043+0000] {processor.py:830} INFO - Processing file /home/airflow/.local/lib/python3.12/site-packages/airflow/example_dags/example_task_group.py for tasks to queue
[2026-01-27T23:57:36.045+0000] {logging_mixin.py:188} INFO - [2026-01-27T23:57:36.044+0000] {dagbag.py:540} INFO - Filling up the DagBag from /home/airflow/.local/lib/python3.12/site-packages/airflow/example_dags/example_task_group.py
[2026-01-27T23:57:36.053+0000] {processor.py:840} INFO - DAG(s) 'example_task_group' retrieved from /home/airflow/.local/lib/python3.12/site-packages/airflow/example_dags/example_task_group.py
[2026-01-27T23:57:36.074+0000] {logging_mixin.py:188} INFO - [2026-01-27T23:57:36.074+0000] {dag.py:3096} INFO - Sync 1 DAGs
[2026-01-27T23:57:36.095+0000] {logging_mixin.py:188} INFO - [2026-01-27T23:57:36.095+0000] {dag.py:3954} INFO - Setting next_dagrun for example_task_group to 2026-01-26 00:00:00+00:00, run_after=2026-01-27 00:00:00+00:00
[2026-01-27T23:57:36.115+0000] {processor.py:183} INFO - Processing /home/airflow/.local/lib/python3.12/site-packages/airflow/example_dags/example_task_group.py took 0.080 seconds
[2026-01-27T23:58:06.235+0000] {processor.py:161} INFO - Started process (PID=2305) to work on /home/airflow/.local/lib/python3.12/site-packages/airflow/example_dags/example_task_group.py
[2026-01-27T23:58:06.236+0000] {processor.py:830} INFO - Processing file /home/airflow/.local/lib/python3.12/site-packages/airflow/example_dags/example_task_group.py for tasks to queue
[2026-01-27T23:58:06.238+0000] {logging_mixin.py:188} INFO - [2026-01-27T23:58:06.238+0000] {dagbag.py:540} INFO - Filling up the DagBag from /home/airflow/.local/lib/python3.12/site-packages/airflow/example_dags/example_task_group.py
[2026-01-27T23:58:06.247+0000] {processor.py:840} INFO - DAG(s) 'example_task_group' retrieved from /home/airflow/.local/lib/python3.12/site-packages/airflow/example_dags/example_task_group.py
[2026-01-27T23:58:06.267+0000] {logging_mixin.py:188} INFO - [2026-01-27T23:58:06.266+0000] {dag.py:3096} INFO - Sync 1 DAGs
[2026-01-27T23:58:06.287+0000] {logging_mixin.py:188} INFO - [2026-01-27T23:58:06.286+0000] {dag.py:3954} INFO - Setting next_dagrun for example_task_group to 2026-01-26 00:00:00+00:00, run_after=2026-01-27 00:00:00+00:00
[2026-01-27T23:58:06.311+0000] {processor.py:183} INFO - Processing /home/airflow/.local/lib/python3.12/site-packages/airflow/example_dags/example_task_group.py took 0.081 seconds
[2026-01-27T23:58:36.479+0000] {processor.py:161} INFO - Started process (PID=2357) to work on /home/airflow/.local/lib/python3.12/site-packages/airflow/example_dags/example_task_group.py
[2026-01-27T23:58:36.481+0000] {processor.py:830} INFO - Processing file /home/airflow/.local/lib/python3.12/site-packages/airflow/example_dags/example_task_group.py for tasks to queue
[2026-01-27T23:58:36.483+0000] {logging_mixin.py:188} INFO - [2026-01-27T23:58:36.482+0000] {dagbag.py:540} INFO - Filling up the DagBag from /home/airflow/.local/lib/python3.12/site-packages/airflow/example_dags/example_task_group.py
[2026-01-27T23:58:36.492+0000] {processor.py:840} INFO - DAG(s) 'example_task_group' retrieved from /home/airflow/.local/lib/python3.12/site-packages/airflow/example_dags/example_task_group.py
[2026-01-27T23:58:36.522+0000] {logging_mixin.py:188} INFO - [2026-01-27T23:58:36.522+0000] {dag.py:3096} INFO - Sync 1 DAGs
[2026-01-27T23:58:36.554+0000] {logging_mixin.py:188} INFO - [2026-01-27T23:58:36.554+0000] {dag.py:3954} INFO - Setting next_dagrun for example_task_group to 2026-01-26 00:00:00+00:00, run_after=2026-01-27 00:00:00+00:00
[2026-01-27T23:58:36.576+0000] {processor.py:183} INFO - Processing /home/airflow/.local/lib/python3.12/site-packages/airflow/example_dags/example_task_group.py took 0.106 seconds
[2026-01-27T23:59:06.787+0000] {processor.py:161} INFO - Started process (PID=2409) to work on /home/airflow/.local/lib/python3.12/site-packages/airflow/example_dags/example_task_group.py
[2026-01-27T23:59:06.788+0000] {processor.py:830} INFO - Processing file /home/airflow/.local/lib/python3.12/site-packages/airflow/example_dags/example_task_group.py for tasks to queue
[2026-01-27T23:59:06.790+0000] {logging_mixin.py:188} INFO - [2026-01-27T23:59:06.790+0000] {dagbag.py:540} INFO - Filling up the DagBag from /home/airflow/.local/lib/python3.12/site-packages/airflow/example_dags/example_task_group.py
[2026-01-27T23:59:06.797+0000] {processor.py:840} INFO - DAG(s) 'example_task_group' retrieved from /home/airflow/.local/lib/python3.12/site-packages/airflow/example_dags/example_task_group.py
[2026-01-27T23:59:06.816+0000] {logging_mixin.py:188} INFO - [2026-01-27T23:59:06.815+0000] {dag.py:3096} INFO - Sync 1 DAGs
[2026-01-27T23:59:06.835+0000] {logging_mixin.py:188} INFO - [2026-01-27T23:59:06.835+0000] {dag.py:3954} INFO - Setting next_dagrun for example_task_group to 2026-01-26 00:00:00+00:00, run_after=2026-01-27 00:00:00+00:00
[2026-01-27T23:59:06.854+0000] {processor.py:183} INFO - Processing /home/airflow/.local/lib/python3.12/site-packages/airflow/example_dags/example_task_group.py took 0.072 seconds
[2026-01-27T23:59:37.418+0000] {processor.py:161} INFO - Started process (PID=2461) to work on /home/airflow/.local/lib/python3.12/site-packages/airflow/example_dags/example_task_group.py
[2026-01-27T23:59:37.420+0000] {processor.py:830} INFO - Processing file /home/airflow/.local/lib/python3.12/site-packages/airflow/example_dags/example_task_group.py for tasks to queue
[2026-01-27T23:59:37.422+0000] {logging_mixin.py:188} INFO - [2026-01-27T23:59:37.422+0000] {dagbag.py:540} INFO - Filling up the DagBag from /home/airflow/.local/lib/python3.12/site-packages/airflow/example_dags/example_task_group.py
[2026-01-27T23:59:37.431+0000] {processor.py:840} INFO - DAG(s) 'example_task_group' retrieved from /home/airflow/.local/lib/python3.12/site-packages/airflow/example_dags/example_task_group.py
[2026-01-27T23:59:37.454+0000] {logging_mixin.py:188} INFO - [2026-01-27T23:59:37.454+0000] {dag.py:3096} INFO - Sync 1 DAGs
[2026-01-27T23:59:37.477+0000] {logging_mixin.py:188} INFO - [2026-01-27T23:59:37.476+0000] {dag.py:3954} INFO - Setting next_dagrun for example_task_group to 2026-01-26 00:00:00+00:00, run_after=2026-01-27 00:00:00+00:00
[2026-01-27T23:59:37.506+0000] {processor.py:183} INFO - Processing /home/airflow/.local/lib/python3.12/site-packages/airflow/example_dags/example_task_group.py took 0.094 seconds
