[2026-01-27 23:27:06,954] {scheduler_job.py:182} INFO - Started process (PID=47) to work on /home/airflow/.local/lib/python3.6/site-packages/airflow/example_dags/example_trigger_target_dag.py
[2026-01-27 23:27:06,958] {scheduler_job.py:629} INFO - Processing file /home/airflow/.local/lib/python3.6/site-packages/airflow/example_dags/example_trigger_target_dag.py for tasks to queue
[2026-01-27 23:27:06,964] {logging_mixin.py:104} INFO - [2026-01-27 23:27:06,963] {dagbag.py:448} INFO - Filling up the DagBag from /home/airflow/.local/lib/python3.6/site-packages/airflow/example_dags/example_trigger_target_dag.py
[2026-01-27 23:27:07,088] {scheduler_job.py:639} INFO - DAG(s) dict_keys(['example_trigger_target_dag']) retrieved from /home/airflow/.local/lib/python3.6/site-packages/airflow/example_dags/example_trigger_target_dag.py
[2026-01-27 23:27:07,290] {logging_mixin.py:104} INFO - [2026-01-27 23:27:07,289] {dag.py:1818} INFO - Sync 1 DAGs
[2026-01-27 23:27:07,342] {logging_mixin.py:104} INFO - [2026-01-27 23:27:07,342] {dag.py:1837} INFO - Creating ORM DAG for example_trigger_target_dag
[2026-01-27 23:27:07,364] {logging_mixin.py:104} INFO - [2026-01-27 23:27:07,364] {dag.py:2273} INFO - Setting next_dagrun for example_trigger_target_dag to None
[2026-01-27 23:27:07,454] {scheduler_job.py:190} INFO - Processing /home/airflow/.local/lib/python3.6/site-packages/airflow/example_dags/example_trigger_target_dag.py took 0.506 seconds
[2026-01-27 23:27:37,867] {scheduler_job.py:182} INFO - Started process (PID=72) to work on /home/airflow/.local/lib/python3.6/site-packages/airflow/example_dags/example_trigger_target_dag.py
[2026-01-27 23:27:37,873] {scheduler_job.py:629} INFO - Processing file /home/airflow/.local/lib/python3.6/site-packages/airflow/example_dags/example_trigger_target_dag.py for tasks to queue
[2026-01-27 23:27:37,874] {logging_mixin.py:104} INFO - [2026-01-27 23:27:37,874] {dagbag.py:448} INFO - Filling up the DagBag from /home/airflow/.local/lib/python3.6/site-packages/airflow/example_dags/example_trigger_target_dag.py
[2026-01-27 23:27:37,905] {scheduler_job.py:639} INFO - DAG(s) dict_keys(['example_trigger_target_dag']) retrieved from /home/airflow/.local/lib/python3.6/site-packages/airflow/example_dags/example_trigger_target_dag.py
[2026-01-27 23:27:37,957] {logging_mixin.py:104} INFO - [2026-01-27 23:27:37,957] {dag.py:1818} INFO - Sync 1 DAGs
[2026-01-27 23:27:37,993] {logging_mixin.py:104} INFO - [2026-01-27 23:27:37,993] {dag.py:2273} INFO - Setting next_dagrun for example_trigger_target_dag to None
[2026-01-27 23:27:38,013] {scheduler_job.py:190} INFO - Processing /home/airflow/.local/lib/python3.6/site-packages/airflow/example_dags/example_trigger_target_dag.py took 0.157 seconds
[2026-01-27 23:28:08,844] {scheduler_job.py:182} INFO - Started process (PID=98) to work on /home/airflow/.local/lib/python3.6/site-packages/airflow/example_dags/example_trigger_target_dag.py
[2026-01-27 23:28:08,846] {scheduler_job.py:629} INFO - Processing file /home/airflow/.local/lib/python3.6/site-packages/airflow/example_dags/example_trigger_target_dag.py for tasks to queue
[2026-01-27 23:28:08,847] {logging_mixin.py:104} INFO - [2026-01-27 23:28:08,847] {dagbag.py:448} INFO - Filling up the DagBag from /home/airflow/.local/lib/python3.6/site-packages/airflow/example_dags/example_trigger_target_dag.py
[2026-01-27 23:28:08,866] {scheduler_job.py:639} INFO - DAG(s) dict_keys(['example_trigger_target_dag']) retrieved from /home/airflow/.local/lib/python3.6/site-packages/airflow/example_dags/example_trigger_target_dag.py
[2026-01-27 23:28:08,902] {logging_mixin.py:104} INFO - [2026-01-27 23:28:08,902] {dag.py:1818} INFO - Sync 1 DAGs
[2026-01-27 23:28:08,926] {logging_mixin.py:104} INFO - [2026-01-27 23:28:08,926] {dag.py:2273} INFO - Setting next_dagrun for example_trigger_target_dag to None
[2026-01-27 23:28:08,940] {scheduler_job.py:190} INFO - Processing /home/airflow/.local/lib/python3.6/site-packages/airflow/example_dags/example_trigger_target_dag.py took 0.103 seconds
[2026-01-27 23:28:39,610] {scheduler_job.py:182} INFO - Started process (PID=124) to work on /home/airflow/.local/lib/python3.6/site-packages/airflow/example_dags/example_trigger_target_dag.py
[2026-01-27 23:28:39,612] {scheduler_job.py:629} INFO - Processing file /home/airflow/.local/lib/python3.6/site-packages/airflow/example_dags/example_trigger_target_dag.py for tasks to queue
[2026-01-27 23:28:39,613] {logging_mixin.py:104} INFO - [2026-01-27 23:28:39,613] {dagbag.py:448} INFO - Filling up the DagBag from /home/airflow/.local/lib/python3.6/site-packages/airflow/example_dags/example_trigger_target_dag.py
[2026-01-27 23:28:39,627] {scheduler_job.py:639} INFO - DAG(s) dict_keys(['example_trigger_target_dag']) retrieved from /home/airflow/.local/lib/python3.6/site-packages/airflow/example_dags/example_trigger_target_dag.py
[2026-01-27 23:28:39,655] {logging_mixin.py:104} INFO - [2026-01-27 23:28:39,655] {dag.py:1818} INFO - Sync 1 DAGs
[2026-01-27 23:28:39,672] {logging_mixin.py:104} INFO - [2026-01-27 23:28:39,672] {dag.py:2273} INFO - Setting next_dagrun for example_trigger_target_dag to None
[2026-01-27 23:28:39,681] {scheduler_job.py:190} INFO - Processing /home/airflow/.local/lib/python3.6/site-packages/airflow/example_dags/example_trigger_target_dag.py took 0.074 seconds
[2026-01-27 23:29:09,954] {scheduler_job.py:182} INFO - Started process (PID=150) to work on /home/airflow/.local/lib/python3.6/site-packages/airflow/example_dags/example_trigger_target_dag.py
[2026-01-27 23:29:09,956] {scheduler_job.py:629} INFO - Processing file /home/airflow/.local/lib/python3.6/site-packages/airflow/example_dags/example_trigger_target_dag.py for tasks to queue
[2026-01-27 23:29:09,957] {logging_mixin.py:104} INFO - [2026-01-27 23:29:09,956] {dagbag.py:448} INFO - Filling up the DagBag from /home/airflow/.local/lib/python3.6/site-packages/airflow/example_dags/example_trigger_target_dag.py
[2026-01-27 23:29:09,967] {scheduler_job.py:639} INFO - DAG(s) dict_keys(['example_trigger_target_dag']) retrieved from /home/airflow/.local/lib/python3.6/site-packages/airflow/example_dags/example_trigger_target_dag.py
[2026-01-27 23:29:09,991] {logging_mixin.py:104} INFO - [2026-01-27 23:29:09,991] {dag.py:1818} INFO - Sync 1 DAGs
[2026-01-27 23:29:10,004] {logging_mixin.py:104} INFO - [2026-01-27 23:29:10,004] {dag.py:2273} INFO - Setting next_dagrun for example_trigger_target_dag to None
[2026-01-27 23:29:10,015] {scheduler_job.py:190} INFO - Processing /home/airflow/.local/lib/python3.6/site-packages/airflow/example_dags/example_trigger_target_dag.py took 0.064 seconds
[2026-01-27 23:29:40,260] {scheduler_job.py:182} INFO - Started process (PID=176) to work on /home/airflow/.local/lib/python3.6/site-packages/airflow/example_dags/example_trigger_target_dag.py
[2026-01-27 23:29:40,263] {scheduler_job.py:629} INFO - Processing file /home/airflow/.local/lib/python3.6/site-packages/airflow/example_dags/example_trigger_target_dag.py for tasks to queue
[2026-01-27 23:29:40,264] {logging_mixin.py:104} INFO - [2026-01-27 23:29:40,264] {dagbag.py:448} INFO - Filling up the DagBag from /home/airflow/.local/lib/python3.6/site-packages/airflow/example_dags/example_trigger_target_dag.py
[2026-01-27 23:29:40,278] {scheduler_job.py:639} INFO - DAG(s) dict_keys(['example_trigger_target_dag']) retrieved from /home/airflow/.local/lib/python3.6/site-packages/airflow/example_dags/example_trigger_target_dag.py
[2026-01-27 23:29:40,302] {logging_mixin.py:104} INFO - [2026-01-27 23:29:40,302] {dag.py:1818} INFO - Sync 1 DAGs
[2026-01-27 23:29:40,319] {logging_mixin.py:104} INFO - [2026-01-27 23:29:40,319] {dag.py:2273} INFO - Setting next_dagrun for example_trigger_target_dag to None
[2026-01-27 23:29:40,332] {scheduler_job.py:190} INFO - Processing /home/airflow/.local/lib/python3.6/site-packages/airflow/example_dags/example_trigger_target_dag.py took 0.075 seconds
[2026-01-27 23:30:10,490] {scheduler_job.py:182} INFO - Started process (PID=202) to work on /home/airflow/.local/lib/python3.6/site-packages/airflow/example_dags/example_trigger_target_dag.py
[2026-01-27 23:30:10,491] {scheduler_job.py:629} INFO - Processing file /home/airflow/.local/lib/python3.6/site-packages/airflow/example_dags/example_trigger_target_dag.py for tasks to queue
[2026-01-27 23:30:10,492] {logging_mixin.py:104} INFO - [2026-01-27 23:30:10,492] {dagbag.py:448} INFO - Filling up the DagBag from /home/airflow/.local/lib/python3.6/site-packages/airflow/example_dags/example_trigger_target_dag.py
[2026-01-27 23:30:10,503] {scheduler_job.py:639} INFO - DAG(s) dict_keys(['example_trigger_target_dag']) retrieved from /home/airflow/.local/lib/python3.6/site-packages/airflow/example_dags/example_trigger_target_dag.py
[2026-01-27 23:30:10,526] {logging_mixin.py:104} INFO - [2026-01-27 23:30:10,526] {dag.py:1818} INFO - Sync 1 DAGs
[2026-01-27 23:30:10,542] {logging_mixin.py:104} INFO - [2026-01-27 23:30:10,541] {dag.py:2273} INFO - Setting next_dagrun for example_trigger_target_dag to None
[2026-01-27 23:30:10,563] {scheduler_job.py:190} INFO - Processing /home/airflow/.local/lib/python3.6/site-packages/airflow/example_dags/example_trigger_target_dag.py took 0.076 seconds
[2026-01-27 23:30:40,820] {scheduler_job.py:182} INFO - Started process (PID=228) to work on /home/airflow/.local/lib/python3.6/site-packages/airflow/example_dags/example_trigger_target_dag.py
[2026-01-27 23:30:40,821] {scheduler_job.py:629} INFO - Processing file /home/airflow/.local/lib/python3.6/site-packages/airflow/example_dags/example_trigger_target_dag.py for tasks to queue
[2026-01-27 23:30:40,822] {logging_mixin.py:104} INFO - [2026-01-27 23:30:40,822] {dagbag.py:448} INFO - Filling up the DagBag from /home/airflow/.local/lib/python3.6/site-packages/airflow/example_dags/example_trigger_target_dag.py
[2026-01-27 23:30:40,831] {scheduler_job.py:639} INFO - DAG(s) dict_keys(['example_trigger_target_dag']) retrieved from /home/airflow/.local/lib/python3.6/site-packages/airflow/example_dags/example_trigger_target_dag.py
[2026-01-27 23:30:40,851] {logging_mixin.py:104} INFO - [2026-01-27 23:30:40,851] {dag.py:1818} INFO - Sync 1 DAGs
[2026-01-27 23:30:40,863] {logging_mixin.py:104} INFO - [2026-01-27 23:30:40,863] {dag.py:2273} INFO - Setting next_dagrun for example_trigger_target_dag to None
[2026-01-27 23:30:40,873] {scheduler_job.py:190} INFO - Processing /home/airflow/.local/lib/python3.6/site-packages/airflow/example_dags/example_trigger_target_dag.py took 0.056 seconds
[2026-01-27 23:31:11,324] {scheduler_job.py:182} INFO - Started process (PID=254) to work on /home/airflow/.local/lib/python3.6/site-packages/airflow/example_dags/example_trigger_target_dag.py
[2026-01-27 23:31:11,325] {scheduler_job.py:629} INFO - Processing file /home/airflow/.local/lib/python3.6/site-packages/airflow/example_dags/example_trigger_target_dag.py for tasks to queue
[2026-01-27 23:31:11,326] {logging_mixin.py:104} INFO - [2026-01-27 23:31:11,326] {dagbag.py:448} INFO - Filling up the DagBag from /home/airflow/.local/lib/python3.6/site-packages/airflow/example_dags/example_trigger_target_dag.py
[2026-01-27 23:31:11,339] {scheduler_job.py:639} INFO - DAG(s) dict_keys(['example_trigger_target_dag']) retrieved from /home/airflow/.local/lib/python3.6/site-packages/airflow/example_dags/example_trigger_target_dag.py
[2026-01-27 23:31:11,358] {logging_mixin.py:104} INFO - [2026-01-27 23:31:11,358] {dag.py:1818} INFO - Sync 1 DAGs
[2026-01-27 23:31:11,372] {logging_mixin.py:104} INFO - [2026-01-27 23:31:11,371] {dag.py:2273} INFO - Setting next_dagrun for example_trigger_target_dag to None
[2026-01-27 23:31:11,380] {scheduler_job.py:190} INFO - Processing /home/airflow/.local/lib/python3.6/site-packages/airflow/example_dags/example_trigger_target_dag.py took 0.059 seconds
[2026-01-27T23:35:56.169+0000] {processor.py:161} INFO - Started process (PID=35) to work on /home/airflow/.local/lib/python3.12/site-packages/airflow/example_dags/example_trigger_target_dag.py
[2026-01-27T23:35:56.171+0000] {processor.py:830} INFO - Processing file /home/airflow/.local/lib/python3.12/site-packages/airflow/example_dags/example_trigger_target_dag.py for tasks to queue
[2026-01-27T23:35:56.175+0000] {logging_mixin.py:188} INFO - [2026-01-27T23:35:56.174+0000] {dagbag.py:540} INFO - Filling up the DagBag from /home/airflow/.local/lib/python3.12/site-packages/airflow/example_dags/example_trigger_target_dag.py
[2026-01-27T23:35:56.203+0000] {processor.py:840} INFO - DAG(s) 'example_trigger_target_dag' retrieved from /home/airflow/.local/lib/python3.12/site-packages/airflow/example_dags/example_trigger_target_dag.py
[2026-01-27T23:35:56.704+0000] {logging_mixin.py:188} INFO - [2026-01-27T23:35:56.703+0000] {dag.py:3096} INFO - Sync 1 DAGs
[2026-01-27T23:35:56.749+0000] {logging_mixin.py:188} INFO - [2026-01-27T23:35:56.749+0000] {dag.py:3954} INFO - Setting next_dagrun for example_trigger_target_dag to None, run_after=None
[2026-01-27T23:35:56.801+0000] {processor.py:183} INFO - Processing /home/airflow/.local/lib/python3.12/site-packages/airflow/example_dags/example_trigger_target_dag.py took 0.645 seconds
[2026-01-27T23:36:27.030+0000] {processor.py:161} INFO - Started process (PID=87) to work on /home/airflow/.local/lib/python3.12/site-packages/airflow/example_dags/example_trigger_target_dag.py
[2026-01-27T23:36:27.033+0000] {processor.py:830} INFO - Processing file /home/airflow/.local/lib/python3.12/site-packages/airflow/example_dags/example_trigger_target_dag.py for tasks to queue
[2026-01-27T23:36:27.043+0000] {logging_mixin.py:188} INFO - [2026-01-27T23:36:27.042+0000] {dagbag.py:540} INFO - Filling up the DagBag from /home/airflow/.local/lib/python3.12/site-packages/airflow/example_dags/example_trigger_target_dag.py
[2026-01-27T23:36:27.062+0000] {processor.py:840} INFO - DAG(s) 'example_trigger_target_dag' retrieved from /home/airflow/.local/lib/python3.12/site-packages/airflow/example_dags/example_trigger_target_dag.py
[2026-01-27T23:36:27.139+0000] {logging_mixin.py:188} INFO - [2026-01-27T23:36:27.138+0000] {dag.py:3096} INFO - Sync 1 DAGs
[2026-01-27T23:36:27.194+0000] {logging_mixin.py:188} INFO - [2026-01-27T23:36:27.193+0000] {dag.py:3954} INFO - Setting next_dagrun for example_trigger_target_dag to None, run_after=None
[2026-01-27T23:36:27.262+0000] {processor.py:183} INFO - Processing /home/airflow/.local/lib/python3.12/site-packages/airflow/example_dags/example_trigger_target_dag.py took 0.254 seconds
[2026-01-27T23:36:57.359+0000] {processor.py:161} INFO - Started process (PID=139) to work on /home/airflow/.local/lib/python3.12/site-packages/airflow/example_dags/example_trigger_target_dag.py
[2026-01-27T23:36:57.361+0000] {processor.py:830} INFO - Processing file /home/airflow/.local/lib/python3.12/site-packages/airflow/example_dags/example_trigger_target_dag.py for tasks to queue
[2026-01-27T23:36:57.362+0000] {logging_mixin.py:188} INFO - [2026-01-27T23:36:57.362+0000] {dagbag.py:540} INFO - Filling up the DagBag from /home/airflow/.local/lib/python3.12/site-packages/airflow/example_dags/example_trigger_target_dag.py
[2026-01-27T23:36:57.370+0000] {processor.py:840} INFO - DAG(s) 'example_trigger_target_dag' retrieved from /home/airflow/.local/lib/python3.12/site-packages/airflow/example_dags/example_trigger_target_dag.py
[2026-01-27T23:36:57.389+0000] {logging_mixin.py:188} INFO - [2026-01-27T23:36:57.388+0000] {dag.py:3096} INFO - Sync 1 DAGs
[2026-01-27T23:36:57.400+0000] {logging_mixin.py:188} INFO - [2026-01-27T23:36:57.400+0000] {dag.py:3954} INFO - Setting next_dagrun for example_trigger_target_dag to None, run_after=None
[2026-01-27T23:36:57.419+0000] {processor.py:183} INFO - Processing /home/airflow/.local/lib/python3.12/site-packages/airflow/example_dags/example_trigger_target_dag.py took 0.065 seconds
[2026-01-27T23:37:27.901+0000] {processor.py:161} INFO - Started process (PID=191) to work on /home/airflow/.local/lib/python3.12/site-packages/airflow/example_dags/example_trigger_target_dag.py
[2026-01-27T23:37:27.902+0000] {processor.py:830} INFO - Processing file /home/airflow/.local/lib/python3.12/site-packages/airflow/example_dags/example_trigger_target_dag.py for tasks to queue
[2026-01-27T23:37:27.904+0000] {logging_mixin.py:188} INFO - [2026-01-27T23:37:27.904+0000] {dagbag.py:540} INFO - Filling up the DagBag from /home/airflow/.local/lib/python3.12/site-packages/airflow/example_dags/example_trigger_target_dag.py
[2026-01-27T23:37:27.910+0000] {processor.py:840} INFO - DAG(s) 'example_trigger_target_dag' retrieved from /home/airflow/.local/lib/python3.12/site-packages/airflow/example_dags/example_trigger_target_dag.py
[2026-01-27T23:37:27.930+0000] {logging_mixin.py:188} INFO - [2026-01-27T23:37:27.930+0000] {dag.py:3096} INFO - Sync 1 DAGs
[2026-01-27T23:37:27.942+0000] {logging_mixin.py:188} INFO - [2026-01-27T23:37:27.942+0000] {dag.py:3954} INFO - Setting next_dagrun for example_trigger_target_dag to None, run_after=None
[2026-01-27T23:37:27.962+0000] {processor.py:183} INFO - Processing /home/airflow/.local/lib/python3.12/site-packages/airflow/example_dags/example_trigger_target_dag.py took 0.066 seconds
[2026-01-27T23:37:58.253+0000] {processor.py:161} INFO - Started process (PID=243) to work on /home/airflow/.local/lib/python3.12/site-packages/airflow/example_dags/example_trigger_target_dag.py
[2026-01-27T23:37:58.255+0000] {processor.py:830} INFO - Processing file /home/airflow/.local/lib/python3.12/site-packages/airflow/example_dags/example_trigger_target_dag.py for tasks to queue
[2026-01-27T23:37:58.257+0000] {logging_mixin.py:188} INFO - [2026-01-27T23:37:58.256+0000] {dagbag.py:540} INFO - Filling up the DagBag from /home/airflow/.local/lib/python3.12/site-packages/airflow/example_dags/example_trigger_target_dag.py
[2026-01-27T23:37:58.264+0000] {processor.py:840} INFO - DAG(s) 'example_trigger_target_dag' retrieved from /home/airflow/.local/lib/python3.12/site-packages/airflow/example_dags/example_trigger_target_dag.py
[2026-01-27T23:37:58.286+0000] {logging_mixin.py:188} INFO - [2026-01-27T23:37:58.286+0000] {dag.py:3096} INFO - Sync 1 DAGs
[2026-01-27T23:37:58.299+0000] {logging_mixin.py:188} INFO - [2026-01-27T23:37:58.299+0000] {dag.py:3954} INFO - Setting next_dagrun for example_trigger_target_dag to None, run_after=None
[2026-01-27T23:37:58.321+0000] {processor.py:183} INFO - Processing /home/airflow/.local/lib/python3.12/site-packages/airflow/example_dags/example_trigger_target_dag.py took 0.074 seconds
[2026-01-27T23:38:28.488+0000] {processor.py:161} INFO - Started process (PID=295) to work on /home/airflow/.local/lib/python3.12/site-packages/airflow/example_dags/example_trigger_target_dag.py
[2026-01-27T23:38:28.489+0000] {processor.py:830} INFO - Processing file /home/airflow/.local/lib/python3.12/site-packages/airflow/example_dags/example_trigger_target_dag.py for tasks to queue
[2026-01-27T23:38:28.491+0000] {logging_mixin.py:188} INFO - [2026-01-27T23:38:28.491+0000] {dagbag.py:540} INFO - Filling up the DagBag from /home/airflow/.local/lib/python3.12/site-packages/airflow/example_dags/example_trigger_target_dag.py
[2026-01-27T23:38:28.498+0000] {processor.py:840} INFO - DAG(s) 'example_trigger_target_dag' retrieved from /home/airflow/.local/lib/python3.12/site-packages/airflow/example_dags/example_trigger_target_dag.py
[2026-01-27T23:38:28.520+0000] {logging_mixin.py:188} INFO - [2026-01-27T23:38:28.520+0000] {dag.py:3096} INFO - Sync 1 DAGs
[2026-01-27T23:38:28.534+0000] {logging_mixin.py:188} INFO - [2026-01-27T23:38:28.534+0000] {dag.py:3954} INFO - Setting next_dagrun for example_trigger_target_dag to None, run_after=None
[2026-01-27T23:38:28.557+0000] {processor.py:183} INFO - Processing /home/airflow/.local/lib/python3.12/site-packages/airflow/example_dags/example_trigger_target_dag.py took 0.075 seconds
[2026-01-27T23:38:58.885+0000] {processor.py:161} INFO - Started process (PID=347) to work on /home/airflow/.local/lib/python3.12/site-packages/airflow/example_dags/example_trigger_target_dag.py
[2026-01-27T23:38:58.886+0000] {processor.py:830} INFO - Processing file /home/airflow/.local/lib/python3.12/site-packages/airflow/example_dags/example_trigger_target_dag.py for tasks to queue
[2026-01-27T23:38:58.890+0000] {logging_mixin.py:188} INFO - [2026-01-27T23:38:58.889+0000] {dagbag.py:540} INFO - Filling up the DagBag from /home/airflow/.local/lib/python3.12/site-packages/airflow/example_dags/example_trigger_target_dag.py
[2026-01-27T23:38:58.899+0000] {processor.py:840} INFO - DAG(s) 'example_trigger_target_dag' retrieved from /home/airflow/.local/lib/python3.12/site-packages/airflow/example_dags/example_trigger_target_dag.py
[2026-01-27T23:38:58.926+0000] {logging_mixin.py:188} INFO - [2026-01-27T23:38:58.926+0000] {dag.py:3096} INFO - Sync 1 DAGs
[2026-01-27T23:38:58.943+0000] {logging_mixin.py:188} INFO - [2026-01-27T23:38:58.942+0000] {dag.py:3954} INFO - Setting next_dagrun for example_trigger_target_dag to None, run_after=None
[2026-01-27T23:38:58.969+0000] {processor.py:183} INFO - Processing /home/airflow/.local/lib/python3.12/site-packages/airflow/example_dags/example_trigger_target_dag.py took 0.094 seconds
[2026-01-27T23:39:29.313+0000] {processor.py:161} INFO - Started process (PID=399) to work on /home/airflow/.local/lib/python3.12/site-packages/airflow/example_dags/example_trigger_target_dag.py
[2026-01-27T23:39:29.316+0000] {processor.py:830} INFO - Processing file /home/airflow/.local/lib/python3.12/site-packages/airflow/example_dags/example_trigger_target_dag.py for tasks to queue
[2026-01-27T23:39:29.319+0000] {logging_mixin.py:188} INFO - [2026-01-27T23:39:29.318+0000] {dagbag.py:540} INFO - Filling up the DagBag from /home/airflow/.local/lib/python3.12/site-packages/airflow/example_dags/example_trigger_target_dag.py
[2026-01-27T23:39:29.328+0000] {processor.py:840} INFO - DAG(s) 'example_trigger_target_dag' retrieved from /home/airflow/.local/lib/python3.12/site-packages/airflow/example_dags/example_trigger_target_dag.py
[2026-01-27T23:39:29.357+0000] {logging_mixin.py:188} INFO - [2026-01-27T23:39:29.357+0000] {dag.py:3096} INFO - Sync 1 DAGs
[2026-01-27T23:39:29.374+0000] {logging_mixin.py:188} INFO - [2026-01-27T23:39:29.374+0000] {dag.py:3954} INFO - Setting next_dagrun for example_trigger_target_dag to None, run_after=None
[2026-01-27T23:39:29.404+0000] {processor.py:183} INFO - Processing /home/airflow/.local/lib/python3.12/site-packages/airflow/example_dags/example_trigger_target_dag.py took 0.098 seconds
[2026-01-27T23:39:59.936+0000] {processor.py:161} INFO - Started process (PID=451) to work on /home/airflow/.local/lib/python3.12/site-packages/airflow/example_dags/example_trigger_target_dag.py
[2026-01-27T23:39:59.937+0000] {processor.py:830} INFO - Processing file /home/airflow/.local/lib/python3.12/site-packages/airflow/example_dags/example_trigger_target_dag.py for tasks to queue
[2026-01-27T23:39:59.940+0000] {logging_mixin.py:188} INFO - [2026-01-27T23:39:59.939+0000] {dagbag.py:540} INFO - Filling up the DagBag from /home/airflow/.local/lib/python3.12/site-packages/airflow/example_dags/example_trigger_target_dag.py
[2026-01-27T23:39:59.948+0000] {processor.py:840} INFO - DAG(s) 'example_trigger_target_dag' retrieved from /home/airflow/.local/lib/python3.12/site-packages/airflow/example_dags/example_trigger_target_dag.py
[2026-01-27T23:39:59.973+0000] {logging_mixin.py:188} INFO - [2026-01-27T23:39:59.973+0000] {dag.py:3096} INFO - Sync 1 DAGs
[2026-01-27T23:39:59.988+0000] {logging_mixin.py:188} INFO - [2026-01-27T23:39:59.987+0000] {dag.py:3954} INFO - Setting next_dagrun for example_trigger_target_dag to None, run_after=None
[2026-01-27T23:40:00.017+0000] {processor.py:183} INFO - Processing /home/airflow/.local/lib/python3.12/site-packages/airflow/example_dags/example_trigger_target_dag.py took 0.088 seconds
[2026-01-27T23:40:30.079+0000] {processor.py:161} INFO - Started process (PID=503) to work on /home/airflow/.local/lib/python3.12/site-packages/airflow/example_dags/example_trigger_target_dag.py
[2026-01-27T23:40:30.081+0000] {processor.py:830} INFO - Processing file /home/airflow/.local/lib/python3.12/site-packages/airflow/example_dags/example_trigger_target_dag.py for tasks to queue
[2026-01-27T23:40:30.082+0000] {logging_mixin.py:188} INFO - [2026-01-27T23:40:30.082+0000] {dagbag.py:540} INFO - Filling up the DagBag from /home/airflow/.local/lib/python3.12/site-packages/airflow/example_dags/example_trigger_target_dag.py
[2026-01-27T23:40:30.088+0000] {processor.py:840} INFO - DAG(s) 'example_trigger_target_dag' retrieved from /home/airflow/.local/lib/python3.12/site-packages/airflow/example_dags/example_trigger_target_dag.py
[2026-01-27T23:40:30.108+0000] {logging_mixin.py:188} INFO - [2026-01-27T23:40:30.107+0000] {dag.py:3096} INFO - Sync 1 DAGs
[2026-01-27T23:40:30.120+0000] {logging_mixin.py:188} INFO - [2026-01-27T23:40:30.120+0000] {dag.py:3954} INFO - Setting next_dagrun for example_trigger_target_dag to None, run_after=None
[2026-01-27T23:40:30.140+0000] {processor.py:183} INFO - Processing /home/airflow/.local/lib/python3.12/site-packages/airflow/example_dags/example_trigger_target_dag.py took 0.068 seconds
[2026-01-27T23:41:00.423+0000] {processor.py:161} INFO - Started process (PID=555) to work on /home/airflow/.local/lib/python3.12/site-packages/airflow/example_dags/example_trigger_target_dag.py
[2026-01-27T23:41:00.424+0000] {processor.py:830} INFO - Processing file /home/airflow/.local/lib/python3.12/site-packages/airflow/example_dags/example_trigger_target_dag.py for tasks to queue
[2026-01-27T23:41:00.427+0000] {logging_mixin.py:188} INFO - [2026-01-27T23:41:00.426+0000] {dagbag.py:540} INFO - Filling up the DagBag from /home/airflow/.local/lib/python3.12/site-packages/airflow/example_dags/example_trigger_target_dag.py
[2026-01-27T23:41:00.432+0000] {processor.py:840} INFO - DAG(s) 'example_trigger_target_dag' retrieved from /home/airflow/.local/lib/python3.12/site-packages/airflow/example_dags/example_trigger_target_dag.py
[2026-01-27T23:41:00.454+0000] {logging_mixin.py:188} INFO - [2026-01-27T23:41:00.454+0000] {dag.py:3096} INFO - Sync 1 DAGs
[2026-01-27T23:41:00.466+0000] {logging_mixin.py:188} INFO - [2026-01-27T23:41:00.466+0000] {dag.py:3954} INFO - Setting next_dagrun for example_trigger_target_dag to None, run_after=None
[2026-01-27T23:41:00.489+0000] {processor.py:183} INFO - Processing /home/airflow/.local/lib/python3.12/site-packages/airflow/example_dags/example_trigger_target_dag.py took 0.072 seconds
[2026-01-27T23:41:30.661+0000] {processor.py:161} INFO - Started process (PID=607) to work on /home/airflow/.local/lib/python3.12/site-packages/airflow/example_dags/example_trigger_target_dag.py
[2026-01-27T23:41:30.663+0000] {processor.py:830} INFO - Processing file /home/airflow/.local/lib/python3.12/site-packages/airflow/example_dags/example_trigger_target_dag.py for tasks to queue
[2026-01-27T23:41:30.665+0000] {logging_mixin.py:188} INFO - [2026-01-27T23:41:30.665+0000] {dagbag.py:540} INFO - Filling up the DagBag from /home/airflow/.local/lib/python3.12/site-packages/airflow/example_dags/example_trigger_target_dag.py
[2026-01-27T23:41:30.672+0000] {processor.py:840} INFO - DAG(s) 'example_trigger_target_dag' retrieved from /home/airflow/.local/lib/python3.12/site-packages/airflow/example_dags/example_trigger_target_dag.py
[2026-01-27T23:41:30.694+0000] {logging_mixin.py:188} INFO - [2026-01-27T23:41:30.693+0000] {dag.py:3096} INFO - Sync 1 DAGs
[2026-01-27T23:41:30.706+0000] {logging_mixin.py:188} INFO - [2026-01-27T23:41:30.706+0000] {dag.py:3954} INFO - Setting next_dagrun for example_trigger_target_dag to None, run_after=None
[2026-01-27T23:41:30.731+0000] {processor.py:183} INFO - Processing /home/airflow/.local/lib/python3.12/site-packages/airflow/example_dags/example_trigger_target_dag.py took 0.076 seconds
[2026-01-27T23:42:00.978+0000] {processor.py:161} INFO - Started process (PID=659) to work on /home/airflow/.local/lib/python3.12/site-packages/airflow/example_dags/example_trigger_target_dag.py
[2026-01-27T23:42:00.980+0000] {processor.py:830} INFO - Processing file /home/airflow/.local/lib/python3.12/site-packages/airflow/example_dags/example_trigger_target_dag.py for tasks to queue
[2026-01-27T23:42:00.982+0000] {logging_mixin.py:188} INFO - [2026-01-27T23:42:00.981+0000] {dagbag.py:540} INFO - Filling up the DagBag from /home/airflow/.local/lib/python3.12/site-packages/airflow/example_dags/example_trigger_target_dag.py
[2026-01-27T23:42:00.989+0000] {processor.py:840} INFO - DAG(s) 'example_trigger_target_dag' retrieved from /home/airflow/.local/lib/python3.12/site-packages/airflow/example_dags/example_trigger_target_dag.py
[2026-01-27T23:42:01.012+0000] {logging_mixin.py:188} INFO - [2026-01-27T23:42:01.011+0000] {dag.py:3096} INFO - Sync 1 DAGs
[2026-01-27T23:42:01.028+0000] {logging_mixin.py:188} INFO - [2026-01-27T23:42:01.028+0000] {dag.py:3954} INFO - Setting next_dagrun for example_trigger_target_dag to None, run_after=None
[2026-01-27T23:42:01.052+0000] {processor.py:183} INFO - Processing /home/airflow/.local/lib/python3.12/site-packages/airflow/example_dags/example_trigger_target_dag.py took 0.080 seconds
[2026-01-27T23:42:31.660+0000] {processor.py:161} INFO - Started process (PID=711) to work on /home/airflow/.local/lib/python3.12/site-packages/airflow/example_dags/example_trigger_target_dag.py
[2026-01-27T23:42:31.661+0000] {processor.py:830} INFO - Processing file /home/airflow/.local/lib/python3.12/site-packages/airflow/example_dags/example_trigger_target_dag.py for tasks to queue
[2026-01-27T23:42:31.664+0000] {logging_mixin.py:188} INFO - [2026-01-27T23:42:31.663+0000] {dagbag.py:540} INFO - Filling up the DagBag from /home/airflow/.local/lib/python3.12/site-packages/airflow/example_dags/example_trigger_target_dag.py
[2026-01-27T23:42:31.671+0000] {processor.py:840} INFO - DAG(s) 'example_trigger_target_dag' retrieved from /home/airflow/.local/lib/python3.12/site-packages/airflow/example_dags/example_trigger_target_dag.py
[2026-01-27T23:42:31.695+0000] {logging_mixin.py:188} INFO - [2026-01-27T23:42:31.695+0000] {dag.py:3096} INFO - Sync 1 DAGs
[2026-01-27T23:42:31.712+0000] {logging_mixin.py:188} INFO - [2026-01-27T23:42:31.711+0000] {dag.py:3954} INFO - Setting next_dagrun for example_trigger_target_dag to None, run_after=None
[2026-01-27T23:42:31.738+0000] {processor.py:183} INFO - Processing /home/airflow/.local/lib/python3.12/site-packages/airflow/example_dags/example_trigger_target_dag.py took 0.086 seconds
[2026-01-27T23:43:02.119+0000] {processor.py:161} INFO - Started process (PID=763) to work on /home/airflow/.local/lib/python3.12/site-packages/airflow/example_dags/example_trigger_target_dag.py
[2026-01-27T23:43:02.121+0000] {processor.py:830} INFO - Processing file /home/airflow/.local/lib/python3.12/site-packages/airflow/example_dags/example_trigger_target_dag.py for tasks to queue
[2026-01-27T23:43:02.125+0000] {logging_mixin.py:188} INFO - [2026-01-27T23:43:02.124+0000] {dagbag.py:540} INFO - Filling up the DagBag from /home/airflow/.local/lib/python3.12/site-packages/airflow/example_dags/example_trigger_target_dag.py
[2026-01-27T23:43:02.133+0000] {processor.py:840} INFO - DAG(s) 'example_trigger_target_dag' retrieved from /home/airflow/.local/lib/python3.12/site-packages/airflow/example_dags/example_trigger_target_dag.py
[2026-01-27T23:43:02.160+0000] {logging_mixin.py:188} INFO - [2026-01-27T23:43:02.160+0000] {dag.py:3096} INFO - Sync 1 DAGs
[2026-01-27T23:43:02.180+0000] {logging_mixin.py:188} INFO - [2026-01-27T23:43:02.180+0000] {dag.py:3954} INFO - Setting next_dagrun for example_trigger_target_dag to None, run_after=None
[2026-01-27T23:43:02.207+0000] {processor.py:183} INFO - Processing /home/airflow/.local/lib/python3.12/site-packages/airflow/example_dags/example_trigger_target_dag.py took 0.097 seconds
[2026-01-27T23:43:32.363+0000] {processor.py:161} INFO - Started process (PID=815) to work on /home/airflow/.local/lib/python3.12/site-packages/airflow/example_dags/example_trigger_target_dag.py
[2026-01-27T23:43:32.364+0000] {processor.py:830} INFO - Processing file /home/airflow/.local/lib/python3.12/site-packages/airflow/example_dags/example_trigger_target_dag.py for tasks to queue
[2026-01-27T23:43:32.366+0000] {logging_mixin.py:188} INFO - [2026-01-27T23:43:32.366+0000] {dagbag.py:540} INFO - Filling up the DagBag from /home/airflow/.local/lib/python3.12/site-packages/airflow/example_dags/example_trigger_target_dag.py
[2026-01-27T23:43:32.374+0000] {processor.py:840} INFO - DAG(s) 'example_trigger_target_dag' retrieved from /home/airflow/.local/lib/python3.12/site-packages/airflow/example_dags/example_trigger_target_dag.py
[2026-01-27T23:43:32.399+0000] {logging_mixin.py:188} INFO - [2026-01-27T23:43:32.399+0000] {dag.py:3096} INFO - Sync 1 DAGs
[2026-01-27T23:43:32.413+0000] {logging_mixin.py:188} INFO - [2026-01-27T23:43:32.413+0000] {dag.py:3954} INFO - Setting next_dagrun for example_trigger_target_dag to None, run_after=None
[2026-01-27T23:43:32.439+0000] {processor.py:183} INFO - Processing /home/airflow/.local/lib/python3.12/site-packages/airflow/example_dags/example_trigger_target_dag.py took 0.083 seconds
[2026-01-27T23:44:02.505+0000] {processor.py:161} INFO - Started process (PID=867) to work on /home/airflow/.local/lib/python3.12/site-packages/airflow/example_dags/example_trigger_target_dag.py
[2026-01-27T23:44:02.506+0000] {processor.py:830} INFO - Processing file /home/airflow/.local/lib/python3.12/site-packages/airflow/example_dags/example_trigger_target_dag.py for tasks to queue
[2026-01-27T23:44:02.510+0000] {logging_mixin.py:188} INFO - [2026-01-27T23:44:02.509+0000] {dagbag.py:540} INFO - Filling up the DagBag from /home/airflow/.local/lib/python3.12/site-packages/airflow/example_dags/example_trigger_target_dag.py
[2026-01-27T23:44:02.517+0000] {processor.py:840} INFO - DAG(s) 'example_trigger_target_dag' retrieved from /home/airflow/.local/lib/python3.12/site-packages/airflow/example_dags/example_trigger_target_dag.py
[2026-01-27T23:44:02.541+0000] {logging_mixin.py:188} INFO - [2026-01-27T23:44:02.541+0000] {dag.py:3096} INFO - Sync 1 DAGs
[2026-01-27T23:44:02.554+0000] {logging_mixin.py:188} INFO - [2026-01-27T23:44:02.554+0000] {dag.py:3954} INFO - Setting next_dagrun for example_trigger_target_dag to None, run_after=None
[2026-01-27T23:44:02.575+0000] {processor.py:183} INFO - Processing /home/airflow/.local/lib/python3.12/site-packages/airflow/example_dags/example_trigger_target_dag.py took 0.077 seconds
[2026-01-27T23:44:33.097+0000] {processor.py:161} INFO - Started process (PID=919) to work on /home/airflow/.local/lib/python3.12/site-packages/airflow/example_dags/example_trigger_target_dag.py
[2026-01-27T23:44:33.098+0000] {processor.py:830} INFO - Processing file /home/airflow/.local/lib/python3.12/site-packages/airflow/example_dags/example_trigger_target_dag.py for tasks to queue
[2026-01-27T23:44:33.099+0000] {logging_mixin.py:188} INFO - [2026-01-27T23:44:33.099+0000] {dagbag.py:540} INFO - Filling up the DagBag from /home/airflow/.local/lib/python3.12/site-packages/airflow/example_dags/example_trigger_target_dag.py
[2026-01-27T23:44:33.105+0000] {processor.py:840} INFO - DAG(s) 'example_trigger_target_dag' retrieved from /home/airflow/.local/lib/python3.12/site-packages/airflow/example_dags/example_trigger_target_dag.py
[2026-01-27T23:44:33.125+0000] {logging_mixin.py:188} INFO - [2026-01-27T23:44:33.125+0000] {dag.py:3096} INFO - Sync 1 DAGs
[2026-01-27T23:44:33.136+0000] {logging_mixin.py:188} INFO - [2026-01-27T23:44:33.136+0000] {dag.py:3954} INFO - Setting next_dagrun for example_trigger_target_dag to None, run_after=None
[2026-01-27T23:44:33.157+0000] {processor.py:183} INFO - Processing /home/airflow/.local/lib/python3.12/site-packages/airflow/example_dags/example_trigger_target_dag.py took 0.066 seconds
[2026-01-27T23:45:03.266+0000] {processor.py:161} INFO - Started process (PID=971) to work on /home/airflow/.local/lib/python3.12/site-packages/airflow/example_dags/example_trigger_target_dag.py
[2026-01-27T23:45:03.267+0000] {processor.py:830} INFO - Processing file /home/airflow/.local/lib/python3.12/site-packages/airflow/example_dags/example_trigger_target_dag.py for tasks to queue
[2026-01-27T23:45:03.268+0000] {logging_mixin.py:188} INFO - [2026-01-27T23:45:03.268+0000] {dagbag.py:540} INFO - Filling up the DagBag from /home/airflow/.local/lib/python3.12/site-packages/airflow/example_dags/example_trigger_target_dag.py
[2026-01-27T23:45:03.274+0000] {processor.py:840} INFO - DAG(s) 'example_trigger_target_dag' retrieved from /home/airflow/.local/lib/python3.12/site-packages/airflow/example_dags/example_trigger_target_dag.py
[2026-01-27T23:45:03.294+0000] {logging_mixin.py:188} INFO - [2026-01-27T23:45:03.293+0000] {dag.py:3096} INFO - Sync 1 DAGs
[2026-01-27T23:45:03.307+0000] {logging_mixin.py:188} INFO - [2026-01-27T23:45:03.307+0000] {dag.py:3954} INFO - Setting next_dagrun for example_trigger_target_dag to None, run_after=None
[2026-01-27T23:45:03.328+0000] {processor.py:183} INFO - Processing /home/airflow/.local/lib/python3.12/site-packages/airflow/example_dags/example_trigger_target_dag.py took 0.068 seconds
[2026-01-27T23:45:33.538+0000] {processor.py:161} INFO - Started process (PID=1023) to work on /home/airflow/.local/lib/python3.12/site-packages/airflow/example_dags/example_trigger_target_dag.py
[2026-01-27T23:45:33.540+0000] {processor.py:830} INFO - Processing file /home/airflow/.local/lib/python3.12/site-packages/airflow/example_dags/example_trigger_target_dag.py for tasks to queue
[2026-01-27T23:45:33.543+0000] {logging_mixin.py:188} INFO - [2026-01-27T23:45:33.542+0000] {dagbag.py:540} INFO - Filling up the DagBag from /home/airflow/.local/lib/python3.12/site-packages/airflow/example_dags/example_trigger_target_dag.py
[2026-01-27T23:45:33.551+0000] {processor.py:840} INFO - DAG(s) 'example_trigger_target_dag' retrieved from /home/airflow/.local/lib/python3.12/site-packages/airflow/example_dags/example_trigger_target_dag.py
[2026-01-27T23:45:33.579+0000] {logging_mixin.py:188} INFO - [2026-01-27T23:45:33.579+0000] {dag.py:3096} INFO - Sync 1 DAGs
[2026-01-27T23:45:33.599+0000] {logging_mixin.py:188} INFO - [2026-01-27T23:45:33.599+0000] {dag.py:3954} INFO - Setting next_dagrun for example_trigger_target_dag to None, run_after=None
[2026-01-27T23:45:33.624+0000] {processor.py:183} INFO - Processing /home/airflow/.local/lib/python3.12/site-packages/airflow/example_dags/example_trigger_target_dag.py took 0.094 seconds
[2026-01-27T23:46:04.334+0000] {processor.py:161} INFO - Started process (PID=1075) to work on /home/airflow/.local/lib/python3.12/site-packages/airflow/example_dags/example_trigger_target_dag.py
[2026-01-27T23:46:04.335+0000] {processor.py:830} INFO - Processing file /home/airflow/.local/lib/python3.12/site-packages/airflow/example_dags/example_trigger_target_dag.py for tasks to queue
[2026-01-27T23:46:04.338+0000] {logging_mixin.py:188} INFO - [2026-01-27T23:46:04.337+0000] {dagbag.py:540} INFO - Filling up the DagBag from /home/airflow/.local/lib/python3.12/site-packages/airflow/example_dags/example_trigger_target_dag.py
[2026-01-27T23:46:04.346+0000] {processor.py:840} INFO - DAG(s) 'example_trigger_target_dag' retrieved from /home/airflow/.local/lib/python3.12/site-packages/airflow/example_dags/example_trigger_target_dag.py
[2026-01-27T23:46:04.376+0000] {logging_mixin.py:188} INFO - [2026-01-27T23:46:04.376+0000] {dag.py:3096} INFO - Sync 1 DAGs
[2026-01-27T23:46:04.393+0000] {logging_mixin.py:188} INFO - [2026-01-27T23:46:04.393+0000] {dag.py:3954} INFO - Setting next_dagrun for example_trigger_target_dag to None, run_after=None
[2026-01-27T23:46:04.568+0000] {processor.py:183} INFO - Processing /home/airflow/.local/lib/python3.12/site-packages/airflow/example_dags/example_trigger_target_dag.py took 0.241 seconds
[2026-01-27T23:46:34.769+0000] {processor.py:161} INFO - Started process (PID=1125) to work on /home/airflow/.local/lib/python3.12/site-packages/airflow/example_dags/example_trigger_target_dag.py
[2026-01-27T23:46:34.771+0000] {processor.py:830} INFO - Processing file /home/airflow/.local/lib/python3.12/site-packages/airflow/example_dags/example_trigger_target_dag.py for tasks to queue
[2026-01-27T23:46:34.773+0000] {logging_mixin.py:188} INFO - [2026-01-27T23:46:34.773+0000] {dagbag.py:540} INFO - Filling up the DagBag from /home/airflow/.local/lib/python3.12/site-packages/airflow/example_dags/example_trigger_target_dag.py
[2026-01-27T23:46:34.779+0000] {processor.py:840} INFO - DAG(s) 'example_trigger_target_dag' retrieved from /home/airflow/.local/lib/python3.12/site-packages/airflow/example_dags/example_trigger_target_dag.py
[2026-01-27T23:46:34.805+0000] {logging_mixin.py:188} INFO - [2026-01-27T23:46:34.805+0000] {dag.py:3096} INFO - Sync 1 DAGs
[2026-01-27T23:46:34.819+0000] {logging_mixin.py:188} INFO - [2026-01-27T23:46:34.819+0000] {dag.py:3954} INFO - Setting next_dagrun for example_trigger_target_dag to None, run_after=None
[2026-01-27T23:46:34.840+0000] {processor.py:183} INFO - Processing /home/airflow/.local/lib/python3.12/site-packages/airflow/example_dags/example_trigger_target_dag.py took 0.078 seconds
[2026-01-27T23:47:05.133+0000] {processor.py:161} INFO - Started process (PID=1177) to work on /home/airflow/.local/lib/python3.12/site-packages/airflow/example_dags/example_trigger_target_dag.py
[2026-01-27T23:47:05.134+0000] {processor.py:830} INFO - Processing file /home/airflow/.local/lib/python3.12/site-packages/airflow/example_dags/example_trigger_target_dag.py for tasks to queue
[2026-01-27T23:47:05.136+0000] {logging_mixin.py:188} INFO - [2026-01-27T23:47:05.136+0000] {dagbag.py:540} INFO - Filling up the DagBag from /home/airflow/.local/lib/python3.12/site-packages/airflow/example_dags/example_trigger_target_dag.py
[2026-01-27T23:47:05.142+0000] {processor.py:840} INFO - DAG(s) 'example_trigger_target_dag' retrieved from /home/airflow/.local/lib/python3.12/site-packages/airflow/example_dags/example_trigger_target_dag.py
[2026-01-27T23:47:05.164+0000] {logging_mixin.py:188} INFO - [2026-01-27T23:47:05.163+0000] {dag.py:3096} INFO - Sync 1 DAGs
[2026-01-27T23:47:05.180+0000] {logging_mixin.py:188} INFO - [2026-01-27T23:47:05.180+0000] {dag.py:3954} INFO - Setting next_dagrun for example_trigger_target_dag to None, run_after=None
[2026-01-27T23:47:05.201+0000] {processor.py:183} INFO - Processing /home/airflow/.local/lib/python3.12/site-packages/airflow/example_dags/example_trigger_target_dag.py took 0.075 seconds
[2026-01-27T23:47:35.611+0000] {processor.py:161} INFO - Started process (PID=1229) to work on /home/airflow/.local/lib/python3.12/site-packages/airflow/example_dags/example_trigger_target_dag.py
[2026-01-27T23:47:35.612+0000] {processor.py:830} INFO - Processing file /home/airflow/.local/lib/python3.12/site-packages/airflow/example_dags/example_trigger_target_dag.py for tasks to queue
[2026-01-27T23:47:35.615+0000] {logging_mixin.py:188} INFO - [2026-01-27T23:47:35.614+0000] {dagbag.py:540} INFO - Filling up the DagBag from /home/airflow/.local/lib/python3.12/site-packages/airflow/example_dags/example_trigger_target_dag.py
[2026-01-27T23:47:35.622+0000] {processor.py:840} INFO - DAG(s) 'example_trigger_target_dag' retrieved from /home/airflow/.local/lib/python3.12/site-packages/airflow/example_dags/example_trigger_target_dag.py
[2026-01-27T23:47:35.791+0000] {logging_mixin.py:188} INFO - [2026-01-27T23:47:35.791+0000] {dag.py:3096} INFO - Sync 1 DAGs
[2026-01-27T23:47:35.801+0000] {logging_mixin.py:188} INFO - [2026-01-27T23:47:35.801+0000] {dag.py:3954} INFO - Setting next_dagrun for example_trigger_target_dag to None, run_after=None
[2026-01-27T23:47:35.832+0000] {processor.py:183} INFO - Processing /home/airflow/.local/lib/python3.12/site-packages/airflow/example_dags/example_trigger_target_dag.py took 0.228 seconds
[2026-01-27T23:48:06.035+0000] {processor.py:161} INFO - Started process (PID=1281) to work on /home/airflow/.local/lib/python3.12/site-packages/airflow/example_dags/example_trigger_target_dag.py
[2026-01-27T23:48:06.037+0000] {processor.py:830} INFO - Processing file /home/airflow/.local/lib/python3.12/site-packages/airflow/example_dags/example_trigger_target_dag.py for tasks to queue
[2026-01-27T23:48:06.039+0000] {logging_mixin.py:188} INFO - [2026-01-27T23:48:06.039+0000] {dagbag.py:540} INFO - Filling up the DagBag from /home/airflow/.local/lib/python3.12/site-packages/airflow/example_dags/example_trigger_target_dag.py
[2026-01-27T23:48:06.046+0000] {processor.py:840} INFO - DAG(s) 'example_trigger_target_dag' retrieved from /home/airflow/.local/lib/python3.12/site-packages/airflow/example_dags/example_trigger_target_dag.py
[2026-01-27T23:48:06.067+0000] {logging_mixin.py:188} INFO - [2026-01-27T23:48:06.067+0000] {dag.py:3096} INFO - Sync 1 DAGs
[2026-01-27T23:48:06.079+0000] {logging_mixin.py:188} INFO - [2026-01-27T23:48:06.078+0000] {dag.py:3954} INFO - Setting next_dagrun for example_trigger_target_dag to None, run_after=None
[2026-01-27T23:48:06.099+0000] {processor.py:183} INFO - Processing /home/airflow/.local/lib/python3.12/site-packages/airflow/example_dags/example_trigger_target_dag.py took 0.071 seconds
[2026-01-27T23:48:36.259+0000] {processor.py:161} INFO - Started process (PID=1333) to work on /home/airflow/.local/lib/python3.12/site-packages/airflow/example_dags/example_trigger_target_dag.py
[2026-01-27T23:48:36.260+0000] {processor.py:830} INFO - Processing file /home/airflow/.local/lib/python3.12/site-packages/airflow/example_dags/example_trigger_target_dag.py for tasks to queue
[2026-01-27T23:48:36.263+0000] {logging_mixin.py:188} INFO - [2026-01-27T23:48:36.262+0000] {dagbag.py:540} INFO - Filling up the DagBag from /home/airflow/.local/lib/python3.12/site-packages/airflow/example_dags/example_trigger_target_dag.py
[2026-01-27T23:48:36.268+0000] {processor.py:840} INFO - DAG(s) 'example_trigger_target_dag' retrieved from /home/airflow/.local/lib/python3.12/site-packages/airflow/example_dags/example_trigger_target_dag.py
[2026-01-27T23:48:36.289+0000] {logging_mixin.py:188} INFO - [2026-01-27T23:48:36.289+0000] {dag.py:3096} INFO - Sync 1 DAGs
[2026-01-27T23:48:36.301+0000] {logging_mixin.py:188} INFO - [2026-01-27T23:48:36.301+0000] {dag.py:3954} INFO - Setting next_dagrun for example_trigger_target_dag to None, run_after=None
[2026-01-27T23:48:36.321+0000] {processor.py:183} INFO - Processing /home/airflow/.local/lib/python3.12/site-packages/airflow/example_dags/example_trigger_target_dag.py took 0.068 seconds
[2026-01-27T23:49:07.303+0000] {processor.py:161} INFO - Started process (PID=1385) to work on /home/airflow/.local/lib/python3.12/site-packages/airflow/example_dags/example_trigger_target_dag.py
[2026-01-27T23:49:07.304+0000] {processor.py:830} INFO - Processing file /home/airflow/.local/lib/python3.12/site-packages/airflow/example_dags/example_trigger_target_dag.py for tasks to queue
[2026-01-27T23:49:07.306+0000] {logging_mixin.py:188} INFO - [2026-01-27T23:49:07.306+0000] {dagbag.py:540} INFO - Filling up the DagBag from /home/airflow/.local/lib/python3.12/site-packages/airflow/example_dags/example_trigger_target_dag.py
[2026-01-27T23:49:07.313+0000] {processor.py:840} INFO - DAG(s) 'example_trigger_target_dag' retrieved from /home/airflow/.local/lib/python3.12/site-packages/airflow/example_dags/example_trigger_target_dag.py
[2026-01-27T23:49:07.339+0000] {logging_mixin.py:188} INFO - [2026-01-27T23:49:07.338+0000] {dag.py:3096} INFO - Sync 1 DAGs
[2026-01-27T23:49:07.353+0000] {logging_mixin.py:188} INFO - [2026-01-27T23:49:07.352+0000] {dag.py:3954} INFO - Setting next_dagrun for example_trigger_target_dag to None, run_after=None
[2026-01-27T23:49:07.375+0000] {processor.py:183} INFO - Processing /home/airflow/.local/lib/python3.12/site-packages/airflow/example_dags/example_trigger_target_dag.py took 0.080 seconds
[2026-01-27T23:49:37.663+0000] {processor.py:161} INFO - Started process (PID=1437) to work on /home/airflow/.local/lib/python3.12/site-packages/airflow/example_dags/example_trigger_target_dag.py
[2026-01-27T23:49:37.664+0000] {processor.py:830} INFO - Processing file /home/airflow/.local/lib/python3.12/site-packages/airflow/example_dags/example_trigger_target_dag.py for tasks to queue
[2026-01-27T23:49:37.665+0000] {logging_mixin.py:188} INFO - [2026-01-27T23:49:37.665+0000] {dagbag.py:540} INFO - Filling up the DagBag from /home/airflow/.local/lib/python3.12/site-packages/airflow/example_dags/example_trigger_target_dag.py
[2026-01-27T23:49:37.671+0000] {processor.py:840} INFO - DAG(s) 'example_trigger_target_dag' retrieved from /home/airflow/.local/lib/python3.12/site-packages/airflow/example_dags/example_trigger_target_dag.py
[2026-01-27T23:49:37.691+0000] {logging_mixin.py:188} INFO - [2026-01-27T23:49:37.691+0000] {dag.py:3096} INFO - Sync 1 DAGs
[2026-01-27T23:49:37.702+0000] {logging_mixin.py:188} INFO - [2026-01-27T23:49:37.702+0000] {dag.py:3954} INFO - Setting next_dagrun for example_trigger_target_dag to None, run_after=None
[2026-01-27T23:49:37.722+0000] {processor.py:183} INFO - Processing /home/airflow/.local/lib/python3.12/site-packages/airflow/example_dags/example_trigger_target_dag.py took 0.065 seconds
[2026-01-27T23:50:07.924+0000] {processor.py:161} INFO - Started process (PID=1489) to work on /home/airflow/.local/lib/python3.12/site-packages/airflow/example_dags/example_trigger_target_dag.py
[2026-01-27T23:50:07.925+0000] {processor.py:830} INFO - Processing file /home/airflow/.local/lib/python3.12/site-packages/airflow/example_dags/example_trigger_target_dag.py for tasks to queue
[2026-01-27T23:50:07.927+0000] {logging_mixin.py:188} INFO - [2026-01-27T23:50:07.927+0000] {dagbag.py:540} INFO - Filling up the DagBag from /home/airflow/.local/lib/python3.12/site-packages/airflow/example_dags/example_trigger_target_dag.py
[2026-01-27T23:50:07.933+0000] {processor.py:840} INFO - DAG(s) 'example_trigger_target_dag' retrieved from /home/airflow/.local/lib/python3.12/site-packages/airflow/example_dags/example_trigger_target_dag.py
[2026-01-27T23:50:07.955+0000] {logging_mixin.py:188} INFO - [2026-01-27T23:50:07.954+0000] {dag.py:3096} INFO - Sync 1 DAGs
[2026-01-27T23:50:07.968+0000] {logging_mixin.py:188} INFO - [2026-01-27T23:50:07.967+0000] {dag.py:3954} INFO - Setting next_dagrun for example_trigger_target_dag to None, run_after=None
[2026-01-27T23:50:07.992+0000] {processor.py:183} INFO - Processing /home/airflow/.local/lib/python3.12/site-packages/airflow/example_dags/example_trigger_target_dag.py took 0.075 seconds
[2026-01-27T23:50:38.225+0000] {processor.py:161} INFO - Started process (PID=1541) to work on /home/airflow/.local/lib/python3.12/site-packages/airflow/example_dags/example_trigger_target_dag.py
[2026-01-27T23:50:38.226+0000] {processor.py:830} INFO - Processing file /home/airflow/.local/lib/python3.12/site-packages/airflow/example_dags/example_trigger_target_dag.py for tasks to queue
[2026-01-27T23:50:38.228+0000] {logging_mixin.py:188} INFO - [2026-01-27T23:50:38.228+0000] {dagbag.py:540} INFO - Filling up the DagBag from /home/airflow/.local/lib/python3.12/site-packages/airflow/example_dags/example_trigger_target_dag.py
[2026-01-27T23:50:38.234+0000] {processor.py:840} INFO - DAG(s) 'example_trigger_target_dag' retrieved from /home/airflow/.local/lib/python3.12/site-packages/airflow/example_dags/example_trigger_target_dag.py
[2026-01-27T23:50:38.253+0000] {logging_mixin.py:188} INFO - [2026-01-27T23:50:38.253+0000] {dag.py:3096} INFO - Sync 1 DAGs
[2026-01-27T23:50:38.264+0000] {logging_mixin.py:188} INFO - [2026-01-27T23:50:38.264+0000] {dag.py:3954} INFO - Setting next_dagrun for example_trigger_target_dag to None, run_after=None
[2026-01-27T23:50:38.283+0000] {processor.py:183} INFO - Processing /home/airflow/.local/lib/python3.12/site-packages/airflow/example_dags/example_trigger_target_dag.py took 0.065 seconds
[2026-01-27T23:51:08.773+0000] {processor.py:161} INFO - Started process (PID=1593) to work on /home/airflow/.local/lib/python3.12/site-packages/airflow/example_dags/example_trigger_target_dag.py
[2026-01-27T23:51:08.774+0000] {processor.py:830} INFO - Processing file /home/airflow/.local/lib/python3.12/site-packages/airflow/example_dags/example_trigger_target_dag.py for tasks to queue
[2026-01-27T23:51:08.777+0000] {logging_mixin.py:188} INFO - [2026-01-27T23:51:08.777+0000] {dagbag.py:540} INFO - Filling up the DagBag from /home/airflow/.local/lib/python3.12/site-packages/airflow/example_dags/example_trigger_target_dag.py
[2026-01-27T23:51:08.785+0000] {processor.py:840} INFO - DAG(s) 'example_trigger_target_dag' retrieved from /home/airflow/.local/lib/python3.12/site-packages/airflow/example_dags/example_trigger_target_dag.py
[2026-01-27T23:51:08.815+0000] {logging_mixin.py:188} INFO - [2026-01-27T23:51:08.815+0000] {dag.py:3096} INFO - Sync 1 DAGs
[2026-01-27T23:51:08.835+0000] {logging_mixin.py:188} INFO - [2026-01-27T23:51:08.834+0000] {dag.py:3954} INFO - Setting next_dagrun for example_trigger_target_dag to None, run_after=None
[2026-01-27T23:51:08.864+0000] {processor.py:183} INFO - Processing /home/airflow/.local/lib/python3.12/site-packages/airflow/example_dags/example_trigger_target_dag.py took 0.099 seconds
[2026-01-27T23:51:39.257+0000] {processor.py:161} INFO - Started process (PID=1645) to work on /home/airflow/.local/lib/python3.12/site-packages/airflow/example_dags/example_trigger_target_dag.py
[2026-01-27T23:51:39.258+0000] {processor.py:830} INFO - Processing file /home/airflow/.local/lib/python3.12/site-packages/airflow/example_dags/example_trigger_target_dag.py for tasks to queue
[2026-01-27T23:51:39.260+0000] {logging_mixin.py:188} INFO - [2026-01-27T23:51:39.259+0000] {dagbag.py:540} INFO - Filling up the DagBag from /home/airflow/.local/lib/python3.12/site-packages/airflow/example_dags/example_trigger_target_dag.py
[2026-01-27T23:51:39.265+0000] {processor.py:840} INFO - DAG(s) 'example_trigger_target_dag' retrieved from /home/airflow/.local/lib/python3.12/site-packages/airflow/example_dags/example_trigger_target_dag.py
[2026-01-27T23:51:39.286+0000] {logging_mixin.py:188} INFO - [2026-01-27T23:51:39.286+0000] {dag.py:3096} INFO - Sync 1 DAGs
[2026-01-27T23:51:39.300+0000] {logging_mixin.py:188} INFO - [2026-01-27T23:51:39.299+0000] {dag.py:3954} INFO - Setting next_dagrun for example_trigger_target_dag to None, run_after=None
[2026-01-27T23:51:39.320+0000] {processor.py:183} INFO - Processing /home/airflow/.local/lib/python3.12/site-packages/airflow/example_dags/example_trigger_target_dag.py took 0.069 seconds
[2026-01-27T23:52:09.527+0000] {processor.py:161} INFO - Started process (PID=1697) to work on /home/airflow/.local/lib/python3.12/site-packages/airflow/example_dags/example_trigger_target_dag.py
[2026-01-27T23:52:09.528+0000] {processor.py:830} INFO - Processing file /home/airflow/.local/lib/python3.12/site-packages/airflow/example_dags/example_trigger_target_dag.py for tasks to queue
[2026-01-27T23:52:09.531+0000] {logging_mixin.py:188} INFO - [2026-01-27T23:52:09.530+0000] {dagbag.py:540} INFO - Filling up the DagBag from /home/airflow/.local/lib/python3.12/site-packages/airflow/example_dags/example_trigger_target_dag.py
[2026-01-27T23:52:09.538+0000] {processor.py:840} INFO - DAG(s) 'example_trigger_target_dag' retrieved from /home/airflow/.local/lib/python3.12/site-packages/airflow/example_dags/example_trigger_target_dag.py
[2026-01-27T23:52:09.560+0000] {logging_mixin.py:188} INFO - [2026-01-27T23:52:09.559+0000] {dag.py:3096} INFO - Sync 1 DAGs
[2026-01-27T23:52:09.572+0000] {logging_mixin.py:188} INFO - [2026-01-27T23:52:09.571+0000] {dag.py:3954} INFO - Setting next_dagrun for example_trigger_target_dag to None, run_after=None
[2026-01-27T23:52:09.594+0000] {processor.py:183} INFO - Processing /home/airflow/.local/lib/python3.12/site-packages/airflow/example_dags/example_trigger_target_dag.py took 0.075 seconds
[2026-01-27T23:52:39.701+0000] {processor.py:161} INFO - Started process (PID=1749) to work on /home/airflow/.local/lib/python3.12/site-packages/airflow/example_dags/example_trigger_target_dag.py
[2026-01-27T23:52:39.703+0000] {processor.py:830} INFO - Processing file /home/airflow/.local/lib/python3.12/site-packages/airflow/example_dags/example_trigger_target_dag.py for tasks to queue
[2026-01-27T23:52:39.705+0000] {logging_mixin.py:188} INFO - [2026-01-27T23:52:39.704+0000] {dagbag.py:540} INFO - Filling up the DagBag from /home/airflow/.local/lib/python3.12/site-packages/airflow/example_dags/example_trigger_target_dag.py
[2026-01-27T23:52:39.710+0000] {processor.py:840} INFO - DAG(s) 'example_trigger_target_dag' retrieved from /home/airflow/.local/lib/python3.12/site-packages/airflow/example_dags/example_trigger_target_dag.py
[2026-01-27T23:52:39.729+0000] {logging_mixin.py:188} INFO - [2026-01-27T23:52:39.728+0000] {dag.py:3096} INFO - Sync 1 DAGs
[2026-01-27T23:52:39.739+0000] {logging_mixin.py:188} INFO - [2026-01-27T23:52:39.739+0000] {dag.py:3954} INFO - Setting next_dagrun for example_trigger_target_dag to None, run_after=None
[2026-01-27T23:52:39.759+0000] {processor.py:183} INFO - Processing /home/airflow/.local/lib/python3.12/site-packages/airflow/example_dags/example_trigger_target_dag.py took 0.063 seconds
[2026-01-27T23:53:09.996+0000] {processor.py:161} INFO - Started process (PID=1801) to work on /home/airflow/.local/lib/python3.12/site-packages/airflow/example_dags/example_trigger_target_dag.py
[2026-01-27T23:53:09.997+0000] {processor.py:830} INFO - Processing file /home/airflow/.local/lib/python3.12/site-packages/airflow/example_dags/example_trigger_target_dag.py for tasks to queue
[2026-01-27T23:53:09.999+0000] {logging_mixin.py:188} INFO - [2026-01-27T23:53:09.998+0000] {dagbag.py:540} INFO - Filling up the DagBag from /home/airflow/.local/lib/python3.12/site-packages/airflow/example_dags/example_trigger_target_dag.py
[2026-01-27T23:53:10.004+0000] {processor.py:840} INFO - DAG(s) 'example_trigger_target_dag' retrieved from /home/airflow/.local/lib/python3.12/site-packages/airflow/example_dags/example_trigger_target_dag.py
[2026-01-27T23:53:10.024+0000] {logging_mixin.py:188} INFO - [2026-01-27T23:53:10.024+0000] {dag.py:3096} INFO - Sync 1 DAGs
[2026-01-27T23:53:10.035+0000] {logging_mixin.py:188} INFO - [2026-01-27T23:53:10.035+0000] {dag.py:3954} INFO - Setting next_dagrun for example_trigger_target_dag to None, run_after=None
[2026-01-27T23:53:10.056+0000] {processor.py:183} INFO - Processing /home/airflow/.local/lib/python3.12/site-packages/airflow/example_dags/example_trigger_target_dag.py took 0.066 seconds
[2026-01-27T23:53:40.283+0000] {processor.py:161} INFO - Started process (PID=1853) to work on /home/airflow/.local/lib/python3.12/site-packages/airflow/example_dags/example_trigger_target_dag.py
[2026-01-27T23:53:40.284+0000] {processor.py:830} INFO - Processing file /home/airflow/.local/lib/python3.12/site-packages/airflow/example_dags/example_trigger_target_dag.py for tasks to queue
[2026-01-27T23:53:40.286+0000] {logging_mixin.py:188} INFO - [2026-01-27T23:53:40.285+0000] {dagbag.py:540} INFO - Filling up the DagBag from /home/airflow/.local/lib/python3.12/site-packages/airflow/example_dags/example_trigger_target_dag.py
[2026-01-27T23:53:40.291+0000] {processor.py:840} INFO - DAG(s) 'example_trigger_target_dag' retrieved from /home/airflow/.local/lib/python3.12/site-packages/airflow/example_dags/example_trigger_target_dag.py
[2026-01-27T23:53:40.310+0000] {logging_mixin.py:188} INFO - [2026-01-27T23:53:40.310+0000] {dag.py:3096} INFO - Sync 1 DAGs
[2026-01-27T23:53:40.321+0000] {logging_mixin.py:188} INFO - [2026-01-27T23:53:40.321+0000] {dag.py:3954} INFO - Setting next_dagrun for example_trigger_target_dag to None, run_after=None
[2026-01-27T23:53:40.340+0000] {processor.py:183} INFO - Processing /home/airflow/.local/lib/python3.12/site-packages/airflow/example_dags/example_trigger_target_dag.py took 0.063 seconds
[2026-01-27T23:54:10.762+0000] {processor.py:161} INFO - Started process (PID=1905) to work on /home/airflow/.local/lib/python3.12/site-packages/airflow/example_dags/example_trigger_target_dag.py
[2026-01-27T23:54:10.764+0000] {processor.py:830} INFO - Processing file /home/airflow/.local/lib/python3.12/site-packages/airflow/example_dags/example_trigger_target_dag.py for tasks to queue
[2026-01-27T23:54:10.767+0000] {logging_mixin.py:188} INFO - [2026-01-27T23:54:10.766+0000] {dagbag.py:540} INFO - Filling up the DagBag from /home/airflow/.local/lib/python3.12/site-packages/airflow/example_dags/example_trigger_target_dag.py
[2026-01-27T23:54:10.773+0000] {processor.py:840} INFO - DAG(s) 'example_trigger_target_dag' retrieved from /home/airflow/.local/lib/python3.12/site-packages/airflow/example_dags/example_trigger_target_dag.py
[2026-01-27T23:54:10.801+0000] {logging_mixin.py:188} INFO - [2026-01-27T23:54:10.800+0000] {dag.py:3096} INFO - Sync 1 DAGs
[2026-01-27T23:54:10.818+0000] {logging_mixin.py:188} INFO - [2026-01-27T23:54:10.817+0000] {dag.py:3954} INFO - Setting next_dagrun for example_trigger_target_dag to None, run_after=None
[2026-01-27T23:54:10.842+0000] {processor.py:183} INFO - Processing /home/airflow/.local/lib/python3.12/site-packages/airflow/example_dags/example_trigger_target_dag.py took 0.087 seconds
[2026-01-27T23:54:40.886+0000] {processor.py:161} INFO - Started process (PID=1957) to work on /home/airflow/.local/lib/python3.12/site-packages/airflow/example_dags/example_trigger_target_dag.py
[2026-01-27T23:54:40.887+0000] {processor.py:830} INFO - Processing file /home/airflow/.local/lib/python3.12/site-packages/airflow/example_dags/example_trigger_target_dag.py for tasks to queue
[2026-01-27T23:54:40.888+0000] {logging_mixin.py:188} INFO - [2026-01-27T23:54:40.888+0000] {dagbag.py:540} INFO - Filling up the DagBag from /home/airflow/.local/lib/python3.12/site-packages/airflow/example_dags/example_trigger_target_dag.py
[2026-01-27T23:54:40.895+0000] {processor.py:840} INFO - DAG(s) 'example_trigger_target_dag' retrieved from /home/airflow/.local/lib/python3.12/site-packages/airflow/example_dags/example_trigger_target_dag.py
[2026-01-27T23:54:40.917+0000] {logging_mixin.py:188} INFO - [2026-01-27T23:54:40.916+0000] {dag.py:3096} INFO - Sync 1 DAGs
[2026-01-27T23:54:40.930+0000] {logging_mixin.py:188} INFO - [2026-01-27T23:54:40.929+0000] {dag.py:3954} INFO - Setting next_dagrun for example_trigger_target_dag to None, run_after=None
[2026-01-27T23:54:40.951+0000] {processor.py:183} INFO - Processing /home/airflow/.local/lib/python3.12/site-packages/airflow/example_dags/example_trigger_target_dag.py took 0.071 seconds
[2026-01-27T23:55:11.714+0000] {processor.py:161} INFO - Started process (PID=2009) to work on /home/airflow/.local/lib/python3.12/site-packages/airflow/example_dags/example_trigger_target_dag.py
[2026-01-27T23:55:11.715+0000] {processor.py:830} INFO - Processing file /home/airflow/.local/lib/python3.12/site-packages/airflow/example_dags/example_trigger_target_dag.py for tasks to queue
[2026-01-27T23:55:11.717+0000] {logging_mixin.py:188} INFO - [2026-01-27T23:55:11.717+0000] {dagbag.py:540} INFO - Filling up the DagBag from /home/airflow/.local/lib/python3.12/site-packages/airflow/example_dags/example_trigger_target_dag.py
[2026-01-27T23:55:11.723+0000] {processor.py:840} INFO - DAG(s) 'example_trigger_target_dag' retrieved from /home/airflow/.local/lib/python3.12/site-packages/airflow/example_dags/example_trigger_target_dag.py
[2026-01-27T23:55:11.742+0000] {logging_mixin.py:188} INFO - [2026-01-27T23:55:11.742+0000] {dag.py:3096} INFO - Sync 1 DAGs
[2026-01-27T23:55:11.753+0000] {logging_mixin.py:188} INFO - [2026-01-27T23:55:11.753+0000] {dag.py:3954} INFO - Setting next_dagrun for example_trigger_target_dag to None, run_after=None
[2026-01-27T23:55:11.772+0000] {processor.py:183} INFO - Processing /home/airflow/.local/lib/python3.12/site-packages/airflow/example_dags/example_trigger_target_dag.py took 0.064 seconds
[2026-01-27T23:55:42.655+0000] {processor.py:161} INFO - Started process (PID=2061) to work on /home/airflow/.local/lib/python3.12/site-packages/airflow/example_dags/example_trigger_target_dag.py
[2026-01-27T23:55:42.656+0000] {processor.py:830} INFO - Processing file /home/airflow/.local/lib/python3.12/site-packages/airflow/example_dags/example_trigger_target_dag.py for tasks to queue
[2026-01-27T23:55:42.658+0000] {logging_mixin.py:188} INFO - [2026-01-27T23:55:42.658+0000] {dagbag.py:540} INFO - Filling up the DagBag from /home/airflow/.local/lib/python3.12/site-packages/airflow/example_dags/example_trigger_target_dag.py
[2026-01-27T23:55:42.664+0000] {processor.py:840} INFO - DAG(s) 'example_trigger_target_dag' retrieved from /home/airflow/.local/lib/python3.12/site-packages/airflow/example_dags/example_trigger_target_dag.py
[2026-01-27T23:55:42.684+0000] {logging_mixin.py:188} INFO - [2026-01-27T23:55:42.683+0000] {dag.py:3096} INFO - Sync 1 DAGs
[2026-01-27T23:55:42.698+0000] {logging_mixin.py:188} INFO - [2026-01-27T23:55:42.698+0000] {dag.py:3954} INFO - Setting next_dagrun for example_trigger_target_dag to None, run_after=None
[2026-01-27T23:55:42.716+0000] {processor.py:183} INFO - Processing /home/airflow/.local/lib/python3.12/site-packages/airflow/example_dags/example_trigger_target_dag.py took 0.066 seconds
[2026-01-27T23:56:13.014+0000] {processor.py:161} INFO - Started process (PID=2113) to work on /home/airflow/.local/lib/python3.12/site-packages/airflow/example_dags/example_trigger_target_dag.py
[2026-01-27T23:56:13.015+0000] {processor.py:830} INFO - Processing file /home/airflow/.local/lib/python3.12/site-packages/airflow/example_dags/example_trigger_target_dag.py for tasks to queue
[2026-01-27T23:56:13.017+0000] {logging_mixin.py:188} INFO - [2026-01-27T23:56:13.017+0000] {dagbag.py:540} INFO - Filling up the DagBag from /home/airflow/.local/lib/python3.12/site-packages/airflow/example_dags/example_trigger_target_dag.py
[2026-01-27T23:56:13.023+0000] {processor.py:840} INFO - DAG(s) 'example_trigger_target_dag' retrieved from /home/airflow/.local/lib/python3.12/site-packages/airflow/example_dags/example_trigger_target_dag.py
[2026-01-27T23:56:13.042+0000] {logging_mixin.py:188} INFO - [2026-01-27T23:56:13.042+0000] {dag.py:3096} INFO - Sync 1 DAGs
[2026-01-27T23:56:13.054+0000] {logging_mixin.py:188} INFO - [2026-01-27T23:56:13.054+0000] {dag.py:3954} INFO - Setting next_dagrun for example_trigger_target_dag to None, run_after=None
[2026-01-27T23:56:13.074+0000] {processor.py:183} INFO - Processing /home/airflow/.local/lib/python3.12/site-packages/airflow/example_dags/example_trigger_target_dag.py took 0.067 seconds
[2026-01-27T23:56:43.271+0000] {processor.py:161} INFO - Started process (PID=2165) to work on /home/airflow/.local/lib/python3.12/site-packages/airflow/example_dags/example_trigger_target_dag.py
[2026-01-27T23:56:43.272+0000] {processor.py:830} INFO - Processing file /home/airflow/.local/lib/python3.12/site-packages/airflow/example_dags/example_trigger_target_dag.py for tasks to queue
[2026-01-27T23:56:43.274+0000] {logging_mixin.py:188} INFO - [2026-01-27T23:56:43.274+0000] {dagbag.py:540} INFO - Filling up the DagBag from /home/airflow/.local/lib/python3.12/site-packages/airflow/example_dags/example_trigger_target_dag.py
[2026-01-27T23:56:43.281+0000] {processor.py:840} INFO - DAG(s) 'example_trigger_target_dag' retrieved from /home/airflow/.local/lib/python3.12/site-packages/airflow/example_dags/example_trigger_target_dag.py
[2026-01-27T23:56:43.304+0000] {logging_mixin.py:188} INFO - [2026-01-27T23:56:43.304+0000] {dag.py:3096} INFO - Sync 1 DAGs
[2026-01-27T23:56:43.317+0000] {logging_mixin.py:188} INFO - [2026-01-27T23:56:43.316+0000] {dag.py:3954} INFO - Setting next_dagrun for example_trigger_target_dag to None, run_after=None
[2026-01-27T23:56:43.340+0000] {processor.py:183} INFO - Processing /home/airflow/.local/lib/python3.12/site-packages/airflow/example_dags/example_trigger_target_dag.py took 0.076 seconds
[2026-01-27T23:57:14.142+0000] {processor.py:161} INFO - Started process (PID=2217) to work on /home/airflow/.local/lib/python3.12/site-packages/airflow/example_dags/example_trigger_target_dag.py
[2026-01-27T23:57:14.143+0000] {processor.py:830} INFO - Processing file /home/airflow/.local/lib/python3.12/site-packages/airflow/example_dags/example_trigger_target_dag.py for tasks to queue
[2026-01-27T23:57:14.147+0000] {logging_mixin.py:188} INFO - [2026-01-27T23:57:14.146+0000] {dagbag.py:540} INFO - Filling up the DagBag from /home/airflow/.local/lib/python3.12/site-packages/airflow/example_dags/example_trigger_target_dag.py
[2026-01-27T23:57:14.153+0000] {processor.py:840} INFO - DAG(s) 'example_trigger_target_dag' retrieved from /home/airflow/.local/lib/python3.12/site-packages/airflow/example_dags/example_trigger_target_dag.py
[2026-01-27T23:57:14.184+0000] {logging_mixin.py:188} INFO - [2026-01-27T23:57:14.183+0000] {dag.py:3096} INFO - Sync 1 DAGs
[2026-01-27T23:57:14.203+0000] {logging_mixin.py:188} INFO - [2026-01-27T23:57:14.203+0000] {dag.py:3954} INFO - Setting next_dagrun for example_trigger_target_dag to None, run_after=None
[2026-01-27T23:57:14.227+0000] {processor.py:183} INFO - Processing /home/airflow/.local/lib/python3.12/site-packages/airflow/example_dags/example_trigger_target_dag.py took 0.093 seconds
[2026-01-27T23:57:45.124+0000] {processor.py:161} INFO - Started process (PID=2269) to work on /home/airflow/.local/lib/python3.12/site-packages/airflow/example_dags/example_trigger_target_dag.py
[2026-01-27T23:57:45.126+0000] {processor.py:830} INFO - Processing file /home/airflow/.local/lib/python3.12/site-packages/airflow/example_dags/example_trigger_target_dag.py for tasks to queue
[2026-01-27T23:57:45.128+0000] {logging_mixin.py:188} INFO - [2026-01-27T23:57:45.127+0000] {dagbag.py:540} INFO - Filling up the DagBag from /home/airflow/.local/lib/python3.12/site-packages/airflow/example_dags/example_trigger_target_dag.py
[2026-01-27T23:57:45.134+0000] {processor.py:840} INFO - DAG(s) 'example_trigger_target_dag' retrieved from /home/airflow/.local/lib/python3.12/site-packages/airflow/example_dags/example_trigger_target_dag.py
[2026-01-27T23:57:45.153+0000] {logging_mixin.py:188} INFO - [2026-01-27T23:57:45.153+0000] {dag.py:3096} INFO - Sync 1 DAGs
[2026-01-27T23:57:45.165+0000] {logging_mixin.py:188} INFO - [2026-01-27T23:57:45.165+0000] {dag.py:3954} INFO - Setting next_dagrun for example_trigger_target_dag to None, run_after=None
[2026-01-27T23:57:45.187+0000] {processor.py:183} INFO - Processing /home/airflow/.local/lib/python3.12/site-packages/airflow/example_dags/example_trigger_target_dag.py took 0.069 seconds
[2026-01-27T23:58:16.192+0000] {processor.py:161} INFO - Started process (PID=2321) to work on /home/airflow/.local/lib/python3.12/site-packages/airflow/example_dags/example_trigger_target_dag.py
[2026-01-27T23:58:16.193+0000] {processor.py:830} INFO - Processing file /home/airflow/.local/lib/python3.12/site-packages/airflow/example_dags/example_trigger_target_dag.py for tasks to queue
[2026-01-27T23:58:16.194+0000] {logging_mixin.py:188} INFO - [2026-01-27T23:58:16.194+0000] {dagbag.py:540} INFO - Filling up the DagBag from /home/airflow/.local/lib/python3.12/site-packages/airflow/example_dags/example_trigger_target_dag.py
[2026-01-27T23:58:16.200+0000] {processor.py:840} INFO - DAG(s) 'example_trigger_target_dag' retrieved from /home/airflow/.local/lib/python3.12/site-packages/airflow/example_dags/example_trigger_target_dag.py
[2026-01-27T23:58:16.220+0000] {logging_mixin.py:188} INFO - [2026-01-27T23:58:16.220+0000] {dag.py:3096} INFO - Sync 1 DAGs
[2026-01-27T23:58:16.232+0000] {logging_mixin.py:188} INFO - [2026-01-27T23:58:16.232+0000] {dag.py:3954} INFO - Setting next_dagrun for example_trigger_target_dag to None, run_after=None
[2026-01-27T23:58:16.251+0000] {processor.py:183} INFO - Processing /home/airflow/.local/lib/python3.12/site-packages/airflow/example_dags/example_trigger_target_dag.py took 0.066 seconds
[2026-01-27T23:58:47.068+0000] {processor.py:161} INFO - Started process (PID=2373) to work on /home/airflow/.local/lib/python3.12/site-packages/airflow/example_dags/example_trigger_target_dag.py
[2026-01-27T23:58:47.069+0000] {processor.py:830} INFO - Processing file /home/airflow/.local/lib/python3.12/site-packages/airflow/example_dags/example_trigger_target_dag.py for tasks to queue
[2026-01-27T23:58:47.071+0000] {logging_mixin.py:188} INFO - [2026-01-27T23:58:47.071+0000] {dagbag.py:540} INFO - Filling up the DagBag from /home/airflow/.local/lib/python3.12/site-packages/airflow/example_dags/example_trigger_target_dag.py
[2026-01-27T23:58:47.077+0000] {processor.py:840} INFO - DAG(s) 'example_trigger_target_dag' retrieved from /home/airflow/.local/lib/python3.12/site-packages/airflow/example_dags/example_trigger_target_dag.py
[2026-01-27T23:58:47.096+0000] {logging_mixin.py:188} INFO - [2026-01-27T23:58:47.096+0000] {dag.py:3096} INFO - Sync 1 DAGs
[2026-01-27T23:58:47.108+0000] {logging_mixin.py:188} INFO - [2026-01-27T23:58:47.107+0000] {dag.py:3954} INFO - Setting next_dagrun for example_trigger_target_dag to None, run_after=None
[2026-01-27T23:58:47.127+0000] {processor.py:183} INFO - Processing /home/airflow/.local/lib/python3.12/site-packages/airflow/example_dags/example_trigger_target_dag.py took 0.064 seconds
[2026-01-27T23:59:17.766+0000] {processor.py:161} INFO - Started process (PID=2425) to work on /home/airflow/.local/lib/python3.12/site-packages/airflow/example_dags/example_trigger_target_dag.py
[2026-01-27T23:59:17.767+0000] {processor.py:830} INFO - Processing file /home/airflow/.local/lib/python3.12/site-packages/airflow/example_dags/example_trigger_target_dag.py for tasks to queue
[2026-01-27T23:59:17.769+0000] {logging_mixin.py:188} INFO - [2026-01-27T23:59:17.769+0000] {dagbag.py:540} INFO - Filling up the DagBag from /home/airflow/.local/lib/python3.12/site-packages/airflow/example_dags/example_trigger_target_dag.py
[2026-01-27T23:59:17.776+0000] {processor.py:840} INFO - DAG(s) 'example_trigger_target_dag' retrieved from /home/airflow/.local/lib/python3.12/site-packages/airflow/example_dags/example_trigger_target_dag.py
[2026-01-27T23:59:17.796+0000] {logging_mixin.py:188} INFO - [2026-01-27T23:59:17.796+0000] {dag.py:3096} INFO - Sync 1 DAGs
[2026-01-27T23:59:17.808+0000] {logging_mixin.py:188} INFO - [2026-01-27T23:59:17.807+0000] {dag.py:3954} INFO - Setting next_dagrun for example_trigger_target_dag to None, run_after=None
[2026-01-27T23:59:17.829+0000] {processor.py:183} INFO - Processing /home/airflow/.local/lib/python3.12/site-packages/airflow/example_dags/example_trigger_target_dag.py took 0.069 seconds
[2026-01-27T23:59:48.236+0000] {processor.py:161} INFO - Started process (PID=2477) to work on /home/airflow/.local/lib/python3.12/site-packages/airflow/example_dags/example_trigger_target_dag.py
[2026-01-27T23:59:48.240+0000] {processor.py:830} INFO - Processing file /home/airflow/.local/lib/python3.12/site-packages/airflow/example_dags/example_trigger_target_dag.py for tasks to queue
[2026-01-27T23:59:48.246+0000] {logging_mixin.py:188} INFO - [2026-01-27T23:59:48.245+0000] {dagbag.py:540} INFO - Filling up the DagBag from /home/airflow/.local/lib/python3.12/site-packages/airflow/example_dags/example_trigger_target_dag.py
[2026-01-27T23:59:48.255+0000] {processor.py:840} INFO - DAG(s) 'example_trigger_target_dag' retrieved from /home/airflow/.local/lib/python3.12/site-packages/airflow/example_dags/example_trigger_target_dag.py
[2026-01-27T23:59:48.285+0000] {logging_mixin.py:188} INFO - [2026-01-27T23:59:48.285+0000] {dag.py:3096} INFO - Sync 1 DAGs
[2026-01-27T23:59:48.303+0000] {logging_mixin.py:188} INFO - [2026-01-27T23:59:48.302+0000] {dag.py:3954} INFO - Setting next_dagrun for example_trigger_target_dag to None, run_after=None
[2026-01-27T23:59:48.343+0000] {processor.py:183} INFO - Processing /home/airflow/.local/lib/python3.12/site-packages/airflow/example_dags/example_trigger_target_dag.py took 0.115 seconds
