[2026-01-27 23:27:09,344] {scheduler_job.py:182} INFO - Started process (PID=51) to work on /home/airflow/.local/lib/python3.6/site-packages/airflow/example_dags/example_latest_only.py
[2026-01-27 23:27:09,353] {scheduler_job.py:629} INFO - Processing file /home/airflow/.local/lib/python3.6/site-packages/airflow/example_dags/example_latest_only.py for tasks to queue
[2026-01-27 23:27:09,371] {logging_mixin.py:104} INFO - [2026-01-27 23:27:09,365] {dagbag.py:448} INFO - Filling up the DagBag from /home/airflow/.local/lib/python3.6/site-packages/airflow/example_dags/example_latest_only.py
[2026-01-27 23:27:09,470] {scheduler_job.py:639} INFO - DAG(s) dict_keys(['latest_only']) retrieved from /home/airflow/.local/lib/python3.6/site-packages/airflow/example_dags/example_latest_only.py
[2026-01-27 23:27:09,667] {logging_mixin.py:104} INFO - [2026-01-27 23:27:09,667] {dag.py:1818} INFO - Sync 1 DAGs
[2026-01-27 23:27:09,747] {logging_mixin.py:104} INFO - [2026-01-27 23:27:09,746] {dag.py:1837} INFO - Creating ORM DAG for latest_only
[2026-01-27 23:27:09,771] {logging_mixin.py:104} INFO - [2026-01-27 23:27:09,770] {dag.py:2273} INFO - Setting next_dagrun for latest_only to 2026-01-25 00:00:00+00:00
[2026-01-27 23:27:09,817] {scheduler_job.py:190} INFO - Processing /home/airflow/.local/lib/python3.6/site-packages/airflow/example_dags/example_latest_only.py took 0.480 seconds
[2026-01-27 23:27:40,201] {scheduler_job.py:182} INFO - Started process (PID=77) to work on /home/airflow/.local/lib/python3.6/site-packages/airflow/example_dags/example_latest_only.py
[2026-01-27 23:27:40,204] {scheduler_job.py:629} INFO - Processing file /home/airflow/.local/lib/python3.6/site-packages/airflow/example_dags/example_latest_only.py for tasks to queue
[2026-01-27 23:27:40,206] {logging_mixin.py:104} INFO - [2026-01-27 23:27:40,206] {dagbag.py:448} INFO - Filling up the DagBag from /home/airflow/.local/lib/python3.6/site-packages/airflow/example_dags/example_latest_only.py
[2026-01-27 23:27:40,228] {scheduler_job.py:639} INFO - DAG(s) dict_keys(['latest_only']) retrieved from /home/airflow/.local/lib/python3.6/site-packages/airflow/example_dags/example_latest_only.py
[2026-01-27 23:27:40,264] {logging_mixin.py:104} INFO - [2026-01-27 23:27:40,263] {dag.py:1818} INFO - Sync 1 DAGs
[2026-01-27 23:27:40,300] {logging_mixin.py:104} INFO - [2026-01-27 23:27:40,300] {dag.py:2273} INFO - Setting next_dagrun for latest_only to 2026-01-25 00:00:00+00:00
[2026-01-27 23:27:40,350] {scheduler_job.py:190} INFO - Processing /home/airflow/.local/lib/python3.6/site-packages/airflow/example_dags/example_latest_only.py took 0.155 seconds
[2026-01-27 23:28:11,146] {scheduler_job.py:182} INFO - Started process (PID=103) to work on /home/airflow/.local/lib/python3.6/site-packages/airflow/example_dags/example_latest_only.py
[2026-01-27 23:28:11,148] {scheduler_job.py:629} INFO - Processing file /home/airflow/.local/lib/python3.6/site-packages/airflow/example_dags/example_latest_only.py for tasks to queue
[2026-01-27 23:28:11,150] {logging_mixin.py:104} INFO - [2026-01-27 23:28:11,150] {dagbag.py:448} INFO - Filling up the DagBag from /home/airflow/.local/lib/python3.6/site-packages/airflow/example_dags/example_latest_only.py
[2026-01-27 23:28:11,165] {scheduler_job.py:639} INFO - DAG(s) dict_keys(['latest_only']) retrieved from /home/airflow/.local/lib/python3.6/site-packages/airflow/example_dags/example_latest_only.py
[2026-01-27 23:28:11,196] {logging_mixin.py:104} INFO - [2026-01-27 23:28:11,196] {dag.py:1818} INFO - Sync 1 DAGs
[2026-01-27 23:28:11,216] {logging_mixin.py:104} INFO - [2026-01-27 23:28:11,216] {dag.py:2273} INFO - Setting next_dagrun for latest_only to 2026-01-25 00:00:00+00:00
[2026-01-27 23:28:11,231] {scheduler_job.py:190} INFO - Processing /home/airflow/.local/lib/python3.6/site-packages/airflow/example_dags/example_latest_only.py took 0.089 seconds
[2026-01-27 23:28:41,811] {scheduler_job.py:182} INFO - Started process (PID=129) to work on /home/airflow/.local/lib/python3.6/site-packages/airflow/example_dags/example_latest_only.py
[2026-01-27 23:28:41,812] {scheduler_job.py:629} INFO - Processing file /home/airflow/.local/lib/python3.6/site-packages/airflow/example_dags/example_latest_only.py for tasks to queue
[2026-01-27 23:28:41,813] {logging_mixin.py:104} INFO - [2026-01-27 23:28:41,813] {dagbag.py:448} INFO - Filling up the DagBag from /home/airflow/.local/lib/python3.6/site-packages/airflow/example_dags/example_latest_only.py
[2026-01-27 23:28:41,822] {scheduler_job.py:639} INFO - DAG(s) dict_keys(['latest_only']) retrieved from /home/airflow/.local/lib/python3.6/site-packages/airflow/example_dags/example_latest_only.py
[2026-01-27 23:28:41,846] {logging_mixin.py:104} INFO - [2026-01-27 23:28:41,846] {dag.py:1818} INFO - Sync 1 DAGs
[2026-01-27 23:28:41,868] {logging_mixin.py:104} INFO - [2026-01-27 23:28:41,868] {dag.py:2273} INFO - Setting next_dagrun for latest_only to 2026-01-25 00:00:00+00:00
[2026-01-27 23:28:41,887] {scheduler_job.py:190} INFO - Processing /home/airflow/.local/lib/python3.6/site-packages/airflow/example_dags/example_latest_only.py took 0.079 seconds
[2026-01-27 23:29:12,076] {scheduler_job.py:182} INFO - Started process (PID=155) to work on /home/airflow/.local/lib/python3.6/site-packages/airflow/example_dags/example_latest_only.py
[2026-01-27 23:29:12,077] {scheduler_job.py:629} INFO - Processing file /home/airflow/.local/lib/python3.6/site-packages/airflow/example_dags/example_latest_only.py for tasks to queue
[2026-01-27 23:29:12,078] {logging_mixin.py:104} INFO - [2026-01-27 23:29:12,078] {dagbag.py:448} INFO - Filling up the DagBag from /home/airflow/.local/lib/python3.6/site-packages/airflow/example_dags/example_latest_only.py
[2026-01-27 23:29:12,091] {scheduler_job.py:639} INFO - DAG(s) dict_keys(['latest_only']) retrieved from /home/airflow/.local/lib/python3.6/site-packages/airflow/example_dags/example_latest_only.py
[2026-01-27 23:29:12,116] {logging_mixin.py:104} INFO - [2026-01-27 23:29:12,116] {dag.py:1818} INFO - Sync 1 DAGs
[2026-01-27 23:29:12,133] {logging_mixin.py:104} INFO - [2026-01-27 23:29:12,133] {dag.py:2273} INFO - Setting next_dagrun for latest_only to 2026-01-25 00:00:00+00:00
[2026-01-27 23:29:12,145] {scheduler_job.py:190} INFO - Processing /home/airflow/.local/lib/python3.6/site-packages/airflow/example_dags/example_latest_only.py took 0.074 seconds
[2026-01-27 23:29:42,413] {scheduler_job.py:182} INFO - Started process (PID=181) to work on /home/airflow/.local/lib/python3.6/site-packages/airflow/example_dags/example_latest_only.py
[2026-01-27 23:29:42,415] {scheduler_job.py:629} INFO - Processing file /home/airflow/.local/lib/python3.6/site-packages/airflow/example_dags/example_latest_only.py for tasks to queue
[2026-01-27 23:29:42,417] {logging_mixin.py:104} INFO - [2026-01-27 23:29:42,416] {dagbag.py:448} INFO - Filling up the DagBag from /home/airflow/.local/lib/python3.6/site-packages/airflow/example_dags/example_latest_only.py
[2026-01-27 23:29:42,432] {scheduler_job.py:639} INFO - DAG(s) dict_keys(['latest_only']) retrieved from /home/airflow/.local/lib/python3.6/site-packages/airflow/example_dags/example_latest_only.py
[2026-01-27 23:29:42,463] {logging_mixin.py:104} INFO - [2026-01-27 23:29:42,463] {dag.py:1818} INFO - Sync 1 DAGs
[2026-01-27 23:29:42,482] {logging_mixin.py:104} INFO - [2026-01-27 23:29:42,482] {dag.py:2273} INFO - Setting next_dagrun for latest_only to 2026-01-25 00:00:00+00:00
[2026-01-27 23:29:42,493] {scheduler_job.py:190} INFO - Processing /home/airflow/.local/lib/python3.6/site-packages/airflow/example_dags/example_latest_only.py took 0.086 seconds
[2026-01-27 23:30:12,620] {scheduler_job.py:182} INFO - Started process (PID=207) to work on /home/airflow/.local/lib/python3.6/site-packages/airflow/example_dags/example_latest_only.py
[2026-01-27 23:30:12,621] {scheduler_job.py:629} INFO - Processing file /home/airflow/.local/lib/python3.6/site-packages/airflow/example_dags/example_latest_only.py for tasks to queue
[2026-01-27 23:30:12,622] {logging_mixin.py:104} INFO - [2026-01-27 23:30:12,622] {dagbag.py:448} INFO - Filling up the DagBag from /home/airflow/.local/lib/python3.6/site-packages/airflow/example_dags/example_latest_only.py
[2026-01-27 23:30:12,632] {scheduler_job.py:639} INFO - DAG(s) dict_keys(['latest_only']) retrieved from /home/airflow/.local/lib/python3.6/site-packages/airflow/example_dags/example_latest_only.py
[2026-01-27 23:30:12,654] {logging_mixin.py:104} INFO - [2026-01-27 23:30:12,654] {dag.py:1818} INFO - Sync 1 DAGs
[2026-01-27 23:30:12,671] {logging_mixin.py:104} INFO - [2026-01-27 23:30:12,671] {dag.py:2273} INFO - Setting next_dagrun for latest_only to 2026-01-25 00:00:00+00:00
[2026-01-27 23:30:12,692] {scheduler_job.py:190} INFO - Processing /home/airflow/.local/lib/python3.6/site-packages/airflow/example_dags/example_latest_only.py took 0.075 seconds
[2026-01-27 23:30:42,995] {scheduler_job.py:182} INFO - Started process (PID=233) to work on /home/airflow/.local/lib/python3.6/site-packages/airflow/example_dags/example_latest_only.py
[2026-01-27 23:30:42,997] {scheduler_job.py:629} INFO - Processing file /home/airflow/.local/lib/python3.6/site-packages/airflow/example_dags/example_latest_only.py for tasks to queue
[2026-01-27 23:30:42,998] {logging_mixin.py:104} INFO - [2026-01-27 23:30:42,998] {dagbag.py:448} INFO - Filling up the DagBag from /home/airflow/.local/lib/python3.6/site-packages/airflow/example_dags/example_latest_only.py
[2026-01-27 23:30:43,008] {scheduler_job.py:639} INFO - DAG(s) dict_keys(['latest_only']) retrieved from /home/airflow/.local/lib/python3.6/site-packages/airflow/example_dags/example_latest_only.py
[2026-01-27 23:30:43,036] {logging_mixin.py:104} INFO - [2026-01-27 23:30:43,036] {dag.py:1818} INFO - Sync 1 DAGs
[2026-01-27 23:30:43,052] {logging_mixin.py:104} INFO - [2026-01-27 23:30:43,052] {dag.py:2273} INFO - Setting next_dagrun for latest_only to 2026-01-25 00:00:00+00:00
[2026-01-27 23:30:43,062] {scheduler_job.py:190} INFO - Processing /home/airflow/.local/lib/python3.6/site-packages/airflow/example_dags/example_latest_only.py took 0.071 seconds
[2026-01-27 23:31:13,431] {scheduler_job.py:182} INFO - Started process (PID=259) to work on /home/airflow/.local/lib/python3.6/site-packages/airflow/example_dags/example_latest_only.py
[2026-01-27 23:31:13,433] {scheduler_job.py:629} INFO - Processing file /home/airflow/.local/lib/python3.6/site-packages/airflow/example_dags/example_latest_only.py for tasks to queue
[2026-01-27 23:31:13,434] {logging_mixin.py:104} INFO - [2026-01-27 23:31:13,434] {dagbag.py:448} INFO - Filling up the DagBag from /home/airflow/.local/lib/python3.6/site-packages/airflow/example_dags/example_latest_only.py
[2026-01-27 23:31:13,443] {scheduler_job.py:639} INFO - DAG(s) dict_keys(['latest_only']) retrieved from /home/airflow/.local/lib/python3.6/site-packages/airflow/example_dags/example_latest_only.py
[2026-01-27 23:31:13,464] {logging_mixin.py:104} INFO - [2026-01-27 23:31:13,464] {dag.py:1818} INFO - Sync 1 DAGs
[2026-01-27 23:31:13,478] {logging_mixin.py:104} INFO - [2026-01-27 23:31:13,478] {dag.py:2273} INFO - Setting next_dagrun for latest_only to 2026-01-25 00:00:00+00:00
[2026-01-27 23:31:13,489] {scheduler_job.py:190} INFO - Processing /home/airflow/.local/lib/python3.6/site-packages/airflow/example_dags/example_latest_only.py took 0.061 seconds
[2026-01-27T23:35:59.865+0000] {processor.py:161} INFO - Started process (PID=44) to work on /home/airflow/.local/lib/python3.12/site-packages/airflow/example_dags/example_latest_only.py
[2026-01-27T23:35:59.868+0000] {processor.py:830} INFO - Processing file /home/airflow/.local/lib/python3.12/site-packages/airflow/example_dags/example_latest_only.py for tasks to queue
[2026-01-27T23:35:59.878+0000] {logging_mixin.py:188} INFO - [2026-01-27T23:35:59.876+0000] {dagbag.py:540} INFO - Filling up the DagBag from /home/airflow/.local/lib/python3.12/site-packages/airflow/example_dags/example_latest_only.py
[2026-01-27T23:35:59.914+0000] {processor.py:840} INFO - DAG(s) 'latest_only' retrieved from /home/airflow/.local/lib/python3.12/site-packages/airflow/example_dags/example_latest_only.py
[2026-01-27T23:36:00.296+0000] {logging_mixin.py:188} INFO - [2026-01-27T23:36:00.296+0000] {dag.py:3096} INFO - Sync 1 DAGs
[2026-01-27T23:36:00.358+0000] {logging_mixin.py:188} INFO - [2026-01-27T23:36:00.357+0000] {dag.py:3954} INFO - Setting next_dagrun for latest_only to 2026-01-27 16:00:00+00:00, run_after=2026-01-27 20:00:00+00:00
[2026-01-27T23:36:00.417+0000] {processor.py:183} INFO - Processing /home/airflow/.local/lib/python3.12/site-packages/airflow/example_dags/example_latest_only.py took 0.569 seconds
[2026-01-27T23:36:31.182+0000] {processor.py:161} INFO - Started process (PID=96) to work on /home/airflow/.local/lib/python3.12/site-packages/airflow/example_dags/example_latest_only.py
[2026-01-27T23:36:31.185+0000] {processor.py:830} INFO - Processing file /home/airflow/.local/lib/python3.12/site-packages/airflow/example_dags/example_latest_only.py for tasks to queue
[2026-01-27T23:36:31.189+0000] {logging_mixin.py:188} INFO - [2026-01-27T23:36:31.188+0000] {dagbag.py:540} INFO - Filling up the DagBag from /home/airflow/.local/lib/python3.12/site-packages/airflow/example_dags/example_latest_only.py
[2026-01-27T23:36:31.199+0000] {processor.py:840} INFO - DAG(s) 'latest_only' retrieved from /home/airflow/.local/lib/python3.12/site-packages/airflow/example_dags/example_latest_only.py
[2026-01-27T23:36:31.243+0000] {logging_mixin.py:188} INFO - [2026-01-27T23:36:31.243+0000] {dag.py:3096} INFO - Sync 1 DAGs
[2026-01-27T23:36:31.289+0000] {logging_mixin.py:188} INFO - [2026-01-27T23:36:31.288+0000] {dag.py:3954} INFO - Setting next_dagrun for latest_only to 2026-01-27 16:00:00+00:00, run_after=2026-01-27 20:00:00+00:00
[2026-01-27T23:36:31.334+0000] {processor.py:183} INFO - Processing /home/airflow/.local/lib/python3.12/site-packages/airflow/example_dags/example_latest_only.py took 0.164 seconds
[2026-01-27T23:37:01.805+0000] {processor.py:161} INFO - Started process (PID=148) to work on /home/airflow/.local/lib/python3.12/site-packages/airflow/example_dags/example_latest_only.py
[2026-01-27T23:37:01.806+0000] {processor.py:830} INFO - Processing file /home/airflow/.local/lib/python3.12/site-packages/airflow/example_dags/example_latest_only.py for tasks to queue
[2026-01-27T23:37:01.808+0000] {logging_mixin.py:188} INFO - [2026-01-27T23:37:01.808+0000] {dagbag.py:540} INFO - Filling up the DagBag from /home/airflow/.local/lib/python3.12/site-packages/airflow/example_dags/example_latest_only.py
[2026-01-27T23:37:01.819+0000] {processor.py:840} INFO - DAG(s) 'latest_only' retrieved from /home/airflow/.local/lib/python3.12/site-packages/airflow/example_dags/example_latest_only.py
[2026-01-27T23:37:01.838+0000] {logging_mixin.py:188} INFO - [2026-01-27T23:37:01.838+0000] {dag.py:3096} INFO - Sync 1 DAGs
[2026-01-27T23:37:01.860+0000] {logging_mixin.py:188} INFO - [2026-01-27T23:37:01.860+0000] {dag.py:3954} INFO - Setting next_dagrun for latest_only to 2026-01-27 16:00:00+00:00, run_after=2026-01-27 20:00:00+00:00
[2026-01-27T23:37:01.880+0000] {processor.py:183} INFO - Processing /home/airflow/.local/lib/python3.12/site-packages/airflow/example_dags/example_latest_only.py took 0.083 seconds
[2026-01-27T23:37:32.359+0000] {processor.py:161} INFO - Started process (PID=200) to work on /home/airflow/.local/lib/python3.12/site-packages/airflow/example_dags/example_latest_only.py
[2026-01-27T23:37:32.360+0000] {processor.py:830} INFO - Processing file /home/airflow/.local/lib/python3.12/site-packages/airflow/example_dags/example_latest_only.py for tasks to queue
[2026-01-27T23:37:32.363+0000] {logging_mixin.py:188} INFO - [2026-01-27T23:37:32.362+0000] {dagbag.py:540} INFO - Filling up the DagBag from /home/airflow/.local/lib/python3.12/site-packages/airflow/example_dags/example_latest_only.py
[2026-01-27T23:37:32.368+0000] {processor.py:840} INFO - DAG(s) 'latest_only' retrieved from /home/airflow/.local/lib/python3.12/site-packages/airflow/example_dags/example_latest_only.py
[2026-01-27T23:37:32.389+0000] {logging_mixin.py:188} INFO - [2026-01-27T23:37:32.388+0000] {dag.py:3096} INFO - Sync 1 DAGs
[2026-01-27T23:37:32.410+0000] {logging_mixin.py:188} INFO - [2026-01-27T23:37:32.409+0000] {dag.py:3954} INFO - Setting next_dagrun for latest_only to 2026-01-27 16:00:00+00:00, run_after=2026-01-27 20:00:00+00:00
[2026-01-27T23:37:32.434+0000] {processor.py:183} INFO - Processing /home/airflow/.local/lib/python3.12/site-packages/airflow/example_dags/example_latest_only.py took 0.080 seconds
[2026-01-27T23:38:02.729+0000] {processor.py:161} INFO - Started process (PID=252) to work on /home/airflow/.local/lib/python3.12/site-packages/airflow/example_dags/example_latest_only.py
[2026-01-27T23:38:02.730+0000] {processor.py:830} INFO - Processing file /home/airflow/.local/lib/python3.12/site-packages/airflow/example_dags/example_latest_only.py for tasks to queue
[2026-01-27T23:38:02.732+0000] {logging_mixin.py:188} INFO - [2026-01-27T23:38:02.732+0000] {dagbag.py:540} INFO - Filling up the DagBag from /home/airflow/.local/lib/python3.12/site-packages/airflow/example_dags/example_latest_only.py
[2026-01-27T23:38:02.738+0000] {processor.py:840} INFO - DAG(s) 'latest_only' retrieved from /home/airflow/.local/lib/python3.12/site-packages/airflow/example_dags/example_latest_only.py
[2026-01-27T23:38:02.759+0000] {logging_mixin.py:188} INFO - [2026-01-27T23:38:02.759+0000] {dag.py:3096} INFO - Sync 1 DAGs
[2026-01-27T23:38:02.782+0000] {logging_mixin.py:188} INFO - [2026-01-27T23:38:02.781+0000] {dag.py:3954} INFO - Setting next_dagrun for latest_only to 2026-01-27 16:00:00+00:00, run_after=2026-01-27 20:00:00+00:00
[2026-01-27T23:38:02.807+0000] {processor.py:183} INFO - Processing /home/airflow/.local/lib/python3.12/site-packages/airflow/example_dags/example_latest_only.py took 0.084 seconds
[2026-01-27T23:38:32.956+0000] {processor.py:161} INFO - Started process (PID=304) to work on /home/airflow/.local/lib/python3.12/site-packages/airflow/example_dags/example_latest_only.py
[2026-01-27T23:38:32.957+0000] {processor.py:830} INFO - Processing file /home/airflow/.local/lib/python3.12/site-packages/airflow/example_dags/example_latest_only.py for tasks to queue
[2026-01-27T23:38:32.959+0000] {logging_mixin.py:188} INFO - [2026-01-27T23:38:32.959+0000] {dagbag.py:540} INFO - Filling up the DagBag from /home/airflow/.local/lib/python3.12/site-packages/airflow/example_dags/example_latest_only.py
[2026-01-27T23:38:32.964+0000] {processor.py:840} INFO - DAG(s) 'latest_only' retrieved from /home/airflow/.local/lib/python3.12/site-packages/airflow/example_dags/example_latest_only.py
[2026-01-27T23:38:32.984+0000] {logging_mixin.py:188} INFO - [2026-01-27T23:38:32.984+0000] {dag.py:3096} INFO - Sync 1 DAGs
[2026-01-27T23:38:33.004+0000] {logging_mixin.py:188} INFO - [2026-01-27T23:38:33.004+0000] {dag.py:3954} INFO - Setting next_dagrun for latest_only to 2026-01-27 16:00:00+00:00, run_after=2026-01-27 20:00:00+00:00
[2026-01-27T23:38:33.035+0000] {processor.py:183} INFO - Processing /home/airflow/.local/lib/python3.12/site-packages/airflow/example_dags/example_latest_only.py took 0.084 seconds
[2026-01-27T23:39:03.504+0000] {processor.py:161} INFO - Started process (PID=356) to work on /home/airflow/.local/lib/python3.12/site-packages/airflow/example_dags/example_latest_only.py
[2026-01-27T23:39:03.507+0000] {processor.py:830} INFO - Processing file /home/airflow/.local/lib/python3.12/site-packages/airflow/example_dags/example_latest_only.py for tasks to queue
[2026-01-27T23:39:03.550+0000] {logging_mixin.py:188} INFO - [2026-01-27T23:39:03.549+0000] {dagbag.py:540} INFO - Filling up the DagBag from /home/airflow/.local/lib/python3.12/site-packages/airflow/example_dags/example_latest_only.py
[2026-01-27T23:39:03.565+0000] {processor.py:840} INFO - DAG(s) 'latest_only' retrieved from /home/airflow/.local/lib/python3.12/site-packages/airflow/example_dags/example_latest_only.py
[2026-01-27T23:39:03.602+0000] {logging_mixin.py:188} INFO - [2026-01-27T23:39:03.601+0000] {dag.py:3096} INFO - Sync 1 DAGs
[2026-01-27T23:39:03.642+0000] {logging_mixin.py:188} INFO - [2026-01-27T23:39:03.642+0000] {dag.py:3954} INFO - Setting next_dagrun for latest_only to 2026-01-27 16:00:00+00:00, run_after=2026-01-27 20:00:00+00:00
[2026-01-27T23:39:03.679+0000] {processor.py:183} INFO - Processing /home/airflow/.local/lib/python3.12/site-packages/airflow/example_dags/example_latest_only.py took 0.184 seconds
[2026-01-27T23:39:33.976+0000] {processor.py:161} INFO - Started process (PID=408) to work on /home/airflow/.local/lib/python3.12/site-packages/airflow/example_dags/example_latest_only.py
[2026-01-27T23:39:33.978+0000] {processor.py:830} INFO - Processing file /home/airflow/.local/lib/python3.12/site-packages/airflow/example_dags/example_latest_only.py for tasks to queue
[2026-01-27T23:39:33.981+0000] {logging_mixin.py:188} INFO - [2026-01-27T23:39:33.981+0000] {dagbag.py:540} INFO - Filling up the DagBag from /home/airflow/.local/lib/python3.12/site-packages/airflow/example_dags/example_latest_only.py
[2026-01-27T23:39:33.990+0000] {processor.py:840} INFO - DAG(s) 'latest_only' retrieved from /home/airflow/.local/lib/python3.12/site-packages/airflow/example_dags/example_latest_only.py
[2026-01-27T23:39:34.017+0000] {logging_mixin.py:188} INFO - [2026-01-27T23:39:34.017+0000] {dag.py:3096} INFO - Sync 1 DAGs
[2026-01-27T23:39:34.047+0000] {logging_mixin.py:188} INFO - [2026-01-27T23:39:34.047+0000] {dag.py:3954} INFO - Setting next_dagrun for latest_only to 2026-01-27 16:00:00+00:00, run_after=2026-01-27 20:00:00+00:00
[2026-01-27T23:39:34.073+0000] {processor.py:183} INFO - Processing /home/airflow/.local/lib/python3.12/site-packages/airflow/example_dags/example_latest_only.py took 0.104 seconds
[2026-01-27T23:40:04.578+0000] {processor.py:161} INFO - Started process (PID=460) to work on /home/airflow/.local/lib/python3.12/site-packages/airflow/example_dags/example_latest_only.py
[2026-01-27T23:40:04.580+0000] {processor.py:830} INFO - Processing file /home/airflow/.local/lib/python3.12/site-packages/airflow/example_dags/example_latest_only.py for tasks to queue
[2026-01-27T23:40:04.583+0000] {logging_mixin.py:188} INFO - [2026-01-27T23:40:04.583+0000] {dagbag.py:540} INFO - Filling up the DagBag from /home/airflow/.local/lib/python3.12/site-packages/airflow/example_dags/example_latest_only.py
[2026-01-27T23:40:04.591+0000] {processor.py:840} INFO - DAG(s) 'latest_only' retrieved from /home/airflow/.local/lib/python3.12/site-packages/airflow/example_dags/example_latest_only.py
[2026-01-27T23:40:04.620+0000] {logging_mixin.py:188} INFO - [2026-01-27T23:40:04.620+0000] {dag.py:3096} INFO - Sync 1 DAGs
[2026-01-27T23:40:04.653+0000] {logging_mixin.py:188} INFO - [2026-01-27T23:40:04.652+0000] {dag.py:3954} INFO - Setting next_dagrun for latest_only to 2026-01-27 16:00:00+00:00, run_after=2026-01-27 20:00:00+00:00
[2026-01-27T23:40:04.687+0000] {processor.py:183} INFO - Processing /home/airflow/.local/lib/python3.12/site-packages/airflow/example_dags/example_latest_only.py took 0.124 seconds
[2026-01-27T23:40:34.838+0000] {processor.py:161} INFO - Started process (PID=512) to work on /home/airflow/.local/lib/python3.12/site-packages/airflow/example_dags/example_latest_only.py
[2026-01-27T23:40:34.839+0000] {processor.py:830} INFO - Processing file /home/airflow/.local/lib/python3.12/site-packages/airflow/example_dags/example_latest_only.py for tasks to queue
[2026-01-27T23:40:34.841+0000] {logging_mixin.py:188} INFO - [2026-01-27T23:40:34.841+0000] {dagbag.py:540} INFO - Filling up the DagBag from /home/airflow/.local/lib/python3.12/site-packages/airflow/example_dags/example_latest_only.py
[2026-01-27T23:40:34.848+0000] {processor.py:840} INFO - DAG(s) 'latest_only' retrieved from /home/airflow/.local/lib/python3.12/site-packages/airflow/example_dags/example_latest_only.py
[2026-01-27T23:40:34.884+0000] {logging_mixin.py:188} INFO - [2026-01-27T23:40:34.884+0000] {dag.py:3096} INFO - Sync 1 DAGs
[2026-01-27T23:40:34.920+0000] {logging_mixin.py:188} INFO - [2026-01-27T23:40:34.920+0000] {dag.py:3954} INFO - Setting next_dagrun for latest_only to 2026-01-27 16:00:00+00:00, run_after=2026-01-27 20:00:00+00:00
[2026-01-27T23:40:34.942+0000] {processor.py:183} INFO - Processing /home/airflow/.local/lib/python3.12/site-packages/airflow/example_dags/example_latest_only.py took 0.110 seconds
[2026-01-27T23:41:05.500+0000] {processor.py:161} INFO - Started process (PID=564) to work on /home/airflow/.local/lib/python3.12/site-packages/airflow/example_dags/example_latest_only.py
[2026-01-27T23:41:05.507+0000] {processor.py:830} INFO - Processing file /home/airflow/.local/lib/python3.12/site-packages/airflow/example_dags/example_latest_only.py for tasks to queue
[2026-01-27T23:41:05.527+0000] {logging_mixin.py:188} INFO - [2026-01-27T23:41:05.526+0000] {dagbag.py:540} INFO - Filling up the DagBag from /home/airflow/.local/lib/python3.12/site-packages/airflow/example_dags/example_latest_only.py
[2026-01-27T23:41:05.561+0000] {processor.py:840} INFO - DAG(s) 'latest_only' retrieved from /home/airflow/.local/lib/python3.12/site-packages/airflow/example_dags/example_latest_only.py
[2026-01-27T23:41:05.698+0000] {logging_mixin.py:188} INFO - [2026-01-27T23:41:05.697+0000] {dag.py:3096} INFO - Sync 1 DAGs
[2026-01-27T23:41:05.773+0000] {logging_mixin.py:188} INFO - [2026-01-27T23:41:05.773+0000] {dag.py:3954} INFO - Setting next_dagrun for latest_only to 2026-01-27 16:00:00+00:00, run_after=2026-01-27 20:00:00+00:00
[2026-01-27T23:41:05.853+0000] {processor.py:183} INFO - Processing /home/airflow/.local/lib/python3.12/site-packages/airflow/example_dags/example_latest_only.py took 0.371 seconds
[2026-01-27T23:41:36.283+0000] {processor.py:161} INFO - Started process (PID=616) to work on /home/airflow/.local/lib/python3.12/site-packages/airflow/example_dags/example_latest_only.py
[2026-01-27T23:41:36.285+0000] {processor.py:830} INFO - Processing file /home/airflow/.local/lib/python3.12/site-packages/airflow/example_dags/example_latest_only.py for tasks to queue
[2026-01-27T23:41:36.288+0000] {logging_mixin.py:188} INFO - [2026-01-27T23:41:36.288+0000] {dagbag.py:540} INFO - Filling up the DagBag from /home/airflow/.local/lib/python3.12/site-packages/airflow/example_dags/example_latest_only.py
[2026-01-27T23:41:36.298+0000] {processor.py:840} INFO - DAG(s) 'latest_only' retrieved from /home/airflow/.local/lib/python3.12/site-packages/airflow/example_dags/example_latest_only.py
[2026-01-27T23:41:36.329+0000] {logging_mixin.py:188} INFO - [2026-01-27T23:41:36.329+0000] {dag.py:3096} INFO - Sync 1 DAGs
[2026-01-27T23:41:36.363+0000] {logging_mixin.py:188} INFO - [2026-01-27T23:41:36.362+0000] {dag.py:3954} INFO - Setting next_dagrun for latest_only to 2026-01-27 16:00:00+00:00, run_after=2026-01-27 20:00:00+00:00
[2026-01-27T23:41:36.399+0000] {processor.py:183} INFO - Processing /home/airflow/.local/lib/python3.12/site-packages/airflow/example_dags/example_latest_only.py took 0.125 seconds
[2026-01-27T23:42:06.496+0000] {processor.py:161} INFO - Started process (PID=668) to work on /home/airflow/.local/lib/python3.12/site-packages/airflow/example_dags/example_latest_only.py
[2026-01-27T23:42:06.497+0000] {processor.py:830} INFO - Processing file /home/airflow/.local/lib/python3.12/site-packages/airflow/example_dags/example_latest_only.py for tasks to queue
[2026-01-27T23:42:06.500+0000] {logging_mixin.py:188} INFO - [2026-01-27T23:42:06.499+0000] {dagbag.py:540} INFO - Filling up the DagBag from /home/airflow/.local/lib/python3.12/site-packages/airflow/example_dags/example_latest_only.py
[2026-01-27T23:42:06.508+0000] {processor.py:840} INFO - DAG(s) 'latest_only' retrieved from /home/airflow/.local/lib/python3.12/site-packages/airflow/example_dags/example_latest_only.py
[2026-01-27T23:42:06.535+0000] {logging_mixin.py:188} INFO - [2026-01-27T23:42:06.534+0000] {dag.py:3096} INFO - Sync 1 DAGs
[2026-01-27T23:42:06.569+0000] {logging_mixin.py:188} INFO - [2026-01-27T23:42:06.569+0000] {dag.py:3954} INFO - Setting next_dagrun for latest_only to 2026-01-27 16:00:00+00:00, run_after=2026-01-27 20:00:00+00:00
[2026-01-27T23:42:06.595+0000] {processor.py:183} INFO - Processing /home/airflow/.local/lib/python3.12/site-packages/airflow/example_dags/example_latest_only.py took 0.105 seconds
[2026-01-27T23:42:37.536+0000] {processor.py:161} INFO - Started process (PID=720) to work on /home/airflow/.local/lib/python3.12/site-packages/airflow/example_dags/example_latest_only.py
[2026-01-27T23:42:37.537+0000] {processor.py:830} INFO - Processing file /home/airflow/.local/lib/python3.12/site-packages/airflow/example_dags/example_latest_only.py for tasks to queue
[2026-01-27T23:42:37.540+0000] {logging_mixin.py:188} INFO - [2026-01-27T23:42:37.540+0000] {dagbag.py:540} INFO - Filling up the DagBag from /home/airflow/.local/lib/python3.12/site-packages/airflow/example_dags/example_latest_only.py
[2026-01-27T23:42:37.547+0000] {processor.py:840} INFO - DAG(s) 'latest_only' retrieved from /home/airflow/.local/lib/python3.12/site-packages/airflow/example_dags/example_latest_only.py
[2026-01-27T23:42:37.575+0000] {logging_mixin.py:188} INFO - [2026-01-27T23:42:37.575+0000] {dag.py:3096} INFO - Sync 1 DAGs
[2026-01-27T23:42:37.604+0000] {logging_mixin.py:188} INFO - [2026-01-27T23:42:37.604+0000] {dag.py:3954} INFO - Setting next_dagrun for latest_only to 2026-01-27 16:00:00+00:00, run_after=2026-01-27 20:00:00+00:00
[2026-01-27T23:42:37.640+0000] {processor.py:183} INFO - Processing /home/airflow/.local/lib/python3.12/site-packages/airflow/example_dags/example_latest_only.py took 0.111 seconds
[2026-01-27T23:43:07.781+0000] {processor.py:161} INFO - Started process (PID=772) to work on /home/airflow/.local/lib/python3.12/site-packages/airflow/example_dags/example_latest_only.py
[2026-01-27T23:43:07.782+0000] {processor.py:830} INFO - Processing file /home/airflow/.local/lib/python3.12/site-packages/airflow/example_dags/example_latest_only.py for tasks to queue
[2026-01-27T23:43:07.786+0000] {logging_mixin.py:188} INFO - [2026-01-27T23:43:07.786+0000] {dagbag.py:540} INFO - Filling up the DagBag from /home/airflow/.local/lib/python3.12/site-packages/airflow/example_dags/example_latest_only.py
[2026-01-27T23:43:07.792+0000] {processor.py:840} INFO - DAG(s) 'latest_only' retrieved from /home/airflow/.local/lib/python3.12/site-packages/airflow/example_dags/example_latest_only.py
[2026-01-27T23:43:07.820+0000] {logging_mixin.py:188} INFO - [2026-01-27T23:43:07.819+0000] {dag.py:3096} INFO - Sync 1 DAGs
[2026-01-27T23:43:07.847+0000] {logging_mixin.py:188} INFO - [2026-01-27T23:43:07.846+0000] {dag.py:3954} INFO - Setting next_dagrun for latest_only to 2026-01-27 16:00:00+00:00, run_after=2026-01-27 20:00:00+00:00
[2026-01-27T23:43:07.872+0000] {processor.py:183} INFO - Processing /home/airflow/.local/lib/python3.12/site-packages/airflow/example_dags/example_latest_only.py took 0.097 seconds
[2026-01-27T23:43:38.802+0000] {processor.py:161} INFO - Started process (PID=824) to work on /home/airflow/.local/lib/python3.12/site-packages/airflow/example_dags/example_latest_only.py
[2026-01-27T23:43:38.804+0000] {processor.py:830} INFO - Processing file /home/airflow/.local/lib/python3.12/site-packages/airflow/example_dags/example_latest_only.py for tasks to queue
[2026-01-27T23:43:38.806+0000] {logging_mixin.py:188} INFO - [2026-01-27T23:43:38.806+0000] {dagbag.py:540} INFO - Filling up the DagBag from /home/airflow/.local/lib/python3.12/site-packages/airflow/example_dags/example_latest_only.py
[2026-01-27T23:43:38.812+0000] {processor.py:840} INFO - DAG(s) 'latest_only' retrieved from /home/airflow/.local/lib/python3.12/site-packages/airflow/example_dags/example_latest_only.py
[2026-01-27T23:43:38.835+0000] {logging_mixin.py:188} INFO - [2026-01-27T23:43:38.835+0000] {dag.py:3096} INFO - Sync 1 DAGs
[2026-01-27T23:43:38.862+0000] {logging_mixin.py:188} INFO - [2026-01-27T23:43:38.862+0000] {dag.py:3954} INFO - Setting next_dagrun for latest_only to 2026-01-27 16:00:00+00:00, run_after=2026-01-27 20:00:00+00:00
[2026-01-27T23:43:38.888+0000] {processor.py:183} INFO - Processing /home/airflow/.local/lib/python3.12/site-packages/airflow/example_dags/example_latest_only.py took 0.095 seconds
[2026-01-27T23:44:09.065+0000] {processor.py:161} INFO - Started process (PID=876) to work on /home/airflow/.local/lib/python3.12/site-packages/airflow/example_dags/example_latest_only.py
[2026-01-27T23:44:09.067+0000] {processor.py:830} INFO - Processing file /home/airflow/.local/lib/python3.12/site-packages/airflow/example_dags/example_latest_only.py for tasks to queue
[2026-01-27T23:44:09.070+0000] {logging_mixin.py:188} INFO - [2026-01-27T23:44:09.070+0000] {dagbag.py:540} INFO - Filling up the DagBag from /home/airflow/.local/lib/python3.12/site-packages/airflow/example_dags/example_latest_only.py
[2026-01-27T23:44:09.084+0000] {processor.py:840} INFO - DAG(s) 'latest_only' retrieved from /home/airflow/.local/lib/python3.12/site-packages/airflow/example_dags/example_latest_only.py
[2026-01-27T23:44:09.123+0000] {logging_mixin.py:188} INFO - [2026-01-27T23:44:09.123+0000] {dag.py:3096} INFO - Sync 1 DAGs
[2026-01-27T23:44:09.172+0000] {logging_mixin.py:188} INFO - [2026-01-27T23:44:09.171+0000] {dag.py:3954} INFO - Setting next_dagrun for latest_only to 2026-01-27 16:00:00+00:00, run_after=2026-01-27 20:00:00+00:00
[2026-01-27T23:44:09.204+0000] {processor.py:183} INFO - Processing /home/airflow/.local/lib/python3.12/site-packages/airflow/example_dags/example_latest_only.py took 0.148 seconds
[2026-01-27T23:44:39.468+0000] {processor.py:161} INFO - Started process (PID=928) to work on /home/airflow/.local/lib/python3.12/site-packages/airflow/example_dags/example_latest_only.py
[2026-01-27T23:44:39.469+0000] {processor.py:830} INFO - Processing file /home/airflow/.local/lib/python3.12/site-packages/airflow/example_dags/example_latest_only.py for tasks to queue
[2026-01-27T23:44:39.472+0000] {logging_mixin.py:188} INFO - [2026-01-27T23:44:39.472+0000] {dagbag.py:540} INFO - Filling up the DagBag from /home/airflow/.local/lib/python3.12/site-packages/airflow/example_dags/example_latest_only.py
[2026-01-27T23:44:39.478+0000] {processor.py:840} INFO - DAG(s) 'latest_only' retrieved from /home/airflow/.local/lib/python3.12/site-packages/airflow/example_dags/example_latest_only.py
[2026-01-27T23:44:39.500+0000] {logging_mixin.py:188} INFO - [2026-01-27T23:44:39.500+0000] {dag.py:3096} INFO - Sync 1 DAGs
[2026-01-27T23:44:39.520+0000] {logging_mixin.py:188} INFO - [2026-01-27T23:44:39.520+0000] {dag.py:3954} INFO - Setting next_dagrun for latest_only to 2026-01-27 16:00:00+00:00, run_after=2026-01-27 20:00:00+00:00
[2026-01-27T23:44:39.551+0000] {processor.py:183} INFO - Processing /home/airflow/.local/lib/python3.12/site-packages/airflow/example_dags/example_latest_only.py took 0.088 seconds
[2026-01-27T23:45:09.675+0000] {processor.py:161} INFO - Started process (PID=980) to work on /home/airflow/.local/lib/python3.12/site-packages/airflow/example_dags/example_latest_only.py
[2026-01-27T23:45:09.676+0000] {processor.py:830} INFO - Processing file /home/airflow/.local/lib/python3.12/site-packages/airflow/example_dags/example_latest_only.py for tasks to queue
[2026-01-27T23:45:09.679+0000] {logging_mixin.py:188} INFO - [2026-01-27T23:45:09.679+0000] {dagbag.py:540} INFO - Filling up the DagBag from /home/airflow/.local/lib/python3.12/site-packages/airflow/example_dags/example_latest_only.py
[2026-01-27T23:45:09.688+0000] {processor.py:840} INFO - DAG(s) 'latest_only' retrieved from /home/airflow/.local/lib/python3.12/site-packages/airflow/example_dags/example_latest_only.py
[2026-01-27T23:45:09.714+0000] {logging_mixin.py:188} INFO - [2026-01-27T23:45:09.713+0000] {dag.py:3096} INFO - Sync 1 DAGs
[2026-01-27T23:45:09.744+0000] {logging_mixin.py:188} INFO - [2026-01-27T23:45:09.744+0000] {dag.py:3954} INFO - Setting next_dagrun for latest_only to 2026-01-27 16:00:00+00:00, run_after=2026-01-27 20:00:00+00:00
[2026-01-27T23:45:09.776+0000] {processor.py:183} INFO - Processing /home/airflow/.local/lib/python3.12/site-packages/airflow/example_dags/example_latest_only.py took 0.110 seconds
[2026-01-27T23:45:39.862+0000] {processor.py:161} INFO - Started process (PID=1032) to work on /home/airflow/.local/lib/python3.12/site-packages/airflow/example_dags/example_latest_only.py
[2026-01-27T23:45:39.864+0000] {processor.py:830} INFO - Processing file /home/airflow/.local/lib/python3.12/site-packages/airflow/example_dags/example_latest_only.py for tasks to queue
[2026-01-27T23:45:39.866+0000] {logging_mixin.py:188} INFO - [2026-01-27T23:45:39.866+0000] {dagbag.py:540} INFO - Filling up the DagBag from /home/airflow/.local/lib/python3.12/site-packages/airflow/example_dags/example_latest_only.py
[2026-01-27T23:45:39.873+0000] {processor.py:840} INFO - DAG(s) 'latest_only' retrieved from /home/airflow/.local/lib/python3.12/site-packages/airflow/example_dags/example_latest_only.py
[2026-01-27T23:45:39.900+0000] {logging_mixin.py:188} INFO - [2026-01-27T23:45:39.900+0000] {dag.py:3096} INFO - Sync 1 DAGs
[2026-01-27T23:45:39.929+0000] {logging_mixin.py:188} INFO - [2026-01-27T23:45:39.929+0000] {dag.py:3954} INFO - Setting next_dagrun for latest_only to 2026-01-27 16:00:00+00:00, run_after=2026-01-27 20:00:00+00:00
[2026-01-27T23:45:39.969+0000] {processor.py:183} INFO - Processing /home/airflow/.local/lib/python3.12/site-packages/airflow/example_dags/example_latest_only.py took 0.115 seconds
[2026-01-27T23:46:10.475+0000] {processor.py:161} INFO - Started process (PID=1084) to work on /home/airflow/.local/lib/python3.12/site-packages/airflow/example_dags/example_latest_only.py
[2026-01-27T23:46:10.476+0000] {processor.py:830} INFO - Processing file /home/airflow/.local/lib/python3.12/site-packages/airflow/example_dags/example_latest_only.py for tasks to queue
[2026-01-27T23:46:10.478+0000] {logging_mixin.py:188} INFO - [2026-01-27T23:46:10.478+0000] {dagbag.py:540} INFO - Filling up the DagBag from /home/airflow/.local/lib/python3.12/site-packages/airflow/example_dags/example_latest_only.py
[2026-01-27T23:46:10.485+0000] {processor.py:840} INFO - DAG(s) 'latest_only' retrieved from /home/airflow/.local/lib/python3.12/site-packages/airflow/example_dags/example_latest_only.py
[2026-01-27T23:46:10.514+0000] {logging_mixin.py:188} INFO - [2026-01-27T23:46:10.514+0000] {dag.py:3096} INFO - Sync 1 DAGs
[2026-01-27T23:46:10.704+0000] {logging_mixin.py:188} INFO - [2026-01-27T23:46:10.704+0000] {dag.py:3954} INFO - Setting next_dagrun for latest_only to 2026-01-27 16:00:00+00:00, run_after=2026-01-27 20:00:00+00:00
[2026-01-27T23:46:10.727+0000] {processor.py:183} INFO - Processing /home/airflow/.local/lib/python3.12/site-packages/airflow/example_dags/example_latest_only.py took 0.260 seconds
[2026-01-27T23:46:41.261+0000] {processor.py:161} INFO - Started process (PID=1136) to work on /home/airflow/.local/lib/python3.12/site-packages/airflow/example_dags/example_latest_only.py
[2026-01-27T23:46:41.264+0000] {processor.py:830} INFO - Processing file /home/airflow/.local/lib/python3.12/site-packages/airflow/example_dags/example_latest_only.py for tasks to queue
[2026-01-27T23:46:41.266+0000] {logging_mixin.py:188} INFO - [2026-01-27T23:46:41.265+0000] {dagbag.py:540} INFO - Filling up the DagBag from /home/airflow/.local/lib/python3.12/site-packages/airflow/example_dags/example_latest_only.py
[2026-01-27T23:46:41.271+0000] {processor.py:840} INFO - DAG(s) 'latest_only' retrieved from /home/airflow/.local/lib/python3.12/site-packages/airflow/example_dags/example_latest_only.py
[2026-01-27T23:46:41.291+0000] {logging_mixin.py:188} INFO - [2026-01-27T23:46:41.291+0000] {dag.py:3096} INFO - Sync 1 DAGs
[2026-01-27T23:46:41.311+0000] {logging_mixin.py:188} INFO - [2026-01-27T23:46:41.311+0000] {dag.py:3954} INFO - Setting next_dagrun for latest_only to 2026-01-27 16:00:00+00:00, run_after=2026-01-27 20:00:00+00:00
[2026-01-27T23:46:41.344+0000] {processor.py:183} INFO - Processing /home/airflow/.local/lib/python3.12/site-packages/airflow/example_dags/example_latest_only.py took 0.088 seconds
[2026-01-27T23:47:11.604+0000] {processor.py:161} INFO - Started process (PID=1188) to work on /home/airflow/.local/lib/python3.12/site-packages/airflow/example_dags/example_latest_only.py
[2026-01-27T23:47:11.605+0000] {processor.py:830} INFO - Processing file /home/airflow/.local/lib/python3.12/site-packages/airflow/example_dags/example_latest_only.py for tasks to queue
[2026-01-27T23:47:11.607+0000] {logging_mixin.py:188} INFO - [2026-01-27T23:47:11.607+0000] {dagbag.py:540} INFO - Filling up the DagBag from /home/airflow/.local/lib/python3.12/site-packages/airflow/example_dags/example_latest_only.py
[2026-01-27T23:47:11.613+0000] {processor.py:840} INFO - DAG(s) 'latest_only' retrieved from /home/airflow/.local/lib/python3.12/site-packages/airflow/example_dags/example_latest_only.py
[2026-01-27T23:47:11.634+0000] {logging_mixin.py:188} INFO - [2026-01-27T23:47:11.633+0000] {dag.py:3096} INFO - Sync 1 DAGs
[2026-01-27T23:47:11.657+0000] {logging_mixin.py:188} INFO - [2026-01-27T23:47:11.657+0000] {dag.py:3954} INFO - Setting next_dagrun for latest_only to 2026-01-27 16:00:00+00:00, run_after=2026-01-27 20:00:00+00:00
[2026-01-27T23:47:11.680+0000] {processor.py:183} INFO - Processing /home/airflow/.local/lib/python3.12/site-packages/airflow/example_dags/example_latest_only.py took 0.082 seconds
[2026-01-27T23:47:41.831+0000] {processor.py:161} INFO - Started process (PID=1240) to work on /home/airflow/.local/lib/python3.12/site-packages/airflow/example_dags/example_latest_only.py
[2026-01-27T23:47:41.833+0000] {processor.py:830} INFO - Processing file /home/airflow/.local/lib/python3.12/site-packages/airflow/example_dags/example_latest_only.py for tasks to queue
[2026-01-27T23:47:41.840+0000] {logging_mixin.py:188} INFO - [2026-01-27T23:47:41.839+0000] {dagbag.py:540} INFO - Filling up the DagBag from /home/airflow/.local/lib/python3.12/site-packages/airflow/example_dags/example_latest_only.py
[2026-01-27T23:47:41.850+0000] {processor.py:840} INFO - DAG(s) 'latest_only' retrieved from /home/airflow/.local/lib/python3.12/site-packages/airflow/example_dags/example_latest_only.py
[2026-01-27T23:47:42.023+0000] {logging_mixin.py:188} INFO - [2026-01-27T23:47:42.022+0000] {dag.py:3096} INFO - Sync 1 DAGs
[2026-01-27T23:47:42.046+0000] {logging_mixin.py:188} INFO - [2026-01-27T23:47:42.046+0000] {dag.py:3954} INFO - Setting next_dagrun for latest_only to 2026-01-27 16:00:00+00:00, run_after=2026-01-27 20:00:00+00:00
[2026-01-27T23:47:42.073+0000] {processor.py:183} INFO - Processing /home/airflow/.local/lib/python3.12/site-packages/airflow/example_dags/example_latest_only.py took 0.253 seconds
[2026-01-27T23:48:12.766+0000] {processor.py:161} INFO - Started process (PID=1292) to work on /home/airflow/.local/lib/python3.12/site-packages/airflow/example_dags/example_latest_only.py
[2026-01-27T23:48:12.767+0000] {processor.py:830} INFO - Processing file /home/airflow/.local/lib/python3.12/site-packages/airflow/example_dags/example_latest_only.py for tasks to queue
[2026-01-27T23:48:12.770+0000] {logging_mixin.py:188} INFO - [2026-01-27T23:48:12.769+0000] {dagbag.py:540} INFO - Filling up the DagBag from /home/airflow/.local/lib/python3.12/site-packages/airflow/example_dags/example_latest_only.py
[2026-01-27T23:48:12.776+0000] {processor.py:840} INFO - DAG(s) 'latest_only' retrieved from /home/airflow/.local/lib/python3.12/site-packages/airflow/example_dags/example_latest_only.py
[2026-01-27T23:48:12.802+0000] {logging_mixin.py:188} INFO - [2026-01-27T23:48:12.801+0000] {dag.py:3096} INFO - Sync 1 DAGs
[2026-01-27T23:48:12.830+0000] {logging_mixin.py:188} INFO - [2026-01-27T23:48:12.830+0000] {dag.py:3954} INFO - Setting next_dagrun for latest_only to 2026-01-27 16:00:00+00:00, run_after=2026-01-27 20:00:00+00:00
[2026-01-27T23:48:12.853+0000] {processor.py:183} INFO - Processing /home/airflow/.local/lib/python3.12/site-packages/airflow/example_dags/example_latest_only.py took 0.095 seconds
[2026-01-27T23:48:43.026+0000] {processor.py:161} INFO - Started process (PID=1344) to work on /home/airflow/.local/lib/python3.12/site-packages/airflow/example_dags/example_latest_only.py
[2026-01-27T23:48:43.027+0000] {processor.py:830} INFO - Processing file /home/airflow/.local/lib/python3.12/site-packages/airflow/example_dags/example_latest_only.py for tasks to queue
[2026-01-27T23:48:43.029+0000] {logging_mixin.py:188} INFO - [2026-01-27T23:48:43.029+0000] {dagbag.py:540} INFO - Filling up the DagBag from /home/airflow/.local/lib/python3.12/site-packages/airflow/example_dags/example_latest_only.py
[2026-01-27T23:48:43.034+0000] {processor.py:840} INFO - DAG(s) 'latest_only' retrieved from /home/airflow/.local/lib/python3.12/site-packages/airflow/example_dags/example_latest_only.py
[2026-01-27T23:48:43.054+0000] {logging_mixin.py:188} INFO - [2026-01-27T23:48:43.054+0000] {dag.py:3096} INFO - Sync 1 DAGs
[2026-01-27T23:48:43.074+0000] {logging_mixin.py:188} INFO - [2026-01-27T23:48:43.073+0000] {dag.py:3954} INFO - Setting next_dagrun for latest_only to 2026-01-27 16:00:00+00:00, run_after=2026-01-27 20:00:00+00:00
[2026-01-27T23:48:43.094+0000] {processor.py:183} INFO - Processing /home/airflow/.local/lib/python3.12/site-packages/airflow/example_dags/example_latest_only.py took 0.074 seconds
[2026-01-27T23:49:13.787+0000] {processor.py:161} INFO - Started process (PID=1396) to work on /home/airflow/.local/lib/python3.12/site-packages/airflow/example_dags/example_latest_only.py
[2026-01-27T23:49:13.789+0000] {processor.py:830} INFO - Processing file /home/airflow/.local/lib/python3.12/site-packages/airflow/example_dags/example_latest_only.py for tasks to queue
[2026-01-27T23:49:13.791+0000] {logging_mixin.py:188} INFO - [2026-01-27T23:49:13.791+0000] {dagbag.py:540} INFO - Filling up the DagBag from /home/airflow/.local/lib/python3.12/site-packages/airflow/example_dags/example_latest_only.py
[2026-01-27T23:49:13.797+0000] {processor.py:840} INFO - DAG(s) 'latest_only' retrieved from /home/airflow/.local/lib/python3.12/site-packages/airflow/example_dags/example_latest_only.py
[2026-01-27T23:49:13.823+0000] {logging_mixin.py:188} INFO - [2026-01-27T23:49:13.822+0000] {dag.py:3096} INFO - Sync 1 DAGs
[2026-01-27T23:49:13.853+0000] {logging_mixin.py:188} INFO - [2026-01-27T23:49:13.852+0000] {dag.py:3954} INFO - Setting next_dagrun for latest_only to 2026-01-27 16:00:00+00:00, run_after=2026-01-27 20:00:00+00:00
[2026-01-27T23:49:13.877+0000] {processor.py:183} INFO - Processing /home/airflow/.local/lib/python3.12/site-packages/airflow/example_dags/example_latest_only.py took 0.097 seconds
[2026-01-27T23:49:44.030+0000] {processor.py:161} INFO - Started process (PID=1448) to work on /home/airflow/.local/lib/python3.12/site-packages/airflow/example_dags/example_latest_only.py
[2026-01-27T23:49:44.031+0000] {processor.py:830} INFO - Processing file /home/airflow/.local/lib/python3.12/site-packages/airflow/example_dags/example_latest_only.py for tasks to queue
[2026-01-27T23:49:44.032+0000] {logging_mixin.py:188} INFO - [2026-01-27T23:49:44.032+0000] {dagbag.py:540} INFO - Filling up the DagBag from /home/airflow/.local/lib/python3.12/site-packages/airflow/example_dags/example_latest_only.py
[2026-01-27T23:49:44.037+0000] {processor.py:840} INFO - DAG(s) 'latest_only' retrieved from /home/airflow/.local/lib/python3.12/site-packages/airflow/example_dags/example_latest_only.py
[2026-01-27T23:49:44.058+0000] {logging_mixin.py:188} INFO - [2026-01-27T23:49:44.058+0000] {dag.py:3096} INFO - Sync 1 DAGs
[2026-01-27T23:49:44.081+0000] {logging_mixin.py:188} INFO - [2026-01-27T23:49:44.081+0000] {dag.py:3954} INFO - Setting next_dagrun for latest_only to 2026-01-27 16:00:00+00:00, run_after=2026-01-27 20:00:00+00:00
[2026-01-27T23:49:44.107+0000] {processor.py:183} INFO - Processing /home/airflow/.local/lib/python3.12/site-packages/airflow/example_dags/example_latest_only.py took 0.083 seconds
[2026-01-27T23:50:14.604+0000] {processor.py:161} INFO - Started process (PID=1500) to work on /home/airflow/.local/lib/python3.12/site-packages/airflow/example_dags/example_latest_only.py
[2026-01-27T23:50:14.606+0000] {processor.py:830} INFO - Processing file /home/airflow/.local/lib/python3.12/site-packages/airflow/example_dags/example_latest_only.py for tasks to queue
[2026-01-27T23:50:14.609+0000] {logging_mixin.py:188} INFO - [2026-01-27T23:50:14.609+0000] {dagbag.py:540} INFO - Filling up the DagBag from /home/airflow/.local/lib/python3.12/site-packages/airflow/example_dags/example_latest_only.py
[2026-01-27T23:50:14.618+0000] {processor.py:840} INFO - DAG(s) 'latest_only' retrieved from /home/airflow/.local/lib/python3.12/site-packages/airflow/example_dags/example_latest_only.py
[2026-01-27T23:50:14.649+0000] {logging_mixin.py:188} INFO - [2026-01-27T23:50:14.649+0000] {dag.py:3096} INFO - Sync 1 DAGs
[2026-01-27T23:50:14.687+0000] {logging_mixin.py:188} INFO - [2026-01-27T23:50:14.686+0000] {dag.py:3954} INFO - Setting next_dagrun for latest_only to 2026-01-27 16:00:00+00:00, run_after=2026-01-27 20:00:00+00:00
[2026-01-27T23:50:14.727+0000] {processor.py:183} INFO - Processing /home/airflow/.local/lib/python3.12/site-packages/airflow/example_dags/example_latest_only.py took 0.130 seconds
[2026-01-27T23:50:44.912+0000] {processor.py:161} INFO - Started process (PID=1552) to work on /home/airflow/.local/lib/python3.12/site-packages/airflow/example_dags/example_latest_only.py
[2026-01-27T23:50:44.913+0000] {processor.py:830} INFO - Processing file /home/airflow/.local/lib/python3.12/site-packages/airflow/example_dags/example_latest_only.py for tasks to queue
[2026-01-27T23:50:44.915+0000] {logging_mixin.py:188} INFO - [2026-01-27T23:50:44.915+0000] {dagbag.py:540} INFO - Filling up the DagBag from /home/airflow/.local/lib/python3.12/site-packages/airflow/example_dags/example_latest_only.py
[2026-01-27T23:50:44.920+0000] {processor.py:840} INFO - DAG(s) 'latest_only' retrieved from /home/airflow/.local/lib/python3.12/site-packages/airflow/example_dags/example_latest_only.py
[2026-01-27T23:50:44.940+0000] {logging_mixin.py:188} INFO - [2026-01-27T23:50:44.940+0000] {dag.py:3096} INFO - Sync 1 DAGs
[2026-01-27T23:50:44.960+0000] {logging_mixin.py:188} INFO - [2026-01-27T23:50:44.960+0000] {dag.py:3954} INFO - Setting next_dagrun for latest_only to 2026-01-27 16:00:00+00:00, run_after=2026-01-27 20:00:00+00:00
[2026-01-27T23:50:44.981+0000] {processor.py:183} INFO - Processing /home/airflow/.local/lib/python3.12/site-packages/airflow/example_dags/example_latest_only.py took 0.074 seconds
[2026-01-27T23:51:15.335+0000] {processor.py:161} INFO - Started process (PID=1604) to work on /home/airflow/.local/lib/python3.12/site-packages/airflow/example_dags/example_latest_only.py
[2026-01-27T23:51:15.337+0000] {processor.py:830} INFO - Processing file /home/airflow/.local/lib/python3.12/site-packages/airflow/example_dags/example_latest_only.py for tasks to queue
[2026-01-27T23:51:15.340+0000] {logging_mixin.py:188} INFO - [2026-01-27T23:51:15.339+0000] {dagbag.py:540} INFO - Filling up the DagBag from /home/airflow/.local/lib/python3.12/site-packages/airflow/example_dags/example_latest_only.py
[2026-01-27T23:51:15.348+0000] {processor.py:840} INFO - DAG(s) 'latest_only' retrieved from /home/airflow/.local/lib/python3.12/site-packages/airflow/example_dags/example_latest_only.py
[2026-01-27T23:51:15.377+0000] {logging_mixin.py:188} INFO - [2026-01-27T23:51:15.377+0000] {dag.py:3096} INFO - Sync 1 DAGs
[2026-01-27T23:51:15.406+0000] {logging_mixin.py:188} INFO - [2026-01-27T23:51:15.405+0000] {dag.py:3954} INFO - Setting next_dagrun for latest_only to 2026-01-27 16:00:00+00:00, run_after=2026-01-27 20:00:00+00:00
[2026-01-27T23:51:15.439+0000] {processor.py:183} INFO - Processing /home/airflow/.local/lib/python3.12/site-packages/airflow/example_dags/example_latest_only.py took 0.113 seconds
[2026-01-27T23:51:45.633+0000] {processor.py:161} INFO - Started process (PID=1656) to work on /home/airflow/.local/lib/python3.12/site-packages/airflow/example_dags/example_latest_only.py
[2026-01-27T23:51:45.634+0000] {processor.py:830} INFO - Processing file /home/airflow/.local/lib/python3.12/site-packages/airflow/example_dags/example_latest_only.py for tasks to queue
[2026-01-27T23:51:45.637+0000] {logging_mixin.py:188} INFO - [2026-01-27T23:51:45.637+0000] {dagbag.py:540} INFO - Filling up the DagBag from /home/airflow/.local/lib/python3.12/site-packages/airflow/example_dags/example_latest_only.py
[2026-01-27T23:51:45.642+0000] {processor.py:840} INFO - DAG(s) 'latest_only' retrieved from /home/airflow/.local/lib/python3.12/site-packages/airflow/example_dags/example_latest_only.py
[2026-01-27T23:51:45.665+0000] {logging_mixin.py:188} INFO - [2026-01-27T23:51:45.665+0000] {dag.py:3096} INFO - Sync 1 DAGs
[2026-01-27T23:51:45.687+0000] {logging_mixin.py:188} INFO - [2026-01-27T23:51:45.687+0000] {dag.py:3954} INFO - Setting next_dagrun for latest_only to 2026-01-27 16:00:00+00:00, run_after=2026-01-27 20:00:00+00:00
[2026-01-27T23:51:45.704+0000] {processor.py:183} INFO - Processing /home/airflow/.local/lib/python3.12/site-packages/airflow/example_dags/example_latest_only.py took 0.080 seconds
[2026-01-27T23:52:16.091+0000] {processor.py:161} INFO - Started process (PID=1708) to work on /home/airflow/.local/lib/python3.12/site-packages/airflow/example_dags/example_latest_only.py
[2026-01-27T23:52:16.092+0000] {processor.py:830} INFO - Processing file /home/airflow/.local/lib/python3.12/site-packages/airflow/example_dags/example_latest_only.py for tasks to queue
[2026-01-27T23:52:16.094+0000] {logging_mixin.py:188} INFO - [2026-01-27T23:52:16.093+0000] {dagbag.py:540} INFO - Filling up the DagBag from /home/airflow/.local/lib/python3.12/site-packages/airflow/example_dags/example_latest_only.py
[2026-01-27T23:52:16.098+0000] {processor.py:840} INFO - DAG(s) 'latest_only' retrieved from /home/airflow/.local/lib/python3.12/site-packages/airflow/example_dags/example_latest_only.py
[2026-01-27T23:52:16.120+0000] {logging_mixin.py:188} INFO - [2026-01-27T23:52:16.119+0000] {dag.py:3096} INFO - Sync 1 DAGs
[2026-01-27T23:52:16.141+0000] {logging_mixin.py:188} INFO - [2026-01-27T23:52:16.141+0000] {dag.py:3954} INFO - Setting next_dagrun for latest_only to 2026-01-27 16:00:00+00:00, run_after=2026-01-27 20:00:00+00:00
[2026-01-27T23:52:16.161+0000] {processor.py:183} INFO - Processing /home/airflow/.local/lib/python3.12/site-packages/airflow/example_dags/example_latest_only.py took 0.076 seconds
[2026-01-27T23:52:46.216+0000] {processor.py:161} INFO - Started process (PID=1758) to work on /home/airflow/.local/lib/python3.12/site-packages/airflow/example_dags/example_latest_only.py
[2026-01-27T23:52:46.217+0000] {processor.py:830} INFO - Processing file /home/airflow/.local/lib/python3.12/site-packages/airflow/example_dags/example_latest_only.py for tasks to queue
[2026-01-27T23:52:46.220+0000] {logging_mixin.py:188} INFO - [2026-01-27T23:52:46.220+0000] {dagbag.py:540} INFO - Filling up the DagBag from /home/airflow/.local/lib/python3.12/site-packages/airflow/example_dags/example_latest_only.py
[2026-01-27T23:52:46.224+0000] {processor.py:840} INFO - DAG(s) 'latest_only' retrieved from /home/airflow/.local/lib/python3.12/site-packages/airflow/example_dags/example_latest_only.py
[2026-01-27T23:52:46.244+0000] {logging_mixin.py:188} INFO - [2026-01-27T23:52:46.243+0000] {dag.py:3096} INFO - Sync 1 DAGs
[2026-01-27T23:52:46.266+0000] {logging_mixin.py:188} INFO - [2026-01-27T23:52:46.266+0000] {dag.py:3954} INFO - Setting next_dagrun for latest_only to 2026-01-27 16:00:00+00:00, run_after=2026-01-27 20:00:00+00:00
[2026-01-27T23:52:46.287+0000] {processor.py:183} INFO - Processing /home/airflow/.local/lib/python3.12/site-packages/airflow/example_dags/example_latest_only.py took 0.077 seconds
[2026-01-27T23:53:16.419+0000] {processor.py:161} INFO - Started process (PID=1810) to work on /home/airflow/.local/lib/python3.12/site-packages/airflow/example_dags/example_latest_only.py
[2026-01-27T23:53:16.420+0000] {processor.py:830} INFO - Processing file /home/airflow/.local/lib/python3.12/site-packages/airflow/example_dags/example_latest_only.py for tasks to queue
[2026-01-27T23:53:16.424+0000] {logging_mixin.py:188} INFO - [2026-01-27T23:53:16.424+0000] {dagbag.py:540} INFO - Filling up the DagBag from /home/airflow/.local/lib/python3.12/site-packages/airflow/example_dags/example_latest_only.py
[2026-01-27T23:53:16.429+0000] {processor.py:840} INFO - DAG(s) 'latest_only' retrieved from /home/airflow/.local/lib/python3.12/site-packages/airflow/example_dags/example_latest_only.py
[2026-01-27T23:53:16.454+0000] {logging_mixin.py:188} INFO - [2026-01-27T23:53:16.454+0000] {dag.py:3096} INFO - Sync 1 DAGs
[2026-01-27T23:53:16.479+0000] {logging_mixin.py:188} INFO - [2026-01-27T23:53:16.479+0000] {dag.py:3954} INFO - Setting next_dagrun for latest_only to 2026-01-27 16:00:00+00:00, run_after=2026-01-27 20:00:00+00:00
[2026-01-27T23:53:16.511+0000] {processor.py:183} INFO - Processing /home/airflow/.local/lib/python3.12/site-packages/airflow/example_dags/example_latest_only.py took 0.098 seconds
[2026-01-27T23:53:46.576+0000] {processor.py:161} INFO - Started process (PID=1862) to work on /home/airflow/.local/lib/python3.12/site-packages/airflow/example_dags/example_latest_only.py
[2026-01-27T23:53:46.577+0000] {processor.py:830} INFO - Processing file /home/airflow/.local/lib/python3.12/site-packages/airflow/example_dags/example_latest_only.py for tasks to queue
[2026-01-27T23:53:46.580+0000] {logging_mixin.py:188} INFO - [2026-01-27T23:53:46.580+0000] {dagbag.py:540} INFO - Filling up the DagBag from /home/airflow/.local/lib/python3.12/site-packages/airflow/example_dags/example_latest_only.py
[2026-01-27T23:53:46.584+0000] {processor.py:840} INFO - DAG(s) 'latest_only' retrieved from /home/airflow/.local/lib/python3.12/site-packages/airflow/example_dags/example_latest_only.py
[2026-01-27T23:53:46.607+0000] {logging_mixin.py:188} INFO - [2026-01-27T23:53:46.607+0000] {dag.py:3096} INFO - Sync 1 DAGs
[2026-01-27T23:53:46.627+0000] {logging_mixin.py:188} INFO - [2026-01-27T23:53:46.627+0000] {dag.py:3954} INFO - Setting next_dagrun for latest_only to 2026-01-27 16:00:00+00:00, run_after=2026-01-27 20:00:00+00:00
[2026-01-27T23:53:46.658+0000] {processor.py:183} INFO - Processing /home/airflow/.local/lib/python3.12/site-packages/airflow/example_dags/example_latest_only.py took 0.087 seconds
[2026-01-27T23:54:17.249+0000] {processor.py:161} INFO - Started process (PID=1914) to work on /home/airflow/.local/lib/python3.12/site-packages/airflow/example_dags/example_latest_only.py
[2026-01-27T23:54:17.251+0000] {processor.py:830} INFO - Processing file /home/airflow/.local/lib/python3.12/site-packages/airflow/example_dags/example_latest_only.py for tasks to queue
[2026-01-27T23:54:17.254+0000] {logging_mixin.py:188} INFO - [2026-01-27T23:54:17.254+0000] {dagbag.py:540} INFO - Filling up the DagBag from /home/airflow/.local/lib/python3.12/site-packages/airflow/example_dags/example_latest_only.py
[2026-01-27T23:54:17.259+0000] {processor.py:840} INFO - DAG(s) 'latest_only' retrieved from /home/airflow/.local/lib/python3.12/site-packages/airflow/example_dags/example_latest_only.py
[2026-01-27T23:54:17.281+0000] {logging_mixin.py:188} INFO - [2026-01-27T23:54:17.281+0000] {dag.py:3096} INFO - Sync 1 DAGs
[2026-01-27T23:54:17.306+0000] {logging_mixin.py:188} INFO - [2026-01-27T23:54:17.306+0000] {dag.py:3954} INFO - Setting next_dagrun for latest_only to 2026-01-27 16:00:00+00:00, run_after=2026-01-27 20:00:00+00:00
[2026-01-27T23:54:17.329+0000] {processor.py:183} INFO - Processing /home/airflow/.local/lib/python3.12/site-packages/airflow/example_dags/example_latest_only.py took 0.085 seconds
[2026-01-27T23:54:47.387+0000] {processor.py:161} INFO - Started process (PID=1966) to work on /home/airflow/.local/lib/python3.12/site-packages/airflow/example_dags/example_latest_only.py
[2026-01-27T23:54:47.388+0000] {processor.py:830} INFO - Processing file /home/airflow/.local/lib/python3.12/site-packages/airflow/example_dags/example_latest_only.py for tasks to queue
[2026-01-27T23:54:47.391+0000] {logging_mixin.py:188} INFO - [2026-01-27T23:54:47.391+0000] {dagbag.py:540} INFO - Filling up the DagBag from /home/airflow/.local/lib/python3.12/site-packages/airflow/example_dags/example_latest_only.py
[2026-01-27T23:54:47.396+0000] {processor.py:840} INFO - DAG(s) 'latest_only' retrieved from /home/airflow/.local/lib/python3.12/site-packages/airflow/example_dags/example_latest_only.py
[2026-01-27T23:54:47.419+0000] {logging_mixin.py:188} INFO - [2026-01-27T23:54:47.419+0000] {dag.py:3096} INFO - Sync 1 DAGs
[2026-01-27T23:54:47.439+0000] {logging_mixin.py:188} INFO - [2026-01-27T23:54:47.439+0000] {dag.py:3954} INFO - Setting next_dagrun for latest_only to 2026-01-27 16:00:00+00:00, run_after=2026-01-27 20:00:00+00:00
[2026-01-27T23:54:47.459+0000] {processor.py:183} INFO - Processing /home/airflow/.local/lib/python3.12/site-packages/airflow/example_dags/example_latest_only.py took 0.078 seconds
[2026-01-27T23:55:18.064+0000] {processor.py:161} INFO - Started process (PID=2018) to work on /home/airflow/.local/lib/python3.12/site-packages/airflow/example_dags/example_latest_only.py
[2026-01-27T23:55:18.065+0000] {processor.py:830} INFO - Processing file /home/airflow/.local/lib/python3.12/site-packages/airflow/example_dags/example_latest_only.py for tasks to queue
[2026-01-27T23:55:18.068+0000] {logging_mixin.py:188} INFO - [2026-01-27T23:55:18.067+0000] {dagbag.py:540} INFO - Filling up the DagBag from /home/airflow/.local/lib/python3.12/site-packages/airflow/example_dags/example_latest_only.py
[2026-01-27T23:55:18.072+0000] {processor.py:840} INFO - DAG(s) 'latest_only' retrieved from /home/airflow/.local/lib/python3.12/site-packages/airflow/example_dags/example_latest_only.py
[2026-01-27T23:55:18.093+0000] {logging_mixin.py:188} INFO - [2026-01-27T23:55:18.092+0000] {dag.py:3096} INFO - Sync 1 DAGs
[2026-01-27T23:55:18.113+0000] {logging_mixin.py:188} INFO - [2026-01-27T23:55:18.112+0000] {dag.py:3954} INFO - Setting next_dagrun for latest_only to 2026-01-27 16:00:00+00:00, run_after=2026-01-27 20:00:00+00:00
[2026-01-27T23:55:18.144+0000] {processor.py:183} INFO - Processing /home/airflow/.local/lib/python3.12/site-packages/airflow/example_dags/example_latest_only.py took 0.086 seconds
[2026-01-27T23:55:49.016+0000] {processor.py:161} INFO - Started process (PID=2070) to work on /home/airflow/.local/lib/python3.12/site-packages/airflow/example_dags/example_latest_only.py
[2026-01-27T23:55:49.017+0000] {processor.py:830} INFO - Processing file /home/airflow/.local/lib/python3.12/site-packages/airflow/example_dags/example_latest_only.py for tasks to queue
[2026-01-27T23:55:49.019+0000] {logging_mixin.py:188} INFO - [2026-01-27T23:55:49.019+0000] {dagbag.py:540} INFO - Filling up the DagBag from /home/airflow/.local/lib/python3.12/site-packages/airflow/example_dags/example_latest_only.py
[2026-01-27T23:55:49.024+0000] {processor.py:840} INFO - DAG(s) 'latest_only' retrieved from /home/airflow/.local/lib/python3.12/site-packages/airflow/example_dags/example_latest_only.py
[2026-01-27T23:55:49.046+0000] {logging_mixin.py:188} INFO - [2026-01-27T23:55:49.046+0000] {dag.py:3096} INFO - Sync 1 DAGs
[2026-01-27T23:55:49.068+0000] {logging_mixin.py:188} INFO - [2026-01-27T23:55:49.067+0000] {dag.py:3954} INFO - Setting next_dagrun for latest_only to 2026-01-27 16:00:00+00:00, run_after=2026-01-27 20:00:00+00:00
[2026-01-27T23:55:49.088+0000] {processor.py:183} INFO - Processing /home/airflow/.local/lib/python3.12/site-packages/airflow/example_dags/example_latest_only.py took 0.078 seconds
[2026-01-27T23:56:19.392+0000] {processor.py:161} INFO - Started process (PID=2122) to work on /home/airflow/.local/lib/python3.12/site-packages/airflow/example_dags/example_latest_only.py
[2026-01-27T23:56:19.393+0000] {processor.py:830} INFO - Processing file /home/airflow/.local/lib/python3.12/site-packages/airflow/example_dags/example_latest_only.py for tasks to queue
[2026-01-27T23:56:19.396+0000] {logging_mixin.py:188} INFO - [2026-01-27T23:56:19.395+0000] {dagbag.py:540} INFO - Filling up the DagBag from /home/airflow/.local/lib/python3.12/site-packages/airflow/example_dags/example_latest_only.py
[2026-01-27T23:56:19.400+0000] {processor.py:840} INFO - DAG(s) 'latest_only' retrieved from /home/airflow/.local/lib/python3.12/site-packages/airflow/example_dags/example_latest_only.py
[2026-01-27T23:56:19.420+0000] {logging_mixin.py:188} INFO - [2026-01-27T23:56:19.420+0000] {dag.py:3096} INFO - Sync 1 DAGs
[2026-01-27T23:56:19.439+0000] {logging_mixin.py:188} INFO - [2026-01-27T23:56:19.439+0000] {dag.py:3954} INFO - Setting next_dagrun for latest_only to 2026-01-27 16:00:00+00:00, run_after=2026-01-27 20:00:00+00:00
[2026-01-27T23:56:19.458+0000] {processor.py:183} INFO - Processing /home/airflow/.local/lib/python3.12/site-packages/airflow/example_dags/example_latest_only.py took 0.072 seconds
[2026-01-27T23:56:49.745+0000] {processor.py:161} INFO - Started process (PID=2174) to work on /home/airflow/.local/lib/python3.12/site-packages/airflow/example_dags/example_latest_only.py
[2026-01-27T23:56:49.747+0000] {processor.py:830} INFO - Processing file /home/airflow/.local/lib/python3.12/site-packages/airflow/example_dags/example_latest_only.py for tasks to queue
[2026-01-27T23:56:49.749+0000] {logging_mixin.py:188} INFO - [2026-01-27T23:56:49.749+0000] {dagbag.py:540} INFO - Filling up the DagBag from /home/airflow/.local/lib/python3.12/site-packages/airflow/example_dags/example_latest_only.py
[2026-01-27T23:56:49.754+0000] {processor.py:840} INFO - DAG(s) 'latest_only' retrieved from /home/airflow/.local/lib/python3.12/site-packages/airflow/example_dags/example_latest_only.py
[2026-01-27T23:56:49.775+0000] {logging_mixin.py:188} INFO - [2026-01-27T23:56:49.775+0000] {dag.py:3096} INFO - Sync 1 DAGs
[2026-01-27T23:56:49.798+0000] {logging_mixin.py:188} INFO - [2026-01-27T23:56:49.798+0000] {dag.py:3954} INFO - Setting next_dagrun for latest_only to 2026-01-27 16:00:00+00:00, run_after=2026-01-27 20:00:00+00:00
[2026-01-27T23:56:49.819+0000] {processor.py:183} INFO - Processing /home/airflow/.local/lib/python3.12/site-packages/airflow/example_dags/example_latest_only.py took 0.079 seconds
[2026-01-27T23:57:20.677+0000] {processor.py:161} INFO - Started process (PID=2226) to work on /home/airflow/.local/lib/python3.12/site-packages/airflow/example_dags/example_latest_only.py
[2026-01-27T23:57:20.678+0000] {processor.py:830} INFO - Processing file /home/airflow/.local/lib/python3.12/site-packages/airflow/example_dags/example_latest_only.py for tasks to queue
[2026-01-27T23:57:20.682+0000] {logging_mixin.py:188} INFO - [2026-01-27T23:57:20.681+0000] {dagbag.py:540} INFO - Filling up the DagBag from /home/airflow/.local/lib/python3.12/site-packages/airflow/example_dags/example_latest_only.py
[2026-01-27T23:57:20.688+0000] {processor.py:840} INFO - DAG(s) 'latest_only' retrieved from /home/airflow/.local/lib/python3.12/site-packages/airflow/example_dags/example_latest_only.py
[2026-01-27T23:57:20.710+0000] {logging_mixin.py:188} INFO - [2026-01-27T23:57:20.709+0000] {dag.py:3096} INFO - Sync 1 DAGs
[2026-01-27T23:57:20.731+0000] {logging_mixin.py:188} INFO - [2026-01-27T23:57:20.731+0000] {dag.py:3954} INFO - Setting next_dagrun for latest_only to 2026-01-27 16:00:00+00:00, run_after=2026-01-27 20:00:00+00:00
[2026-01-27T23:57:20.760+0000] {processor.py:183} INFO - Processing /home/airflow/.local/lib/python3.12/site-packages/airflow/example_dags/example_latest_only.py took 0.091 seconds
[2026-01-27T23:57:51.498+0000] {processor.py:161} INFO - Started process (PID=2278) to work on /home/airflow/.local/lib/python3.12/site-packages/airflow/example_dags/example_latest_only.py
[2026-01-27T23:57:51.499+0000] {processor.py:830} INFO - Processing file /home/airflow/.local/lib/python3.12/site-packages/airflow/example_dags/example_latest_only.py for tasks to queue
[2026-01-27T23:57:51.502+0000] {logging_mixin.py:188} INFO - [2026-01-27T23:57:51.502+0000] {dagbag.py:540} INFO - Filling up the DagBag from /home/airflow/.local/lib/python3.12/site-packages/airflow/example_dags/example_latest_only.py
[2026-01-27T23:57:51.507+0000] {processor.py:840} INFO - DAG(s) 'latest_only' retrieved from /home/airflow/.local/lib/python3.12/site-packages/airflow/example_dags/example_latest_only.py
[2026-01-27T23:57:51.528+0000] {logging_mixin.py:188} INFO - [2026-01-27T23:57:51.528+0000] {dag.py:3096} INFO - Sync 1 DAGs
[2026-01-27T23:57:51.551+0000] {logging_mixin.py:188} INFO - [2026-01-27T23:57:51.551+0000] {dag.py:3954} INFO - Setting next_dagrun for latest_only to 2026-01-27 16:00:00+00:00, run_after=2026-01-27 20:00:00+00:00
[2026-01-27T23:57:51.572+0000] {processor.py:183} INFO - Processing /home/airflow/.local/lib/python3.12/site-packages/airflow/example_dags/example_latest_only.py took 0.080 seconds
[2026-01-27T23:58:21.653+0000] {processor.py:161} INFO - Started process (PID=2330) to work on /home/airflow/.local/lib/python3.12/site-packages/airflow/example_dags/example_latest_only.py
[2026-01-27T23:58:21.654+0000] {processor.py:830} INFO - Processing file /home/airflow/.local/lib/python3.12/site-packages/airflow/example_dags/example_latest_only.py for tasks to queue
[2026-01-27T23:58:21.656+0000] {logging_mixin.py:188} INFO - [2026-01-27T23:58:21.656+0000] {dagbag.py:540} INFO - Filling up the DagBag from /home/airflow/.local/lib/python3.12/site-packages/airflow/example_dags/example_latest_only.py
[2026-01-27T23:58:21.661+0000] {processor.py:840} INFO - DAG(s) 'latest_only' retrieved from /home/airflow/.local/lib/python3.12/site-packages/airflow/example_dags/example_latest_only.py
[2026-01-27T23:58:21.685+0000] {logging_mixin.py:188} INFO - [2026-01-27T23:58:21.685+0000] {dag.py:3096} INFO - Sync 1 DAGs
[2026-01-27T23:58:21.708+0000] {logging_mixin.py:188} INFO - [2026-01-27T23:58:21.707+0000] {dag.py:3954} INFO - Setting next_dagrun for latest_only to 2026-01-27 16:00:00+00:00, run_after=2026-01-27 20:00:00+00:00
[2026-01-27T23:58:21.741+0000] {processor.py:183} INFO - Processing /home/airflow/.local/lib/python3.12/site-packages/airflow/example_dags/example_latest_only.py took 0.095 seconds
[2026-01-27T23:58:52.438+0000] {processor.py:161} INFO - Started process (PID=2382) to work on /home/airflow/.local/lib/python3.12/site-packages/airflow/example_dags/example_latest_only.py
[2026-01-27T23:58:52.439+0000] {processor.py:830} INFO - Processing file /home/airflow/.local/lib/python3.12/site-packages/airflow/example_dags/example_latest_only.py for tasks to queue
[2026-01-27T23:58:52.441+0000] {logging_mixin.py:188} INFO - [2026-01-27T23:58:52.441+0000] {dagbag.py:540} INFO - Filling up the DagBag from /home/airflow/.local/lib/python3.12/site-packages/airflow/example_dags/example_latest_only.py
[2026-01-27T23:58:52.446+0000] {processor.py:840} INFO - DAG(s) 'latest_only' retrieved from /home/airflow/.local/lib/python3.12/site-packages/airflow/example_dags/example_latest_only.py
[2026-01-27T23:58:52.466+0000] {logging_mixin.py:188} INFO - [2026-01-27T23:58:52.465+0000] {dag.py:3096} INFO - Sync 1 DAGs
[2026-01-27T23:58:52.485+0000] {logging_mixin.py:188} INFO - [2026-01-27T23:58:52.485+0000] {dag.py:3954} INFO - Setting next_dagrun for latest_only to 2026-01-27 16:00:00+00:00, run_after=2026-01-27 20:00:00+00:00
[2026-01-27T23:58:52.515+0000] {processor.py:183} INFO - Processing /home/airflow/.local/lib/python3.12/site-packages/airflow/example_dags/example_latest_only.py took 0.083 seconds
[2026-01-27T23:59:23.134+0000] {processor.py:161} INFO - Started process (PID=2434) to work on /home/airflow/.local/lib/python3.12/site-packages/airflow/example_dags/example_latest_only.py
[2026-01-27T23:59:23.136+0000] {processor.py:830} INFO - Processing file /home/airflow/.local/lib/python3.12/site-packages/airflow/example_dags/example_latest_only.py for tasks to queue
[2026-01-27T23:59:23.138+0000] {logging_mixin.py:188} INFO - [2026-01-27T23:59:23.138+0000] {dagbag.py:540} INFO - Filling up the DagBag from /home/airflow/.local/lib/python3.12/site-packages/airflow/example_dags/example_latest_only.py
[2026-01-27T23:59:23.143+0000] {processor.py:840} INFO - DAG(s) 'latest_only' retrieved from /home/airflow/.local/lib/python3.12/site-packages/airflow/example_dags/example_latest_only.py
[2026-01-27T23:59:23.162+0000] {logging_mixin.py:188} INFO - [2026-01-27T23:59:23.162+0000] {dag.py:3096} INFO - Sync 1 DAGs
[2026-01-27T23:59:23.183+0000] {logging_mixin.py:188} INFO - [2026-01-27T23:59:23.183+0000] {dag.py:3954} INFO - Setting next_dagrun for latest_only to 2026-01-27 16:00:00+00:00, run_after=2026-01-27 20:00:00+00:00
[2026-01-27T23:59:23.214+0000] {processor.py:183} INFO - Processing /home/airflow/.local/lib/python3.12/site-packages/airflow/example_dags/example_latest_only.py took 0.085 seconds
[2026-01-27T23:59:53.775+0000] {processor.py:161} INFO - Started process (PID=2486) to work on /home/airflow/.local/lib/python3.12/site-packages/airflow/example_dags/example_latest_only.py
[2026-01-27T23:59:53.777+0000] {processor.py:830} INFO - Processing file /home/airflow/.local/lib/python3.12/site-packages/airflow/example_dags/example_latest_only.py for tasks to queue
[2026-01-27T23:59:53.780+0000] {logging_mixin.py:188} INFO - [2026-01-27T23:59:53.780+0000] {dagbag.py:540} INFO - Filling up the DagBag from /home/airflow/.local/lib/python3.12/site-packages/airflow/example_dags/example_latest_only.py
[2026-01-27T23:59:53.785+0000] {processor.py:840} INFO - DAG(s) 'latest_only' retrieved from /home/airflow/.local/lib/python3.12/site-packages/airflow/example_dags/example_latest_only.py
[2026-01-27T23:59:53.806+0000] {logging_mixin.py:188} INFO - [2026-01-27T23:59:53.806+0000] {dag.py:3096} INFO - Sync 1 DAGs
[2026-01-27T23:59:53.827+0000] {logging_mixin.py:188} INFO - [2026-01-27T23:59:53.827+0000] {dag.py:3954} INFO - Setting next_dagrun for latest_only to 2026-01-27 16:00:00+00:00, run_after=2026-01-27 20:00:00+00:00
[2026-01-27T23:59:53.851+0000] {processor.py:183} INFO - Processing /home/airflow/.local/lib/python3.12/site-packages/airflow/example_dags/example_latest_only.py took 0.081 seconds
