[2026-01-27 23:26:57,333] {scheduler_job.py:182} INFO - Started process (PID=31) to work on /home/airflow/.local/lib/python3.6/site-packages/airflow/example_dags/example_bash_operator.py
[2026-01-27 23:26:57,338] {scheduler_job.py:629} INFO - Processing file /home/airflow/.local/lib/python3.6/site-packages/airflow/example_dags/example_bash_operator.py for tasks to queue
[2026-01-27 23:26:57,341] {logging_mixin.py:104} INFO - [2026-01-27 23:26:57,340] {dagbag.py:448} INFO - Filling up the DagBag from /home/airflow/.local/lib/python3.6/site-packages/airflow/example_dags/example_bash_operator.py
[2026-01-27 23:26:57,371] {scheduler_job.py:639} INFO - DAG(s) dict_keys(['example_bash_operator']) retrieved from /home/airflow/.local/lib/python3.6/site-packages/airflow/example_dags/example_bash_operator.py
[2026-01-27 23:26:57,425] {logging_mixin.py:104} INFO - [2026-01-27 23:26:57,424] {dag.py:1818} INFO - Sync 1 DAGs
[2026-01-27 23:26:57,450] {logging_mixin.py:104} INFO - [2026-01-27 23:26:57,447] {dag.py:1837} INFO - Creating ORM DAG for example_bash_operator
[2026-01-27 23:26:57,478] {logging_mixin.py:104} INFO - [2026-01-27 23:26:57,477] {dag.py:2273} INFO - Setting next_dagrun for example_bash_operator to 2026-01-25 00:00:00+00:00
[2026-01-27 23:26:57,509] {scheduler_job.py:190} INFO - Processing /home/airflow/.local/lib/python3.6/site-packages/airflow/example_dags/example_bash_operator.py took 0.182 seconds
[2026-01-27 23:27:28,006] {scheduler_job.py:182} INFO - Started process (PID=52) to work on /home/airflow/.local/lib/python3.6/site-packages/airflow/example_dags/example_bash_operator.py
[2026-01-27 23:27:28,011] {scheduler_job.py:629} INFO - Processing file /home/airflow/.local/lib/python3.6/site-packages/airflow/example_dags/example_bash_operator.py for tasks to queue
[2026-01-27 23:27:28,015] {logging_mixin.py:104} INFO - [2026-01-27 23:27:28,014] {dagbag.py:448} INFO - Filling up the DagBag from /home/airflow/.local/lib/python3.6/site-packages/airflow/example_dags/example_bash_operator.py
[2026-01-27 23:27:28,107] {scheduler_job.py:639} INFO - DAG(s) dict_keys(['example_bash_operator']) retrieved from /home/airflow/.local/lib/python3.6/site-packages/airflow/example_dags/example_bash_operator.py
[2026-01-27 23:27:28,235] {logging_mixin.py:104} INFO - [2026-01-27 23:27:28,234] {dag.py:1818} INFO - Sync 1 DAGs
[2026-01-27 23:27:28,362] {logging_mixin.py:104} INFO - [2026-01-27 23:27:28,362] {dag.py:2273} INFO - Setting next_dagrun for example_bash_operator to 2026-01-25 00:00:00+00:00
[2026-01-27 23:27:28,402] {scheduler_job.py:190} INFO - Processing /home/airflow/.local/lib/python3.6/site-packages/airflow/example_dags/example_bash_operator.py took 0.431 seconds
[2026-01-27 23:27:58,614] {scheduler_job.py:182} INFO - Started process (PID=79) to work on /home/airflow/.local/lib/python3.6/site-packages/airflow/example_dags/example_bash_operator.py
[2026-01-27 23:27:58,617] {scheduler_job.py:629} INFO - Processing file /home/airflow/.local/lib/python3.6/site-packages/airflow/example_dags/example_bash_operator.py for tasks to queue
[2026-01-27 23:27:58,620] {logging_mixin.py:104} INFO - [2026-01-27 23:27:58,619] {dagbag.py:448} INFO - Filling up the DagBag from /home/airflow/.local/lib/python3.6/site-packages/airflow/example_dags/example_bash_operator.py
[2026-01-27 23:27:58,650] {scheduler_job.py:639} INFO - DAG(s) dict_keys(['example_bash_operator']) retrieved from /home/airflow/.local/lib/python3.6/site-packages/airflow/example_dags/example_bash_operator.py
[2026-01-27 23:27:58,689] {logging_mixin.py:104} INFO - [2026-01-27 23:27:58,689] {dag.py:1818} INFO - Sync 1 DAGs
[2026-01-27 23:27:58,721] {logging_mixin.py:104} INFO - [2026-01-27 23:27:58,721] {dag.py:2273} INFO - Setting next_dagrun for example_bash_operator to 2026-01-25 00:00:00+00:00
[2026-01-27 23:27:58,738] {scheduler_job.py:190} INFO - Processing /home/airflow/.local/lib/python3.6/site-packages/airflow/example_dags/example_bash_operator.py took 0.130 seconds
[2026-01-27 23:28:29,335] {scheduler_job.py:182} INFO - Started process (PID=104) to work on /home/airflow/.local/lib/python3.6/site-packages/airflow/example_dags/example_bash_operator.py
[2026-01-27 23:28:29,338] {scheduler_job.py:629} INFO - Processing file /home/airflow/.local/lib/python3.6/site-packages/airflow/example_dags/example_bash_operator.py for tasks to queue
[2026-01-27 23:28:29,339] {logging_mixin.py:104} INFO - [2026-01-27 23:28:29,339] {dagbag.py:448} INFO - Filling up the DagBag from /home/airflow/.local/lib/python3.6/site-packages/airflow/example_dags/example_bash_operator.py
[2026-01-27 23:28:29,363] {scheduler_job.py:639} INFO - DAG(s) dict_keys(['example_bash_operator']) retrieved from /home/airflow/.local/lib/python3.6/site-packages/airflow/example_dags/example_bash_operator.py
[2026-01-27 23:28:29,393] {logging_mixin.py:104} INFO - [2026-01-27 23:28:29,393] {dag.py:1818} INFO - Sync 1 DAGs
[2026-01-27 23:28:29,423] {logging_mixin.py:104} INFO - [2026-01-27 23:28:29,423] {dag.py:2273} INFO - Setting next_dagrun for example_bash_operator to 2026-01-25 00:00:00+00:00
[2026-01-27 23:28:29,438] {scheduler_job.py:190} INFO - Processing /home/airflow/.local/lib/python3.6/site-packages/airflow/example_dags/example_bash_operator.py took 0.109 seconds
[2026-01-27 23:28:59,980] {scheduler_job.py:182} INFO - Started process (PID=130) to work on /home/airflow/.local/lib/python3.6/site-packages/airflow/example_dags/example_bash_operator.py
[2026-01-27 23:28:59,982] {scheduler_job.py:629} INFO - Processing file /home/airflow/.local/lib/python3.6/site-packages/airflow/example_dags/example_bash_operator.py for tasks to queue
[2026-01-27 23:28:59,983] {logging_mixin.py:104} INFO - [2026-01-27 23:28:59,983] {dagbag.py:448} INFO - Filling up the DagBag from /home/airflow/.local/lib/python3.6/site-packages/airflow/example_dags/example_bash_operator.py
[2026-01-27 23:29:00,001] {scheduler_job.py:639} INFO - DAG(s) dict_keys(['example_bash_operator']) retrieved from /home/airflow/.local/lib/python3.6/site-packages/airflow/example_dags/example_bash_operator.py
[2026-01-27 23:29:00,037] {logging_mixin.py:104} INFO - [2026-01-27 23:29:00,036] {dag.py:1818} INFO - Sync 1 DAGs
[2026-01-27 23:29:00,061] {logging_mixin.py:104} INFO - [2026-01-27 23:29:00,061] {dag.py:2273} INFO - Setting next_dagrun for example_bash_operator to 2026-01-25 00:00:00+00:00
[2026-01-27 23:29:00,072] {scheduler_job.py:190} INFO - Processing /home/airflow/.local/lib/python3.6/site-packages/airflow/example_dags/example_bash_operator.py took 0.097 seconds
[2026-01-27 23:29:30,238] {scheduler_job.py:182} INFO - Started process (PID=156) to work on /home/airflow/.local/lib/python3.6/site-packages/airflow/example_dags/example_bash_operator.py
[2026-01-27 23:29:30,242] {scheduler_job.py:629} INFO - Processing file /home/airflow/.local/lib/python3.6/site-packages/airflow/example_dags/example_bash_operator.py for tasks to queue
[2026-01-27 23:29:30,243] {logging_mixin.py:104} INFO - [2026-01-27 23:29:30,243] {dagbag.py:448} INFO - Filling up the DagBag from /home/airflow/.local/lib/python3.6/site-packages/airflow/example_dags/example_bash_operator.py
[2026-01-27 23:29:30,262] {scheduler_job.py:639} INFO - DAG(s) dict_keys(['example_bash_operator']) retrieved from /home/airflow/.local/lib/python3.6/site-packages/airflow/example_dags/example_bash_operator.py
[2026-01-27 23:29:30,292] {logging_mixin.py:104} INFO - [2026-01-27 23:29:30,292] {dag.py:1818} INFO - Sync 1 DAGs
[2026-01-27 23:29:30,320] {logging_mixin.py:104} INFO - [2026-01-27 23:29:30,319] {dag.py:2273} INFO - Setting next_dagrun for example_bash_operator to 2026-01-25 00:00:00+00:00
[2026-01-27 23:29:30,333] {scheduler_job.py:190} INFO - Processing /home/airflow/.local/lib/python3.6/site-packages/airflow/example_dags/example_bash_operator.py took 0.100 seconds
[2026-01-27 23:30:00,577] {scheduler_job.py:182} INFO - Started process (PID=182) to work on /home/airflow/.local/lib/python3.6/site-packages/airflow/example_dags/example_bash_operator.py
[2026-01-27 23:30:00,579] {scheduler_job.py:629} INFO - Processing file /home/airflow/.local/lib/python3.6/site-packages/airflow/example_dags/example_bash_operator.py for tasks to queue
[2026-01-27 23:30:00,580] {logging_mixin.py:104} INFO - [2026-01-27 23:30:00,580] {dagbag.py:448} INFO - Filling up the DagBag from /home/airflow/.local/lib/python3.6/site-packages/airflow/example_dags/example_bash_operator.py
[2026-01-27 23:30:00,597] {scheduler_job.py:639} INFO - DAG(s) dict_keys(['example_bash_operator']) retrieved from /home/airflow/.local/lib/python3.6/site-packages/airflow/example_dags/example_bash_operator.py
[2026-01-27 23:30:00,629] {logging_mixin.py:104} INFO - [2026-01-27 23:30:00,629] {dag.py:1818} INFO - Sync 1 DAGs
[2026-01-27 23:30:00,653] {logging_mixin.py:104} INFO - [2026-01-27 23:30:00,653] {dag.py:2273} INFO - Setting next_dagrun for example_bash_operator to 2026-01-25 00:00:00+00:00
[2026-01-27 23:30:00,667] {scheduler_job.py:190} INFO - Processing /home/airflow/.local/lib/python3.6/site-packages/airflow/example_dags/example_bash_operator.py took 0.094 seconds
[2026-01-27 23:30:30,773] {scheduler_job.py:182} INFO - Started process (PID=208) to work on /home/airflow/.local/lib/python3.6/site-packages/airflow/example_dags/example_bash_operator.py
[2026-01-27 23:30:30,775] {scheduler_job.py:629} INFO - Processing file /home/airflow/.local/lib/python3.6/site-packages/airflow/example_dags/example_bash_operator.py for tasks to queue
[2026-01-27 23:30:30,777] {logging_mixin.py:104} INFO - [2026-01-27 23:30:30,777] {dagbag.py:448} INFO - Filling up the DagBag from /home/airflow/.local/lib/python3.6/site-packages/airflow/example_dags/example_bash_operator.py
[2026-01-27 23:30:30,793] {scheduler_job.py:639} INFO - DAG(s) dict_keys(['example_bash_operator']) retrieved from /home/airflow/.local/lib/python3.6/site-packages/airflow/example_dags/example_bash_operator.py
[2026-01-27 23:30:30,834] {logging_mixin.py:104} INFO - [2026-01-27 23:30:30,834] {dag.py:1818} INFO - Sync 1 DAGs
[2026-01-27 23:30:30,863] {logging_mixin.py:104} INFO - [2026-01-27 23:30:30,863] {dag.py:2273} INFO - Setting next_dagrun for example_bash_operator to 2026-01-25 00:00:00+00:00
[2026-01-27 23:30:30,883] {scheduler_job.py:190} INFO - Processing /home/airflow/.local/lib/python3.6/site-packages/airflow/example_dags/example_bash_operator.py took 0.115 seconds
[2026-01-27 23:31:01,147] {scheduler_job.py:182} INFO - Started process (PID=234) to work on /home/airflow/.local/lib/python3.6/site-packages/airflow/example_dags/example_bash_operator.py
[2026-01-27 23:31:01,149] {scheduler_job.py:629} INFO - Processing file /home/airflow/.local/lib/python3.6/site-packages/airflow/example_dags/example_bash_operator.py for tasks to queue
[2026-01-27 23:31:01,150] {logging_mixin.py:104} INFO - [2026-01-27 23:31:01,150] {dagbag.py:448} INFO - Filling up the DagBag from /home/airflow/.local/lib/python3.6/site-packages/airflow/example_dags/example_bash_operator.py
[2026-01-27 23:31:01,168] {scheduler_job.py:639} INFO - DAG(s) dict_keys(['example_bash_operator']) retrieved from /home/airflow/.local/lib/python3.6/site-packages/airflow/example_dags/example_bash_operator.py
[2026-01-27 23:31:01,195] {logging_mixin.py:104} INFO - [2026-01-27 23:31:01,195] {dag.py:1818} INFO - Sync 1 DAGs
[2026-01-27 23:31:01,224] {logging_mixin.py:104} INFO - [2026-01-27 23:31:01,224] {dag.py:2273} INFO - Setting next_dagrun for example_bash_operator to 2026-01-25 00:00:00+00:00
[2026-01-27 23:31:01,246] {scheduler_job.py:190} INFO - Processing /home/airflow/.local/lib/python3.6/site-packages/airflow/example_dags/example_bash_operator.py took 0.103 seconds
[2026-01-27T23:36:07.287+0000] {processor.py:161} INFO - Started process (PID=60) to work on /home/airflow/.local/lib/python3.12/site-packages/airflow/example_dags/example_bash_operator.py
[2026-01-27T23:36:07.290+0000] {processor.py:830} INFO - Processing file /home/airflow/.local/lib/python3.12/site-packages/airflow/example_dags/example_bash_operator.py for tasks to queue
[2026-01-27T23:36:07.295+0000] {logging_mixin.py:188} INFO - [2026-01-27T23:36:07.294+0000] {dagbag.py:540} INFO - Filling up the DagBag from /home/airflow/.local/lib/python3.12/site-packages/airflow/example_dags/example_bash_operator.py
[2026-01-27T23:36:07.338+0000] {processor.py:840} INFO - DAG(s) 'example_bash_operator' retrieved from /home/airflow/.local/lib/python3.12/site-packages/airflow/example_dags/example_bash_operator.py
[2026-01-27T23:36:07.650+0000] {logging_mixin.py:188} INFO - [2026-01-27T23:36:07.650+0000] {dag.py:3096} INFO - Sync 1 DAGs
[2026-01-27T23:36:07.701+0000] {logging_mixin.py:188} INFO - [2026-01-27T23:36:07.700+0000] {dag.py:3954} INFO - Setting next_dagrun for example_bash_operator to 2026-01-26 00:00:00+00:00, run_after=2026-01-27 00:00:00+00:00
[2026-01-27T23:36:07.759+0000] {processor.py:183} INFO - Processing /home/airflow/.local/lib/python3.12/site-packages/airflow/example_dags/example_bash_operator.py took 0.493 seconds
[2026-01-27T23:36:38.556+0000] {processor.py:161} INFO - Started process (PID=112) to work on /home/airflow/.local/lib/python3.12/site-packages/airflow/example_dags/example_bash_operator.py
[2026-01-27T23:36:38.557+0000] {processor.py:830} INFO - Processing file /home/airflow/.local/lib/python3.12/site-packages/airflow/example_dags/example_bash_operator.py for tasks to queue
[2026-01-27T23:36:38.560+0000] {logging_mixin.py:188} INFO - [2026-01-27T23:36:38.560+0000] {dagbag.py:540} INFO - Filling up the DagBag from /home/airflow/.local/lib/python3.12/site-packages/airflow/example_dags/example_bash_operator.py
[2026-01-27T23:36:38.574+0000] {processor.py:840} INFO - DAG(s) 'example_bash_operator' retrieved from /home/airflow/.local/lib/python3.12/site-packages/airflow/example_dags/example_bash_operator.py
[2026-01-27T23:36:38.604+0000] {logging_mixin.py:188} INFO - [2026-01-27T23:36:38.604+0000] {dag.py:3096} INFO - Sync 1 DAGs
[2026-01-27T23:36:38.631+0000] {logging_mixin.py:188} INFO - [2026-01-27T23:36:38.630+0000] {dag.py:3954} INFO - Setting next_dagrun for example_bash_operator to 2026-01-26 00:00:00+00:00, run_after=2026-01-27 00:00:00+00:00
[2026-01-27T23:36:38.652+0000] {processor.py:183} INFO - Processing /home/airflow/.local/lib/python3.12/site-packages/airflow/example_dags/example_bash_operator.py took 0.106 seconds
[2026-01-27T23:37:08.694+0000] {processor.py:161} INFO - Started process (PID=164) to work on /home/airflow/.local/lib/python3.12/site-packages/airflow/example_dags/example_bash_operator.py
[2026-01-27T23:37:08.695+0000] {processor.py:830} INFO - Processing file /home/airflow/.local/lib/python3.12/site-packages/airflow/example_dags/example_bash_operator.py for tasks to queue
[2026-01-27T23:37:08.697+0000] {logging_mixin.py:188} INFO - [2026-01-27T23:37:08.697+0000] {dagbag.py:540} INFO - Filling up the DagBag from /home/airflow/.local/lib/python3.12/site-packages/airflow/example_dags/example_bash_operator.py
[2026-01-27T23:37:08.709+0000] {processor.py:840} INFO - DAG(s) 'example_bash_operator' retrieved from /home/airflow/.local/lib/python3.12/site-packages/airflow/example_dags/example_bash_operator.py
[2026-01-27T23:37:08.735+0000] {logging_mixin.py:188} INFO - [2026-01-27T23:37:08.734+0000] {dag.py:3096} INFO - Sync 1 DAGs
[2026-01-27T23:37:08.756+0000] {logging_mixin.py:188} INFO - [2026-01-27T23:37:08.756+0000] {dag.py:3954} INFO - Setting next_dagrun for example_bash_operator to 2026-01-26 00:00:00+00:00, run_after=2026-01-27 00:00:00+00:00
[2026-01-27T23:37:08.775+0000] {processor.py:183} INFO - Processing /home/airflow/.local/lib/python3.12/site-packages/airflow/example_dags/example_bash_operator.py took 0.088 seconds
[2026-01-27T23:37:39.279+0000] {processor.py:161} INFO - Started process (PID=216) to work on /home/airflow/.local/lib/python3.12/site-packages/airflow/example_dags/example_bash_operator.py
[2026-01-27T23:37:39.280+0000] {processor.py:830} INFO - Processing file /home/airflow/.local/lib/python3.12/site-packages/airflow/example_dags/example_bash_operator.py for tasks to queue
[2026-01-27T23:37:39.282+0000] {logging_mixin.py:188} INFO - [2026-01-27T23:37:39.282+0000] {dagbag.py:540} INFO - Filling up the DagBag from /home/airflow/.local/lib/python3.12/site-packages/airflow/example_dags/example_bash_operator.py
[2026-01-27T23:37:39.294+0000] {processor.py:840} INFO - DAG(s) 'example_bash_operator' retrieved from /home/airflow/.local/lib/python3.12/site-packages/airflow/example_dags/example_bash_operator.py
[2026-01-27T23:37:39.321+0000] {logging_mixin.py:188} INFO - [2026-01-27T23:37:39.321+0000] {dag.py:3096} INFO - Sync 1 DAGs
[2026-01-27T23:37:39.344+0000] {logging_mixin.py:188} INFO - [2026-01-27T23:37:39.344+0000] {dag.py:3954} INFO - Setting next_dagrun for example_bash_operator to 2026-01-26 00:00:00+00:00, run_after=2026-01-27 00:00:00+00:00
[2026-01-27T23:37:39.366+0000] {processor.py:183} INFO - Processing /home/airflow/.local/lib/python3.12/site-packages/airflow/example_dags/example_bash_operator.py took 0.094 seconds
[2026-01-27T23:38:09.736+0000] {processor.py:161} INFO - Started process (PID=268) to work on /home/airflow/.local/lib/python3.12/site-packages/airflow/example_dags/example_bash_operator.py
[2026-01-27T23:38:09.737+0000] {processor.py:830} INFO - Processing file /home/airflow/.local/lib/python3.12/site-packages/airflow/example_dags/example_bash_operator.py for tasks to queue
[2026-01-27T23:38:09.739+0000] {logging_mixin.py:188} INFO - [2026-01-27T23:38:09.739+0000] {dagbag.py:540} INFO - Filling up the DagBag from /home/airflow/.local/lib/python3.12/site-packages/airflow/example_dags/example_bash_operator.py
[2026-01-27T23:38:09.750+0000] {processor.py:840} INFO - DAG(s) 'example_bash_operator' retrieved from /home/airflow/.local/lib/python3.12/site-packages/airflow/example_dags/example_bash_operator.py
[2026-01-27T23:38:09.780+0000] {logging_mixin.py:188} INFO - [2026-01-27T23:38:09.780+0000] {dag.py:3096} INFO - Sync 1 DAGs
[2026-01-27T23:38:09.806+0000] {logging_mixin.py:188} INFO - [2026-01-27T23:38:09.806+0000] {dag.py:3954} INFO - Setting next_dagrun for example_bash_operator to 2026-01-26 00:00:00+00:00, run_after=2026-01-27 00:00:00+00:00
[2026-01-27T23:38:09.830+0000] {processor.py:183} INFO - Processing /home/airflow/.local/lib/python3.12/site-packages/airflow/example_dags/example_bash_operator.py took 0.099 seconds
[2026-01-27T23:38:39.982+0000] {processor.py:161} INFO - Started process (PID=320) to work on /home/airflow/.local/lib/python3.12/site-packages/airflow/example_dags/example_bash_operator.py
[2026-01-27T23:38:39.983+0000] {processor.py:830} INFO - Processing file /home/airflow/.local/lib/python3.12/site-packages/airflow/example_dags/example_bash_operator.py for tasks to queue
[2026-01-27T23:38:39.985+0000] {logging_mixin.py:188} INFO - [2026-01-27T23:38:39.985+0000] {dagbag.py:540} INFO - Filling up the DagBag from /home/airflow/.local/lib/python3.12/site-packages/airflow/example_dags/example_bash_operator.py
[2026-01-27T23:38:39.995+0000] {processor.py:840} INFO - DAG(s) 'example_bash_operator' retrieved from /home/airflow/.local/lib/python3.12/site-packages/airflow/example_dags/example_bash_operator.py
[2026-01-27T23:38:40.020+0000] {logging_mixin.py:188} INFO - [2026-01-27T23:38:40.020+0000] {dag.py:3096} INFO - Sync 1 DAGs
[2026-01-27T23:38:40.045+0000] {logging_mixin.py:188} INFO - [2026-01-27T23:38:40.045+0000] {dag.py:3954} INFO - Setting next_dagrun for example_bash_operator to 2026-01-26 00:00:00+00:00, run_after=2026-01-27 00:00:00+00:00
[2026-01-27T23:38:40.066+0000] {processor.py:183} INFO - Processing /home/airflow/.local/lib/python3.12/site-packages/airflow/example_dags/example_bash_operator.py took 0.089 seconds
[2026-01-27T23:39:10.454+0000] {processor.py:161} INFO - Started process (PID=372) to work on /home/airflow/.local/lib/python3.12/site-packages/airflow/example_dags/example_bash_operator.py
[2026-01-27T23:39:10.456+0000] {processor.py:830} INFO - Processing file /home/airflow/.local/lib/python3.12/site-packages/airflow/example_dags/example_bash_operator.py for tasks to queue
[2026-01-27T23:39:10.459+0000] {logging_mixin.py:188} INFO - [2026-01-27T23:39:10.458+0000] {dagbag.py:540} INFO - Filling up the DagBag from /home/airflow/.local/lib/python3.12/site-packages/airflow/example_dags/example_bash_operator.py
[2026-01-27T23:39:10.476+0000] {processor.py:840} INFO - DAG(s) 'example_bash_operator' retrieved from /home/airflow/.local/lib/python3.12/site-packages/airflow/example_dags/example_bash_operator.py
[2026-01-27T23:39:10.523+0000] {logging_mixin.py:188} INFO - [2026-01-27T23:39:10.523+0000] {dag.py:3096} INFO - Sync 1 DAGs
[2026-01-27T23:39:10.578+0000] {logging_mixin.py:188} INFO - [2026-01-27T23:39:10.577+0000] {dag.py:3954} INFO - Setting next_dagrun for example_bash_operator to 2026-01-26 00:00:00+00:00, run_after=2026-01-27 00:00:00+00:00
[2026-01-27T23:39:10.616+0000] {processor.py:183} INFO - Processing /home/airflow/.local/lib/python3.12/site-packages/airflow/example_dags/example_bash_operator.py took 0.169 seconds
[2026-01-27T23:39:41.277+0000] {processor.py:161} INFO - Started process (PID=424) to work on /home/airflow/.local/lib/python3.12/site-packages/airflow/example_dags/example_bash_operator.py
[2026-01-27T23:39:41.279+0000] {processor.py:830} INFO - Processing file /home/airflow/.local/lib/python3.12/site-packages/airflow/example_dags/example_bash_operator.py for tasks to queue
[2026-01-27T23:39:41.281+0000] {logging_mixin.py:188} INFO - [2026-01-27T23:39:41.281+0000] {dagbag.py:540} INFO - Filling up the DagBag from /home/airflow/.local/lib/python3.12/site-packages/airflow/example_dags/example_bash_operator.py
[2026-01-27T23:39:41.294+0000] {processor.py:840} INFO - DAG(s) 'example_bash_operator' retrieved from /home/airflow/.local/lib/python3.12/site-packages/airflow/example_dags/example_bash_operator.py
[2026-01-27T23:39:41.331+0000] {logging_mixin.py:188} INFO - [2026-01-27T23:39:41.331+0000] {dag.py:3096} INFO - Sync 1 DAGs
[2026-01-27T23:39:41.367+0000] {logging_mixin.py:188} INFO - [2026-01-27T23:39:41.367+0000] {dag.py:3954} INFO - Setting next_dagrun for example_bash_operator to 2026-01-26 00:00:00+00:00, run_after=2026-01-27 00:00:00+00:00
[2026-01-27T23:39:41.395+0000] {processor.py:183} INFO - Processing /home/airflow/.local/lib/python3.12/site-packages/airflow/example_dags/example_bash_operator.py took 0.128 seconds
[2026-01-27T23:40:11.667+0000] {processor.py:161} INFO - Started process (PID=476) to work on /home/airflow/.local/lib/python3.12/site-packages/airflow/example_dags/example_bash_operator.py
[2026-01-27T23:40:11.669+0000] {processor.py:830} INFO - Processing file /home/airflow/.local/lib/python3.12/site-packages/airflow/example_dags/example_bash_operator.py for tasks to queue
[2026-01-27T23:40:11.673+0000] {logging_mixin.py:188} INFO - [2026-01-27T23:40:11.672+0000] {dagbag.py:540} INFO - Filling up the DagBag from /home/airflow/.local/lib/python3.12/site-packages/airflow/example_dags/example_bash_operator.py
[2026-01-27T23:40:11.696+0000] {processor.py:840} INFO - DAG(s) 'example_bash_operator' retrieved from /home/airflow/.local/lib/python3.12/site-packages/airflow/example_dags/example_bash_operator.py
[2026-01-27T23:40:11.761+0000] {logging_mixin.py:188} INFO - [2026-01-27T23:40:11.760+0000] {dag.py:3096} INFO - Sync 1 DAGs
[2026-01-27T23:40:11.816+0000] {logging_mixin.py:188} INFO - [2026-01-27T23:40:11.815+0000] {dag.py:3954} INFO - Setting next_dagrun for example_bash_operator to 2026-01-26 00:00:00+00:00, run_after=2026-01-27 00:00:00+00:00
[2026-01-27T23:40:11.863+0000] {processor.py:183} INFO - Processing /home/airflow/.local/lib/python3.12/site-packages/airflow/example_dags/example_bash_operator.py took 0.208 seconds
[2026-01-27T23:40:41.957+0000] {processor.py:161} INFO - Started process (PID=528) to work on /home/airflow/.local/lib/python3.12/site-packages/airflow/example_dags/example_bash_operator.py
[2026-01-27T23:40:41.958+0000] {processor.py:830} INFO - Processing file /home/airflow/.local/lib/python3.12/site-packages/airflow/example_dags/example_bash_operator.py for tasks to queue
[2026-01-27T23:40:41.961+0000] {logging_mixin.py:188} INFO - [2026-01-27T23:40:41.960+0000] {dagbag.py:540} INFO - Filling up the DagBag from /home/airflow/.local/lib/python3.12/site-packages/airflow/example_dags/example_bash_operator.py
[2026-01-27T23:40:41.973+0000] {processor.py:840} INFO - DAG(s) 'example_bash_operator' retrieved from /home/airflow/.local/lib/python3.12/site-packages/airflow/example_dags/example_bash_operator.py
[2026-01-27T23:40:42.001+0000] {logging_mixin.py:188} INFO - [2026-01-27T23:40:42.001+0000] {dag.py:3096} INFO - Sync 1 DAGs
[2026-01-27T23:40:42.026+0000] {logging_mixin.py:188} INFO - [2026-01-27T23:40:42.026+0000] {dag.py:3954} INFO - Setting next_dagrun for example_bash_operator to 2026-01-26 00:00:00+00:00, run_after=2026-01-27 00:00:00+00:00
[2026-01-27T23:40:42.050+0000] {processor.py:183} INFO - Processing /home/airflow/.local/lib/python3.12/site-packages/airflow/example_dags/example_bash_operator.py took 0.099 seconds
[2026-01-27T23:41:12.884+0000] {processor.py:161} INFO - Started process (PID=580) to work on /home/airflow/.local/lib/python3.12/site-packages/airflow/example_dags/example_bash_operator.py
[2026-01-27T23:41:12.886+0000] {processor.py:830} INFO - Processing file /home/airflow/.local/lib/python3.12/site-packages/airflow/example_dags/example_bash_operator.py for tasks to queue
[2026-01-27T23:41:12.890+0000] {logging_mixin.py:188} INFO - [2026-01-27T23:41:12.889+0000] {dagbag.py:540} INFO - Filling up the DagBag from /home/airflow/.local/lib/python3.12/site-packages/airflow/example_dags/example_bash_operator.py
[2026-01-27T23:41:12.910+0000] {processor.py:840} INFO - DAG(s) 'example_bash_operator' retrieved from /home/airflow/.local/lib/python3.12/site-packages/airflow/example_dags/example_bash_operator.py
[2026-01-27T23:41:12.953+0000] {logging_mixin.py:188} INFO - [2026-01-27T23:41:12.953+0000] {dag.py:3096} INFO - Sync 1 DAGs
[2026-01-27T23:41:12.989+0000] {logging_mixin.py:188} INFO - [2026-01-27T23:41:12.988+0000] {dag.py:3954} INFO - Setting next_dagrun for example_bash_operator to 2026-01-26 00:00:00+00:00, run_after=2026-01-27 00:00:00+00:00
[2026-01-27T23:41:13.019+0000] {processor.py:183} INFO - Processing /home/airflow/.local/lib/python3.12/site-packages/airflow/example_dags/example_bash_operator.py took 0.146 seconds
[2026-01-27T23:41:43.350+0000] {processor.py:161} INFO - Started process (PID=633) to work on /home/airflow/.local/lib/python3.12/site-packages/airflow/example_dags/example_bash_operator.py
[2026-01-27T23:41:43.352+0000] {processor.py:830} INFO - Processing file /home/airflow/.local/lib/python3.12/site-packages/airflow/example_dags/example_bash_operator.py for tasks to queue
[2026-01-27T23:41:43.357+0000] {logging_mixin.py:188} INFO - [2026-01-27T23:41:43.355+0000] {dagbag.py:540} INFO - Filling up the DagBag from /home/airflow/.local/lib/python3.12/site-packages/airflow/example_dags/example_bash_operator.py
[2026-01-27T23:41:43.377+0000] {processor.py:840} INFO - DAG(s) 'example_bash_operator' retrieved from /home/airflow/.local/lib/python3.12/site-packages/airflow/example_dags/example_bash_operator.py
[2026-01-27T23:41:43.423+0000] {logging_mixin.py:188} INFO - [2026-01-27T23:41:43.423+0000] {dag.py:3096} INFO - Sync 1 DAGs
[2026-01-27T23:41:43.460+0000] {logging_mixin.py:188} INFO - [2026-01-27T23:41:43.459+0000] {dag.py:3954} INFO - Setting next_dagrun for example_bash_operator to 2026-01-26 00:00:00+00:00, run_after=2026-01-27 00:00:00+00:00
[2026-01-27T23:41:43.494+0000] {processor.py:183} INFO - Processing /home/airflow/.local/lib/python3.12/site-packages/airflow/example_dags/example_bash_operator.py took 0.153 seconds
[2026-01-27T23:42:14.319+0000] {processor.py:161} INFO - Started process (PID=684) to work on /home/airflow/.local/lib/python3.12/site-packages/airflow/example_dags/example_bash_operator.py
[2026-01-27T23:42:14.321+0000] {processor.py:830} INFO - Processing file /home/airflow/.local/lib/python3.12/site-packages/airflow/example_dags/example_bash_operator.py for tasks to queue
[2026-01-27T23:42:14.324+0000] {logging_mixin.py:188} INFO - [2026-01-27T23:42:14.323+0000] {dagbag.py:540} INFO - Filling up the DagBag from /home/airflow/.local/lib/python3.12/site-packages/airflow/example_dags/example_bash_operator.py
[2026-01-27T23:42:14.339+0000] {processor.py:840} INFO - DAG(s) 'example_bash_operator' retrieved from /home/airflow/.local/lib/python3.12/site-packages/airflow/example_dags/example_bash_operator.py
[2026-01-27T23:42:14.375+0000] {logging_mixin.py:188} INFO - [2026-01-27T23:42:14.374+0000] {dag.py:3096} INFO - Sync 1 DAGs
[2026-01-27T23:42:14.411+0000] {logging_mixin.py:188} INFO - [2026-01-27T23:42:14.411+0000] {dag.py:3954} INFO - Setting next_dagrun for example_bash_operator to 2026-01-26 00:00:00+00:00, run_after=2026-01-27 00:00:00+00:00
[2026-01-27T23:42:14.438+0000] {processor.py:183} INFO - Processing /home/airflow/.local/lib/python3.12/site-packages/airflow/example_dags/example_bash_operator.py took 0.128 seconds
[2026-01-27T23:42:45.073+0000] {processor.py:161} INFO - Started process (PID=736) to work on /home/airflow/.local/lib/python3.12/site-packages/airflow/example_dags/example_bash_operator.py
[2026-01-27T23:42:45.075+0000] {processor.py:830} INFO - Processing file /home/airflow/.local/lib/python3.12/site-packages/airflow/example_dags/example_bash_operator.py for tasks to queue
[2026-01-27T23:42:45.079+0000] {logging_mixin.py:188} INFO - [2026-01-27T23:42:45.078+0000] {dagbag.py:540} INFO - Filling up the DagBag from /home/airflow/.local/lib/python3.12/site-packages/airflow/example_dags/example_bash_operator.py
[2026-01-27T23:42:45.102+0000] {processor.py:840} INFO - DAG(s) 'example_bash_operator' retrieved from /home/airflow/.local/lib/python3.12/site-packages/airflow/example_dags/example_bash_operator.py
[2026-01-27T23:42:45.160+0000] {logging_mixin.py:188} INFO - [2026-01-27T23:42:45.160+0000] {dag.py:3096} INFO - Sync 1 DAGs
[2026-01-27T23:42:45.213+0000] {logging_mixin.py:188} INFO - [2026-01-27T23:42:45.213+0000] {dag.py:3954} INFO - Setting next_dagrun for example_bash_operator to 2026-01-26 00:00:00+00:00, run_after=2026-01-27 00:00:00+00:00
[2026-01-27T23:42:45.249+0000] {processor.py:183} INFO - Processing /home/airflow/.local/lib/python3.12/site-packages/airflow/example_dags/example_bash_operator.py took 0.190 seconds
[2026-01-27T23:43:16.127+0000] {processor.py:161} INFO - Started process (PID=788) to work on /home/airflow/.local/lib/python3.12/site-packages/airflow/example_dags/example_bash_operator.py
[2026-01-27T23:43:16.128+0000] {processor.py:830} INFO - Processing file /home/airflow/.local/lib/python3.12/site-packages/airflow/example_dags/example_bash_operator.py for tasks to queue
[2026-01-27T23:43:16.130+0000] {logging_mixin.py:188} INFO - [2026-01-27T23:43:16.130+0000] {dagbag.py:540} INFO - Filling up the DagBag from /home/airflow/.local/lib/python3.12/site-packages/airflow/example_dags/example_bash_operator.py
[2026-01-27T23:43:16.144+0000] {processor.py:840} INFO - DAG(s) 'example_bash_operator' retrieved from /home/airflow/.local/lib/python3.12/site-packages/airflow/example_dags/example_bash_operator.py
[2026-01-27T23:43:16.174+0000] {logging_mixin.py:188} INFO - [2026-01-27T23:43:16.174+0000] {dag.py:3096} INFO - Sync 1 DAGs
[2026-01-27T23:43:16.202+0000] {logging_mixin.py:188} INFO - [2026-01-27T23:43:16.202+0000] {dag.py:3954} INFO - Setting next_dagrun for example_bash_operator to 2026-01-26 00:00:00+00:00, run_after=2026-01-27 00:00:00+00:00
[2026-01-27T23:43:16.229+0000] {processor.py:183} INFO - Processing /home/airflow/.local/lib/python3.12/site-packages/airflow/example_dags/example_bash_operator.py took 0.110 seconds
[2026-01-27T23:43:46.723+0000] {processor.py:161} INFO - Started process (PID=840) to work on /home/airflow/.local/lib/python3.12/site-packages/airflow/example_dags/example_bash_operator.py
[2026-01-27T23:43:46.725+0000] {processor.py:830} INFO - Processing file /home/airflow/.local/lib/python3.12/site-packages/airflow/example_dags/example_bash_operator.py for tasks to queue
[2026-01-27T23:43:46.729+0000] {logging_mixin.py:188} INFO - [2026-01-27T23:43:46.729+0000] {dagbag.py:540} INFO - Filling up the DagBag from /home/airflow/.local/lib/python3.12/site-packages/airflow/example_dags/example_bash_operator.py
[2026-01-27T23:43:46.745+0000] {processor.py:840} INFO - DAG(s) 'example_bash_operator' retrieved from /home/airflow/.local/lib/python3.12/site-packages/airflow/example_dags/example_bash_operator.py
[2026-01-27T23:43:46.785+0000] {logging_mixin.py:188} INFO - [2026-01-27T23:43:46.785+0000] {dag.py:3096} INFO - Sync 1 DAGs
[2026-01-27T23:43:46.821+0000] {logging_mixin.py:188} INFO - [2026-01-27T23:43:46.821+0000] {dag.py:3954} INFO - Setting next_dagrun for example_bash_operator to 2026-01-26 00:00:00+00:00, run_after=2026-01-27 00:00:00+00:00
[2026-01-27T23:43:46.849+0000] {processor.py:183} INFO - Processing /home/airflow/.local/lib/python3.12/site-packages/airflow/example_dags/example_bash_operator.py took 0.133 seconds
[2026-01-27T23:44:17.088+0000] {processor.py:161} INFO - Started process (PID=891) to work on /home/airflow/.local/lib/python3.12/site-packages/airflow/example_dags/example_bash_operator.py
[2026-01-27T23:44:17.088+0000] {processor.py:830} INFO - Processing file /home/airflow/.local/lib/python3.12/site-packages/airflow/example_dags/example_bash_operator.py for tasks to queue
[2026-01-27T23:44:17.090+0000] {logging_mixin.py:188} INFO - [2026-01-27T23:44:17.090+0000] {dagbag.py:540} INFO - Filling up the DagBag from /home/airflow/.local/lib/python3.12/site-packages/airflow/example_dags/example_bash_operator.py
[2026-01-27T23:44:17.104+0000] {processor.py:840} INFO - DAG(s) 'example_bash_operator' retrieved from /home/airflow/.local/lib/python3.12/site-packages/airflow/example_dags/example_bash_operator.py
[2026-01-27T23:44:17.139+0000] {logging_mixin.py:188} INFO - [2026-01-27T23:44:17.139+0000] {dag.py:3096} INFO - Sync 1 DAGs
[2026-01-27T23:44:17.164+0000] {logging_mixin.py:188} INFO - [2026-01-27T23:44:17.164+0000] {dag.py:3954} INFO - Setting next_dagrun for example_bash_operator to 2026-01-26 00:00:00+00:00, run_after=2026-01-27 00:00:00+00:00
[2026-01-27T23:44:17.190+0000] {processor.py:183} INFO - Processing /home/airflow/.local/lib/python3.12/site-packages/airflow/example_dags/example_bash_operator.py took 0.108 seconds
[2026-01-27T23:44:47.547+0000] {processor.py:161} INFO - Started process (PID=943) to work on /home/airflow/.local/lib/python3.12/site-packages/airflow/example_dags/example_bash_operator.py
[2026-01-27T23:44:47.548+0000] {processor.py:830} INFO - Processing file /home/airflow/.local/lib/python3.12/site-packages/airflow/example_dags/example_bash_operator.py for tasks to queue
[2026-01-27T23:44:47.550+0000] {logging_mixin.py:188} INFO - [2026-01-27T23:44:47.550+0000] {dagbag.py:540} INFO - Filling up the DagBag from /home/airflow/.local/lib/python3.12/site-packages/airflow/example_dags/example_bash_operator.py
[2026-01-27T23:44:47.562+0000] {processor.py:840} INFO - DAG(s) 'example_bash_operator' retrieved from /home/airflow/.local/lib/python3.12/site-packages/airflow/example_dags/example_bash_operator.py
[2026-01-27T23:44:47.590+0000] {logging_mixin.py:188} INFO - [2026-01-27T23:44:47.590+0000] {dag.py:3096} INFO - Sync 1 DAGs
[2026-01-27T23:44:47.612+0000] {logging_mixin.py:188} INFO - [2026-01-27T23:44:47.611+0000] {dag.py:3954} INFO - Setting next_dagrun for example_bash_operator to 2026-01-26 00:00:00+00:00, run_after=2026-01-27 00:00:00+00:00
[2026-01-27T23:44:47.631+0000] {processor.py:183} INFO - Processing /home/airflow/.local/lib/python3.12/site-packages/airflow/example_dags/example_bash_operator.py took 0.094 seconds
[2026-01-27T23:45:17.872+0000] {processor.py:161} INFO - Started process (PID=995) to work on /home/airflow/.local/lib/python3.12/site-packages/airflow/example_dags/example_bash_operator.py
[2026-01-27T23:45:17.874+0000] {processor.py:830} INFO - Processing file /home/airflow/.local/lib/python3.12/site-packages/airflow/example_dags/example_bash_operator.py for tasks to queue
[2026-01-27T23:45:17.877+0000] {logging_mixin.py:188} INFO - [2026-01-27T23:45:17.876+0000] {dagbag.py:540} INFO - Filling up the DagBag from /home/airflow/.local/lib/python3.12/site-packages/airflow/example_dags/example_bash_operator.py
[2026-01-27T23:45:17.890+0000] {processor.py:840} INFO - DAG(s) 'example_bash_operator' retrieved from /home/airflow/.local/lib/python3.12/site-packages/airflow/example_dags/example_bash_operator.py
[2026-01-27T23:45:17.936+0000] {logging_mixin.py:188} INFO - [2026-01-27T23:45:17.936+0000] {dag.py:3096} INFO - Sync 1 DAGs
[2026-01-27T23:45:17.967+0000] {logging_mixin.py:188} INFO - [2026-01-27T23:45:17.967+0000] {dag.py:3954} INFO - Setting next_dagrun for example_bash_operator to 2026-01-26 00:00:00+00:00, run_after=2026-01-27 00:00:00+00:00
[2026-01-27T23:45:18.172+0000] {processor.py:183} INFO - Processing /home/airflow/.local/lib/python3.12/site-packages/airflow/example_dags/example_bash_operator.py took 0.307 seconds
[2026-01-27T23:45:48.853+0000] {processor.py:161} INFO - Started process (PID=1047) to work on /home/airflow/.local/lib/python3.12/site-packages/airflow/example_dags/example_bash_operator.py
[2026-01-27T23:45:48.855+0000] {processor.py:830} INFO - Processing file /home/airflow/.local/lib/python3.12/site-packages/airflow/example_dags/example_bash_operator.py for tasks to queue
[2026-01-27T23:45:48.857+0000] {logging_mixin.py:188} INFO - [2026-01-27T23:45:48.857+0000] {dagbag.py:540} INFO - Filling up the DagBag from /home/airflow/.local/lib/python3.12/site-packages/airflow/example_dags/example_bash_operator.py
[2026-01-27T23:45:48.869+0000] {processor.py:840} INFO - DAG(s) 'example_bash_operator' retrieved from /home/airflow/.local/lib/python3.12/site-packages/airflow/example_dags/example_bash_operator.py
[2026-01-27T23:45:48.899+0000] {logging_mixin.py:188} INFO - [2026-01-27T23:45:48.898+0000] {dag.py:3096} INFO - Sync 1 DAGs
[2026-01-27T23:45:48.927+0000] {logging_mixin.py:188} INFO - [2026-01-27T23:45:48.927+0000] {dag.py:3954} INFO - Setting next_dagrun for example_bash_operator to 2026-01-26 00:00:00+00:00, run_after=2026-01-27 00:00:00+00:00
[2026-01-27T23:45:48.949+0000] {processor.py:183} INFO - Processing /home/airflow/.local/lib/python3.12/site-packages/airflow/example_dags/example_bash_operator.py took 0.102 seconds
[2026-01-27T23:46:19.217+0000] {processor.py:161} INFO - Started process (PID=1099) to work on /home/airflow/.local/lib/python3.12/site-packages/airflow/example_dags/example_bash_operator.py
[2026-01-27T23:46:19.219+0000] {processor.py:830} INFO - Processing file /home/airflow/.local/lib/python3.12/site-packages/airflow/example_dags/example_bash_operator.py for tasks to queue
[2026-01-27T23:46:19.222+0000] {logging_mixin.py:188} INFO - [2026-01-27T23:46:19.222+0000] {dagbag.py:540} INFO - Filling up the DagBag from /home/airflow/.local/lib/python3.12/site-packages/airflow/example_dags/example_bash_operator.py
[2026-01-27T23:46:19.238+0000] {processor.py:840} INFO - DAG(s) 'example_bash_operator' retrieved from /home/airflow/.local/lib/python3.12/site-packages/airflow/example_dags/example_bash_operator.py
[2026-01-27T23:46:19.269+0000] {logging_mixin.py:188} INFO - [2026-01-27T23:46:19.269+0000] {dag.py:3096} INFO - Sync 1 DAGs
[2026-01-27T23:46:19.296+0000] {logging_mixin.py:188} INFO - [2026-01-27T23:46:19.295+0000] {dag.py:3954} INFO - Setting next_dagrun for example_bash_operator to 2026-01-26 00:00:00+00:00, run_after=2026-01-27 00:00:00+00:00
[2026-01-27T23:46:19.319+0000] {processor.py:183} INFO - Processing /home/airflow/.local/lib/python3.12/site-packages/airflow/example_dags/example_bash_operator.py took 0.108 seconds
[2026-01-27T23:46:49.718+0000] {processor.py:161} INFO - Started process (PID=1151) to work on /home/airflow/.local/lib/python3.12/site-packages/airflow/example_dags/example_bash_operator.py
[2026-01-27T23:46:49.720+0000] {processor.py:830} INFO - Processing file /home/airflow/.local/lib/python3.12/site-packages/airflow/example_dags/example_bash_operator.py for tasks to queue
[2026-01-27T23:46:49.722+0000] {logging_mixin.py:188} INFO - [2026-01-27T23:46:49.721+0000] {dagbag.py:540} INFO - Filling up the DagBag from /home/airflow/.local/lib/python3.12/site-packages/airflow/example_dags/example_bash_operator.py
[2026-01-27T23:46:49.734+0000] {processor.py:840} INFO - DAG(s) 'example_bash_operator' retrieved from /home/airflow/.local/lib/python3.12/site-packages/airflow/example_dags/example_bash_operator.py
[2026-01-27T23:46:49.760+0000] {logging_mixin.py:188} INFO - [2026-01-27T23:46:49.759+0000] {dag.py:3096} INFO - Sync 1 DAGs
[2026-01-27T23:46:49.926+0000] {logging_mixin.py:188} INFO - [2026-01-27T23:46:49.926+0000] {dag.py:3954} INFO - Setting next_dagrun for example_bash_operator to 2026-01-26 00:00:00+00:00, run_after=2026-01-27 00:00:00+00:00
[2026-01-27T23:46:49.947+0000] {processor.py:183} INFO - Processing /home/airflow/.local/lib/python3.12/site-packages/airflow/example_dags/example_bash_operator.py took 0.235 seconds
[2026-01-27T23:47:20.043+0000] {processor.py:161} INFO - Started process (PID=1203) to work on /home/airflow/.local/lib/python3.12/site-packages/airflow/example_dags/example_bash_operator.py
[2026-01-27T23:47:20.044+0000] {processor.py:830} INFO - Processing file /home/airflow/.local/lib/python3.12/site-packages/airflow/example_dags/example_bash_operator.py for tasks to queue
[2026-01-27T23:47:20.046+0000] {logging_mixin.py:188} INFO - [2026-01-27T23:47:20.046+0000] {dagbag.py:540} INFO - Filling up the DagBag from /home/airflow/.local/lib/python3.12/site-packages/airflow/example_dags/example_bash_operator.py
[2026-01-27T23:47:20.056+0000] {processor.py:840} INFO - DAG(s) 'example_bash_operator' retrieved from /home/airflow/.local/lib/python3.12/site-packages/airflow/example_dags/example_bash_operator.py
[2026-01-27T23:47:20.081+0000] {logging_mixin.py:188} INFO - [2026-01-27T23:47:20.081+0000] {dag.py:3096} INFO - Sync 1 DAGs
[2026-01-27T23:47:20.101+0000] {logging_mixin.py:188} INFO - [2026-01-27T23:47:20.101+0000] {dag.py:3954} INFO - Setting next_dagrun for example_bash_operator to 2026-01-26 00:00:00+00:00, run_after=2026-01-27 00:00:00+00:00
[2026-01-27T23:47:20.241+0000] {processor.py:183} INFO - Processing /home/airflow/.local/lib/python3.12/site-packages/airflow/example_dags/example_bash_operator.py took 0.204 seconds
[2026-01-27T23:47:50.551+0000] {processor.py:161} INFO - Started process (PID=1255) to work on /home/airflow/.local/lib/python3.12/site-packages/airflow/example_dags/example_bash_operator.py
[2026-01-27T23:47:50.552+0000] {processor.py:830} INFO - Processing file /home/airflow/.local/lib/python3.12/site-packages/airflow/example_dags/example_bash_operator.py for tasks to queue
[2026-01-27T23:47:50.555+0000] {logging_mixin.py:188} INFO - [2026-01-27T23:47:50.554+0000] {dagbag.py:540} INFO - Filling up the DagBag from /home/airflow/.local/lib/python3.12/site-packages/airflow/example_dags/example_bash_operator.py
[2026-01-27T23:47:50.565+0000] {processor.py:840} INFO - DAG(s) 'example_bash_operator' retrieved from /home/airflow/.local/lib/python3.12/site-packages/airflow/example_dags/example_bash_operator.py
[2026-01-27T23:47:50.591+0000] {logging_mixin.py:188} INFO - [2026-01-27T23:47:50.590+0000] {dag.py:3096} INFO - Sync 1 DAGs
[2026-01-27T23:47:50.615+0000] {logging_mixin.py:188} INFO - [2026-01-27T23:47:50.614+0000] {dag.py:3954} INFO - Setting next_dagrun for example_bash_operator to 2026-01-26 00:00:00+00:00, run_after=2026-01-27 00:00:00+00:00
[2026-01-27T23:47:50.634+0000] {processor.py:183} INFO - Processing /home/airflow/.local/lib/python3.12/site-packages/airflow/example_dags/example_bash_operator.py took 0.088 seconds
[2026-01-27T23:48:20.678+0000] {processor.py:161} INFO - Started process (PID=1307) to work on /home/airflow/.local/lib/python3.12/site-packages/airflow/example_dags/example_bash_operator.py
[2026-01-27T23:48:20.679+0000] {processor.py:830} INFO - Processing file /home/airflow/.local/lib/python3.12/site-packages/airflow/example_dags/example_bash_operator.py for tasks to queue
[2026-01-27T23:48:20.681+0000] {logging_mixin.py:188} INFO - [2026-01-27T23:48:20.681+0000] {dagbag.py:540} INFO - Filling up the DagBag from /home/airflow/.local/lib/python3.12/site-packages/airflow/example_dags/example_bash_operator.py
[2026-01-27T23:48:20.692+0000] {processor.py:840} INFO - DAG(s) 'example_bash_operator' retrieved from /home/airflow/.local/lib/python3.12/site-packages/airflow/example_dags/example_bash_operator.py
[2026-01-27T23:48:20.719+0000] {logging_mixin.py:188} INFO - [2026-01-27T23:48:20.719+0000] {dag.py:3096} INFO - Sync 1 DAGs
[2026-01-27T23:48:20.740+0000] {logging_mixin.py:188} INFO - [2026-01-27T23:48:20.740+0000] {dag.py:3954} INFO - Setting next_dagrun for example_bash_operator to 2026-01-26 00:00:00+00:00, run_after=2026-01-27 00:00:00+00:00
[2026-01-27T23:48:20.760+0000] {processor.py:183} INFO - Processing /home/airflow/.local/lib/python3.12/site-packages/airflow/example_dags/example_bash_operator.py took 0.089 seconds
[2026-01-27T23:48:50.900+0000] {processor.py:161} INFO - Started process (PID=1359) to work on /home/airflow/.local/lib/python3.12/site-packages/airflow/example_dags/example_bash_operator.py
[2026-01-27T23:48:50.901+0000] {processor.py:830} INFO - Processing file /home/airflow/.local/lib/python3.12/site-packages/airflow/example_dags/example_bash_operator.py for tasks to queue
[2026-01-27T23:48:50.903+0000] {logging_mixin.py:188} INFO - [2026-01-27T23:48:50.903+0000] {dagbag.py:540} INFO - Filling up the DagBag from /home/airflow/.local/lib/python3.12/site-packages/airflow/example_dags/example_bash_operator.py
[2026-01-27T23:48:50.915+0000] {processor.py:840} INFO - DAG(s) 'example_bash_operator' retrieved from /home/airflow/.local/lib/python3.12/site-packages/airflow/example_dags/example_bash_operator.py
[2026-01-27T23:48:50.941+0000] {logging_mixin.py:188} INFO - [2026-01-27T23:48:50.940+0000] {dag.py:3096} INFO - Sync 1 DAGs
[2026-01-27T23:48:50.962+0000] {logging_mixin.py:188} INFO - [2026-01-27T23:48:50.961+0000] {dag.py:3954} INFO - Setting next_dagrun for example_bash_operator to 2026-01-26 00:00:00+00:00, run_after=2026-01-27 00:00:00+00:00
[2026-01-27T23:48:50.982+0000] {processor.py:183} INFO - Processing /home/airflow/.local/lib/python3.12/site-packages/airflow/example_dags/example_bash_operator.py took 0.088 seconds
[2026-01-27T23:49:21.692+0000] {processor.py:161} INFO - Started process (PID=1411) to work on /home/airflow/.local/lib/python3.12/site-packages/airflow/example_dags/example_bash_operator.py
[2026-01-27T23:49:21.694+0000] {processor.py:830} INFO - Processing file /home/airflow/.local/lib/python3.12/site-packages/airflow/example_dags/example_bash_operator.py for tasks to queue
[2026-01-27T23:49:21.696+0000] {logging_mixin.py:188} INFO - [2026-01-27T23:49:21.695+0000] {dagbag.py:540} INFO - Filling up the DagBag from /home/airflow/.local/lib/python3.12/site-packages/airflow/example_dags/example_bash_operator.py
[2026-01-27T23:49:21.708+0000] {processor.py:840} INFO - DAG(s) 'example_bash_operator' retrieved from /home/airflow/.local/lib/python3.12/site-packages/airflow/example_dags/example_bash_operator.py
[2026-01-27T23:49:21.737+0000] {logging_mixin.py:188} INFO - [2026-01-27T23:49:21.737+0000] {dag.py:3096} INFO - Sync 1 DAGs
[2026-01-27T23:49:21.765+0000] {logging_mixin.py:188} INFO - [2026-01-27T23:49:21.765+0000] {dag.py:3954} INFO - Setting next_dagrun for example_bash_operator to 2026-01-26 00:00:00+00:00, run_after=2026-01-27 00:00:00+00:00
[2026-01-27T23:49:21.792+0000] {processor.py:183} INFO - Processing /home/airflow/.local/lib/python3.12/site-packages/airflow/example_dags/example_bash_operator.py took 0.107 seconds
[2026-01-27T23:49:52.076+0000] {processor.py:161} INFO - Started process (PID=1463) to work on /home/airflow/.local/lib/python3.12/site-packages/airflow/example_dags/example_bash_operator.py
[2026-01-27T23:49:52.078+0000] {processor.py:830} INFO - Processing file /home/airflow/.local/lib/python3.12/site-packages/airflow/example_dags/example_bash_operator.py for tasks to queue
[2026-01-27T23:49:52.080+0000] {logging_mixin.py:188} INFO - [2026-01-27T23:49:52.080+0000] {dagbag.py:540} INFO - Filling up the DagBag from /home/airflow/.local/lib/python3.12/site-packages/airflow/example_dags/example_bash_operator.py
[2026-01-27T23:49:52.094+0000] {processor.py:840} INFO - DAG(s) 'example_bash_operator' retrieved from /home/airflow/.local/lib/python3.12/site-packages/airflow/example_dags/example_bash_operator.py
[2026-01-27T23:49:52.119+0000] {logging_mixin.py:188} INFO - [2026-01-27T23:49:52.119+0000] {dag.py:3096} INFO - Sync 1 DAGs
[2026-01-27T23:49:52.140+0000] {logging_mixin.py:188} INFO - [2026-01-27T23:49:52.140+0000] {dag.py:3954} INFO - Setting next_dagrun for example_bash_operator to 2026-01-26 00:00:00+00:00, run_after=2026-01-27 00:00:00+00:00
[2026-01-27T23:49:52.159+0000] {processor.py:183} INFO - Processing /home/airflow/.local/lib/python3.12/site-packages/airflow/example_dags/example_bash_operator.py took 0.091 seconds
[2026-01-27T23:50:22.758+0000] {processor.py:161} INFO - Started process (PID=1515) to work on /home/airflow/.local/lib/python3.12/site-packages/airflow/example_dags/example_bash_operator.py
[2026-01-27T23:50:22.759+0000] {processor.py:830} INFO - Processing file /home/airflow/.local/lib/python3.12/site-packages/airflow/example_dags/example_bash_operator.py for tasks to queue
[2026-01-27T23:50:22.761+0000] {logging_mixin.py:188} INFO - [2026-01-27T23:50:22.761+0000] {dagbag.py:540} INFO - Filling up the DagBag from /home/airflow/.local/lib/python3.12/site-packages/airflow/example_dags/example_bash_operator.py
[2026-01-27T23:50:22.771+0000] {processor.py:840} INFO - DAG(s) 'example_bash_operator' retrieved from /home/airflow/.local/lib/python3.12/site-packages/airflow/example_dags/example_bash_operator.py
[2026-01-27T23:50:22.799+0000] {logging_mixin.py:188} INFO - [2026-01-27T23:50:22.798+0000] {dag.py:3096} INFO - Sync 1 DAGs
[2026-01-27T23:50:22.819+0000] {logging_mixin.py:188} INFO - [2026-01-27T23:50:22.819+0000] {dag.py:3954} INFO - Setting next_dagrun for example_bash_operator to 2026-01-26 00:00:00+00:00, run_after=2026-01-27 00:00:00+00:00
[2026-01-27T23:50:22.843+0000] {processor.py:183} INFO - Processing /home/airflow/.local/lib/python3.12/site-packages/airflow/example_dags/example_bash_operator.py took 0.090 seconds
[2026-01-27T23:50:52.976+0000] {processor.py:161} INFO - Started process (PID=1567) to work on /home/airflow/.local/lib/python3.12/site-packages/airflow/example_dags/example_bash_operator.py
[2026-01-27T23:50:52.977+0000] {processor.py:830} INFO - Processing file /home/airflow/.local/lib/python3.12/site-packages/airflow/example_dags/example_bash_operator.py for tasks to queue
[2026-01-27T23:50:52.979+0000] {logging_mixin.py:188} INFO - [2026-01-27T23:50:52.979+0000] {dagbag.py:540} INFO - Filling up the DagBag from /home/airflow/.local/lib/python3.12/site-packages/airflow/example_dags/example_bash_operator.py
[2026-01-27T23:50:52.990+0000] {processor.py:840} INFO - DAG(s) 'example_bash_operator' retrieved from /home/airflow/.local/lib/python3.12/site-packages/airflow/example_dags/example_bash_operator.py
[2026-01-27T23:50:53.017+0000] {logging_mixin.py:188} INFO - [2026-01-27T23:50:53.017+0000] {dag.py:3096} INFO - Sync 1 DAGs
[2026-01-27T23:50:53.039+0000] {logging_mixin.py:188} INFO - [2026-01-27T23:50:53.039+0000] {dag.py:3954} INFO - Setting next_dagrun for example_bash_operator to 2026-01-26 00:00:00+00:00, run_after=2026-01-27 00:00:00+00:00
[2026-01-27T23:50:53.060+0000] {processor.py:183} INFO - Processing /home/airflow/.local/lib/python3.12/site-packages/airflow/example_dags/example_bash_operator.py took 0.091 seconds
[2026-01-27T23:51:23.733+0000] {processor.py:161} INFO - Started process (PID=1619) to work on /home/airflow/.local/lib/python3.12/site-packages/airflow/example_dags/example_bash_operator.py
[2026-01-27T23:51:23.734+0000] {processor.py:830} INFO - Processing file /home/airflow/.local/lib/python3.12/site-packages/airflow/example_dags/example_bash_operator.py for tasks to queue
[2026-01-27T23:51:23.736+0000] {logging_mixin.py:188} INFO - [2026-01-27T23:51:23.736+0000] {dagbag.py:540} INFO - Filling up the DagBag from /home/airflow/.local/lib/python3.12/site-packages/airflow/example_dags/example_bash_operator.py
[2026-01-27T23:51:23.746+0000] {processor.py:840} INFO - DAG(s) 'example_bash_operator' retrieved from /home/airflow/.local/lib/python3.12/site-packages/airflow/example_dags/example_bash_operator.py
[2026-01-27T23:51:23.770+0000] {logging_mixin.py:188} INFO - [2026-01-27T23:51:23.769+0000] {dag.py:3096} INFO - Sync 1 DAGs
[2026-01-27T23:51:23.790+0000] {logging_mixin.py:188} INFO - [2026-01-27T23:51:23.789+0000] {dag.py:3954} INFO - Setting next_dagrun for example_bash_operator to 2026-01-26 00:00:00+00:00, run_after=2026-01-27 00:00:00+00:00
[2026-01-27T23:51:23.816+0000] {processor.py:183} INFO - Processing /home/airflow/.local/lib/python3.12/site-packages/airflow/example_dags/example_bash_operator.py took 0.089 seconds
[2026-01-27T23:51:54.582+0000] {processor.py:161} INFO - Started process (PID=1671) to work on /home/airflow/.local/lib/python3.12/site-packages/airflow/example_dags/example_bash_operator.py
[2026-01-27T23:51:54.583+0000] {processor.py:830} INFO - Processing file /home/airflow/.local/lib/python3.12/site-packages/airflow/example_dags/example_bash_operator.py for tasks to queue
[2026-01-27T23:51:54.585+0000] {logging_mixin.py:188} INFO - [2026-01-27T23:51:54.585+0000] {dagbag.py:540} INFO - Filling up the DagBag from /home/airflow/.local/lib/python3.12/site-packages/airflow/example_dags/example_bash_operator.py
[2026-01-27T23:51:54.596+0000] {processor.py:840} INFO - DAG(s) 'example_bash_operator' retrieved from /home/airflow/.local/lib/python3.12/site-packages/airflow/example_dags/example_bash_operator.py
[2026-01-27T23:51:54.622+0000] {logging_mixin.py:188} INFO - [2026-01-27T23:51:54.621+0000] {dag.py:3096} INFO - Sync 1 DAGs
[2026-01-27T23:51:54.643+0000] {logging_mixin.py:188} INFO - [2026-01-27T23:51:54.643+0000] {dag.py:3954} INFO - Setting next_dagrun for example_bash_operator to 2026-01-26 00:00:00+00:00, run_after=2026-01-27 00:00:00+00:00
[2026-01-27T23:51:54.668+0000] {processor.py:183} INFO - Processing /home/airflow/.local/lib/python3.12/site-packages/airflow/example_dags/example_bash_operator.py took 0.092 seconds
[2026-01-27T23:52:25.099+0000] {processor.py:161} INFO - Started process (PID=1723) to work on /home/airflow/.local/lib/python3.12/site-packages/airflow/example_dags/example_bash_operator.py
[2026-01-27T23:52:25.100+0000] {processor.py:830} INFO - Processing file /home/airflow/.local/lib/python3.12/site-packages/airflow/example_dags/example_bash_operator.py for tasks to queue
[2026-01-27T23:52:25.102+0000] {logging_mixin.py:188} INFO - [2026-01-27T23:52:25.102+0000] {dagbag.py:540} INFO - Filling up the DagBag from /home/airflow/.local/lib/python3.12/site-packages/airflow/example_dags/example_bash_operator.py
[2026-01-27T23:52:25.114+0000] {processor.py:840} INFO - DAG(s) 'example_bash_operator' retrieved from /home/airflow/.local/lib/python3.12/site-packages/airflow/example_dags/example_bash_operator.py
[2026-01-27T23:52:25.144+0000] {logging_mixin.py:188} INFO - [2026-01-27T23:52:25.143+0000] {dag.py:3096} INFO - Sync 1 DAGs
[2026-01-27T23:52:25.169+0000] {logging_mixin.py:188} INFO - [2026-01-27T23:52:25.169+0000] {dag.py:3954} INFO - Setting next_dagrun for example_bash_operator to 2026-01-26 00:00:00+00:00, run_after=2026-01-27 00:00:00+00:00
[2026-01-27T23:52:25.189+0000] {processor.py:183} INFO - Processing /home/airflow/.local/lib/python3.12/site-packages/airflow/example_dags/example_bash_operator.py took 0.095 seconds
[2026-01-27T23:52:55.475+0000] {processor.py:161} INFO - Started process (PID=1775) to work on /home/airflow/.local/lib/python3.12/site-packages/airflow/example_dags/example_bash_operator.py
[2026-01-27T23:52:55.476+0000] {processor.py:830} INFO - Processing file /home/airflow/.local/lib/python3.12/site-packages/airflow/example_dags/example_bash_operator.py for tasks to queue
[2026-01-27T23:52:55.478+0000] {logging_mixin.py:188} INFO - [2026-01-27T23:52:55.478+0000] {dagbag.py:540} INFO - Filling up the DagBag from /home/airflow/.local/lib/python3.12/site-packages/airflow/example_dags/example_bash_operator.py
[2026-01-27T23:52:55.491+0000] {processor.py:840} INFO - DAG(s) 'example_bash_operator' retrieved from /home/airflow/.local/lib/python3.12/site-packages/airflow/example_dags/example_bash_operator.py
[2026-01-27T23:52:55.517+0000] {logging_mixin.py:188} INFO - [2026-01-27T23:52:55.517+0000] {dag.py:3096} INFO - Sync 1 DAGs
[2026-01-27T23:52:55.538+0000] {logging_mixin.py:188} INFO - [2026-01-27T23:52:55.537+0000] {dag.py:3954} INFO - Setting next_dagrun for example_bash_operator to 2026-01-26 00:00:00+00:00, run_after=2026-01-27 00:00:00+00:00
[2026-01-27T23:52:55.560+0000] {processor.py:183} INFO - Processing /home/airflow/.local/lib/python3.12/site-packages/airflow/example_dags/example_bash_operator.py took 0.091 seconds
[2026-01-27T23:53:25.626+0000] {processor.py:161} INFO - Started process (PID=1827) to work on /home/airflow/.local/lib/python3.12/site-packages/airflow/example_dags/example_bash_operator.py
[2026-01-27T23:53:25.627+0000] {processor.py:830} INFO - Processing file /home/airflow/.local/lib/python3.12/site-packages/airflow/example_dags/example_bash_operator.py for tasks to queue
[2026-01-27T23:53:25.629+0000] {logging_mixin.py:188} INFO - [2026-01-27T23:53:25.629+0000] {dagbag.py:540} INFO - Filling up the DagBag from /home/airflow/.local/lib/python3.12/site-packages/airflow/example_dags/example_bash_operator.py
[2026-01-27T23:53:25.640+0000] {processor.py:840} INFO - DAG(s) 'example_bash_operator' retrieved from /home/airflow/.local/lib/python3.12/site-packages/airflow/example_dags/example_bash_operator.py
[2026-01-27T23:53:25.665+0000] {logging_mixin.py:188} INFO - [2026-01-27T23:53:25.664+0000] {dag.py:3096} INFO - Sync 1 DAGs
[2026-01-27T23:53:25.687+0000] {logging_mixin.py:188} INFO - [2026-01-27T23:53:25.686+0000] {dag.py:3954} INFO - Setting next_dagrun for example_bash_operator to 2026-01-26 00:00:00+00:00, run_after=2026-01-27 00:00:00+00:00
[2026-01-27T23:53:25.706+0000] {processor.py:183} INFO - Processing /home/airflow/.local/lib/python3.12/site-packages/airflow/example_dags/example_bash_operator.py took 0.086 seconds
[2026-01-27T23:53:55.871+0000] {processor.py:161} INFO - Started process (PID=1879) to work on /home/airflow/.local/lib/python3.12/site-packages/airflow/example_dags/example_bash_operator.py
[2026-01-27T23:53:55.872+0000] {processor.py:830} INFO - Processing file /home/airflow/.local/lib/python3.12/site-packages/airflow/example_dags/example_bash_operator.py for tasks to queue
[2026-01-27T23:53:55.874+0000] {logging_mixin.py:188} INFO - [2026-01-27T23:53:55.873+0000] {dagbag.py:540} INFO - Filling up the DagBag from /home/airflow/.local/lib/python3.12/site-packages/airflow/example_dags/example_bash_operator.py
[2026-01-27T23:53:55.884+0000] {processor.py:840} INFO - DAG(s) 'example_bash_operator' retrieved from /home/airflow/.local/lib/python3.12/site-packages/airflow/example_dags/example_bash_operator.py
[2026-01-27T23:53:55.911+0000] {logging_mixin.py:188} INFO - [2026-01-27T23:53:55.910+0000] {dag.py:3096} INFO - Sync 1 DAGs
[2026-01-27T23:53:55.932+0000] {logging_mixin.py:188} INFO - [2026-01-27T23:53:55.931+0000] {dag.py:3954} INFO - Setting next_dagrun for example_bash_operator to 2026-01-26 00:00:00+00:00, run_after=2026-01-27 00:00:00+00:00
[2026-01-27T23:53:55.958+0000] {processor.py:183} INFO - Processing /home/airflow/.local/lib/python3.12/site-packages/airflow/example_dags/example_bash_operator.py took 0.093 seconds
[2026-01-27T23:54:26.141+0000] {processor.py:161} INFO - Started process (PID=1931) to work on /home/airflow/.local/lib/python3.12/site-packages/airflow/example_dags/example_bash_operator.py
[2026-01-27T23:54:26.143+0000] {processor.py:830} INFO - Processing file /home/airflow/.local/lib/python3.12/site-packages/airflow/example_dags/example_bash_operator.py for tasks to queue
[2026-01-27T23:54:26.147+0000] {logging_mixin.py:188} INFO - [2026-01-27T23:54:26.146+0000] {dagbag.py:540} INFO - Filling up the DagBag from /home/airflow/.local/lib/python3.12/site-packages/airflow/example_dags/example_bash_operator.py
[2026-01-27T23:54:26.182+0000] {processor.py:840} INFO - DAG(s) 'example_bash_operator' retrieved from /home/airflow/.local/lib/python3.12/site-packages/airflow/example_dags/example_bash_operator.py
[2026-01-27T23:54:26.261+0000] {logging_mixin.py:188} INFO - [2026-01-27T23:54:26.261+0000] {dag.py:3096} INFO - Sync 1 DAGs
[2026-01-27T23:54:26.321+0000] {logging_mixin.py:188} INFO - [2026-01-27T23:54:26.321+0000] {dag.py:3954} INFO - Setting next_dagrun for example_bash_operator to 2026-01-26 00:00:00+00:00, run_after=2026-01-27 00:00:00+00:00
[2026-01-27T23:54:26.359+0000] {processor.py:183} INFO - Processing /home/airflow/.local/lib/python3.12/site-packages/airflow/example_dags/example_bash_operator.py took 0.233 seconds
[2026-01-27T23:54:57.258+0000] {processor.py:161} INFO - Started process (PID=1983) to work on /home/airflow/.local/lib/python3.12/site-packages/airflow/example_dags/example_bash_operator.py
[2026-01-27T23:54:57.260+0000] {processor.py:830} INFO - Processing file /home/airflow/.local/lib/python3.12/site-packages/airflow/example_dags/example_bash_operator.py for tasks to queue
[2026-01-27T23:54:57.262+0000] {logging_mixin.py:188} INFO - [2026-01-27T23:54:57.261+0000] {dagbag.py:540} INFO - Filling up the DagBag from /home/airflow/.local/lib/python3.12/site-packages/airflow/example_dags/example_bash_operator.py
[2026-01-27T23:54:57.273+0000] {processor.py:840} INFO - DAG(s) 'example_bash_operator' retrieved from /home/airflow/.local/lib/python3.12/site-packages/airflow/example_dags/example_bash_operator.py
[2026-01-27T23:54:57.306+0000] {logging_mixin.py:188} INFO - [2026-01-27T23:54:57.306+0000] {dag.py:3096} INFO - Sync 1 DAGs
[2026-01-27T23:54:57.333+0000] {logging_mixin.py:188} INFO - [2026-01-27T23:54:57.333+0000] {dag.py:3954} INFO - Setting next_dagrun for example_bash_operator to 2026-01-26 00:00:00+00:00, run_after=2026-01-27 00:00:00+00:00
[2026-01-27T23:54:57.359+0000] {processor.py:183} INFO - Processing /home/airflow/.local/lib/python3.12/site-packages/airflow/example_dags/example_bash_operator.py took 0.108 seconds
[2026-01-27T23:55:27.856+0000] {processor.py:161} INFO - Started process (PID=2035) to work on /home/airflow/.local/lib/python3.12/site-packages/airflow/example_dags/example_bash_operator.py
[2026-01-27T23:55:27.857+0000] {processor.py:830} INFO - Processing file /home/airflow/.local/lib/python3.12/site-packages/airflow/example_dags/example_bash_operator.py for tasks to queue
[2026-01-27T23:55:27.859+0000] {logging_mixin.py:188} INFO - [2026-01-27T23:55:27.859+0000] {dagbag.py:540} INFO - Filling up the DagBag from /home/airflow/.local/lib/python3.12/site-packages/airflow/example_dags/example_bash_operator.py
[2026-01-27T23:55:27.872+0000] {processor.py:840} INFO - DAG(s) 'example_bash_operator' retrieved from /home/airflow/.local/lib/python3.12/site-packages/airflow/example_dags/example_bash_operator.py
[2026-01-27T23:55:27.902+0000] {logging_mixin.py:188} INFO - [2026-01-27T23:55:27.902+0000] {dag.py:3096} INFO - Sync 1 DAGs
[2026-01-27T23:55:27.928+0000] {logging_mixin.py:188} INFO - [2026-01-27T23:55:27.928+0000] {dag.py:3954} INFO - Setting next_dagrun for example_bash_operator to 2026-01-26 00:00:00+00:00, run_after=2026-01-27 00:00:00+00:00
[2026-01-27T23:55:27.949+0000] {processor.py:183} INFO - Processing /home/airflow/.local/lib/python3.12/site-packages/airflow/example_dags/example_bash_operator.py took 0.099 seconds
[2026-01-27T23:55:58.196+0000] {processor.py:161} INFO - Started process (PID=2087) to work on /home/airflow/.local/lib/python3.12/site-packages/airflow/example_dags/example_bash_operator.py
[2026-01-27T23:55:58.197+0000] {processor.py:830} INFO - Processing file /home/airflow/.local/lib/python3.12/site-packages/airflow/example_dags/example_bash_operator.py for tasks to queue
[2026-01-27T23:55:58.199+0000] {logging_mixin.py:188} INFO - [2026-01-27T23:55:58.199+0000] {dagbag.py:540} INFO - Filling up the DagBag from /home/airflow/.local/lib/python3.12/site-packages/airflow/example_dags/example_bash_operator.py
[2026-01-27T23:55:58.212+0000] {processor.py:840} INFO - DAG(s) 'example_bash_operator' retrieved from /home/airflow/.local/lib/python3.12/site-packages/airflow/example_dags/example_bash_operator.py
[2026-01-27T23:55:58.241+0000] {logging_mixin.py:188} INFO - [2026-01-27T23:55:58.241+0000] {dag.py:3096} INFO - Sync 1 DAGs
[2026-01-27T23:55:58.266+0000] {logging_mixin.py:188} INFO - [2026-01-27T23:55:58.266+0000] {dag.py:3954} INFO - Setting next_dagrun for example_bash_operator to 2026-01-26 00:00:00+00:00, run_after=2026-01-27 00:00:00+00:00
[2026-01-27T23:55:58.295+0000] {processor.py:183} INFO - Processing /home/airflow/.local/lib/python3.12/site-packages/airflow/example_dags/example_bash_operator.py took 0.105 seconds
[2026-01-27T23:56:28.384+0000] {processor.py:161} INFO - Started process (PID=2139) to work on /home/airflow/.local/lib/python3.12/site-packages/airflow/example_dags/example_bash_operator.py
[2026-01-27T23:56:28.385+0000] {processor.py:830} INFO - Processing file /home/airflow/.local/lib/python3.12/site-packages/airflow/example_dags/example_bash_operator.py for tasks to queue
[2026-01-27T23:56:28.388+0000] {logging_mixin.py:188} INFO - [2026-01-27T23:56:28.387+0000] {dagbag.py:540} INFO - Filling up the DagBag from /home/airflow/.local/lib/python3.12/site-packages/airflow/example_dags/example_bash_operator.py
[2026-01-27T23:56:28.398+0000] {processor.py:840} INFO - DAG(s) 'example_bash_operator' retrieved from /home/airflow/.local/lib/python3.12/site-packages/airflow/example_dags/example_bash_operator.py
[2026-01-27T23:56:28.421+0000] {logging_mixin.py:188} INFO - [2026-01-27T23:56:28.421+0000] {dag.py:3096} INFO - Sync 1 DAGs
[2026-01-27T23:56:28.444+0000] {logging_mixin.py:188} INFO - [2026-01-27T23:56:28.444+0000] {dag.py:3954} INFO - Setting next_dagrun for example_bash_operator to 2026-01-26 00:00:00+00:00, run_after=2026-01-27 00:00:00+00:00
[2026-01-27T23:56:28.466+0000] {processor.py:183} INFO - Processing /home/airflow/.local/lib/python3.12/site-packages/airflow/example_dags/example_bash_operator.py took 0.087 seconds
[2026-01-27T23:56:58.567+0000] {processor.py:161} INFO - Started process (PID=2191) to work on /home/airflow/.local/lib/python3.12/site-packages/airflow/example_dags/example_bash_operator.py
[2026-01-27T23:56:58.569+0000] {processor.py:830} INFO - Processing file /home/airflow/.local/lib/python3.12/site-packages/airflow/example_dags/example_bash_operator.py for tasks to queue
[2026-01-27T23:56:58.572+0000] {logging_mixin.py:188} INFO - [2026-01-27T23:56:58.572+0000] {dagbag.py:540} INFO - Filling up the DagBag from /home/airflow/.local/lib/python3.12/site-packages/airflow/example_dags/example_bash_operator.py
[2026-01-27T23:56:58.586+0000] {processor.py:840} INFO - DAG(s) 'example_bash_operator' retrieved from /home/airflow/.local/lib/python3.12/site-packages/airflow/example_dags/example_bash_operator.py
[2026-01-27T23:56:58.612+0000] {logging_mixin.py:188} INFO - [2026-01-27T23:56:58.612+0000] {dag.py:3096} INFO - Sync 1 DAGs
[2026-01-27T23:56:58.634+0000] {logging_mixin.py:188} INFO - [2026-01-27T23:56:58.633+0000] {dag.py:3954} INFO - Setting next_dagrun for example_bash_operator to 2026-01-26 00:00:00+00:00, run_after=2026-01-27 00:00:00+00:00
[2026-01-27T23:56:58.654+0000] {processor.py:183} INFO - Processing /home/airflow/.local/lib/python3.12/site-packages/airflow/example_dags/example_bash_operator.py took 0.093 seconds
[2026-01-27T23:57:29.384+0000] {processor.py:161} INFO - Started process (PID=2243) to work on /home/airflow/.local/lib/python3.12/site-packages/airflow/example_dags/example_bash_operator.py
[2026-01-27T23:57:29.385+0000] {processor.py:830} INFO - Processing file /home/airflow/.local/lib/python3.12/site-packages/airflow/example_dags/example_bash_operator.py for tasks to queue
[2026-01-27T23:57:29.388+0000] {logging_mixin.py:188} INFO - [2026-01-27T23:57:29.388+0000] {dagbag.py:540} INFO - Filling up the DagBag from /home/airflow/.local/lib/python3.12/site-packages/airflow/example_dags/example_bash_operator.py
[2026-01-27T23:57:29.401+0000] {processor.py:840} INFO - DAG(s) 'example_bash_operator' retrieved from /home/airflow/.local/lib/python3.12/site-packages/airflow/example_dags/example_bash_operator.py
[2026-01-27T23:57:29.433+0000] {logging_mixin.py:188} INFO - [2026-01-27T23:57:29.433+0000] {dag.py:3096} INFO - Sync 1 DAGs
[2026-01-27T23:57:29.465+0000] {logging_mixin.py:188} INFO - [2026-01-27T23:57:29.464+0000] {dag.py:3954} INFO - Setting next_dagrun for example_bash_operator to 2026-01-26 00:00:00+00:00, run_after=2026-01-27 00:00:00+00:00
[2026-01-27T23:57:29.489+0000] {processor.py:183} INFO - Processing /home/airflow/.local/lib/python3.12/site-packages/airflow/example_dags/example_bash_operator.py took 0.114 seconds
[2026-01-27T23:57:59.577+0000] {processor.py:161} INFO - Started process (PID=2295) to work on /home/airflow/.local/lib/python3.12/site-packages/airflow/example_dags/example_bash_operator.py
[2026-01-27T23:57:59.581+0000] {processor.py:830} INFO - Processing file /home/airflow/.local/lib/python3.12/site-packages/airflow/example_dags/example_bash_operator.py for tasks to queue
[2026-01-27T23:57:59.584+0000] {logging_mixin.py:188} INFO - [2026-01-27T23:57:59.584+0000] {dagbag.py:540} INFO - Filling up the DagBag from /home/airflow/.local/lib/python3.12/site-packages/airflow/example_dags/example_bash_operator.py
[2026-01-27T23:57:59.598+0000] {processor.py:840} INFO - DAG(s) 'example_bash_operator' retrieved from /home/airflow/.local/lib/python3.12/site-packages/airflow/example_dags/example_bash_operator.py
[2026-01-27T23:57:59.625+0000] {logging_mixin.py:188} INFO - [2026-01-27T23:57:59.624+0000] {dag.py:3096} INFO - Sync 1 DAGs
[2026-01-27T23:57:59.649+0000] {logging_mixin.py:188} INFO - [2026-01-27T23:57:59.648+0000] {dag.py:3954} INFO - Setting next_dagrun for example_bash_operator to 2026-01-26 00:00:00+00:00, run_after=2026-01-27 00:00:00+00:00
[2026-01-27T23:57:59.672+0000] {processor.py:183} INFO - Processing /home/airflow/.local/lib/python3.12/site-packages/airflow/example_dags/example_bash_operator.py took 0.103 seconds
[2026-01-27T23:58:29.961+0000] {processor.py:161} INFO - Started process (PID=2347) to work on /home/airflow/.local/lib/python3.12/site-packages/airflow/example_dags/example_bash_operator.py
[2026-01-27T23:58:29.962+0000] {processor.py:830} INFO - Processing file /home/airflow/.local/lib/python3.12/site-packages/airflow/example_dags/example_bash_operator.py for tasks to queue
[2026-01-27T23:58:29.964+0000] {logging_mixin.py:188} INFO - [2026-01-27T23:58:29.964+0000] {dagbag.py:540} INFO - Filling up the DagBag from /home/airflow/.local/lib/python3.12/site-packages/airflow/example_dags/example_bash_operator.py
[2026-01-27T23:58:29.975+0000] {processor.py:840} INFO - DAG(s) 'example_bash_operator' retrieved from /home/airflow/.local/lib/python3.12/site-packages/airflow/example_dags/example_bash_operator.py
[2026-01-27T23:58:30.000+0000] {logging_mixin.py:188} INFO - [2026-01-27T23:58:30.000+0000] {dag.py:3096} INFO - Sync 1 DAGs
[2026-01-27T23:58:30.020+0000] {logging_mixin.py:188} INFO - [2026-01-27T23:58:30.020+0000] {dag.py:3954} INFO - Setting next_dagrun for example_bash_operator to 2026-01-26 00:00:00+00:00, run_after=2026-01-27 00:00:00+00:00
[2026-01-27T23:58:30.042+0000] {processor.py:183} INFO - Processing /home/airflow/.local/lib/python3.12/site-packages/airflow/example_dags/example_bash_operator.py took 0.087 seconds
[2026-01-27T23:59:00.277+0000] {processor.py:161} INFO - Started process (PID=2399) to work on /home/airflow/.local/lib/python3.12/site-packages/airflow/example_dags/example_bash_operator.py
[2026-01-27T23:59:00.278+0000] {processor.py:830} INFO - Processing file /home/airflow/.local/lib/python3.12/site-packages/airflow/example_dags/example_bash_operator.py for tasks to queue
[2026-01-27T23:59:00.280+0000] {logging_mixin.py:188} INFO - [2026-01-27T23:59:00.280+0000] {dagbag.py:540} INFO - Filling up the DagBag from /home/airflow/.local/lib/python3.12/site-packages/airflow/example_dags/example_bash_operator.py
[2026-01-27T23:59:00.292+0000] {processor.py:840} INFO - DAG(s) 'example_bash_operator' retrieved from /home/airflow/.local/lib/python3.12/site-packages/airflow/example_dags/example_bash_operator.py
[2026-01-27T23:59:00.319+0000] {logging_mixin.py:188} INFO - [2026-01-27T23:59:00.318+0000] {dag.py:3096} INFO - Sync 1 DAGs
[2026-01-27T23:59:00.340+0000] {logging_mixin.py:188} INFO - [2026-01-27T23:59:00.340+0000] {dag.py:3954} INFO - Setting next_dagrun for example_bash_operator to 2026-01-26 00:00:00+00:00, run_after=2026-01-27 00:00:00+00:00
[2026-01-27T23:59:00.360+0000] {processor.py:183} INFO - Processing /home/airflow/.local/lib/python3.12/site-packages/airflow/example_dags/example_bash_operator.py took 0.089 seconds
[2026-01-27T23:59:30.971+0000] {processor.py:161} INFO - Started process (PID=2451) to work on /home/airflow/.local/lib/python3.12/site-packages/airflow/example_dags/example_bash_operator.py
[2026-01-27T23:59:30.972+0000] {processor.py:830} INFO - Processing file /home/airflow/.local/lib/python3.12/site-packages/airflow/example_dags/example_bash_operator.py for tasks to queue
[2026-01-27T23:59:30.974+0000] {logging_mixin.py:188} INFO - [2026-01-27T23:59:30.974+0000] {dagbag.py:540} INFO - Filling up the DagBag from /home/airflow/.local/lib/python3.12/site-packages/airflow/example_dags/example_bash_operator.py
[2026-01-27T23:59:30.986+0000] {processor.py:840} INFO - DAG(s) 'example_bash_operator' retrieved from /home/airflow/.local/lib/python3.12/site-packages/airflow/example_dags/example_bash_operator.py
[2026-01-27T23:59:31.010+0000] {logging_mixin.py:188} INFO - [2026-01-27T23:59:31.010+0000] {dag.py:3096} INFO - Sync 1 DAGs
[2026-01-27T23:59:31.029+0000] {logging_mixin.py:188} INFO - [2026-01-27T23:59:31.029+0000] {dag.py:3954} INFO - Setting next_dagrun for example_bash_operator to 2026-01-26 00:00:00+00:00, run_after=2026-01-27 00:00:00+00:00
[2026-01-27T23:59:31.048+0000] {processor.py:183} INFO - Processing /home/airflow/.local/lib/python3.12/site-packages/airflow/example_dags/example_bash_operator.py took 0.082 seconds
