[2026-01-27T23:35:54.683+0000] {processor.py:161} INFO - Started process (PID=34) to work on /home/airflow/.local/lib/python3.12/site-packages/airflow/example_dags/example_python_decorator.py
[2026-01-27T23:35:54.685+0000] {processor.py:830} INFO - Processing file /home/airflow/.local/lib/python3.12/site-packages/airflow/example_dags/example_python_decorator.py for tasks to queue
[2026-01-27T23:35:54.741+0000] {logging_mixin.py:188} INFO - [2026-01-27T23:35:54.732+0000] {dagbag.py:540} INFO - Filling up the DagBag from /home/airflow/.local/lib/python3.12/site-packages/airflow/example_dags/example_python_decorator.py
[2026-01-27T23:35:54.975+0000] {processor.py:840} INFO - DAG(s) 'example_python_decorator' retrieved from /home/airflow/.local/lib/python3.12/site-packages/airflow/example_dags/example_python_decorator.py
[2026-01-27T23:35:55.861+0000] {logging_mixin.py:188} INFO - [2026-01-27T23:35:55.860+0000] {dag.py:3096} INFO - Sync 1 DAGs
[2026-01-27T23:35:55.942+0000] {logging_mixin.py:188} INFO - [2026-01-27T23:35:55.941+0000] {dag.py:3954} INFO - Setting next_dagrun for example_python_decorator to None, run_after=None
[2026-01-27T23:35:56.073+0000] {processor.py:183} INFO - Processing /home/airflow/.local/lib/python3.12/site-packages/airflow/example_dags/example_python_decorator.py took 1.447 seconds
[2026-01-27T23:36:26.645+0000] {processor.py:161} INFO - Started process (PID=86) to work on /home/airflow/.local/lib/python3.12/site-packages/airflow/example_dags/example_python_decorator.py
[2026-01-27T23:36:26.652+0000] {processor.py:830} INFO - Processing file /home/airflow/.local/lib/python3.12/site-packages/airflow/example_dags/example_python_decorator.py for tasks to queue
[2026-01-27T23:36:26.658+0000] {logging_mixin.py:188} INFO - [2026-01-27T23:36:26.658+0000] {dagbag.py:540} INFO - Filling up the DagBag from /home/airflow/.local/lib/python3.12/site-packages/airflow/example_dags/example_python_decorator.py
[2026-01-27T23:36:26.734+0000] {processor.py:840} INFO - DAG(s) 'example_python_decorator' retrieved from /home/airflow/.local/lib/python3.12/site-packages/airflow/example_dags/example_python_decorator.py
[2026-01-27T23:36:26.831+0000] {logging_mixin.py:188} INFO - [2026-01-27T23:36:26.830+0000] {dag.py:3096} INFO - Sync 1 DAGs
[2026-01-27T23:36:26.902+0000] {logging_mixin.py:188} INFO - [2026-01-27T23:36:26.899+0000] {dag.py:3954} INFO - Setting next_dagrun for example_python_decorator to None, run_after=None
[2026-01-27T23:36:26.959+0000] {processor.py:183} INFO - Processing /home/airflow/.local/lib/python3.12/site-packages/airflow/example_dags/example_python_decorator.py took 0.332 seconds
[2026-01-27T23:36:57.258+0000] {processor.py:161} INFO - Started process (PID=138) to work on /home/airflow/.local/lib/python3.12/site-packages/airflow/example_dags/example_python_decorator.py
[2026-01-27T23:36:57.260+0000] {processor.py:830} INFO - Processing file /home/airflow/.local/lib/python3.12/site-packages/airflow/example_dags/example_python_decorator.py for tasks to queue
[2026-01-27T23:36:57.263+0000] {logging_mixin.py:188} INFO - [2026-01-27T23:36:57.262+0000] {dagbag.py:540} INFO - Filling up the DagBag from /home/airflow/.local/lib/python3.12/site-packages/airflow/example_dags/example_python_decorator.py
[2026-01-27T23:36:57.276+0000] {processor.py:840} INFO - DAG(s) 'example_python_decorator' retrieved from /home/airflow/.local/lib/python3.12/site-packages/airflow/example_dags/example_python_decorator.py
[2026-01-27T23:36:57.299+0000] {logging_mixin.py:188} INFO - [2026-01-27T23:36:57.298+0000] {dag.py:3096} INFO - Sync 1 DAGs
[2026-01-27T23:36:57.311+0000] {logging_mixin.py:188} INFO - [2026-01-27T23:36:57.311+0000] {dag.py:3954} INFO - Setting next_dagrun for example_python_decorator to None, run_after=None
[2026-01-27T23:36:57.331+0000] {processor.py:183} INFO - Processing /home/airflow/.local/lib/python3.12/site-packages/airflow/example_dags/example_python_decorator.py took 0.082 seconds
[2026-01-27T23:37:27.786+0000] {processor.py:161} INFO - Started process (PID=190) to work on /home/airflow/.local/lib/python3.12/site-packages/airflow/example_dags/example_python_decorator.py
[2026-01-27T23:37:27.787+0000] {processor.py:830} INFO - Processing file /home/airflow/.local/lib/python3.12/site-packages/airflow/example_dags/example_python_decorator.py for tasks to queue
[2026-01-27T23:37:27.788+0000] {logging_mixin.py:188} INFO - [2026-01-27T23:37:27.788+0000] {dagbag.py:540} INFO - Filling up the DagBag from /home/airflow/.local/lib/python3.12/site-packages/airflow/example_dags/example_python_decorator.py
[2026-01-27T23:37:27.800+0000] {processor.py:840} INFO - DAG(s) 'example_python_decorator' retrieved from /home/airflow/.local/lib/python3.12/site-packages/airflow/example_dags/example_python_decorator.py
[2026-01-27T23:37:27.821+0000] {logging_mixin.py:188} INFO - [2026-01-27T23:37:27.821+0000] {dag.py:3096} INFO - Sync 1 DAGs
[2026-01-27T23:37:27.832+0000] {logging_mixin.py:188} INFO - [2026-01-27T23:37:27.832+0000] {dag.py:3954} INFO - Setting next_dagrun for example_python_decorator to None, run_after=None
[2026-01-27T23:37:27.863+0000] {processor.py:183} INFO - Processing /home/airflow/.local/lib/python3.12/site-packages/airflow/example_dags/example_python_decorator.py took 0.083 seconds
[2026-01-27T23:37:58.129+0000] {processor.py:161} INFO - Started process (PID=242) to work on /home/airflow/.local/lib/python3.12/site-packages/airflow/example_dags/example_python_decorator.py
[2026-01-27T23:37:58.130+0000] {processor.py:830} INFO - Processing file /home/airflow/.local/lib/python3.12/site-packages/airflow/example_dags/example_python_decorator.py for tasks to queue
[2026-01-27T23:37:58.133+0000] {logging_mixin.py:188} INFO - [2026-01-27T23:37:58.132+0000] {dagbag.py:540} INFO - Filling up the DagBag from /home/airflow/.local/lib/python3.12/site-packages/airflow/example_dags/example_python_decorator.py
[2026-01-27T23:37:58.151+0000] {processor.py:840} INFO - DAG(s) 'example_python_decorator' retrieved from /home/airflow/.local/lib/python3.12/site-packages/airflow/example_dags/example_python_decorator.py
[2026-01-27T23:37:58.174+0000] {logging_mixin.py:188} INFO - [2026-01-27T23:37:58.174+0000] {dag.py:3096} INFO - Sync 1 DAGs
[2026-01-27T23:37:58.190+0000] {logging_mixin.py:188} INFO - [2026-01-27T23:37:58.189+0000] {dag.py:3954} INFO - Setting next_dagrun for example_python_decorator to None, run_after=None
[2026-01-27T23:37:58.215+0000] {processor.py:183} INFO - Processing /home/airflow/.local/lib/python3.12/site-packages/airflow/example_dags/example_python_decorator.py took 0.092 seconds
[2026-01-27T23:38:28.362+0000] {processor.py:161} INFO - Started process (PID=294) to work on /home/airflow/.local/lib/python3.12/site-packages/airflow/example_dags/example_python_decorator.py
[2026-01-27T23:38:28.363+0000] {processor.py:830} INFO - Processing file /home/airflow/.local/lib/python3.12/site-packages/airflow/example_dags/example_python_decorator.py for tasks to queue
[2026-01-27T23:38:28.366+0000] {logging_mixin.py:188} INFO - [2026-01-27T23:38:28.365+0000] {dagbag.py:540} INFO - Filling up the DagBag from /home/airflow/.local/lib/python3.12/site-packages/airflow/example_dags/example_python_decorator.py
[2026-01-27T23:38:28.380+0000] {processor.py:840} INFO - DAG(s) 'example_python_decorator' retrieved from /home/airflow/.local/lib/python3.12/site-packages/airflow/example_dags/example_python_decorator.py
[2026-01-27T23:38:28.407+0000] {logging_mixin.py:188} INFO - [2026-01-27T23:38:28.406+0000] {dag.py:3096} INFO - Sync 1 DAGs
[2026-01-27T23:38:28.422+0000] {logging_mixin.py:188} INFO - [2026-01-27T23:38:28.421+0000] {dag.py:3954} INFO - Setting next_dagrun for example_python_decorator to None, run_after=None
[2026-01-27T23:38:28.454+0000] {processor.py:183} INFO - Processing /home/airflow/.local/lib/python3.12/site-packages/airflow/example_dags/example_python_decorator.py took 0.101 seconds
[2026-01-27T23:38:58.720+0000] {processor.py:161} INFO - Started process (PID=346) to work on /home/airflow/.local/lib/python3.12/site-packages/airflow/example_dags/example_python_decorator.py
[2026-01-27T23:38:58.722+0000] {processor.py:830} INFO - Processing file /home/airflow/.local/lib/python3.12/site-packages/airflow/example_dags/example_python_decorator.py for tasks to queue
[2026-01-27T23:38:58.726+0000] {logging_mixin.py:188} INFO - [2026-01-27T23:38:58.726+0000] {dagbag.py:540} INFO - Filling up the DagBag from /home/airflow/.local/lib/python3.12/site-packages/airflow/example_dags/example_python_decorator.py
[2026-01-27T23:38:58.748+0000] {processor.py:840} INFO - DAG(s) 'example_python_decorator' retrieved from /home/airflow/.local/lib/python3.12/site-packages/airflow/example_dags/example_python_decorator.py
[2026-01-27T23:38:58.780+0000] {logging_mixin.py:188} INFO - [2026-01-27T23:38:58.780+0000] {dag.py:3096} INFO - Sync 1 DAGs
[2026-01-27T23:38:58.808+0000] {logging_mixin.py:188} INFO - [2026-01-27T23:38:58.808+0000] {dag.py:3954} INFO - Setting next_dagrun for example_python_decorator to None, run_after=None
[2026-01-27T23:38:58.833+0000] {processor.py:183} INFO - Processing /home/airflow/.local/lib/python3.12/site-packages/airflow/example_dags/example_python_decorator.py took 0.124 seconds
[2026-01-27T23:39:29.154+0000] {processor.py:161} INFO - Started process (PID=398) to work on /home/airflow/.local/lib/python3.12/site-packages/airflow/example_dags/example_python_decorator.py
[2026-01-27T23:39:29.156+0000] {processor.py:830} INFO - Processing file /home/airflow/.local/lib/python3.12/site-packages/airflow/example_dags/example_python_decorator.py for tasks to queue
[2026-01-27T23:39:29.158+0000] {logging_mixin.py:188} INFO - [2026-01-27T23:39:29.158+0000] {dagbag.py:540} INFO - Filling up the DagBag from /home/airflow/.local/lib/python3.12/site-packages/airflow/example_dags/example_python_decorator.py
[2026-01-27T23:39:29.178+0000] {processor.py:840} INFO - DAG(s) 'example_python_decorator' retrieved from /home/airflow/.local/lib/python3.12/site-packages/airflow/example_dags/example_python_decorator.py
[2026-01-27T23:39:29.209+0000] {logging_mixin.py:188} INFO - [2026-01-27T23:39:29.209+0000] {dag.py:3096} INFO - Sync 1 DAGs
[2026-01-27T23:39:29.227+0000] {logging_mixin.py:188} INFO - [2026-01-27T23:39:29.227+0000] {dag.py:3954} INFO - Setting next_dagrun for example_python_decorator to None, run_after=None
[2026-01-27T23:39:29.260+0000] {processor.py:183} INFO - Processing /home/airflow/.local/lib/python3.12/site-packages/airflow/example_dags/example_python_decorator.py took 0.113 seconds
[2026-01-27T23:39:59.798+0000] {processor.py:161} INFO - Started process (PID=450) to work on /home/airflow/.local/lib/python3.12/site-packages/airflow/example_dags/example_python_decorator.py
[2026-01-27T23:39:59.799+0000] {processor.py:830} INFO - Processing file /home/airflow/.local/lib/python3.12/site-packages/airflow/example_dags/example_python_decorator.py for tasks to queue
[2026-01-27T23:39:59.802+0000] {logging_mixin.py:188} INFO - [2026-01-27T23:39:59.801+0000] {dagbag.py:540} INFO - Filling up the DagBag from /home/airflow/.local/lib/python3.12/site-packages/airflow/example_dags/example_python_decorator.py
[2026-01-27T23:39:59.820+0000] {processor.py:840} INFO - DAG(s) 'example_python_decorator' retrieved from /home/airflow/.local/lib/python3.12/site-packages/airflow/example_dags/example_python_decorator.py
[2026-01-27T23:39:59.849+0000] {logging_mixin.py:188} INFO - [2026-01-27T23:39:59.849+0000] {dag.py:3096} INFO - Sync 1 DAGs
[2026-01-27T23:39:59.867+0000] {logging_mixin.py:188} INFO - [2026-01-27T23:39:59.867+0000] {dag.py:3954} INFO - Setting next_dagrun for example_python_decorator to None, run_after=None
[2026-01-27T23:39:59.893+0000] {processor.py:183} INFO - Processing /home/airflow/.local/lib/python3.12/site-packages/airflow/example_dags/example_python_decorator.py took 0.105 seconds
[2026-01-27T23:40:29.961+0000] {processor.py:161} INFO - Started process (PID=502) to work on /home/airflow/.local/lib/python3.12/site-packages/airflow/example_dags/example_python_decorator.py
[2026-01-27T23:40:29.962+0000] {processor.py:830} INFO - Processing file /home/airflow/.local/lib/python3.12/site-packages/airflow/example_dags/example_python_decorator.py for tasks to queue
[2026-01-27T23:40:29.965+0000] {logging_mixin.py:188} INFO - [2026-01-27T23:40:29.964+0000] {dagbag.py:540} INFO - Filling up the DagBag from /home/airflow/.local/lib/python3.12/site-packages/airflow/example_dags/example_python_decorator.py
[2026-01-27T23:40:29.978+0000] {processor.py:840} INFO - DAG(s) 'example_python_decorator' retrieved from /home/airflow/.local/lib/python3.12/site-packages/airflow/example_dags/example_python_decorator.py
[2026-01-27T23:40:30.002+0000] {logging_mixin.py:188} INFO - [2026-01-27T23:40:30.001+0000] {dag.py:3096} INFO - Sync 1 DAGs
[2026-01-27T23:40:30.017+0000] {logging_mixin.py:188} INFO - [2026-01-27T23:40:30.017+0000] {dag.py:3954} INFO - Setting next_dagrun for example_python_decorator to None, run_after=None
[2026-01-27T23:40:30.044+0000] {processor.py:183} INFO - Processing /home/airflow/.local/lib/python3.12/site-packages/airflow/example_dags/example_python_decorator.py took 0.092 seconds
[2026-01-27T23:41:00.308+0000] {processor.py:161} INFO - Started process (PID=554) to work on /home/airflow/.local/lib/python3.12/site-packages/airflow/example_dags/example_python_decorator.py
[2026-01-27T23:41:00.309+0000] {processor.py:830} INFO - Processing file /home/airflow/.local/lib/python3.12/site-packages/airflow/example_dags/example_python_decorator.py for tasks to queue
[2026-01-27T23:41:00.311+0000] {logging_mixin.py:188} INFO - [2026-01-27T23:41:00.311+0000] {dagbag.py:540} INFO - Filling up the DagBag from /home/airflow/.local/lib/python3.12/site-packages/airflow/example_dags/example_python_decorator.py
[2026-01-27T23:41:00.326+0000] {processor.py:840} INFO - DAG(s) 'example_python_decorator' retrieved from /home/airflow/.local/lib/python3.12/site-packages/airflow/example_dags/example_python_decorator.py
[2026-01-27T23:41:00.351+0000] {logging_mixin.py:188} INFO - [2026-01-27T23:41:00.351+0000] {dag.py:3096} INFO - Sync 1 DAGs
[2026-01-27T23:41:00.365+0000] {logging_mixin.py:188} INFO - [2026-01-27T23:41:00.364+0000] {dag.py:3954} INFO - Setting next_dagrun for example_python_decorator to None, run_after=None
[2026-01-27T23:41:00.383+0000] {processor.py:183} INFO - Processing /home/airflow/.local/lib/python3.12/site-packages/airflow/example_dags/example_python_decorator.py took 0.081 seconds
[2026-01-27T23:41:30.537+0000] {processor.py:161} INFO - Started process (PID=606) to work on /home/airflow/.local/lib/python3.12/site-packages/airflow/example_dags/example_python_decorator.py
[2026-01-27T23:41:30.539+0000] {processor.py:830} INFO - Processing file /home/airflow/.local/lib/python3.12/site-packages/airflow/example_dags/example_python_decorator.py for tasks to queue
[2026-01-27T23:41:30.541+0000] {logging_mixin.py:188} INFO - [2026-01-27T23:41:30.541+0000] {dagbag.py:540} INFO - Filling up the DagBag from /home/airflow/.local/lib/python3.12/site-packages/airflow/example_dags/example_python_decorator.py
[2026-01-27T23:41:30.555+0000] {processor.py:840} INFO - DAG(s) 'example_python_decorator' retrieved from /home/airflow/.local/lib/python3.12/site-packages/airflow/example_dags/example_python_decorator.py
[2026-01-27T23:41:30.581+0000] {logging_mixin.py:188} INFO - [2026-01-27T23:41:30.580+0000] {dag.py:3096} INFO - Sync 1 DAGs
[2026-01-27T23:41:30.595+0000] {logging_mixin.py:188} INFO - [2026-01-27T23:41:30.595+0000] {dag.py:3954} INFO - Setting next_dagrun for example_python_decorator to None, run_after=None
[2026-01-27T23:41:30.619+0000] {processor.py:183} INFO - Processing /home/airflow/.local/lib/python3.12/site-packages/airflow/example_dags/example_python_decorator.py took 0.089 seconds
[2026-01-27T23:42:00.862+0000] {processor.py:161} INFO - Started process (PID=658) to work on /home/airflow/.local/lib/python3.12/site-packages/airflow/example_dags/example_python_decorator.py
[2026-01-27T23:42:00.863+0000] {processor.py:830} INFO - Processing file /home/airflow/.local/lib/python3.12/site-packages/airflow/example_dags/example_python_decorator.py for tasks to queue
[2026-01-27T23:42:00.866+0000] {logging_mixin.py:188} INFO - [2026-01-27T23:42:00.865+0000] {dagbag.py:540} INFO - Filling up the DagBag from /home/airflow/.local/lib/python3.12/site-packages/airflow/example_dags/example_python_decorator.py
[2026-01-27T23:42:00.882+0000] {processor.py:840} INFO - DAG(s) 'example_python_decorator' retrieved from /home/airflow/.local/lib/python3.12/site-packages/airflow/example_dags/example_python_decorator.py
[2026-01-27T23:42:00.909+0000] {logging_mixin.py:188} INFO - [2026-01-27T23:42:00.909+0000] {dag.py:3096} INFO - Sync 1 DAGs
[2026-01-27T23:42:00.924+0000] {logging_mixin.py:188} INFO - [2026-01-27T23:42:00.923+0000] {dag.py:3954} INFO - Setting next_dagrun for example_python_decorator to None, run_after=None
[2026-01-27T23:42:00.950+0000] {processor.py:183} INFO - Processing /home/airflow/.local/lib/python3.12/site-packages/airflow/example_dags/example_python_decorator.py took 0.094 seconds
[2026-01-27T23:42:31.517+0000] {processor.py:161} INFO - Started process (PID=710) to work on /home/airflow/.local/lib/python3.12/site-packages/airflow/example_dags/example_python_decorator.py
[2026-01-27T23:42:31.519+0000] {processor.py:830} INFO - Processing file /home/airflow/.local/lib/python3.12/site-packages/airflow/example_dags/example_python_decorator.py for tasks to queue
[2026-01-27T23:42:31.521+0000] {logging_mixin.py:188} INFO - [2026-01-27T23:42:31.521+0000] {dagbag.py:540} INFO - Filling up the DagBag from /home/airflow/.local/lib/python3.12/site-packages/airflow/example_dags/example_python_decorator.py
[2026-01-27T23:42:31.536+0000] {processor.py:840} INFO - DAG(s) 'example_python_decorator' retrieved from /home/airflow/.local/lib/python3.12/site-packages/airflow/example_dags/example_python_decorator.py
[2026-01-27T23:42:31.563+0000] {logging_mixin.py:188} INFO - [2026-01-27T23:42:31.562+0000] {dag.py:3096} INFO - Sync 1 DAGs
[2026-01-27T23:42:31.577+0000] {logging_mixin.py:188} INFO - [2026-01-27T23:42:31.577+0000] {dag.py:3954} INFO - Setting next_dagrun for example_python_decorator to None, run_after=None
[2026-01-27T23:42:31.613+0000] {processor.py:183} INFO - Processing /home/airflow/.local/lib/python3.12/site-packages/airflow/example_dags/example_python_decorator.py took 0.104 seconds
[2026-01-27T23:43:01.960+0000] {processor.py:161} INFO - Started process (PID=762) to work on /home/airflow/.local/lib/python3.12/site-packages/airflow/example_dags/example_python_decorator.py
[2026-01-27T23:43:01.962+0000] {processor.py:830} INFO - Processing file /home/airflow/.local/lib/python3.12/site-packages/airflow/example_dags/example_python_decorator.py for tasks to queue
[2026-01-27T23:43:01.966+0000] {logging_mixin.py:188} INFO - [2026-01-27T23:43:01.966+0000] {dagbag.py:540} INFO - Filling up the DagBag from /home/airflow/.local/lib/python3.12/site-packages/airflow/example_dags/example_python_decorator.py
[2026-01-27T23:43:01.988+0000] {processor.py:840} INFO - DAG(s) 'example_python_decorator' retrieved from /home/airflow/.local/lib/python3.12/site-packages/airflow/example_dags/example_python_decorator.py
[2026-01-27T23:43:02.020+0000] {logging_mixin.py:188} INFO - [2026-01-27T23:43:02.020+0000] {dag.py:3096} INFO - Sync 1 DAGs
[2026-01-27T23:43:02.040+0000] {logging_mixin.py:188} INFO - [2026-01-27T23:43:02.040+0000] {dag.py:3954} INFO - Setting next_dagrun for example_python_decorator to None, run_after=None
[2026-01-27T23:43:02.070+0000] {processor.py:183} INFO - Processing /home/airflow/.local/lib/python3.12/site-packages/airflow/example_dags/example_python_decorator.py took 0.120 seconds
[2026-01-27T23:43:32.232+0000] {processor.py:161} INFO - Started process (PID=814) to work on /home/airflow/.local/lib/python3.12/site-packages/airflow/example_dags/example_python_decorator.py
[2026-01-27T23:43:32.234+0000] {processor.py:830} INFO - Processing file /home/airflow/.local/lib/python3.12/site-packages/airflow/example_dags/example_python_decorator.py for tasks to queue
[2026-01-27T23:43:32.236+0000] {logging_mixin.py:188} INFO - [2026-01-27T23:43:32.236+0000] {dagbag.py:540} INFO - Filling up the DagBag from /home/airflow/.local/lib/python3.12/site-packages/airflow/example_dags/example_python_decorator.py
[2026-01-27T23:43:32.251+0000] {processor.py:840} INFO - DAG(s) 'example_python_decorator' retrieved from /home/airflow/.local/lib/python3.12/site-packages/airflow/example_dags/example_python_decorator.py
[2026-01-27T23:43:32.278+0000] {logging_mixin.py:188} INFO - [2026-01-27T23:43:32.278+0000] {dag.py:3096} INFO - Sync 1 DAGs
[2026-01-27T23:43:32.291+0000] {logging_mixin.py:188} INFO - [2026-01-27T23:43:32.291+0000] {dag.py:3954} INFO - Setting next_dagrun for example_python_decorator to None, run_after=None
[2026-01-27T23:43:32.319+0000] {processor.py:183} INFO - Processing /home/airflow/.local/lib/python3.12/site-packages/airflow/example_dags/example_python_decorator.py took 0.094 seconds
[2026-01-27T23:44:02.360+0000] {processor.py:161} INFO - Started process (PID=865) to work on /home/airflow/.local/lib/python3.12/site-packages/airflow/example_dags/example_python_decorator.py
[2026-01-27T23:44:02.362+0000] {processor.py:830} INFO - Processing file /home/airflow/.local/lib/python3.12/site-packages/airflow/example_dags/example_python_decorator.py for tasks to queue
[2026-01-27T23:44:02.364+0000] {logging_mixin.py:188} INFO - [2026-01-27T23:44:02.364+0000] {dagbag.py:540} INFO - Filling up the DagBag from /home/airflow/.local/lib/python3.12/site-packages/airflow/example_dags/example_python_decorator.py
[2026-01-27T23:44:02.381+0000] {processor.py:840} INFO - DAG(s) 'example_python_decorator' retrieved from /home/airflow/.local/lib/python3.12/site-packages/airflow/example_dags/example_python_decorator.py
[2026-01-27T23:44:02.409+0000] {logging_mixin.py:188} INFO - [2026-01-27T23:44:02.408+0000] {dag.py:3096} INFO - Sync 1 DAGs
[2026-01-27T23:44:02.422+0000] {logging_mixin.py:188} INFO - [2026-01-27T23:44:02.422+0000] {dag.py:3954} INFO - Setting next_dagrun for example_python_decorator to None, run_after=None
[2026-01-27T23:44:02.457+0000] {processor.py:183} INFO - Processing /home/airflow/.local/lib/python3.12/site-packages/airflow/example_dags/example_python_decorator.py took 0.103 seconds
[2026-01-27T23:44:32.975+0000] {processor.py:161} INFO - Started process (PID=918) to work on /home/airflow/.local/lib/python3.12/site-packages/airflow/example_dags/example_python_decorator.py
[2026-01-27T23:44:32.975+0000] {processor.py:830} INFO - Processing file /home/airflow/.local/lib/python3.12/site-packages/airflow/example_dags/example_python_decorator.py for tasks to queue
[2026-01-27T23:44:32.977+0000] {logging_mixin.py:188} INFO - [2026-01-27T23:44:32.977+0000] {dagbag.py:540} INFO - Filling up the DagBag from /home/airflow/.local/lib/python3.12/site-packages/airflow/example_dags/example_python_decorator.py
[2026-01-27T23:44:32.989+0000] {processor.py:840} INFO - DAG(s) 'example_python_decorator' retrieved from /home/airflow/.local/lib/python3.12/site-packages/airflow/example_dags/example_python_decorator.py
[2026-01-27T23:44:33.012+0000] {logging_mixin.py:188} INFO - [2026-01-27T23:44:33.012+0000] {dag.py:3096} INFO - Sync 1 DAGs
[2026-01-27T23:44:33.026+0000] {logging_mixin.py:188} INFO - [2026-01-27T23:44:33.026+0000] {dag.py:3954} INFO - Setting next_dagrun for example_python_decorator to None, run_after=None
[2026-01-27T23:44:33.058+0000] {processor.py:183} INFO - Processing /home/airflow/.local/lib/python3.12/site-packages/airflow/example_dags/example_python_decorator.py took 0.089 seconds
[2026-01-27T23:45:03.157+0000] {processor.py:161} INFO - Started process (PID=970) to work on /home/airflow/.local/lib/python3.12/site-packages/airflow/example_dags/example_python_decorator.py
[2026-01-27T23:45:03.158+0000] {processor.py:830} INFO - Processing file /home/airflow/.local/lib/python3.12/site-packages/airflow/example_dags/example_python_decorator.py for tasks to queue
[2026-01-27T23:45:03.160+0000] {logging_mixin.py:188} INFO - [2026-01-27T23:45:03.159+0000] {dagbag.py:540} INFO - Filling up the DagBag from /home/airflow/.local/lib/python3.12/site-packages/airflow/example_dags/example_python_decorator.py
[2026-01-27T23:45:03.174+0000] {processor.py:840} INFO - DAG(s) 'example_python_decorator' retrieved from /home/airflow/.local/lib/python3.12/site-packages/airflow/example_dags/example_python_decorator.py
[2026-01-27T23:45:03.200+0000] {logging_mixin.py:188} INFO - [2026-01-27T23:45:03.200+0000] {dag.py:3096} INFO - Sync 1 DAGs
[2026-01-27T23:45:03.213+0000] {logging_mixin.py:188} INFO - [2026-01-27T23:45:03.213+0000] {dag.py:3954} INFO - Setting next_dagrun for example_python_decorator to None, run_after=None
[2026-01-27T23:45:03.233+0000] {processor.py:183} INFO - Processing /home/airflow/.local/lib/python3.12/site-packages/airflow/example_dags/example_python_decorator.py took 0.082 seconds
[2026-01-27T23:45:33.395+0000] {processor.py:161} INFO - Started process (PID=1022) to work on /home/airflow/.local/lib/python3.12/site-packages/airflow/example_dags/example_python_decorator.py
[2026-01-27T23:45:33.397+0000] {processor.py:830} INFO - Processing file /home/airflow/.local/lib/python3.12/site-packages/airflow/example_dags/example_python_decorator.py for tasks to queue
[2026-01-27T23:45:33.400+0000] {logging_mixin.py:188} INFO - [2026-01-27T23:45:33.400+0000] {dagbag.py:540} INFO - Filling up the DagBag from /home/airflow/.local/lib/python3.12/site-packages/airflow/example_dags/example_python_decorator.py
[2026-01-27T23:45:33.414+0000] {processor.py:840} INFO - DAG(s) 'example_python_decorator' retrieved from /home/airflow/.local/lib/python3.12/site-packages/airflow/example_dags/example_python_decorator.py
[2026-01-27T23:45:33.438+0000] {logging_mixin.py:188} INFO - [2026-01-27T23:45:33.438+0000] {dag.py:3096} INFO - Sync 1 DAGs
[2026-01-27T23:45:33.454+0000] {logging_mixin.py:188} INFO - [2026-01-27T23:45:33.454+0000] {dag.py:3954} INFO - Setting next_dagrun for example_python_decorator to None, run_after=None
[2026-01-27T23:45:33.491+0000] {processor.py:183} INFO - Processing /home/airflow/.local/lib/python3.12/site-packages/airflow/example_dags/example_python_decorator.py took 0.103 seconds
[2026-01-27T23:46:04.006+0000] {processor.py:161} INFO - Started process (PID=1074) to work on /home/airflow/.local/lib/python3.12/site-packages/airflow/example_dags/example_python_decorator.py
[2026-01-27T23:46:04.008+0000] {processor.py:830} INFO - Processing file /home/airflow/.local/lib/python3.12/site-packages/airflow/example_dags/example_python_decorator.py for tasks to queue
[2026-01-27T23:46:04.010+0000] {logging_mixin.py:188} INFO - [2026-01-27T23:46:04.009+0000] {dagbag.py:540} INFO - Filling up the DagBag from /home/airflow/.local/lib/python3.12/site-packages/airflow/example_dags/example_python_decorator.py
[2026-01-27T23:46:04.026+0000] {processor.py:840} INFO - DAG(s) 'example_python_decorator' retrieved from /home/airflow/.local/lib/python3.12/site-packages/airflow/example_dags/example_python_decorator.py
[2026-01-27T23:46:04.053+0000] {logging_mixin.py:188} INFO - [2026-01-27T23:46:04.053+0000] {dag.py:3096} INFO - Sync 1 DAGs
[2026-01-27T23:46:04.067+0000] {logging_mixin.py:188} INFO - [2026-01-27T23:46:04.067+0000] {dag.py:3954} INFO - Setting next_dagrun for example_python_decorator to None, run_after=None
[2026-01-27T23:46:04.288+0000] {processor.py:183} INFO - Processing /home/airflow/.local/lib/python3.12/site-packages/airflow/example_dags/example_python_decorator.py took 0.290 seconds
[2026-01-27T23:46:34.650+0000] {processor.py:161} INFO - Started process (PID=1124) to work on /home/airflow/.local/lib/python3.12/site-packages/airflow/example_dags/example_python_decorator.py
[2026-01-27T23:46:34.651+0000] {processor.py:830} INFO - Processing file /home/airflow/.local/lib/python3.12/site-packages/airflow/example_dags/example_python_decorator.py for tasks to queue
[2026-01-27T23:46:34.653+0000] {logging_mixin.py:188} INFO - [2026-01-27T23:46:34.653+0000] {dagbag.py:540} INFO - Filling up the DagBag from /home/airflow/.local/lib/python3.12/site-packages/airflow/example_dags/example_python_decorator.py
[2026-01-27T23:46:34.666+0000] {processor.py:840} INFO - DAG(s) 'example_python_decorator' retrieved from /home/airflow/.local/lib/python3.12/site-packages/airflow/example_dags/example_python_decorator.py
[2026-01-27T23:46:34.688+0000] {logging_mixin.py:188} INFO - [2026-01-27T23:46:34.688+0000] {dag.py:3096} INFO - Sync 1 DAGs
[2026-01-27T23:46:34.699+0000] {logging_mixin.py:188} INFO - [2026-01-27T23:46:34.699+0000] {dag.py:3954} INFO - Setting next_dagrun for example_python_decorator to None, run_after=None
[2026-01-27T23:46:34.730+0000] {processor.py:183} INFO - Processing /home/airflow/.local/lib/python3.12/site-packages/airflow/example_dags/example_python_decorator.py took 0.086 seconds
[2026-01-27T23:47:05.001+0000] {processor.py:161} INFO - Started process (PID=1176) to work on /home/airflow/.local/lib/python3.12/site-packages/airflow/example_dags/example_python_decorator.py
[2026-01-27T23:47:05.003+0000] {processor.py:830} INFO - Processing file /home/airflow/.local/lib/python3.12/site-packages/airflow/example_dags/example_python_decorator.py for tasks to queue
[2026-01-27T23:47:05.005+0000] {logging_mixin.py:188} INFO - [2026-01-27T23:47:05.005+0000] {dagbag.py:540} INFO - Filling up the DagBag from /home/airflow/.local/lib/python3.12/site-packages/airflow/example_dags/example_python_decorator.py
[2026-01-27T23:47:05.022+0000] {processor.py:840} INFO - DAG(s) 'example_python_decorator' retrieved from /home/airflow/.local/lib/python3.12/site-packages/airflow/example_dags/example_python_decorator.py
[2026-01-27T23:47:05.053+0000] {logging_mixin.py:188} INFO - [2026-01-27T23:47:05.052+0000] {dag.py:3096} INFO - Sync 1 DAGs
[2026-01-27T23:47:05.070+0000] {logging_mixin.py:188} INFO - [2026-01-27T23:47:05.070+0000] {dag.py:3954} INFO - Setting next_dagrun for example_python_decorator to None, run_after=None
[2026-01-27T23:47:05.096+0000] {processor.py:183} INFO - Processing /home/airflow/.local/lib/python3.12/site-packages/airflow/example_dags/example_python_decorator.py took 0.102 seconds
[2026-01-27T23:47:35.341+0000] {processor.py:161} INFO - Started process (PID=1228) to work on /home/airflow/.local/lib/python3.12/site-packages/airflow/example_dags/example_python_decorator.py
[2026-01-27T23:47:35.342+0000] {processor.py:830} INFO - Processing file /home/airflow/.local/lib/python3.12/site-packages/airflow/example_dags/example_python_decorator.py for tasks to queue
[2026-01-27T23:47:35.344+0000] {logging_mixin.py:188} INFO - [2026-01-27T23:47:35.344+0000] {dagbag.py:540} INFO - Filling up the DagBag from /home/airflow/.local/lib/python3.12/site-packages/airflow/example_dags/example_python_decorator.py
[2026-01-27T23:47:35.356+0000] {processor.py:840} INFO - DAG(s) 'example_python_decorator' retrieved from /home/airflow/.local/lib/python3.12/site-packages/airflow/example_dags/example_python_decorator.py
[2026-01-27T23:47:35.535+0000] {logging_mixin.py:188} INFO - [2026-01-27T23:47:35.534+0000] {dag.py:3096} INFO - Sync 1 DAGs
[2026-01-27T23:47:35.548+0000] {logging_mixin.py:188} INFO - [2026-01-27T23:47:35.548+0000] {dag.py:3954} INFO - Setting next_dagrun for example_python_decorator to None, run_after=None
[2026-01-27T23:47:35.571+0000] {processor.py:183} INFO - Processing /home/airflow/.local/lib/python3.12/site-packages/airflow/example_dags/example_python_decorator.py took 0.235 seconds
[2026-01-27T23:48:05.934+0000] {processor.py:161} INFO - Started process (PID=1280) to work on /home/airflow/.local/lib/python3.12/site-packages/airflow/example_dags/example_python_decorator.py
[2026-01-27T23:48:05.935+0000] {processor.py:830} INFO - Processing file /home/airflow/.local/lib/python3.12/site-packages/airflow/example_dags/example_python_decorator.py for tasks to queue
[2026-01-27T23:48:05.936+0000] {logging_mixin.py:188} INFO - [2026-01-27T23:48:05.936+0000] {dagbag.py:540} INFO - Filling up the DagBag from /home/airflow/.local/lib/python3.12/site-packages/airflow/example_dags/example_python_decorator.py
[2026-01-27T23:48:05.948+0000] {processor.py:840} INFO - DAG(s) 'example_python_decorator' retrieved from /home/airflow/.local/lib/python3.12/site-packages/airflow/example_dags/example_python_decorator.py
[2026-01-27T23:48:05.969+0000] {logging_mixin.py:188} INFO - [2026-01-27T23:48:05.968+0000] {dag.py:3096} INFO - Sync 1 DAGs
[2026-01-27T23:48:05.980+0000] {logging_mixin.py:188} INFO - [2026-01-27T23:48:05.980+0000] {dag.py:3954} INFO - Setting next_dagrun for example_python_decorator to None, run_after=None
[2026-01-27T23:48:06.001+0000] {processor.py:183} INFO - Processing /home/airflow/.local/lib/python3.12/site-packages/airflow/example_dags/example_python_decorator.py took 0.073 seconds
[2026-01-27T23:48:36.144+0000] {processor.py:161} INFO - Started process (PID=1332) to work on /home/airflow/.local/lib/python3.12/site-packages/airflow/example_dags/example_python_decorator.py
[2026-01-27T23:48:36.145+0000] {processor.py:830} INFO - Processing file /home/airflow/.local/lib/python3.12/site-packages/airflow/example_dags/example_python_decorator.py for tasks to queue
[2026-01-27T23:48:36.147+0000] {logging_mixin.py:188} INFO - [2026-01-27T23:48:36.147+0000] {dagbag.py:540} INFO - Filling up the DagBag from /home/airflow/.local/lib/python3.12/site-packages/airflow/example_dags/example_python_decorator.py
[2026-01-27T23:48:36.159+0000] {processor.py:840} INFO - DAG(s) 'example_python_decorator' retrieved from /home/airflow/.local/lib/python3.12/site-packages/airflow/example_dags/example_python_decorator.py
[2026-01-27T23:48:36.180+0000] {logging_mixin.py:188} INFO - [2026-01-27T23:48:36.180+0000] {dag.py:3096} INFO - Sync 1 DAGs
[2026-01-27T23:48:36.192+0000] {logging_mixin.py:188} INFO - [2026-01-27T23:48:36.192+0000] {dag.py:3954} INFO - Setting next_dagrun for example_python_decorator to None, run_after=None
[2026-01-27T23:48:36.220+0000] {processor.py:183} INFO - Processing /home/airflow/.local/lib/python3.12/site-packages/airflow/example_dags/example_python_decorator.py took 0.081 seconds
[2026-01-27T23:49:07.170+0000] {processor.py:161} INFO - Started process (PID=1384) to work on /home/airflow/.local/lib/python3.12/site-packages/airflow/example_dags/example_python_decorator.py
[2026-01-27T23:49:07.171+0000] {processor.py:830} INFO - Processing file /home/airflow/.local/lib/python3.12/site-packages/airflow/example_dags/example_python_decorator.py for tasks to queue
[2026-01-27T23:49:07.173+0000] {logging_mixin.py:188} INFO - [2026-01-27T23:49:07.173+0000] {dagbag.py:540} INFO - Filling up the DagBag from /home/airflow/.local/lib/python3.12/site-packages/airflow/example_dags/example_python_decorator.py
[2026-01-27T23:49:07.187+0000] {processor.py:840} INFO - DAG(s) 'example_python_decorator' retrieved from /home/airflow/.local/lib/python3.12/site-packages/airflow/example_dags/example_python_decorator.py
[2026-01-27T23:49:07.216+0000] {logging_mixin.py:188} INFO - [2026-01-27T23:49:07.215+0000] {dag.py:3096} INFO - Sync 1 DAGs
[2026-01-27T23:49:07.229+0000] {logging_mixin.py:188} INFO - [2026-01-27T23:49:07.229+0000] {dag.py:3954} INFO - Setting next_dagrun for example_python_decorator to None, run_after=None
[2026-01-27T23:49:07.262+0000] {processor.py:183} INFO - Processing /home/airflow/.local/lib/python3.12/site-packages/airflow/example_dags/example_python_decorator.py took 0.101 seconds
[2026-01-27T23:49:37.551+0000] {processor.py:161} INFO - Started process (PID=1436) to work on /home/airflow/.local/lib/python3.12/site-packages/airflow/example_dags/example_python_decorator.py
[2026-01-27T23:49:37.552+0000] {processor.py:830} INFO - Processing file /home/airflow/.local/lib/python3.12/site-packages/airflow/example_dags/example_python_decorator.py for tasks to queue
[2026-01-27T23:49:37.554+0000] {logging_mixin.py:188} INFO - [2026-01-27T23:49:37.553+0000] {dagbag.py:540} INFO - Filling up the DagBag from /home/airflow/.local/lib/python3.12/site-packages/airflow/example_dags/example_python_decorator.py
[2026-01-27T23:49:37.565+0000] {processor.py:840} INFO - DAG(s) 'example_python_decorator' retrieved from /home/airflow/.local/lib/python3.12/site-packages/airflow/example_dags/example_python_decorator.py
[2026-01-27T23:49:37.586+0000] {logging_mixin.py:188} INFO - [2026-01-27T23:49:37.586+0000] {dag.py:3096} INFO - Sync 1 DAGs
[2026-01-27T23:49:37.597+0000] {logging_mixin.py:188} INFO - [2026-01-27T23:49:37.597+0000] {dag.py:3954} INFO - Setting next_dagrun for example_python_decorator to None, run_after=None
[2026-01-27T23:49:37.628+0000] {processor.py:183} INFO - Processing /home/airflow/.local/lib/python3.12/site-packages/airflow/example_dags/example_python_decorator.py took 0.082 seconds
[2026-01-27T23:50:07.805+0000] {processor.py:161} INFO - Started process (PID=1488) to work on /home/airflow/.local/lib/python3.12/site-packages/airflow/example_dags/example_python_decorator.py
[2026-01-27T23:50:07.806+0000] {processor.py:830} INFO - Processing file /home/airflow/.local/lib/python3.12/site-packages/airflow/example_dags/example_python_decorator.py for tasks to queue
[2026-01-27T23:50:07.809+0000] {logging_mixin.py:188} INFO - [2026-01-27T23:50:07.808+0000] {dagbag.py:540} INFO - Filling up the DagBag from /home/airflow/.local/lib/python3.12/site-packages/airflow/example_dags/example_python_decorator.py
[2026-01-27T23:50:07.820+0000] {processor.py:840} INFO - DAG(s) 'example_python_decorator' retrieved from /home/airflow/.local/lib/python3.12/site-packages/airflow/example_dags/example_python_decorator.py
[2026-01-27T23:50:07.844+0000] {logging_mixin.py:188} INFO - [2026-01-27T23:50:07.843+0000] {dag.py:3096} INFO - Sync 1 DAGs
[2026-01-27T23:50:07.855+0000] {logging_mixin.py:188} INFO - [2026-01-27T23:50:07.855+0000] {dag.py:3954} INFO - Setting next_dagrun for example_python_decorator to None, run_after=None
[2026-01-27T23:50:07.887+0000] {processor.py:183} INFO - Processing /home/airflow/.local/lib/python3.12/site-packages/airflow/example_dags/example_python_decorator.py took 0.088 seconds
[2026-01-27T23:50:38.108+0000] {processor.py:161} INFO - Started process (PID=1540) to work on /home/airflow/.local/lib/python3.12/site-packages/airflow/example_dags/example_python_decorator.py
[2026-01-27T23:50:38.109+0000] {processor.py:830} INFO - Processing file /home/airflow/.local/lib/python3.12/site-packages/airflow/example_dags/example_python_decorator.py for tasks to queue
[2026-01-27T23:50:38.112+0000] {logging_mixin.py:188} INFO - [2026-01-27T23:50:38.111+0000] {dagbag.py:540} INFO - Filling up the DagBag from /home/airflow/.local/lib/python3.12/site-packages/airflow/example_dags/example_python_decorator.py
[2026-01-27T23:50:38.125+0000] {processor.py:840} INFO - DAG(s) 'example_python_decorator' retrieved from /home/airflow/.local/lib/python3.12/site-packages/airflow/example_dags/example_python_decorator.py
[2026-01-27T23:50:38.148+0000] {logging_mixin.py:188} INFO - [2026-01-27T23:50:38.147+0000] {dag.py:3096} INFO - Sync 1 DAGs
[2026-01-27T23:50:38.161+0000] {logging_mixin.py:188} INFO - [2026-01-27T23:50:38.161+0000] {dag.py:3954} INFO - Setting next_dagrun for example_python_decorator to None, run_after=None
[2026-01-27T23:50:38.188+0000] {processor.py:183} INFO - Processing /home/airflow/.local/lib/python3.12/site-packages/airflow/example_dags/example_python_decorator.py took 0.086 seconds
[2026-01-27T23:51:08.634+0000] {processor.py:161} INFO - Started process (PID=1592) to work on /home/airflow/.local/lib/python3.12/site-packages/airflow/example_dags/example_python_decorator.py
[2026-01-27T23:51:08.636+0000] {processor.py:830} INFO - Processing file /home/airflow/.local/lib/python3.12/site-packages/airflow/example_dags/example_python_decorator.py for tasks to queue
[2026-01-27T23:51:08.638+0000] {logging_mixin.py:188} INFO - [2026-01-27T23:51:08.638+0000] {dagbag.py:540} INFO - Filling up the DagBag from /home/airflow/.local/lib/python3.12/site-packages/airflow/example_dags/example_python_decorator.py
[2026-01-27T23:51:08.655+0000] {processor.py:840} INFO - DAG(s) 'example_python_decorator' retrieved from /home/airflow/.local/lib/python3.12/site-packages/airflow/example_dags/example_python_decorator.py
[2026-01-27T23:51:08.682+0000] {logging_mixin.py:188} INFO - [2026-01-27T23:51:08.681+0000] {dag.py:3096} INFO - Sync 1 DAGs
[2026-01-27T23:51:08.696+0000] {logging_mixin.py:188} INFO - [2026-01-27T23:51:08.696+0000] {dag.py:3954} INFO - Setting next_dagrun for example_python_decorator to None, run_after=None
[2026-01-27T23:51:08.729+0000] {processor.py:183} INFO - Processing /home/airflow/.local/lib/python3.12/site-packages/airflow/example_dags/example_python_decorator.py took 0.103 seconds
[2026-01-27T23:51:39.138+0000] {processor.py:161} INFO - Started process (PID=1644) to work on /home/airflow/.local/lib/python3.12/site-packages/airflow/example_dags/example_python_decorator.py
[2026-01-27T23:51:39.139+0000] {processor.py:830} INFO - Processing file /home/airflow/.local/lib/python3.12/site-packages/airflow/example_dags/example_python_decorator.py for tasks to queue
[2026-01-27T23:51:39.141+0000] {logging_mixin.py:188} INFO - [2026-01-27T23:51:39.141+0000] {dagbag.py:540} INFO - Filling up the DagBag from /home/airflow/.local/lib/python3.12/site-packages/airflow/example_dags/example_python_decorator.py
[2026-01-27T23:51:39.153+0000] {processor.py:840} INFO - DAG(s) 'example_python_decorator' retrieved from /home/airflow/.local/lib/python3.12/site-packages/airflow/example_dags/example_python_decorator.py
[2026-01-27T23:51:39.175+0000] {logging_mixin.py:188} INFO - [2026-01-27T23:51:39.175+0000] {dag.py:3096} INFO - Sync 1 DAGs
[2026-01-27T23:51:39.188+0000] {logging_mixin.py:188} INFO - [2026-01-27T23:51:39.188+0000] {dag.py:3954} INFO - Setting next_dagrun for example_python_decorator to None, run_after=None
[2026-01-27T23:51:39.221+0000] {processor.py:183} INFO - Processing /home/airflow/.local/lib/python3.12/site-packages/airflow/example_dags/example_python_decorator.py took 0.091 seconds
[2026-01-27T23:52:09.419+0000] {processor.py:161} INFO - Started process (PID=1696) to work on /home/airflow/.local/lib/python3.12/site-packages/airflow/example_dags/example_python_decorator.py
[2026-01-27T23:52:09.420+0000] {processor.py:830} INFO - Processing file /home/airflow/.local/lib/python3.12/site-packages/airflow/example_dags/example_python_decorator.py for tasks to queue
[2026-01-27T23:52:09.423+0000] {logging_mixin.py:188} INFO - [2026-01-27T23:52:09.422+0000] {dagbag.py:540} INFO - Filling up the DagBag from /home/airflow/.local/lib/python3.12/site-packages/airflow/example_dags/example_python_decorator.py
[2026-01-27T23:52:09.436+0000] {processor.py:840} INFO - DAG(s) 'example_python_decorator' retrieved from /home/airflow/.local/lib/python3.12/site-packages/airflow/example_dags/example_python_decorator.py
[2026-01-27T23:52:09.463+0000] {logging_mixin.py:188} INFO - [2026-01-27T23:52:09.463+0000] {dag.py:3096} INFO - Sync 1 DAGs
[2026-01-27T23:52:09.476+0000] {logging_mixin.py:188} INFO - [2026-01-27T23:52:09.476+0000] {dag.py:3954} INFO - Setting next_dagrun for example_python_decorator to None, run_after=None
[2026-01-27T23:52:09.500+0000] {processor.py:183} INFO - Processing /home/airflow/.local/lib/python3.12/site-packages/airflow/example_dags/example_python_decorator.py took 0.086 seconds
[2026-01-27T23:52:39.586+0000] {processor.py:161} INFO - Started process (PID=1748) to work on /home/airflow/.local/lib/python3.12/site-packages/airflow/example_dags/example_python_decorator.py
[2026-01-27T23:52:39.587+0000] {processor.py:830} INFO - Processing file /home/airflow/.local/lib/python3.12/site-packages/airflow/example_dags/example_python_decorator.py for tasks to queue
[2026-01-27T23:52:39.589+0000] {logging_mixin.py:188} INFO - [2026-01-27T23:52:39.589+0000] {dagbag.py:540} INFO - Filling up the DagBag from /home/airflow/.local/lib/python3.12/site-packages/airflow/example_dags/example_python_decorator.py
[2026-01-27T23:52:39.604+0000] {processor.py:840} INFO - DAG(s) 'example_python_decorator' retrieved from /home/airflow/.local/lib/python3.12/site-packages/airflow/example_dags/example_python_decorator.py
[2026-01-27T23:52:39.625+0000] {logging_mixin.py:188} INFO - [2026-01-27T23:52:39.625+0000] {dag.py:3096} INFO - Sync 1 DAGs
[2026-01-27T23:52:39.636+0000] {logging_mixin.py:188} INFO - [2026-01-27T23:52:39.636+0000] {dag.py:3954} INFO - Setting next_dagrun for example_python_decorator to None, run_after=None
[2026-01-27T23:52:39.668+0000] {processor.py:183} INFO - Processing /home/airflow/.local/lib/python3.12/site-packages/airflow/example_dags/example_python_decorator.py took 0.088 seconds
[2026-01-27T23:53:09.881+0000] {processor.py:161} INFO - Started process (PID=1800) to work on /home/airflow/.local/lib/python3.12/site-packages/airflow/example_dags/example_python_decorator.py
[2026-01-27T23:53:09.882+0000] {processor.py:830} INFO - Processing file /home/airflow/.local/lib/python3.12/site-packages/airflow/example_dags/example_python_decorator.py for tasks to queue
[2026-01-27T23:53:09.884+0000] {logging_mixin.py:188} INFO - [2026-01-27T23:53:09.884+0000] {dagbag.py:540} INFO - Filling up the DagBag from /home/airflow/.local/lib/python3.12/site-packages/airflow/example_dags/example_python_decorator.py
[2026-01-27T23:53:09.895+0000] {processor.py:840} INFO - DAG(s) 'example_python_decorator' retrieved from /home/airflow/.local/lib/python3.12/site-packages/airflow/example_dags/example_python_decorator.py
[2026-01-27T23:53:09.916+0000] {logging_mixin.py:188} INFO - [2026-01-27T23:53:09.916+0000] {dag.py:3096} INFO - Sync 1 DAGs
[2026-01-27T23:53:09.928+0000] {logging_mixin.py:188} INFO - [2026-01-27T23:53:09.927+0000] {dag.py:3954} INFO - Setting next_dagrun for example_python_decorator to None, run_after=None
[2026-01-27T23:53:09.960+0000] {processor.py:183} INFO - Processing /home/airflow/.local/lib/python3.12/site-packages/airflow/example_dags/example_python_decorator.py took 0.085 seconds
[2026-01-27T23:53:40.179+0000] {processor.py:161} INFO - Started process (PID=1852) to work on /home/airflow/.local/lib/python3.12/site-packages/airflow/example_dags/example_python_decorator.py
[2026-01-27T23:53:40.180+0000] {processor.py:830} INFO - Processing file /home/airflow/.local/lib/python3.12/site-packages/airflow/example_dags/example_python_decorator.py for tasks to queue
[2026-01-27T23:53:40.182+0000] {logging_mixin.py:188} INFO - [2026-01-27T23:53:40.182+0000] {dagbag.py:540} INFO - Filling up the DagBag from /home/airflow/.local/lib/python3.12/site-packages/airflow/example_dags/example_python_decorator.py
[2026-01-27T23:53:40.196+0000] {processor.py:840} INFO - DAG(s) 'example_python_decorator' retrieved from /home/airflow/.local/lib/python3.12/site-packages/airflow/example_dags/example_python_decorator.py
[2026-01-27T23:53:40.217+0000] {logging_mixin.py:188} INFO - [2026-01-27T23:53:40.217+0000] {dag.py:3096} INFO - Sync 1 DAGs
[2026-01-27T23:53:40.229+0000] {logging_mixin.py:188} INFO - [2026-01-27T23:53:40.228+0000] {dag.py:3954} INFO - Setting next_dagrun for example_python_decorator to None, run_after=None
[2026-01-27T23:53:40.248+0000] {processor.py:183} INFO - Processing /home/airflow/.local/lib/python3.12/site-packages/airflow/example_dags/example_python_decorator.py took 0.075 seconds
[2026-01-27T23:54:10.586+0000] {processor.py:161} INFO - Started process (PID=1904) to work on /home/airflow/.local/lib/python3.12/site-packages/airflow/example_dags/example_python_decorator.py
[2026-01-27T23:54:10.588+0000] {processor.py:830} INFO - Processing file /home/airflow/.local/lib/python3.12/site-packages/airflow/example_dags/example_python_decorator.py for tasks to queue
[2026-01-27T23:54:10.592+0000] {logging_mixin.py:188} INFO - [2026-01-27T23:54:10.591+0000] {dagbag.py:540} INFO - Filling up the DagBag from /home/airflow/.local/lib/python3.12/site-packages/airflow/example_dags/example_python_decorator.py
[2026-01-27T23:54:10.612+0000] {processor.py:840} INFO - DAG(s) 'example_python_decorator' retrieved from /home/airflow/.local/lib/python3.12/site-packages/airflow/example_dags/example_python_decorator.py
[2026-01-27T23:54:10.647+0000] {logging_mixin.py:188} INFO - [2026-01-27T23:54:10.647+0000] {dag.py:3096} INFO - Sync 1 DAGs
[2026-01-27T23:54:10.672+0000] {logging_mixin.py:188} INFO - [2026-01-27T23:54:10.672+0000] {dag.py:3954} INFO - Setting next_dagrun for example_python_decorator to None, run_after=None
[2026-01-27T23:54:10.705+0000] {processor.py:183} INFO - Processing /home/airflow/.local/lib/python3.12/site-packages/airflow/example_dags/example_python_decorator.py took 0.128 seconds
[2026-01-27T23:54:40.772+0000] {processor.py:161} INFO - Started process (PID=1956) to work on /home/airflow/.local/lib/python3.12/site-packages/airflow/example_dags/example_python_decorator.py
[2026-01-27T23:54:40.773+0000] {processor.py:830} INFO - Processing file /home/airflow/.local/lib/python3.12/site-packages/airflow/example_dags/example_python_decorator.py for tasks to queue
[2026-01-27T23:54:40.775+0000] {logging_mixin.py:188} INFO - [2026-01-27T23:54:40.775+0000] {dagbag.py:540} INFO - Filling up the DagBag from /home/airflow/.local/lib/python3.12/site-packages/airflow/example_dags/example_python_decorator.py
[2026-01-27T23:54:40.791+0000] {processor.py:840} INFO - DAG(s) 'example_python_decorator' retrieved from /home/airflow/.local/lib/python3.12/site-packages/airflow/example_dags/example_python_decorator.py
[2026-01-27T23:54:40.815+0000] {logging_mixin.py:188} INFO - [2026-01-27T23:54:40.815+0000] {dag.py:3096} INFO - Sync 1 DAGs
[2026-01-27T23:54:40.828+0000] {logging_mixin.py:188} INFO - [2026-01-27T23:54:40.827+0000] {dag.py:3954} INFO - Setting next_dagrun for example_python_decorator to None, run_after=None
[2026-01-27T23:54:40.849+0000] {processor.py:183} INFO - Processing /home/airflow/.local/lib/python3.12/site-packages/airflow/example_dags/example_python_decorator.py took 0.082 seconds
[2026-01-27T23:55:11.599+0000] {processor.py:161} INFO - Started process (PID=2008) to work on /home/airflow/.local/lib/python3.12/site-packages/airflow/example_dags/example_python_decorator.py
[2026-01-27T23:55:11.600+0000] {processor.py:830} INFO - Processing file /home/airflow/.local/lib/python3.12/site-packages/airflow/example_dags/example_python_decorator.py for tasks to queue
[2026-01-27T23:55:11.601+0000] {logging_mixin.py:188} INFO - [2026-01-27T23:55:11.601+0000] {dagbag.py:540} INFO - Filling up the DagBag from /home/airflow/.local/lib/python3.12/site-packages/airflow/example_dags/example_python_decorator.py
[2026-01-27T23:55:11.613+0000] {processor.py:840} INFO - DAG(s) 'example_python_decorator' retrieved from /home/airflow/.local/lib/python3.12/site-packages/airflow/example_dags/example_python_decorator.py
[2026-01-27T23:55:11.635+0000] {logging_mixin.py:188} INFO - [2026-01-27T23:55:11.635+0000] {dag.py:3096} INFO - Sync 1 DAGs
[2026-01-27T23:55:11.646+0000] {logging_mixin.py:188} INFO - [2026-01-27T23:55:11.646+0000] {dag.py:3954} INFO - Setting next_dagrun for example_python_decorator to None, run_after=None
[2026-01-27T23:55:11.678+0000] {processor.py:183} INFO - Processing /home/airflow/.local/lib/python3.12/site-packages/airflow/example_dags/example_python_decorator.py took 0.085 seconds
[2026-01-27T23:55:42.538+0000] {processor.py:161} INFO - Started process (PID=2060) to work on /home/airflow/.local/lib/python3.12/site-packages/airflow/example_dags/example_python_decorator.py
[2026-01-27T23:55:42.539+0000] {processor.py:830} INFO - Processing file /home/airflow/.local/lib/python3.12/site-packages/airflow/example_dags/example_python_decorator.py for tasks to queue
[2026-01-27T23:55:42.542+0000] {logging_mixin.py:188} INFO - [2026-01-27T23:55:42.541+0000] {dagbag.py:540} INFO - Filling up the DagBag from /home/airflow/.local/lib/python3.12/site-packages/airflow/example_dags/example_python_decorator.py
[2026-01-27T23:55:42.553+0000] {processor.py:840} INFO - DAG(s) 'example_python_decorator' retrieved from /home/airflow/.local/lib/python3.12/site-packages/airflow/example_dags/example_python_decorator.py
[2026-01-27T23:55:42.572+0000] {logging_mixin.py:188} INFO - [2026-01-27T23:55:42.572+0000] {dag.py:3096} INFO - Sync 1 DAGs
[2026-01-27T23:55:42.586+0000] {logging_mixin.py:188} INFO - [2026-01-27T23:55:42.586+0000] {dag.py:3954} INFO - Setting next_dagrun for example_python_decorator to None, run_after=None
[2026-01-27T23:55:42.618+0000] {processor.py:183} INFO - Processing /home/airflow/.local/lib/python3.12/site-packages/airflow/example_dags/example_python_decorator.py took 0.086 seconds
[2026-01-27T23:56:12.893+0000] {processor.py:161} INFO - Started process (PID=2112) to work on /home/airflow/.local/lib/python3.12/site-packages/airflow/example_dags/example_python_decorator.py
[2026-01-27T23:56:12.894+0000] {processor.py:830} INFO - Processing file /home/airflow/.local/lib/python3.12/site-packages/airflow/example_dags/example_python_decorator.py for tasks to queue
[2026-01-27T23:56:12.896+0000] {logging_mixin.py:188} INFO - [2026-01-27T23:56:12.896+0000] {dagbag.py:540} INFO - Filling up the DagBag from /home/airflow/.local/lib/python3.12/site-packages/airflow/example_dags/example_python_decorator.py
[2026-01-27T23:56:12.912+0000] {processor.py:840} INFO - DAG(s) 'example_python_decorator' retrieved from /home/airflow/.local/lib/python3.12/site-packages/airflow/example_dags/example_python_decorator.py
[2026-01-27T23:56:12.936+0000] {logging_mixin.py:188} INFO - [2026-01-27T23:56:12.935+0000] {dag.py:3096} INFO - Sync 1 DAGs
[2026-01-27T23:56:12.950+0000] {logging_mixin.py:188} INFO - [2026-01-27T23:56:12.949+0000] {dag.py:3954} INFO - Setting next_dagrun for example_python_decorator to None, run_after=None
[2026-01-27T23:56:12.982+0000] {processor.py:183} INFO - Processing /home/airflow/.local/lib/python3.12/site-packages/airflow/example_dags/example_python_decorator.py took 0.096 seconds
[2026-01-27T23:56:43.146+0000] {processor.py:161} INFO - Started process (PID=2164) to work on /home/airflow/.local/lib/python3.12/site-packages/airflow/example_dags/example_python_decorator.py
[2026-01-27T23:56:43.147+0000] {processor.py:830} INFO - Processing file /home/airflow/.local/lib/python3.12/site-packages/airflow/example_dags/example_python_decorator.py for tasks to queue
[2026-01-27T23:56:43.149+0000] {logging_mixin.py:188} INFO - [2026-01-27T23:56:43.149+0000] {dagbag.py:540} INFO - Filling up the DagBag from /home/airflow/.local/lib/python3.12/site-packages/airflow/example_dags/example_python_decorator.py
[2026-01-27T23:56:43.165+0000] {processor.py:840} INFO - DAG(s) 'example_python_decorator' retrieved from /home/airflow/.local/lib/python3.12/site-packages/airflow/example_dags/example_python_decorator.py
[2026-01-27T23:56:43.191+0000] {logging_mixin.py:188} INFO - [2026-01-27T23:56:43.191+0000] {dag.py:3096} INFO - Sync 1 DAGs
[2026-01-27T23:56:43.206+0000] {logging_mixin.py:188} INFO - [2026-01-27T23:56:43.206+0000] {dag.py:3954} INFO - Setting next_dagrun for example_python_decorator to None, run_after=None
[2026-01-27T23:56:43.233+0000] {processor.py:183} INFO - Processing /home/airflow/.local/lib/python3.12/site-packages/airflow/example_dags/example_python_decorator.py took 0.092 seconds
[2026-01-27T23:57:14.013+0000] {processor.py:161} INFO - Started process (PID=2216) to work on /home/airflow/.local/lib/python3.12/site-packages/airflow/example_dags/example_python_decorator.py
[2026-01-27T23:57:14.014+0000] {processor.py:830} INFO - Processing file /home/airflow/.local/lib/python3.12/site-packages/airflow/example_dags/example_python_decorator.py for tasks to queue
[2026-01-27T23:57:14.016+0000] {logging_mixin.py:188} INFO - [2026-01-27T23:57:14.016+0000] {dagbag.py:540} INFO - Filling up the DagBag from /home/airflow/.local/lib/python3.12/site-packages/airflow/example_dags/example_python_decorator.py
[2026-01-27T23:57:14.031+0000] {processor.py:840} INFO - DAG(s) 'example_python_decorator' retrieved from /home/airflow/.local/lib/python3.12/site-packages/airflow/example_dags/example_python_decorator.py
[2026-01-27T23:57:14.052+0000] {logging_mixin.py:188} INFO - [2026-01-27T23:57:14.052+0000] {dag.py:3096} INFO - Sync 1 DAGs
[2026-01-27T23:57:14.068+0000] {logging_mixin.py:188} INFO - [2026-01-27T23:57:14.068+0000] {dag.py:3954} INFO - Setting next_dagrun for example_python_decorator to None, run_after=None
[2026-01-27T23:57:14.093+0000] {processor.py:183} INFO - Processing /home/airflow/.local/lib/python3.12/site-packages/airflow/example_dags/example_python_decorator.py took 0.087 seconds
[2026-01-27T23:57:45.016+0000] {processor.py:161} INFO - Started process (PID=2268) to work on /home/airflow/.local/lib/python3.12/site-packages/airflow/example_dags/example_python_decorator.py
[2026-01-27T23:57:45.017+0000] {processor.py:830} INFO - Processing file /home/airflow/.local/lib/python3.12/site-packages/airflow/example_dags/example_python_decorator.py for tasks to queue
[2026-01-27T23:57:45.020+0000] {logging_mixin.py:188} INFO - [2026-01-27T23:57:45.019+0000] {dagbag.py:540} INFO - Filling up the DagBag from /home/airflow/.local/lib/python3.12/site-packages/airflow/example_dags/example_python_decorator.py
[2026-01-27T23:57:45.035+0000] {processor.py:840} INFO - DAG(s) 'example_python_decorator' retrieved from /home/airflow/.local/lib/python3.12/site-packages/airflow/example_dags/example_python_decorator.py
[2026-01-27T23:57:45.057+0000] {logging_mixin.py:188} INFO - [2026-01-27T23:57:45.057+0000] {dag.py:3096} INFO - Sync 1 DAGs
[2026-01-27T23:57:45.069+0000] {logging_mixin.py:188} INFO - [2026-01-27T23:57:45.069+0000] {dag.py:3954} INFO - Setting next_dagrun for example_python_decorator to None, run_after=None
[2026-01-27T23:57:45.089+0000] {processor.py:183} INFO - Processing /home/airflow/.local/lib/python3.12/site-packages/airflow/example_dags/example_python_decorator.py took 0.079 seconds
[2026-01-27T23:58:16.092+0000] {processor.py:161} INFO - Started process (PID=2320) to work on /home/airflow/.local/lib/python3.12/site-packages/airflow/example_dags/example_python_decorator.py
[2026-01-27T23:58:16.093+0000] {processor.py:830} INFO - Processing file /home/airflow/.local/lib/python3.12/site-packages/airflow/example_dags/example_python_decorator.py for tasks to queue
[2026-01-27T23:58:16.095+0000] {logging_mixin.py:188} INFO - [2026-01-27T23:58:16.095+0000] {dagbag.py:540} INFO - Filling up the DagBag from /home/airflow/.local/lib/python3.12/site-packages/airflow/example_dags/example_python_decorator.py
[2026-01-27T23:58:16.106+0000] {processor.py:840} INFO - DAG(s) 'example_python_decorator' retrieved from /home/airflow/.local/lib/python3.12/site-packages/airflow/example_dags/example_python_decorator.py
[2026-01-27T23:58:16.125+0000] {logging_mixin.py:188} INFO - [2026-01-27T23:58:16.125+0000] {dag.py:3096} INFO - Sync 1 DAGs
[2026-01-27T23:58:16.136+0000] {logging_mixin.py:188} INFO - [2026-01-27T23:58:16.136+0000] {dag.py:3954} INFO - Setting next_dagrun for example_python_decorator to None, run_after=None
[2026-01-27T23:58:16.157+0000] {processor.py:183} INFO - Processing /home/airflow/.local/lib/python3.12/site-packages/airflow/example_dags/example_python_decorator.py took 0.071 seconds
[2026-01-27T23:58:46.932+0000] {processor.py:161} INFO - Started process (PID=2372) to work on /home/airflow/.local/lib/python3.12/site-packages/airflow/example_dags/example_python_decorator.py
[2026-01-27T23:58:46.933+0000] {processor.py:830} INFO - Processing file /home/airflow/.local/lib/python3.12/site-packages/airflow/example_dags/example_python_decorator.py for tasks to queue
[2026-01-27T23:58:46.937+0000] {logging_mixin.py:188} INFO - [2026-01-27T23:58:46.936+0000] {dagbag.py:540} INFO - Filling up the DagBag from /home/airflow/.local/lib/python3.12/site-packages/airflow/example_dags/example_python_decorator.py
[2026-01-27T23:58:46.954+0000] {processor.py:840} INFO - DAG(s) 'example_python_decorator' retrieved from /home/airflow/.local/lib/python3.12/site-packages/airflow/example_dags/example_python_decorator.py
[2026-01-27T23:58:46.981+0000] {logging_mixin.py:188} INFO - [2026-01-27T23:58:46.981+0000] {dag.py:3096} INFO - Sync 1 DAGs
[2026-01-27T23:58:46.995+0000] {logging_mixin.py:188} INFO - [2026-01-27T23:58:46.994+0000] {dag.py:3954} INFO - Setting next_dagrun for example_python_decorator to None, run_after=None
[2026-01-27T23:58:47.027+0000] {processor.py:183} INFO - Processing /home/airflow/.local/lib/python3.12/site-packages/airflow/example_dags/example_python_decorator.py took 0.103 seconds
[2026-01-27T23:59:17.651+0000] {processor.py:161} INFO - Started process (PID=2424) to work on /home/airflow/.local/lib/python3.12/site-packages/airflow/example_dags/example_python_decorator.py
[2026-01-27T23:59:17.652+0000] {processor.py:830} INFO - Processing file /home/airflow/.local/lib/python3.12/site-packages/airflow/example_dags/example_python_decorator.py for tasks to queue
[2026-01-27T23:59:17.654+0000] {logging_mixin.py:188} INFO - [2026-01-27T23:59:17.653+0000] {dagbag.py:540} INFO - Filling up the DagBag from /home/airflow/.local/lib/python3.12/site-packages/airflow/example_dags/example_python_decorator.py
[2026-01-27T23:59:17.665+0000] {processor.py:840} INFO - DAG(s) 'example_python_decorator' retrieved from /home/airflow/.local/lib/python3.12/site-packages/airflow/example_dags/example_python_decorator.py
[2026-01-27T23:59:17.685+0000] {logging_mixin.py:188} INFO - [2026-01-27T23:59:17.685+0000] {dag.py:3096} INFO - Sync 1 DAGs
[2026-01-27T23:59:17.697+0000] {logging_mixin.py:188} INFO - [2026-01-27T23:59:17.696+0000] {dag.py:3954} INFO - Setting next_dagrun for example_python_decorator to None, run_after=None
[2026-01-27T23:59:17.728+0000] {processor.py:183} INFO - Processing /home/airflow/.local/lib/python3.12/site-packages/airflow/example_dags/example_python_decorator.py took 0.083 seconds
[2026-01-27T23:59:48.136+0000] {processor.py:161} INFO - Started process (PID=2476) to work on /home/airflow/.local/lib/python3.12/site-packages/airflow/example_dags/example_python_decorator.py
[2026-01-27T23:59:48.137+0000] {processor.py:830} INFO - Processing file /home/airflow/.local/lib/python3.12/site-packages/airflow/example_dags/example_python_decorator.py for tasks to queue
[2026-01-27T23:59:48.138+0000] {logging_mixin.py:188} INFO - [2026-01-27T23:59:48.138+0000] {dagbag.py:540} INFO - Filling up the DagBag from /home/airflow/.local/lib/python3.12/site-packages/airflow/example_dags/example_python_decorator.py
[2026-01-27T23:59:48.151+0000] {processor.py:840} INFO - DAG(s) 'example_python_decorator' retrieved from /home/airflow/.local/lib/python3.12/site-packages/airflow/example_dags/example_python_decorator.py
[2026-01-27T23:59:48.171+0000] {logging_mixin.py:188} INFO - [2026-01-27T23:59:48.170+0000] {dag.py:3096} INFO - Sync 1 DAGs
[2026-01-27T23:59:48.182+0000] {logging_mixin.py:188} INFO - [2026-01-27T23:59:48.182+0000] {dag.py:3954} INFO - Setting next_dagrun for example_python_decorator to None, run_after=None
[2026-01-27T23:59:48.202+0000] {processor.py:183} INFO - Processing /home/airflow/.local/lib/python3.12/site-packages/airflow/example_dags/example_python_decorator.py took 0.072 seconds
