[2026-01-27T23:35:58.990+0000] {processor.py:161} INFO - Started process (PID=41) to work on /home/airflow/.local/lib/python3.12/site-packages/airflow/example_dags/tutorial_taskflow_api.py
[2026-01-27T23:35:58.995+0000] {processor.py:830} INFO - Processing file /home/airflow/.local/lib/python3.12/site-packages/airflow/example_dags/tutorial_taskflow_api.py for tasks to queue
[2026-01-27T23:35:59.004+0000] {logging_mixin.py:188} INFO - [2026-01-27T23:35:59.003+0000] {dagbag.py:540} INFO - Filling up the DagBag from /home/airflow/.local/lib/python3.12/site-packages/airflow/example_dags/tutorial_taskflow_api.py
[2026-01-27T23:35:59.055+0000] {processor.py:840} INFO - DAG(s) 'tutorial_taskflow_api' retrieved from /home/airflow/.local/lib/python3.12/site-packages/airflow/example_dags/tutorial_taskflow_api.py
[2026-01-27T23:35:59.426+0000] {logging_mixin.py:188} INFO - [2026-01-27T23:35:59.425+0000] {dag.py:3096} INFO - Sync 1 DAGs
[2026-01-27T23:35:59.467+0000] {logging_mixin.py:188} INFO - [2026-01-27T23:35:59.467+0000] {dag.py:3954} INFO - Setting next_dagrun for tutorial_taskflow_api to None, run_after=None
[2026-01-27T23:35:59.521+0000] {processor.py:183} INFO - Processing /home/airflow/.local/lib/python3.12/site-packages/airflow/example_dags/tutorial_taskflow_api.py took 0.565 seconds
[2026-01-27T23:36:29.789+0000] {processor.py:161} INFO - Started process (PID=93) to work on /home/airflow/.local/lib/python3.12/site-packages/airflow/example_dags/tutorial_taskflow_api.py
[2026-01-27T23:36:29.791+0000] {processor.py:830} INFO - Processing file /home/airflow/.local/lib/python3.12/site-packages/airflow/example_dags/tutorial_taskflow_api.py for tasks to queue
[2026-01-27T23:36:29.795+0000] {logging_mixin.py:188} INFO - [2026-01-27T23:36:29.794+0000] {dagbag.py:540} INFO - Filling up the DagBag from /home/airflow/.local/lib/python3.12/site-packages/airflow/example_dags/tutorial_taskflow_api.py
[2026-01-27T23:36:29.809+0000] {processor.py:840} INFO - DAG(s) 'tutorial_taskflow_api' retrieved from /home/airflow/.local/lib/python3.12/site-packages/airflow/example_dags/tutorial_taskflow_api.py
[2026-01-27T23:36:29.848+0000] {logging_mixin.py:188} INFO - [2026-01-27T23:36:29.848+0000] {dag.py:3096} INFO - Sync 1 DAGs
[2026-01-27T23:36:29.874+0000] {logging_mixin.py:188} INFO - [2026-01-27T23:36:29.873+0000] {dag.py:3954} INFO - Setting next_dagrun for tutorial_taskflow_api to None, run_after=None
[2026-01-27T23:36:29.915+0000] {processor.py:183} INFO - Processing /home/airflow/.local/lib/python3.12/site-packages/airflow/example_dags/tutorial_taskflow_api.py took 0.138 seconds
[2026-01-27T23:37:00.602+0000] {processor.py:161} INFO - Started process (PID=145) to work on /home/airflow/.local/lib/python3.12/site-packages/airflow/example_dags/tutorial_taskflow_api.py
[2026-01-27T23:37:00.603+0000] {processor.py:830} INFO - Processing file /home/airflow/.local/lib/python3.12/site-packages/airflow/example_dags/tutorial_taskflow_api.py for tasks to queue
[2026-01-27T23:37:00.605+0000] {logging_mixin.py:188} INFO - [2026-01-27T23:37:00.604+0000] {dagbag.py:540} INFO - Filling up the DagBag from /home/airflow/.local/lib/python3.12/site-packages/airflow/example_dags/tutorial_taskflow_api.py
[2026-01-27T23:37:00.611+0000] {processor.py:840} INFO - DAG(s) 'tutorial_taskflow_api' retrieved from /home/airflow/.local/lib/python3.12/site-packages/airflow/example_dags/tutorial_taskflow_api.py
[2026-01-27T23:37:00.632+0000] {logging_mixin.py:188} INFO - [2026-01-27T23:37:00.631+0000] {dag.py:3096} INFO - Sync 1 DAGs
[2026-01-27T23:37:00.645+0000] {logging_mixin.py:188} INFO - [2026-01-27T23:37:00.645+0000] {dag.py:3954} INFO - Setting next_dagrun for tutorial_taskflow_api to None, run_after=None
[2026-01-27T23:37:00.665+0000] {processor.py:183} INFO - Processing /home/airflow/.local/lib/python3.12/site-packages/airflow/example_dags/tutorial_taskflow_api.py took 0.069 seconds
[2026-01-27T23:37:31.154+0000] {processor.py:161} INFO - Started process (PID=197) to work on /home/airflow/.local/lib/python3.12/site-packages/airflow/example_dags/tutorial_taskflow_api.py
[2026-01-27T23:37:31.156+0000] {processor.py:830} INFO - Processing file /home/airflow/.local/lib/python3.12/site-packages/airflow/example_dags/tutorial_taskflow_api.py for tasks to queue
[2026-01-27T23:37:31.158+0000] {logging_mixin.py:188} INFO - [2026-01-27T23:37:31.158+0000] {dagbag.py:540} INFO - Filling up the DagBag from /home/airflow/.local/lib/python3.12/site-packages/airflow/example_dags/tutorial_taskflow_api.py
[2026-01-27T23:37:31.167+0000] {processor.py:840} INFO - DAG(s) 'tutorial_taskflow_api' retrieved from /home/airflow/.local/lib/python3.12/site-packages/airflow/example_dags/tutorial_taskflow_api.py
[2026-01-27T23:37:31.188+0000] {logging_mixin.py:188} INFO - [2026-01-27T23:37:31.187+0000] {dag.py:3096} INFO - Sync 1 DAGs
[2026-01-27T23:37:31.199+0000] {logging_mixin.py:188} INFO - [2026-01-27T23:37:31.199+0000] {dag.py:3954} INFO - Setting next_dagrun for tutorial_taskflow_api to None, run_after=None
[2026-01-27T23:37:31.219+0000] {processor.py:183} INFO - Processing /home/airflow/.local/lib/python3.12/site-packages/airflow/example_dags/tutorial_taskflow_api.py took 0.070 seconds
[2026-01-27T23:38:01.601+0000] {processor.py:161} INFO - Started process (PID=249) to work on /home/airflow/.local/lib/python3.12/site-packages/airflow/example_dags/tutorial_taskflow_api.py
[2026-01-27T23:38:01.602+0000] {processor.py:830} INFO - Processing file /home/airflow/.local/lib/python3.12/site-packages/airflow/example_dags/tutorial_taskflow_api.py for tasks to queue
[2026-01-27T23:38:01.604+0000] {logging_mixin.py:188} INFO - [2026-01-27T23:38:01.603+0000] {dagbag.py:540} INFO - Filling up the DagBag from /home/airflow/.local/lib/python3.12/site-packages/airflow/example_dags/tutorial_taskflow_api.py
[2026-01-27T23:38:01.610+0000] {processor.py:840} INFO - DAG(s) 'tutorial_taskflow_api' retrieved from /home/airflow/.local/lib/python3.12/site-packages/airflow/example_dags/tutorial_taskflow_api.py
[2026-01-27T23:38:01.636+0000] {logging_mixin.py:188} INFO - [2026-01-27T23:38:01.636+0000] {dag.py:3096} INFO - Sync 1 DAGs
[2026-01-27T23:38:01.650+0000] {logging_mixin.py:188} INFO - [2026-01-27T23:38:01.650+0000] {dag.py:3954} INFO - Setting next_dagrun for tutorial_taskflow_api to None, run_after=None
[2026-01-27T23:38:01.673+0000] {processor.py:183} INFO - Processing /home/airflow/.local/lib/python3.12/site-packages/airflow/example_dags/tutorial_taskflow_api.py took 0.079 seconds
[2026-01-27T23:38:31.841+0000] {processor.py:161} INFO - Started process (PID=301) to work on /home/airflow/.local/lib/python3.12/site-packages/airflow/example_dags/tutorial_taskflow_api.py
[2026-01-27T23:38:31.842+0000] {processor.py:830} INFO - Processing file /home/airflow/.local/lib/python3.12/site-packages/airflow/example_dags/tutorial_taskflow_api.py for tasks to queue
[2026-01-27T23:38:31.845+0000] {logging_mixin.py:188} INFO - [2026-01-27T23:38:31.845+0000] {dagbag.py:540} INFO - Filling up the DagBag from /home/airflow/.local/lib/python3.12/site-packages/airflow/example_dags/tutorial_taskflow_api.py
[2026-01-27T23:38:31.851+0000] {processor.py:840} INFO - DAG(s) 'tutorial_taskflow_api' retrieved from /home/airflow/.local/lib/python3.12/site-packages/airflow/example_dags/tutorial_taskflow_api.py
[2026-01-27T23:38:31.872+0000] {logging_mixin.py:188} INFO - [2026-01-27T23:38:31.872+0000] {dag.py:3096} INFO - Sync 1 DAGs
[2026-01-27T23:38:31.885+0000] {logging_mixin.py:188} INFO - [2026-01-27T23:38:31.885+0000] {dag.py:3954} INFO - Setting next_dagrun for tutorial_taskflow_api to None, run_after=None
[2026-01-27T23:38:31.907+0000] {processor.py:183} INFO - Processing /home/airflow/.local/lib/python3.12/site-packages/airflow/example_dags/tutorial_taskflow_api.py took 0.072 seconds
[2026-01-27T23:39:02.337+0000] {processor.py:161} INFO - Started process (PID=353) to work on /home/airflow/.local/lib/python3.12/site-packages/airflow/example_dags/tutorial_taskflow_api.py
[2026-01-27T23:39:02.339+0000] {processor.py:830} INFO - Processing file /home/airflow/.local/lib/python3.12/site-packages/airflow/example_dags/tutorial_taskflow_api.py for tasks to queue
[2026-01-27T23:39:02.342+0000] {logging_mixin.py:188} INFO - [2026-01-27T23:39:02.341+0000] {dagbag.py:540} INFO - Filling up the DagBag from /home/airflow/.local/lib/python3.12/site-packages/airflow/example_dags/tutorial_taskflow_api.py
[2026-01-27T23:39:02.351+0000] {processor.py:840} INFO - DAG(s) 'tutorial_taskflow_api' retrieved from /home/airflow/.local/lib/python3.12/site-packages/airflow/example_dags/tutorial_taskflow_api.py
[2026-01-27T23:39:02.383+0000] {logging_mixin.py:188} INFO - [2026-01-27T23:39:02.383+0000] {dag.py:3096} INFO - Sync 1 DAGs
[2026-01-27T23:39:02.403+0000] {logging_mixin.py:188} INFO - [2026-01-27T23:39:02.402+0000] {dag.py:3954} INFO - Setting next_dagrun for tutorial_taskflow_api to None, run_after=None
[2026-01-27T23:39:02.434+0000] {processor.py:183} INFO - Processing /home/airflow/.local/lib/python3.12/site-packages/airflow/example_dags/tutorial_taskflow_api.py took 0.106 seconds
[2026-01-27T23:39:32.828+0000] {processor.py:161} INFO - Started process (PID=405) to work on /home/airflow/.local/lib/python3.12/site-packages/airflow/example_dags/tutorial_taskflow_api.py
[2026-01-27T23:39:32.830+0000] {processor.py:830} INFO - Processing file /home/airflow/.local/lib/python3.12/site-packages/airflow/example_dags/tutorial_taskflow_api.py for tasks to queue
[2026-01-27T23:39:32.837+0000] {logging_mixin.py:188} INFO - [2026-01-27T23:39:32.837+0000] {dagbag.py:540} INFO - Filling up the DagBag from /home/airflow/.local/lib/python3.12/site-packages/airflow/example_dags/tutorial_taskflow_api.py
[2026-01-27T23:39:32.847+0000] {processor.py:840} INFO - DAG(s) 'tutorial_taskflow_api' retrieved from /home/airflow/.local/lib/python3.12/site-packages/airflow/example_dags/tutorial_taskflow_api.py
[2026-01-27T23:39:32.874+0000] {logging_mixin.py:188} INFO - [2026-01-27T23:39:32.874+0000] {dag.py:3096} INFO - Sync 1 DAGs
[2026-01-27T23:39:32.892+0000] {logging_mixin.py:188} INFO - [2026-01-27T23:39:32.891+0000] {dag.py:3954} INFO - Setting next_dagrun for tutorial_taskflow_api to None, run_after=None
[2026-01-27T23:39:32.918+0000] {processor.py:183} INFO - Processing /home/airflow/.local/lib/python3.12/site-packages/airflow/example_dags/tutorial_taskflow_api.py took 0.100 seconds
[2026-01-27T23:40:03.247+0000] {processor.py:161} INFO - Started process (PID=457) to work on /home/airflow/.local/lib/python3.12/site-packages/airflow/example_dags/tutorial_taskflow_api.py
[2026-01-27T23:40:03.249+0000] {processor.py:830} INFO - Processing file /home/airflow/.local/lib/python3.12/site-packages/airflow/example_dags/tutorial_taskflow_api.py for tasks to queue
[2026-01-27T23:40:03.252+0000] {logging_mixin.py:188} INFO - [2026-01-27T23:40:03.252+0000] {dagbag.py:540} INFO - Filling up the DagBag from /home/airflow/.local/lib/python3.12/site-packages/airflow/example_dags/tutorial_taskflow_api.py
[2026-01-27T23:40:03.261+0000] {processor.py:840} INFO - DAG(s) 'tutorial_taskflow_api' retrieved from /home/airflow/.local/lib/python3.12/site-packages/airflow/example_dags/tutorial_taskflow_api.py
[2026-01-27T23:40:03.288+0000] {logging_mixin.py:188} INFO - [2026-01-27T23:40:03.288+0000] {dag.py:3096} INFO - Sync 1 DAGs
[2026-01-27T23:40:03.304+0000] {logging_mixin.py:188} INFO - [2026-01-27T23:40:03.304+0000] {dag.py:3954} INFO - Setting next_dagrun for tutorial_taskflow_api to None, run_after=None
[2026-01-27T23:40:03.337+0000] {processor.py:183} INFO - Processing /home/airflow/.local/lib/python3.12/site-packages/airflow/example_dags/tutorial_taskflow_api.py took 0.100 seconds
[2026-01-27T23:40:33.384+0000] {processor.py:161} INFO - Started process (PID=508) to work on /home/airflow/.local/lib/python3.12/site-packages/airflow/example_dags/tutorial_taskflow_api.py
[2026-01-27T23:40:33.386+0000] {processor.py:830} INFO - Processing file /home/airflow/.local/lib/python3.12/site-packages/airflow/example_dags/tutorial_taskflow_api.py for tasks to queue
[2026-01-27T23:40:33.390+0000] {logging_mixin.py:188} INFO - [2026-01-27T23:40:33.389+0000] {dagbag.py:540} INFO - Filling up the DagBag from /home/airflow/.local/lib/python3.12/site-packages/airflow/example_dags/tutorial_taskflow_api.py
[2026-01-27T23:40:33.407+0000] {processor.py:840} INFO - DAG(s) 'tutorial_taskflow_api' retrieved from /home/airflow/.local/lib/python3.12/site-packages/airflow/example_dags/tutorial_taskflow_api.py
[2026-01-27T23:40:33.450+0000] {logging_mixin.py:188} INFO - [2026-01-27T23:40:33.450+0000] {dag.py:3096} INFO - Sync 1 DAGs
[2026-01-27T23:40:33.467+0000] {logging_mixin.py:188} INFO - [2026-01-27T23:40:33.467+0000] {dag.py:3954} INFO - Setting next_dagrun for tutorial_taskflow_api to None, run_after=None
[2026-01-27T23:40:33.498+0000] {processor.py:183} INFO - Processing /home/airflow/.local/lib/python3.12/site-packages/airflow/example_dags/tutorial_taskflow_api.py took 0.122 seconds
[2026-01-27T23:41:03.738+0000] {processor.py:161} INFO - Started process (PID=560) to work on /home/airflow/.local/lib/python3.12/site-packages/airflow/example_dags/tutorial_taskflow_api.py
[2026-01-27T23:41:03.739+0000] {processor.py:830} INFO - Processing file /home/airflow/.local/lib/python3.12/site-packages/airflow/example_dags/tutorial_taskflow_api.py for tasks to queue
[2026-01-27T23:41:03.741+0000] {logging_mixin.py:188} INFO - [2026-01-27T23:41:03.741+0000] {dagbag.py:540} INFO - Filling up the DagBag from /home/airflow/.local/lib/python3.12/site-packages/airflow/example_dags/tutorial_taskflow_api.py
[2026-01-27T23:41:03.747+0000] {processor.py:840} INFO - DAG(s) 'tutorial_taskflow_api' retrieved from /home/airflow/.local/lib/python3.12/site-packages/airflow/example_dags/tutorial_taskflow_api.py
[2026-01-27T23:41:03.767+0000] {logging_mixin.py:188} INFO - [2026-01-27T23:41:03.767+0000] {dag.py:3096} INFO - Sync 1 DAGs
[2026-01-27T23:41:03.779+0000] {logging_mixin.py:188} INFO - [2026-01-27T23:41:03.779+0000] {dag.py:3954} INFO - Setting next_dagrun for tutorial_taskflow_api to None, run_after=None
[2026-01-27T23:41:03.801+0000] {processor.py:183} INFO - Processing /home/airflow/.local/lib/python3.12/site-packages/airflow/example_dags/tutorial_taskflow_api.py took 0.069 seconds
[2026-01-27T23:41:33.969+0000] {processor.py:161} INFO - Started process (PID=612) to work on /home/airflow/.local/lib/python3.12/site-packages/airflow/example_dags/tutorial_taskflow_api.py
[2026-01-27T23:41:33.971+0000] {processor.py:830} INFO - Processing file /home/airflow/.local/lib/python3.12/site-packages/airflow/example_dags/tutorial_taskflow_api.py for tasks to queue
[2026-01-27T23:41:33.974+0000] {logging_mixin.py:188} INFO - [2026-01-27T23:41:33.973+0000] {dagbag.py:540} INFO - Filling up the DagBag from /home/airflow/.local/lib/python3.12/site-packages/airflow/example_dags/tutorial_taskflow_api.py
[2026-01-27T23:41:33.983+0000] {processor.py:840} INFO - DAG(s) 'tutorial_taskflow_api' retrieved from /home/airflow/.local/lib/python3.12/site-packages/airflow/example_dags/tutorial_taskflow_api.py
[2026-01-27T23:41:34.014+0000] {logging_mixin.py:188} INFO - [2026-01-27T23:41:34.013+0000] {dag.py:3096} INFO - Sync 1 DAGs
[2026-01-27T23:41:34.033+0000] {logging_mixin.py:188} INFO - [2026-01-27T23:41:34.033+0000] {dag.py:3954} INFO - Setting next_dagrun for tutorial_taskflow_api to None, run_after=None
[2026-01-27T23:41:34.059+0000] {processor.py:183} INFO - Processing /home/airflow/.local/lib/python3.12/site-packages/airflow/example_dags/tutorial_taskflow_api.py took 0.102 seconds
[2026-01-27T23:42:04.241+0000] {processor.py:161} INFO - Started process (PID=664) to work on /home/airflow/.local/lib/python3.12/site-packages/airflow/example_dags/tutorial_taskflow_api.py
[2026-01-27T23:42:04.242+0000] {processor.py:830} INFO - Processing file /home/airflow/.local/lib/python3.12/site-packages/airflow/example_dags/tutorial_taskflow_api.py for tasks to queue
[2026-01-27T23:42:04.245+0000] {logging_mixin.py:188} INFO - [2026-01-27T23:42:04.245+0000] {dagbag.py:540} INFO - Filling up the DagBag from /home/airflow/.local/lib/python3.12/site-packages/airflow/example_dags/tutorial_taskflow_api.py
[2026-01-27T23:42:04.253+0000] {processor.py:840} INFO - DAG(s) 'tutorial_taskflow_api' retrieved from /home/airflow/.local/lib/python3.12/site-packages/airflow/example_dags/tutorial_taskflow_api.py
[2026-01-27T23:42:04.279+0000] {logging_mixin.py:188} INFO - [2026-01-27T23:42:04.279+0000] {dag.py:3096} INFO - Sync 1 DAGs
[2026-01-27T23:42:04.294+0000] {logging_mixin.py:188} INFO - [2026-01-27T23:42:04.294+0000] {dag.py:3954} INFO - Setting next_dagrun for tutorial_taskflow_api to None, run_after=None
[2026-01-27T23:42:04.318+0000] {processor.py:183} INFO - Processing /home/airflow/.local/lib/python3.12/site-packages/airflow/example_dags/tutorial_taskflow_api.py took 0.084 seconds
[2026-01-27T23:42:35.280+0000] {processor.py:161} INFO - Started process (PID=717) to work on /home/airflow/.local/lib/python3.12/site-packages/airflow/example_dags/tutorial_taskflow_api.py
[2026-01-27T23:42:35.282+0000] {processor.py:830} INFO - Processing file /home/airflow/.local/lib/python3.12/site-packages/airflow/example_dags/tutorial_taskflow_api.py for tasks to queue
[2026-01-27T23:42:35.288+0000] {logging_mixin.py:188} INFO - [2026-01-27T23:42:35.287+0000] {dagbag.py:540} INFO - Filling up the DagBag from /home/airflow/.local/lib/python3.12/site-packages/airflow/example_dags/tutorial_taskflow_api.py
[2026-01-27T23:42:35.310+0000] {processor.py:840} INFO - DAG(s) 'tutorial_taskflow_api' retrieved from /home/airflow/.local/lib/python3.12/site-packages/airflow/example_dags/tutorial_taskflow_api.py
[2026-01-27T23:42:35.396+0000] {logging_mixin.py:188} INFO - [2026-01-27T23:42:35.395+0000] {dag.py:3096} INFO - Sync 1 DAGs
[2026-01-27T23:42:35.434+0000] {logging_mixin.py:188} INFO - [2026-01-27T23:42:35.434+0000] {dag.py:3954} INFO - Setting next_dagrun for tutorial_taskflow_api to None, run_after=None
[2026-01-27T23:42:35.489+0000] {processor.py:183} INFO - Processing /home/airflow/.local/lib/python3.12/site-packages/airflow/example_dags/tutorial_taskflow_api.py took 0.225 seconds
[2026-01-27T23:43:05.626+0000] {processor.py:161} INFO - Started process (PID=769) to work on /home/airflow/.local/lib/python3.12/site-packages/airflow/example_dags/tutorial_taskflow_api.py
[2026-01-27T23:43:05.628+0000] {processor.py:830} INFO - Processing file /home/airflow/.local/lib/python3.12/site-packages/airflow/example_dags/tutorial_taskflow_api.py for tasks to queue
[2026-01-27T23:43:05.631+0000] {logging_mixin.py:188} INFO - [2026-01-27T23:43:05.630+0000] {dagbag.py:540} INFO - Filling up the DagBag from /home/airflow/.local/lib/python3.12/site-packages/airflow/example_dags/tutorial_taskflow_api.py
[2026-01-27T23:43:05.641+0000] {processor.py:840} INFO - DAG(s) 'tutorial_taskflow_api' retrieved from /home/airflow/.local/lib/python3.12/site-packages/airflow/example_dags/tutorial_taskflow_api.py
[2026-01-27T23:43:05.668+0000] {logging_mixin.py:188} INFO - [2026-01-27T23:43:05.667+0000] {dag.py:3096} INFO - Sync 1 DAGs
[2026-01-27T23:43:05.686+0000] {logging_mixin.py:188} INFO - [2026-01-27T23:43:05.686+0000] {dag.py:3954} INFO - Setting next_dagrun for tutorial_taskflow_api to None, run_after=None
[2026-01-27T23:43:05.714+0000] {processor.py:183} INFO - Processing /home/airflow/.local/lib/python3.12/site-packages/airflow/example_dags/tutorial_taskflow_api.py took 0.097 seconds
[2026-01-27T23:43:35.770+0000] {processor.py:161} INFO - Started process (PID=821) to work on /home/airflow/.local/lib/python3.12/site-packages/airflow/example_dags/tutorial_taskflow_api.py
[2026-01-27T23:43:35.771+0000] {processor.py:830} INFO - Processing file /home/airflow/.local/lib/python3.12/site-packages/airflow/example_dags/tutorial_taskflow_api.py for tasks to queue
[2026-01-27T23:43:35.774+0000] {logging_mixin.py:188} INFO - [2026-01-27T23:43:35.774+0000] {dagbag.py:540} INFO - Filling up the DagBag from /home/airflow/.local/lib/python3.12/site-packages/airflow/example_dags/tutorial_taskflow_api.py
[2026-01-27T23:43:35.785+0000] {processor.py:840} INFO - DAG(s) 'tutorial_taskflow_api' retrieved from /home/airflow/.local/lib/python3.12/site-packages/airflow/example_dags/tutorial_taskflow_api.py
[2026-01-27T23:43:35.810+0000] {logging_mixin.py:188} INFO - [2026-01-27T23:43:35.810+0000] {dag.py:3096} INFO - Sync 1 DAGs
[2026-01-27T23:43:35.824+0000] {logging_mixin.py:188} INFO - [2026-01-27T23:43:35.824+0000] {dag.py:3954} INFO - Setting next_dagrun for tutorial_taskflow_api to None, run_after=None
[2026-01-27T23:43:35.850+0000] {processor.py:183} INFO - Processing /home/airflow/.local/lib/python3.12/site-packages/airflow/example_dags/tutorial_taskflow_api.py took 0.088 seconds
[2026-01-27T23:44:06.008+0000] {processor.py:161} INFO - Started process (PID=873) to work on /home/airflow/.local/lib/python3.12/site-packages/airflow/example_dags/tutorial_taskflow_api.py
[2026-01-27T23:44:06.009+0000] {processor.py:830} INFO - Processing file /home/airflow/.local/lib/python3.12/site-packages/airflow/example_dags/tutorial_taskflow_api.py for tasks to queue
[2026-01-27T23:44:06.011+0000] {logging_mixin.py:188} INFO - [2026-01-27T23:44:06.011+0000] {dagbag.py:540} INFO - Filling up the DagBag from /home/airflow/.local/lib/python3.12/site-packages/airflow/example_dags/tutorial_taskflow_api.py
[2026-01-27T23:44:06.018+0000] {processor.py:840} INFO - DAG(s) 'tutorial_taskflow_api' retrieved from /home/airflow/.local/lib/python3.12/site-packages/airflow/example_dags/tutorial_taskflow_api.py
[2026-01-27T23:44:06.038+0000] {logging_mixin.py:188} INFO - [2026-01-27T23:44:06.038+0000] {dag.py:3096} INFO - Sync 1 DAGs
[2026-01-27T23:44:06.050+0000] {logging_mixin.py:188} INFO - [2026-01-27T23:44:06.050+0000] {dag.py:3954} INFO - Setting next_dagrun for tutorial_taskflow_api to None, run_after=None
[2026-01-27T23:44:06.079+0000] {processor.py:183} INFO - Processing /home/airflow/.local/lib/python3.12/site-packages/airflow/example_dags/tutorial_taskflow_api.py took 0.076 seconds
[2026-01-27T23:44:36.439+0000] {processor.py:161} INFO - Started process (PID=925) to work on /home/airflow/.local/lib/python3.12/site-packages/airflow/example_dags/tutorial_taskflow_api.py
[2026-01-27T23:44:36.440+0000] {processor.py:830} INFO - Processing file /home/airflow/.local/lib/python3.12/site-packages/airflow/example_dags/tutorial_taskflow_api.py for tasks to queue
[2026-01-27T23:44:36.442+0000] {logging_mixin.py:188} INFO - [2026-01-27T23:44:36.441+0000] {dagbag.py:540} INFO - Filling up the DagBag from /home/airflow/.local/lib/python3.12/site-packages/airflow/example_dags/tutorial_taskflow_api.py
[2026-01-27T23:44:36.448+0000] {processor.py:840} INFO - DAG(s) 'tutorial_taskflow_api' retrieved from /home/airflow/.local/lib/python3.12/site-packages/airflow/example_dags/tutorial_taskflow_api.py
[2026-01-27T23:44:36.469+0000] {logging_mixin.py:188} INFO - [2026-01-27T23:44:36.469+0000] {dag.py:3096} INFO - Sync 1 DAGs
[2026-01-27T23:44:36.481+0000] {logging_mixin.py:188} INFO - [2026-01-27T23:44:36.481+0000] {dag.py:3954} INFO - Setting next_dagrun for tutorial_taskflow_api to None, run_after=None
[2026-01-27T23:44:36.504+0000] {processor.py:183} INFO - Processing /home/airflow/.local/lib/python3.12/site-packages/airflow/example_dags/tutorial_taskflow_api.py took 0.071 seconds
[2026-01-27T23:45:06.638+0000] {processor.py:161} INFO - Started process (PID=977) to work on /home/airflow/.local/lib/python3.12/site-packages/airflow/example_dags/tutorial_taskflow_api.py
[2026-01-27T23:45:06.639+0000] {processor.py:830} INFO - Processing file /home/airflow/.local/lib/python3.12/site-packages/airflow/example_dags/tutorial_taskflow_api.py for tasks to queue
[2026-01-27T23:45:06.642+0000] {logging_mixin.py:188} INFO - [2026-01-27T23:45:06.641+0000] {dagbag.py:540} INFO - Filling up the DagBag from /home/airflow/.local/lib/python3.12/site-packages/airflow/example_dags/tutorial_taskflow_api.py
[2026-01-27T23:45:06.649+0000] {processor.py:840} INFO - DAG(s) 'tutorial_taskflow_api' retrieved from /home/airflow/.local/lib/python3.12/site-packages/airflow/example_dags/tutorial_taskflow_api.py
[2026-01-27T23:45:06.671+0000] {logging_mixin.py:188} INFO - [2026-01-27T23:45:06.671+0000] {dag.py:3096} INFO - Sync 1 DAGs
[2026-01-27T23:45:06.686+0000] {logging_mixin.py:188} INFO - [2026-01-27T23:45:06.685+0000] {dag.py:3954} INFO - Setting next_dagrun for tutorial_taskflow_api to None, run_after=None
[2026-01-27T23:45:06.716+0000] {processor.py:183} INFO - Processing /home/airflow/.local/lib/python3.12/site-packages/airflow/example_dags/tutorial_taskflow_api.py took 0.084 seconds
[2026-01-27T23:45:36.836+0000] {processor.py:161} INFO - Started process (PID=1029) to work on /home/airflow/.local/lib/python3.12/site-packages/airflow/example_dags/tutorial_taskflow_api.py
[2026-01-27T23:45:36.838+0000] {processor.py:830} INFO - Processing file /home/airflow/.local/lib/python3.12/site-packages/airflow/example_dags/tutorial_taskflow_api.py for tasks to queue
[2026-01-27T23:45:36.840+0000] {logging_mixin.py:188} INFO - [2026-01-27T23:45:36.840+0000] {dagbag.py:540} INFO - Filling up the DagBag from /home/airflow/.local/lib/python3.12/site-packages/airflow/example_dags/tutorial_taskflow_api.py
[2026-01-27T23:45:36.850+0000] {processor.py:840} INFO - DAG(s) 'tutorial_taskflow_api' retrieved from /home/airflow/.local/lib/python3.12/site-packages/airflow/example_dags/tutorial_taskflow_api.py
[2026-01-27T23:45:36.877+0000] {logging_mixin.py:188} INFO - [2026-01-27T23:45:36.877+0000] {dag.py:3096} INFO - Sync 1 DAGs
[2026-01-27T23:45:36.895+0000] {logging_mixin.py:188} INFO - [2026-01-27T23:45:36.895+0000] {dag.py:3954} INFO - Setting next_dagrun for tutorial_taskflow_api to None, run_after=None
[2026-01-27T23:45:36.923+0000] {processor.py:183} INFO - Processing /home/airflow/.local/lib/python3.12/site-packages/airflow/example_dags/tutorial_taskflow_api.py took 0.095 seconds
[2026-01-27T23:46:08.457+0000] {processor.py:161} INFO - Started process (PID=1081) to work on /home/airflow/.local/lib/python3.12/site-packages/airflow/example_dags/tutorial_taskflow_api.py
[2026-01-27T23:46:08.460+0000] {processor.py:830} INFO - Processing file /home/airflow/.local/lib/python3.12/site-packages/airflow/example_dags/tutorial_taskflow_api.py for tasks to queue
[2026-01-27T23:46:08.464+0000] {logging_mixin.py:188} INFO - [2026-01-27T23:46:08.463+0000] {dagbag.py:540} INFO - Filling up the DagBag from /home/airflow/.local/lib/python3.12/site-packages/airflow/example_dags/tutorial_taskflow_api.py
[2026-01-27T23:46:08.474+0000] {processor.py:840} INFO - DAG(s) 'tutorial_taskflow_api' retrieved from /home/airflow/.local/lib/python3.12/site-packages/airflow/example_dags/tutorial_taskflow_api.py
[2026-01-27T23:46:08.504+0000] {logging_mixin.py:188} INFO - [2026-01-27T23:46:08.504+0000] {dag.py:3096} INFO - Sync 1 DAGs
[2026-01-27T23:46:08.525+0000] {logging_mixin.py:188} INFO - [2026-01-27T23:46:08.525+0000] {dag.py:3954} INFO - Setting next_dagrun for tutorial_taskflow_api to None, run_after=None
[2026-01-27T23:46:08.720+0000] {processor.py:183} INFO - Processing /home/airflow/.local/lib/python3.12/site-packages/airflow/example_dags/tutorial_taskflow_api.py took 0.272 seconds
[2026-01-27T23:46:39.148+0000] {processor.py:161} INFO - Started process (PID=1133) to work on /home/airflow/.local/lib/python3.12/site-packages/airflow/example_dags/tutorial_taskflow_api.py
[2026-01-27T23:46:39.149+0000] {processor.py:830} INFO - Processing file /home/airflow/.local/lib/python3.12/site-packages/airflow/example_dags/tutorial_taskflow_api.py for tasks to queue
[2026-01-27T23:46:39.152+0000] {logging_mixin.py:188} INFO - [2026-01-27T23:46:39.151+0000] {dagbag.py:540} INFO - Filling up the DagBag from /home/airflow/.local/lib/python3.12/site-packages/airflow/example_dags/tutorial_taskflow_api.py
[2026-01-27T23:46:39.158+0000] {processor.py:840} INFO - DAG(s) 'tutorial_taskflow_api' retrieved from /home/airflow/.local/lib/python3.12/site-packages/airflow/example_dags/tutorial_taskflow_api.py
[2026-01-27T23:46:39.179+0000] {logging_mixin.py:188} INFO - [2026-01-27T23:46:39.179+0000] {dag.py:3096} INFO - Sync 1 DAGs
[2026-01-27T23:46:39.191+0000] {logging_mixin.py:188} INFO - [2026-01-27T23:46:39.191+0000] {dag.py:3954} INFO - Setting next_dagrun for tutorial_taskflow_api to None, run_after=None
[2026-01-27T23:46:39.213+0000] {processor.py:183} INFO - Processing /home/airflow/.local/lib/python3.12/site-packages/airflow/example_dags/tutorial_taskflow_api.py took 0.071 seconds
[2026-01-27T23:47:09.585+0000] {processor.py:161} INFO - Started process (PID=1185) to work on /home/airflow/.local/lib/python3.12/site-packages/airflow/example_dags/tutorial_taskflow_api.py
[2026-01-27T23:47:09.587+0000] {processor.py:830} INFO - Processing file /home/airflow/.local/lib/python3.12/site-packages/airflow/example_dags/tutorial_taskflow_api.py for tasks to queue
[2026-01-27T23:47:09.589+0000] {logging_mixin.py:188} INFO - [2026-01-27T23:47:09.589+0000] {dagbag.py:540} INFO - Filling up the DagBag from /home/airflow/.local/lib/python3.12/site-packages/airflow/example_dags/tutorial_taskflow_api.py
[2026-01-27T23:47:09.597+0000] {processor.py:840} INFO - DAG(s) 'tutorial_taskflow_api' retrieved from /home/airflow/.local/lib/python3.12/site-packages/airflow/example_dags/tutorial_taskflow_api.py
[2026-01-27T23:47:09.621+0000] {logging_mixin.py:188} INFO - [2026-01-27T23:47:09.621+0000] {dag.py:3096} INFO - Sync 1 DAGs
[2026-01-27T23:47:09.636+0000] {logging_mixin.py:188} INFO - [2026-01-27T23:47:09.635+0000] {dag.py:3954} INFO - Setting next_dagrun for tutorial_taskflow_api to None, run_after=None
[2026-01-27T23:47:09.659+0000] {processor.py:183} INFO - Processing /home/airflow/.local/lib/python3.12/site-packages/airflow/example_dags/tutorial_taskflow_api.py took 0.081 seconds
[2026-01-27T23:47:40.475+0000] {processor.py:161} INFO - Started process (PID=1237) to work on /home/airflow/.local/lib/python3.12/site-packages/airflow/example_dags/tutorial_taskflow_api.py
[2026-01-27T23:47:40.476+0000] {processor.py:830} INFO - Processing file /home/airflow/.local/lib/python3.12/site-packages/airflow/example_dags/tutorial_taskflow_api.py for tasks to queue
[2026-01-27T23:47:40.479+0000] {logging_mixin.py:188} INFO - [2026-01-27T23:47:40.478+0000] {dagbag.py:540} INFO - Filling up the DagBag from /home/airflow/.local/lib/python3.12/site-packages/airflow/example_dags/tutorial_taskflow_api.py
[2026-01-27T23:47:40.486+0000] {processor.py:840} INFO - DAG(s) 'tutorial_taskflow_api' retrieved from /home/airflow/.local/lib/python3.12/site-packages/airflow/example_dags/tutorial_taskflow_api.py
[2026-01-27T23:47:40.671+0000] {logging_mixin.py:188} INFO - [2026-01-27T23:47:40.671+0000] {dag.py:3096} INFO - Sync 1 DAGs
[2026-01-27T23:47:40.691+0000] {logging_mixin.py:188} INFO - [2026-01-27T23:47:40.690+0000] {dag.py:3954} INFO - Setting next_dagrun for tutorial_taskflow_api to None, run_after=None
[2026-01-27T23:47:40.720+0000] {processor.py:183} INFO - Processing /home/airflow/.local/lib/python3.12/site-packages/airflow/example_dags/tutorial_taskflow_api.py took 0.252 seconds
[2026-01-27T23:48:11.649+0000] {processor.py:161} INFO - Started process (PID=1289) to work on /home/airflow/.local/lib/python3.12/site-packages/airflow/example_dags/tutorial_taskflow_api.py
[2026-01-27T23:48:11.651+0000] {processor.py:830} INFO - Processing file /home/airflow/.local/lib/python3.12/site-packages/airflow/example_dags/tutorial_taskflow_api.py for tasks to queue
[2026-01-27T23:48:11.655+0000] {logging_mixin.py:188} INFO - [2026-01-27T23:48:11.653+0000] {dagbag.py:540} INFO - Filling up the DagBag from /home/airflow/.local/lib/python3.12/site-packages/airflow/example_dags/tutorial_taskflow_api.py
[2026-01-27T23:48:11.664+0000] {processor.py:840} INFO - DAG(s) 'tutorial_taskflow_api' retrieved from /home/airflow/.local/lib/python3.12/site-packages/airflow/example_dags/tutorial_taskflow_api.py
[2026-01-27T23:48:11.690+0000] {logging_mixin.py:188} INFO - [2026-01-27T23:48:11.689+0000] {dag.py:3096} INFO - Sync 1 DAGs
[2026-01-27T23:48:11.709+0000] {logging_mixin.py:188} INFO - [2026-01-27T23:48:11.709+0000] {dag.py:3954} INFO - Setting next_dagrun for tutorial_taskflow_api to None, run_after=None
[2026-01-27T23:48:11.745+0000] {processor.py:183} INFO - Processing /home/airflow/.local/lib/python3.12/site-packages/airflow/example_dags/tutorial_taskflow_api.py took 0.102 seconds
[2026-01-27T23:48:41.914+0000] {processor.py:161} INFO - Started process (PID=1341) to work on /home/airflow/.local/lib/python3.12/site-packages/airflow/example_dags/tutorial_taskflow_api.py
[2026-01-27T23:48:41.915+0000] {processor.py:830} INFO - Processing file /home/airflow/.local/lib/python3.12/site-packages/airflow/example_dags/tutorial_taskflow_api.py for tasks to queue
[2026-01-27T23:48:41.918+0000] {logging_mixin.py:188} INFO - [2026-01-27T23:48:41.917+0000] {dagbag.py:540} INFO - Filling up the DagBag from /home/airflow/.local/lib/python3.12/site-packages/airflow/example_dags/tutorial_taskflow_api.py
[2026-01-27T23:48:41.924+0000] {processor.py:840} INFO - DAG(s) 'tutorial_taskflow_api' retrieved from /home/airflow/.local/lib/python3.12/site-packages/airflow/example_dags/tutorial_taskflow_api.py
[2026-01-27T23:48:41.945+0000] {logging_mixin.py:188} INFO - [2026-01-27T23:48:41.945+0000] {dag.py:3096} INFO - Sync 1 DAGs
[2026-01-27T23:48:41.958+0000] {logging_mixin.py:188} INFO - [2026-01-27T23:48:41.958+0000] {dag.py:3954} INFO - Setting next_dagrun for tutorial_taskflow_api to None, run_after=None
[2026-01-27T23:48:41.981+0000] {processor.py:183} INFO - Processing /home/airflow/.local/lib/python3.12/site-packages/airflow/example_dags/tutorial_taskflow_api.py took 0.073 seconds
[2026-01-27T23:49:12.684+0000] {processor.py:161} INFO - Started process (PID=1393) to work on /home/airflow/.local/lib/python3.12/site-packages/airflow/example_dags/tutorial_taskflow_api.py
[2026-01-27T23:49:12.685+0000] {processor.py:830} INFO - Processing file /home/airflow/.local/lib/python3.12/site-packages/airflow/example_dags/tutorial_taskflow_api.py for tasks to queue
[2026-01-27T23:49:12.687+0000] {logging_mixin.py:188} INFO - [2026-01-27T23:49:12.687+0000] {dagbag.py:540} INFO - Filling up the DagBag from /home/airflow/.local/lib/python3.12/site-packages/airflow/example_dags/tutorial_taskflow_api.py
[2026-01-27T23:49:12.696+0000] {processor.py:840} INFO - DAG(s) 'tutorial_taskflow_api' retrieved from /home/airflow/.local/lib/python3.12/site-packages/airflow/example_dags/tutorial_taskflow_api.py
[2026-01-27T23:49:12.718+0000] {logging_mixin.py:188} INFO - [2026-01-27T23:49:12.718+0000] {dag.py:3096} INFO - Sync 1 DAGs
[2026-01-27T23:49:12.730+0000] {logging_mixin.py:188} INFO - [2026-01-27T23:49:12.729+0000] {dag.py:3954} INFO - Setting next_dagrun for tutorial_taskflow_api to None, run_after=None
[2026-01-27T23:49:12.762+0000] {processor.py:183} INFO - Processing /home/airflow/.local/lib/python3.12/site-packages/airflow/example_dags/tutorial_taskflow_api.py took 0.084 seconds
[2026-01-27T23:49:43.011+0000] {processor.py:161} INFO - Started process (PID=1445) to work on /home/airflow/.local/lib/python3.12/site-packages/airflow/example_dags/tutorial_taskflow_api.py
[2026-01-27T23:49:43.013+0000] {processor.py:830} INFO - Processing file /home/airflow/.local/lib/python3.12/site-packages/airflow/example_dags/tutorial_taskflow_api.py for tasks to queue
[2026-01-27T23:49:43.014+0000] {logging_mixin.py:188} INFO - [2026-01-27T23:49:43.014+0000] {dagbag.py:540} INFO - Filling up the DagBag from /home/airflow/.local/lib/python3.12/site-packages/airflow/example_dags/tutorial_taskflow_api.py
[2026-01-27T23:49:43.021+0000] {processor.py:840} INFO - DAG(s) 'tutorial_taskflow_api' retrieved from /home/airflow/.local/lib/python3.12/site-packages/airflow/example_dags/tutorial_taskflow_api.py
[2026-01-27T23:49:43.040+0000] {logging_mixin.py:188} INFO - [2026-01-27T23:49:43.040+0000] {dag.py:3096} INFO - Sync 1 DAGs
[2026-01-27T23:49:43.054+0000] {logging_mixin.py:188} INFO - [2026-01-27T23:49:43.053+0000] {dag.py:3954} INFO - Setting next_dagrun for tutorial_taskflow_api to None, run_after=None
[2026-01-27T23:49:43.074+0000] {processor.py:183} INFO - Processing /home/airflow/.local/lib/python3.12/site-packages/airflow/example_dags/tutorial_taskflow_api.py took 0.068 seconds
[2026-01-27T23:50:13.479+0000] {processor.py:161} INFO - Started process (PID=1497) to work on /home/airflow/.local/lib/python3.12/site-packages/airflow/example_dags/tutorial_taskflow_api.py
[2026-01-27T23:50:13.480+0000] {processor.py:830} INFO - Processing file /home/airflow/.local/lib/python3.12/site-packages/airflow/example_dags/tutorial_taskflow_api.py for tasks to queue
[2026-01-27T23:50:13.483+0000] {logging_mixin.py:188} INFO - [2026-01-27T23:50:13.483+0000] {dagbag.py:540} INFO - Filling up the DagBag from /home/airflow/.local/lib/python3.12/site-packages/airflow/example_dags/tutorial_taskflow_api.py
[2026-01-27T23:50:13.493+0000] {processor.py:840} INFO - DAG(s) 'tutorial_taskflow_api' retrieved from /home/airflow/.local/lib/python3.12/site-packages/airflow/example_dags/tutorial_taskflow_api.py
[2026-01-27T23:50:13.519+0000] {logging_mixin.py:188} INFO - [2026-01-27T23:50:13.519+0000] {dag.py:3096} INFO - Sync 1 DAGs
[2026-01-27T23:50:13.535+0000] {logging_mixin.py:188} INFO - [2026-01-27T23:50:13.535+0000] {dag.py:3954} INFO - Setting next_dagrun for tutorial_taskflow_api to None, run_after=None
[2026-01-27T23:50:13.561+0000] {processor.py:183} INFO - Processing /home/airflow/.local/lib/python3.12/site-packages/airflow/example_dags/tutorial_taskflow_api.py took 0.090 seconds
[2026-01-27T23:50:43.813+0000] {processor.py:161} INFO - Started process (PID=1549) to work on /home/airflow/.local/lib/python3.12/site-packages/airflow/example_dags/tutorial_taskflow_api.py
[2026-01-27T23:50:43.814+0000] {processor.py:830} INFO - Processing file /home/airflow/.local/lib/python3.12/site-packages/airflow/example_dags/tutorial_taskflow_api.py for tasks to queue
[2026-01-27T23:50:43.816+0000] {logging_mixin.py:188} INFO - [2026-01-27T23:50:43.816+0000] {dagbag.py:540} INFO - Filling up the DagBag from /home/airflow/.local/lib/python3.12/site-packages/airflow/example_dags/tutorial_taskflow_api.py
[2026-01-27T23:50:43.824+0000] {processor.py:840} INFO - DAG(s) 'tutorial_taskflow_api' retrieved from /home/airflow/.local/lib/python3.12/site-packages/airflow/example_dags/tutorial_taskflow_api.py
[2026-01-27T23:50:43.846+0000] {logging_mixin.py:188} INFO - [2026-01-27T23:50:43.846+0000] {dag.py:3096} INFO - Sync 1 DAGs
[2026-01-27T23:50:43.859+0000] {logging_mixin.py:188} INFO - [2026-01-27T23:50:43.859+0000] {dag.py:3954} INFO - Setting next_dagrun for tutorial_taskflow_api to None, run_after=None
[2026-01-27T23:50:43.883+0000] {processor.py:183} INFO - Processing /home/airflow/.local/lib/python3.12/site-packages/airflow/example_dags/tutorial_taskflow_api.py took 0.076 seconds
[2026-01-27T23:51:14.313+0000] {processor.py:161} INFO - Started process (PID=1601) to work on /home/airflow/.local/lib/python3.12/site-packages/airflow/example_dags/tutorial_taskflow_api.py
[2026-01-27T23:51:14.315+0000] {processor.py:830} INFO - Processing file /home/airflow/.local/lib/python3.12/site-packages/airflow/example_dags/tutorial_taskflow_api.py for tasks to queue
[2026-01-27T23:51:14.317+0000] {logging_mixin.py:188} INFO - [2026-01-27T23:51:14.317+0000] {dagbag.py:540} INFO - Filling up the DagBag from /home/airflow/.local/lib/python3.12/site-packages/airflow/example_dags/tutorial_taskflow_api.py
[2026-01-27T23:51:14.325+0000] {processor.py:840} INFO - DAG(s) 'tutorial_taskflow_api' retrieved from /home/airflow/.local/lib/python3.12/site-packages/airflow/example_dags/tutorial_taskflow_api.py
[2026-01-27T23:51:14.349+0000] {logging_mixin.py:188} INFO - [2026-01-27T23:51:14.349+0000] {dag.py:3096} INFO - Sync 1 DAGs
[2026-01-27T23:51:14.364+0000] {logging_mixin.py:188} INFO - [2026-01-27T23:51:14.364+0000] {dag.py:3954} INFO - Setting next_dagrun for tutorial_taskflow_api to None, run_after=None
[2026-01-27T23:51:14.399+0000] {processor.py:183} INFO - Processing /home/airflow/.local/lib/python3.12/site-packages/airflow/example_dags/tutorial_taskflow_api.py took 0.093 seconds
[2026-01-27T23:51:44.516+0000] {processor.py:161} INFO - Started process (PID=1651) to work on /home/airflow/.local/lib/python3.12/site-packages/airflow/example_dags/tutorial_taskflow_api.py
[2026-01-27T23:51:44.517+0000] {processor.py:830} INFO - Processing file /home/airflow/.local/lib/python3.12/site-packages/airflow/example_dags/tutorial_taskflow_api.py for tasks to queue
[2026-01-27T23:51:44.521+0000] {logging_mixin.py:188} INFO - [2026-01-27T23:51:44.520+0000] {dagbag.py:540} INFO - Filling up the DagBag from /home/airflow/.local/lib/python3.12/site-packages/airflow/example_dags/tutorial_taskflow_api.py
[2026-01-27T23:51:44.527+0000] {processor.py:840} INFO - DAG(s) 'tutorial_taskflow_api' retrieved from /home/airflow/.local/lib/python3.12/site-packages/airflow/example_dags/tutorial_taskflow_api.py
[2026-01-27T23:51:44.550+0000] {logging_mixin.py:188} INFO - [2026-01-27T23:51:44.549+0000] {dag.py:3096} INFO - Sync 1 DAGs
[2026-01-27T23:51:44.562+0000] {logging_mixin.py:188} INFO - [2026-01-27T23:51:44.561+0000] {dag.py:3954} INFO - Setting next_dagrun for tutorial_taskflow_api to None, run_after=None
[2026-01-27T23:51:44.579+0000] {processor.py:183} INFO - Processing /home/airflow/.local/lib/python3.12/site-packages/airflow/example_dags/tutorial_taskflow_api.py took 0.068 seconds
[2026-01-27T23:52:14.909+0000] {processor.py:161} INFO - Started process (PID=1703) to work on /home/airflow/.local/lib/python3.12/site-packages/airflow/example_dags/tutorial_taskflow_api.py
[2026-01-27T23:52:14.910+0000] {processor.py:830} INFO - Processing file /home/airflow/.local/lib/python3.12/site-packages/airflow/example_dags/tutorial_taskflow_api.py for tasks to queue
[2026-01-27T23:52:14.915+0000] {logging_mixin.py:188} INFO - [2026-01-27T23:52:14.914+0000] {dagbag.py:540} INFO - Filling up the DagBag from /home/airflow/.local/lib/python3.12/site-packages/airflow/example_dags/tutorial_taskflow_api.py
[2026-01-27T23:52:14.923+0000] {processor.py:840} INFO - DAG(s) 'tutorial_taskflow_api' retrieved from /home/airflow/.local/lib/python3.12/site-packages/airflow/example_dags/tutorial_taskflow_api.py
[2026-01-27T23:52:14.953+0000] {logging_mixin.py:188} INFO - [2026-01-27T23:52:14.953+0000] {dag.py:3096} INFO - Sync 1 DAGs
[2026-01-27T23:52:14.977+0000] {logging_mixin.py:188} INFO - [2026-01-27T23:52:14.977+0000] {dag.py:3954} INFO - Setting next_dagrun for tutorial_taskflow_api to None, run_after=None
[2026-01-27T23:52:15.015+0000] {processor.py:183} INFO - Processing /home/airflow/.local/lib/python3.12/site-packages/airflow/example_dags/tutorial_taskflow_api.py took 0.113 seconds
[2026-01-27T23:52:45.085+0000] {processor.py:161} INFO - Started process (PID=1755) to work on /home/airflow/.local/lib/python3.12/site-packages/airflow/example_dags/tutorial_taskflow_api.py
[2026-01-27T23:52:45.087+0000] {processor.py:830} INFO - Processing file /home/airflow/.local/lib/python3.12/site-packages/airflow/example_dags/tutorial_taskflow_api.py for tasks to queue
[2026-01-27T23:52:45.091+0000] {logging_mixin.py:188} INFO - [2026-01-27T23:52:45.089+0000] {dagbag.py:540} INFO - Filling up the DagBag from /home/airflow/.local/lib/python3.12/site-packages/airflow/example_dags/tutorial_taskflow_api.py
[2026-01-27T23:52:45.102+0000] {processor.py:840} INFO - DAG(s) 'tutorial_taskflow_api' retrieved from /home/airflow/.local/lib/python3.12/site-packages/airflow/example_dags/tutorial_taskflow_api.py
[2026-01-27T23:52:45.132+0000] {logging_mixin.py:188} INFO - [2026-01-27T23:52:45.132+0000] {dag.py:3096} INFO - Sync 1 DAGs
[2026-01-27T23:52:45.149+0000] {logging_mixin.py:188} INFO - [2026-01-27T23:52:45.148+0000] {dag.py:3954} INFO - Setting next_dagrun for tutorial_taskflow_api to None, run_after=None
[2026-01-27T23:52:45.180+0000] {processor.py:183} INFO - Processing /home/airflow/.local/lib/python3.12/site-packages/airflow/example_dags/tutorial_taskflow_api.py took 0.110 seconds
[2026-01-27T23:53:15.287+0000] {processor.py:161} INFO - Started process (PID=1807) to work on /home/airflow/.local/lib/python3.12/site-packages/airflow/example_dags/tutorial_taskflow_api.py
[2026-01-27T23:53:15.294+0000] {processor.py:830} INFO - Processing file /home/airflow/.local/lib/python3.12/site-packages/airflow/example_dags/tutorial_taskflow_api.py for tasks to queue
[2026-01-27T23:53:15.296+0000] {logging_mixin.py:188} INFO - [2026-01-27T23:53:15.296+0000] {dagbag.py:540} INFO - Filling up the DagBag from /home/airflow/.local/lib/python3.12/site-packages/airflow/example_dags/tutorial_taskflow_api.py
[2026-01-27T23:53:15.306+0000] {processor.py:840} INFO - DAG(s) 'tutorial_taskflow_api' retrieved from /home/airflow/.local/lib/python3.12/site-packages/airflow/example_dags/tutorial_taskflow_api.py
[2026-01-27T23:53:15.332+0000] {logging_mixin.py:188} INFO - [2026-01-27T23:53:15.332+0000] {dag.py:3096} INFO - Sync 1 DAGs
[2026-01-27T23:53:15.346+0000] {logging_mixin.py:188} INFO - [2026-01-27T23:53:15.345+0000] {dag.py:3954} INFO - Setting next_dagrun for tutorial_taskflow_api to None, run_after=None
[2026-01-27T23:53:15.376+0000] {processor.py:183} INFO - Processing /home/airflow/.local/lib/python3.12/site-packages/airflow/example_dags/tutorial_taskflow_api.py took 0.097 seconds
[2026-01-27T23:53:45.562+0000] {processor.py:161} INFO - Started process (PID=1859) to work on /home/airflow/.local/lib/python3.12/site-packages/airflow/example_dags/tutorial_taskflow_api.py
[2026-01-27T23:53:45.563+0000] {processor.py:830} INFO - Processing file /home/airflow/.local/lib/python3.12/site-packages/airflow/example_dags/tutorial_taskflow_api.py for tasks to queue
[2026-01-27T23:53:45.565+0000] {logging_mixin.py:188} INFO - [2026-01-27T23:53:45.565+0000] {dagbag.py:540} INFO - Filling up the DagBag from /home/airflow/.local/lib/python3.12/site-packages/airflow/example_dags/tutorial_taskflow_api.py
[2026-01-27T23:53:45.573+0000] {processor.py:840} INFO - DAG(s) 'tutorial_taskflow_api' retrieved from /home/airflow/.local/lib/python3.12/site-packages/airflow/example_dags/tutorial_taskflow_api.py
[2026-01-27T23:53:45.595+0000] {logging_mixin.py:188} INFO - [2026-01-27T23:53:45.595+0000] {dag.py:3096} INFO - Sync 1 DAGs
[2026-01-27T23:53:45.611+0000] {logging_mixin.py:188} INFO - [2026-01-27T23:53:45.610+0000] {dag.py:3954} INFO - Setting next_dagrun for tutorial_taskflow_api to None, run_after=None
[2026-01-27T23:53:45.631+0000] {processor.py:183} INFO - Processing /home/airflow/.local/lib/python3.12/site-packages/airflow/example_dags/tutorial_taskflow_api.py took 0.077 seconds
[2026-01-27T23:54:16.141+0000] {processor.py:161} INFO - Started process (PID=1911) to work on /home/airflow/.local/lib/python3.12/site-packages/airflow/example_dags/tutorial_taskflow_api.py
[2026-01-27T23:54:16.143+0000] {processor.py:830} INFO - Processing file /home/airflow/.local/lib/python3.12/site-packages/airflow/example_dags/tutorial_taskflow_api.py for tasks to queue
[2026-01-27T23:54:16.147+0000] {logging_mixin.py:188} INFO - [2026-01-27T23:54:16.147+0000] {dagbag.py:540} INFO - Filling up the DagBag from /home/airflow/.local/lib/python3.12/site-packages/airflow/example_dags/tutorial_taskflow_api.py
[2026-01-27T23:54:16.157+0000] {processor.py:840} INFO - DAG(s) 'tutorial_taskflow_api' retrieved from /home/airflow/.local/lib/python3.12/site-packages/airflow/example_dags/tutorial_taskflow_api.py
[2026-01-27T23:54:16.177+0000] {logging_mixin.py:188} INFO - [2026-01-27T23:54:16.177+0000] {dag.py:3096} INFO - Sync 1 DAGs
[2026-01-27T23:54:16.189+0000] {logging_mixin.py:188} INFO - [2026-01-27T23:54:16.189+0000] {dag.py:3954} INFO - Setting next_dagrun for tutorial_taskflow_api to None, run_after=None
[2026-01-27T23:54:16.214+0000] {processor.py:183} INFO - Processing /home/airflow/.local/lib/python3.12/site-packages/airflow/example_dags/tutorial_taskflow_api.py took 0.080 seconds
[2026-01-27T23:54:46.276+0000] {processor.py:161} INFO - Started process (PID=1963) to work on /home/airflow/.local/lib/python3.12/site-packages/airflow/example_dags/tutorial_taskflow_api.py
[2026-01-27T23:54:46.277+0000] {processor.py:830} INFO - Processing file /home/airflow/.local/lib/python3.12/site-packages/airflow/example_dags/tutorial_taskflow_api.py for tasks to queue
[2026-01-27T23:54:46.280+0000] {logging_mixin.py:188} INFO - [2026-01-27T23:54:46.279+0000] {dagbag.py:540} INFO - Filling up the DagBag from /home/airflow/.local/lib/python3.12/site-packages/airflow/example_dags/tutorial_taskflow_api.py
[2026-01-27T23:54:46.286+0000] {processor.py:840} INFO - DAG(s) 'tutorial_taskflow_api' retrieved from /home/airflow/.local/lib/python3.12/site-packages/airflow/example_dags/tutorial_taskflow_api.py
[2026-01-27T23:54:46.306+0000] {logging_mixin.py:188} INFO - [2026-01-27T23:54:46.306+0000] {dag.py:3096} INFO - Sync 1 DAGs
[2026-01-27T23:54:46.318+0000] {logging_mixin.py:188} INFO - [2026-01-27T23:54:46.318+0000] {dag.py:3954} INFO - Setting next_dagrun for tutorial_taskflow_api to None, run_after=None
[2026-01-27T23:54:46.341+0000] {processor.py:183} INFO - Processing /home/airflow/.local/lib/python3.12/site-packages/airflow/example_dags/tutorial_taskflow_api.py took 0.070 seconds
[2026-01-27T23:55:17.045+0000] {processor.py:161} INFO - Started process (PID=2015) to work on /home/airflow/.local/lib/python3.12/site-packages/airflow/example_dags/tutorial_taskflow_api.py
[2026-01-27T23:55:17.046+0000] {processor.py:830} INFO - Processing file /home/airflow/.local/lib/python3.12/site-packages/airflow/example_dags/tutorial_taskflow_api.py for tasks to queue
[2026-01-27T23:55:17.048+0000] {logging_mixin.py:188} INFO - [2026-01-27T23:55:17.048+0000] {dagbag.py:540} INFO - Filling up the DagBag from /home/airflow/.local/lib/python3.12/site-packages/airflow/example_dags/tutorial_taskflow_api.py
[2026-01-27T23:55:17.054+0000] {processor.py:840} INFO - DAG(s) 'tutorial_taskflow_api' retrieved from /home/airflow/.local/lib/python3.12/site-packages/airflow/example_dags/tutorial_taskflow_api.py
[2026-01-27T23:55:17.073+0000] {logging_mixin.py:188} INFO - [2026-01-27T23:55:17.073+0000] {dag.py:3096} INFO - Sync 1 DAGs
[2026-01-27T23:55:17.085+0000] {logging_mixin.py:188} INFO - [2026-01-27T23:55:17.085+0000] {dag.py:3954} INFO - Setting next_dagrun for tutorial_taskflow_api to None, run_after=None
[2026-01-27T23:55:17.106+0000] {processor.py:183} INFO - Processing /home/airflow/.local/lib/python3.12/site-packages/airflow/example_dags/tutorial_taskflow_api.py took 0.066 seconds
[2026-01-27T23:55:47.901+0000] {processor.py:161} INFO - Started process (PID=2067) to work on /home/airflow/.local/lib/python3.12/site-packages/airflow/example_dags/tutorial_taskflow_api.py
[2026-01-27T23:55:47.902+0000] {processor.py:830} INFO - Processing file /home/airflow/.local/lib/python3.12/site-packages/airflow/example_dags/tutorial_taskflow_api.py for tasks to queue
[2026-01-27T23:55:47.904+0000] {logging_mixin.py:188} INFO - [2026-01-27T23:55:47.903+0000] {dagbag.py:540} INFO - Filling up the DagBag from /home/airflow/.local/lib/python3.12/site-packages/airflow/example_dags/tutorial_taskflow_api.py
[2026-01-27T23:55:47.910+0000] {processor.py:840} INFO - DAG(s) 'tutorial_taskflow_api' retrieved from /home/airflow/.local/lib/python3.12/site-packages/airflow/example_dags/tutorial_taskflow_api.py
[2026-01-27T23:55:47.932+0000] {logging_mixin.py:188} INFO - [2026-01-27T23:55:47.932+0000] {dag.py:3096} INFO - Sync 1 DAGs
[2026-01-27T23:55:47.944+0000] {logging_mixin.py:188} INFO - [2026-01-27T23:55:47.944+0000] {dag.py:3954} INFO - Setting next_dagrun for tutorial_taskflow_api to None, run_after=None
[2026-01-27T23:55:47.966+0000] {processor.py:183} INFO - Processing /home/airflow/.local/lib/python3.12/site-packages/airflow/example_dags/tutorial_taskflow_api.py took 0.071 seconds
[2026-01-27T23:56:18.375+0000] {processor.py:161} INFO - Started process (PID=2119) to work on /home/airflow/.local/lib/python3.12/site-packages/airflow/example_dags/tutorial_taskflow_api.py
[2026-01-27T23:56:18.376+0000] {processor.py:830} INFO - Processing file /home/airflow/.local/lib/python3.12/site-packages/airflow/example_dags/tutorial_taskflow_api.py for tasks to queue
[2026-01-27T23:56:18.378+0000] {logging_mixin.py:188} INFO - [2026-01-27T23:56:18.378+0000] {dagbag.py:540} INFO - Filling up the DagBag from /home/airflow/.local/lib/python3.12/site-packages/airflow/example_dags/tutorial_taskflow_api.py
[2026-01-27T23:56:18.384+0000] {processor.py:840} INFO - DAG(s) 'tutorial_taskflow_api' retrieved from /home/airflow/.local/lib/python3.12/site-packages/airflow/example_dags/tutorial_taskflow_api.py
[2026-01-27T23:56:18.404+0000] {logging_mixin.py:188} INFO - [2026-01-27T23:56:18.404+0000] {dag.py:3096} INFO - Sync 1 DAGs
[2026-01-27T23:56:18.416+0000] {logging_mixin.py:188} INFO - [2026-01-27T23:56:18.416+0000] {dag.py:3954} INFO - Setting next_dagrun for tutorial_taskflow_api to None, run_after=None
[2026-01-27T23:56:18.436+0000] {processor.py:183} INFO - Processing /home/airflow/.local/lib/python3.12/site-packages/airflow/example_dags/tutorial_taskflow_api.py took 0.067 seconds
[2026-01-27T23:56:48.625+0000] {processor.py:161} INFO - Started process (PID=2171) to work on /home/airflow/.local/lib/python3.12/site-packages/airflow/example_dags/tutorial_taskflow_api.py
[2026-01-27T23:56:48.626+0000] {processor.py:830} INFO - Processing file /home/airflow/.local/lib/python3.12/site-packages/airflow/example_dags/tutorial_taskflow_api.py for tasks to queue
[2026-01-27T23:56:48.630+0000] {logging_mixin.py:188} INFO - [2026-01-27T23:56:48.629+0000] {dagbag.py:540} INFO - Filling up the DagBag from /home/airflow/.local/lib/python3.12/site-packages/airflow/example_dags/tutorial_taskflow_api.py
[2026-01-27T23:56:48.635+0000] {processor.py:840} INFO - DAG(s) 'tutorial_taskflow_api' retrieved from /home/airflow/.local/lib/python3.12/site-packages/airflow/example_dags/tutorial_taskflow_api.py
[2026-01-27T23:56:48.657+0000] {logging_mixin.py:188} INFO - [2026-01-27T23:56:48.656+0000] {dag.py:3096} INFO - Sync 1 DAGs
[2026-01-27T23:56:48.671+0000] {logging_mixin.py:188} INFO - [2026-01-27T23:56:48.671+0000] {dag.py:3954} INFO - Setting next_dagrun for tutorial_taskflow_api to None, run_after=None
[2026-01-27T23:56:48.693+0000] {processor.py:183} INFO - Processing /home/airflow/.local/lib/python3.12/site-packages/airflow/example_dags/tutorial_taskflow_api.py took 0.075 seconds
[2026-01-27T23:57:19.506+0000] {processor.py:161} INFO - Started process (PID=2223) to work on /home/airflow/.local/lib/python3.12/site-packages/airflow/example_dags/tutorial_taskflow_api.py
[2026-01-27T23:57:19.507+0000] {processor.py:830} INFO - Processing file /home/airflow/.local/lib/python3.12/site-packages/airflow/example_dags/tutorial_taskflow_api.py for tasks to queue
[2026-01-27T23:57:19.510+0000] {logging_mixin.py:188} INFO - [2026-01-27T23:57:19.510+0000] {dagbag.py:540} INFO - Filling up the DagBag from /home/airflow/.local/lib/python3.12/site-packages/airflow/example_dags/tutorial_taskflow_api.py
[2026-01-27T23:57:19.521+0000] {processor.py:840} INFO - DAG(s) 'tutorial_taskflow_api' retrieved from /home/airflow/.local/lib/python3.12/site-packages/airflow/example_dags/tutorial_taskflow_api.py
[2026-01-27T23:57:19.540+0000] {logging_mixin.py:188} INFO - [2026-01-27T23:57:19.540+0000] {dag.py:3096} INFO - Sync 1 DAGs
[2026-01-27T23:57:19.553+0000] {logging_mixin.py:188} INFO - [2026-01-27T23:57:19.552+0000] {dag.py:3954} INFO - Setting next_dagrun for tutorial_taskflow_api to None, run_after=None
[2026-01-27T23:57:19.580+0000] {processor.py:183} INFO - Processing /home/airflow/.local/lib/python3.12/site-packages/airflow/example_dags/tutorial_taskflow_api.py took 0.079 seconds
[2026-01-27T23:57:50.382+0000] {processor.py:161} INFO - Started process (PID=2275) to work on /home/airflow/.local/lib/python3.12/site-packages/airflow/example_dags/tutorial_taskflow_api.py
[2026-01-27T23:57:50.383+0000] {processor.py:830} INFO - Processing file /home/airflow/.local/lib/python3.12/site-packages/airflow/example_dags/tutorial_taskflow_api.py for tasks to queue
[2026-01-27T23:57:50.385+0000] {logging_mixin.py:188} INFO - [2026-01-27T23:57:50.384+0000] {dagbag.py:540} INFO - Filling up the DagBag from /home/airflow/.local/lib/python3.12/site-packages/airflow/example_dags/tutorial_taskflow_api.py
[2026-01-27T23:57:50.391+0000] {processor.py:840} INFO - DAG(s) 'tutorial_taskflow_api' retrieved from /home/airflow/.local/lib/python3.12/site-packages/airflow/example_dags/tutorial_taskflow_api.py
[2026-01-27T23:57:50.413+0000] {logging_mixin.py:188} INFO - [2026-01-27T23:57:50.412+0000] {dag.py:3096} INFO - Sync 1 DAGs
[2026-01-27T23:57:50.424+0000] {logging_mixin.py:188} INFO - [2026-01-27T23:57:50.424+0000] {dag.py:3954} INFO - Setting next_dagrun for tutorial_taskflow_api to None, run_after=None
[2026-01-27T23:57:50.444+0000] {processor.py:183} INFO - Processing /home/airflow/.local/lib/python3.12/site-packages/airflow/example_dags/tutorial_taskflow_api.py took 0.069 seconds
[2026-01-27T23:58:20.539+0000] {processor.py:161} INFO - Started process (PID=2327) to work on /home/airflow/.local/lib/python3.12/site-packages/airflow/example_dags/tutorial_taskflow_api.py
[2026-01-27T23:58:20.540+0000] {processor.py:830} INFO - Processing file /home/airflow/.local/lib/python3.12/site-packages/airflow/example_dags/tutorial_taskflow_api.py for tasks to queue
[2026-01-27T23:58:20.542+0000] {logging_mixin.py:188} INFO - [2026-01-27T23:58:20.542+0000] {dagbag.py:540} INFO - Filling up the DagBag from /home/airflow/.local/lib/python3.12/site-packages/airflow/example_dags/tutorial_taskflow_api.py
[2026-01-27T23:58:20.548+0000] {processor.py:840} INFO - DAG(s) 'tutorial_taskflow_api' retrieved from /home/airflow/.local/lib/python3.12/site-packages/airflow/example_dags/tutorial_taskflow_api.py
[2026-01-27T23:58:20.568+0000] {logging_mixin.py:188} INFO - [2026-01-27T23:58:20.568+0000] {dag.py:3096} INFO - Sync 1 DAGs
[2026-01-27T23:58:20.579+0000] {logging_mixin.py:188} INFO - [2026-01-27T23:58:20.579+0000] {dag.py:3954} INFO - Setting next_dagrun for tutorial_taskflow_api to None, run_after=None
[2026-01-27T23:58:20.599+0000] {processor.py:183} INFO - Processing /home/airflow/.local/lib/python3.12/site-packages/airflow/example_dags/tutorial_taskflow_api.py took 0.067 seconds
[2026-01-27T23:58:51.316+0000] {processor.py:161} INFO - Started process (PID=2379) to work on /home/airflow/.local/lib/python3.12/site-packages/airflow/example_dags/tutorial_taskflow_api.py
[2026-01-27T23:58:51.318+0000] {processor.py:830} INFO - Processing file /home/airflow/.local/lib/python3.12/site-packages/airflow/example_dags/tutorial_taskflow_api.py for tasks to queue
[2026-01-27T23:58:51.320+0000] {logging_mixin.py:188} INFO - [2026-01-27T23:58:51.320+0000] {dagbag.py:540} INFO - Filling up the DagBag from /home/airflow/.local/lib/python3.12/site-packages/airflow/example_dags/tutorial_taskflow_api.py
[2026-01-27T23:58:51.329+0000] {processor.py:840} INFO - DAG(s) 'tutorial_taskflow_api' retrieved from /home/airflow/.local/lib/python3.12/site-packages/airflow/example_dags/tutorial_taskflow_api.py
[2026-01-27T23:58:51.349+0000] {logging_mixin.py:188} INFO - [2026-01-27T23:58:51.349+0000] {dag.py:3096} INFO - Sync 1 DAGs
[2026-01-27T23:58:51.367+0000] {logging_mixin.py:188} INFO - [2026-01-27T23:58:51.366+0000] {dag.py:3954} INFO - Setting next_dagrun for tutorial_taskflow_api to None, run_after=None
[2026-01-27T23:58:51.386+0000] {processor.py:183} INFO - Processing /home/airflow/.local/lib/python3.12/site-packages/airflow/example_dags/tutorial_taskflow_api.py took 0.078 seconds
[2026-01-27T23:59:22.116+0000] {processor.py:161} INFO - Started process (PID=2431) to work on /home/airflow/.local/lib/python3.12/site-packages/airflow/example_dags/tutorial_taskflow_api.py
[2026-01-27T23:59:22.117+0000] {processor.py:830} INFO - Processing file /home/airflow/.local/lib/python3.12/site-packages/airflow/example_dags/tutorial_taskflow_api.py for tasks to queue
[2026-01-27T23:59:22.119+0000] {logging_mixin.py:188} INFO - [2026-01-27T23:59:22.119+0000] {dagbag.py:540} INFO - Filling up the DagBag from /home/airflow/.local/lib/python3.12/site-packages/airflow/example_dags/tutorial_taskflow_api.py
[2026-01-27T23:59:22.125+0000] {processor.py:840} INFO - DAG(s) 'tutorial_taskflow_api' retrieved from /home/airflow/.local/lib/python3.12/site-packages/airflow/example_dags/tutorial_taskflow_api.py
[2026-01-27T23:59:22.145+0000] {logging_mixin.py:188} INFO - [2026-01-27T23:59:22.144+0000] {dag.py:3096} INFO - Sync 1 DAGs
[2026-01-27T23:59:22.157+0000] {logging_mixin.py:188} INFO - [2026-01-27T23:59:22.157+0000] {dag.py:3954} INFO - Setting next_dagrun for tutorial_taskflow_api to None, run_after=None
[2026-01-27T23:59:22.177+0000] {processor.py:183} INFO - Processing /home/airflow/.local/lib/python3.12/site-packages/airflow/example_dags/tutorial_taskflow_api.py took 0.066 seconds
[2026-01-27T23:59:52.649+0000] {processor.py:161} INFO - Started process (PID=2483) to work on /home/airflow/.local/lib/python3.12/site-packages/airflow/example_dags/tutorial_taskflow_api.py
[2026-01-27T23:59:52.650+0000] {processor.py:830} INFO - Processing file /home/airflow/.local/lib/python3.12/site-packages/airflow/example_dags/tutorial_taskflow_api.py for tasks to queue
[2026-01-27T23:59:52.652+0000] {logging_mixin.py:188} INFO - [2026-01-27T23:59:52.652+0000] {dagbag.py:540} INFO - Filling up the DagBag from /home/airflow/.local/lib/python3.12/site-packages/airflow/example_dags/tutorial_taskflow_api.py
[2026-01-27T23:59:52.660+0000] {processor.py:840} INFO - DAG(s) 'tutorial_taskflow_api' retrieved from /home/airflow/.local/lib/python3.12/site-packages/airflow/example_dags/tutorial_taskflow_api.py
[2026-01-27T23:59:52.680+0000] {logging_mixin.py:188} INFO - [2026-01-27T23:59:52.680+0000] {dag.py:3096} INFO - Sync 1 DAGs
[2026-01-27T23:59:52.692+0000] {logging_mixin.py:188} INFO - [2026-01-27T23:59:52.692+0000] {dag.py:3954} INFO - Setting next_dagrun for tutorial_taskflow_api to None, run_after=None
[2026-01-27T23:59:52.713+0000] {processor.py:183} INFO - Processing /home/airflow/.local/lib/python3.12/site-packages/airflow/example_dags/tutorial_taskflow_api.py took 0.070 seconds
