[2026-01-27T23:36:01.859+0000] {processor.py:161} INFO - Started process (PID=49) to work on /home/airflow/.local/lib/python3.12/site-packages/airflow/example_dags/tutorial_dag.py
[2026-01-27T23:36:01.871+0000] {processor.py:830} INFO - Processing file /home/airflow/.local/lib/python3.12/site-packages/airflow/example_dags/tutorial_dag.py for tasks to queue
[2026-01-27T23:36:01.879+0000] {logging_mixin.py:188} INFO - [2026-01-27T23:36:01.877+0000] {dagbag.py:540} INFO - Filling up the DagBag from /home/airflow/.local/lib/python3.12/site-packages/airflow/example_dags/tutorial_dag.py
[2026-01-27T23:36:01.954+0000] {processor.py:840} INFO - DAG(s) 'tutorial_dag' retrieved from /home/airflow/.local/lib/python3.12/site-packages/airflow/example_dags/tutorial_dag.py
[2026-01-27T23:36:02.620+0000] {logging_mixin.py:188} INFO - [2026-01-27T23:36:02.619+0000] {dag.py:3096} INFO - Sync 1 DAGs
[2026-01-27T23:36:02.724+0000] {logging_mixin.py:188} INFO - [2026-01-27T23:36:02.723+0000] {dag.py:3954} INFO - Setting next_dagrun for tutorial_dag to None, run_after=None
[2026-01-27T23:36:02.841+0000] {processor.py:183} INFO - Processing /home/airflow/.local/lib/python3.12/site-packages/airflow/example_dags/tutorial_dag.py took 1.036 seconds
[2026-01-27T23:36:33.600+0000] {processor.py:161} INFO - Started process (PID=101) to work on /home/airflow/.local/lib/python3.12/site-packages/airflow/example_dags/tutorial_dag.py
[2026-01-27T23:36:33.601+0000] {processor.py:830} INFO - Processing file /home/airflow/.local/lib/python3.12/site-packages/airflow/example_dags/tutorial_dag.py for tasks to queue
[2026-01-27T23:36:33.606+0000] {logging_mixin.py:188} INFO - [2026-01-27T23:36:33.605+0000] {dagbag.py:540} INFO - Filling up the DagBag from /home/airflow/.local/lib/python3.12/site-packages/airflow/example_dags/tutorial_dag.py
[2026-01-27T23:36:33.617+0000] {processor.py:840} INFO - DAG(s) 'tutorial_dag' retrieved from /home/airflow/.local/lib/python3.12/site-packages/airflow/example_dags/tutorial_dag.py
[2026-01-27T23:36:33.664+0000] {logging_mixin.py:188} INFO - [2026-01-27T23:36:33.664+0000] {dag.py:3096} INFO - Sync 1 DAGs
[2026-01-27T23:36:33.700+0000] {logging_mixin.py:188} INFO - [2026-01-27T23:36:33.700+0000] {dag.py:3954} INFO - Setting next_dagrun for tutorial_dag to None, run_after=None
[2026-01-27T23:36:33.750+0000] {processor.py:183} INFO - Processing /home/airflow/.local/lib/python3.12/site-packages/airflow/example_dags/tutorial_dag.py took 0.163 seconds
[2026-01-27T23:37:03.979+0000] {processor.py:161} INFO - Started process (PID=153) to work on /home/airflow/.local/lib/python3.12/site-packages/airflow/example_dags/tutorial_dag.py
[2026-01-27T23:37:03.980+0000] {processor.py:830} INFO - Processing file /home/airflow/.local/lib/python3.12/site-packages/airflow/example_dags/tutorial_dag.py for tasks to queue
[2026-01-27T23:37:03.982+0000] {logging_mixin.py:188} INFO - [2026-01-27T23:37:03.982+0000] {dagbag.py:540} INFO - Filling up the DagBag from /home/airflow/.local/lib/python3.12/site-packages/airflow/example_dags/tutorial_dag.py
[2026-01-27T23:37:03.988+0000] {processor.py:840} INFO - DAG(s) 'tutorial_dag' retrieved from /home/airflow/.local/lib/python3.12/site-packages/airflow/example_dags/tutorial_dag.py
[2026-01-27T23:37:04.015+0000] {logging_mixin.py:188} INFO - [2026-01-27T23:37:04.015+0000] {dag.py:3096} INFO - Sync 1 DAGs
[2026-01-27T23:37:04.032+0000] {logging_mixin.py:188} INFO - [2026-01-27T23:37:04.031+0000] {dag.py:3954} INFO - Setting next_dagrun for tutorial_dag to None, run_after=None
[2026-01-27T23:37:04.053+0000] {processor.py:183} INFO - Processing /home/airflow/.local/lib/python3.12/site-packages/airflow/example_dags/tutorial_dag.py took 0.080 seconds
[2026-01-27T23:37:34.613+0000] {processor.py:161} INFO - Started process (PID=205) to work on /home/airflow/.local/lib/python3.12/site-packages/airflow/example_dags/tutorial_dag.py
[2026-01-27T23:37:34.614+0000] {processor.py:830} INFO - Processing file /home/airflow/.local/lib/python3.12/site-packages/airflow/example_dags/tutorial_dag.py for tasks to queue
[2026-01-27T23:37:34.616+0000] {logging_mixin.py:188} INFO - [2026-01-27T23:37:34.615+0000] {dagbag.py:540} INFO - Filling up the DagBag from /home/airflow/.local/lib/python3.12/site-packages/airflow/example_dags/tutorial_dag.py
[2026-01-27T23:37:34.621+0000] {processor.py:840} INFO - DAG(s) 'tutorial_dag' retrieved from /home/airflow/.local/lib/python3.12/site-packages/airflow/example_dags/tutorial_dag.py
[2026-01-27T23:37:34.643+0000] {logging_mixin.py:188} INFO - [2026-01-27T23:37:34.643+0000] {dag.py:3096} INFO - Sync 1 DAGs
[2026-01-27T23:37:34.655+0000] {logging_mixin.py:188} INFO - [2026-01-27T23:37:34.655+0000] {dag.py:3954} INFO - Setting next_dagrun for tutorial_dag to None, run_after=None
[2026-01-27T23:37:34.676+0000] {processor.py:183} INFO - Processing /home/airflow/.local/lib/python3.12/site-packages/airflow/example_dags/tutorial_dag.py took 0.069 seconds
[2026-01-27T23:38:04.998+0000] {processor.py:161} INFO - Started process (PID=257) to work on /home/airflow/.local/lib/python3.12/site-packages/airflow/example_dags/tutorial_dag.py
[2026-01-27T23:38:04.999+0000] {processor.py:830} INFO - Processing file /home/airflow/.local/lib/python3.12/site-packages/airflow/example_dags/tutorial_dag.py for tasks to queue
[2026-01-27T23:38:05.001+0000] {logging_mixin.py:188} INFO - [2026-01-27T23:38:05.001+0000] {dagbag.py:540} INFO - Filling up the DagBag from /home/airflow/.local/lib/python3.12/site-packages/airflow/example_dags/tutorial_dag.py
[2026-01-27T23:38:05.006+0000] {processor.py:840} INFO - DAG(s) 'tutorial_dag' retrieved from /home/airflow/.local/lib/python3.12/site-packages/airflow/example_dags/tutorial_dag.py
[2026-01-27T23:38:05.027+0000] {logging_mixin.py:188} INFO - [2026-01-27T23:38:05.027+0000] {dag.py:3096} INFO - Sync 1 DAGs
[2026-01-27T23:38:05.041+0000] {logging_mixin.py:188} INFO - [2026-01-27T23:38:05.041+0000] {dag.py:3954} INFO - Setting next_dagrun for tutorial_dag to None, run_after=None
[2026-01-27T23:38:05.064+0000] {processor.py:183} INFO - Processing /home/airflow/.local/lib/python3.12/site-packages/airflow/example_dags/tutorial_dag.py took 0.072 seconds
[2026-01-27T23:38:35.228+0000] {processor.py:161} INFO - Started process (PID=309) to work on /home/airflow/.local/lib/python3.12/site-packages/airflow/example_dags/tutorial_dag.py
[2026-01-27T23:38:35.230+0000] {processor.py:830} INFO - Processing file /home/airflow/.local/lib/python3.12/site-packages/airflow/example_dags/tutorial_dag.py for tasks to queue
[2026-01-27T23:38:35.232+0000] {logging_mixin.py:188} INFO - [2026-01-27T23:38:35.231+0000] {dagbag.py:540} INFO - Filling up the DagBag from /home/airflow/.local/lib/python3.12/site-packages/airflow/example_dags/tutorial_dag.py
[2026-01-27T23:38:35.239+0000] {processor.py:840} INFO - DAG(s) 'tutorial_dag' retrieved from /home/airflow/.local/lib/python3.12/site-packages/airflow/example_dags/tutorial_dag.py
[2026-01-27T23:38:35.262+0000] {logging_mixin.py:188} INFO - [2026-01-27T23:38:35.262+0000] {dag.py:3096} INFO - Sync 1 DAGs
[2026-01-27T23:38:35.275+0000] {logging_mixin.py:188} INFO - [2026-01-27T23:38:35.274+0000] {dag.py:3954} INFO - Setting next_dagrun for tutorial_dag to None, run_after=None
[2026-01-27T23:38:35.305+0000] {processor.py:183} INFO - Processing /home/airflow/.local/lib/python3.12/site-packages/airflow/example_dags/tutorial_dag.py took 0.084 seconds
[2026-01-27T23:39:06.007+0000] {processor.py:161} INFO - Started process (PID=361) to work on /home/airflow/.local/lib/python3.12/site-packages/airflow/example_dags/tutorial_dag.py
[2026-01-27T23:39:06.009+0000] {processor.py:830} INFO - Processing file /home/airflow/.local/lib/python3.12/site-packages/airflow/example_dags/tutorial_dag.py for tasks to queue
[2026-01-27T23:39:06.014+0000] {logging_mixin.py:188} INFO - [2026-01-27T23:39:06.013+0000] {dagbag.py:540} INFO - Filling up the DagBag from /home/airflow/.local/lib/python3.12/site-packages/airflow/example_dags/tutorial_dag.py
[2026-01-27T23:39:06.029+0000] {processor.py:840} INFO - DAG(s) 'tutorial_dag' retrieved from /home/airflow/.local/lib/python3.12/site-packages/airflow/example_dags/tutorial_dag.py
[2026-01-27T23:39:06.080+0000] {logging_mixin.py:188} INFO - [2026-01-27T23:39:06.079+0000] {dag.py:3096} INFO - Sync 1 DAGs
[2026-01-27T23:39:06.115+0000] {logging_mixin.py:188} INFO - [2026-01-27T23:39:06.114+0000] {dag.py:3954} INFO - Setting next_dagrun for tutorial_dag to None, run_after=None
[2026-01-27T23:39:06.170+0000] {processor.py:183} INFO - Processing /home/airflow/.local/lib/python3.12/site-packages/airflow/example_dags/tutorial_dag.py took 0.178 seconds
[2026-01-27T23:39:36.307+0000] {processor.py:161} INFO - Started process (PID=413) to work on /home/airflow/.local/lib/python3.12/site-packages/airflow/example_dags/tutorial_dag.py
[2026-01-27T23:39:36.309+0000] {processor.py:830} INFO - Processing file /home/airflow/.local/lib/python3.12/site-packages/airflow/example_dags/tutorial_dag.py for tasks to queue
[2026-01-27T23:39:36.311+0000] {logging_mixin.py:188} INFO - [2026-01-27T23:39:36.311+0000] {dagbag.py:540} INFO - Filling up the DagBag from /home/airflow/.local/lib/python3.12/site-packages/airflow/example_dags/tutorial_dag.py
[2026-01-27T23:39:36.318+0000] {processor.py:840} INFO - DAG(s) 'tutorial_dag' retrieved from /home/airflow/.local/lib/python3.12/site-packages/airflow/example_dags/tutorial_dag.py
[2026-01-27T23:39:36.349+0000] {logging_mixin.py:188} INFO - [2026-01-27T23:39:36.349+0000] {dag.py:3096} INFO - Sync 1 DAGs
[2026-01-27T23:39:36.369+0000] {logging_mixin.py:188} INFO - [2026-01-27T23:39:36.368+0000] {dag.py:3954} INFO - Setting next_dagrun for tutorial_dag to None, run_after=None
[2026-01-27T23:39:36.410+0000] {processor.py:183} INFO - Processing /home/airflow/.local/lib/python3.12/site-packages/airflow/example_dags/tutorial_dag.py took 0.112 seconds
[2026-01-27T23:40:06.916+0000] {processor.py:161} INFO - Started process (PID=465) to work on /home/airflow/.local/lib/python3.12/site-packages/airflow/example_dags/tutorial_dag.py
[2026-01-27T23:40:06.917+0000] {processor.py:830} INFO - Processing file /home/airflow/.local/lib/python3.12/site-packages/airflow/example_dags/tutorial_dag.py for tasks to queue
[2026-01-27T23:40:06.920+0000] {logging_mixin.py:188} INFO - [2026-01-27T23:40:06.920+0000] {dagbag.py:540} INFO - Filling up the DagBag from /home/airflow/.local/lib/python3.12/site-packages/airflow/example_dags/tutorial_dag.py
[2026-01-27T23:40:06.928+0000] {processor.py:840} INFO - DAG(s) 'tutorial_dag' retrieved from /home/airflow/.local/lib/python3.12/site-packages/airflow/example_dags/tutorial_dag.py
[2026-01-27T23:40:06.954+0000] {logging_mixin.py:188} INFO - [2026-01-27T23:40:06.954+0000] {dag.py:3096} INFO - Sync 1 DAGs
[2026-01-27T23:40:06.971+0000] {logging_mixin.py:188} INFO - [2026-01-27T23:40:06.971+0000] {dag.py:3954} INFO - Setting next_dagrun for tutorial_dag to None, run_after=None
[2026-01-27T23:40:06.997+0000] {processor.py:183} INFO - Processing /home/airflow/.local/lib/python3.12/site-packages/airflow/example_dags/tutorial_dag.py took 0.087 seconds
[2026-01-27T23:40:37.180+0000] {processor.py:161} INFO - Started process (PID=517) to work on /home/airflow/.local/lib/python3.12/site-packages/airflow/example_dags/tutorial_dag.py
[2026-01-27T23:40:37.182+0000] {processor.py:830} INFO - Processing file /home/airflow/.local/lib/python3.12/site-packages/airflow/example_dags/tutorial_dag.py for tasks to queue
[2026-01-27T23:40:37.184+0000] {logging_mixin.py:188} INFO - [2026-01-27T23:40:37.184+0000] {dagbag.py:540} INFO - Filling up the DagBag from /home/airflow/.local/lib/python3.12/site-packages/airflow/example_dags/tutorial_dag.py
[2026-01-27T23:40:37.191+0000] {processor.py:840} INFO - DAG(s) 'tutorial_dag' retrieved from /home/airflow/.local/lib/python3.12/site-packages/airflow/example_dags/tutorial_dag.py
[2026-01-27T23:40:37.216+0000] {logging_mixin.py:188} INFO - [2026-01-27T23:40:37.215+0000] {dag.py:3096} INFO - Sync 1 DAGs
[2026-01-27T23:40:37.231+0000] {logging_mixin.py:188} INFO - [2026-01-27T23:40:37.230+0000] {dag.py:3954} INFO - Setting next_dagrun for tutorial_dag to None, run_after=None
[2026-01-27T23:40:37.253+0000] {processor.py:183} INFO - Processing /home/airflow/.local/lib/python3.12/site-packages/airflow/example_dags/tutorial_dag.py took 0.078 seconds
[2026-01-27T23:41:07.607+0000] {processor.py:161} INFO - Started process (PID=569) to work on /home/airflow/.local/lib/python3.12/site-packages/airflow/example_dags/tutorial_dag.py
[2026-01-27T23:41:07.608+0000] {processor.py:830} INFO - Processing file /home/airflow/.local/lib/python3.12/site-packages/airflow/example_dags/tutorial_dag.py for tasks to queue
[2026-01-27T23:41:07.611+0000] {logging_mixin.py:188} INFO - [2026-01-27T23:41:07.611+0000] {dagbag.py:540} INFO - Filling up the DagBag from /home/airflow/.local/lib/python3.12/site-packages/airflow/example_dags/tutorial_dag.py
[2026-01-27T23:41:07.621+0000] {processor.py:840} INFO - DAG(s) 'tutorial_dag' retrieved from /home/airflow/.local/lib/python3.12/site-packages/airflow/example_dags/tutorial_dag.py
[2026-01-27T23:41:07.652+0000] {logging_mixin.py:188} INFO - [2026-01-27T23:41:07.651+0000] {dag.py:3096} INFO - Sync 1 DAGs
[2026-01-27T23:41:07.670+0000] {logging_mixin.py:188} INFO - [2026-01-27T23:41:07.670+0000] {dag.py:3954} INFO - Setting next_dagrun for tutorial_dag to None, run_after=None
[2026-01-27T23:41:07.704+0000] {processor.py:183} INFO - Processing /home/airflow/.local/lib/python3.12/site-packages/airflow/example_dags/tutorial_dag.py took 0.107 seconds
[2026-01-27T23:41:37.849+0000] {processor.py:161} INFO - Started process (PID=621) to work on /home/airflow/.local/lib/python3.12/site-packages/airflow/example_dags/tutorial_dag.py
[2026-01-27T23:41:37.851+0000] {processor.py:830} INFO - Processing file /home/airflow/.local/lib/python3.12/site-packages/airflow/example_dags/tutorial_dag.py for tasks to queue
[2026-01-27T23:41:37.854+0000] {logging_mixin.py:188} INFO - [2026-01-27T23:41:37.853+0000] {dagbag.py:540} INFO - Filling up the DagBag from /home/airflow/.local/lib/python3.12/site-packages/airflow/example_dags/tutorial_dag.py
[2026-01-27T23:41:37.860+0000] {processor.py:840} INFO - DAG(s) 'tutorial_dag' retrieved from /home/airflow/.local/lib/python3.12/site-packages/airflow/example_dags/tutorial_dag.py
[2026-01-27T23:41:37.886+0000] {logging_mixin.py:188} INFO - [2026-01-27T23:41:37.885+0000] {dag.py:3096} INFO - Sync 1 DAGs
[2026-01-27T23:41:37.900+0000] {logging_mixin.py:188} INFO - [2026-01-27T23:41:37.899+0000] {dag.py:3954} INFO - Setting next_dagrun for tutorial_dag to None, run_after=None
[2026-01-27T23:41:37.925+0000] {processor.py:183} INFO - Processing /home/airflow/.local/lib/python3.12/site-packages/airflow/example_dags/tutorial_dag.py took 0.083 seconds
[2026-01-27T23:42:08.101+0000] {processor.py:161} INFO - Started process (PID=673) to work on /home/airflow/.local/lib/python3.12/site-packages/airflow/example_dags/tutorial_dag.py
[2026-01-27T23:42:08.102+0000] {processor.py:830} INFO - Processing file /home/airflow/.local/lib/python3.12/site-packages/airflow/example_dags/tutorial_dag.py for tasks to queue
[2026-01-27T23:42:08.106+0000] {logging_mixin.py:188} INFO - [2026-01-27T23:42:08.105+0000] {dagbag.py:540} INFO - Filling up the DagBag from /home/airflow/.local/lib/python3.12/site-packages/airflow/example_dags/tutorial_dag.py
[2026-01-27T23:42:08.113+0000] {processor.py:840} INFO - DAG(s) 'tutorial_dag' retrieved from /home/airflow/.local/lib/python3.12/site-packages/airflow/example_dags/tutorial_dag.py
[2026-01-27T23:42:08.139+0000] {logging_mixin.py:188} INFO - [2026-01-27T23:42:08.139+0000] {dag.py:3096} INFO - Sync 1 DAGs
[2026-01-27T23:42:08.155+0000] {logging_mixin.py:188} INFO - [2026-01-27T23:42:08.154+0000] {dag.py:3954} INFO - Setting next_dagrun for tutorial_dag to None, run_after=None
[2026-01-27T23:42:08.182+0000] {processor.py:183} INFO - Processing /home/airflow/.local/lib/python3.12/site-packages/airflow/example_dags/tutorial_dag.py took 0.088 seconds
[2026-01-27T23:42:39.051+0000] {processor.py:161} INFO - Started process (PID=725) to work on /home/airflow/.local/lib/python3.12/site-packages/airflow/example_dags/tutorial_dag.py
[2026-01-27T23:42:39.056+0000] {processor.py:830} INFO - Processing file /home/airflow/.local/lib/python3.12/site-packages/airflow/example_dags/tutorial_dag.py for tasks to queue
[2026-01-27T23:42:39.060+0000] {logging_mixin.py:188} INFO - [2026-01-27T23:42:39.060+0000] {dagbag.py:540} INFO - Filling up the DagBag from /home/airflow/.local/lib/python3.12/site-packages/airflow/example_dags/tutorial_dag.py
[2026-01-27T23:42:39.071+0000] {processor.py:840} INFO - DAG(s) 'tutorial_dag' retrieved from /home/airflow/.local/lib/python3.12/site-packages/airflow/example_dags/tutorial_dag.py
[2026-01-27T23:42:39.104+0000] {logging_mixin.py:188} INFO - [2026-01-27T23:42:39.103+0000] {dag.py:3096} INFO - Sync 1 DAGs
[2026-01-27T23:42:39.122+0000] {logging_mixin.py:188} INFO - [2026-01-27T23:42:39.122+0000] {dag.py:3954} INFO - Setting next_dagrun for tutorial_dag to None, run_after=None
[2026-01-27T23:42:39.167+0000] {processor.py:183} INFO - Processing /home/airflow/.local/lib/python3.12/site-packages/airflow/example_dags/tutorial_dag.py took 0.128 seconds
[2026-01-27T23:43:09.231+0000] {processor.py:161} INFO - Started process (PID=776) to work on /home/airflow/.local/lib/python3.12/site-packages/airflow/example_dags/tutorial_dag.py
[2026-01-27T23:43:09.232+0000] {processor.py:830} INFO - Processing file /home/airflow/.local/lib/python3.12/site-packages/airflow/example_dags/tutorial_dag.py for tasks to queue
[2026-01-27T23:43:09.235+0000] {logging_mixin.py:188} INFO - [2026-01-27T23:43:09.235+0000] {dagbag.py:540} INFO - Filling up the DagBag from /home/airflow/.local/lib/python3.12/site-packages/airflow/example_dags/tutorial_dag.py
[2026-01-27T23:43:09.242+0000] {processor.py:840} INFO - DAG(s) 'tutorial_dag' retrieved from /home/airflow/.local/lib/python3.12/site-packages/airflow/example_dags/tutorial_dag.py
[2026-01-27T23:43:09.266+0000] {logging_mixin.py:188} INFO - [2026-01-27T23:43:09.266+0000] {dag.py:3096} INFO - Sync 1 DAGs
[2026-01-27T23:43:09.279+0000] {logging_mixin.py:188} INFO - [2026-01-27T23:43:09.279+0000] {dag.py:3954} INFO - Setting next_dagrun for tutorial_dag to None, run_after=None
[2026-01-27T23:43:09.305+0000] {processor.py:183} INFO - Processing /home/airflow/.local/lib/python3.12/site-packages/airflow/example_dags/tutorial_dag.py took 0.082 seconds
[2026-01-27T23:43:39.962+0000] {processor.py:161} INFO - Started process (PID=828) to work on /home/airflow/.local/lib/python3.12/site-packages/airflow/example_dags/tutorial_dag.py
[2026-01-27T23:43:39.963+0000] {processor.py:830} INFO - Processing file /home/airflow/.local/lib/python3.12/site-packages/airflow/example_dags/tutorial_dag.py for tasks to queue
[2026-01-27T23:43:39.965+0000] {logging_mixin.py:188} INFO - [2026-01-27T23:43:39.965+0000] {dagbag.py:540} INFO - Filling up the DagBag from /home/airflow/.local/lib/python3.12/site-packages/airflow/example_dags/tutorial_dag.py
[2026-01-27T23:43:39.974+0000] {processor.py:840} INFO - DAG(s) 'tutorial_dag' retrieved from /home/airflow/.local/lib/python3.12/site-packages/airflow/example_dags/tutorial_dag.py
[2026-01-27T23:43:39.999+0000] {logging_mixin.py:188} INFO - [2026-01-27T23:43:39.999+0000] {dag.py:3096} INFO - Sync 1 DAGs
[2026-01-27T23:43:40.014+0000] {logging_mixin.py:188} INFO - [2026-01-27T23:43:40.013+0000] {dag.py:3954} INFO - Setting next_dagrun for tutorial_dag to None, run_after=None
[2026-01-27T23:43:40.048+0000] {processor.py:183} INFO - Processing /home/airflow/.local/lib/python3.12/site-packages/airflow/example_dags/tutorial_dag.py took 0.095 seconds
[2026-01-27T23:44:10.514+0000] {processor.py:161} INFO - Started process (PID=880) to work on /home/airflow/.local/lib/python3.12/site-packages/airflow/example_dags/tutorial_dag.py
[2026-01-27T23:44:10.515+0000] {processor.py:830} INFO - Processing file /home/airflow/.local/lib/python3.12/site-packages/airflow/example_dags/tutorial_dag.py for tasks to queue
[2026-01-27T23:44:10.518+0000] {logging_mixin.py:188} INFO - [2026-01-27T23:44:10.518+0000] {dagbag.py:540} INFO - Filling up the DagBag from /home/airflow/.local/lib/python3.12/site-packages/airflow/example_dags/tutorial_dag.py
[2026-01-27T23:44:10.524+0000] {processor.py:840} INFO - DAG(s) 'tutorial_dag' retrieved from /home/airflow/.local/lib/python3.12/site-packages/airflow/example_dags/tutorial_dag.py
[2026-01-27T23:44:10.548+0000] {logging_mixin.py:188} INFO - [2026-01-27T23:44:10.548+0000] {dag.py:3096} INFO - Sync 1 DAGs
[2026-01-27T23:44:10.563+0000] {logging_mixin.py:188} INFO - [2026-01-27T23:44:10.563+0000] {dag.py:3954} INFO - Setting next_dagrun for tutorial_dag to None, run_after=None
[2026-01-27T23:44:10.594+0000] {processor.py:183} INFO - Processing /home/airflow/.local/lib/python3.12/site-packages/airflow/example_dags/tutorial_dag.py took 0.087 seconds
[2026-01-27T23:44:40.712+0000] {processor.py:161} INFO - Started process (PID=932) to work on /home/airflow/.local/lib/python3.12/site-packages/airflow/example_dags/tutorial_dag.py
[2026-01-27T23:44:40.713+0000] {processor.py:830} INFO - Processing file /home/airflow/.local/lib/python3.12/site-packages/airflow/example_dags/tutorial_dag.py for tasks to queue
[2026-01-27T23:44:40.715+0000] {logging_mixin.py:188} INFO - [2026-01-27T23:44:40.715+0000] {dagbag.py:540} INFO - Filling up the DagBag from /home/airflow/.local/lib/python3.12/site-packages/airflow/example_dags/tutorial_dag.py
[2026-01-27T23:44:40.721+0000] {processor.py:840} INFO - DAG(s) 'tutorial_dag' retrieved from /home/airflow/.local/lib/python3.12/site-packages/airflow/example_dags/tutorial_dag.py
[2026-01-27T23:44:40.741+0000] {logging_mixin.py:188} INFO - [2026-01-27T23:44:40.741+0000] {dag.py:3096} INFO - Sync 1 DAGs
[2026-01-27T23:44:40.753+0000] {logging_mixin.py:188} INFO - [2026-01-27T23:44:40.753+0000] {dag.py:3954} INFO - Setting next_dagrun for tutorial_dag to None, run_after=None
[2026-01-27T23:44:40.773+0000] {processor.py:183} INFO - Processing /home/airflow/.local/lib/python3.12/site-packages/airflow/example_dags/tutorial_dag.py took 0.067 seconds
[2026-01-27T23:45:10.970+0000] {processor.py:161} INFO - Started process (PID=984) to work on /home/airflow/.local/lib/python3.12/site-packages/airflow/example_dags/tutorial_dag.py
[2026-01-27T23:45:10.971+0000] {processor.py:830} INFO - Processing file /home/airflow/.local/lib/python3.12/site-packages/airflow/example_dags/tutorial_dag.py for tasks to queue
[2026-01-27T23:45:10.974+0000] {logging_mixin.py:188} INFO - [2026-01-27T23:45:10.973+0000] {dagbag.py:540} INFO - Filling up the DagBag from /home/airflow/.local/lib/python3.12/site-packages/airflow/example_dags/tutorial_dag.py
[2026-01-27T23:45:10.980+0000] {processor.py:840} INFO - DAG(s) 'tutorial_dag' retrieved from /home/airflow/.local/lib/python3.12/site-packages/airflow/example_dags/tutorial_dag.py
[2026-01-27T23:45:11.008+0000] {logging_mixin.py:188} INFO - [2026-01-27T23:45:11.008+0000] {dag.py:3096} INFO - Sync 1 DAGs
[2026-01-27T23:45:11.026+0000] {logging_mixin.py:188} INFO - [2026-01-27T23:45:11.025+0000] {dag.py:3954} INFO - Setting next_dagrun for tutorial_dag to None, run_after=None
[2026-01-27T23:45:11.060+0000] {processor.py:183} INFO - Processing /home/airflow/.local/lib/python3.12/site-packages/airflow/example_dags/tutorial_dag.py took 0.097 seconds
[2026-01-27T23:45:41.188+0000] {processor.py:161} INFO - Started process (PID=1036) to work on /home/airflow/.local/lib/python3.12/site-packages/airflow/example_dags/tutorial_dag.py
[2026-01-27T23:45:41.190+0000] {processor.py:830} INFO - Processing file /home/airflow/.local/lib/python3.12/site-packages/airflow/example_dags/tutorial_dag.py for tasks to queue
[2026-01-27T23:45:41.192+0000] {logging_mixin.py:188} INFO - [2026-01-27T23:45:41.191+0000] {dagbag.py:540} INFO - Filling up the DagBag from /home/airflow/.local/lib/python3.12/site-packages/airflow/example_dags/tutorial_dag.py
[2026-01-27T23:45:41.199+0000] {processor.py:840} INFO - DAG(s) 'tutorial_dag' retrieved from /home/airflow/.local/lib/python3.12/site-packages/airflow/example_dags/tutorial_dag.py
[2026-01-27T23:45:41.230+0000] {logging_mixin.py:188} INFO - [2026-01-27T23:45:41.230+0000] {dag.py:3096} INFO - Sync 1 DAGs
[2026-01-27T23:45:41.249+0000] {logging_mixin.py:188} INFO - [2026-01-27T23:45:41.249+0000] {dag.py:3954} INFO - Setting next_dagrun for tutorial_dag to None, run_after=None
[2026-01-27T23:45:41.276+0000] {processor.py:183} INFO - Processing /home/airflow/.local/lib/python3.12/site-packages/airflow/example_dags/tutorial_dag.py took 0.093 seconds
[2026-01-27T23:46:12.177+0000] {processor.py:161} INFO - Started process (PID=1088) to work on /home/airflow/.local/lib/python3.12/site-packages/airflow/example_dags/tutorial_dag.py
[2026-01-27T23:46:12.178+0000] {processor.py:830} INFO - Processing file /home/airflow/.local/lib/python3.12/site-packages/airflow/example_dags/tutorial_dag.py for tasks to queue
[2026-01-27T23:46:12.181+0000] {logging_mixin.py:188} INFO - [2026-01-27T23:46:12.181+0000] {dagbag.py:540} INFO - Filling up the DagBag from /home/airflow/.local/lib/python3.12/site-packages/airflow/example_dags/tutorial_dag.py
[2026-01-27T23:46:12.188+0000] {processor.py:840} INFO - DAG(s) 'tutorial_dag' retrieved from /home/airflow/.local/lib/python3.12/site-packages/airflow/example_dags/tutorial_dag.py
[2026-01-27T23:46:12.215+0000] {logging_mixin.py:188} INFO - [2026-01-27T23:46:12.215+0000] {dag.py:3096} INFO - Sync 1 DAGs
[2026-01-27T23:46:12.232+0000] {logging_mixin.py:188} INFO - [2026-01-27T23:46:12.231+0000] {dag.py:3954} INFO - Setting next_dagrun for tutorial_dag to None, run_after=None
[2026-01-27T23:46:12.428+0000] {processor.py:183} INFO - Processing /home/airflow/.local/lib/python3.12/site-packages/airflow/example_dags/tutorial_dag.py took 0.259 seconds
[2026-01-27T23:46:42.523+0000] {processor.py:161} INFO - Started process (PID=1140) to work on /home/airflow/.local/lib/python3.12/site-packages/airflow/example_dags/tutorial_dag.py
[2026-01-27T23:46:42.524+0000] {processor.py:830} INFO - Processing file /home/airflow/.local/lib/python3.12/site-packages/airflow/example_dags/tutorial_dag.py for tasks to queue
[2026-01-27T23:46:42.526+0000] {logging_mixin.py:188} INFO - [2026-01-27T23:46:42.525+0000] {dagbag.py:540} INFO - Filling up the DagBag from /home/airflow/.local/lib/python3.12/site-packages/airflow/example_dags/tutorial_dag.py
[2026-01-27T23:46:42.531+0000] {processor.py:840} INFO - DAG(s) 'tutorial_dag' retrieved from /home/airflow/.local/lib/python3.12/site-packages/airflow/example_dags/tutorial_dag.py
[2026-01-27T23:46:42.554+0000] {logging_mixin.py:188} INFO - [2026-01-27T23:46:42.553+0000] {dag.py:3096} INFO - Sync 1 DAGs
[2026-01-27T23:46:42.566+0000] {logging_mixin.py:188} INFO - [2026-01-27T23:46:42.565+0000] {dag.py:3954} INFO - Setting next_dagrun for tutorial_dag to None, run_after=None
[2026-01-27T23:46:42.586+0000] {processor.py:183} INFO - Processing /home/airflow/.local/lib/python3.12/site-packages/airflow/example_dags/tutorial_dag.py took 0.069 seconds
[2026-01-27T23:47:12.857+0000] {processor.py:161} INFO - Started process (PID=1192) to work on /home/airflow/.local/lib/python3.12/site-packages/airflow/example_dags/tutorial_dag.py
[2026-01-27T23:47:12.858+0000] {processor.py:830} INFO - Processing file /home/airflow/.local/lib/python3.12/site-packages/airflow/example_dags/tutorial_dag.py for tasks to queue
[2026-01-27T23:47:12.861+0000] {logging_mixin.py:188} INFO - [2026-01-27T23:47:12.861+0000] {dagbag.py:540} INFO - Filling up the DagBag from /home/airflow/.local/lib/python3.12/site-packages/airflow/example_dags/tutorial_dag.py
[2026-01-27T23:47:12.871+0000] {processor.py:840} INFO - DAG(s) 'tutorial_dag' retrieved from /home/airflow/.local/lib/python3.12/site-packages/airflow/example_dags/tutorial_dag.py
[2026-01-27T23:47:12.897+0000] {logging_mixin.py:188} INFO - [2026-01-27T23:47:12.897+0000] {dag.py:3096} INFO - Sync 1 DAGs
[2026-01-27T23:47:12.914+0000] {logging_mixin.py:188} INFO - [2026-01-27T23:47:12.914+0000] {dag.py:3954} INFO - Setting next_dagrun for tutorial_dag to None, run_after=None
[2026-01-27T23:47:12.954+0000] {processor.py:183} INFO - Processing /home/airflow/.local/lib/python3.12/site-packages/airflow/example_dags/tutorial_dag.py took 0.104 seconds
[2026-01-27T23:47:43.391+0000] {processor.py:161} INFO - Started process (PID=1244) to work on /home/airflow/.local/lib/python3.12/site-packages/airflow/example_dags/tutorial_dag.py
[2026-01-27T23:47:43.392+0000] {processor.py:830} INFO - Processing file /home/airflow/.local/lib/python3.12/site-packages/airflow/example_dags/tutorial_dag.py for tasks to queue
[2026-01-27T23:47:43.394+0000] {logging_mixin.py:188} INFO - [2026-01-27T23:47:43.394+0000] {dagbag.py:540} INFO - Filling up the DagBag from /home/airflow/.local/lib/python3.12/site-packages/airflow/example_dags/tutorial_dag.py
[2026-01-27T23:47:43.399+0000] {processor.py:840} INFO - DAG(s) 'tutorial_dag' retrieved from /home/airflow/.local/lib/python3.12/site-packages/airflow/example_dags/tutorial_dag.py
[2026-01-27T23:47:43.585+0000] {logging_mixin.py:188} INFO - [2026-01-27T23:47:43.584+0000] {dag.py:3096} INFO - Sync 1 DAGs
[2026-01-27T23:47:43.597+0000] {logging_mixin.py:188} INFO - [2026-01-27T23:47:43.597+0000] {dag.py:3954} INFO - Setting next_dagrun for tutorial_dag to None, run_after=None
[2026-01-27T23:47:43.618+0000] {processor.py:183} INFO - Processing /home/airflow/.local/lib/python3.12/site-packages/airflow/example_dags/tutorial_dag.py took 0.232 seconds
[2026-01-27T23:48:14.055+0000] {processor.py:161} INFO - Started process (PID=1296) to work on /home/airflow/.local/lib/python3.12/site-packages/airflow/example_dags/tutorial_dag.py
[2026-01-27T23:48:14.056+0000] {processor.py:830} INFO - Processing file /home/airflow/.local/lib/python3.12/site-packages/airflow/example_dags/tutorial_dag.py for tasks to queue
[2026-01-27T23:48:14.059+0000] {logging_mixin.py:188} INFO - [2026-01-27T23:48:14.058+0000] {dagbag.py:540} INFO - Filling up the DagBag from /home/airflow/.local/lib/python3.12/site-packages/airflow/example_dags/tutorial_dag.py
[2026-01-27T23:48:14.067+0000] {processor.py:840} INFO - DAG(s) 'tutorial_dag' retrieved from /home/airflow/.local/lib/python3.12/site-packages/airflow/example_dags/tutorial_dag.py
[2026-01-27T23:48:14.100+0000] {logging_mixin.py:188} INFO - [2026-01-27T23:48:14.099+0000] {dag.py:3096} INFO - Sync 1 DAGs
[2026-01-27T23:48:14.114+0000] {logging_mixin.py:188} INFO - [2026-01-27T23:48:14.114+0000] {dag.py:3954} INFO - Setting next_dagrun for tutorial_dag to None, run_after=None
[2026-01-27T23:48:14.151+0000] {processor.py:183} INFO - Processing /home/airflow/.local/lib/python3.12/site-packages/airflow/example_dags/tutorial_dag.py took 0.102 seconds
[2026-01-27T23:48:44.266+0000] {processor.py:161} INFO - Started process (PID=1348) to work on /home/airflow/.local/lib/python3.12/site-packages/airflow/example_dags/tutorial_dag.py
[2026-01-27T23:48:44.267+0000] {processor.py:830} INFO - Processing file /home/airflow/.local/lib/python3.12/site-packages/airflow/example_dags/tutorial_dag.py for tasks to queue
[2026-01-27T23:48:44.270+0000] {logging_mixin.py:188} INFO - [2026-01-27T23:48:44.269+0000] {dagbag.py:540} INFO - Filling up the DagBag from /home/airflow/.local/lib/python3.12/site-packages/airflow/example_dags/tutorial_dag.py
[2026-01-27T23:48:44.275+0000] {processor.py:840} INFO - DAG(s) 'tutorial_dag' retrieved from /home/airflow/.local/lib/python3.12/site-packages/airflow/example_dags/tutorial_dag.py
[2026-01-27T23:48:44.299+0000] {logging_mixin.py:188} INFO - [2026-01-27T23:48:44.299+0000] {dag.py:3096} INFO - Sync 1 DAGs
[2026-01-27T23:48:44.315+0000] {logging_mixin.py:188} INFO - [2026-01-27T23:48:44.315+0000] {dag.py:3954} INFO - Setting next_dagrun for tutorial_dag to None, run_after=None
[2026-01-27T23:48:44.348+0000] {processor.py:183} INFO - Processing /home/airflow/.local/lib/python3.12/site-packages/airflow/example_dags/tutorial_dag.py took 0.089 seconds
[2026-01-27T23:49:15.095+0000] {processor.py:161} INFO - Started process (PID=1400) to work on /home/airflow/.local/lib/python3.12/site-packages/airflow/example_dags/tutorial_dag.py
[2026-01-27T23:49:15.096+0000] {processor.py:830} INFO - Processing file /home/airflow/.local/lib/python3.12/site-packages/airflow/example_dags/tutorial_dag.py for tasks to queue
[2026-01-27T23:49:15.099+0000] {logging_mixin.py:188} INFO - [2026-01-27T23:49:15.098+0000] {dagbag.py:540} INFO - Filling up the DagBag from /home/airflow/.local/lib/python3.12/site-packages/airflow/example_dags/tutorial_dag.py
[2026-01-27T23:49:15.104+0000] {processor.py:840} INFO - DAG(s) 'tutorial_dag' retrieved from /home/airflow/.local/lib/python3.12/site-packages/airflow/example_dags/tutorial_dag.py
[2026-01-27T23:49:15.125+0000] {logging_mixin.py:188} INFO - [2026-01-27T23:49:15.123+0000] {dag.py:3096} INFO - Sync 1 DAGs
[2026-01-27T23:49:15.137+0000] {logging_mixin.py:188} INFO - [2026-01-27T23:49:15.137+0000] {dag.py:3954} INFO - Setting next_dagrun for tutorial_dag to None, run_after=None
[2026-01-27T23:49:15.162+0000] {processor.py:183} INFO - Processing /home/airflow/.local/lib/python3.12/site-packages/airflow/example_dags/tutorial_dag.py took 0.072 seconds
[2026-01-27T23:49:45.283+0000] {processor.py:161} INFO - Started process (PID=1452) to work on /home/airflow/.local/lib/python3.12/site-packages/airflow/example_dags/tutorial_dag.py
[2026-01-27T23:49:45.284+0000] {processor.py:830} INFO - Processing file /home/airflow/.local/lib/python3.12/site-packages/airflow/example_dags/tutorial_dag.py for tasks to queue
[2026-01-27T23:49:45.286+0000] {logging_mixin.py:188} INFO - [2026-01-27T23:49:45.286+0000] {dagbag.py:540} INFO - Filling up the DagBag from /home/airflow/.local/lib/python3.12/site-packages/airflow/example_dags/tutorial_dag.py
[2026-01-27T23:49:45.291+0000] {processor.py:840} INFO - DAG(s) 'tutorial_dag' retrieved from /home/airflow/.local/lib/python3.12/site-packages/airflow/example_dags/tutorial_dag.py
[2026-01-27T23:49:45.335+0000] {logging_mixin.py:188} INFO - [2026-01-27T23:49:45.334+0000] {dag.py:3096} INFO - Sync 1 DAGs
[2026-01-27T23:49:45.365+0000] {logging_mixin.py:188} INFO - [2026-01-27T23:49:45.365+0000] {dag.py:3954} INFO - Setting next_dagrun for tutorial_dag to None, run_after=None
[2026-01-27T23:49:45.396+0000] {processor.py:183} INFO - Processing /home/airflow/.local/lib/python3.12/site-packages/airflow/example_dags/tutorial_dag.py took 0.119 seconds
[2026-01-27T23:50:15.976+0000] {processor.py:161} INFO - Started process (PID=1504) to work on /home/airflow/.local/lib/python3.12/site-packages/airflow/example_dags/tutorial_dag.py
[2026-01-27T23:50:15.977+0000] {processor.py:830} INFO - Processing file /home/airflow/.local/lib/python3.12/site-packages/airflow/example_dags/tutorial_dag.py for tasks to queue
[2026-01-27T23:50:15.982+0000] {logging_mixin.py:188} INFO - [2026-01-27T23:50:15.982+0000] {dagbag.py:540} INFO - Filling up the DagBag from /home/airflow/.local/lib/python3.12/site-packages/airflow/example_dags/tutorial_dag.py
[2026-01-27T23:50:15.994+0000] {processor.py:840} INFO - DAG(s) 'tutorial_dag' retrieved from /home/airflow/.local/lib/python3.12/site-packages/airflow/example_dags/tutorial_dag.py
[2026-01-27T23:50:16.037+0000] {logging_mixin.py:188} INFO - [2026-01-27T23:50:16.037+0000] {dag.py:3096} INFO - Sync 1 DAGs
[2026-01-27T23:50:16.068+0000] {logging_mixin.py:188} INFO - [2026-01-27T23:50:16.067+0000] {dag.py:3954} INFO - Setting next_dagrun for tutorial_dag to None, run_after=None
[2026-01-27T23:50:16.140+0000] {processor.py:183} INFO - Processing /home/airflow/.local/lib/python3.12/site-packages/airflow/example_dags/tutorial_dag.py took 0.176 seconds
[2026-01-27T23:50:46.247+0000] {processor.py:161} INFO - Started process (PID=1556) to work on /home/airflow/.local/lib/python3.12/site-packages/airflow/example_dags/tutorial_dag.py
[2026-01-27T23:50:46.248+0000] {processor.py:830} INFO - Processing file /home/airflow/.local/lib/python3.12/site-packages/airflow/example_dags/tutorial_dag.py for tasks to queue
[2026-01-27T23:50:46.251+0000] {logging_mixin.py:188} INFO - [2026-01-27T23:50:46.250+0000] {dagbag.py:540} INFO - Filling up the DagBag from /home/airflow/.local/lib/python3.12/site-packages/airflow/example_dags/tutorial_dag.py
[2026-01-27T23:50:46.256+0000] {processor.py:840} INFO - DAG(s) 'tutorial_dag' retrieved from /home/airflow/.local/lib/python3.12/site-packages/airflow/example_dags/tutorial_dag.py
[2026-01-27T23:50:46.276+0000] {logging_mixin.py:188} INFO - [2026-01-27T23:50:46.276+0000] {dag.py:3096} INFO - Sync 1 DAGs
[2026-01-27T23:50:46.287+0000] {logging_mixin.py:188} INFO - [2026-01-27T23:50:46.287+0000] {dag.py:3954} INFO - Setting next_dagrun for tutorial_dag to None, run_after=None
[2026-01-27T23:50:46.308+0000] {processor.py:183} INFO - Processing /home/airflow/.local/lib/python3.12/site-packages/airflow/example_dags/tutorial_dag.py took 0.066 seconds
[2026-01-27T23:51:16.654+0000] {processor.py:161} INFO - Started process (PID=1608) to work on /home/airflow/.local/lib/python3.12/site-packages/airflow/example_dags/tutorial_dag.py
[2026-01-27T23:51:16.655+0000] {processor.py:830} INFO - Processing file /home/airflow/.local/lib/python3.12/site-packages/airflow/example_dags/tutorial_dag.py for tasks to queue
[2026-01-27T23:51:16.657+0000] {logging_mixin.py:188} INFO - [2026-01-27T23:51:16.657+0000] {dagbag.py:540} INFO - Filling up the DagBag from /home/airflow/.local/lib/python3.12/site-packages/airflow/example_dags/tutorial_dag.py
[2026-01-27T23:51:16.664+0000] {processor.py:840} INFO - DAG(s) 'tutorial_dag' retrieved from /home/airflow/.local/lib/python3.12/site-packages/airflow/example_dags/tutorial_dag.py
[2026-01-27T23:51:16.689+0000] {logging_mixin.py:188} INFO - [2026-01-27T23:51:16.689+0000] {dag.py:3096} INFO - Sync 1 DAGs
[2026-01-27T23:51:16.705+0000] {logging_mixin.py:188} INFO - [2026-01-27T23:51:16.705+0000] {dag.py:3954} INFO - Setting next_dagrun for tutorial_dag to None, run_after=None
[2026-01-27T23:51:16.731+0000] {processor.py:183} INFO - Processing /home/airflow/.local/lib/python3.12/site-packages/airflow/example_dags/tutorial_dag.py took 0.086 seconds
[2026-01-27T23:51:46.860+0000] {processor.py:161} INFO - Started process (PID=1660) to work on /home/airflow/.local/lib/python3.12/site-packages/airflow/example_dags/tutorial_dag.py
[2026-01-27T23:51:46.862+0000] {processor.py:830} INFO - Processing file /home/airflow/.local/lib/python3.12/site-packages/airflow/example_dags/tutorial_dag.py for tasks to queue
[2026-01-27T23:51:46.865+0000] {logging_mixin.py:188} INFO - [2026-01-27T23:51:46.864+0000] {dagbag.py:540} INFO - Filling up the DagBag from /home/airflow/.local/lib/python3.12/site-packages/airflow/example_dags/tutorial_dag.py
[2026-01-27T23:51:46.872+0000] {processor.py:840} INFO - DAG(s) 'tutorial_dag' retrieved from /home/airflow/.local/lib/python3.12/site-packages/airflow/example_dags/tutorial_dag.py
[2026-01-27T23:51:46.897+0000] {logging_mixin.py:188} INFO - [2026-01-27T23:51:46.897+0000] {dag.py:3096} INFO - Sync 1 DAGs
[2026-01-27T23:51:46.912+0000] {logging_mixin.py:188} INFO - [2026-01-27T23:51:46.911+0000] {dag.py:3954} INFO - Setting next_dagrun for tutorial_dag to None, run_after=None
[2026-01-27T23:51:46.947+0000] {processor.py:183} INFO - Processing /home/airflow/.local/lib/python3.12/site-packages/airflow/example_dags/tutorial_dag.py took 0.094 seconds
[2026-01-27T23:52:17.317+0000] {processor.py:161} INFO - Started process (PID=1712) to work on /home/airflow/.local/lib/python3.12/site-packages/airflow/example_dags/tutorial_dag.py
[2026-01-27T23:52:17.318+0000] {processor.py:830} INFO - Processing file /home/airflow/.local/lib/python3.12/site-packages/airflow/example_dags/tutorial_dag.py for tasks to queue
[2026-01-27T23:52:17.320+0000] {logging_mixin.py:188} INFO - [2026-01-27T23:52:17.320+0000] {dagbag.py:540} INFO - Filling up the DagBag from /home/airflow/.local/lib/python3.12/site-packages/airflow/example_dags/tutorial_dag.py
[2026-01-27T23:52:17.325+0000] {processor.py:840} INFO - DAG(s) 'tutorial_dag' retrieved from /home/airflow/.local/lib/python3.12/site-packages/airflow/example_dags/tutorial_dag.py
[2026-01-27T23:52:17.345+0000] {logging_mixin.py:188} INFO - [2026-01-27T23:52:17.345+0000] {dag.py:3096} INFO - Sync 1 DAGs
[2026-01-27T23:52:17.356+0000] {logging_mixin.py:188} INFO - [2026-01-27T23:52:17.356+0000] {dag.py:3954} INFO - Setting next_dagrun for tutorial_dag to None, run_after=None
[2026-01-27T23:52:17.376+0000] {processor.py:183} INFO - Processing /home/airflow/.local/lib/python3.12/site-packages/airflow/example_dags/tutorial_dag.py took 0.065 seconds
[2026-01-27T23:52:47.812+0000] {processor.py:161} INFO - Started process (PID=1764) to work on /home/airflow/.local/lib/python3.12/site-packages/airflow/example_dags/tutorial_dag.py
[2026-01-27T23:52:47.813+0000] {processor.py:830} INFO - Processing file /home/airflow/.local/lib/python3.12/site-packages/airflow/example_dags/tutorial_dag.py for tasks to queue
[2026-01-27T23:52:47.815+0000] {logging_mixin.py:188} INFO - [2026-01-27T23:52:47.814+0000] {dagbag.py:540} INFO - Filling up the DagBag from /home/airflow/.local/lib/python3.12/site-packages/airflow/example_dags/tutorial_dag.py
[2026-01-27T23:52:47.820+0000] {processor.py:840} INFO - DAG(s) 'tutorial_dag' retrieved from /home/airflow/.local/lib/python3.12/site-packages/airflow/example_dags/tutorial_dag.py
[2026-01-27T23:52:47.840+0000] {logging_mixin.py:188} INFO - [2026-01-27T23:52:47.839+0000] {dag.py:3096} INFO - Sync 1 DAGs
[2026-01-27T23:52:47.852+0000] {logging_mixin.py:188} INFO - [2026-01-27T23:52:47.852+0000] {dag.py:3954} INFO - Setting next_dagrun for tutorial_dag to None, run_after=None
[2026-01-27T23:52:47.873+0000] {processor.py:183} INFO - Processing /home/airflow/.local/lib/python3.12/site-packages/airflow/example_dags/tutorial_dag.py took 0.066 seconds
[2026-01-27T23:53:17.912+0000] {processor.py:161} INFO - Started process (PID=1815) to work on /home/airflow/.local/lib/python3.12/site-packages/airflow/example_dags/tutorial_dag.py
[2026-01-27T23:53:17.913+0000] {processor.py:830} INFO - Processing file /home/airflow/.local/lib/python3.12/site-packages/airflow/example_dags/tutorial_dag.py for tasks to queue
[2026-01-27T23:53:17.915+0000] {logging_mixin.py:188} INFO - [2026-01-27T23:53:17.914+0000] {dagbag.py:540} INFO - Filling up the DagBag from /home/airflow/.local/lib/python3.12/site-packages/airflow/example_dags/tutorial_dag.py
[2026-01-27T23:53:17.921+0000] {processor.py:840} INFO - DAG(s) 'tutorial_dag' retrieved from /home/airflow/.local/lib/python3.12/site-packages/airflow/example_dags/tutorial_dag.py
[2026-01-27T23:53:17.945+0000] {logging_mixin.py:188} INFO - [2026-01-27T23:53:17.944+0000] {dag.py:3096} INFO - Sync 1 DAGs
[2026-01-27T23:53:17.959+0000] {logging_mixin.py:188} INFO - [2026-01-27T23:53:17.959+0000] {dag.py:3954} INFO - Setting next_dagrun for tutorial_dag to None, run_after=None
[2026-01-27T23:53:17.980+0000] {processor.py:183} INFO - Processing /home/airflow/.local/lib/python3.12/site-packages/airflow/example_dags/tutorial_dag.py took 0.076 seconds
[2026-01-27T23:53:48.714+0000] {processor.py:161} INFO - Started process (PID=1866) to work on /home/airflow/.local/lib/python3.12/site-packages/airflow/example_dags/tutorial_dag.py
[2026-01-27T23:53:48.715+0000] {processor.py:830} INFO - Processing file /home/airflow/.local/lib/python3.12/site-packages/airflow/example_dags/tutorial_dag.py for tasks to queue
[2026-01-27T23:53:48.718+0000] {logging_mixin.py:188} INFO - [2026-01-27T23:53:48.717+0000] {dagbag.py:540} INFO - Filling up the DagBag from /home/airflow/.local/lib/python3.12/site-packages/airflow/example_dags/tutorial_dag.py
[2026-01-27T23:53:48.723+0000] {processor.py:840} INFO - DAG(s) 'tutorial_dag' retrieved from /home/airflow/.local/lib/python3.12/site-packages/airflow/example_dags/tutorial_dag.py
[2026-01-27T23:53:48.746+0000] {logging_mixin.py:188} INFO - [2026-01-27T23:53:48.746+0000] {dag.py:3096} INFO - Sync 1 DAGs
[2026-01-27T23:53:48.760+0000] {logging_mixin.py:188} INFO - [2026-01-27T23:53:48.759+0000] {dag.py:3954} INFO - Setting next_dagrun for tutorial_dag to None, run_after=None
[2026-01-27T23:53:48.789+0000] {processor.py:183} INFO - Processing /home/airflow/.local/lib/python3.12/site-packages/airflow/example_dags/tutorial_dag.py took 0.080 seconds
[2026-01-27T23:54:19.420+0000] {processor.py:161} INFO - Started process (PID=1918) to work on /home/airflow/.local/lib/python3.12/site-packages/airflow/example_dags/tutorial_dag.py
[2026-01-27T23:54:19.422+0000] {processor.py:830} INFO - Processing file /home/airflow/.local/lib/python3.12/site-packages/airflow/example_dags/tutorial_dag.py for tasks to queue
[2026-01-27T23:54:19.426+0000] {logging_mixin.py:188} INFO - [2026-01-27T23:54:19.425+0000] {dagbag.py:540} INFO - Filling up the DagBag from /home/airflow/.local/lib/python3.12/site-packages/airflow/example_dags/tutorial_dag.py
[2026-01-27T23:54:19.432+0000] {processor.py:840} INFO - DAG(s) 'tutorial_dag' retrieved from /home/airflow/.local/lib/python3.12/site-packages/airflow/example_dags/tutorial_dag.py
[2026-01-27T23:54:19.457+0000] {logging_mixin.py:188} INFO - [2026-01-27T23:54:19.457+0000] {dag.py:3096} INFO - Sync 1 DAGs
[2026-01-27T23:54:19.474+0000] {logging_mixin.py:188} INFO - [2026-01-27T23:54:19.473+0000] {dag.py:3954} INFO - Setting next_dagrun for tutorial_dag to None, run_after=None
[2026-01-27T23:54:19.498+0000] {processor.py:183} INFO - Processing /home/airflow/.local/lib/python3.12/site-packages/airflow/example_dags/tutorial_dag.py took 0.084 seconds
[2026-01-27T23:54:49.620+0000] {processor.py:161} INFO - Started process (PID=1970) to work on /home/airflow/.local/lib/python3.12/site-packages/airflow/example_dags/tutorial_dag.py
[2026-01-27T23:54:49.621+0000] {processor.py:830} INFO - Processing file /home/airflow/.local/lib/python3.12/site-packages/airflow/example_dags/tutorial_dag.py for tasks to queue
[2026-01-27T23:54:49.623+0000] {logging_mixin.py:188} INFO - [2026-01-27T23:54:49.623+0000] {dagbag.py:540} INFO - Filling up the DagBag from /home/airflow/.local/lib/python3.12/site-packages/airflow/example_dags/tutorial_dag.py
[2026-01-27T23:54:49.628+0000] {processor.py:840} INFO - DAG(s) 'tutorial_dag' retrieved from /home/airflow/.local/lib/python3.12/site-packages/airflow/example_dags/tutorial_dag.py
[2026-01-27T23:54:49.648+0000] {logging_mixin.py:188} INFO - [2026-01-27T23:54:49.648+0000] {dag.py:3096} INFO - Sync 1 DAGs
[2026-01-27T23:54:49.660+0000] {logging_mixin.py:188} INFO - [2026-01-27T23:54:49.659+0000] {dag.py:3954} INFO - Setting next_dagrun for tutorial_dag to None, run_after=None
[2026-01-27T23:54:49.680+0000] {processor.py:183} INFO - Processing /home/airflow/.local/lib/python3.12/site-packages/airflow/example_dags/tutorial_dag.py took 0.068 seconds
[2026-01-27T23:55:20.195+0000] {processor.py:161} INFO - Started process (PID=2022) to work on /home/airflow/.local/lib/python3.12/site-packages/airflow/example_dags/tutorial_dag.py
[2026-01-27T23:55:20.196+0000] {processor.py:830} INFO - Processing file /home/airflow/.local/lib/python3.12/site-packages/airflow/example_dags/tutorial_dag.py for tasks to queue
[2026-01-27T23:55:20.198+0000] {logging_mixin.py:188} INFO - [2026-01-27T23:55:20.197+0000] {dagbag.py:540} INFO - Filling up the DagBag from /home/airflow/.local/lib/python3.12/site-packages/airflow/example_dags/tutorial_dag.py
[2026-01-27T23:55:20.203+0000] {processor.py:840} INFO - DAG(s) 'tutorial_dag' retrieved from /home/airflow/.local/lib/python3.12/site-packages/airflow/example_dags/tutorial_dag.py
[2026-01-27T23:55:20.224+0000] {logging_mixin.py:188} INFO - [2026-01-27T23:55:20.223+0000] {dag.py:3096} INFO - Sync 1 DAGs
[2026-01-27T23:55:20.235+0000] {logging_mixin.py:188} INFO - [2026-01-27T23:55:20.235+0000] {dag.py:3954} INFO - Setting next_dagrun for tutorial_dag to None, run_after=None
[2026-01-27T23:55:20.255+0000] {processor.py:183} INFO - Processing /home/airflow/.local/lib/python3.12/site-packages/airflow/example_dags/tutorial_dag.py took 0.067 seconds
[2026-01-27T23:55:51.161+0000] {processor.py:161} INFO - Started process (PID=2074) to work on /home/airflow/.local/lib/python3.12/site-packages/airflow/example_dags/tutorial_dag.py
[2026-01-27T23:55:51.162+0000] {processor.py:830} INFO - Processing file /home/airflow/.local/lib/python3.12/site-packages/airflow/example_dags/tutorial_dag.py for tasks to queue
[2026-01-27T23:55:51.164+0000] {logging_mixin.py:188} INFO - [2026-01-27T23:55:51.164+0000] {dagbag.py:540} INFO - Filling up the DagBag from /home/airflow/.local/lib/python3.12/site-packages/airflow/example_dags/tutorial_dag.py
[2026-01-27T23:55:51.169+0000] {processor.py:840} INFO - DAG(s) 'tutorial_dag' retrieved from /home/airflow/.local/lib/python3.12/site-packages/airflow/example_dags/tutorial_dag.py
[2026-01-27T23:55:51.190+0000] {logging_mixin.py:188} INFO - [2026-01-27T23:55:51.190+0000] {dag.py:3096} INFO - Sync 1 DAGs
[2026-01-27T23:55:51.204+0000] {logging_mixin.py:188} INFO - [2026-01-27T23:55:51.204+0000] {dag.py:3954} INFO - Setting next_dagrun for tutorial_dag to None, run_after=None
[2026-01-27T23:55:51.224+0000] {processor.py:183} INFO - Processing /home/airflow/.local/lib/python3.12/site-packages/airflow/example_dags/tutorial_dag.py took 0.069 seconds
[2026-01-27T23:56:21.533+0000] {processor.py:161} INFO - Started process (PID=2126) to work on /home/airflow/.local/lib/python3.12/site-packages/airflow/example_dags/tutorial_dag.py
[2026-01-27T23:56:21.535+0000] {processor.py:830} INFO - Processing file /home/airflow/.local/lib/python3.12/site-packages/airflow/example_dags/tutorial_dag.py for tasks to queue
[2026-01-27T23:56:21.537+0000] {logging_mixin.py:188} INFO - [2026-01-27T23:56:21.537+0000] {dagbag.py:540} INFO - Filling up the DagBag from /home/airflow/.local/lib/python3.12/site-packages/airflow/example_dags/tutorial_dag.py
[2026-01-27T23:56:21.542+0000] {processor.py:840} INFO - DAG(s) 'tutorial_dag' retrieved from /home/airflow/.local/lib/python3.12/site-packages/airflow/example_dags/tutorial_dag.py
[2026-01-27T23:56:21.566+0000] {logging_mixin.py:188} INFO - [2026-01-27T23:56:21.566+0000] {dag.py:3096} INFO - Sync 1 DAGs
[2026-01-27T23:56:21.579+0000] {logging_mixin.py:188} INFO - [2026-01-27T23:56:21.579+0000] {dag.py:3954} INFO - Setting next_dagrun for tutorial_dag to None, run_after=None
[2026-01-27T23:56:21.604+0000] {processor.py:183} INFO - Processing /home/airflow/.local/lib/python3.12/site-packages/airflow/example_dags/tutorial_dag.py took 0.078 seconds
[2026-01-27T23:56:51.887+0000] {processor.py:161} INFO - Started process (PID=2178) to work on /home/airflow/.local/lib/python3.12/site-packages/airflow/example_dags/tutorial_dag.py
[2026-01-27T23:56:51.889+0000] {processor.py:830} INFO - Processing file /home/airflow/.local/lib/python3.12/site-packages/airflow/example_dags/tutorial_dag.py for tasks to queue
[2026-01-27T23:56:51.890+0000] {logging_mixin.py:188} INFO - [2026-01-27T23:56:51.890+0000] {dagbag.py:540} INFO - Filling up the DagBag from /home/airflow/.local/lib/python3.12/site-packages/airflow/example_dags/tutorial_dag.py
[2026-01-27T23:56:51.895+0000] {processor.py:840} INFO - DAG(s) 'tutorial_dag' retrieved from /home/airflow/.local/lib/python3.12/site-packages/airflow/example_dags/tutorial_dag.py
[2026-01-27T23:56:51.917+0000] {logging_mixin.py:188} INFO - [2026-01-27T23:56:51.917+0000] {dag.py:3096} INFO - Sync 1 DAGs
[2026-01-27T23:56:51.929+0000] {logging_mixin.py:188} INFO - [2026-01-27T23:56:51.929+0000] {dag.py:3954} INFO - Setting next_dagrun for tutorial_dag to None, run_after=None
[2026-01-27T23:56:51.957+0000] {processor.py:183} INFO - Processing /home/airflow/.local/lib/python3.12/site-packages/airflow/example_dags/tutorial_dag.py took 0.075 seconds
[2026-01-27T23:57:22.706+0000] {processor.py:161} INFO - Started process (PID=2230) to work on /home/airflow/.local/lib/python3.12/site-packages/airflow/example_dags/tutorial_dag.py
[2026-01-27T23:57:22.707+0000] {processor.py:830} INFO - Processing file /home/airflow/.local/lib/python3.12/site-packages/airflow/example_dags/tutorial_dag.py for tasks to queue
[2026-01-27T23:57:22.709+0000] {logging_mixin.py:188} INFO - [2026-01-27T23:57:22.708+0000] {dagbag.py:540} INFO - Filling up the DagBag from /home/airflow/.local/lib/python3.12/site-packages/airflow/example_dags/tutorial_dag.py
[2026-01-27T23:57:22.716+0000] {processor.py:840} INFO - DAG(s) 'tutorial_dag' retrieved from /home/airflow/.local/lib/python3.12/site-packages/airflow/example_dags/tutorial_dag.py
[2026-01-27T23:57:22.742+0000] {logging_mixin.py:188} INFO - [2026-01-27T23:57:22.742+0000] {dag.py:3096} INFO - Sync 1 DAGs
[2026-01-27T23:57:22.757+0000] {logging_mixin.py:188} INFO - [2026-01-27T23:57:22.757+0000] {dag.py:3954} INFO - Setting next_dagrun for tutorial_dag to None, run_after=None
[2026-01-27T23:57:22.790+0000] {processor.py:183} INFO - Processing /home/airflow/.local/lib/python3.12/site-packages/airflow/example_dags/tutorial_dag.py took 0.091 seconds
[2026-01-27T23:57:53.649+0000] {processor.py:161} INFO - Started process (PID=2282) to work on /home/airflow/.local/lib/python3.12/site-packages/airflow/example_dags/tutorial_dag.py
[2026-01-27T23:57:53.651+0000] {processor.py:830} INFO - Processing file /home/airflow/.local/lib/python3.12/site-packages/airflow/example_dags/tutorial_dag.py for tasks to queue
[2026-01-27T23:57:53.654+0000] {logging_mixin.py:188} INFO - [2026-01-27T23:57:53.653+0000] {dagbag.py:540} INFO - Filling up the DagBag from /home/airflow/.local/lib/python3.12/site-packages/airflow/example_dags/tutorial_dag.py
[2026-01-27T23:57:53.659+0000] {processor.py:840} INFO - DAG(s) 'tutorial_dag' retrieved from /home/airflow/.local/lib/python3.12/site-packages/airflow/example_dags/tutorial_dag.py
[2026-01-27T23:57:53.679+0000] {logging_mixin.py:188} INFO - [2026-01-27T23:57:53.679+0000] {dag.py:3096} INFO - Sync 1 DAGs
[2026-01-27T23:57:53.691+0000] {logging_mixin.py:188} INFO - [2026-01-27T23:57:53.691+0000] {dag.py:3954} INFO - Setting next_dagrun for tutorial_dag to None, run_after=None
[2026-01-27T23:57:53.723+0000] {processor.py:183} INFO - Processing /home/airflow/.local/lib/python3.12/site-packages/airflow/example_dags/tutorial_dag.py took 0.082 seconds
[2026-01-27T23:58:23.917+0000] {processor.py:161} INFO - Started process (PID=2334) to work on /home/airflow/.local/lib/python3.12/site-packages/airflow/example_dags/tutorial_dag.py
[2026-01-27T23:58:23.918+0000] {processor.py:830} INFO - Processing file /home/airflow/.local/lib/python3.12/site-packages/airflow/example_dags/tutorial_dag.py for tasks to queue
[2026-01-27T23:58:23.921+0000] {logging_mixin.py:188} INFO - [2026-01-27T23:58:23.920+0000] {dagbag.py:540} INFO - Filling up the DagBag from /home/airflow/.local/lib/python3.12/site-packages/airflow/example_dags/tutorial_dag.py
[2026-01-27T23:58:23.927+0000] {processor.py:840} INFO - DAG(s) 'tutorial_dag' retrieved from /home/airflow/.local/lib/python3.12/site-packages/airflow/example_dags/tutorial_dag.py
[2026-01-27T23:58:23.950+0000] {logging_mixin.py:188} INFO - [2026-01-27T23:58:23.950+0000] {dag.py:3096} INFO - Sync 1 DAGs
[2026-01-27T23:58:23.962+0000] {logging_mixin.py:188} INFO - [2026-01-27T23:58:23.962+0000] {dag.py:3954} INFO - Setting next_dagrun for tutorial_dag to None, run_after=None
[2026-01-27T23:58:23.982+0000] {processor.py:183} INFO - Processing /home/airflow/.local/lib/python3.12/site-packages/airflow/example_dags/tutorial_dag.py took 0.074 seconds
[2026-01-27T23:58:54.567+0000] {processor.py:161} INFO - Started process (PID=2386) to work on /home/airflow/.local/lib/python3.12/site-packages/airflow/example_dags/tutorial_dag.py
[2026-01-27T23:58:54.568+0000] {processor.py:830} INFO - Processing file /home/airflow/.local/lib/python3.12/site-packages/airflow/example_dags/tutorial_dag.py for tasks to queue
[2026-01-27T23:58:54.570+0000] {logging_mixin.py:188} INFO - [2026-01-27T23:58:54.569+0000] {dagbag.py:540} INFO - Filling up the DagBag from /home/airflow/.local/lib/python3.12/site-packages/airflow/example_dags/tutorial_dag.py
[2026-01-27T23:58:54.575+0000] {processor.py:840} INFO - DAG(s) 'tutorial_dag' retrieved from /home/airflow/.local/lib/python3.12/site-packages/airflow/example_dags/tutorial_dag.py
[2026-01-27T23:58:54.596+0000] {logging_mixin.py:188} INFO - [2026-01-27T23:58:54.595+0000] {dag.py:3096} INFO - Sync 1 DAGs
[2026-01-27T23:58:54.608+0000] {logging_mixin.py:188} INFO - [2026-01-27T23:58:54.608+0000] {dag.py:3954} INFO - Setting next_dagrun for tutorial_dag to None, run_after=None
[2026-01-27T23:58:54.630+0000] {processor.py:183} INFO - Processing /home/airflow/.local/lib/python3.12/site-packages/airflow/example_dags/tutorial_dag.py took 0.070 seconds
[2026-01-27T23:59:25.374+0000] {processor.py:161} INFO - Started process (PID=2438) to work on /home/airflow/.local/lib/python3.12/site-packages/airflow/example_dags/tutorial_dag.py
[2026-01-27T23:59:25.376+0000] {processor.py:830} INFO - Processing file /home/airflow/.local/lib/python3.12/site-packages/airflow/example_dags/tutorial_dag.py for tasks to queue
[2026-01-27T23:59:25.378+0000] {logging_mixin.py:188} INFO - [2026-01-27T23:59:25.378+0000] {dagbag.py:540} INFO - Filling up the DagBag from /home/airflow/.local/lib/python3.12/site-packages/airflow/example_dags/tutorial_dag.py
[2026-01-27T23:59:25.383+0000] {processor.py:840} INFO - DAG(s) 'tutorial_dag' retrieved from /home/airflow/.local/lib/python3.12/site-packages/airflow/example_dags/tutorial_dag.py
[2026-01-27T23:59:25.403+0000] {logging_mixin.py:188} INFO - [2026-01-27T23:59:25.403+0000] {dag.py:3096} INFO - Sync 1 DAGs
[2026-01-27T23:59:25.415+0000] {logging_mixin.py:188} INFO - [2026-01-27T23:59:25.414+0000] {dag.py:3954} INFO - Setting next_dagrun for tutorial_dag to None, run_after=None
[2026-01-27T23:59:25.446+0000] {processor.py:183} INFO - Processing /home/airflow/.local/lib/python3.12/site-packages/airflow/example_dags/tutorial_dag.py took 0.081 seconds
[2026-01-27T23:59:55.906+0000] {processor.py:161} INFO - Started process (PID=2490) to work on /home/airflow/.local/lib/python3.12/site-packages/airflow/example_dags/tutorial_dag.py
[2026-01-27T23:59:55.907+0000] {processor.py:830} INFO - Processing file /home/airflow/.local/lib/python3.12/site-packages/airflow/example_dags/tutorial_dag.py for tasks to queue
[2026-01-27T23:59:55.909+0000] {logging_mixin.py:188} INFO - [2026-01-27T23:59:55.909+0000] {dagbag.py:540} INFO - Filling up the DagBag from /home/airflow/.local/lib/python3.12/site-packages/airflow/example_dags/tutorial_dag.py
[2026-01-27T23:59:55.914+0000] {processor.py:840} INFO - DAG(s) 'tutorial_dag' retrieved from /home/airflow/.local/lib/python3.12/site-packages/airflow/example_dags/tutorial_dag.py
[2026-01-27T23:59:55.935+0000] {logging_mixin.py:188} INFO - [2026-01-27T23:59:55.935+0000] {dag.py:3096} INFO - Sync 1 DAGs
[2026-01-27T23:59:55.947+0000] {logging_mixin.py:188} INFO - [2026-01-27T23:59:55.947+0000] {dag.py:3954} INFO - Setting next_dagrun for tutorial_dag to None, run_after=None
[2026-01-27T23:59:55.971+0000] {processor.py:183} INFO - Processing /home/airflow/.local/lib/python3.12/site-packages/airflow/example_dags/tutorial_dag.py took 0.073 seconds
