[2026-01-27 23:26:58,401] {scheduler_job.py:182} INFO - Started process (PID=35) to work on /home/airflow/.local/lib/python3.6/site-packages/airflow/example_dags/tutorial.py
[2026-01-27 23:26:58,407] {scheduler_job.py:629} INFO - Processing file /home/airflow/.local/lib/python3.6/site-packages/airflow/example_dags/tutorial.py for tasks to queue
[2026-01-27 23:26:58,415] {logging_mixin.py:104} INFO - [2026-01-27 23:26:58,415] {dagbag.py:448} INFO - Filling up the DagBag from /home/airflow/.local/lib/python3.6/site-packages/airflow/example_dags/tutorial.py
[2026-01-27 23:26:58,447] {scheduler_job.py:639} INFO - DAG(s) dict_keys(['tutorial']) retrieved from /home/airflow/.local/lib/python3.6/site-packages/airflow/example_dags/tutorial.py
[2026-01-27 23:26:58,592] {logging_mixin.py:104} INFO - [2026-01-27 23:26:58,591] {dag.py:1818} INFO - Sync 1 DAGs
[2026-01-27 23:26:59,058] {logging_mixin.py:104} INFO - [2026-01-27 23:26:59,057] {dag.py:1837} INFO - Creating ORM DAG for tutorial
[2026-01-27 23:26:59,233] {logging_mixin.py:104} INFO - [2026-01-27 23:26:59,233] {dag.py:2273} INFO - Setting next_dagrun for tutorial to 2026-01-25 00:00:00+00:00
[2026-01-27 23:26:59,400] {scheduler_job.py:190} INFO - Processing /home/airflow/.local/lib/python3.6/site-packages/airflow/example_dags/tutorial.py took 1.005 seconds
[2026-01-27 23:27:29,672] {scheduler_job.py:182} INFO - Started process (PID=61) to work on /home/airflow/.local/lib/python3.6/site-packages/airflow/example_dags/tutorial.py
[2026-01-27 23:27:29,677] {scheduler_job.py:629} INFO - Processing file /home/airflow/.local/lib/python3.6/site-packages/airflow/example_dags/tutorial.py for tasks to queue
[2026-01-27 23:27:29,679] {logging_mixin.py:104} INFO - [2026-01-27 23:27:29,679] {dagbag.py:448} INFO - Filling up the DagBag from /home/airflow/.local/lib/python3.6/site-packages/airflow/example_dags/tutorial.py
[2026-01-27 23:27:29,702] {scheduler_job.py:639} INFO - DAG(s) dict_keys(['tutorial']) retrieved from /home/airflow/.local/lib/python3.6/site-packages/airflow/example_dags/tutorial.py
[2026-01-27 23:27:29,754] {logging_mixin.py:104} INFO - [2026-01-27 23:27:29,753] {dag.py:1818} INFO - Sync 1 DAGs
[2026-01-27 23:27:29,791] {logging_mixin.py:104} INFO - [2026-01-27 23:27:29,790] {dag.py:2273} INFO - Setting next_dagrun for tutorial to 2026-01-25 00:00:00+00:00
[2026-01-27 23:27:29,816] {scheduler_job.py:190} INFO - Processing /home/airflow/.local/lib/python3.6/site-packages/airflow/example_dags/tutorial.py took 0.154 seconds
[2026-01-27 23:28:00,519] {scheduler_job.py:182} INFO - Started process (PID=87) to work on /home/airflow/.local/lib/python3.6/site-packages/airflow/example_dags/tutorial.py
[2026-01-27 23:28:00,523] {scheduler_job.py:629} INFO - Processing file /home/airflow/.local/lib/python3.6/site-packages/airflow/example_dags/tutorial.py for tasks to queue
[2026-01-27 23:28:00,525] {logging_mixin.py:104} INFO - [2026-01-27 23:28:00,524] {dagbag.py:448} INFO - Filling up the DagBag from /home/airflow/.local/lib/python3.6/site-packages/airflow/example_dags/tutorial.py
[2026-01-27 23:28:00,544] {scheduler_job.py:639} INFO - DAG(s) dict_keys(['tutorial']) retrieved from /home/airflow/.local/lib/python3.6/site-packages/airflow/example_dags/tutorial.py
[2026-01-27 23:28:00,599] {logging_mixin.py:104} INFO - [2026-01-27 23:28:00,599] {dag.py:1818} INFO - Sync 1 DAGs
[2026-01-27 23:28:00,632] {logging_mixin.py:104} INFO - [2026-01-27 23:28:00,632] {dag.py:2273} INFO - Setting next_dagrun for tutorial to 2026-01-25 00:00:00+00:00
[2026-01-27 23:28:00,653] {scheduler_job.py:190} INFO - Processing /home/airflow/.local/lib/python3.6/site-packages/airflow/example_dags/tutorial.py took 0.140 seconds
[2026-01-27 23:28:30,811] {scheduler_job.py:182} INFO - Started process (PID=112) to work on /home/airflow/.local/lib/python3.6/site-packages/airflow/example_dags/tutorial.py
[2026-01-27 23:28:30,813] {scheduler_job.py:629} INFO - Processing file /home/airflow/.local/lib/python3.6/site-packages/airflow/example_dags/tutorial.py for tasks to queue
[2026-01-27 23:28:30,814] {logging_mixin.py:104} INFO - [2026-01-27 23:28:30,814] {dagbag.py:448} INFO - Filling up the DagBag from /home/airflow/.local/lib/python3.6/site-packages/airflow/example_dags/tutorial.py
[2026-01-27 23:28:30,858] {scheduler_job.py:639} INFO - DAG(s) dict_keys(['tutorial']) retrieved from /home/airflow/.local/lib/python3.6/site-packages/airflow/example_dags/tutorial.py
[2026-01-27 23:28:30,970] {logging_mixin.py:104} INFO - [2026-01-27 23:28:30,969] {dag.py:1818} INFO - Sync 1 DAGs
[2026-01-27 23:28:30,998] {logging_mixin.py:104} INFO - [2026-01-27 23:28:30,998] {dag.py:2273} INFO - Setting next_dagrun for tutorial to 2026-01-25 00:00:00+00:00
[2026-01-27 23:28:31,019] {scheduler_job.py:190} INFO - Processing /home/airflow/.local/lib/python3.6/site-packages/airflow/example_dags/tutorial.py took 0.212 seconds
[2026-01-27 23:29:01,194] {scheduler_job.py:182} INFO - Started process (PID=135) to work on /home/airflow/.local/lib/python3.6/site-packages/airflow/example_dags/tutorial.py
[2026-01-27 23:29:01,196] {scheduler_job.py:629} INFO - Processing file /home/airflow/.local/lib/python3.6/site-packages/airflow/example_dags/tutorial.py for tasks to queue
[2026-01-27 23:29:01,197] {logging_mixin.py:104} INFO - [2026-01-27 23:29:01,197] {dagbag.py:448} INFO - Filling up the DagBag from /home/airflow/.local/lib/python3.6/site-packages/airflow/example_dags/tutorial.py
[2026-01-27 23:29:01,209] {scheduler_job.py:639} INFO - DAG(s) dict_keys(['tutorial']) retrieved from /home/airflow/.local/lib/python3.6/site-packages/airflow/example_dags/tutorial.py
[2026-01-27 23:29:01,234] {logging_mixin.py:104} INFO - [2026-01-27 23:29:01,234] {dag.py:1818} INFO - Sync 1 DAGs
[2026-01-27 23:29:01,251] {logging_mixin.py:104} INFO - [2026-01-27 23:29:01,251] {dag.py:2273} INFO - Setting next_dagrun for tutorial to 2026-01-25 00:00:00+00:00
[2026-01-27 23:29:01,260] {scheduler_job.py:190} INFO - Processing /home/airflow/.local/lib/python3.6/site-packages/airflow/example_dags/tutorial.py took 0.069 seconds
[2026-01-27 23:29:31,552] {scheduler_job.py:182} INFO - Started process (PID=161) to work on /home/airflow/.local/lib/python3.6/site-packages/airflow/example_dags/tutorial.py
[2026-01-27 23:29:31,554] {scheduler_job.py:629} INFO - Processing file /home/airflow/.local/lib/python3.6/site-packages/airflow/example_dags/tutorial.py for tasks to queue
[2026-01-27 23:29:31,555] {logging_mixin.py:104} INFO - [2026-01-27 23:29:31,555] {dagbag.py:448} INFO - Filling up the DagBag from /home/airflow/.local/lib/python3.6/site-packages/airflow/example_dags/tutorial.py
[2026-01-27 23:29:31,564] {scheduler_job.py:639} INFO - DAG(s) dict_keys(['tutorial']) retrieved from /home/airflow/.local/lib/python3.6/site-packages/airflow/example_dags/tutorial.py
[2026-01-27 23:29:31,584] {logging_mixin.py:104} INFO - [2026-01-27 23:29:31,584] {dag.py:1818} INFO - Sync 1 DAGs
[2026-01-27 23:29:31,598] {logging_mixin.py:104} INFO - [2026-01-27 23:29:31,598] {dag.py:2273} INFO - Setting next_dagrun for tutorial to 2026-01-25 00:00:00+00:00
[2026-01-27 23:29:31,608] {scheduler_job.py:190} INFO - Processing /home/airflow/.local/lib/python3.6/site-packages/airflow/example_dags/tutorial.py took 0.059 seconds
[2026-01-27 23:30:01,757] {scheduler_job.py:182} INFO - Started process (PID=187) to work on /home/airflow/.local/lib/python3.6/site-packages/airflow/example_dags/tutorial.py
[2026-01-27 23:30:01,758] {scheduler_job.py:629} INFO - Processing file /home/airflow/.local/lib/python3.6/site-packages/airflow/example_dags/tutorial.py for tasks to queue
[2026-01-27 23:30:01,759] {logging_mixin.py:104} INFO - [2026-01-27 23:30:01,759] {dagbag.py:448} INFO - Filling up the DagBag from /home/airflow/.local/lib/python3.6/site-packages/airflow/example_dags/tutorial.py
[2026-01-27 23:30:01,767] {scheduler_job.py:639} INFO - DAG(s) dict_keys(['tutorial']) retrieved from /home/airflow/.local/lib/python3.6/site-packages/airflow/example_dags/tutorial.py
[2026-01-27 23:30:01,787] {logging_mixin.py:104} INFO - [2026-01-27 23:30:01,787] {dag.py:1818} INFO - Sync 1 DAGs
[2026-01-27 23:30:01,803] {logging_mixin.py:104} INFO - [2026-01-27 23:30:01,802] {dag.py:2273} INFO - Setting next_dagrun for tutorial to 2026-01-25 00:00:00+00:00
[2026-01-27 23:30:01,813] {scheduler_job.py:190} INFO - Processing /home/airflow/.local/lib/python3.6/site-packages/airflow/example_dags/tutorial.py took 0.059 seconds
[2026-01-27 23:30:32,152] {scheduler_job.py:182} INFO - Started process (PID=213) to work on /home/airflow/.local/lib/python3.6/site-packages/airflow/example_dags/tutorial.py
[2026-01-27 23:30:32,155] {scheduler_job.py:629} INFO - Processing file /home/airflow/.local/lib/python3.6/site-packages/airflow/example_dags/tutorial.py for tasks to queue
[2026-01-27 23:30:32,156] {logging_mixin.py:104} INFO - [2026-01-27 23:30:32,155] {dagbag.py:448} INFO - Filling up the DagBag from /home/airflow/.local/lib/python3.6/site-packages/airflow/example_dags/tutorial.py
[2026-01-27 23:30:32,172] {scheduler_job.py:639} INFO - DAG(s) dict_keys(['tutorial']) retrieved from /home/airflow/.local/lib/python3.6/site-packages/airflow/example_dags/tutorial.py
[2026-01-27 23:30:32,203] {logging_mixin.py:104} INFO - [2026-01-27 23:30:32,203] {dag.py:1818} INFO - Sync 1 DAGs
[2026-01-27 23:30:32,222] {logging_mixin.py:104} INFO - [2026-01-27 23:30:32,221] {dag.py:2273} INFO - Setting next_dagrun for tutorial to 2026-01-25 00:00:00+00:00
[2026-01-27 23:30:32,234] {scheduler_job.py:190} INFO - Processing /home/airflow/.local/lib/python3.6/site-packages/airflow/example_dags/tutorial.py took 0.087 seconds
[2026-01-27 23:31:02,505] {scheduler_job.py:182} INFO - Started process (PID=239) to work on /home/airflow/.local/lib/python3.6/site-packages/airflow/example_dags/tutorial.py
[2026-01-27 23:31:02,508] {scheduler_job.py:629} INFO - Processing file /home/airflow/.local/lib/python3.6/site-packages/airflow/example_dags/tutorial.py for tasks to queue
[2026-01-27 23:31:02,509] {logging_mixin.py:104} INFO - [2026-01-27 23:31:02,509] {dagbag.py:448} INFO - Filling up the DagBag from /home/airflow/.local/lib/python3.6/site-packages/airflow/example_dags/tutorial.py
[2026-01-27 23:31:02,522] {scheduler_job.py:639} INFO - DAG(s) dict_keys(['tutorial']) retrieved from /home/airflow/.local/lib/python3.6/site-packages/airflow/example_dags/tutorial.py
[2026-01-27 23:31:02,550] {logging_mixin.py:104} INFO - [2026-01-27 23:31:02,550] {dag.py:1818} INFO - Sync 1 DAGs
[2026-01-27 23:31:02,569] {logging_mixin.py:104} INFO - [2026-01-27 23:31:02,569] {dag.py:2273} INFO - Setting next_dagrun for tutorial to 2026-01-25 00:00:00+00:00
[2026-01-27 23:31:02,582] {scheduler_job.py:190} INFO - Processing /home/airflow/.local/lib/python3.6/site-packages/airflow/example_dags/tutorial.py took 0.083 seconds
[2026-01-27T23:36:12.321+0000] {processor.py:161} INFO - Started process (PID=76) to work on /home/airflow/.local/lib/python3.12/site-packages/airflow/example_dags/tutorial.py
[2026-01-27T23:36:12.324+0000] {processor.py:830} INFO - Processing file /home/airflow/.local/lib/python3.12/site-packages/airflow/example_dags/tutorial.py for tasks to queue
[2026-01-27T23:36:12.327+0000] {logging_mixin.py:188} INFO - [2026-01-27T23:36:12.327+0000] {dagbag.py:540} INFO - Filling up the DagBag from /home/airflow/.local/lib/python3.12/site-packages/airflow/example_dags/tutorial.py
[2026-01-27T23:36:12.342+0000] {processor.py:840} INFO - DAG(s) 'tutorial' retrieved from /home/airflow/.local/lib/python3.12/site-packages/airflow/example_dags/tutorial.py
[2026-01-27T23:36:12.588+0000] {logging_mixin.py:188} INFO - [2026-01-27T23:36:12.587+0000] {dag.py:3096} INFO - Sync 1 DAGs
[2026-01-27T23:36:12.636+0000] {logging_mixin.py:188} INFO - [2026-01-27T23:36:12.635+0000] {dag.py:3954} INFO - Setting next_dagrun for tutorial to 2026-01-26 00:00:00+00:00, run_after=2026-01-27 00:00:00+00:00
[2026-01-27T23:36:12.680+0000] {processor.py:183} INFO - Processing /home/airflow/.local/lib/python3.12/site-packages/airflow/example_dags/tutorial.py took 0.372 seconds
[2026-01-27T23:36:43.315+0000] {processor.py:161} INFO - Started process (PID=128) to work on /home/airflow/.local/lib/python3.12/site-packages/airflow/example_dags/tutorial.py
[2026-01-27T23:36:43.317+0000] {processor.py:830} INFO - Processing file /home/airflow/.local/lib/python3.12/site-packages/airflow/example_dags/tutorial.py for tasks to queue
[2026-01-27T23:36:43.319+0000] {logging_mixin.py:188} INFO - [2026-01-27T23:36:43.318+0000] {dagbag.py:540} INFO - Filling up the DagBag from /home/airflow/.local/lib/python3.12/site-packages/airflow/example_dags/tutorial.py
[2026-01-27T23:36:43.324+0000] {processor.py:840} INFO - DAG(s) 'tutorial' retrieved from /home/airflow/.local/lib/python3.12/site-packages/airflow/example_dags/tutorial.py
[2026-01-27T23:36:43.344+0000] {logging_mixin.py:188} INFO - [2026-01-27T23:36:43.343+0000] {dag.py:3096} INFO - Sync 1 DAGs
[2026-01-27T23:36:43.364+0000] {logging_mixin.py:188} INFO - [2026-01-27T23:36:43.364+0000] {dag.py:3954} INFO - Setting next_dagrun for tutorial to 2026-01-26 00:00:00+00:00, run_after=2026-01-27 00:00:00+00:00
[2026-01-27T23:36:43.384+0000] {processor.py:183} INFO - Processing /home/airflow/.local/lib/python3.12/site-packages/airflow/example_dags/tutorial.py took 0.074 seconds
[2026-01-27T23:37:13.462+0000] {processor.py:161} INFO - Started process (PID=180) to work on /home/airflow/.local/lib/python3.12/site-packages/airflow/example_dags/tutorial.py
[2026-01-27T23:37:13.463+0000] {processor.py:830} INFO - Processing file /home/airflow/.local/lib/python3.12/site-packages/airflow/example_dags/tutorial.py for tasks to queue
[2026-01-27T23:37:13.465+0000] {logging_mixin.py:188} INFO - [2026-01-27T23:37:13.465+0000] {dagbag.py:540} INFO - Filling up the DagBag from /home/airflow/.local/lib/python3.12/site-packages/airflow/example_dags/tutorial.py
[2026-01-27T23:37:13.472+0000] {processor.py:840} INFO - DAG(s) 'tutorial' retrieved from /home/airflow/.local/lib/python3.12/site-packages/airflow/example_dags/tutorial.py
[2026-01-27T23:37:13.493+0000] {logging_mixin.py:188} INFO - [2026-01-27T23:37:13.493+0000] {dag.py:3096} INFO - Sync 1 DAGs
[2026-01-27T23:37:13.513+0000] {logging_mixin.py:188} INFO - [2026-01-27T23:37:13.513+0000] {dag.py:3954} INFO - Setting next_dagrun for tutorial to 2026-01-26 00:00:00+00:00, run_after=2026-01-27 00:00:00+00:00
[2026-01-27T23:37:13.534+0000] {processor.py:183} INFO - Processing /home/airflow/.local/lib/python3.12/site-packages/airflow/example_dags/tutorial.py took 0.077 seconds
[2026-01-27T23:37:44.177+0000] {processor.py:161} INFO - Started process (PID=232) to work on /home/airflow/.local/lib/python3.12/site-packages/airflow/example_dags/tutorial.py
[2026-01-27T23:37:44.178+0000] {processor.py:830} INFO - Processing file /home/airflow/.local/lib/python3.12/site-packages/airflow/example_dags/tutorial.py for tasks to queue
[2026-01-27T23:37:44.180+0000] {logging_mixin.py:188} INFO - [2026-01-27T23:37:44.180+0000] {dagbag.py:540} INFO - Filling up the DagBag from /home/airflow/.local/lib/python3.12/site-packages/airflow/example_dags/tutorial.py
[2026-01-27T23:37:44.186+0000] {processor.py:840} INFO - DAG(s) 'tutorial' retrieved from /home/airflow/.local/lib/python3.12/site-packages/airflow/example_dags/tutorial.py
[2026-01-27T23:37:44.206+0000] {logging_mixin.py:188} INFO - [2026-01-27T23:37:44.206+0000] {dag.py:3096} INFO - Sync 1 DAGs
[2026-01-27T23:37:44.226+0000] {logging_mixin.py:188} INFO - [2026-01-27T23:37:44.225+0000] {dag.py:3954} INFO - Setting next_dagrun for tutorial to 2026-01-26 00:00:00+00:00, run_after=2026-01-27 00:00:00+00:00
[2026-01-27T23:37:44.245+0000] {processor.py:183} INFO - Processing /home/airflow/.local/lib/python3.12/site-packages/airflow/example_dags/tutorial.py took 0.074 seconds
[2026-01-27T23:38:14.618+0000] {processor.py:161} INFO - Started process (PID=284) to work on /home/airflow/.local/lib/python3.12/site-packages/airflow/example_dags/tutorial.py
[2026-01-27T23:38:14.619+0000] {processor.py:830} INFO - Processing file /home/airflow/.local/lib/python3.12/site-packages/airflow/example_dags/tutorial.py for tasks to queue
[2026-01-27T23:38:14.621+0000] {logging_mixin.py:188} INFO - [2026-01-27T23:38:14.621+0000] {dagbag.py:540} INFO - Filling up the DagBag from /home/airflow/.local/lib/python3.12/site-packages/airflow/example_dags/tutorial.py
[2026-01-27T23:38:14.629+0000] {processor.py:840} INFO - DAG(s) 'tutorial' retrieved from /home/airflow/.local/lib/python3.12/site-packages/airflow/example_dags/tutorial.py
[2026-01-27T23:38:14.649+0000] {logging_mixin.py:188} INFO - [2026-01-27T23:38:14.649+0000] {dag.py:3096} INFO - Sync 1 DAGs
[2026-01-27T23:38:14.668+0000] {logging_mixin.py:188} INFO - [2026-01-27T23:38:14.668+0000] {dag.py:3954} INFO - Setting next_dagrun for tutorial to 2026-01-26 00:00:00+00:00, run_after=2026-01-27 00:00:00+00:00
[2026-01-27T23:38:14.690+0000] {processor.py:183} INFO - Processing /home/airflow/.local/lib/python3.12/site-packages/airflow/example_dags/tutorial.py took 0.078 seconds
[2026-01-27T23:38:44.815+0000] {processor.py:161} INFO - Started process (PID=336) to work on /home/airflow/.local/lib/python3.12/site-packages/airflow/example_dags/tutorial.py
[2026-01-27T23:38:44.816+0000] {processor.py:830} INFO - Processing file /home/airflow/.local/lib/python3.12/site-packages/airflow/example_dags/tutorial.py for tasks to queue
[2026-01-27T23:38:44.818+0000] {logging_mixin.py:188} INFO - [2026-01-27T23:38:44.818+0000] {dagbag.py:540} INFO - Filling up the DagBag from /home/airflow/.local/lib/python3.12/site-packages/airflow/example_dags/tutorial.py
[2026-01-27T23:38:44.826+0000] {processor.py:840} INFO - DAG(s) 'tutorial' retrieved from /home/airflow/.local/lib/python3.12/site-packages/airflow/example_dags/tutorial.py
[2026-01-27T23:38:44.846+0000] {logging_mixin.py:188} INFO - [2026-01-27T23:38:44.846+0000] {dag.py:3096} INFO - Sync 1 DAGs
[2026-01-27T23:38:44.867+0000] {logging_mixin.py:188} INFO - [2026-01-27T23:38:44.867+0000] {dag.py:3954} INFO - Setting next_dagrun for tutorial to 2026-01-26 00:00:00+00:00, run_after=2026-01-27 00:00:00+00:00
[2026-01-27T23:38:44.886+0000] {processor.py:183} INFO - Processing /home/airflow/.local/lib/python3.12/site-packages/airflow/example_dags/tutorial.py took 0.077 seconds
[2026-01-27T23:39:15.601+0000] {processor.py:161} INFO - Started process (PID=388) to work on /home/airflow/.local/lib/python3.12/site-packages/airflow/example_dags/tutorial.py
[2026-01-27T23:39:15.602+0000] {processor.py:830} INFO - Processing file /home/airflow/.local/lib/python3.12/site-packages/airflow/example_dags/tutorial.py for tasks to queue
[2026-01-27T23:39:15.605+0000] {logging_mixin.py:188} INFO - [2026-01-27T23:39:15.604+0000] {dagbag.py:540} INFO - Filling up the DagBag from /home/airflow/.local/lib/python3.12/site-packages/airflow/example_dags/tutorial.py
[2026-01-27T23:39:15.614+0000] {processor.py:840} INFO - DAG(s) 'tutorial' retrieved from /home/airflow/.local/lib/python3.12/site-packages/airflow/example_dags/tutorial.py
[2026-01-27T23:39:15.639+0000] {logging_mixin.py:188} INFO - [2026-01-27T23:39:15.639+0000] {dag.py:3096} INFO - Sync 1 DAGs
[2026-01-27T23:39:15.669+0000] {logging_mixin.py:188} INFO - [2026-01-27T23:39:15.668+0000] {dag.py:3954} INFO - Setting next_dagrun for tutorial to 2026-01-26 00:00:00+00:00, run_after=2026-01-27 00:00:00+00:00
[2026-01-27T23:39:15.703+0000] {processor.py:183} INFO - Processing /home/airflow/.local/lib/python3.12/site-packages/airflow/example_dags/tutorial.py took 0.109 seconds
[2026-01-27T23:39:46.256+0000] {processor.py:161} INFO - Started process (PID=440) to work on /home/airflow/.local/lib/python3.12/site-packages/airflow/example_dags/tutorial.py
[2026-01-27T23:39:46.259+0000] {processor.py:830} INFO - Processing file /home/airflow/.local/lib/python3.12/site-packages/airflow/example_dags/tutorial.py for tasks to queue
[2026-01-27T23:39:46.266+0000] {logging_mixin.py:188} INFO - [2026-01-27T23:39:46.265+0000] {dagbag.py:540} INFO - Filling up the DagBag from /home/airflow/.local/lib/python3.12/site-packages/airflow/example_dags/tutorial.py
[2026-01-27T23:39:46.283+0000] {processor.py:840} INFO - DAG(s) 'tutorial' retrieved from /home/airflow/.local/lib/python3.12/site-packages/airflow/example_dags/tutorial.py
[2026-01-27T23:39:46.325+0000] {logging_mixin.py:188} INFO - [2026-01-27T23:39:46.324+0000] {dag.py:3096} INFO - Sync 1 DAGs
[2026-01-27T23:39:46.379+0000] {logging_mixin.py:188} INFO - [2026-01-27T23:39:46.379+0000] {dag.py:3954} INFO - Setting next_dagrun for tutorial to 2026-01-26 00:00:00+00:00, run_after=2026-01-27 00:00:00+00:00
[2026-01-27T23:39:46.422+0000] {processor.py:183} INFO - Processing /home/airflow/.local/lib/python3.12/site-packages/airflow/example_dags/tutorial.py took 0.180 seconds
[2026-01-27T23:40:17.033+0000] {processor.py:161} INFO - Started process (PID=492) to work on /home/airflow/.local/lib/python3.12/site-packages/airflow/example_dags/tutorial.py
[2026-01-27T23:40:17.036+0000] {processor.py:830} INFO - Processing file /home/airflow/.local/lib/python3.12/site-packages/airflow/example_dags/tutorial.py for tasks to queue
[2026-01-27T23:40:17.067+0000] {logging_mixin.py:188} INFO - [2026-01-27T23:40:17.066+0000] {dagbag.py:540} INFO - Filling up the DagBag from /home/airflow/.local/lib/python3.12/site-packages/airflow/example_dags/tutorial.py
[2026-01-27T23:40:17.121+0000] {processor.py:840} INFO - DAG(s) 'tutorial' retrieved from /home/airflow/.local/lib/python3.12/site-packages/airflow/example_dags/tutorial.py
[2026-01-27T23:40:17.216+0000] {logging_mixin.py:188} INFO - [2026-01-27T23:40:17.216+0000] {dag.py:3096} INFO - Sync 1 DAGs
[2026-01-27T23:40:17.352+0000] {logging_mixin.py:188} INFO - [2026-01-27T23:40:17.351+0000] {dag.py:3954} INFO - Setting next_dagrun for tutorial to 2026-01-26 00:00:00+00:00, run_after=2026-01-27 00:00:00+00:00
[2026-01-27T23:40:17.470+0000] {processor.py:183} INFO - Processing /home/airflow/.local/lib/python3.12/site-packages/airflow/example_dags/tutorial.py took 0.458 seconds
[2026-01-27T23:40:47.937+0000] {processor.py:161} INFO - Started process (PID=544) to work on /home/airflow/.local/lib/python3.12/site-packages/airflow/example_dags/tutorial.py
[2026-01-27T23:40:47.939+0000] {processor.py:830} INFO - Processing file /home/airflow/.local/lib/python3.12/site-packages/airflow/example_dags/tutorial.py for tasks to queue
[2026-01-27T23:40:47.941+0000] {logging_mixin.py:188} INFO - [2026-01-27T23:40:47.941+0000] {dagbag.py:540} INFO - Filling up the DagBag from /home/airflow/.local/lib/python3.12/site-packages/airflow/example_dags/tutorial.py
[2026-01-27T23:40:47.949+0000] {processor.py:840} INFO - DAG(s) 'tutorial' retrieved from /home/airflow/.local/lib/python3.12/site-packages/airflow/example_dags/tutorial.py
[2026-01-27T23:40:47.972+0000] {logging_mixin.py:188} INFO - [2026-01-27T23:40:47.972+0000] {dag.py:3096} INFO - Sync 1 DAGs
[2026-01-27T23:40:48.000+0000] {logging_mixin.py:188} INFO - [2026-01-27T23:40:48.000+0000] {dag.py:3954} INFO - Setting next_dagrun for tutorial to 2026-01-26 00:00:00+00:00, run_after=2026-01-27 00:00:00+00:00
[2026-01-27T23:40:48.025+0000] {processor.py:183} INFO - Processing /home/airflow/.local/lib/python3.12/site-packages/airflow/example_dags/tutorial.py took 0.094 seconds
[2026-01-27T23:41:18.401+0000] {processor.py:161} INFO - Started process (PID=596) to work on /home/airflow/.local/lib/python3.12/site-packages/airflow/example_dags/tutorial.py
[2026-01-27T23:41:18.405+0000] {processor.py:830} INFO - Processing file /home/airflow/.local/lib/python3.12/site-packages/airflow/example_dags/tutorial.py for tasks to queue
[2026-01-27T23:41:18.410+0000] {logging_mixin.py:188} INFO - [2026-01-27T23:41:18.409+0000] {dagbag.py:540} INFO - Filling up the DagBag from /home/airflow/.local/lib/python3.12/site-packages/airflow/example_dags/tutorial.py
[2026-01-27T23:41:18.428+0000] {processor.py:840} INFO - DAG(s) 'tutorial' retrieved from /home/airflow/.local/lib/python3.12/site-packages/airflow/example_dags/tutorial.py
[2026-01-27T23:41:18.486+0000] {logging_mixin.py:188} INFO - [2026-01-27T23:41:18.486+0000] {dag.py:3096} INFO - Sync 1 DAGs
[2026-01-27T23:41:18.557+0000] {logging_mixin.py:188} INFO - [2026-01-27T23:41:18.557+0000] {dag.py:3954} INFO - Setting next_dagrun for tutorial to 2026-01-26 00:00:00+00:00, run_after=2026-01-27 00:00:00+00:00
[2026-01-27T23:41:18.629+0000] {processor.py:183} INFO - Processing /home/airflow/.local/lib/python3.12/site-packages/airflow/example_dags/tutorial.py took 0.245 seconds
[2026-01-27T23:41:48.892+0000] {processor.py:161} INFO - Started process (PID=648) to work on /home/airflow/.local/lib/python3.12/site-packages/airflow/example_dags/tutorial.py
[2026-01-27T23:41:48.893+0000] {processor.py:830} INFO - Processing file /home/airflow/.local/lib/python3.12/site-packages/airflow/example_dags/tutorial.py for tasks to queue
[2026-01-27T23:41:48.896+0000] {logging_mixin.py:188} INFO - [2026-01-27T23:41:48.896+0000] {dagbag.py:540} INFO - Filling up the DagBag from /home/airflow/.local/lib/python3.12/site-packages/airflow/example_dags/tutorial.py
[2026-01-27T23:41:48.903+0000] {processor.py:840} INFO - DAG(s) 'tutorial' retrieved from /home/airflow/.local/lib/python3.12/site-packages/airflow/example_dags/tutorial.py
[2026-01-27T23:41:48.930+0000] {logging_mixin.py:188} INFO - [2026-01-27T23:41:48.930+0000] {dag.py:3096} INFO - Sync 1 DAGs
[2026-01-27T23:41:48.957+0000] {logging_mixin.py:188} INFO - [2026-01-27T23:41:48.957+0000] {dag.py:3954} INFO - Setting next_dagrun for tutorial to 2026-01-26 00:00:00+00:00, run_after=2026-01-27 00:00:00+00:00
[2026-01-27T23:41:48.982+0000] {processor.py:183} INFO - Processing /home/airflow/.local/lib/python3.12/site-packages/airflow/example_dags/tutorial.py took 0.097 seconds
[2026-01-27T23:42:19.596+0000] {processor.py:161} INFO - Started process (PID=700) to work on /home/airflow/.local/lib/python3.12/site-packages/airflow/example_dags/tutorial.py
[2026-01-27T23:42:19.597+0000] {processor.py:830} INFO - Processing file /home/airflow/.local/lib/python3.12/site-packages/airflow/example_dags/tutorial.py for tasks to queue
[2026-01-27T23:42:19.600+0000] {logging_mixin.py:188} INFO - [2026-01-27T23:42:19.599+0000] {dagbag.py:540} INFO - Filling up the DagBag from /home/airflow/.local/lib/python3.12/site-packages/airflow/example_dags/tutorial.py
[2026-01-27T23:42:19.607+0000] {processor.py:840} INFO - DAG(s) 'tutorial' retrieved from /home/airflow/.local/lib/python3.12/site-packages/airflow/example_dags/tutorial.py
[2026-01-27T23:42:19.629+0000] {logging_mixin.py:188} INFO - [2026-01-27T23:42:19.629+0000] {dag.py:3096} INFO - Sync 1 DAGs
[2026-01-27T23:42:19.654+0000] {logging_mixin.py:188} INFO - [2026-01-27T23:42:19.654+0000] {dag.py:3954} INFO - Setting next_dagrun for tutorial to 2026-01-26 00:00:00+00:00, run_after=2026-01-27 00:00:00+00:00
[2026-01-27T23:42:19.677+0000] {processor.py:183} INFO - Processing /home/airflow/.local/lib/python3.12/site-packages/airflow/example_dags/tutorial.py took 0.087 seconds
[2026-01-27T23:42:50.478+0000] {processor.py:161} INFO - Started process (PID=752) to work on /home/airflow/.local/lib/python3.12/site-packages/airflow/example_dags/tutorial.py
[2026-01-27T23:42:50.480+0000] {processor.py:830} INFO - Processing file /home/airflow/.local/lib/python3.12/site-packages/airflow/example_dags/tutorial.py for tasks to queue
[2026-01-27T23:42:50.483+0000] {logging_mixin.py:188} INFO - [2026-01-27T23:42:50.482+0000] {dagbag.py:540} INFO - Filling up the DagBag from /home/airflow/.local/lib/python3.12/site-packages/airflow/example_dags/tutorial.py
[2026-01-27T23:42:50.493+0000] {processor.py:840} INFO - DAG(s) 'tutorial' retrieved from /home/airflow/.local/lib/python3.12/site-packages/airflow/example_dags/tutorial.py
[2026-01-27T23:42:50.521+0000] {logging_mixin.py:188} INFO - [2026-01-27T23:42:50.520+0000] {dag.py:3096} INFO - Sync 1 DAGs
[2026-01-27T23:42:50.552+0000] {logging_mixin.py:188} INFO - [2026-01-27T23:42:50.552+0000] {dag.py:3954} INFO - Setting next_dagrun for tutorial to 2026-01-26 00:00:00+00:00, run_after=2026-01-27 00:00:00+00:00
[2026-01-27T23:42:50.578+0000] {processor.py:183} INFO - Processing /home/airflow/.local/lib/python3.12/site-packages/airflow/example_dags/tutorial.py took 0.107 seconds
[2026-01-27T23:43:21.411+0000] {processor.py:161} INFO - Started process (PID=804) to work on /home/airflow/.local/lib/python3.12/site-packages/airflow/example_dags/tutorial.py
[2026-01-27T23:43:21.413+0000] {processor.py:830} INFO - Processing file /home/airflow/.local/lib/python3.12/site-packages/airflow/example_dags/tutorial.py for tasks to queue
[2026-01-27T23:43:21.415+0000] {logging_mixin.py:188} INFO - [2026-01-27T23:43:21.415+0000] {dagbag.py:540} INFO - Filling up the DagBag from /home/airflow/.local/lib/python3.12/site-packages/airflow/example_dags/tutorial.py
[2026-01-27T23:43:21.423+0000] {processor.py:840} INFO - DAG(s) 'tutorial' retrieved from /home/airflow/.local/lib/python3.12/site-packages/airflow/example_dags/tutorial.py
[2026-01-27T23:43:21.451+0000] {logging_mixin.py:188} INFO - [2026-01-27T23:43:21.451+0000] {dag.py:3096} INFO - Sync 1 DAGs
[2026-01-27T23:43:21.474+0000] {logging_mixin.py:188} INFO - [2026-01-27T23:43:21.474+0000] {dag.py:3954} INFO - Setting next_dagrun for tutorial to 2026-01-26 00:00:00+00:00, run_after=2026-01-27 00:00:00+00:00
[2026-01-27T23:43:21.506+0000] {processor.py:183} INFO - Processing /home/airflow/.local/lib/python3.12/site-packages/airflow/example_dags/tutorial.py took 0.102 seconds
[2026-01-27T23:43:51.925+0000] {processor.py:161} INFO - Started process (PID=856) to work on /home/airflow/.local/lib/python3.12/site-packages/airflow/example_dags/tutorial.py
[2026-01-27T23:43:51.926+0000] {processor.py:830} INFO - Processing file /home/airflow/.local/lib/python3.12/site-packages/airflow/example_dags/tutorial.py for tasks to queue
[2026-01-27T23:43:51.928+0000] {logging_mixin.py:188} INFO - [2026-01-27T23:43:51.928+0000] {dagbag.py:540} INFO - Filling up the DagBag from /home/airflow/.local/lib/python3.12/site-packages/airflow/example_dags/tutorial.py
[2026-01-27T23:43:51.937+0000] {processor.py:840} INFO - DAG(s) 'tutorial' retrieved from /home/airflow/.local/lib/python3.12/site-packages/airflow/example_dags/tutorial.py
[2026-01-27T23:43:51.963+0000] {logging_mixin.py:188} INFO - [2026-01-27T23:43:51.962+0000] {dag.py:3096} INFO - Sync 1 DAGs
[2026-01-27T23:43:51.989+0000] {logging_mixin.py:188} INFO - [2026-01-27T23:43:51.988+0000] {dag.py:3954} INFO - Setting next_dagrun for tutorial to 2026-01-26 00:00:00+00:00, run_after=2026-01-27 00:00:00+00:00
[2026-01-27T23:43:52.013+0000] {processor.py:183} INFO - Processing /home/airflow/.local/lib/python3.12/site-packages/airflow/example_dags/tutorial.py took 0.095 seconds
[2026-01-27T23:44:22.498+0000] {processor.py:161} INFO - Started process (PID=908) to work on /home/airflow/.local/lib/python3.12/site-packages/airflow/example_dags/tutorial.py
[2026-01-27T23:44:22.500+0000] {processor.py:830} INFO - Processing file /home/airflow/.local/lib/python3.12/site-packages/airflow/example_dags/tutorial.py for tasks to queue
[2026-01-27T23:44:22.502+0000] {logging_mixin.py:188} INFO - [2026-01-27T23:44:22.502+0000] {dagbag.py:540} INFO - Filling up the DagBag from /home/airflow/.local/lib/python3.12/site-packages/airflow/example_dags/tutorial.py
[2026-01-27T23:44:22.510+0000] {processor.py:840} INFO - DAG(s) 'tutorial' retrieved from /home/airflow/.local/lib/python3.12/site-packages/airflow/example_dags/tutorial.py
[2026-01-27T23:44:22.537+0000] {logging_mixin.py:188} INFO - [2026-01-27T23:44:22.536+0000] {dag.py:3096} INFO - Sync 1 DAGs
[2026-01-27T23:44:22.561+0000] {logging_mixin.py:188} INFO - [2026-01-27T23:44:22.561+0000] {dag.py:3954} INFO - Setting next_dagrun for tutorial to 2026-01-26 00:00:00+00:00, run_after=2026-01-27 00:00:00+00:00
[2026-01-27T23:44:22.594+0000] {processor.py:183} INFO - Processing /home/airflow/.local/lib/python3.12/site-packages/airflow/example_dags/tutorial.py took 0.103 seconds
[2026-01-27T23:44:52.699+0000] {processor.py:161} INFO - Started process (PID=960) to work on /home/airflow/.local/lib/python3.12/site-packages/airflow/example_dags/tutorial.py
[2026-01-27T23:44:52.701+0000] {processor.py:830} INFO - Processing file /home/airflow/.local/lib/python3.12/site-packages/airflow/example_dags/tutorial.py for tasks to queue
[2026-01-27T23:44:52.703+0000] {logging_mixin.py:188} INFO - [2026-01-27T23:44:52.703+0000] {dagbag.py:540} INFO - Filling up the DagBag from /home/airflow/.local/lib/python3.12/site-packages/airflow/example_dags/tutorial.py
[2026-01-27T23:44:52.709+0000] {processor.py:840} INFO - DAG(s) 'tutorial' retrieved from /home/airflow/.local/lib/python3.12/site-packages/airflow/example_dags/tutorial.py
[2026-01-27T23:44:52.735+0000] {logging_mixin.py:188} INFO - [2026-01-27T23:44:52.735+0000] {dag.py:3096} INFO - Sync 1 DAGs
[2026-01-27T23:44:52.758+0000] {logging_mixin.py:188} INFO - [2026-01-27T23:44:52.757+0000] {dag.py:3954} INFO - Setting next_dagrun for tutorial to 2026-01-26 00:00:00+00:00, run_after=2026-01-27 00:00:00+00:00
[2026-01-27T23:44:52.792+0000] {processor.py:183} INFO - Processing /home/airflow/.local/lib/python3.12/site-packages/airflow/example_dags/tutorial.py took 0.098 seconds
[2026-01-27T23:45:23.522+0000] {processor.py:161} INFO - Started process (PID=1012) to work on /home/airflow/.local/lib/python3.12/site-packages/airflow/example_dags/tutorial.py
[2026-01-27T23:45:23.523+0000] {processor.py:830} INFO - Processing file /home/airflow/.local/lib/python3.12/site-packages/airflow/example_dags/tutorial.py for tasks to queue
[2026-01-27T23:45:23.525+0000] {logging_mixin.py:188} INFO - [2026-01-27T23:45:23.525+0000] {dagbag.py:540} INFO - Filling up the DagBag from /home/airflow/.local/lib/python3.12/site-packages/airflow/example_dags/tutorial.py
[2026-01-27T23:45:23.532+0000] {processor.py:840} INFO - DAG(s) 'tutorial' retrieved from /home/airflow/.local/lib/python3.12/site-packages/airflow/example_dags/tutorial.py
[2026-01-27T23:45:23.555+0000] {logging_mixin.py:188} INFO - [2026-01-27T23:45:23.554+0000] {dag.py:3096} INFO - Sync 1 DAGs
[2026-01-27T23:45:23.767+0000] {logging_mixin.py:188} INFO - [2026-01-27T23:45:23.766+0000] {dag.py:3954} INFO - Setting next_dagrun for tutorial to 2026-01-26 00:00:00+00:00, run_after=2026-01-27 00:00:00+00:00
[2026-01-27T23:45:23.788+0000] {processor.py:183} INFO - Processing /home/airflow/.local/lib/python3.12/site-packages/airflow/example_dags/tutorial.py took 0.272 seconds
[2026-01-27T23:45:54.020+0000] {processor.py:161} INFO - Started process (PID=1064) to work on /home/airflow/.local/lib/python3.12/site-packages/airflow/example_dags/tutorial.py
[2026-01-27T23:45:54.021+0000] {processor.py:830} INFO - Processing file /home/airflow/.local/lib/python3.12/site-packages/airflow/example_dags/tutorial.py for tasks to queue
[2026-01-27T23:45:54.023+0000] {logging_mixin.py:188} INFO - [2026-01-27T23:45:54.023+0000] {dagbag.py:540} INFO - Filling up the DagBag from /home/airflow/.local/lib/python3.12/site-packages/airflow/example_dags/tutorial.py
[2026-01-27T23:45:54.030+0000] {processor.py:840} INFO - DAG(s) 'tutorial' retrieved from /home/airflow/.local/lib/python3.12/site-packages/airflow/example_dags/tutorial.py
[2026-01-27T23:45:54.050+0000] {logging_mixin.py:188} INFO - [2026-01-27T23:45:54.050+0000] {dag.py:3096} INFO - Sync 1 DAGs
[2026-01-27T23:45:54.078+0000] {logging_mixin.py:188} INFO - [2026-01-27T23:45:54.078+0000] {dag.py:3954} INFO - Setting next_dagrun for tutorial to 2026-01-26 00:00:00+00:00, run_after=2026-01-27 00:00:00+00:00
[2026-01-27T23:45:54.101+0000] {processor.py:183} INFO - Processing /home/airflow/.local/lib/python3.12/site-packages/airflow/example_dags/tutorial.py took 0.086 seconds
[2026-01-27T23:46:24.373+0000] {processor.py:161} INFO - Started process (PID=1116) to work on /home/airflow/.local/lib/python3.12/site-packages/airflow/example_dags/tutorial.py
[2026-01-27T23:46:24.374+0000] {processor.py:830} INFO - Processing file /home/airflow/.local/lib/python3.12/site-packages/airflow/example_dags/tutorial.py for tasks to queue
[2026-01-27T23:46:24.376+0000] {logging_mixin.py:188} INFO - [2026-01-27T23:46:24.376+0000] {dagbag.py:540} INFO - Filling up the DagBag from /home/airflow/.local/lib/python3.12/site-packages/airflow/example_dags/tutorial.py
[2026-01-27T23:46:24.382+0000] {processor.py:840} INFO - DAG(s) 'tutorial' retrieved from /home/airflow/.local/lib/python3.12/site-packages/airflow/example_dags/tutorial.py
[2026-01-27T23:46:24.403+0000] {logging_mixin.py:188} INFO - [2026-01-27T23:46:24.403+0000] {dag.py:3096} INFO - Sync 1 DAGs
[2026-01-27T23:46:24.424+0000] {logging_mixin.py:188} INFO - [2026-01-27T23:46:24.424+0000] {dag.py:3954} INFO - Setting next_dagrun for tutorial to 2026-01-26 00:00:00+00:00, run_after=2026-01-27 00:00:00+00:00
[2026-01-27T23:46:24.446+0000] {processor.py:183} INFO - Processing /home/airflow/.local/lib/python3.12/site-packages/airflow/example_dags/tutorial.py took 0.079 seconds
[2026-01-27T23:46:55.389+0000] {processor.py:161} INFO - Started process (PID=1168) to work on /home/airflow/.local/lib/python3.12/site-packages/airflow/example_dags/tutorial.py
[2026-01-27T23:46:55.390+0000] {processor.py:830} INFO - Processing file /home/airflow/.local/lib/python3.12/site-packages/airflow/example_dags/tutorial.py for tasks to queue
[2026-01-27T23:46:55.392+0000] {logging_mixin.py:188} INFO - [2026-01-27T23:46:55.391+0000] {dagbag.py:540} INFO - Filling up the DagBag from /home/airflow/.local/lib/python3.12/site-packages/airflow/example_dags/tutorial.py
[2026-01-27T23:46:55.399+0000] {processor.py:840} INFO - DAG(s) 'tutorial' retrieved from /home/airflow/.local/lib/python3.12/site-packages/airflow/example_dags/tutorial.py
[2026-01-27T23:46:55.577+0000] {logging_mixin.py:188} INFO - [2026-01-27T23:46:55.576+0000] {dag.py:3096} INFO - Sync 1 DAGs
[2026-01-27T23:46:55.605+0000] {logging_mixin.py:188} INFO - [2026-01-27T23:46:55.605+0000] {dag.py:3954} INFO - Setting next_dagrun for tutorial to 2026-01-26 00:00:00+00:00, run_after=2026-01-27 00:00:00+00:00
[2026-01-27T23:46:55.625+0000] {processor.py:183} INFO - Processing /home/airflow/.local/lib/python3.12/site-packages/airflow/example_dags/tutorial.py took 0.242 seconds
[2026-01-27T23:47:26.316+0000] {processor.py:161} INFO - Started process (PID=1220) to work on /home/airflow/.local/lib/python3.12/site-packages/airflow/example_dags/tutorial.py
[2026-01-27T23:47:26.317+0000] {processor.py:830} INFO - Processing file /home/airflow/.local/lib/python3.12/site-packages/airflow/example_dags/tutorial.py for tasks to queue
[2026-01-27T23:47:26.319+0000] {logging_mixin.py:188} INFO - [2026-01-27T23:47:26.319+0000] {dagbag.py:540} INFO - Filling up the DagBag from /home/airflow/.local/lib/python3.12/site-packages/airflow/example_dags/tutorial.py
[2026-01-27T23:47:26.326+0000] {processor.py:840} INFO - DAG(s) 'tutorial' retrieved from /home/airflow/.local/lib/python3.12/site-packages/airflow/example_dags/tutorial.py
[2026-01-27T23:47:26.350+0000] {logging_mixin.py:188} INFO - [2026-01-27T23:47:26.349+0000] {dag.py:3096} INFO - Sync 1 DAGs
[2026-01-27T23:47:26.553+0000] {logging_mixin.py:188} INFO - [2026-01-27T23:47:26.553+0000] {dag.py:3954} INFO - Setting next_dagrun for tutorial to 2026-01-26 00:00:00+00:00, run_after=2026-01-27 00:00:00+00:00
[2026-01-27T23:47:26.580+0000] {processor.py:183} INFO - Processing /home/airflow/.local/lib/python3.12/site-packages/airflow/example_dags/tutorial.py took 0.269 seconds
[2026-01-27T23:47:56.649+0000] {processor.py:161} INFO - Started process (PID=1272) to work on /home/airflow/.local/lib/python3.12/site-packages/airflow/example_dags/tutorial.py
[2026-01-27T23:47:56.650+0000] {processor.py:830} INFO - Processing file /home/airflow/.local/lib/python3.12/site-packages/airflow/example_dags/tutorial.py for tasks to queue
[2026-01-27T23:47:56.652+0000] {logging_mixin.py:188} INFO - [2026-01-27T23:47:56.652+0000] {dagbag.py:540} INFO - Filling up the DagBag from /home/airflow/.local/lib/python3.12/site-packages/airflow/example_dags/tutorial.py
[2026-01-27T23:47:56.659+0000] {processor.py:840} INFO - DAG(s) 'tutorial' retrieved from /home/airflow/.local/lib/python3.12/site-packages/airflow/example_dags/tutorial.py
[2026-01-27T23:47:56.686+0000] {logging_mixin.py:188} INFO - [2026-01-27T23:47:56.685+0000] {dag.py:3096} INFO - Sync 1 DAGs
[2026-01-27T23:47:56.708+0000] {logging_mixin.py:188} INFO - [2026-01-27T23:47:56.708+0000] {dag.py:3954} INFO - Setting next_dagrun for tutorial to 2026-01-26 00:00:00+00:00, run_after=2026-01-27 00:00:00+00:00
[2026-01-27T23:47:56.734+0000] {processor.py:183} INFO - Processing /home/airflow/.local/lib/python3.12/site-packages/airflow/example_dags/tutorial.py took 0.090 seconds
[2026-01-27T23:48:26.850+0000] {processor.py:161} INFO - Started process (PID=1324) to work on /home/airflow/.local/lib/python3.12/site-packages/airflow/example_dags/tutorial.py
[2026-01-27T23:48:26.852+0000] {processor.py:830} INFO - Processing file /home/airflow/.local/lib/python3.12/site-packages/airflow/example_dags/tutorial.py for tasks to queue
[2026-01-27T23:48:26.855+0000] {logging_mixin.py:188} INFO - [2026-01-27T23:48:26.854+0000] {dagbag.py:540} INFO - Filling up the DagBag from /home/airflow/.local/lib/python3.12/site-packages/airflow/example_dags/tutorial.py
[2026-01-27T23:48:26.860+0000] {processor.py:840} INFO - DAG(s) 'tutorial' retrieved from /home/airflow/.local/lib/python3.12/site-packages/airflow/example_dags/tutorial.py
[2026-01-27T23:48:26.883+0000] {logging_mixin.py:188} INFO - [2026-01-27T23:48:26.883+0000] {dag.py:3096} INFO - Sync 1 DAGs
[2026-01-27T23:48:26.903+0000] {logging_mixin.py:188} INFO - [2026-01-27T23:48:26.903+0000] {dag.py:3954} INFO - Setting next_dagrun for tutorial to 2026-01-26 00:00:00+00:00, run_after=2026-01-27 00:00:00+00:00
[2026-01-27T23:48:26.922+0000] {processor.py:183} INFO - Processing /home/airflow/.local/lib/python3.12/site-packages/airflow/example_dags/tutorial.py took 0.076 seconds
[2026-01-27T23:48:57.754+0000] {processor.py:161} INFO - Started process (PID=1376) to work on /home/airflow/.local/lib/python3.12/site-packages/airflow/example_dags/tutorial.py
[2026-01-27T23:48:57.755+0000] {processor.py:830} INFO - Processing file /home/airflow/.local/lib/python3.12/site-packages/airflow/example_dags/tutorial.py for tasks to queue
[2026-01-27T23:48:57.761+0000] {logging_mixin.py:188} INFO - [2026-01-27T23:48:57.761+0000] {dagbag.py:540} INFO - Filling up the DagBag from /home/airflow/.local/lib/python3.12/site-packages/airflow/example_dags/tutorial.py
[2026-01-27T23:48:57.771+0000] {processor.py:840} INFO - DAG(s) 'tutorial' retrieved from /home/airflow/.local/lib/python3.12/site-packages/airflow/example_dags/tutorial.py
[2026-01-27T23:48:57.812+0000] {logging_mixin.py:188} INFO - [2026-01-27T23:48:57.812+0000] {dag.py:3096} INFO - Sync 1 DAGs
[2026-01-27T23:48:57.855+0000] {logging_mixin.py:188} INFO - [2026-01-27T23:48:57.855+0000] {dag.py:3954} INFO - Setting next_dagrun for tutorial to 2026-01-26 00:00:00+00:00, run_after=2026-01-27 00:00:00+00:00
[2026-01-27T23:48:57.889+0000] {processor.py:183} INFO - Processing /home/airflow/.local/lib/python3.12/site-packages/airflow/example_dags/tutorial.py took 0.148 seconds
[2026-01-27T23:49:28.195+0000] {processor.py:161} INFO - Started process (PID=1428) to work on /home/airflow/.local/lib/python3.12/site-packages/airflow/example_dags/tutorial.py
[2026-01-27T23:49:28.196+0000] {processor.py:830} INFO - Processing file /home/airflow/.local/lib/python3.12/site-packages/airflow/example_dags/tutorial.py for tasks to queue
[2026-01-27T23:49:28.199+0000] {logging_mixin.py:188} INFO - [2026-01-27T23:49:28.198+0000] {dagbag.py:540} INFO - Filling up the DagBag from /home/airflow/.local/lib/python3.12/site-packages/airflow/example_dags/tutorial.py
[2026-01-27T23:49:28.206+0000] {processor.py:840} INFO - DAG(s) 'tutorial' retrieved from /home/airflow/.local/lib/python3.12/site-packages/airflow/example_dags/tutorial.py
[2026-01-27T23:49:28.230+0000] {logging_mixin.py:188} INFO - [2026-01-27T23:49:28.229+0000] {dag.py:3096} INFO - Sync 1 DAGs
[2026-01-27T23:49:28.257+0000] {logging_mixin.py:188} INFO - [2026-01-27T23:49:28.256+0000] {dag.py:3954} INFO - Setting next_dagrun for tutorial to 2026-01-26 00:00:00+00:00, run_after=2026-01-27 00:00:00+00:00
[2026-01-27T23:49:28.281+0000] {processor.py:183} INFO - Processing /home/airflow/.local/lib/python3.12/site-packages/airflow/example_dags/tutorial.py took 0.092 seconds
[2026-01-27T23:49:58.464+0000] {processor.py:161} INFO - Started process (PID=1480) to work on /home/airflow/.local/lib/python3.12/site-packages/airflow/example_dags/tutorial.py
[2026-01-27T23:49:58.466+0000] {processor.py:830} INFO - Processing file /home/airflow/.local/lib/python3.12/site-packages/airflow/example_dags/tutorial.py for tasks to queue
[2026-01-27T23:49:58.469+0000] {logging_mixin.py:188} INFO - [2026-01-27T23:49:58.468+0000] {dagbag.py:540} INFO - Filling up the DagBag from /home/airflow/.local/lib/python3.12/site-packages/airflow/example_dags/tutorial.py
[2026-01-27T23:49:58.477+0000] {processor.py:840} INFO - DAG(s) 'tutorial' retrieved from /home/airflow/.local/lib/python3.12/site-packages/airflow/example_dags/tutorial.py
[2026-01-27T23:49:58.503+0000] {logging_mixin.py:188} INFO - [2026-01-27T23:49:58.502+0000] {dag.py:3096} INFO - Sync 1 DAGs
[2026-01-27T23:49:58.527+0000] {logging_mixin.py:188} INFO - [2026-01-27T23:49:58.527+0000] {dag.py:3954} INFO - Setting next_dagrun for tutorial to 2026-01-26 00:00:00+00:00, run_after=2026-01-27 00:00:00+00:00
[2026-01-27T23:49:58.549+0000] {processor.py:183} INFO - Processing /home/airflow/.local/lib/python3.12/site-packages/airflow/example_dags/tutorial.py took 0.092 seconds
[2026-01-27T23:50:28.722+0000] {processor.py:161} INFO - Started process (PID=1532) to work on /home/airflow/.local/lib/python3.12/site-packages/airflow/example_dags/tutorial.py
[2026-01-27T23:50:28.723+0000] {processor.py:830} INFO - Processing file /home/airflow/.local/lib/python3.12/site-packages/airflow/example_dags/tutorial.py for tasks to queue
[2026-01-27T23:50:28.726+0000] {logging_mixin.py:188} INFO - [2026-01-27T23:50:28.726+0000] {dagbag.py:540} INFO - Filling up the DagBag from /home/airflow/.local/lib/python3.12/site-packages/airflow/example_dags/tutorial.py
[2026-01-27T23:50:28.731+0000] {processor.py:840} INFO - DAG(s) 'tutorial' retrieved from /home/airflow/.local/lib/python3.12/site-packages/airflow/example_dags/tutorial.py
[2026-01-27T23:50:28.756+0000] {logging_mixin.py:188} INFO - [2026-01-27T23:50:28.756+0000] {dag.py:3096} INFO - Sync 1 DAGs
[2026-01-27T23:50:28.779+0000] {logging_mixin.py:188} INFO - [2026-01-27T23:50:28.778+0000] {dag.py:3954} INFO - Setting next_dagrun for tutorial to 2026-01-26 00:00:00+00:00, run_after=2026-01-27 00:00:00+00:00
[2026-01-27T23:50:28.812+0000] {processor.py:183} INFO - Processing /home/airflow/.local/lib/python3.12/site-packages/airflow/example_dags/tutorial.py took 0.095 seconds
[2026-01-27T23:50:59.104+0000] {processor.py:161} INFO - Started process (PID=1584) to work on /home/airflow/.local/lib/python3.12/site-packages/airflow/example_dags/tutorial.py
[2026-01-27T23:50:59.105+0000] {processor.py:830} INFO - Processing file /home/airflow/.local/lib/python3.12/site-packages/airflow/example_dags/tutorial.py for tasks to queue
[2026-01-27T23:50:59.108+0000] {logging_mixin.py:188} INFO - [2026-01-27T23:50:59.107+0000] {dagbag.py:540} INFO - Filling up the DagBag from /home/airflow/.local/lib/python3.12/site-packages/airflow/example_dags/tutorial.py
[2026-01-27T23:50:59.113+0000] {processor.py:840} INFO - DAG(s) 'tutorial' retrieved from /home/airflow/.local/lib/python3.12/site-packages/airflow/example_dags/tutorial.py
[2026-01-27T23:50:59.133+0000] {logging_mixin.py:188} INFO - [2026-01-27T23:50:59.133+0000] {dag.py:3096} INFO - Sync 1 DAGs
[2026-01-27T23:50:59.154+0000] {logging_mixin.py:188} INFO - [2026-01-27T23:50:59.154+0000] {dag.py:3954} INFO - Setting next_dagrun for tutorial to 2026-01-26 00:00:00+00:00, run_after=2026-01-27 00:00:00+00:00
[2026-01-27T23:50:59.183+0000] {processor.py:183} INFO - Processing /home/airflow/.local/lib/python3.12/site-packages/airflow/example_dags/tutorial.py took 0.085 seconds
[2026-01-27T23:51:29.824+0000] {processor.py:161} INFO - Started process (PID=1636) to work on /home/airflow/.local/lib/python3.12/site-packages/airflow/example_dags/tutorial.py
[2026-01-27T23:51:29.825+0000] {processor.py:830} INFO - Processing file /home/airflow/.local/lib/python3.12/site-packages/airflow/example_dags/tutorial.py for tasks to queue
[2026-01-27T23:51:29.828+0000] {logging_mixin.py:188} INFO - [2026-01-27T23:51:29.828+0000] {dagbag.py:540} INFO - Filling up the DagBag from /home/airflow/.local/lib/python3.12/site-packages/airflow/example_dags/tutorial.py
[2026-01-27T23:51:29.834+0000] {processor.py:840} INFO - DAG(s) 'tutorial' retrieved from /home/airflow/.local/lib/python3.12/site-packages/airflow/example_dags/tutorial.py
[2026-01-27T23:51:29.856+0000] {logging_mixin.py:188} INFO - [2026-01-27T23:51:29.855+0000] {dag.py:3096} INFO - Sync 1 DAGs
[2026-01-27T23:51:29.877+0000] {logging_mixin.py:188} INFO - [2026-01-27T23:51:29.877+0000] {dag.py:3954} INFO - Setting next_dagrun for tutorial to 2026-01-26 00:00:00+00:00, run_after=2026-01-27 00:00:00+00:00
[2026-01-27T23:51:29.899+0000] {processor.py:183} INFO - Processing /home/airflow/.local/lib/python3.12/site-packages/airflow/example_dags/tutorial.py took 0.081 seconds
[2026-01-27T23:52:00.904+0000] {processor.py:161} INFO - Started process (PID=1688) to work on /home/airflow/.local/lib/python3.12/site-packages/airflow/example_dags/tutorial.py
[2026-01-27T23:52:00.906+0000] {processor.py:830} INFO - Processing file /home/airflow/.local/lib/python3.12/site-packages/airflow/example_dags/tutorial.py for tasks to queue
[2026-01-27T23:52:00.909+0000] {logging_mixin.py:188} INFO - [2026-01-27T23:52:00.909+0000] {dagbag.py:540} INFO - Filling up the DagBag from /home/airflow/.local/lib/python3.12/site-packages/airflow/example_dags/tutorial.py
[2026-01-27T23:52:00.917+0000] {processor.py:840} INFO - DAG(s) 'tutorial' retrieved from /home/airflow/.local/lib/python3.12/site-packages/airflow/example_dags/tutorial.py
[2026-01-27T23:52:00.946+0000] {logging_mixin.py:188} INFO - [2026-01-27T23:52:00.945+0000] {dag.py:3096} INFO - Sync 1 DAGs
[2026-01-27T23:52:00.983+0000] {logging_mixin.py:188} INFO - [2026-01-27T23:52:00.983+0000] {dag.py:3954} INFO - Setting next_dagrun for tutorial to 2026-01-26 00:00:00+00:00, run_after=2026-01-27 00:00:00+00:00
[2026-01-27T23:52:01.008+0000] {processor.py:183} INFO - Processing /home/airflow/.local/lib/python3.12/site-packages/airflow/example_dags/tutorial.py took 0.112 seconds
[2026-01-27T23:52:31.245+0000] {processor.py:161} INFO - Started process (PID=1740) to work on /home/airflow/.local/lib/python3.12/site-packages/airflow/example_dags/tutorial.py
[2026-01-27T23:52:31.246+0000] {processor.py:830} INFO - Processing file /home/airflow/.local/lib/python3.12/site-packages/airflow/example_dags/tutorial.py for tasks to queue
[2026-01-27T23:52:31.249+0000] {logging_mixin.py:188} INFO - [2026-01-27T23:52:31.248+0000] {dagbag.py:540} INFO - Filling up the DagBag from /home/airflow/.local/lib/python3.12/site-packages/airflow/example_dags/tutorial.py
[2026-01-27T23:52:31.254+0000] {processor.py:840} INFO - DAG(s) 'tutorial' retrieved from /home/airflow/.local/lib/python3.12/site-packages/airflow/example_dags/tutorial.py
[2026-01-27T23:52:31.274+0000] {logging_mixin.py:188} INFO - [2026-01-27T23:52:31.273+0000] {dag.py:3096} INFO - Sync 1 DAGs
[2026-01-27T23:52:31.296+0000] {logging_mixin.py:188} INFO - [2026-01-27T23:52:31.296+0000] {dag.py:3954} INFO - Setting next_dagrun for tutorial to 2026-01-26 00:00:00+00:00, run_after=2026-01-27 00:00:00+00:00
[2026-01-27T23:52:31.315+0000] {processor.py:183} INFO - Processing /home/airflow/.local/lib/python3.12/site-packages/airflow/example_dags/tutorial.py took 0.076 seconds
[2026-01-27T23:53:01.508+0000] {processor.py:161} INFO - Started process (PID=1792) to work on /home/airflow/.local/lib/python3.12/site-packages/airflow/example_dags/tutorial.py
[2026-01-27T23:53:01.509+0000] {processor.py:830} INFO - Processing file /home/airflow/.local/lib/python3.12/site-packages/airflow/example_dags/tutorial.py for tasks to queue
[2026-01-27T23:53:01.512+0000] {logging_mixin.py:188} INFO - [2026-01-27T23:53:01.512+0000] {dagbag.py:540} INFO - Filling up the DagBag from /home/airflow/.local/lib/python3.12/site-packages/airflow/example_dags/tutorial.py
[2026-01-27T23:53:01.518+0000] {processor.py:840} INFO - DAG(s) 'tutorial' retrieved from /home/airflow/.local/lib/python3.12/site-packages/airflow/example_dags/tutorial.py
[2026-01-27T23:53:01.540+0000] {logging_mixin.py:188} INFO - [2026-01-27T23:53:01.539+0000] {dag.py:3096} INFO - Sync 1 DAGs
[2026-01-27T23:53:01.559+0000] {logging_mixin.py:188} INFO - [2026-01-27T23:53:01.558+0000] {dag.py:3954} INFO - Setting next_dagrun for tutorial to 2026-01-26 00:00:00+00:00, run_after=2026-01-27 00:00:00+00:00
[2026-01-27T23:53:01.578+0000] {processor.py:183} INFO - Processing /home/airflow/.local/lib/python3.12/site-packages/airflow/example_dags/tutorial.py took 0.076 seconds
[2026-01-27T23:53:31.830+0000] {processor.py:161} INFO - Started process (PID=1844) to work on /home/airflow/.local/lib/python3.12/site-packages/airflow/example_dags/tutorial.py
[2026-01-27T23:53:31.831+0000] {processor.py:830} INFO - Processing file /home/airflow/.local/lib/python3.12/site-packages/airflow/example_dags/tutorial.py for tasks to queue
[2026-01-27T23:53:31.833+0000] {logging_mixin.py:188} INFO - [2026-01-27T23:53:31.833+0000] {dagbag.py:540} INFO - Filling up the DagBag from /home/airflow/.local/lib/python3.12/site-packages/airflow/example_dags/tutorial.py
[2026-01-27T23:53:31.839+0000] {processor.py:840} INFO - DAG(s) 'tutorial' retrieved from /home/airflow/.local/lib/python3.12/site-packages/airflow/example_dags/tutorial.py
[2026-01-27T23:53:31.858+0000] {logging_mixin.py:188} INFO - [2026-01-27T23:53:31.858+0000] {dag.py:3096} INFO - Sync 1 DAGs
[2026-01-27T23:53:31.879+0000] {logging_mixin.py:188} INFO - [2026-01-27T23:53:31.879+0000] {dag.py:3954} INFO - Setting next_dagrun for tutorial to 2026-01-26 00:00:00+00:00, run_after=2026-01-27 00:00:00+00:00
[2026-01-27T23:53:31.899+0000] {processor.py:183} INFO - Processing /home/airflow/.local/lib/python3.12/site-packages/airflow/example_dags/tutorial.py took 0.076 seconds
[2026-01-27T23:54:02.159+0000] {processor.py:161} INFO - Started process (PID=1896) to work on /home/airflow/.local/lib/python3.12/site-packages/airflow/example_dags/tutorial.py
[2026-01-27T23:54:02.160+0000] {processor.py:830} INFO - Processing file /home/airflow/.local/lib/python3.12/site-packages/airflow/example_dags/tutorial.py for tasks to queue
[2026-01-27T23:54:02.162+0000] {logging_mixin.py:188} INFO - [2026-01-27T23:54:02.162+0000] {dagbag.py:540} INFO - Filling up the DagBag from /home/airflow/.local/lib/python3.12/site-packages/airflow/example_dags/tutorial.py
[2026-01-27T23:54:02.169+0000] {processor.py:840} INFO - DAG(s) 'tutorial' retrieved from /home/airflow/.local/lib/python3.12/site-packages/airflow/example_dags/tutorial.py
[2026-01-27T23:54:02.193+0000] {logging_mixin.py:188} INFO - [2026-01-27T23:54:02.192+0000] {dag.py:3096} INFO - Sync 1 DAGs
[2026-01-27T23:54:02.220+0000] {logging_mixin.py:188} INFO - [2026-01-27T23:54:02.220+0000] {dag.py:3954} INFO - Setting next_dagrun for tutorial to 2026-01-26 00:00:00+00:00, run_after=2026-01-27 00:00:00+00:00
[2026-01-27T23:54:02.244+0000] {processor.py:183} INFO - Processing /home/airflow/.local/lib/python3.12/site-packages/airflow/example_dags/tutorial.py took 0.092 seconds
[2026-01-27T23:54:32.319+0000] {processor.py:161} INFO - Started process (PID=1948) to work on /home/airflow/.local/lib/python3.12/site-packages/airflow/example_dags/tutorial.py
[2026-01-27T23:54:32.321+0000] {processor.py:830} INFO - Processing file /home/airflow/.local/lib/python3.12/site-packages/airflow/example_dags/tutorial.py for tasks to queue
[2026-01-27T23:54:32.323+0000] {logging_mixin.py:188} INFO - [2026-01-27T23:54:32.323+0000] {dagbag.py:540} INFO - Filling up the DagBag from /home/airflow/.local/lib/python3.12/site-packages/airflow/example_dags/tutorial.py
[2026-01-27T23:54:32.329+0000] {processor.py:840} INFO - DAG(s) 'tutorial' retrieved from /home/airflow/.local/lib/python3.12/site-packages/airflow/example_dags/tutorial.py
[2026-01-27T23:54:32.348+0000] {logging_mixin.py:188} INFO - [2026-01-27T23:54:32.348+0000] {dag.py:3096} INFO - Sync 1 DAGs
[2026-01-27T23:54:32.369+0000] {logging_mixin.py:188} INFO - [2026-01-27T23:54:32.369+0000] {dag.py:3954} INFO - Setting next_dagrun for tutorial to 2026-01-26 00:00:00+00:00, run_after=2026-01-27 00:00:00+00:00
[2026-01-27T23:54:32.388+0000] {processor.py:183} INFO - Processing /home/airflow/.local/lib/python3.12/site-packages/airflow/example_dags/tutorial.py took 0.074 seconds
[2026-01-27T23:55:03.233+0000] {processor.py:161} INFO - Started process (PID=2000) to work on /home/airflow/.local/lib/python3.12/site-packages/airflow/example_dags/tutorial.py
[2026-01-27T23:55:03.234+0000] {processor.py:830} INFO - Processing file /home/airflow/.local/lib/python3.12/site-packages/airflow/example_dags/tutorial.py for tasks to queue
[2026-01-27T23:55:03.236+0000] {logging_mixin.py:188} INFO - [2026-01-27T23:55:03.236+0000] {dagbag.py:540} INFO - Filling up the DagBag from /home/airflow/.local/lib/python3.12/site-packages/airflow/example_dags/tutorial.py
[2026-01-27T23:55:03.243+0000] {processor.py:840} INFO - DAG(s) 'tutorial' retrieved from /home/airflow/.local/lib/python3.12/site-packages/airflow/example_dags/tutorial.py
[2026-01-27T23:55:03.263+0000] {logging_mixin.py:188} INFO - [2026-01-27T23:55:03.262+0000] {dag.py:3096} INFO - Sync 1 DAGs
[2026-01-27T23:55:03.285+0000] {logging_mixin.py:188} INFO - [2026-01-27T23:55:03.285+0000] {dag.py:3954} INFO - Setting next_dagrun for tutorial to 2026-01-26 00:00:00+00:00, run_after=2026-01-27 00:00:00+00:00
[2026-01-27T23:55:03.305+0000] {processor.py:183} INFO - Processing /home/airflow/.local/lib/python3.12/site-packages/airflow/example_dags/tutorial.py took 0.078 seconds
[2026-01-27T23:55:34.072+0000] {processor.py:161} INFO - Started process (PID=2052) to work on /home/airflow/.local/lib/python3.12/site-packages/airflow/example_dags/tutorial.py
[2026-01-27T23:55:34.073+0000] {processor.py:830} INFO - Processing file /home/airflow/.local/lib/python3.12/site-packages/airflow/example_dags/tutorial.py for tasks to queue
[2026-01-27T23:55:34.075+0000] {logging_mixin.py:188} INFO - [2026-01-27T23:55:34.075+0000] {dagbag.py:540} INFO - Filling up the DagBag from /home/airflow/.local/lib/python3.12/site-packages/airflow/example_dags/tutorial.py
[2026-01-27T23:55:34.082+0000] {processor.py:840} INFO - DAG(s) 'tutorial' retrieved from /home/airflow/.local/lib/python3.12/site-packages/airflow/example_dags/tutorial.py
[2026-01-27T23:55:34.106+0000] {logging_mixin.py:188} INFO - [2026-01-27T23:55:34.106+0000] {dag.py:3096} INFO - Sync 1 DAGs
[2026-01-27T23:55:34.136+0000] {logging_mixin.py:188} INFO - [2026-01-27T23:55:34.135+0000] {dag.py:3954} INFO - Setting next_dagrun for tutorial to 2026-01-26 00:00:00+00:00, run_after=2026-01-27 00:00:00+00:00
[2026-01-27T23:55:34.164+0000] {processor.py:183} INFO - Processing /home/airflow/.local/lib/python3.12/site-packages/airflow/example_dags/tutorial.py took 0.099 seconds
[2026-01-27T23:56:04.564+0000] {processor.py:161} INFO - Started process (PID=2104) to work on /home/airflow/.local/lib/python3.12/site-packages/airflow/example_dags/tutorial.py
[2026-01-27T23:56:04.565+0000] {processor.py:830} INFO - Processing file /home/airflow/.local/lib/python3.12/site-packages/airflow/example_dags/tutorial.py for tasks to queue
[2026-01-27T23:56:04.567+0000] {logging_mixin.py:188} INFO - [2026-01-27T23:56:04.567+0000] {dagbag.py:540} INFO - Filling up the DagBag from /home/airflow/.local/lib/python3.12/site-packages/airflow/example_dags/tutorial.py
[2026-01-27T23:56:04.573+0000] {processor.py:840} INFO - DAG(s) 'tutorial' retrieved from /home/airflow/.local/lib/python3.12/site-packages/airflow/example_dags/tutorial.py
[2026-01-27T23:56:04.593+0000] {logging_mixin.py:188} INFO - [2026-01-27T23:56:04.593+0000] {dag.py:3096} INFO - Sync 1 DAGs
[2026-01-27T23:56:04.613+0000] {logging_mixin.py:188} INFO - [2026-01-27T23:56:04.613+0000] {dag.py:3954} INFO - Setting next_dagrun for tutorial to 2026-01-26 00:00:00+00:00, run_after=2026-01-27 00:00:00+00:00
[2026-01-27T23:56:04.631+0000] {processor.py:183} INFO - Processing /home/airflow/.local/lib/python3.12/site-packages/airflow/example_dags/tutorial.py took 0.074 seconds
[2026-01-27T23:56:34.805+0000] {processor.py:161} INFO - Started process (PID=2156) to work on /home/airflow/.local/lib/python3.12/site-packages/airflow/example_dags/tutorial.py
[2026-01-27T23:56:34.806+0000] {processor.py:830} INFO - Processing file /home/airflow/.local/lib/python3.12/site-packages/airflow/example_dags/tutorial.py for tasks to queue
[2026-01-27T23:56:34.808+0000] {logging_mixin.py:188} INFO - [2026-01-27T23:56:34.808+0000] {dagbag.py:540} INFO - Filling up the DagBag from /home/airflow/.local/lib/python3.12/site-packages/airflow/example_dags/tutorial.py
[2026-01-27T23:56:34.814+0000] {processor.py:840} INFO - DAG(s) 'tutorial' retrieved from /home/airflow/.local/lib/python3.12/site-packages/airflow/example_dags/tutorial.py
[2026-01-27T23:56:34.837+0000] {logging_mixin.py:188} INFO - [2026-01-27T23:56:34.836+0000] {dag.py:3096} INFO - Sync 1 DAGs
[2026-01-27T23:56:34.860+0000] {logging_mixin.py:188} INFO - [2026-01-27T23:56:34.860+0000] {dag.py:3954} INFO - Setting next_dagrun for tutorial to 2026-01-26 00:00:00+00:00, run_after=2026-01-27 00:00:00+00:00
[2026-01-27T23:56:34.880+0000] {processor.py:183} INFO - Processing /home/airflow/.local/lib/python3.12/site-packages/airflow/example_dags/tutorial.py took 0.081 seconds
[2026-01-27T23:57:05.662+0000] {processor.py:161} INFO - Started process (PID=2208) to work on /home/airflow/.local/lib/python3.12/site-packages/airflow/example_dags/tutorial.py
[2026-01-27T23:57:05.663+0000] {processor.py:830} INFO - Processing file /home/airflow/.local/lib/python3.12/site-packages/airflow/example_dags/tutorial.py for tasks to queue
[2026-01-27T23:57:05.665+0000] {logging_mixin.py:188} INFO - [2026-01-27T23:57:05.665+0000] {dagbag.py:540} INFO - Filling up the DagBag from /home/airflow/.local/lib/python3.12/site-packages/airflow/example_dags/tutorial.py
[2026-01-27T23:57:05.672+0000] {processor.py:840} INFO - DAG(s) 'tutorial' retrieved from /home/airflow/.local/lib/python3.12/site-packages/airflow/example_dags/tutorial.py
[2026-01-27T23:57:05.693+0000] {logging_mixin.py:188} INFO - [2026-01-27T23:57:05.693+0000] {dag.py:3096} INFO - Sync 1 DAGs
[2026-01-27T23:57:05.714+0000] {logging_mixin.py:188} INFO - [2026-01-27T23:57:05.713+0000] {dag.py:3954} INFO - Setting next_dagrun for tutorial to 2026-01-26 00:00:00+00:00, run_after=2026-01-27 00:00:00+00:00
[2026-01-27T23:57:05.734+0000] {processor.py:183} INFO - Processing /home/airflow/.local/lib/python3.12/site-packages/airflow/example_dags/tutorial.py took 0.078 seconds
[2026-01-27T23:57:36.583+0000] {processor.py:161} INFO - Started process (PID=2260) to work on /home/airflow/.local/lib/python3.12/site-packages/airflow/example_dags/tutorial.py
[2026-01-27T23:57:36.583+0000] {processor.py:830} INFO - Processing file /home/airflow/.local/lib/python3.12/site-packages/airflow/example_dags/tutorial.py for tasks to queue
[2026-01-27T23:57:36.585+0000] {logging_mixin.py:188} INFO - [2026-01-27T23:57:36.585+0000] {dagbag.py:540} INFO - Filling up the DagBag from /home/airflow/.local/lib/python3.12/site-packages/airflow/example_dags/tutorial.py
[2026-01-27T23:57:36.591+0000] {processor.py:840} INFO - DAG(s) 'tutorial' retrieved from /home/airflow/.local/lib/python3.12/site-packages/airflow/example_dags/tutorial.py
[2026-01-27T23:57:36.610+0000] {logging_mixin.py:188} INFO - [2026-01-27T23:57:36.610+0000] {dag.py:3096} INFO - Sync 1 DAGs
[2026-01-27T23:57:36.631+0000] {logging_mixin.py:188} INFO - [2026-01-27T23:57:36.631+0000] {dag.py:3954} INFO - Setting next_dagrun for tutorial to 2026-01-26 00:00:00+00:00, run_after=2026-01-27 00:00:00+00:00
[2026-01-27T23:57:36.651+0000] {processor.py:183} INFO - Processing /home/airflow/.local/lib/python3.12/site-packages/airflow/example_dags/tutorial.py took 0.074 seconds
[2026-01-27T23:58:06.690+0000] {processor.py:161} INFO - Started process (PID=2311) to work on /home/airflow/.local/lib/python3.12/site-packages/airflow/example_dags/tutorial.py
[2026-01-27T23:58:06.691+0000] {processor.py:830} INFO - Processing file /home/airflow/.local/lib/python3.12/site-packages/airflow/example_dags/tutorial.py for tasks to queue
[2026-01-27T23:58:06.693+0000] {logging_mixin.py:188} INFO - [2026-01-27T23:58:06.692+0000] {dagbag.py:540} INFO - Filling up the DagBag from /home/airflow/.local/lib/python3.12/site-packages/airflow/example_dags/tutorial.py
[2026-01-27T23:58:06.698+0000] {processor.py:840} INFO - DAG(s) 'tutorial' retrieved from /home/airflow/.local/lib/python3.12/site-packages/airflow/example_dags/tutorial.py
[2026-01-27T23:58:06.718+0000] {logging_mixin.py:188} INFO - [2026-01-27T23:58:06.717+0000] {dag.py:3096} INFO - Sync 1 DAGs
[2026-01-27T23:58:06.737+0000] {logging_mixin.py:188} INFO - [2026-01-27T23:58:06.737+0000] {dag.py:3954} INFO - Setting next_dagrun for tutorial to 2026-01-26 00:00:00+00:00, run_after=2026-01-27 00:00:00+00:00
[2026-01-27T23:58:06.758+0000] {processor.py:183} INFO - Processing /home/airflow/.local/lib/python3.12/site-packages/airflow/example_dags/tutorial.py took 0.074 seconds
[2026-01-27T23:58:37.033+0000] {processor.py:161} INFO - Started process (PID=2363) to work on /home/airflow/.local/lib/python3.12/site-packages/airflow/example_dags/tutorial.py
[2026-01-27T23:58:37.035+0000] {processor.py:830} INFO - Processing file /home/airflow/.local/lib/python3.12/site-packages/airflow/example_dags/tutorial.py for tasks to queue
[2026-01-27T23:58:37.038+0000] {logging_mixin.py:188} INFO - [2026-01-27T23:58:37.038+0000] {dagbag.py:540} INFO - Filling up the DagBag from /home/airflow/.local/lib/python3.12/site-packages/airflow/example_dags/tutorial.py
[2026-01-27T23:58:37.045+0000] {processor.py:840} INFO - DAG(s) 'tutorial' retrieved from /home/airflow/.local/lib/python3.12/site-packages/airflow/example_dags/tutorial.py
[2026-01-27T23:58:37.068+0000] {logging_mixin.py:188} INFO - [2026-01-27T23:58:37.067+0000] {dag.py:3096} INFO - Sync 1 DAGs
[2026-01-27T23:58:37.101+0000] {logging_mixin.py:188} INFO - [2026-01-27T23:58:37.101+0000] {dag.py:3954} INFO - Setting next_dagrun for tutorial to 2026-01-26 00:00:00+00:00, run_after=2026-01-27 00:00:00+00:00
[2026-01-27T23:58:37.169+0000] {processor.py:183} INFO - Processing /home/airflow/.local/lib/python3.12/site-packages/airflow/example_dags/tutorial.py took 0.143 seconds
[2026-01-27T23:59:07.287+0000] {processor.py:161} INFO - Started process (PID=2415) to work on /home/airflow/.local/lib/python3.12/site-packages/airflow/example_dags/tutorial.py
[2026-01-27T23:59:07.288+0000] {processor.py:830} INFO - Processing file /home/airflow/.local/lib/python3.12/site-packages/airflow/example_dags/tutorial.py for tasks to queue
[2026-01-27T23:59:07.291+0000] {logging_mixin.py:188} INFO - [2026-01-27T23:59:07.291+0000] {dagbag.py:540} INFO - Filling up the DagBag from /home/airflow/.local/lib/python3.12/site-packages/airflow/example_dags/tutorial.py
[2026-01-27T23:59:07.299+0000] {processor.py:840} INFO - DAG(s) 'tutorial' retrieved from /home/airflow/.local/lib/python3.12/site-packages/airflow/example_dags/tutorial.py
[2026-01-27T23:59:07.324+0000] {logging_mixin.py:188} INFO - [2026-01-27T23:59:07.323+0000] {dag.py:3096} INFO - Sync 1 DAGs
[2026-01-27T23:59:07.350+0000] {logging_mixin.py:188} INFO - [2026-01-27T23:59:07.350+0000] {dag.py:3954} INFO - Setting next_dagrun for tutorial to 2026-01-26 00:00:00+00:00, run_after=2026-01-27 00:00:00+00:00
[2026-01-27T23:59:07.372+0000] {processor.py:183} INFO - Processing /home/airflow/.local/lib/python3.12/site-packages/airflow/example_dags/tutorial.py took 0.092 seconds
[2026-01-27T23:59:37.757+0000] {processor.py:161} INFO - Started process (PID=2467) to work on /home/airflow/.local/lib/python3.12/site-packages/airflow/example_dags/tutorial.py
[2026-01-27T23:59:37.758+0000] {processor.py:830} INFO - Processing file /home/airflow/.local/lib/python3.12/site-packages/airflow/example_dags/tutorial.py for tasks to queue
[2026-01-27T23:59:37.761+0000] {logging_mixin.py:188} INFO - [2026-01-27T23:59:37.760+0000] {dagbag.py:540} INFO - Filling up the DagBag from /home/airflow/.local/lib/python3.12/site-packages/airflow/example_dags/tutorial.py
[2026-01-27T23:59:37.766+0000] {processor.py:840} INFO - DAG(s) 'tutorial' retrieved from /home/airflow/.local/lib/python3.12/site-packages/airflow/example_dags/tutorial.py
[2026-01-27T23:59:37.785+0000] {logging_mixin.py:188} INFO - [2026-01-27T23:59:37.784+0000] {dag.py:3096} INFO - Sync 1 DAGs
[2026-01-27T23:59:37.803+0000] {logging_mixin.py:188} INFO - [2026-01-27T23:59:37.803+0000] {dag.py:3954} INFO - Setting next_dagrun for tutorial to 2026-01-26 00:00:00+00:00, run_after=2026-01-27 00:00:00+00:00
[2026-01-27T23:59:37.824+0000] {processor.py:183} INFO - Processing /home/airflow/.local/lib/python3.12/site-packages/airflow/example_dags/tutorial.py took 0.073 seconds
