[2026-01-27 23:27:01,831] {scheduler_job.py:182} INFO - Started process (PID=40) to work on /home/airflow/.local/lib/python3.6/site-packages/airflow/example_dags/tutorial_etl_dag.py
[2026-01-27 23:27:01,845] {scheduler_job.py:629} INFO - Processing file /home/airflow/.local/lib/python3.6/site-packages/airflow/example_dags/tutorial_etl_dag.py for tasks to queue
[2026-01-27 23:27:01,954] {logging_mixin.py:104} INFO - [2026-01-27 23:27:01,951] {dagbag.py:448} INFO - Filling up the DagBag from /home/airflow/.local/lib/python3.6/site-packages/airflow/example_dags/tutorial_etl_dag.py
[2026-01-27 23:27:02,159] {scheduler_job.py:639} INFO - DAG(s) dict_keys(['tutorial_etl_dag']) retrieved from /home/airflow/.local/lib/python3.6/site-packages/airflow/example_dags/tutorial_etl_dag.py
[2026-01-27 23:27:02,586] {logging_mixin.py:104} INFO - [2026-01-27 23:27:02,586] {dag.py:1818} INFO - Sync 1 DAGs
[2026-01-27 23:27:02,720] {logging_mixin.py:104} INFO - [2026-01-27 23:27:02,720] {dag.py:1837} INFO - Creating ORM DAG for tutorial_etl_dag
[2026-01-27 23:27:02,759] {logging_mixin.py:104} INFO - [2026-01-27 23:27:02,758] {dag.py:2273} INFO - Setting next_dagrun for tutorial_etl_dag to None
[2026-01-27 23:27:02,899] {scheduler_job.py:190} INFO - Processing /home/airflow/.local/lib/python3.6/site-packages/airflow/example_dags/tutorial_etl_dag.py took 1.118 seconds
[2026-01-27 23:27:33,684] {scheduler_job.py:182} INFO - Started process (PID=67) to work on /home/airflow/.local/lib/python3.6/site-packages/airflow/example_dags/tutorial_etl_dag.py
[2026-01-27 23:27:33,691] {scheduler_job.py:629} INFO - Processing file /home/airflow/.local/lib/python3.6/site-packages/airflow/example_dags/tutorial_etl_dag.py for tasks to queue
[2026-01-27 23:27:33,699] {logging_mixin.py:104} INFO - [2026-01-27 23:27:33,698] {dagbag.py:448} INFO - Filling up the DagBag from /home/airflow/.local/lib/python3.6/site-packages/airflow/example_dags/tutorial_etl_dag.py
[2026-01-27 23:27:33,758] {scheduler_job.py:639} INFO - DAG(s) dict_keys(['tutorial_etl_dag']) retrieved from /home/airflow/.local/lib/python3.6/site-packages/airflow/example_dags/tutorial_etl_dag.py
[2026-01-27 23:27:33,887] {logging_mixin.py:104} INFO - [2026-01-27 23:27:33,886] {dag.py:1818} INFO - Sync 1 DAGs
[2026-01-27 23:27:34,044] {logging_mixin.py:104} INFO - [2026-01-27 23:27:34,043] {dag.py:2273} INFO - Setting next_dagrun for tutorial_etl_dag to None
[2026-01-27 23:27:34,120] {scheduler_job.py:190} INFO - Processing /home/airflow/.local/lib/python3.6/site-packages/airflow/example_dags/tutorial_etl_dag.py took 0.501 seconds
[2026-01-27 23:28:05,024] {scheduler_job.py:182} INFO - Started process (PID=93) to work on /home/airflow/.local/lib/python3.6/site-packages/airflow/example_dags/tutorial_etl_dag.py
[2026-01-27 23:28:05,027] {scheduler_job.py:629} INFO - Processing file /home/airflow/.local/lib/python3.6/site-packages/airflow/example_dags/tutorial_etl_dag.py for tasks to queue
[2026-01-27 23:28:05,029] {logging_mixin.py:104} INFO - [2026-01-27 23:28:05,028] {dagbag.py:448} INFO - Filling up the DagBag from /home/airflow/.local/lib/python3.6/site-packages/airflow/example_dags/tutorial_etl_dag.py
[2026-01-27 23:28:05,065] {scheduler_job.py:639} INFO - DAG(s) dict_keys(['tutorial_etl_dag']) retrieved from /home/airflow/.local/lib/python3.6/site-packages/airflow/example_dags/tutorial_etl_dag.py
[2026-01-27 23:28:05,120] {logging_mixin.py:104} INFO - [2026-01-27 23:28:05,120] {dag.py:1818} INFO - Sync 1 DAGs
[2026-01-27 23:28:05,169] {logging_mixin.py:104} INFO - [2026-01-27 23:28:05,168] {dag.py:2273} INFO - Setting next_dagrun for tutorial_etl_dag to None
[2026-01-27 23:28:05,193] {scheduler_job.py:190} INFO - Processing /home/airflow/.local/lib/python3.6/site-packages/airflow/example_dags/tutorial_etl_dag.py took 0.178 seconds
[2026-01-27 23:28:35,350] {scheduler_job.py:182} INFO - Started process (PID=119) to work on /home/airflow/.local/lib/python3.6/site-packages/airflow/example_dags/tutorial_etl_dag.py
[2026-01-27 23:28:35,352] {scheduler_job.py:629} INFO - Processing file /home/airflow/.local/lib/python3.6/site-packages/airflow/example_dags/tutorial_etl_dag.py for tasks to queue
[2026-01-27 23:28:35,353] {logging_mixin.py:104} INFO - [2026-01-27 23:28:35,353] {dagbag.py:448} INFO - Filling up the DagBag from /home/airflow/.local/lib/python3.6/site-packages/airflow/example_dags/tutorial_etl_dag.py
[2026-01-27 23:28:35,367] {scheduler_job.py:639} INFO - DAG(s) dict_keys(['tutorial_etl_dag']) retrieved from /home/airflow/.local/lib/python3.6/site-packages/airflow/example_dags/tutorial_etl_dag.py
[2026-01-27 23:28:35,401] {logging_mixin.py:104} INFO - [2026-01-27 23:28:35,400] {dag.py:1818} INFO - Sync 1 DAGs
[2026-01-27 23:28:35,418] {logging_mixin.py:104} INFO - [2026-01-27 23:28:35,418] {dag.py:2273} INFO - Setting next_dagrun for tutorial_etl_dag to None
[2026-01-27 23:28:35,428] {scheduler_job.py:190} INFO - Processing /home/airflow/.local/lib/python3.6/site-packages/airflow/example_dags/tutorial_etl_dag.py took 0.082 seconds
[2026-01-27 23:29:05,685] {scheduler_job.py:182} INFO - Started process (PID=145) to work on /home/airflow/.local/lib/python3.6/site-packages/airflow/example_dags/tutorial_etl_dag.py
[2026-01-27 23:29:05,686] {scheduler_job.py:629} INFO - Processing file /home/airflow/.local/lib/python3.6/site-packages/airflow/example_dags/tutorial_etl_dag.py for tasks to queue
[2026-01-27 23:29:05,687] {logging_mixin.py:104} INFO - [2026-01-27 23:29:05,687] {dagbag.py:448} INFO - Filling up the DagBag from /home/airflow/.local/lib/python3.6/site-packages/airflow/example_dags/tutorial_etl_dag.py
[2026-01-27 23:29:05,701] {scheduler_job.py:639} INFO - DAG(s) dict_keys(['tutorial_etl_dag']) retrieved from /home/airflow/.local/lib/python3.6/site-packages/airflow/example_dags/tutorial_etl_dag.py
[2026-01-27 23:29:05,730] {logging_mixin.py:104} INFO - [2026-01-27 23:29:05,729] {dag.py:1818} INFO - Sync 1 DAGs
[2026-01-27 23:29:05,745] {logging_mixin.py:104} INFO - [2026-01-27 23:29:05,745] {dag.py:2273} INFO - Setting next_dagrun for tutorial_etl_dag to None
[2026-01-27 23:29:05,771] {scheduler_job.py:190} INFO - Processing /home/airflow/.local/lib/python3.6/site-packages/airflow/example_dags/tutorial_etl_dag.py took 0.091 seconds
[2026-01-27 23:29:36,012] {scheduler_job.py:182} INFO - Started process (PID=171) to work on /home/airflow/.local/lib/python3.6/site-packages/airflow/example_dags/tutorial_etl_dag.py
[2026-01-27 23:29:36,014] {scheduler_job.py:629} INFO - Processing file /home/airflow/.local/lib/python3.6/site-packages/airflow/example_dags/tutorial_etl_dag.py for tasks to queue
[2026-01-27 23:29:36,014] {logging_mixin.py:104} INFO - [2026-01-27 23:29:36,014] {dagbag.py:448} INFO - Filling up the DagBag from /home/airflow/.local/lib/python3.6/site-packages/airflow/example_dags/tutorial_etl_dag.py
[2026-01-27 23:29:36,027] {scheduler_job.py:639} INFO - DAG(s) dict_keys(['tutorial_etl_dag']) retrieved from /home/airflow/.local/lib/python3.6/site-packages/airflow/example_dags/tutorial_etl_dag.py
[2026-01-27 23:29:36,049] {logging_mixin.py:104} INFO - [2026-01-27 23:29:36,049] {dag.py:1818} INFO - Sync 1 DAGs
[2026-01-27 23:29:36,062] {logging_mixin.py:104} INFO - [2026-01-27 23:29:36,062] {dag.py:2273} INFO - Setting next_dagrun for tutorial_etl_dag to None
[2026-01-27 23:29:36,072] {scheduler_job.py:190} INFO - Processing /home/airflow/.local/lib/python3.6/site-packages/airflow/example_dags/tutorial_etl_dag.py took 0.064 seconds
[2026-01-27 23:30:06,232] {scheduler_job.py:182} INFO - Started process (PID=197) to work on /home/airflow/.local/lib/python3.6/site-packages/airflow/example_dags/tutorial_etl_dag.py
[2026-01-27 23:30:06,233] {scheduler_job.py:629} INFO - Processing file /home/airflow/.local/lib/python3.6/site-packages/airflow/example_dags/tutorial_etl_dag.py for tasks to queue
[2026-01-27 23:30:06,234] {logging_mixin.py:104} INFO - [2026-01-27 23:30:06,234] {dagbag.py:448} INFO - Filling up the DagBag from /home/airflow/.local/lib/python3.6/site-packages/airflow/example_dags/tutorial_etl_dag.py
[2026-01-27 23:30:06,244] {scheduler_job.py:639} INFO - DAG(s) dict_keys(['tutorial_etl_dag']) retrieved from /home/airflow/.local/lib/python3.6/site-packages/airflow/example_dags/tutorial_etl_dag.py
[2026-01-27 23:30:06,268] {logging_mixin.py:104} INFO - [2026-01-27 23:30:06,268] {dag.py:1818} INFO - Sync 1 DAGs
[2026-01-27 23:30:06,281] {logging_mixin.py:104} INFO - [2026-01-27 23:30:06,281] {dag.py:2273} INFO - Setting next_dagrun for tutorial_etl_dag to None
[2026-01-27 23:30:06,292] {scheduler_job.py:190} INFO - Processing /home/airflow/.local/lib/python3.6/site-packages/airflow/example_dags/tutorial_etl_dag.py took 0.064 seconds
[2026-01-27 23:30:36,639] {scheduler_job.py:182} INFO - Started process (PID=223) to work on /home/airflow/.local/lib/python3.6/site-packages/airflow/example_dags/tutorial_etl_dag.py
[2026-01-27 23:30:36,640] {scheduler_job.py:629} INFO - Processing file /home/airflow/.local/lib/python3.6/site-packages/airflow/example_dags/tutorial_etl_dag.py for tasks to queue
[2026-01-27 23:30:36,641] {logging_mixin.py:104} INFO - [2026-01-27 23:30:36,641] {dagbag.py:448} INFO - Filling up the DagBag from /home/airflow/.local/lib/python3.6/site-packages/airflow/example_dags/tutorial_etl_dag.py
[2026-01-27 23:30:36,650] {scheduler_job.py:639} INFO - DAG(s) dict_keys(['tutorial_etl_dag']) retrieved from /home/airflow/.local/lib/python3.6/site-packages/airflow/example_dags/tutorial_etl_dag.py
[2026-01-27 23:30:36,669] {logging_mixin.py:104} INFO - [2026-01-27 23:30:36,669] {dag.py:1818} INFO - Sync 1 DAGs
[2026-01-27 23:30:36,682] {logging_mixin.py:104} INFO - [2026-01-27 23:30:36,682] {dag.py:2273} INFO - Setting next_dagrun for tutorial_etl_dag to None
[2026-01-27 23:30:36,691] {scheduler_job.py:190} INFO - Processing /home/airflow/.local/lib/python3.6/site-packages/airflow/example_dags/tutorial_etl_dag.py took 0.055 seconds
[2026-01-27 23:31:07,008] {scheduler_job.py:182} INFO - Started process (PID=249) to work on /home/airflow/.local/lib/python3.6/site-packages/airflow/example_dags/tutorial_etl_dag.py
[2026-01-27 23:31:07,010] {scheduler_job.py:629} INFO - Processing file /home/airflow/.local/lib/python3.6/site-packages/airflow/example_dags/tutorial_etl_dag.py for tasks to queue
[2026-01-27 23:31:07,011] {logging_mixin.py:104} INFO - [2026-01-27 23:31:07,011] {dagbag.py:448} INFO - Filling up the DagBag from /home/airflow/.local/lib/python3.6/site-packages/airflow/example_dags/tutorial_etl_dag.py
[2026-01-27 23:31:07,020] {scheduler_job.py:639} INFO - DAG(s) dict_keys(['tutorial_etl_dag']) retrieved from /home/airflow/.local/lib/python3.6/site-packages/airflow/example_dags/tutorial_etl_dag.py
[2026-01-27 23:31:07,041] {logging_mixin.py:104} INFO - [2026-01-27 23:31:07,041] {dag.py:1818} INFO - Sync 1 DAGs
[2026-01-27 23:31:07,053] {logging_mixin.py:104} INFO - [2026-01-27 23:31:07,053] {dag.py:2273} INFO - Setting next_dagrun for tutorial_etl_dag to None
[2026-01-27 23:31:07,073] {scheduler_job.py:190} INFO - Processing /home/airflow/.local/lib/python3.6/site-packages/airflow/example_dags/tutorial_etl_dag.py took 0.067 seconds
