[2026-02-07T01:35:25.195+0000] {processor.py:161} INFO - Started process (PID=54) to work on /home/airflow/.local/lib/python3.12/site-packages/airflow/example_dags/example_latest_only_with_trigger.py
[2026-02-07T01:35:25.197+0000] {processor.py:830} INFO - Processing file /home/airflow/.local/lib/python3.12/site-packages/airflow/example_dags/example_latest_only_with_trigger.py for tasks to queue
[2026-02-07T01:35:25.201+0000] {logging_mixin.py:188} INFO - [2026-02-07T01:35:25.200+0000] {dagbag.py:540} INFO - Filling up the DagBag from /home/airflow/.local/lib/python3.12/site-packages/airflow/example_dags/example_latest_only_with_trigger.py
[2026-02-07T01:35:25.216+0000] {processor.py:840} INFO - DAG(s) 'latest_only_with_trigger' retrieved from /home/airflow/.local/lib/python3.12/site-packages/airflow/example_dags/example_latest_only_with_trigger.py
[2026-02-07T01:35:25.268+0000] {logging_mixin.py:188} INFO - [2026-02-07T01:35:25.268+0000] {dag.py:3096} INFO - Sync 1 DAGs
[2026-02-07T01:35:25.299+0000] {logging_mixin.py:188} INFO - [2026-02-07T01:35:25.299+0000] {dag.py:3954} INFO - Setting next_dagrun for latest_only_with_trigger to 2026-02-06 20:00:00+00:00, run_after=2026-02-07 00:00:00+00:00
[2026-02-07T01:35:25.327+0000] {processor.py:183} INFO - Processing /home/airflow/.local/lib/python3.12/site-packages/airflow/example_dags/example_latest_only_with_trigger.py took 0.143 seconds
[2026-02-07T01:35:55.960+0000] {processor.py:161} INFO - Started process (PID=106) to work on /home/airflow/.local/lib/python3.12/site-packages/airflow/example_dags/example_latest_only_with_trigger.py
[2026-02-07T01:35:55.961+0000] {processor.py:830} INFO - Processing file /home/airflow/.local/lib/python3.12/site-packages/airflow/example_dags/example_latest_only_with_trigger.py for tasks to queue
[2026-02-07T01:35:55.963+0000] {logging_mixin.py:188} INFO - [2026-02-07T01:35:55.962+0000] {dagbag.py:540} INFO - Filling up the DagBag from /home/airflow/.local/lib/python3.12/site-packages/airflow/example_dags/example_latest_only_with_trigger.py
[2026-02-07T01:35:55.970+0000] {processor.py:840} INFO - DAG(s) 'latest_only_with_trigger' retrieved from /home/airflow/.local/lib/python3.12/site-packages/airflow/example_dags/example_latest_only_with_trigger.py
[2026-02-07T01:35:55.992+0000] {logging_mixin.py:188} INFO - [2026-02-07T01:35:55.992+0000] {dag.py:3096} INFO - Sync 1 DAGs
[2026-02-07T01:35:56.015+0000] {logging_mixin.py:188} INFO - [2026-02-07T01:35:56.014+0000] {dag.py:3954} INFO - Setting next_dagrun for latest_only_with_trigger to 2026-02-06 20:00:00+00:00, run_after=2026-02-07 00:00:00+00:00
[2026-02-07T01:35:56.038+0000] {processor.py:183} INFO - Processing /home/airflow/.local/lib/python3.12/site-packages/airflow/example_dags/example_latest_only_with_trigger.py took 0.084 seconds
[2026-02-07T01:36:27.231+0000] {processor.py:161} INFO - Started process (PID=158) to work on /home/airflow/.local/lib/python3.12/site-packages/airflow/example_dags/example_latest_only_with_trigger.py
[2026-02-07T01:36:27.232+0000] {processor.py:830} INFO - Processing file /home/airflow/.local/lib/python3.12/site-packages/airflow/example_dags/example_latest_only_with_trigger.py for tasks to queue
[2026-02-07T01:36:27.234+0000] {logging_mixin.py:188} INFO - [2026-02-07T01:36:27.234+0000] {dagbag.py:540} INFO - Filling up the DagBag from /home/airflow/.local/lib/python3.12/site-packages/airflow/example_dags/example_latest_only_with_trigger.py
[2026-02-07T01:36:27.240+0000] {processor.py:840} INFO - DAG(s) 'latest_only_with_trigger' retrieved from /home/airflow/.local/lib/python3.12/site-packages/airflow/example_dags/example_latest_only_with_trigger.py
[2026-02-07T01:36:27.260+0000] {logging_mixin.py:188} INFO - [2026-02-07T01:36:27.260+0000] {dag.py:3096} INFO - Sync 1 DAGs
[2026-02-07T01:36:27.280+0000] {logging_mixin.py:188} INFO - [2026-02-07T01:36:27.280+0000] {dag.py:3954} INFO - Setting next_dagrun for latest_only_with_trigger to 2026-02-06 20:00:00+00:00, run_after=2026-02-07 00:00:00+00:00
[2026-02-07T01:36:27.298+0000] {processor.py:183} INFO - Processing /home/airflow/.local/lib/python3.12/site-packages/airflow/example_dags/example_latest_only_with_trigger.py took 0.073 seconds
[2026-02-07T01:36:57.895+0000] {processor.py:161} INFO - Started process (PID=210) to work on /home/airflow/.local/lib/python3.12/site-packages/airflow/example_dags/example_latest_only_with_trigger.py
[2026-02-07T01:36:57.897+0000] {processor.py:830} INFO - Processing file /home/airflow/.local/lib/python3.12/site-packages/airflow/example_dags/example_latest_only_with_trigger.py for tasks to queue
[2026-02-07T01:36:57.899+0000] {logging_mixin.py:188} INFO - [2026-02-07T01:36:57.898+0000] {dagbag.py:540} INFO - Filling up the DagBag from /home/airflow/.local/lib/python3.12/site-packages/airflow/example_dags/example_latest_only_with_trigger.py
[2026-02-07T01:36:57.905+0000] {processor.py:840} INFO - DAG(s) 'latest_only_with_trigger' retrieved from /home/airflow/.local/lib/python3.12/site-packages/airflow/example_dags/example_latest_only_with_trigger.py
[2026-02-07T01:36:57.928+0000] {logging_mixin.py:188} INFO - [2026-02-07T01:36:57.928+0000] {dag.py:3096} INFO - Sync 1 DAGs
[2026-02-07T01:36:57.950+0000] {logging_mixin.py:188} INFO - [2026-02-07T01:36:57.950+0000] {dag.py:3954} INFO - Setting next_dagrun for latest_only_with_trigger to 2026-02-06 20:00:00+00:00, run_after=2026-02-07 00:00:00+00:00
[2026-02-07T01:36:57.972+0000] {processor.py:183} INFO - Processing /home/airflow/.local/lib/python3.12/site-packages/airflow/example_dags/example_latest_only_with_trigger.py took 0.082 seconds
[2026-02-07T01:37:28.086+0000] {processor.py:161} INFO - Started process (PID=261) to work on /home/airflow/.local/lib/python3.12/site-packages/airflow/example_dags/example_latest_only_with_trigger.py
[2026-02-07T01:37:28.087+0000] {processor.py:830} INFO - Processing file /home/airflow/.local/lib/python3.12/site-packages/airflow/example_dags/example_latest_only_with_trigger.py for tasks to queue
[2026-02-07T01:37:28.090+0000] {logging_mixin.py:188} INFO - [2026-02-07T01:37:28.089+0000] {dagbag.py:540} INFO - Filling up the DagBag from /home/airflow/.local/lib/python3.12/site-packages/airflow/example_dags/example_latest_only_with_trigger.py
[2026-02-07T01:37:28.096+0000] {processor.py:840} INFO - DAG(s) 'latest_only_with_trigger' retrieved from /home/airflow/.local/lib/python3.12/site-packages/airflow/example_dags/example_latest_only_with_trigger.py
[2026-02-07T01:37:28.125+0000] {logging_mixin.py:188} INFO - [2026-02-07T01:37:28.124+0000] {dag.py:3096} INFO - Sync 1 DAGs
[2026-02-07T01:37:28.151+0000] {logging_mixin.py:188} INFO - [2026-02-07T01:37:28.151+0000] {dag.py:3954} INFO - Setting next_dagrun for latest_only_with_trigger to 2026-02-06 20:00:00+00:00, run_after=2026-02-07 00:00:00+00:00
[2026-02-07T01:37:28.176+0000] {processor.py:183} INFO - Processing /home/airflow/.local/lib/python3.12/site-packages/airflow/example_dags/example_latest_only_with_trigger.py took 0.097 seconds
[2026-02-07T01:37:58.217+0000] {processor.py:161} INFO - Started process (PID=312) to work on /home/airflow/.local/lib/python3.12/site-packages/airflow/example_dags/example_latest_only_with_trigger.py
[2026-02-07T01:37:58.218+0000] {processor.py:830} INFO - Processing file /home/airflow/.local/lib/python3.12/site-packages/airflow/example_dags/example_latest_only_with_trigger.py for tasks to queue
[2026-02-07T01:37:58.220+0000] {logging_mixin.py:188} INFO - [2026-02-07T01:37:58.220+0000] {dagbag.py:540} INFO - Filling up the DagBag from /home/airflow/.local/lib/python3.12/site-packages/airflow/example_dags/example_latest_only_with_trigger.py
[2026-02-07T01:37:58.226+0000] {processor.py:840} INFO - DAG(s) 'latest_only_with_trigger' retrieved from /home/airflow/.local/lib/python3.12/site-packages/airflow/example_dags/example_latest_only_with_trigger.py
[2026-02-07T01:37:58.243+0000] {logging_mixin.py:188} INFO - [2026-02-07T01:37:58.243+0000] {dag.py:3096} INFO - Sync 1 DAGs
[2026-02-07T01:37:58.262+0000] {logging_mixin.py:188} INFO - [2026-02-07T01:37:58.262+0000] {dag.py:3954} INFO - Setting next_dagrun for latest_only_with_trigger to 2026-02-06 20:00:00+00:00, run_after=2026-02-07 00:00:00+00:00
[2026-02-07T01:37:58.280+0000] {processor.py:183} INFO - Processing /home/airflow/.local/lib/python3.12/site-packages/airflow/example_dags/example_latest_only_with_trigger.py took 0.067 seconds
[2026-02-07T01:38:28.949+0000] {processor.py:161} INFO - Started process (PID=364) to work on /home/airflow/.local/lib/python3.12/site-packages/airflow/example_dags/example_latest_only_with_trigger.py
[2026-02-07T01:38:28.950+0000] {processor.py:830} INFO - Processing file /home/airflow/.local/lib/python3.12/site-packages/airflow/example_dags/example_latest_only_with_trigger.py for tasks to queue
[2026-02-07T01:38:28.953+0000] {logging_mixin.py:188} INFO - [2026-02-07T01:38:28.952+0000] {dagbag.py:540} INFO - Filling up the DagBag from /home/airflow/.local/lib/python3.12/site-packages/airflow/example_dags/example_latest_only_with_trigger.py
[2026-02-07T01:38:28.961+0000] {processor.py:840} INFO - DAG(s) 'latest_only_with_trigger' retrieved from /home/airflow/.local/lib/python3.12/site-packages/airflow/example_dags/example_latest_only_with_trigger.py
[2026-02-07T01:38:28.986+0000] {logging_mixin.py:188} INFO - [2026-02-07T01:38:28.985+0000] {dag.py:3096} INFO - Sync 1 DAGs
[2026-02-07T01:38:29.011+0000] {logging_mixin.py:188} INFO - [2026-02-07T01:38:29.011+0000] {dag.py:3954} INFO - Setting next_dagrun for latest_only_with_trigger to 2026-02-06 20:00:00+00:00, run_after=2026-02-07 00:00:00+00:00
[2026-02-07T01:38:29.043+0000] {processor.py:183} INFO - Processing /home/airflow/.local/lib/python3.12/site-packages/airflow/example_dags/example_latest_only_with_trigger.py took 0.101 seconds
[2026-02-07T01:38:59.575+0000] {processor.py:161} INFO - Started process (PID=416) to work on /home/airflow/.local/lib/python3.12/site-packages/airflow/example_dags/example_latest_only_with_trigger.py
[2026-02-07T01:38:59.577+0000] {processor.py:830} INFO - Processing file /home/airflow/.local/lib/python3.12/site-packages/airflow/example_dags/example_latest_only_with_trigger.py for tasks to queue
[2026-02-07T01:38:59.585+0000] {logging_mixin.py:188} INFO - [2026-02-07T01:38:59.584+0000] {dagbag.py:540} INFO - Filling up the DagBag from /home/airflow/.local/lib/python3.12/site-packages/airflow/example_dags/example_latest_only_with_trigger.py
[2026-02-07T01:38:59.598+0000] {processor.py:840} INFO - DAG(s) 'latest_only_with_trigger' retrieved from /home/airflow/.local/lib/python3.12/site-packages/airflow/example_dags/example_latest_only_with_trigger.py
[2026-02-07T01:38:59.650+0000] {logging_mixin.py:188} INFO - [2026-02-07T01:38:59.650+0000] {dag.py:3096} INFO - Sync 1 DAGs
[2026-02-07T01:38:59.700+0000] {logging_mixin.py:188} INFO - [2026-02-07T01:38:59.699+0000] {dag.py:3954} INFO - Setting next_dagrun for latest_only_with_trigger to 2026-02-06 20:00:00+00:00, run_after=2026-02-07 00:00:00+00:00
[2026-02-07T01:38:59.740+0000] {processor.py:183} INFO - Processing /home/airflow/.local/lib/python3.12/site-packages/airflow/example_dags/example_latest_only_with_trigger.py took 0.178 seconds
[2026-02-07T01:39:30.225+0000] {processor.py:161} INFO - Started process (PID=468) to work on /home/airflow/.local/lib/python3.12/site-packages/airflow/example_dags/example_latest_only_with_trigger.py
[2026-02-07T01:39:30.226+0000] {processor.py:830} INFO - Processing file /home/airflow/.local/lib/python3.12/site-packages/airflow/example_dags/example_latest_only_with_trigger.py for tasks to queue
[2026-02-07T01:39:30.228+0000] {logging_mixin.py:188} INFO - [2026-02-07T01:39:30.228+0000] {dagbag.py:540} INFO - Filling up the DagBag from /home/airflow/.local/lib/python3.12/site-packages/airflow/example_dags/example_latest_only_with_trigger.py
[2026-02-07T01:39:30.234+0000] {processor.py:840} INFO - DAG(s) 'latest_only_with_trigger' retrieved from /home/airflow/.local/lib/python3.12/site-packages/airflow/example_dags/example_latest_only_with_trigger.py
[2026-02-07T01:39:30.257+0000] {logging_mixin.py:188} INFO - [2026-02-07T01:39:30.257+0000] {dag.py:3096} INFO - Sync 1 DAGs
[2026-02-07T01:39:30.285+0000] {logging_mixin.py:188} INFO - [2026-02-07T01:39:30.284+0000] {dag.py:3954} INFO - Setting next_dagrun for latest_only_with_trigger to 2026-02-06 20:00:00+00:00, run_after=2026-02-07 00:00:00+00:00
[2026-02-07T01:39:30.310+0000] {processor.py:183} INFO - Processing /home/airflow/.local/lib/python3.12/site-packages/airflow/example_dags/example_latest_only_with_trigger.py took 0.092 seconds
[2026-02-07T01:40:01.368+0000] {processor.py:161} INFO - Started process (PID=520) to work on /home/airflow/.local/lib/python3.12/site-packages/airflow/example_dags/example_latest_only_with_trigger.py
[2026-02-07T01:40:01.370+0000] {processor.py:830} INFO - Processing file /home/airflow/.local/lib/python3.12/site-packages/airflow/example_dags/example_latest_only_with_trigger.py for tasks to queue
[2026-02-07T01:40:01.373+0000] {logging_mixin.py:188} INFO - [2026-02-07T01:40:01.373+0000] {dagbag.py:540} INFO - Filling up the DagBag from /home/airflow/.local/lib/python3.12/site-packages/airflow/example_dags/example_latest_only_with_trigger.py
[2026-02-07T01:40:01.381+0000] {processor.py:840} INFO - DAG(s) 'latest_only_with_trigger' retrieved from /home/airflow/.local/lib/python3.12/site-packages/airflow/example_dags/example_latest_only_with_trigger.py
[2026-02-07T01:40:01.414+0000] {logging_mixin.py:188} INFO - [2026-02-07T01:40:01.414+0000] {dag.py:3096} INFO - Sync 1 DAGs
[2026-02-07T01:40:01.444+0000] {logging_mixin.py:188} INFO - [2026-02-07T01:40:01.444+0000] {dag.py:3954} INFO - Setting next_dagrun for latest_only_with_trigger to 2026-02-06 20:00:00+00:00, run_after=2026-02-07 00:00:00+00:00
[2026-02-07T01:40:01.471+0000] {processor.py:183} INFO - Processing /home/airflow/.local/lib/python3.12/site-packages/airflow/example_dags/example_latest_only_with_trigger.py took 0.112 seconds
[2026-02-07T01:40:32.256+0000] {processor.py:161} INFO - Started process (PID=573) to work on /home/airflow/.local/lib/python3.12/site-packages/airflow/example_dags/example_latest_only_with_trigger.py
[2026-02-07T01:40:32.257+0000] {processor.py:830} INFO - Processing file /home/airflow/.local/lib/python3.12/site-packages/airflow/example_dags/example_latest_only_with_trigger.py for tasks to queue
[2026-02-07T01:40:32.258+0000] {logging_mixin.py:188} INFO - [2026-02-07T01:40:32.258+0000] {dagbag.py:540} INFO - Filling up the DagBag from /home/airflow/.local/lib/python3.12/site-packages/airflow/example_dags/example_latest_only_with_trigger.py
[2026-02-07T01:40:32.263+0000] {processor.py:840} INFO - DAG(s) 'latest_only_with_trigger' retrieved from /home/airflow/.local/lib/python3.12/site-packages/airflow/example_dags/example_latest_only_with_trigger.py
[2026-02-07T01:40:32.283+0000] {logging_mixin.py:188} INFO - [2026-02-07T01:40:32.283+0000] {dag.py:3096} INFO - Sync 1 DAGs
[2026-02-07T01:40:32.303+0000] {logging_mixin.py:188} INFO - [2026-02-07T01:40:32.303+0000] {dag.py:3954} INFO - Setting next_dagrun for latest_only_with_trigger to 2026-02-06 20:00:00+00:00, run_after=2026-02-07 00:00:00+00:00
[2026-02-07T01:40:32.325+0000] {processor.py:183} INFO - Processing /home/airflow/.local/lib/python3.12/site-packages/airflow/example_dags/example_latest_only_with_trigger.py took 0.074 seconds
[2026-02-07T01:41:03.000+0000] {processor.py:161} INFO - Started process (PID=625) to work on /home/airflow/.local/lib/python3.12/site-packages/airflow/example_dags/example_latest_only_with_trigger.py
[2026-02-07T01:41:03.001+0000] {processor.py:830} INFO - Processing file /home/airflow/.local/lib/python3.12/site-packages/airflow/example_dags/example_latest_only_with_trigger.py for tasks to queue
[2026-02-07T01:41:03.004+0000] {logging_mixin.py:188} INFO - [2026-02-07T01:41:03.003+0000] {dagbag.py:540} INFO - Filling up the DagBag from /home/airflow/.local/lib/python3.12/site-packages/airflow/example_dags/example_latest_only_with_trigger.py
[2026-02-07T01:41:03.011+0000] {processor.py:840} INFO - DAG(s) 'latest_only_with_trigger' retrieved from /home/airflow/.local/lib/python3.12/site-packages/airflow/example_dags/example_latest_only_with_trigger.py
[2026-02-07T01:41:03.040+0000] {logging_mixin.py:188} INFO - [2026-02-07T01:41:03.039+0000] {dag.py:3096} INFO - Sync 1 DAGs
[2026-02-07T01:41:03.072+0000] {logging_mixin.py:188} INFO - [2026-02-07T01:41:03.072+0000] {dag.py:3954} INFO - Setting next_dagrun for latest_only_with_trigger to 2026-02-06 20:00:00+00:00, run_after=2026-02-07 00:00:00+00:00
[2026-02-07T01:41:03.106+0000] {processor.py:183} INFO - Processing /home/airflow/.local/lib/python3.12/site-packages/airflow/example_dags/example_latest_only_with_trigger.py took 0.113 seconds
[2026-02-07T01:41:33.881+0000] {processor.py:161} INFO - Started process (PID=677) to work on /home/airflow/.local/lib/python3.12/site-packages/airflow/example_dags/example_latest_only_with_trigger.py
[2026-02-07T01:41:33.883+0000] {processor.py:830} INFO - Processing file /home/airflow/.local/lib/python3.12/site-packages/airflow/example_dags/example_latest_only_with_trigger.py for tasks to queue
[2026-02-07T01:41:33.884+0000] {logging_mixin.py:188} INFO - [2026-02-07T01:41:33.884+0000] {dagbag.py:540} INFO - Filling up the DagBag from /home/airflow/.local/lib/python3.12/site-packages/airflow/example_dags/example_latest_only_with_trigger.py
[2026-02-07T01:41:33.890+0000] {processor.py:840} INFO - DAG(s) 'latest_only_with_trigger' retrieved from /home/airflow/.local/lib/python3.12/site-packages/airflow/example_dags/example_latest_only_with_trigger.py
[2026-02-07T01:41:33.911+0000] {logging_mixin.py:188} INFO - [2026-02-07T01:41:33.910+0000] {dag.py:3096} INFO - Sync 1 DAGs
[2026-02-07T01:41:33.931+0000] {logging_mixin.py:188} INFO - [2026-02-07T01:41:33.931+0000] {dag.py:3954} INFO - Setting next_dagrun for latest_only_with_trigger to 2026-02-06 20:00:00+00:00, run_after=2026-02-07 00:00:00+00:00
[2026-02-07T01:41:33.951+0000] {processor.py:183} INFO - Processing /home/airflow/.local/lib/python3.12/site-packages/airflow/example_dags/example_latest_only_with_trigger.py took 0.075 seconds
[2026-02-07T01:42:04.166+0000] {processor.py:161} INFO - Started process (PID=729) to work on /home/airflow/.local/lib/python3.12/site-packages/airflow/example_dags/example_latest_only_with_trigger.py
[2026-02-07T01:42:04.168+0000] {processor.py:830} INFO - Processing file /home/airflow/.local/lib/python3.12/site-packages/airflow/example_dags/example_latest_only_with_trigger.py for tasks to queue
[2026-02-07T01:42:04.170+0000] {logging_mixin.py:188} INFO - [2026-02-07T01:42:04.169+0000] {dagbag.py:540} INFO - Filling up the DagBag from /home/airflow/.local/lib/python3.12/site-packages/airflow/example_dags/example_latest_only_with_trigger.py
[2026-02-07T01:42:04.175+0000] {processor.py:840} INFO - DAG(s) 'latest_only_with_trigger' retrieved from /home/airflow/.local/lib/python3.12/site-packages/airflow/example_dags/example_latest_only_with_trigger.py
[2026-02-07T01:42:04.196+0000] {logging_mixin.py:188} INFO - [2026-02-07T01:42:04.196+0000] {dag.py:3096} INFO - Sync 1 DAGs
[2026-02-07T01:42:04.217+0000] {logging_mixin.py:188} INFO - [2026-02-07T01:42:04.217+0000] {dag.py:3954} INFO - Setting next_dagrun for latest_only_with_trigger to 2026-02-06 20:00:00+00:00, run_after=2026-02-07 00:00:00+00:00
[2026-02-07T01:42:04.237+0000] {processor.py:183} INFO - Processing /home/airflow/.local/lib/python3.12/site-packages/airflow/example_dags/example_latest_only_with_trigger.py took 0.076 seconds
[2026-02-07T01:42:34.510+0000] {processor.py:161} INFO - Started process (PID=781) to work on /home/airflow/.local/lib/python3.12/site-packages/airflow/example_dags/example_latest_only_with_trigger.py
[2026-02-07T01:42:34.512+0000] {processor.py:830} INFO - Processing file /home/airflow/.local/lib/python3.12/site-packages/airflow/example_dags/example_latest_only_with_trigger.py for tasks to queue
[2026-02-07T01:42:34.514+0000] {logging_mixin.py:188} INFO - [2026-02-07T01:42:34.513+0000] {dagbag.py:540} INFO - Filling up the DagBag from /home/airflow/.local/lib/python3.12/site-packages/airflow/example_dags/example_latest_only_with_trigger.py
[2026-02-07T01:42:34.519+0000] {processor.py:840} INFO - DAG(s) 'latest_only_with_trigger' retrieved from /home/airflow/.local/lib/python3.12/site-packages/airflow/example_dags/example_latest_only_with_trigger.py
[2026-02-07T01:42:34.540+0000] {logging_mixin.py:188} INFO - [2026-02-07T01:42:34.540+0000] {dag.py:3096} INFO - Sync 1 DAGs
[2026-02-07T01:42:34.561+0000] {logging_mixin.py:188} INFO - [2026-02-07T01:42:34.561+0000] {dag.py:3954} INFO - Setting next_dagrun for latest_only_with_trigger to 2026-02-06 20:00:00+00:00, run_after=2026-02-07 00:00:00+00:00
[2026-02-07T01:42:34.583+0000] {processor.py:183} INFO - Processing /home/airflow/.local/lib/python3.12/site-packages/airflow/example_dags/example_latest_only_with_trigger.py took 0.078 seconds
[2026-02-07T01:43:04.821+0000] {processor.py:161} INFO - Started process (PID=833) to work on /home/airflow/.local/lib/python3.12/site-packages/airflow/example_dags/example_latest_only_with_trigger.py
[2026-02-07T01:43:04.822+0000] {processor.py:830} INFO - Processing file /home/airflow/.local/lib/python3.12/site-packages/airflow/example_dags/example_latest_only_with_trigger.py for tasks to queue
[2026-02-07T01:43:04.824+0000] {logging_mixin.py:188} INFO - [2026-02-07T01:43:04.824+0000] {dagbag.py:540} INFO - Filling up the DagBag from /home/airflow/.local/lib/python3.12/site-packages/airflow/example_dags/example_latest_only_with_trigger.py
[2026-02-07T01:43:04.829+0000] {processor.py:840} INFO - DAG(s) 'latest_only_with_trigger' retrieved from /home/airflow/.local/lib/python3.12/site-packages/airflow/example_dags/example_latest_only_with_trigger.py
[2026-02-07T01:43:04.851+0000] {logging_mixin.py:188} INFO - [2026-02-07T01:43:04.851+0000] {dag.py:3096} INFO - Sync 1 DAGs
[2026-02-07T01:43:04.870+0000] {logging_mixin.py:188} INFO - [2026-02-07T01:43:04.869+0000] {dag.py:3954} INFO - Setting next_dagrun for latest_only_with_trigger to 2026-02-06 20:00:00+00:00, run_after=2026-02-07 00:00:00+00:00
[2026-02-07T01:43:04.889+0000] {processor.py:183} INFO - Processing /home/airflow/.local/lib/python3.12/site-packages/airflow/example_dags/example_latest_only_with_trigger.py took 0.073 seconds
[2026-02-07T01:43:35.152+0000] {processor.py:161} INFO - Started process (PID=885) to work on /home/airflow/.local/lib/python3.12/site-packages/airflow/example_dags/example_latest_only_with_trigger.py
[2026-02-07T01:43:35.153+0000] {processor.py:830} INFO - Processing file /home/airflow/.local/lib/python3.12/site-packages/airflow/example_dags/example_latest_only_with_trigger.py for tasks to queue
[2026-02-07T01:43:35.155+0000] {logging_mixin.py:188} INFO - [2026-02-07T01:43:35.155+0000] {dagbag.py:540} INFO - Filling up the DagBag from /home/airflow/.local/lib/python3.12/site-packages/airflow/example_dags/example_latest_only_with_trigger.py
[2026-02-07T01:43:35.160+0000] {processor.py:840} INFO - DAG(s) 'latest_only_with_trigger' retrieved from /home/airflow/.local/lib/python3.12/site-packages/airflow/example_dags/example_latest_only_with_trigger.py
[2026-02-07T01:43:35.179+0000] {logging_mixin.py:188} INFO - [2026-02-07T01:43:35.179+0000] {dag.py:3096} INFO - Sync 1 DAGs
[2026-02-07T01:43:35.198+0000] {logging_mixin.py:188} INFO - [2026-02-07T01:43:35.198+0000] {dag.py:3954} INFO - Setting next_dagrun for latest_only_with_trigger to 2026-02-06 20:00:00+00:00, run_after=2026-02-07 00:00:00+00:00
[2026-02-07T01:43:35.217+0000] {processor.py:183} INFO - Processing /home/airflow/.local/lib/python3.12/site-packages/airflow/example_dags/example_latest_only_with_trigger.py took 0.071 seconds
[2026-02-07T01:44:05.563+0000] {processor.py:161} INFO - Started process (PID=937) to work on /home/airflow/.local/lib/python3.12/site-packages/airflow/example_dags/example_latest_only_with_trigger.py
[2026-02-07T01:44:05.564+0000] {processor.py:830} INFO - Processing file /home/airflow/.local/lib/python3.12/site-packages/airflow/example_dags/example_latest_only_with_trigger.py for tasks to queue
[2026-02-07T01:44:05.566+0000] {logging_mixin.py:188} INFO - [2026-02-07T01:44:05.566+0000] {dagbag.py:540} INFO - Filling up the DagBag from /home/airflow/.local/lib/python3.12/site-packages/airflow/example_dags/example_latest_only_with_trigger.py
[2026-02-07T01:44:05.571+0000] {processor.py:840} INFO - DAG(s) 'latest_only_with_trigger' retrieved from /home/airflow/.local/lib/python3.12/site-packages/airflow/example_dags/example_latest_only_with_trigger.py
[2026-02-07T01:44:05.593+0000] {logging_mixin.py:188} INFO - [2026-02-07T01:44:05.593+0000] {dag.py:3096} INFO - Sync 1 DAGs
[2026-02-07T01:44:05.613+0000] {logging_mixin.py:188} INFO - [2026-02-07T01:44:05.613+0000] {dag.py:3954} INFO - Setting next_dagrun for latest_only_with_trigger to 2026-02-06 20:00:00+00:00, run_after=2026-02-07 00:00:00+00:00
[2026-02-07T01:44:05.631+0000] {processor.py:183} INFO - Processing /home/airflow/.local/lib/python3.12/site-packages/airflow/example_dags/example_latest_only_with_trigger.py took 0.075 seconds
[2026-02-07T01:44:37.139+0000] {processor.py:161} INFO - Started process (PID=989) to work on /home/airflow/.local/lib/python3.12/site-packages/airflow/example_dags/example_latest_only_with_trigger.py
[2026-02-07T01:44:37.141+0000] {processor.py:830} INFO - Processing file /home/airflow/.local/lib/python3.12/site-packages/airflow/example_dags/example_latest_only_with_trigger.py for tasks to queue
[2026-02-07T01:44:37.144+0000] {logging_mixin.py:188} INFO - [2026-02-07T01:44:37.144+0000] {dagbag.py:540} INFO - Filling up the DagBag from /home/airflow/.local/lib/python3.12/site-packages/airflow/example_dags/example_latest_only_with_trigger.py
[2026-02-07T01:44:37.156+0000] {processor.py:840} INFO - DAG(s) 'latest_only_with_trigger' retrieved from /home/airflow/.local/lib/python3.12/site-packages/airflow/example_dags/example_latest_only_with_trigger.py
[2026-02-07T01:44:37.220+0000] {logging_mixin.py:188} INFO - [2026-02-07T01:44:37.219+0000] {dag.py:3096} INFO - Sync 1 DAGs
[2026-02-07T01:44:37.474+0000] {logging_mixin.py:188} INFO - [2026-02-07T01:44:37.474+0000] {dag.py:3954} INFO - Setting next_dagrun for latest_only_with_trigger to 2026-02-06 20:00:00+00:00, run_after=2026-02-07 00:00:00+00:00
[2026-02-07T01:44:37.503+0000] {processor.py:183} INFO - Processing /home/airflow/.local/lib/python3.12/site-packages/airflow/example_dags/example_latest_only_with_trigger.py took 0.376 seconds
[2026-02-07T01:45:08.118+0000] {processor.py:161} INFO - Started process (PID=1041) to work on /home/airflow/.local/lib/python3.12/site-packages/airflow/example_dags/example_latest_only_with_trigger.py
[2026-02-07T01:45:08.119+0000] {processor.py:830} INFO - Processing file /home/airflow/.local/lib/python3.12/site-packages/airflow/example_dags/example_latest_only_with_trigger.py for tasks to queue
[2026-02-07T01:45:08.121+0000] {logging_mixin.py:188} INFO - [2026-02-07T01:45:08.120+0000] {dagbag.py:540} INFO - Filling up the DagBag from /home/airflow/.local/lib/python3.12/site-packages/airflow/example_dags/example_latest_only_with_trigger.py
[2026-02-07T01:45:08.126+0000] {processor.py:840} INFO - DAG(s) 'latest_only_with_trigger' retrieved from /home/airflow/.local/lib/python3.12/site-packages/airflow/example_dags/example_latest_only_with_trigger.py
[2026-02-07T01:45:08.148+0000] {logging_mixin.py:188} INFO - [2026-02-07T01:45:08.148+0000] {dag.py:3096} INFO - Sync 1 DAGs
[2026-02-07T01:45:08.176+0000] {logging_mixin.py:188} INFO - [2026-02-07T01:45:08.175+0000] {dag.py:3954} INFO - Setting next_dagrun for latest_only_with_trigger to 2026-02-06 20:00:00+00:00, run_after=2026-02-07 00:00:00+00:00
[2026-02-07T01:45:08.421+0000] {processor.py:183} INFO - Processing /home/airflow/.local/lib/python3.12/site-packages/airflow/example_dags/example_latest_only_with_trigger.py took 0.309 seconds
[2026-02-07T01:45:38.757+0000] {processor.py:161} INFO - Started process (PID=1093) to work on /home/airflow/.local/lib/python3.12/site-packages/airflow/example_dags/example_latest_only_with_trigger.py
[2026-02-07T01:45:38.759+0000] {processor.py:830} INFO - Processing file /home/airflow/.local/lib/python3.12/site-packages/airflow/example_dags/example_latest_only_with_trigger.py for tasks to queue
[2026-02-07T01:45:38.764+0000] {logging_mixin.py:188} INFO - [2026-02-07T01:45:38.763+0000] {dagbag.py:540} INFO - Filling up the DagBag from /home/airflow/.local/lib/python3.12/site-packages/airflow/example_dags/example_latest_only_with_trigger.py
[2026-02-07T01:45:38.775+0000] {processor.py:840} INFO - DAG(s) 'latest_only_with_trigger' retrieved from /home/airflow/.local/lib/python3.12/site-packages/airflow/example_dags/example_latest_only_with_trigger.py
[2026-02-07T01:45:38.814+0000] {logging_mixin.py:188} INFO - [2026-02-07T01:45:38.814+0000] {dag.py:3096} INFO - Sync 1 DAGs
[2026-02-07T01:45:38.851+0000] {logging_mixin.py:188} INFO - [2026-02-07T01:45:38.851+0000] {dag.py:3954} INFO - Setting next_dagrun for latest_only_with_trigger to 2026-02-06 20:00:00+00:00, run_after=2026-02-07 00:00:00+00:00
[2026-02-07T01:45:38.877+0000] {processor.py:183} INFO - Processing /home/airflow/.local/lib/python3.12/site-packages/airflow/example_dags/example_latest_only_with_trigger.py took 0.132 seconds
[2026-02-07T01:46:09.321+0000] {processor.py:161} INFO - Started process (PID=1145) to work on /home/airflow/.local/lib/python3.12/site-packages/airflow/example_dags/example_latest_only_with_trigger.py
[2026-02-07T01:46:09.323+0000] {processor.py:830} INFO - Processing file /home/airflow/.local/lib/python3.12/site-packages/airflow/example_dags/example_latest_only_with_trigger.py for tasks to queue
[2026-02-07T01:46:09.325+0000] {logging_mixin.py:188} INFO - [2026-02-07T01:46:09.325+0000] {dagbag.py:540} INFO - Filling up the DagBag from /home/airflow/.local/lib/python3.12/site-packages/airflow/example_dags/example_latest_only_with_trigger.py
[2026-02-07T01:46:09.333+0000] {processor.py:840} INFO - DAG(s) 'latest_only_with_trigger' retrieved from /home/airflow/.local/lib/python3.12/site-packages/airflow/example_dags/example_latest_only_with_trigger.py
[2026-02-07T01:46:09.358+0000] {logging_mixin.py:188} INFO - [2026-02-07T01:46:09.358+0000] {dag.py:3096} INFO - Sync 1 DAGs
[2026-02-07T01:46:09.385+0000] {logging_mixin.py:188} INFO - [2026-02-07T01:46:09.385+0000] {dag.py:3954} INFO - Setting next_dagrun for latest_only_with_trigger to 2026-02-06 20:00:00+00:00, run_after=2026-02-07 00:00:00+00:00
[2026-02-07T01:46:09.409+0000] {processor.py:183} INFO - Processing /home/airflow/.local/lib/python3.12/site-packages/airflow/example_dags/example_latest_only_with_trigger.py took 0.095 seconds
[2026-02-07T01:46:39.747+0000] {processor.py:161} INFO - Started process (PID=1197) to work on /home/airflow/.local/lib/python3.12/site-packages/airflow/example_dags/example_latest_only_with_trigger.py
[2026-02-07T01:46:39.750+0000] {processor.py:830} INFO - Processing file /home/airflow/.local/lib/python3.12/site-packages/airflow/example_dags/example_latest_only_with_trigger.py for tasks to queue
[2026-02-07T01:46:39.755+0000] {logging_mixin.py:188} INFO - [2026-02-07T01:46:39.754+0000] {dagbag.py:540} INFO - Filling up the DagBag from /home/airflow/.local/lib/python3.12/site-packages/airflow/example_dags/example_latest_only_with_trigger.py
[2026-02-07T01:46:39.765+0000] {processor.py:840} INFO - DAG(s) 'latest_only_with_trigger' retrieved from /home/airflow/.local/lib/python3.12/site-packages/airflow/example_dags/example_latest_only_with_trigger.py
[2026-02-07T01:46:39.811+0000] {logging_mixin.py:188} INFO - [2026-02-07T01:46:39.810+0000] {dag.py:3096} INFO - Sync 1 DAGs
[2026-02-07T01:46:39.858+0000] {logging_mixin.py:188} INFO - [2026-02-07T01:46:39.858+0000] {dag.py:3954} INFO - Setting next_dagrun for latest_only_with_trigger to 2026-02-06 20:00:00+00:00, run_after=2026-02-07 00:00:00+00:00
[2026-02-07T01:46:39.907+0000] {processor.py:183} INFO - Processing /home/airflow/.local/lib/python3.12/site-packages/airflow/example_dags/example_latest_only_with_trigger.py took 0.172 seconds
[2026-02-07T01:47:10.641+0000] {processor.py:161} INFO - Started process (PID=1249) to work on /home/airflow/.local/lib/python3.12/site-packages/airflow/example_dags/example_latest_only_with_trigger.py
[2026-02-07T01:47:10.642+0000] {processor.py:830} INFO - Processing file /home/airflow/.local/lib/python3.12/site-packages/airflow/example_dags/example_latest_only_with_trigger.py for tasks to queue
[2026-02-07T01:47:10.645+0000] {logging_mixin.py:188} INFO - [2026-02-07T01:47:10.644+0000] {dagbag.py:540} INFO - Filling up the DagBag from /home/airflow/.local/lib/python3.12/site-packages/airflow/example_dags/example_latest_only_with_trigger.py
[2026-02-07T01:47:10.651+0000] {processor.py:840} INFO - DAG(s) 'latest_only_with_trigger' retrieved from /home/airflow/.local/lib/python3.12/site-packages/airflow/example_dags/example_latest_only_with_trigger.py
[2026-02-07T01:47:10.680+0000] {logging_mixin.py:188} INFO - [2026-02-07T01:47:10.679+0000] {dag.py:3096} INFO - Sync 1 DAGs
[2026-02-07T01:47:10.707+0000] {logging_mixin.py:188} INFO - [2026-02-07T01:47:10.707+0000] {dag.py:3954} INFO - Setting next_dagrun for latest_only_with_trigger to 2026-02-06 20:00:00+00:00, run_after=2026-02-07 00:00:00+00:00
[2026-02-07T01:47:10.729+0000] {processor.py:183} INFO - Processing /home/airflow/.local/lib/python3.12/site-packages/airflow/example_dags/example_latest_only_with_trigger.py took 0.095 seconds
[2026-02-07T01:47:40.961+0000] {processor.py:161} INFO - Started process (PID=1301) to work on /home/airflow/.local/lib/python3.12/site-packages/airflow/example_dags/example_latest_only_with_trigger.py
[2026-02-07T01:47:40.963+0000] {processor.py:830} INFO - Processing file /home/airflow/.local/lib/python3.12/site-packages/airflow/example_dags/example_latest_only_with_trigger.py for tasks to queue
[2026-02-07T01:47:40.965+0000] {logging_mixin.py:188} INFO - [2026-02-07T01:47:40.964+0000] {dagbag.py:540} INFO - Filling up the DagBag from /home/airflow/.local/lib/python3.12/site-packages/airflow/example_dags/example_latest_only_with_trigger.py
[2026-02-07T01:47:40.970+0000] {processor.py:840} INFO - DAG(s) 'latest_only_with_trigger' retrieved from /home/airflow/.local/lib/python3.12/site-packages/airflow/example_dags/example_latest_only_with_trigger.py
[2026-02-07T01:47:40.994+0000] {logging_mixin.py:188} INFO - [2026-02-07T01:47:40.993+0000] {dag.py:3096} INFO - Sync 1 DAGs
[2026-02-07T01:47:41.017+0000] {logging_mixin.py:188} INFO - [2026-02-07T01:47:41.017+0000] {dag.py:3954} INFO - Setting next_dagrun for latest_only_with_trigger to 2026-02-06 20:00:00+00:00, run_after=2026-02-07 00:00:00+00:00
[2026-02-07T01:47:41.040+0000] {processor.py:183} INFO - Processing /home/airflow/.local/lib/python3.12/site-packages/airflow/example_dags/example_latest_only_with_trigger.py took 0.087 seconds
[2026-02-07T01:48:11.301+0000] {processor.py:161} INFO - Started process (PID=1353) to work on /home/airflow/.local/lib/python3.12/site-packages/airflow/example_dags/example_latest_only_with_trigger.py
[2026-02-07T01:48:11.303+0000] {processor.py:830} INFO - Processing file /home/airflow/.local/lib/python3.12/site-packages/airflow/example_dags/example_latest_only_with_trigger.py for tasks to queue
[2026-02-07T01:48:11.306+0000] {logging_mixin.py:188} INFO - [2026-02-07T01:48:11.306+0000] {dagbag.py:540} INFO - Filling up the DagBag from /home/airflow/.local/lib/python3.12/site-packages/airflow/example_dags/example_latest_only_with_trigger.py
[2026-02-07T01:48:11.313+0000] {processor.py:840} INFO - DAG(s) 'latest_only_with_trigger' retrieved from /home/airflow/.local/lib/python3.12/site-packages/airflow/example_dags/example_latest_only_with_trigger.py
[2026-02-07T01:48:11.345+0000] {logging_mixin.py:188} INFO - [2026-02-07T01:48:11.345+0000] {dag.py:3096} INFO - Sync 1 DAGs
[2026-02-07T01:48:11.376+0000] {logging_mixin.py:188} INFO - [2026-02-07T01:48:11.376+0000] {dag.py:3954} INFO - Setting next_dagrun for latest_only_with_trigger to 2026-02-06 20:00:00+00:00, run_after=2026-02-07 00:00:00+00:00
[2026-02-07T01:48:11.402+0000] {processor.py:183} INFO - Processing /home/airflow/.local/lib/python3.12/site-packages/airflow/example_dags/example_latest_only_with_trigger.py took 0.107 seconds
[2026-02-07T01:51:38.964+0000] {processor.py:161} INFO - Started process (PID=54) to work on /home/airflow/.local/lib/python3.12/site-packages/airflow/example_dags/example_latest_only_with_trigger.py
[2026-02-07T01:51:38.972+0000] {processor.py:830} INFO - Processing file /home/airflow/.local/lib/python3.12/site-packages/airflow/example_dags/example_latest_only_with_trigger.py for tasks to queue
[2026-02-07T01:51:38.988+0000] {logging_mixin.py:188} INFO - [2026-02-07T01:51:38.987+0000] {dagbag.py:540} INFO - Filling up the DagBag from /home/airflow/.local/lib/python3.12/site-packages/airflow/example_dags/example_latest_only_with_trigger.py
[2026-02-07T01:51:39.028+0000] {processor.py:840} INFO - DAG(s) 'latest_only_with_trigger' retrieved from /home/airflow/.local/lib/python3.12/site-packages/airflow/example_dags/example_latest_only_with_trigger.py
[2026-02-07T01:51:39.128+0000] {logging_mixin.py:188} INFO - [2026-02-07T01:51:39.126+0000] {dag.py:3096} INFO - Sync 1 DAGs
[2026-02-07T01:51:39.259+0000] {logging_mixin.py:188} INFO - [2026-02-07T01:51:39.250+0000] {dag.py:3954} INFO - Setting next_dagrun for latest_only_with_trigger to 2026-02-06 20:00:00+00:00, run_after=2026-02-07 00:00:00+00:00
[2026-02-07T01:51:39.309+0000] {processor.py:183} INFO - Processing /home/airflow/.local/lib/python3.12/site-packages/airflow/example_dags/example_latest_only_with_trigger.py took 0.370 seconds
[2026-02-07T01:52:10.657+0000] {processor.py:161} INFO - Started process (PID=106) to work on /home/airflow/.local/lib/python3.12/site-packages/airflow/example_dags/example_latest_only_with_trigger.py
[2026-02-07T01:52:10.659+0000] {processor.py:830} INFO - Processing file /home/airflow/.local/lib/python3.12/site-packages/airflow/example_dags/example_latest_only_with_trigger.py for tasks to queue
[2026-02-07T01:52:10.663+0000] {logging_mixin.py:188} INFO - [2026-02-07T01:52:10.663+0000] {dagbag.py:540} INFO - Filling up the DagBag from /home/airflow/.local/lib/python3.12/site-packages/airflow/example_dags/example_latest_only_with_trigger.py
[2026-02-07T01:52:10.676+0000] {processor.py:840} INFO - DAG(s) 'latest_only_with_trigger' retrieved from /home/airflow/.local/lib/python3.12/site-packages/airflow/example_dags/example_latest_only_with_trigger.py
[2026-02-07T01:52:10.857+0000] {logging_mixin.py:188} INFO - [2026-02-07T01:52:10.857+0000] {dag.py:3096} INFO - Sync 1 DAGs
[2026-02-07T01:52:10.893+0000] {logging_mixin.py:188} INFO - [2026-02-07T01:52:10.892+0000] {dag.py:3954} INFO - Setting next_dagrun for latest_only_with_trigger to 2026-02-06 20:00:00+00:00, run_after=2026-02-07 00:00:00+00:00
[2026-02-07T01:52:10.928+0000] {processor.py:183} INFO - Processing /home/airflow/.local/lib/python3.12/site-packages/airflow/example_dags/example_latest_only_with_trigger.py took 0.284 seconds
[2026-02-07T01:52:41.283+0000] {processor.py:161} INFO - Started process (PID=158) to work on /home/airflow/.local/lib/python3.12/site-packages/airflow/example_dags/example_latest_only_with_trigger.py
[2026-02-07T01:52:41.284+0000] {processor.py:830} INFO - Processing file /home/airflow/.local/lib/python3.12/site-packages/airflow/example_dags/example_latest_only_with_trigger.py for tasks to queue
[2026-02-07T01:52:41.285+0000] {logging_mixin.py:188} INFO - [2026-02-07T01:52:41.285+0000] {dagbag.py:540} INFO - Filling up the DagBag from /home/airflow/.local/lib/python3.12/site-packages/airflow/example_dags/example_latest_only_with_trigger.py
[2026-02-07T01:52:41.291+0000] {processor.py:840} INFO - DAG(s) 'latest_only_with_trigger' retrieved from /home/airflow/.local/lib/python3.12/site-packages/airflow/example_dags/example_latest_only_with_trigger.py
[2026-02-07T01:52:41.310+0000] {logging_mixin.py:188} INFO - [2026-02-07T01:52:41.310+0000] {dag.py:3096} INFO - Sync 1 DAGs
[2026-02-07T01:52:41.329+0000] {logging_mixin.py:188} INFO - [2026-02-07T01:52:41.329+0000] {dag.py:3954} INFO - Setting next_dagrun for latest_only_with_trigger to 2026-02-06 20:00:00+00:00, run_after=2026-02-07 00:00:00+00:00
[2026-02-07T01:52:41.348+0000] {processor.py:183} INFO - Processing /home/airflow/.local/lib/python3.12/site-packages/airflow/example_dags/example_latest_only_with_trigger.py took 0.071 seconds
[2026-02-07T01:53:11.674+0000] {processor.py:161} INFO - Started process (PID=210) to work on /home/airflow/.local/lib/python3.12/site-packages/airflow/example_dags/example_latest_only_with_trigger.py
[2026-02-07T01:53:11.675+0000] {processor.py:830} INFO - Processing file /home/airflow/.local/lib/python3.12/site-packages/airflow/example_dags/example_latest_only_with_trigger.py for tasks to queue
[2026-02-07T01:53:11.677+0000] {logging_mixin.py:188} INFO - [2026-02-07T01:53:11.677+0000] {dagbag.py:540} INFO - Filling up the DagBag from /home/airflow/.local/lib/python3.12/site-packages/airflow/example_dags/example_latest_only_with_trigger.py
[2026-02-07T01:53:11.682+0000] {processor.py:840} INFO - DAG(s) 'latest_only_with_trigger' retrieved from /home/airflow/.local/lib/python3.12/site-packages/airflow/example_dags/example_latest_only_with_trigger.py
[2026-02-07T01:53:11.706+0000] {logging_mixin.py:188} INFO - [2026-02-07T01:53:11.706+0000] {dag.py:3096} INFO - Sync 1 DAGs
[2026-02-07T01:53:11.728+0000] {logging_mixin.py:188} INFO - [2026-02-07T01:53:11.728+0000] {dag.py:3954} INFO - Setting next_dagrun for latest_only_with_trigger to 2026-02-06 20:00:00+00:00, run_after=2026-02-07 00:00:00+00:00
[2026-02-07T01:53:11.746+0000] {processor.py:183} INFO - Processing /home/airflow/.local/lib/python3.12/site-packages/airflow/example_dags/example_latest_only_with_trigger.py took 0.078 seconds
[2026-02-07T01:53:42.572+0000] {processor.py:161} INFO - Started process (PID=262) to work on /home/airflow/.local/lib/python3.12/site-packages/airflow/example_dags/example_latest_only_with_trigger.py
[2026-02-07T01:53:42.574+0000] {processor.py:830} INFO - Processing file /home/airflow/.local/lib/python3.12/site-packages/airflow/example_dags/example_latest_only_with_trigger.py for tasks to queue
[2026-02-07T01:53:42.578+0000] {logging_mixin.py:188} INFO - [2026-02-07T01:53:42.577+0000] {dagbag.py:540} INFO - Filling up the DagBag from /home/airflow/.local/lib/python3.12/site-packages/airflow/example_dags/example_latest_only_with_trigger.py
[2026-02-07T01:53:42.588+0000] {processor.py:840} INFO - DAG(s) 'latest_only_with_trigger' retrieved from /home/airflow/.local/lib/python3.12/site-packages/airflow/example_dags/example_latest_only_with_trigger.py
[2026-02-07T01:53:42.630+0000] {logging_mixin.py:188} INFO - [2026-02-07T01:53:42.628+0000] {dag.py:3096} INFO - Sync 1 DAGs
[2026-02-07T01:53:42.678+0000] {logging_mixin.py:188} INFO - [2026-02-07T01:53:42.677+0000] {dag.py:3954} INFO - Setting next_dagrun for latest_only_with_trigger to 2026-02-06 20:00:00+00:00, run_after=2026-02-07 00:00:00+00:00
[2026-02-07T01:53:42.715+0000] {processor.py:183} INFO - Processing /home/airflow/.local/lib/python3.12/site-packages/airflow/example_dags/example_latest_only_with_trigger.py took 0.156 seconds
[2026-02-07T01:54:12.812+0000] {processor.py:161} INFO - Started process (PID=314) to work on /home/airflow/.local/lib/python3.12/site-packages/airflow/example_dags/example_latest_only_with_trigger.py
[2026-02-07T01:54:12.813+0000] {processor.py:830} INFO - Processing file /home/airflow/.local/lib/python3.12/site-packages/airflow/example_dags/example_latest_only_with_trigger.py for tasks to queue
[2026-02-07T01:54:12.815+0000] {logging_mixin.py:188} INFO - [2026-02-07T01:54:12.815+0000] {dagbag.py:540} INFO - Filling up the DagBag from /home/airflow/.local/lib/python3.12/site-packages/airflow/example_dags/example_latest_only_with_trigger.py
[2026-02-07T01:54:12.821+0000] {processor.py:840} INFO - DAG(s) 'latest_only_with_trigger' retrieved from /home/airflow/.local/lib/python3.12/site-packages/airflow/example_dags/example_latest_only_with_trigger.py
[2026-02-07T01:54:12.843+0000] {logging_mixin.py:188} INFO - [2026-02-07T01:54:12.843+0000] {dag.py:3096} INFO - Sync 1 DAGs
[2026-02-07T01:54:12.867+0000] {logging_mixin.py:188} INFO - [2026-02-07T01:54:12.867+0000] {dag.py:3954} INFO - Setting next_dagrun for latest_only_with_trigger to 2026-02-06 20:00:00+00:00, run_after=2026-02-07 00:00:00+00:00
[2026-02-07T01:54:12.891+0000] {processor.py:183} INFO - Processing /home/airflow/.local/lib/python3.12/site-packages/airflow/example_dags/example_latest_only_with_trigger.py took 0.085 seconds
[2026-02-07T01:54:43.070+0000] {processor.py:161} INFO - Started process (PID=366) to work on /home/airflow/.local/lib/python3.12/site-packages/airflow/example_dags/example_latest_only_with_trigger.py
[2026-02-07T01:54:43.071+0000] {processor.py:830} INFO - Processing file /home/airflow/.local/lib/python3.12/site-packages/airflow/example_dags/example_latest_only_with_trigger.py for tasks to queue
[2026-02-07T01:54:43.074+0000] {logging_mixin.py:188} INFO - [2026-02-07T01:54:43.074+0000] {dagbag.py:540} INFO - Filling up the DagBag from /home/airflow/.local/lib/python3.12/site-packages/airflow/example_dags/example_latest_only_with_trigger.py
[2026-02-07T01:54:43.081+0000] {processor.py:840} INFO - DAG(s) 'latest_only_with_trigger' retrieved from /home/airflow/.local/lib/python3.12/site-packages/airflow/example_dags/example_latest_only_with_trigger.py
[2026-02-07T01:54:43.104+0000] {logging_mixin.py:188} INFO - [2026-02-07T01:54:43.103+0000] {dag.py:3096} INFO - Sync 1 DAGs
[2026-02-07T01:54:43.127+0000] {logging_mixin.py:188} INFO - [2026-02-07T01:54:43.127+0000] {dag.py:3954} INFO - Setting next_dagrun for latest_only_with_trigger to 2026-02-06 20:00:00+00:00, run_after=2026-02-07 00:00:00+00:00
[2026-02-07T01:54:43.149+0000] {processor.py:183} INFO - Processing /home/airflow/.local/lib/python3.12/site-packages/airflow/example_dags/example_latest_only_with_trigger.py took 0.088 seconds
[2026-02-07T01:55:13.983+0000] {processor.py:161} INFO - Started process (PID=418) to work on /home/airflow/.local/lib/python3.12/site-packages/airflow/example_dags/example_latest_only_with_trigger.py
[2026-02-07T01:55:13.984+0000] {processor.py:830} INFO - Processing file /home/airflow/.local/lib/python3.12/site-packages/airflow/example_dags/example_latest_only_with_trigger.py for tasks to queue
[2026-02-07T01:55:13.987+0000] {logging_mixin.py:188} INFO - [2026-02-07T01:55:13.986+0000] {dagbag.py:540} INFO - Filling up the DagBag from /home/airflow/.local/lib/python3.12/site-packages/airflow/example_dags/example_latest_only_with_trigger.py
[2026-02-07T01:55:13.993+0000] {processor.py:840} INFO - DAG(s) 'latest_only_with_trigger' retrieved from /home/airflow/.local/lib/python3.12/site-packages/airflow/example_dags/example_latest_only_with_trigger.py
[2026-02-07T01:55:14.019+0000] {logging_mixin.py:188} INFO - [2026-02-07T01:55:14.018+0000] {dag.py:3096} INFO - Sync 1 DAGs
[2026-02-07T01:55:14.049+0000] {logging_mixin.py:188} INFO - [2026-02-07T01:55:14.049+0000] {dag.py:3954} INFO - Setting next_dagrun for latest_only_with_trigger to 2026-02-06 20:00:00+00:00, run_after=2026-02-07 00:00:00+00:00
[2026-02-07T01:55:14.072+0000] {processor.py:183} INFO - Processing /home/airflow/.local/lib/python3.12/site-packages/airflow/example_dags/example_latest_only_with_trigger.py took 0.097 seconds
[2026-02-07T01:55:45.042+0000] {processor.py:161} INFO - Started process (PID=470) to work on /home/airflow/.local/lib/python3.12/site-packages/airflow/example_dags/example_latest_only_with_trigger.py
[2026-02-07T01:55:45.044+0000] {processor.py:830} INFO - Processing file /home/airflow/.local/lib/python3.12/site-packages/airflow/example_dags/example_latest_only_with_trigger.py for tasks to queue
[2026-02-07T01:55:45.046+0000] {logging_mixin.py:188} INFO - [2026-02-07T01:55:45.045+0000] {dagbag.py:540} INFO - Filling up the DagBag from /home/airflow/.local/lib/python3.12/site-packages/airflow/example_dags/example_latest_only_with_trigger.py
[2026-02-07T01:55:45.052+0000] {processor.py:840} INFO - DAG(s) 'latest_only_with_trigger' retrieved from /home/airflow/.local/lib/python3.12/site-packages/airflow/example_dags/example_latest_only_with_trigger.py
[2026-02-07T01:55:45.142+0000] {logging_mixin.py:188} INFO - [2026-02-07T01:55:45.135+0000] {dag.py:3096} INFO - Sync 1 DAGs
[2026-02-07T01:55:45.204+0000] {logging_mixin.py:188} INFO - [2026-02-07T01:55:45.204+0000] {dag.py:3954} INFO - Setting next_dagrun for latest_only_with_trigger to 2026-02-06 20:00:00+00:00, run_after=2026-02-07 00:00:00+00:00
[2026-02-07T01:55:45.233+0000] {processor.py:183} INFO - Processing /home/airflow/.local/lib/python3.12/site-packages/airflow/example_dags/example_latest_only_with_trigger.py took 0.197 seconds
[2026-02-07T01:56:15.755+0000] {processor.py:161} INFO - Started process (PID=522) to work on /home/airflow/.local/lib/python3.12/site-packages/airflow/example_dags/example_latest_only_with_trigger.py
[2026-02-07T01:56:15.757+0000] {processor.py:830} INFO - Processing file /home/airflow/.local/lib/python3.12/site-packages/airflow/example_dags/example_latest_only_with_trigger.py for tasks to queue
[2026-02-07T01:56:15.759+0000] {logging_mixin.py:188} INFO - [2026-02-07T01:56:15.759+0000] {dagbag.py:540} INFO - Filling up the DagBag from /home/airflow/.local/lib/python3.12/site-packages/airflow/example_dags/example_latest_only_with_trigger.py
[2026-02-07T01:56:15.766+0000] {processor.py:840} INFO - DAG(s) 'latest_only_with_trigger' retrieved from /home/airflow/.local/lib/python3.12/site-packages/airflow/example_dags/example_latest_only_with_trigger.py
[2026-02-07T01:56:15.792+0000] {logging_mixin.py:188} INFO - [2026-02-07T01:56:15.792+0000] {dag.py:3096} INFO - Sync 1 DAGs
[2026-02-07T01:56:15.819+0000] {logging_mixin.py:188} INFO - [2026-02-07T01:56:15.818+0000] {dag.py:3954} INFO - Setting next_dagrun for latest_only_with_trigger to 2026-02-06 20:00:00+00:00, run_after=2026-02-07 00:00:00+00:00
[2026-02-07T01:56:15.842+0000] {processor.py:183} INFO - Processing /home/airflow/.local/lib/python3.12/site-packages/airflow/example_dags/example_latest_only_with_trigger.py took 0.094 seconds
[2026-02-07T01:56:46.636+0000] {processor.py:161} INFO - Started process (PID=574) to work on /home/airflow/.local/lib/python3.12/site-packages/airflow/example_dags/example_latest_only_with_trigger.py
[2026-02-07T01:56:46.637+0000] {processor.py:830} INFO - Processing file /home/airflow/.local/lib/python3.12/site-packages/airflow/example_dags/example_latest_only_with_trigger.py for tasks to queue
[2026-02-07T01:56:46.640+0000] {logging_mixin.py:188} INFO - [2026-02-07T01:56:46.640+0000] {dagbag.py:540} INFO - Filling up the DagBag from /home/airflow/.local/lib/python3.12/site-packages/airflow/example_dags/example_latest_only_with_trigger.py
[2026-02-07T01:56:46.648+0000] {processor.py:840} INFO - DAG(s) 'latest_only_with_trigger' retrieved from /home/airflow/.local/lib/python3.12/site-packages/airflow/example_dags/example_latest_only_with_trigger.py
[2026-02-07T01:56:46.680+0000] {logging_mixin.py:188} INFO - [2026-02-07T01:56:46.679+0000] {dag.py:3096} INFO - Sync 1 DAGs
[2026-02-07T01:56:46.712+0000] {logging_mixin.py:188} INFO - [2026-02-07T01:56:46.712+0000] {dag.py:3954} INFO - Setting next_dagrun for latest_only_with_trigger to 2026-02-06 20:00:00+00:00, run_after=2026-02-07 00:00:00+00:00
[2026-02-07T01:56:46.737+0000] {processor.py:183} INFO - Processing /home/airflow/.local/lib/python3.12/site-packages/airflow/example_dags/example_latest_only_with_trigger.py took 0.110 seconds
[2026-02-07T01:57:17.271+0000] {processor.py:161} INFO - Started process (PID=626) to work on /home/airflow/.local/lib/python3.12/site-packages/airflow/example_dags/example_latest_only_with_trigger.py
[2026-02-07T01:57:17.273+0000] {processor.py:830} INFO - Processing file /home/airflow/.local/lib/python3.12/site-packages/airflow/example_dags/example_latest_only_with_trigger.py for tasks to queue
[2026-02-07T01:57:17.276+0000] {logging_mixin.py:188} INFO - [2026-02-07T01:57:17.275+0000] {dagbag.py:540} INFO - Filling up the DagBag from /home/airflow/.local/lib/python3.12/site-packages/airflow/example_dags/example_latest_only_with_trigger.py
[2026-02-07T01:57:17.280+0000] {processor.py:840} INFO - DAG(s) 'latest_only_with_trigger' retrieved from /home/airflow/.local/lib/python3.12/site-packages/airflow/example_dags/example_latest_only_with_trigger.py
[2026-02-07T01:57:17.303+0000] {logging_mixin.py:188} INFO - [2026-02-07T01:57:17.302+0000] {dag.py:3096} INFO - Sync 1 DAGs
[2026-02-07T01:57:17.324+0000] {logging_mixin.py:188} INFO - [2026-02-07T01:57:17.324+0000] {dag.py:3954} INFO - Setting next_dagrun for latest_only_with_trigger to 2026-02-06 20:00:00+00:00, run_after=2026-02-07 00:00:00+00:00
[2026-02-07T01:57:17.345+0000] {processor.py:183} INFO - Processing /home/airflow/.local/lib/python3.12/site-packages/airflow/example_dags/example_latest_only_with_trigger.py took 0.080 seconds
[2026-02-07T01:57:47.461+0000] {processor.py:161} INFO - Started process (PID=678) to work on /home/airflow/.local/lib/python3.12/site-packages/airflow/example_dags/example_latest_only_with_trigger.py
[2026-02-07T01:57:47.462+0000] {processor.py:830} INFO - Processing file /home/airflow/.local/lib/python3.12/site-packages/airflow/example_dags/example_latest_only_with_trigger.py for tasks to queue
[2026-02-07T01:57:47.464+0000] {logging_mixin.py:188} INFO - [2026-02-07T01:57:47.463+0000] {dagbag.py:540} INFO - Filling up the DagBag from /home/airflow/.local/lib/python3.12/site-packages/airflow/example_dags/example_latest_only_with_trigger.py
[2026-02-07T01:57:47.469+0000] {processor.py:840} INFO - DAG(s) 'latest_only_with_trigger' retrieved from /home/airflow/.local/lib/python3.12/site-packages/airflow/example_dags/example_latest_only_with_trigger.py
[2026-02-07T01:57:47.500+0000] {logging_mixin.py:188} INFO - [2026-02-07T01:57:47.500+0000] {dag.py:3096} INFO - Sync 1 DAGs
[2026-02-07T01:57:47.522+0000] {logging_mixin.py:188} INFO - [2026-02-07T01:57:47.522+0000] {dag.py:3954} INFO - Setting next_dagrun for latest_only_with_trigger to 2026-02-06 20:00:00+00:00, run_after=2026-02-07 00:00:00+00:00
[2026-02-07T01:57:47.545+0000] {processor.py:183} INFO - Processing /home/airflow/.local/lib/python3.12/site-packages/airflow/example_dags/example_latest_only_with_trigger.py took 0.089 seconds
[2026-02-07T01:58:18.675+0000] {processor.py:161} INFO - Started process (PID=730) to work on /home/airflow/.local/lib/python3.12/site-packages/airflow/example_dags/example_latest_only_with_trigger.py
[2026-02-07T01:58:18.677+0000] {processor.py:830} INFO - Processing file /home/airflow/.local/lib/python3.12/site-packages/airflow/example_dags/example_latest_only_with_trigger.py for tasks to queue
[2026-02-07T01:58:18.681+0000] {logging_mixin.py:188} INFO - [2026-02-07T01:58:18.680+0000] {dagbag.py:540} INFO - Filling up the DagBag from /home/airflow/.local/lib/python3.12/site-packages/airflow/example_dags/example_latest_only_with_trigger.py
[2026-02-07T01:58:18.692+0000] {processor.py:840} INFO - DAG(s) 'latest_only_with_trigger' retrieved from /home/airflow/.local/lib/python3.12/site-packages/airflow/example_dags/example_latest_only_with_trigger.py
[2026-02-07T01:58:18.743+0000] {logging_mixin.py:188} INFO - [2026-02-07T01:58:18.742+0000] {dag.py:3096} INFO - Sync 1 DAGs
[2026-02-07T01:58:18.799+0000] {logging_mixin.py:188} INFO - [2026-02-07T01:58:18.798+0000] {dag.py:3954} INFO - Setting next_dagrun for latest_only_with_trigger to 2026-02-06 20:00:00+00:00, run_after=2026-02-07 00:00:00+00:00
[2026-02-07T01:58:18.840+0000] {processor.py:183} INFO - Processing /home/airflow/.local/lib/python3.12/site-packages/airflow/example_dags/example_latest_only_with_trigger.py took 0.177 seconds
[2026-02-07T01:58:49.799+0000] {processor.py:161} INFO - Started process (PID=782) to work on /home/airflow/.local/lib/python3.12/site-packages/airflow/example_dags/example_latest_only_with_trigger.py
[2026-02-07T01:58:49.800+0000] {processor.py:830} INFO - Processing file /home/airflow/.local/lib/python3.12/site-packages/airflow/example_dags/example_latest_only_with_trigger.py for tasks to queue
[2026-02-07T01:58:49.802+0000] {logging_mixin.py:188} INFO - [2026-02-07T01:58:49.802+0000] {dagbag.py:540} INFO - Filling up the DagBag from /home/airflow/.local/lib/python3.12/site-packages/airflow/example_dags/example_latest_only_with_trigger.py
[2026-02-07T01:58:49.808+0000] {processor.py:840} INFO - DAG(s) 'latest_only_with_trigger' retrieved from /home/airflow/.local/lib/python3.12/site-packages/airflow/example_dags/example_latest_only_with_trigger.py
[2026-02-07T01:58:49.834+0000] {logging_mixin.py:188} INFO - [2026-02-07T01:58:49.834+0000] {dag.py:3096} INFO - Sync 1 DAGs
[2026-02-07T01:58:49.862+0000] {logging_mixin.py:188} INFO - [2026-02-07T01:58:49.862+0000] {dag.py:3954} INFO - Setting next_dagrun for latest_only_with_trigger to 2026-02-06 20:00:00+00:00, run_after=2026-02-07 00:00:00+00:00
[2026-02-07T01:58:49.884+0000] {processor.py:183} INFO - Processing /home/airflow/.local/lib/python3.12/site-packages/airflow/example_dags/example_latest_only_with_trigger.py took 0.090 seconds
[2026-02-07T01:59:20.289+0000] {processor.py:161} INFO - Started process (PID=834) to work on /home/airflow/.local/lib/python3.12/site-packages/airflow/example_dags/example_latest_only_with_trigger.py
[2026-02-07T01:59:20.290+0000] {processor.py:830} INFO - Processing file /home/airflow/.local/lib/python3.12/site-packages/airflow/example_dags/example_latest_only_with_trigger.py for tasks to queue
[2026-02-07T01:59:20.293+0000] {logging_mixin.py:188} INFO - [2026-02-07T01:59:20.292+0000] {dagbag.py:540} INFO - Filling up the DagBag from /home/airflow/.local/lib/python3.12/site-packages/airflow/example_dags/example_latest_only_with_trigger.py
[2026-02-07T01:59:20.301+0000] {processor.py:840} INFO - DAG(s) 'latest_only_with_trigger' retrieved from /home/airflow/.local/lib/python3.12/site-packages/airflow/example_dags/example_latest_only_with_trigger.py
[2026-02-07T01:59:20.328+0000] {logging_mixin.py:188} INFO - [2026-02-07T01:59:20.328+0000] {dag.py:3096} INFO - Sync 1 DAGs
[2026-02-07T01:59:20.355+0000] {logging_mixin.py:188} INFO - [2026-02-07T01:59:20.355+0000] {dag.py:3954} INFO - Setting next_dagrun for latest_only_with_trigger to 2026-02-06 20:00:00+00:00, run_after=2026-02-07 00:00:00+00:00
[2026-02-07T01:59:20.380+0000] {processor.py:183} INFO - Processing /home/airflow/.local/lib/python3.12/site-packages/airflow/example_dags/example_latest_only_with_trigger.py took 0.097 seconds
[2026-02-07T01:59:50.453+0000] {processor.py:161} INFO - Started process (PID=885) to work on /home/airflow/.local/lib/python3.12/site-packages/airflow/example_dags/example_latest_only_with_trigger.py
[2026-02-07T01:59:50.454+0000] {processor.py:830} INFO - Processing file /home/airflow/.local/lib/python3.12/site-packages/airflow/example_dags/example_latest_only_with_trigger.py for tasks to queue
[2026-02-07T01:59:50.456+0000] {logging_mixin.py:188} INFO - [2026-02-07T01:59:50.456+0000] {dagbag.py:540} INFO - Filling up the DagBag from /home/airflow/.local/lib/python3.12/site-packages/airflow/example_dags/example_latest_only_with_trigger.py
[2026-02-07T01:59:50.461+0000] {processor.py:840} INFO - DAG(s) 'latest_only_with_trigger' retrieved from /home/airflow/.local/lib/python3.12/site-packages/airflow/example_dags/example_latest_only_with_trigger.py
[2026-02-07T01:59:50.480+0000] {logging_mixin.py:188} INFO - [2026-02-07T01:59:50.480+0000] {dag.py:3096} INFO - Sync 1 DAGs
[2026-02-07T01:59:50.499+0000] {logging_mixin.py:188} INFO - [2026-02-07T01:59:50.499+0000] {dag.py:3954} INFO - Setting next_dagrun for latest_only_with_trigger to 2026-02-06 20:00:00+00:00, run_after=2026-02-07 00:00:00+00:00
[2026-02-07T01:59:50.518+0000] {processor.py:183} INFO - Processing /home/airflow/.local/lib/python3.12/site-packages/airflow/example_dags/example_latest_only_with_trigger.py took 0.070 seconds
[2026-02-07T02:00:20.633+0000] {processor.py:161} INFO - Started process (PID=937) to work on /home/airflow/.local/lib/python3.12/site-packages/airflow/example_dags/example_latest_only_with_trigger.py
[2026-02-07T02:00:20.634+0000] {processor.py:830} INFO - Processing file /home/airflow/.local/lib/python3.12/site-packages/airflow/example_dags/example_latest_only_with_trigger.py for tasks to queue
[2026-02-07T02:00:20.636+0000] {logging_mixin.py:188} INFO - [2026-02-07T02:00:20.636+0000] {dagbag.py:540} INFO - Filling up the DagBag from /home/airflow/.local/lib/python3.12/site-packages/airflow/example_dags/example_latest_only_with_trigger.py
[2026-02-07T02:00:20.642+0000] {processor.py:840} INFO - DAG(s) 'latest_only_with_trigger' retrieved from /home/airflow/.local/lib/python3.12/site-packages/airflow/example_dags/example_latest_only_with_trigger.py
[2026-02-07T02:00:20.669+0000] {logging_mixin.py:188} INFO - [2026-02-07T02:00:20.669+0000] {dag.py:3096} INFO - Sync 1 DAGs
[2026-02-07T02:00:20.698+0000] {logging_mixin.py:188} INFO - [2026-02-07T02:00:20.697+0000] {dag.py:3954} INFO - Setting next_dagrun for latest_only_with_trigger to 2026-02-06 20:00:00+00:00, run_after=2026-02-07 00:00:00+00:00
[2026-02-07T02:00:20.891+0000] {processor.py:183} INFO - Processing /home/airflow/.local/lib/python3.12/site-packages/airflow/example_dags/example_latest_only_with_trigger.py took 0.263 seconds
[2026-02-07T02:00:51.037+0000] {processor.py:161} INFO - Started process (PID=989) to work on /home/airflow/.local/lib/python3.12/site-packages/airflow/example_dags/example_latest_only_with_trigger.py
[2026-02-07T02:00:51.038+0000] {processor.py:830} INFO - Processing file /home/airflow/.local/lib/python3.12/site-packages/airflow/example_dags/example_latest_only_with_trigger.py for tasks to queue
[2026-02-07T02:00:51.040+0000] {logging_mixin.py:188} INFO - [2026-02-07T02:00:51.040+0000] {dagbag.py:540} INFO - Filling up the DagBag from /home/airflow/.local/lib/python3.12/site-packages/airflow/example_dags/example_latest_only_with_trigger.py
[2026-02-07T02:00:51.046+0000] {processor.py:840} INFO - DAG(s) 'latest_only_with_trigger' retrieved from /home/airflow/.local/lib/python3.12/site-packages/airflow/example_dags/example_latest_only_with_trigger.py
[2026-02-07T02:00:51.074+0000] {logging_mixin.py:188} INFO - [2026-02-07T02:00:51.073+0000] {dag.py:3096} INFO - Sync 1 DAGs
[2026-02-07T02:00:51.098+0000] {logging_mixin.py:188} INFO - [2026-02-07T02:00:51.098+0000] {dag.py:3954} INFO - Setting next_dagrun for latest_only_with_trigger to 2026-02-06 20:00:00+00:00, run_after=2026-02-07 00:00:00+00:00
[2026-02-07T02:00:51.118+0000] {processor.py:183} INFO - Processing /home/airflow/.local/lib/python3.12/site-packages/airflow/example_dags/example_latest_only_with_trigger.py took 0.088 seconds
[2026-02-07T02:01:21.255+0000] {processor.py:161} INFO - Started process (PID=1041) to work on /home/airflow/.local/lib/python3.12/site-packages/airflow/example_dags/example_latest_only_with_trigger.py
[2026-02-07T02:01:21.256+0000] {processor.py:830} INFO - Processing file /home/airflow/.local/lib/python3.12/site-packages/airflow/example_dags/example_latest_only_with_trigger.py for tasks to queue
[2026-02-07T02:01:21.258+0000] {logging_mixin.py:188} INFO - [2026-02-07T02:01:21.258+0000] {dagbag.py:540} INFO - Filling up the DagBag from /home/airflow/.local/lib/python3.12/site-packages/airflow/example_dags/example_latest_only_with_trigger.py
[2026-02-07T02:01:21.264+0000] {processor.py:840} INFO - DAG(s) 'latest_only_with_trigger' retrieved from /home/airflow/.local/lib/python3.12/site-packages/airflow/example_dags/example_latest_only_with_trigger.py
[2026-02-07T02:01:21.286+0000] {logging_mixin.py:188} INFO - [2026-02-07T02:01:21.286+0000] {dag.py:3096} INFO - Sync 1 DAGs
[2026-02-07T02:01:21.310+0000] {logging_mixin.py:188} INFO - [2026-02-07T02:01:21.310+0000] {dag.py:3954} INFO - Setting next_dagrun for latest_only_with_trigger to 2026-02-06 20:00:00+00:00, run_after=2026-02-07 00:00:00+00:00
[2026-02-07T02:01:21.332+0000] {processor.py:183} INFO - Processing /home/airflow/.local/lib/python3.12/site-packages/airflow/example_dags/example_latest_only_with_trigger.py took 0.083 seconds
[2026-02-07T02:01:52.124+0000] {processor.py:161} INFO - Started process (PID=1093) to work on /home/airflow/.local/lib/python3.12/site-packages/airflow/example_dags/example_latest_only_with_trigger.py
[2026-02-07T02:01:52.125+0000] {processor.py:830} INFO - Processing file /home/airflow/.local/lib/python3.12/site-packages/airflow/example_dags/example_latest_only_with_trigger.py for tasks to queue
[2026-02-07T02:01:52.127+0000] {logging_mixin.py:188} INFO - [2026-02-07T02:01:52.127+0000] {dagbag.py:540} INFO - Filling up the DagBag from /home/airflow/.local/lib/python3.12/site-packages/airflow/example_dags/example_latest_only_with_trigger.py
[2026-02-07T02:01:52.132+0000] {processor.py:840} INFO - DAG(s) 'latest_only_with_trigger' retrieved from /home/airflow/.local/lib/python3.12/site-packages/airflow/example_dags/example_latest_only_with_trigger.py
[2026-02-07T02:01:52.153+0000] {logging_mixin.py:188} INFO - [2026-02-07T02:01:52.153+0000] {dag.py:3096} INFO - Sync 1 DAGs
[2026-02-07T02:01:52.177+0000] {logging_mixin.py:188} INFO - [2026-02-07T02:01:52.177+0000] {dag.py:3954} INFO - Setting next_dagrun for latest_only_with_trigger to 2026-02-06 20:00:00+00:00, run_after=2026-02-07 00:00:00+00:00
[2026-02-07T02:01:52.207+0000] {processor.py:183} INFO - Processing /home/airflow/.local/lib/python3.12/site-packages/airflow/example_dags/example_latest_only_with_trigger.py took 0.089 seconds
[2026-02-07T02:02:22.799+0000] {processor.py:161} INFO - Started process (PID=1145) to work on /home/airflow/.local/lib/python3.12/site-packages/airflow/example_dags/example_latest_only_with_trigger.py
[2026-02-07T02:02:22.800+0000] {processor.py:830} INFO - Processing file /home/airflow/.local/lib/python3.12/site-packages/airflow/example_dags/example_latest_only_with_trigger.py for tasks to queue
[2026-02-07T02:02:22.802+0000] {logging_mixin.py:188} INFO - [2026-02-07T02:02:22.802+0000] {dagbag.py:540} INFO - Filling up the DagBag from /home/airflow/.local/lib/python3.12/site-packages/airflow/example_dags/example_latest_only_with_trigger.py
[2026-02-07T02:02:22.807+0000] {processor.py:840} INFO - DAG(s) 'latest_only_with_trigger' retrieved from /home/airflow/.local/lib/python3.12/site-packages/airflow/example_dags/example_latest_only_with_trigger.py
[2026-02-07T02:02:22.827+0000] {logging_mixin.py:188} INFO - [2026-02-07T02:02:22.827+0000] {dag.py:3096} INFO - Sync 1 DAGs
[2026-02-07T02:02:22.848+0000] {logging_mixin.py:188} INFO - [2026-02-07T02:02:22.848+0000] {dag.py:3954} INFO - Setting next_dagrun for latest_only_with_trigger to 2026-02-06 20:00:00+00:00, run_after=2026-02-07 00:00:00+00:00
[2026-02-07T02:02:23.034+0000] {processor.py:183} INFO - Processing /home/airflow/.local/lib/python3.12/site-packages/airflow/example_dags/example_latest_only_with_trigger.py took 0.241 seconds
[2026-02-07T02:02:53.175+0000] {processor.py:161} INFO - Started process (PID=1197) to work on /home/airflow/.local/lib/python3.12/site-packages/airflow/example_dags/example_latest_only_with_trigger.py
[2026-02-07T02:02:53.176+0000] {processor.py:830} INFO - Processing file /home/airflow/.local/lib/python3.12/site-packages/airflow/example_dags/example_latest_only_with_trigger.py for tasks to queue
[2026-02-07T02:02:53.178+0000] {logging_mixin.py:188} INFO - [2026-02-07T02:02:53.178+0000] {dagbag.py:540} INFO - Filling up the DagBag from /home/airflow/.local/lib/python3.12/site-packages/airflow/example_dags/example_latest_only_with_trigger.py
[2026-02-07T02:02:53.183+0000] {processor.py:840} INFO - DAG(s) 'latest_only_with_trigger' retrieved from /home/airflow/.local/lib/python3.12/site-packages/airflow/example_dags/example_latest_only_with_trigger.py
[2026-02-07T02:02:53.204+0000] {logging_mixin.py:188} INFO - [2026-02-07T02:02:53.204+0000] {dag.py:3096} INFO - Sync 1 DAGs
[2026-02-07T02:02:53.225+0000] {logging_mixin.py:188} INFO - [2026-02-07T02:02:53.225+0000] {dag.py:3954} INFO - Setting next_dagrun for latest_only_with_trigger to 2026-02-06 20:00:00+00:00, run_after=2026-02-07 00:00:00+00:00
[2026-02-07T02:02:53.247+0000] {processor.py:183} INFO - Processing /home/airflow/.local/lib/python3.12/site-packages/airflow/example_dags/example_latest_only_with_trigger.py took 0.077 seconds
[2026-02-07T02:03:24.177+0000] {processor.py:161} INFO - Started process (PID=1249) to work on /home/airflow/.local/lib/python3.12/site-packages/airflow/example_dags/example_latest_only_with_trigger.py
[2026-02-07T02:03:24.178+0000] {processor.py:830} INFO - Processing file /home/airflow/.local/lib/python3.12/site-packages/airflow/example_dags/example_latest_only_with_trigger.py for tasks to queue
[2026-02-07T02:03:24.180+0000] {logging_mixin.py:188} INFO - [2026-02-07T02:03:24.180+0000] {dagbag.py:540} INFO - Filling up the DagBag from /home/airflow/.local/lib/python3.12/site-packages/airflow/example_dags/example_latest_only_with_trigger.py
[2026-02-07T02:03:24.185+0000] {processor.py:840} INFO - DAG(s) 'latest_only_with_trigger' retrieved from /home/airflow/.local/lib/python3.12/site-packages/airflow/example_dags/example_latest_only_with_trigger.py
[2026-02-07T02:03:24.204+0000] {logging_mixin.py:188} INFO - [2026-02-07T02:03:24.204+0000] {dag.py:3096} INFO - Sync 1 DAGs
[2026-02-07T02:03:24.225+0000] {logging_mixin.py:188} INFO - [2026-02-07T02:03:24.225+0000] {dag.py:3954} INFO - Setting next_dagrun for latest_only_with_trigger to 2026-02-06 20:00:00+00:00, run_after=2026-02-07 00:00:00+00:00
[2026-02-07T02:03:24.255+0000] {processor.py:183} INFO - Processing /home/airflow/.local/lib/python3.12/site-packages/airflow/example_dags/example_latest_only_with_trigger.py took 0.083 seconds
[2026-02-07T02:03:54.942+0000] {processor.py:161} INFO - Started process (PID=1301) to work on /home/airflow/.local/lib/python3.12/site-packages/airflow/example_dags/example_latest_only_with_trigger.py
[2026-02-07T02:03:54.944+0000] {processor.py:830} INFO - Processing file /home/airflow/.local/lib/python3.12/site-packages/airflow/example_dags/example_latest_only_with_trigger.py for tasks to queue
[2026-02-07T02:03:54.946+0000] {logging_mixin.py:188} INFO - [2026-02-07T02:03:54.946+0000] {dagbag.py:540} INFO - Filling up the DagBag from /home/airflow/.local/lib/python3.12/site-packages/airflow/example_dags/example_latest_only_with_trigger.py
[2026-02-07T02:03:54.951+0000] {processor.py:840} INFO - DAG(s) 'latest_only_with_trigger' retrieved from /home/airflow/.local/lib/python3.12/site-packages/airflow/example_dags/example_latest_only_with_trigger.py
[2026-02-07T02:03:55.125+0000] {logging_mixin.py:188} INFO - [2026-02-07T02:03:55.124+0000] {dag.py:3096} INFO - Sync 1 DAGs
[2026-02-07T02:03:55.150+0000] {logging_mixin.py:188} INFO - [2026-02-07T02:03:55.149+0000] {dag.py:3954} INFO - Setting next_dagrun for latest_only_with_trigger to 2026-02-06 20:00:00+00:00, run_after=2026-02-07 00:00:00+00:00
[2026-02-07T02:03:55.171+0000] {processor.py:183} INFO - Processing /home/airflow/.local/lib/python3.12/site-packages/airflow/example_dags/example_latest_only_with_trigger.py took 0.235 seconds
[2026-02-07T02:04:25.578+0000] {processor.py:161} INFO - Started process (PID=1353) to work on /home/airflow/.local/lib/python3.12/site-packages/airflow/example_dags/example_latest_only_with_trigger.py
[2026-02-07T02:04:25.579+0000] {processor.py:830} INFO - Processing file /home/airflow/.local/lib/python3.12/site-packages/airflow/example_dags/example_latest_only_with_trigger.py for tasks to queue
[2026-02-07T02:04:25.581+0000] {logging_mixin.py:188} INFO - [2026-02-07T02:04:25.581+0000] {dagbag.py:540} INFO - Filling up the DagBag from /home/airflow/.local/lib/python3.12/site-packages/airflow/example_dags/example_latest_only_with_trigger.py
[2026-02-07T02:04:25.586+0000] {processor.py:840} INFO - DAG(s) 'latest_only_with_trigger' retrieved from /home/airflow/.local/lib/python3.12/site-packages/airflow/example_dags/example_latest_only_with_trigger.py
[2026-02-07T02:04:25.611+0000] {logging_mixin.py:188} INFO - [2026-02-07T02:04:25.611+0000] {dag.py:3096} INFO - Sync 1 DAGs
[2026-02-07T02:04:25.635+0000] {logging_mixin.py:188} INFO - [2026-02-07T02:04:25.634+0000] {dag.py:3954} INFO - Setting next_dagrun for latest_only_with_trigger to 2026-02-06 20:00:00+00:00, run_after=2026-02-07 00:00:00+00:00
[2026-02-07T02:04:25.657+0000] {processor.py:183} INFO - Processing /home/airflow/.local/lib/python3.12/site-packages/airflow/example_dags/example_latest_only_with_trigger.py took 0.084 seconds
