[2026-02-07T01:35:24.178+0000] {processor.py:161} INFO - Started process (PID=43) to work on /home/airflow/.local/lib/python3.12/site-packages/airflow/example_dags/example_latest_only.py
[2026-02-07T01:35:24.179+0000] {processor.py:830} INFO - Processing file /home/airflow/.local/lib/python3.12/site-packages/airflow/example_dags/example_latest_only.py for tasks to queue
[2026-02-07T01:35:24.181+0000] {logging_mixin.py:188} INFO - [2026-02-07T01:35:24.181+0000] {dagbag.py:540} INFO - Filling up the DagBag from /home/airflow/.local/lib/python3.12/site-packages/airflow/example_dags/example_latest_only.py
[2026-02-07T01:35:24.191+0000] {processor.py:840} INFO - DAG(s) 'latest_only' retrieved from /home/airflow/.local/lib/python3.12/site-packages/airflow/example_dags/example_latest_only.py
[2026-02-07T01:35:24.219+0000] {logging_mixin.py:188} INFO - [2026-02-07T01:35:24.219+0000] {dag.py:3096} INFO - Sync 1 DAGs
[2026-02-07T01:35:24.248+0000] {logging_mixin.py:188} INFO - [2026-02-07T01:35:24.248+0000] {dag.py:3954} INFO - Setting next_dagrun for latest_only to 2026-02-06 20:00:00+00:00, run_after=2026-02-07 00:00:00+00:00
[2026-02-07T01:35:24.279+0000] {processor.py:183} INFO - Processing /home/airflow/.local/lib/python3.12/site-packages/airflow/example_dags/example_latest_only.py took 0.108 seconds
[2026-02-07T01:35:55.125+0000] {processor.py:161} INFO - Started process (PID=95) to work on /home/airflow/.local/lib/python3.12/site-packages/airflow/example_dags/example_latest_only.py
[2026-02-07T01:35:55.126+0000] {processor.py:830} INFO - Processing file /home/airflow/.local/lib/python3.12/site-packages/airflow/example_dags/example_latest_only.py for tasks to queue
[2026-02-07T01:35:55.128+0000] {logging_mixin.py:188} INFO - [2026-02-07T01:35:55.128+0000] {dagbag.py:540} INFO - Filling up the DagBag from /home/airflow/.local/lib/python3.12/site-packages/airflow/example_dags/example_latest_only.py
[2026-02-07T01:35:55.133+0000] {processor.py:840} INFO - DAG(s) 'latest_only' retrieved from /home/airflow/.local/lib/python3.12/site-packages/airflow/example_dags/example_latest_only.py
[2026-02-07T01:35:55.156+0000] {logging_mixin.py:188} INFO - [2026-02-07T01:35:55.155+0000] {dag.py:3096} INFO - Sync 1 DAGs
[2026-02-07T01:35:55.175+0000] {logging_mixin.py:188} INFO - [2026-02-07T01:35:55.175+0000] {dag.py:3954} INFO - Setting next_dagrun for latest_only to 2026-02-06 20:00:00+00:00, run_after=2026-02-07 00:00:00+00:00
[2026-02-07T01:35:55.194+0000] {processor.py:183} INFO - Processing /home/airflow/.local/lib/python3.12/site-packages/airflow/example_dags/example_latest_only.py took 0.075 seconds
[2026-02-07T01:36:26.224+0000] {processor.py:161} INFO - Started process (PID=147) to work on /home/airflow/.local/lib/python3.12/site-packages/airflow/example_dags/example_latest_only.py
[2026-02-07T01:36:26.228+0000] {processor.py:830} INFO - Processing file /home/airflow/.local/lib/python3.12/site-packages/airflow/example_dags/example_latest_only.py for tasks to queue
[2026-02-07T01:36:26.231+0000] {logging_mixin.py:188} INFO - [2026-02-07T01:36:26.231+0000] {dagbag.py:540} INFO - Filling up the DagBag from /home/airflow/.local/lib/python3.12/site-packages/airflow/example_dags/example_latest_only.py
[2026-02-07T01:36:26.239+0000] {processor.py:840} INFO - DAG(s) 'latest_only' retrieved from /home/airflow/.local/lib/python3.12/site-packages/airflow/example_dags/example_latest_only.py
[2026-02-07T01:36:26.280+0000] {logging_mixin.py:188} INFO - [2026-02-07T01:36:26.280+0000] {dag.py:3096} INFO - Sync 1 DAGs
[2026-02-07T01:36:26.323+0000] {logging_mixin.py:188} INFO - [2026-02-07T01:36:26.323+0000] {dag.py:3954} INFO - Setting next_dagrun for latest_only to 2026-02-06 20:00:00+00:00, run_after=2026-02-07 00:00:00+00:00
[2026-02-07T01:36:26.368+0000] {processor.py:183} INFO - Processing /home/airflow/.local/lib/python3.12/site-packages/airflow/example_dags/example_latest_only.py took 0.153 seconds
[2026-02-07T01:36:56.794+0000] {processor.py:161} INFO - Started process (PID=199) to work on /home/airflow/.local/lib/python3.12/site-packages/airflow/example_dags/example_latest_only.py
[2026-02-07T01:36:56.800+0000] {processor.py:830} INFO - Processing file /home/airflow/.local/lib/python3.12/site-packages/airflow/example_dags/example_latest_only.py for tasks to queue
[2026-02-07T01:36:56.805+0000] {logging_mixin.py:188} INFO - [2026-02-07T01:36:56.804+0000] {dagbag.py:540} INFO - Filling up the DagBag from /home/airflow/.local/lib/python3.12/site-packages/airflow/example_dags/example_latest_only.py
[2026-02-07T01:36:56.810+0000] {processor.py:840} INFO - DAG(s) 'latest_only' retrieved from /home/airflow/.local/lib/python3.12/site-packages/airflow/example_dags/example_latest_only.py
[2026-02-07T01:36:56.832+0000] {logging_mixin.py:188} INFO - [2026-02-07T01:36:56.832+0000] {dag.py:3096} INFO - Sync 1 DAGs
[2026-02-07T01:36:56.858+0000] {logging_mixin.py:188} INFO - [2026-02-07T01:36:56.858+0000] {dag.py:3954} INFO - Setting next_dagrun for latest_only to 2026-02-06 20:00:00+00:00, run_after=2026-02-07 00:00:00+00:00
[2026-02-07T01:36:56.878+0000] {processor.py:183} INFO - Processing /home/airflow/.local/lib/python3.12/site-packages/airflow/example_dags/example_latest_only.py took 0.092 seconds
[2026-02-07T01:37:27.548+0000] {processor.py:161} INFO - Started process (PID=251) to work on /home/airflow/.local/lib/python3.12/site-packages/airflow/example_dags/example_latest_only.py
[2026-02-07T01:37:27.549+0000] {processor.py:830} INFO - Processing file /home/airflow/.local/lib/python3.12/site-packages/airflow/example_dags/example_latest_only.py for tasks to queue
[2026-02-07T01:37:27.551+0000] {logging_mixin.py:188} INFO - [2026-02-07T01:37:27.550+0000] {dagbag.py:540} INFO - Filling up the DagBag from /home/airflow/.local/lib/python3.12/site-packages/airflow/example_dags/example_latest_only.py
[2026-02-07T01:37:27.556+0000] {processor.py:840} INFO - DAG(s) 'latest_only' retrieved from /home/airflow/.local/lib/python3.12/site-packages/airflow/example_dags/example_latest_only.py
[2026-02-07T01:37:27.575+0000] {logging_mixin.py:188} INFO - [2026-02-07T01:37:27.575+0000] {dag.py:3096} INFO - Sync 1 DAGs
[2026-02-07T01:37:27.597+0000] {logging_mixin.py:188} INFO - [2026-02-07T01:37:27.597+0000] {dag.py:3954} INFO - Setting next_dagrun for latest_only to 2026-02-06 20:00:00+00:00, run_after=2026-02-07 00:00:00+00:00
[2026-02-07T01:37:27.617+0000] {processor.py:183} INFO - Processing /home/airflow/.local/lib/python3.12/site-packages/airflow/example_dags/example_latest_only.py took 0.073 seconds
[2026-02-07T01:37:57.669+0000] {processor.py:161} INFO - Started process (PID=303) to work on /home/airflow/.local/lib/python3.12/site-packages/airflow/example_dags/example_latest_only.py
[2026-02-07T01:37:57.670+0000] {processor.py:830} INFO - Processing file /home/airflow/.local/lib/python3.12/site-packages/airflow/example_dags/example_latest_only.py for tasks to queue
[2026-02-07T01:37:57.672+0000] {logging_mixin.py:188} INFO - [2026-02-07T01:37:57.671+0000] {dagbag.py:540} INFO - Filling up the DagBag from /home/airflow/.local/lib/python3.12/site-packages/airflow/example_dags/example_latest_only.py
[2026-02-07T01:37:57.676+0000] {processor.py:840} INFO - DAG(s) 'latest_only' retrieved from /home/airflow/.local/lib/python3.12/site-packages/airflow/example_dags/example_latest_only.py
[2026-02-07T01:37:57.696+0000] {logging_mixin.py:188} INFO - [2026-02-07T01:37:57.695+0000] {dag.py:3096} INFO - Sync 1 DAGs
[2026-02-07T01:37:57.716+0000] {logging_mixin.py:188} INFO - [2026-02-07T01:37:57.716+0000] {dag.py:3954} INFO - Setting next_dagrun for latest_only to 2026-02-06 20:00:00+00:00, run_after=2026-02-07 00:00:00+00:00
[2026-02-07T01:37:57.736+0000] {processor.py:183} INFO - Processing /home/airflow/.local/lib/python3.12/site-packages/airflow/example_dags/example_latest_only.py took 0.072 seconds
[2026-02-07T01:38:28.225+0000] {processor.py:161} INFO - Started process (PID=355) to work on /home/airflow/.local/lib/python3.12/site-packages/airflow/example_dags/example_latest_only.py
[2026-02-07T01:38:28.226+0000] {processor.py:830} INFO - Processing file /home/airflow/.local/lib/python3.12/site-packages/airflow/example_dags/example_latest_only.py for tasks to queue
[2026-02-07T01:38:28.228+0000] {logging_mixin.py:188} INFO - [2026-02-07T01:38:28.228+0000] {dagbag.py:540} INFO - Filling up the DagBag from /home/airflow/.local/lib/python3.12/site-packages/airflow/example_dags/example_latest_only.py
[2026-02-07T01:38:28.234+0000] {processor.py:840} INFO - DAG(s) 'latest_only' retrieved from /home/airflow/.local/lib/python3.12/site-packages/airflow/example_dags/example_latest_only.py
[2026-02-07T01:38:28.262+0000] {logging_mixin.py:188} INFO - [2026-02-07T01:38:28.261+0000] {dag.py:3096} INFO - Sync 1 DAGs
[2026-02-07T01:38:28.291+0000] {logging_mixin.py:188} INFO - [2026-02-07T01:38:28.291+0000] {dag.py:3954} INFO - Setting next_dagrun for latest_only to 2026-02-06 20:00:00+00:00, run_after=2026-02-07 00:00:00+00:00
[2026-02-07T01:38:28.315+0000] {processor.py:183} INFO - Processing /home/airflow/.local/lib/python3.12/site-packages/airflow/example_dags/example_latest_only.py took 0.097 seconds
[2026-02-07T01:38:58.673+0000] {processor.py:161} INFO - Started process (PID=407) to work on /home/airflow/.local/lib/python3.12/site-packages/airflow/example_dags/example_latest_only.py
[2026-02-07T01:38:58.676+0000] {processor.py:830} INFO - Processing file /home/airflow/.local/lib/python3.12/site-packages/airflow/example_dags/example_latest_only.py for tasks to queue
[2026-02-07T01:38:58.679+0000] {logging_mixin.py:188} INFO - [2026-02-07T01:38:58.678+0000] {dagbag.py:540} INFO - Filling up the DagBag from /home/airflow/.local/lib/python3.12/site-packages/airflow/example_dags/example_latest_only.py
[2026-02-07T01:38:58.688+0000] {processor.py:840} INFO - DAG(s) 'latest_only' retrieved from /home/airflow/.local/lib/python3.12/site-packages/airflow/example_dags/example_latest_only.py
[2026-02-07T01:38:58.715+0000] {logging_mixin.py:188} INFO - [2026-02-07T01:38:58.715+0000] {dag.py:3096} INFO - Sync 1 DAGs
[2026-02-07T01:38:58.753+0000] {logging_mixin.py:188} INFO - [2026-02-07T01:38:58.752+0000] {dag.py:3954} INFO - Setting next_dagrun for latest_only to 2026-02-06 20:00:00+00:00, run_after=2026-02-07 00:00:00+00:00
[2026-02-07T01:38:58.783+0000] {processor.py:183} INFO - Processing /home/airflow/.local/lib/python3.12/site-packages/airflow/example_dags/example_latest_only.py took 0.124 seconds
[2026-02-07T01:39:29.680+0000] {processor.py:161} INFO - Started process (PID=459) to work on /home/airflow/.local/lib/python3.12/site-packages/airflow/example_dags/example_latest_only.py
[2026-02-07T01:39:29.682+0000] {processor.py:830} INFO - Processing file /home/airflow/.local/lib/python3.12/site-packages/airflow/example_dags/example_latest_only.py for tasks to queue
[2026-02-07T01:39:29.684+0000] {logging_mixin.py:188} INFO - [2026-02-07T01:39:29.684+0000] {dagbag.py:540} INFO - Filling up the DagBag from /home/airflow/.local/lib/python3.12/site-packages/airflow/example_dags/example_latest_only.py
[2026-02-07T01:39:29.690+0000] {processor.py:840} INFO - DAG(s) 'latest_only' retrieved from /home/airflow/.local/lib/python3.12/site-packages/airflow/example_dags/example_latest_only.py
[2026-02-07T01:39:29.710+0000] {logging_mixin.py:188} INFO - [2026-02-07T01:39:29.710+0000] {dag.py:3096} INFO - Sync 1 DAGs
[2026-02-07T01:39:29.732+0000] {logging_mixin.py:188} INFO - [2026-02-07T01:39:29.731+0000] {dag.py:3954} INFO - Setting next_dagrun for latest_only to 2026-02-06 20:00:00+00:00, run_after=2026-02-07 00:00:00+00:00
[2026-02-07T01:39:29.749+0000] {processor.py:183} INFO - Processing /home/airflow/.local/lib/python3.12/site-packages/airflow/example_dags/example_latest_only.py took 0.076 seconds
[2026-02-07T01:40:00.471+0000] {processor.py:161} INFO - Started process (PID=511) to work on /home/airflow/.local/lib/python3.12/site-packages/airflow/example_dags/example_latest_only.py
[2026-02-07T01:40:00.472+0000] {processor.py:830} INFO - Processing file /home/airflow/.local/lib/python3.12/site-packages/airflow/example_dags/example_latest_only.py for tasks to queue
[2026-02-07T01:40:00.476+0000] {logging_mixin.py:188} INFO - [2026-02-07T01:40:00.476+0000] {dagbag.py:540} INFO - Filling up the DagBag from /home/airflow/.local/lib/python3.12/site-packages/airflow/example_dags/example_latest_only.py
[2026-02-07T01:40:00.486+0000] {processor.py:840} INFO - DAG(s) 'latest_only' retrieved from /home/airflow/.local/lib/python3.12/site-packages/airflow/example_dags/example_latest_only.py
[2026-02-07T01:40:00.512+0000] {logging_mixin.py:188} INFO - [2026-02-07T01:40:00.512+0000] {dag.py:3096} INFO - Sync 1 DAGs
[2026-02-07T01:40:00.540+0000] {logging_mixin.py:188} INFO - [2026-02-07T01:40:00.540+0000] {dag.py:3954} INFO - Setting next_dagrun for latest_only to 2026-02-06 20:00:00+00:00, run_after=2026-02-07 00:00:00+00:00
[2026-02-07T01:40:00.567+0000] {processor.py:183} INFO - Processing /home/airflow/.local/lib/python3.12/site-packages/airflow/example_dags/example_latest_only.py took 0.106 seconds
[2026-02-07T01:40:30.720+0000] {processor.py:161} INFO - Started process (PID=563) to work on /home/airflow/.local/lib/python3.12/site-packages/airflow/example_dags/example_latest_only.py
[2026-02-07T01:40:30.721+0000] {processor.py:830} INFO - Processing file /home/airflow/.local/lib/python3.12/site-packages/airflow/example_dags/example_latest_only.py for tasks to queue
[2026-02-07T01:40:30.725+0000] {logging_mixin.py:188} INFO - [2026-02-07T01:40:30.724+0000] {dagbag.py:540} INFO - Filling up the DagBag from /home/airflow/.local/lib/python3.12/site-packages/airflow/example_dags/example_latest_only.py
[2026-02-07T01:40:30.729+0000] {processor.py:840} INFO - DAG(s) 'latest_only' retrieved from /home/airflow/.local/lib/python3.12/site-packages/airflow/example_dags/example_latest_only.py
[2026-02-07T01:40:30.748+0000] {logging_mixin.py:188} INFO - [2026-02-07T01:40:30.748+0000] {dag.py:3096} INFO - Sync 1 DAGs
[2026-02-07T01:40:30.766+0000] {logging_mixin.py:188} INFO - [2026-02-07T01:40:30.766+0000] {dag.py:3954} INFO - Setting next_dagrun for latest_only to 2026-02-06 20:00:00+00:00, run_after=2026-02-07 00:00:00+00:00
[2026-02-07T01:40:30.784+0000] {processor.py:183} INFO - Processing /home/airflow/.local/lib/python3.12/site-packages/airflow/example_dags/example_latest_only.py took 0.071 seconds
[2026-02-07T01:41:01.317+0000] {processor.py:161} INFO - Started process (PID=615) to work on /home/airflow/.local/lib/python3.12/site-packages/airflow/example_dags/example_latest_only.py
[2026-02-07T01:41:01.318+0000] {processor.py:830} INFO - Processing file /home/airflow/.local/lib/python3.12/site-packages/airflow/example_dags/example_latest_only.py for tasks to queue
[2026-02-07T01:41:01.321+0000] {logging_mixin.py:188} INFO - [2026-02-07T01:41:01.320+0000] {dagbag.py:540} INFO - Filling up the DagBag from /home/airflow/.local/lib/python3.12/site-packages/airflow/example_dags/example_latest_only.py
[2026-02-07T01:41:01.328+0000] {processor.py:840} INFO - DAG(s) 'latest_only' retrieved from /home/airflow/.local/lib/python3.12/site-packages/airflow/example_dags/example_latest_only.py
[2026-02-07T01:41:01.358+0000] {logging_mixin.py:188} INFO - [2026-02-07T01:41:01.357+0000] {dag.py:3096} INFO - Sync 1 DAGs
[2026-02-07T01:41:01.387+0000] {logging_mixin.py:188} INFO - [2026-02-07T01:41:01.387+0000] {dag.py:3954} INFO - Setting next_dagrun for latest_only to 2026-02-06 20:00:00+00:00, run_after=2026-02-07 00:00:00+00:00
[2026-02-07T01:41:01.412+0000] {processor.py:183} INFO - Processing /home/airflow/.local/lib/python3.12/site-packages/airflow/example_dags/example_latest_only.py took 0.104 seconds
[2026-02-07T01:41:32.372+0000] {processor.py:161} INFO - Started process (PID=667) to work on /home/airflow/.local/lib/python3.12/site-packages/airflow/example_dags/example_latest_only.py
[2026-02-07T01:41:32.373+0000] {processor.py:830} INFO - Processing file /home/airflow/.local/lib/python3.12/site-packages/airflow/example_dags/example_latest_only.py for tasks to queue
[2026-02-07T01:41:32.375+0000] {logging_mixin.py:188} INFO - [2026-02-07T01:41:32.375+0000] {dagbag.py:540} INFO - Filling up the DagBag from /home/airflow/.local/lib/python3.12/site-packages/airflow/example_dags/example_latest_only.py
[2026-02-07T01:41:32.381+0000] {processor.py:840} INFO - DAG(s) 'latest_only' retrieved from /home/airflow/.local/lib/python3.12/site-packages/airflow/example_dags/example_latest_only.py
[2026-02-07T01:41:32.399+0000] {logging_mixin.py:188} INFO - [2026-02-07T01:41:32.398+0000] {dag.py:3096} INFO - Sync 1 DAGs
[2026-02-07T01:41:32.419+0000] {logging_mixin.py:188} INFO - [2026-02-07T01:41:32.419+0000] {dag.py:3954} INFO - Setting next_dagrun for latest_only to 2026-02-06 20:00:00+00:00, run_after=2026-02-07 00:00:00+00:00
[2026-02-07T01:41:32.440+0000] {processor.py:183} INFO - Processing /home/airflow/.local/lib/python3.12/site-packages/airflow/example_dags/example_latest_only.py took 0.074 seconds
[2026-02-07T01:42:02.654+0000] {processor.py:161} INFO - Started process (PID=719) to work on /home/airflow/.local/lib/python3.12/site-packages/airflow/example_dags/example_latest_only.py
[2026-02-07T01:42:02.655+0000] {processor.py:830} INFO - Processing file /home/airflow/.local/lib/python3.12/site-packages/airflow/example_dags/example_latest_only.py for tasks to queue
[2026-02-07T01:42:02.657+0000] {logging_mixin.py:188} INFO - [2026-02-07T01:42:02.657+0000] {dagbag.py:540} INFO - Filling up the DagBag from /home/airflow/.local/lib/python3.12/site-packages/airflow/example_dags/example_latest_only.py
[2026-02-07T01:42:02.661+0000] {processor.py:840} INFO - DAG(s) 'latest_only' retrieved from /home/airflow/.local/lib/python3.12/site-packages/airflow/example_dags/example_latest_only.py
[2026-02-07T01:42:02.680+0000] {logging_mixin.py:188} INFO - [2026-02-07T01:42:02.680+0000] {dag.py:3096} INFO - Sync 1 DAGs
[2026-02-07T01:42:02.698+0000] {logging_mixin.py:188} INFO - [2026-02-07T01:42:02.698+0000] {dag.py:3954} INFO - Setting next_dagrun for latest_only to 2026-02-06 20:00:00+00:00, run_after=2026-02-07 00:00:00+00:00
[2026-02-07T01:42:02.716+0000] {processor.py:183} INFO - Processing /home/airflow/.local/lib/python3.12/site-packages/airflow/example_dags/example_latest_only.py took 0.067 seconds
[2026-02-07T01:42:32.904+0000] {processor.py:161} INFO - Started process (PID=771) to work on /home/airflow/.local/lib/python3.12/site-packages/airflow/example_dags/example_latest_only.py
[2026-02-07T01:42:32.905+0000] {processor.py:830} INFO - Processing file /home/airflow/.local/lib/python3.12/site-packages/airflow/example_dags/example_latest_only.py for tasks to queue
[2026-02-07T01:42:32.906+0000] {logging_mixin.py:188} INFO - [2026-02-07T01:42:32.906+0000] {dagbag.py:540} INFO - Filling up the DagBag from /home/airflow/.local/lib/python3.12/site-packages/airflow/example_dags/example_latest_only.py
[2026-02-07T01:42:32.911+0000] {processor.py:840} INFO - DAG(s) 'latest_only' retrieved from /home/airflow/.local/lib/python3.12/site-packages/airflow/example_dags/example_latest_only.py
[2026-02-07T01:42:32.934+0000] {logging_mixin.py:188} INFO - [2026-02-07T01:42:32.933+0000] {dag.py:3096} INFO - Sync 1 DAGs
[2026-02-07T01:42:32.953+0000] {logging_mixin.py:188} INFO - [2026-02-07T01:42:32.953+0000] {dag.py:3954} INFO - Setting next_dagrun for latest_only to 2026-02-06 20:00:00+00:00, run_after=2026-02-07 00:00:00+00:00
[2026-02-07T01:42:32.973+0000] {processor.py:183} INFO - Processing /home/airflow/.local/lib/python3.12/site-packages/airflow/example_dags/example_latest_only.py took 0.074 seconds
[2026-02-07T01:43:03.151+0000] {processor.py:161} INFO - Started process (PID=823) to work on /home/airflow/.local/lib/python3.12/site-packages/airflow/example_dags/example_latest_only.py
[2026-02-07T01:43:03.152+0000] {processor.py:830} INFO - Processing file /home/airflow/.local/lib/python3.12/site-packages/airflow/example_dags/example_latest_only.py for tasks to queue
[2026-02-07T01:43:03.154+0000] {logging_mixin.py:188} INFO - [2026-02-07T01:43:03.154+0000] {dagbag.py:540} INFO - Filling up the DagBag from /home/airflow/.local/lib/python3.12/site-packages/airflow/example_dags/example_latest_only.py
[2026-02-07T01:43:03.159+0000] {processor.py:840} INFO - DAG(s) 'latest_only' retrieved from /home/airflow/.local/lib/python3.12/site-packages/airflow/example_dags/example_latest_only.py
[2026-02-07T01:43:03.178+0000] {logging_mixin.py:188} INFO - [2026-02-07T01:43:03.178+0000] {dag.py:3096} INFO - Sync 1 DAGs
[2026-02-07T01:43:03.197+0000] {logging_mixin.py:188} INFO - [2026-02-07T01:43:03.197+0000] {dag.py:3954} INFO - Setting next_dagrun for latest_only to 2026-02-06 20:00:00+00:00, run_after=2026-02-07 00:00:00+00:00
[2026-02-07T01:43:03.216+0000] {processor.py:183} INFO - Processing /home/airflow/.local/lib/python3.12/site-packages/airflow/example_dags/example_latest_only.py took 0.070 seconds
[2026-02-07T01:43:33.592+0000] {processor.py:161} INFO - Started process (PID=875) to work on /home/airflow/.local/lib/python3.12/site-packages/airflow/example_dags/example_latest_only.py
[2026-02-07T01:43:33.593+0000] {processor.py:830} INFO - Processing file /home/airflow/.local/lib/python3.12/site-packages/airflow/example_dags/example_latest_only.py for tasks to queue
[2026-02-07T01:43:33.596+0000] {logging_mixin.py:188} INFO - [2026-02-07T01:43:33.595+0000] {dagbag.py:540} INFO - Filling up the DagBag from /home/airflow/.local/lib/python3.12/site-packages/airflow/example_dags/example_latest_only.py
[2026-02-07T01:43:33.601+0000] {processor.py:840} INFO - DAG(s) 'latest_only' retrieved from /home/airflow/.local/lib/python3.12/site-packages/airflow/example_dags/example_latest_only.py
[2026-02-07T01:43:33.619+0000] {logging_mixin.py:188} INFO - [2026-02-07T01:43:33.619+0000] {dag.py:3096} INFO - Sync 1 DAGs
[2026-02-07T01:43:33.638+0000] {logging_mixin.py:188} INFO - [2026-02-07T01:43:33.638+0000] {dag.py:3954} INFO - Setting next_dagrun for latest_only to 2026-02-06 20:00:00+00:00, run_after=2026-02-07 00:00:00+00:00
[2026-02-07T01:43:33.660+0000] {processor.py:183} INFO - Processing /home/airflow/.local/lib/python3.12/site-packages/airflow/example_dags/example_latest_only.py took 0.073 seconds
[2026-02-07T01:44:04.748+0000] {processor.py:161} INFO - Started process (PID=927) to work on /home/airflow/.local/lib/python3.12/site-packages/airflow/example_dags/example_latest_only.py
[2026-02-07T01:44:04.749+0000] {processor.py:830} INFO - Processing file /home/airflow/.local/lib/python3.12/site-packages/airflow/example_dags/example_latest_only.py for tasks to queue
[2026-02-07T01:44:04.751+0000] {logging_mixin.py:188} INFO - [2026-02-07T01:44:04.751+0000] {dagbag.py:540} INFO - Filling up the DagBag from /home/airflow/.local/lib/python3.12/site-packages/airflow/example_dags/example_latest_only.py
[2026-02-07T01:44:04.756+0000] {processor.py:840} INFO - DAG(s) 'latest_only' retrieved from /home/airflow/.local/lib/python3.12/site-packages/airflow/example_dags/example_latest_only.py
[2026-02-07T01:44:04.774+0000] {logging_mixin.py:188} INFO - [2026-02-07T01:44:04.774+0000] {dag.py:3096} INFO - Sync 1 DAGs
[2026-02-07T01:44:04.907+0000] {logging_mixin.py:188} INFO - [2026-02-07T01:44:04.907+0000] {dag.py:3954} INFO - Setting next_dagrun for latest_only to 2026-02-06 20:00:00+00:00, run_after=2026-02-07 00:00:00+00:00
[2026-02-07T01:44:04.924+0000] {processor.py:183} INFO - Processing /home/airflow/.local/lib/python3.12/site-packages/airflow/example_dags/example_latest_only.py took 0.180 seconds
[2026-02-07T01:44:35.157+0000] {processor.py:161} INFO - Started process (PID=979) to work on /home/airflow/.local/lib/python3.12/site-packages/airflow/example_dags/example_latest_only.py
[2026-02-07T01:44:35.158+0000] {processor.py:830} INFO - Processing file /home/airflow/.local/lib/python3.12/site-packages/airflow/example_dags/example_latest_only.py for tasks to queue
[2026-02-07T01:44:35.161+0000] {logging_mixin.py:188} INFO - [2026-02-07T01:44:35.160+0000] {dagbag.py:540} INFO - Filling up the DagBag from /home/airflow/.local/lib/python3.12/site-packages/airflow/example_dags/example_latest_only.py
[2026-02-07T01:44:35.168+0000] {processor.py:840} INFO - DAG(s) 'latest_only' retrieved from /home/airflow/.local/lib/python3.12/site-packages/airflow/example_dags/example_latest_only.py
[2026-02-07T01:44:35.203+0000] {logging_mixin.py:188} INFO - [2026-02-07T01:44:35.203+0000] {dag.py:3096} INFO - Sync 1 DAGs
[2026-02-07T01:44:35.247+0000] {logging_mixin.py:188} INFO - [2026-02-07T01:44:35.247+0000] {dag.py:3954} INFO - Setting next_dagrun for latest_only to 2026-02-06 20:00:00+00:00, run_after=2026-02-07 00:00:00+00:00
[2026-02-07T01:44:35.585+0000] {processor.py:183} INFO - Processing /home/airflow/.local/lib/python3.12/site-packages/airflow/example_dags/example_latest_only.py took 0.438 seconds
[2026-02-07T01:45:06.252+0000] {processor.py:161} INFO - Started process (PID=1031) to work on /home/airflow/.local/lib/python3.12/site-packages/airflow/example_dags/example_latest_only.py
[2026-02-07T01:45:06.253+0000] {processor.py:830} INFO - Processing file /home/airflow/.local/lib/python3.12/site-packages/airflow/example_dags/example_latest_only.py for tasks to queue
[2026-02-07T01:45:06.255+0000] {logging_mixin.py:188} INFO - [2026-02-07T01:45:06.255+0000] {dagbag.py:540} INFO - Filling up the DagBag from /home/airflow/.local/lib/python3.12/site-packages/airflow/example_dags/example_latest_only.py
[2026-02-07T01:45:06.263+0000] {processor.py:840} INFO - DAG(s) 'latest_only' retrieved from /home/airflow/.local/lib/python3.12/site-packages/airflow/example_dags/example_latest_only.py
[2026-02-07T01:45:06.283+0000] {logging_mixin.py:188} INFO - [2026-02-07T01:45:06.282+0000] {dag.py:3096} INFO - Sync 1 DAGs
[2026-02-07T01:45:06.308+0000] {logging_mixin.py:188} INFO - [2026-02-07T01:45:06.308+0000] {dag.py:3954} INFO - Setting next_dagrun for latest_only to 2026-02-06 20:00:00+00:00, run_after=2026-02-07 00:00:00+00:00
[2026-02-07T01:45:06.335+0000] {processor.py:183} INFO - Processing /home/airflow/.local/lib/python3.12/site-packages/airflow/example_dags/example_latest_only.py took 0.088 seconds
[2026-02-07T01:45:36.461+0000] {processor.py:161} INFO - Started process (PID=1083) to work on /home/airflow/.local/lib/python3.12/site-packages/airflow/example_dags/example_latest_only.py
[2026-02-07T01:45:36.462+0000] {processor.py:830} INFO - Processing file /home/airflow/.local/lib/python3.12/site-packages/airflow/example_dags/example_latest_only.py for tasks to queue
[2026-02-07T01:45:36.464+0000] {logging_mixin.py:188} INFO - [2026-02-07T01:45:36.463+0000] {dagbag.py:540} INFO - Filling up the DagBag from /home/airflow/.local/lib/python3.12/site-packages/airflow/example_dags/example_latest_only.py
[2026-02-07T01:45:36.469+0000] {processor.py:840} INFO - DAG(s) 'latest_only' retrieved from /home/airflow/.local/lib/python3.12/site-packages/airflow/example_dags/example_latest_only.py
[2026-02-07T01:45:36.491+0000] {logging_mixin.py:188} INFO - [2026-02-07T01:45:36.491+0000] {dag.py:3096} INFO - Sync 1 DAGs
[2026-02-07T01:45:36.514+0000] {logging_mixin.py:188} INFO - [2026-02-07T01:45:36.514+0000] {dag.py:3954} INFO - Setting next_dagrun for latest_only to 2026-02-06 20:00:00+00:00, run_after=2026-02-07 00:00:00+00:00
[2026-02-07T01:45:36.545+0000] {processor.py:183} INFO - Processing /home/airflow/.local/lib/python3.12/site-packages/airflow/example_dags/example_latest_only.py took 0.091 seconds
[2026-02-07T01:46:06.884+0000] {processor.py:161} INFO - Started process (PID=1135) to work on /home/airflow/.local/lib/python3.12/site-packages/airflow/example_dags/example_latest_only.py
[2026-02-07T01:46:06.886+0000] {processor.py:830} INFO - Processing file /home/airflow/.local/lib/python3.12/site-packages/airflow/example_dags/example_latest_only.py for tasks to queue
[2026-02-07T01:46:06.888+0000] {logging_mixin.py:188} INFO - [2026-02-07T01:46:06.888+0000] {dagbag.py:540} INFO - Filling up the DagBag from /home/airflow/.local/lib/python3.12/site-packages/airflow/example_dags/example_latest_only.py
[2026-02-07T01:46:06.894+0000] {processor.py:840} INFO - DAG(s) 'latest_only' retrieved from /home/airflow/.local/lib/python3.12/site-packages/airflow/example_dags/example_latest_only.py
[2026-02-07T01:46:07.089+0000] {logging_mixin.py:188} INFO - [2026-02-07T01:46:07.089+0000] {dag.py:3096} INFO - Sync 1 DAGs
[2026-02-07T01:46:07.113+0000] {logging_mixin.py:188} INFO - [2026-02-07T01:46:07.113+0000] {dag.py:3954} INFO - Setting next_dagrun for latest_only to 2026-02-06 20:00:00+00:00, run_after=2026-02-07 00:00:00+00:00
[2026-02-07T01:46:07.130+0000] {processor.py:183} INFO - Processing /home/airflow/.local/lib/python3.12/site-packages/airflow/example_dags/example_latest_only.py took 0.252 seconds
[2026-02-07T01:46:37.509+0000] {processor.py:161} INFO - Started process (PID=1187) to work on /home/airflow/.local/lib/python3.12/site-packages/airflow/example_dags/example_latest_only.py
[2026-02-07T01:46:37.510+0000] {processor.py:830} INFO - Processing file /home/airflow/.local/lib/python3.12/site-packages/airflow/example_dags/example_latest_only.py for tasks to queue
[2026-02-07T01:46:37.513+0000] {logging_mixin.py:188} INFO - [2026-02-07T01:46:37.513+0000] {dagbag.py:540} INFO - Filling up the DagBag from /home/airflow/.local/lib/python3.12/site-packages/airflow/example_dags/example_latest_only.py
[2026-02-07T01:46:37.520+0000] {processor.py:840} INFO - DAG(s) 'latest_only' retrieved from /home/airflow/.local/lib/python3.12/site-packages/airflow/example_dags/example_latest_only.py
[2026-02-07T01:46:37.551+0000] {logging_mixin.py:188} INFO - [2026-02-07T01:46:37.551+0000] {dag.py:3096} INFO - Sync 1 DAGs
[2026-02-07T01:46:37.584+0000] {logging_mixin.py:188} INFO - [2026-02-07T01:46:37.584+0000] {dag.py:3954} INFO - Setting next_dagrun for latest_only to 2026-02-06 20:00:00+00:00, run_after=2026-02-07 00:00:00+00:00
[2026-02-07T01:46:37.610+0000] {processor.py:183} INFO - Processing /home/airflow/.local/lib/python3.12/site-packages/airflow/example_dags/example_latest_only.py took 0.110 seconds
[2026-02-07T01:47:07.772+0000] {processor.py:161} INFO - Started process (PID=1239) to work on /home/airflow/.local/lib/python3.12/site-packages/airflow/example_dags/example_latest_only.py
[2026-02-07T01:47:07.773+0000] {processor.py:830} INFO - Processing file /home/airflow/.local/lib/python3.12/site-packages/airflow/example_dags/example_latest_only.py for tasks to queue
[2026-02-07T01:47:07.775+0000] {logging_mixin.py:188} INFO - [2026-02-07T01:47:07.775+0000] {dagbag.py:540} INFO - Filling up the DagBag from /home/airflow/.local/lib/python3.12/site-packages/airflow/example_dags/example_latest_only.py
[2026-02-07T01:47:07.780+0000] {processor.py:840} INFO - DAG(s) 'latest_only' retrieved from /home/airflow/.local/lib/python3.12/site-packages/airflow/example_dags/example_latest_only.py
[2026-02-07T01:47:07.800+0000] {logging_mixin.py:188} INFO - [2026-02-07T01:47:07.799+0000] {dag.py:3096} INFO - Sync 1 DAGs
[2026-02-07T01:47:07.824+0000] {logging_mixin.py:188} INFO - [2026-02-07T01:47:07.824+0000] {dag.py:3954} INFO - Setting next_dagrun for latest_only to 2026-02-06 20:00:00+00:00, run_after=2026-02-07 00:00:00+00:00
[2026-02-07T01:47:07.847+0000] {processor.py:183} INFO - Processing /home/airflow/.local/lib/python3.12/site-packages/airflow/example_dags/example_latest_only.py took 0.081 seconds
[2026-02-07T01:47:38.306+0000] {processor.py:161} INFO - Started process (PID=1291) to work on /home/airflow/.local/lib/python3.12/site-packages/airflow/example_dags/example_latest_only.py
[2026-02-07T01:47:38.307+0000] {processor.py:830} INFO - Processing file /home/airflow/.local/lib/python3.12/site-packages/airflow/example_dags/example_latest_only.py for tasks to queue
[2026-02-07T01:47:38.310+0000] {logging_mixin.py:188} INFO - [2026-02-07T01:47:38.309+0000] {dagbag.py:540} INFO - Filling up the DagBag from /home/airflow/.local/lib/python3.12/site-packages/airflow/example_dags/example_latest_only.py
[2026-02-07T01:47:38.314+0000] {processor.py:840} INFO - DAG(s) 'latest_only' retrieved from /home/airflow/.local/lib/python3.12/site-packages/airflow/example_dags/example_latest_only.py
[2026-02-07T01:47:38.334+0000] {logging_mixin.py:188} INFO - [2026-02-07T01:47:38.334+0000] {dag.py:3096} INFO - Sync 1 DAGs
[2026-02-07T01:47:38.355+0000] {logging_mixin.py:188} INFO - [2026-02-07T01:47:38.355+0000] {dag.py:3954} INFO - Setting next_dagrun for latest_only to 2026-02-06 20:00:00+00:00, run_after=2026-02-07 00:00:00+00:00
[2026-02-07T01:47:38.376+0000] {processor.py:183} INFO - Processing /home/airflow/.local/lib/python3.12/site-packages/airflow/example_dags/example_latest_only.py took 0.076 seconds
[2026-02-07T01:48:08.554+0000] {processor.py:161} INFO - Started process (PID=1343) to work on /home/airflow/.local/lib/python3.12/site-packages/airflow/example_dags/example_latest_only.py
[2026-02-07T01:48:08.556+0000] {processor.py:830} INFO - Processing file /home/airflow/.local/lib/python3.12/site-packages/airflow/example_dags/example_latest_only.py for tasks to queue
[2026-02-07T01:48:08.558+0000] {logging_mixin.py:188} INFO - [2026-02-07T01:48:08.558+0000] {dagbag.py:540} INFO - Filling up the DagBag from /home/airflow/.local/lib/python3.12/site-packages/airflow/example_dags/example_latest_only.py
[2026-02-07T01:48:08.563+0000] {processor.py:840} INFO - DAG(s) 'latest_only' retrieved from /home/airflow/.local/lib/python3.12/site-packages/airflow/example_dags/example_latest_only.py
[2026-02-07T01:48:08.585+0000] {logging_mixin.py:188} INFO - [2026-02-07T01:48:08.585+0000] {dag.py:3096} INFO - Sync 1 DAGs
[2026-02-07T01:48:08.611+0000] {logging_mixin.py:188} INFO - [2026-02-07T01:48:08.611+0000] {dag.py:3954} INFO - Setting next_dagrun for latest_only to 2026-02-06 20:00:00+00:00, run_after=2026-02-07 00:00:00+00:00
[2026-02-07T01:48:08.643+0000] {processor.py:183} INFO - Processing /home/airflow/.local/lib/python3.12/site-packages/airflow/example_dags/example_latest_only.py took 0.096 seconds
[2026-02-07T01:51:35.562+0000] {processor.py:161} INFO - Started process (PID=43) to work on /home/airflow/.local/lib/python3.12/site-packages/airflow/example_dags/example_latest_only.py
[2026-02-07T01:51:35.565+0000] {processor.py:830} INFO - Processing file /home/airflow/.local/lib/python3.12/site-packages/airflow/example_dags/example_latest_only.py for tasks to queue
[2026-02-07T01:51:35.578+0000] {logging_mixin.py:188} INFO - [2026-02-07T01:51:35.577+0000] {dagbag.py:540} INFO - Filling up the DagBag from /home/airflow/.local/lib/python3.12/site-packages/airflow/example_dags/example_latest_only.py
[2026-02-07T01:51:35.682+0000] {processor.py:840} INFO - DAG(s) 'latest_only' retrieved from /home/airflow/.local/lib/python3.12/site-packages/airflow/example_dags/example_latest_only.py
[2026-02-07T01:51:35.846+0000] {logging_mixin.py:188} INFO - [2026-02-07T01:51:35.845+0000] {dag.py:3096} INFO - Sync 1 DAGs
[2026-02-07T01:51:36.067+0000] {logging_mixin.py:188} INFO - [2026-02-07T01:51:36.066+0000] {dag.py:3954} INFO - Setting next_dagrun for latest_only to 2026-02-06 20:00:00+00:00, run_after=2026-02-07 00:00:00+00:00
[2026-02-07T01:51:36.192+0000] {processor.py:183} INFO - Processing /home/airflow/.local/lib/python3.12/site-packages/airflow/example_dags/example_latest_only.py took 0.655 seconds
[2026-02-07T01:52:07.941+0000] {processor.py:161} INFO - Started process (PID=95) to work on /home/airflow/.local/lib/python3.12/site-packages/airflow/example_dags/example_latest_only.py
[2026-02-07T01:52:07.945+0000] {processor.py:830} INFO - Processing file /home/airflow/.local/lib/python3.12/site-packages/airflow/example_dags/example_latest_only.py for tasks to queue
[2026-02-07T01:52:07.950+0000] {logging_mixin.py:188} INFO - [2026-02-07T01:52:07.949+0000] {dagbag.py:540} INFO - Filling up the DagBag from /home/airflow/.local/lib/python3.12/site-packages/airflow/example_dags/example_latest_only.py
[2026-02-07T01:52:07.961+0000] {processor.py:840} INFO - DAG(s) 'latest_only' retrieved from /home/airflow/.local/lib/python3.12/site-packages/airflow/example_dags/example_latest_only.py
[2026-02-07T01:52:08.332+0000] {logging_mixin.py:188} INFO - [2026-02-07T01:52:08.329+0000] {dag.py:3096} INFO - Sync 1 DAGs
[2026-02-07T01:52:08.407+0000] {logging_mixin.py:188} INFO - [2026-02-07T01:52:08.406+0000] {dag.py:3954} INFO - Setting next_dagrun for latest_only to 2026-02-06 20:00:00+00:00, run_after=2026-02-07 00:00:00+00:00
[2026-02-07T01:52:08.457+0000] {processor.py:183} INFO - Processing /home/airflow/.local/lib/python3.12/site-packages/airflow/example_dags/example_latest_only.py took 0.530 seconds
[2026-02-07T01:52:38.688+0000] {processor.py:161} INFO - Started process (PID=147) to work on /home/airflow/.local/lib/python3.12/site-packages/airflow/example_dags/example_latest_only.py
[2026-02-07T01:52:38.689+0000] {processor.py:830} INFO - Processing file /home/airflow/.local/lib/python3.12/site-packages/airflow/example_dags/example_latest_only.py for tasks to queue
[2026-02-07T01:52:38.690+0000] {logging_mixin.py:188} INFO - [2026-02-07T01:52:38.690+0000] {dagbag.py:540} INFO - Filling up the DagBag from /home/airflow/.local/lib/python3.12/site-packages/airflow/example_dags/example_latest_only.py
[2026-02-07T01:52:38.695+0000] {processor.py:840} INFO - DAG(s) 'latest_only' retrieved from /home/airflow/.local/lib/python3.12/site-packages/airflow/example_dags/example_latest_only.py
[2026-02-07T01:52:38.714+0000] {logging_mixin.py:188} INFO - [2026-02-07T01:52:38.713+0000] {dag.py:3096} INFO - Sync 1 DAGs
[2026-02-07T01:52:38.734+0000] {logging_mixin.py:188} INFO - [2026-02-07T01:52:38.734+0000] {dag.py:3954} INFO - Setting next_dagrun for latest_only to 2026-02-06 20:00:00+00:00, run_after=2026-02-07 00:00:00+00:00
[2026-02-07T01:52:38.754+0000] {processor.py:183} INFO - Processing /home/airflow/.local/lib/python3.12/site-packages/airflow/example_dags/example_latest_only.py took 0.073 seconds
[2026-02-07T01:53:08.970+0000] {processor.py:161} INFO - Started process (PID=199) to work on /home/airflow/.local/lib/python3.12/site-packages/airflow/example_dags/example_latest_only.py
[2026-02-07T01:53:08.971+0000] {processor.py:830} INFO - Processing file /home/airflow/.local/lib/python3.12/site-packages/airflow/example_dags/example_latest_only.py for tasks to queue
[2026-02-07T01:53:08.973+0000] {logging_mixin.py:188} INFO - [2026-02-07T01:53:08.972+0000] {dagbag.py:540} INFO - Filling up the DagBag from /home/airflow/.local/lib/python3.12/site-packages/airflow/example_dags/example_latest_only.py
[2026-02-07T01:53:08.978+0000] {processor.py:840} INFO - DAG(s) 'latest_only' retrieved from /home/airflow/.local/lib/python3.12/site-packages/airflow/example_dags/example_latest_only.py
[2026-02-07T01:53:08.996+0000] {logging_mixin.py:188} INFO - [2026-02-07T01:53:08.995+0000] {dag.py:3096} INFO - Sync 1 DAGs
[2026-02-07T01:53:09.018+0000] {logging_mixin.py:188} INFO - [2026-02-07T01:53:09.017+0000] {dag.py:3954} INFO - Setting next_dagrun for latest_only to 2026-02-06 20:00:00+00:00, run_after=2026-02-07 00:00:00+00:00
[2026-02-07T01:53:09.038+0000] {processor.py:183} INFO - Processing /home/airflow/.local/lib/python3.12/site-packages/airflow/example_dags/example_latest_only.py took 0.074 seconds
[2026-02-07T01:53:39.398+0000] {processor.py:161} INFO - Started process (PID=251) to work on /home/airflow/.local/lib/python3.12/site-packages/airflow/example_dags/example_latest_only.py
[2026-02-07T01:53:39.399+0000] {processor.py:830} INFO - Processing file /home/airflow/.local/lib/python3.12/site-packages/airflow/example_dags/example_latest_only.py for tasks to queue
[2026-02-07T01:53:39.400+0000] {logging_mixin.py:188} INFO - [2026-02-07T01:53:39.400+0000] {dagbag.py:540} INFO - Filling up the DagBag from /home/airflow/.local/lib/python3.12/site-packages/airflow/example_dags/example_latest_only.py
[2026-02-07T01:53:39.406+0000] {processor.py:840} INFO - DAG(s) 'latest_only' retrieved from /home/airflow/.local/lib/python3.12/site-packages/airflow/example_dags/example_latest_only.py
[2026-02-07T01:53:39.425+0000] {logging_mixin.py:188} INFO - [2026-02-07T01:53:39.425+0000] {dag.py:3096} INFO - Sync 1 DAGs
[2026-02-07T01:53:39.450+0000] {logging_mixin.py:188} INFO - [2026-02-07T01:53:39.450+0000] {dag.py:3954} INFO - Setting next_dagrun for latest_only to 2026-02-06 20:00:00+00:00, run_after=2026-02-07 00:00:00+00:00
[2026-02-07T01:53:39.470+0000] {processor.py:183} INFO - Processing /home/airflow/.local/lib/python3.12/site-packages/airflow/example_dags/example_latest_only.py took 0.077 seconds
[2026-02-07T01:54:09.968+0000] {processor.py:161} INFO - Started process (PID=303) to work on /home/airflow/.local/lib/python3.12/site-packages/airflow/example_dags/example_latest_only.py
[2026-02-07T01:54:09.969+0000] {processor.py:830} INFO - Processing file /home/airflow/.local/lib/python3.12/site-packages/airflow/example_dags/example_latest_only.py for tasks to queue
[2026-02-07T01:54:09.971+0000] {logging_mixin.py:188} INFO - [2026-02-07T01:54:09.971+0000] {dagbag.py:540} INFO - Filling up the DagBag from /home/airflow/.local/lib/python3.12/site-packages/airflow/example_dags/example_latest_only.py
[2026-02-07T01:54:09.976+0000] {processor.py:840} INFO - DAG(s) 'latest_only' retrieved from /home/airflow/.local/lib/python3.12/site-packages/airflow/example_dags/example_latest_only.py
[2026-02-07T01:54:09.994+0000] {logging_mixin.py:188} INFO - [2026-02-07T01:54:09.994+0000] {dag.py:3096} INFO - Sync 1 DAGs
[2026-02-07T01:54:10.013+0000] {logging_mixin.py:188} INFO - [2026-02-07T01:54:10.013+0000] {dag.py:3954} INFO - Setting next_dagrun for latest_only to 2026-02-06 20:00:00+00:00, run_after=2026-02-07 00:00:00+00:00
[2026-02-07T01:54:10.032+0000] {processor.py:183} INFO - Processing /home/airflow/.local/lib/python3.12/site-packages/airflow/example_dags/example_latest_only.py took 0.069 seconds
[2026-02-07T01:54:40.447+0000] {processor.py:161} INFO - Started process (PID=355) to work on /home/airflow/.local/lib/python3.12/site-packages/airflow/example_dags/example_latest_only.py
[2026-02-07T01:54:40.448+0000] {processor.py:830} INFO - Processing file /home/airflow/.local/lib/python3.12/site-packages/airflow/example_dags/example_latest_only.py for tasks to queue
[2026-02-07T01:54:40.450+0000] {logging_mixin.py:188} INFO - [2026-02-07T01:54:40.449+0000] {dagbag.py:540} INFO - Filling up the DagBag from /home/airflow/.local/lib/python3.12/site-packages/airflow/example_dags/example_latest_only.py
[2026-02-07T01:54:40.455+0000] {processor.py:840} INFO - DAG(s) 'latest_only' retrieved from /home/airflow/.local/lib/python3.12/site-packages/airflow/example_dags/example_latest_only.py
[2026-02-07T01:54:40.474+0000] {logging_mixin.py:188} INFO - [2026-02-07T01:54:40.474+0000] {dag.py:3096} INFO - Sync 1 DAGs
[2026-02-07T01:54:40.495+0000] {logging_mixin.py:188} INFO - [2026-02-07T01:54:40.495+0000] {dag.py:3954} INFO - Setting next_dagrun for latest_only to 2026-02-06 20:00:00+00:00, run_after=2026-02-07 00:00:00+00:00
[2026-02-07T01:54:40.511+0000] {processor.py:183} INFO - Processing /home/airflow/.local/lib/python3.12/site-packages/airflow/example_dags/example_latest_only.py took 0.071 seconds
[2026-02-07T01:55:10.908+0000] {processor.py:161} INFO - Started process (PID=407) to work on /home/airflow/.local/lib/python3.12/site-packages/airflow/example_dags/example_latest_only.py
[2026-02-07T01:55:10.909+0000] {processor.py:830} INFO - Processing file /home/airflow/.local/lib/python3.12/site-packages/airflow/example_dags/example_latest_only.py for tasks to queue
[2026-02-07T01:55:10.910+0000] {logging_mixin.py:188} INFO - [2026-02-07T01:55:10.910+0000] {dagbag.py:540} INFO - Filling up the DagBag from /home/airflow/.local/lib/python3.12/site-packages/airflow/example_dags/example_latest_only.py
[2026-02-07T01:55:10.915+0000] {processor.py:840} INFO - DAG(s) 'latest_only' retrieved from /home/airflow/.local/lib/python3.12/site-packages/airflow/example_dags/example_latest_only.py
[2026-02-07T01:55:10.934+0000] {logging_mixin.py:188} INFO - [2026-02-07T01:55:10.933+0000] {dag.py:3096} INFO - Sync 1 DAGs
[2026-02-07T01:55:10.953+0000] {logging_mixin.py:188} INFO - [2026-02-07T01:55:10.952+0000] {dag.py:3954} INFO - Setting next_dagrun for latest_only to 2026-02-06 20:00:00+00:00, run_after=2026-02-07 00:00:00+00:00
[2026-02-07T01:55:10.972+0000] {processor.py:183} INFO - Processing /home/airflow/.local/lib/python3.12/site-packages/airflow/example_dags/example_latest_only.py took 0.070 seconds
[2026-02-07T01:55:41.088+0000] {processor.py:161} INFO - Started process (PID=459) to work on /home/airflow/.local/lib/python3.12/site-packages/airflow/example_dags/example_latest_only.py
[2026-02-07T01:55:41.089+0000] {processor.py:830} INFO - Processing file /home/airflow/.local/lib/python3.12/site-packages/airflow/example_dags/example_latest_only.py for tasks to queue
[2026-02-07T01:55:41.091+0000] {logging_mixin.py:188} INFO - [2026-02-07T01:55:41.090+0000] {dagbag.py:540} INFO - Filling up the DagBag from /home/airflow/.local/lib/python3.12/site-packages/airflow/example_dags/example_latest_only.py
[2026-02-07T01:55:41.097+0000] {processor.py:840} INFO - DAG(s) 'latest_only' retrieved from /home/airflow/.local/lib/python3.12/site-packages/airflow/example_dags/example_latest_only.py
[2026-02-07T01:55:41.116+0000] {logging_mixin.py:188} INFO - [2026-02-07T01:55:41.116+0000] {dag.py:3096} INFO - Sync 1 DAGs
[2026-02-07T01:55:41.135+0000] {logging_mixin.py:188} INFO - [2026-02-07T01:55:41.135+0000] {dag.py:3954} INFO - Setting next_dagrun for latest_only to 2026-02-06 20:00:00+00:00, run_after=2026-02-07 00:00:00+00:00
[2026-02-07T01:55:41.156+0000] {processor.py:183} INFO - Processing /home/airflow/.local/lib/python3.12/site-packages/airflow/example_dags/example_latest_only.py took 0.074 seconds
[2026-02-07T01:56:11.955+0000] {processor.py:161} INFO - Started process (PID=511) to work on /home/airflow/.local/lib/python3.12/site-packages/airflow/example_dags/example_latest_only.py
[2026-02-07T01:56:11.961+0000] {processor.py:830} INFO - Processing file /home/airflow/.local/lib/python3.12/site-packages/airflow/example_dags/example_latest_only.py for tasks to queue
[2026-02-07T01:56:11.967+0000] {logging_mixin.py:188} INFO - [2026-02-07T01:56:11.966+0000] {dagbag.py:540} INFO - Filling up the DagBag from /home/airflow/.local/lib/python3.12/site-packages/airflow/example_dags/example_latest_only.py
[2026-02-07T01:56:11.979+0000] {processor.py:840} INFO - DAG(s) 'latest_only' retrieved from /home/airflow/.local/lib/python3.12/site-packages/airflow/example_dags/example_latest_only.py
[2026-02-07T01:56:12.038+0000] {logging_mixin.py:188} INFO - [2026-02-07T01:56:12.038+0000] {dag.py:3096} INFO - Sync 1 DAGs
[2026-02-07T01:56:12.091+0000] {logging_mixin.py:188} INFO - [2026-02-07T01:56:12.090+0000] {dag.py:3954} INFO - Setting next_dagrun for latest_only to 2026-02-06 20:00:00+00:00, run_after=2026-02-07 00:00:00+00:00
[2026-02-07T01:56:12.125+0000] {processor.py:183} INFO - Processing /home/airflow/.local/lib/python3.12/site-packages/airflow/example_dags/example_latest_only.py took 0.185 seconds
[2026-02-07T01:56:42.986+0000] {processor.py:161} INFO - Started process (PID=563) to work on /home/airflow/.local/lib/python3.12/site-packages/airflow/example_dags/example_latest_only.py
[2026-02-07T01:56:42.987+0000] {processor.py:830} INFO - Processing file /home/airflow/.local/lib/python3.12/site-packages/airflow/example_dags/example_latest_only.py for tasks to queue
[2026-02-07T01:56:42.989+0000] {logging_mixin.py:188} INFO - [2026-02-07T01:56:42.989+0000] {dagbag.py:540} INFO - Filling up the DagBag from /home/airflow/.local/lib/python3.12/site-packages/airflow/example_dags/example_latest_only.py
[2026-02-07T01:56:42.995+0000] {processor.py:840} INFO - DAG(s) 'latest_only' retrieved from /home/airflow/.local/lib/python3.12/site-packages/airflow/example_dags/example_latest_only.py
[2026-02-07T01:56:43.020+0000] {logging_mixin.py:188} INFO - [2026-02-07T01:56:43.020+0000] {dag.py:3096} INFO - Sync 1 DAGs
[2026-02-07T01:56:43.047+0000] {logging_mixin.py:188} INFO - [2026-02-07T01:56:43.046+0000] {dag.py:3954} INFO - Setting next_dagrun for latest_only to 2026-02-06 20:00:00+00:00, run_after=2026-02-07 00:00:00+00:00
[2026-02-07T01:56:43.072+0000] {processor.py:183} INFO - Processing /home/airflow/.local/lib/python3.12/site-packages/airflow/example_dags/example_latest_only.py took 0.094 seconds
[2026-02-07T01:57:13.607+0000] {processor.py:161} INFO - Started process (PID=615) to work on /home/airflow/.local/lib/python3.12/site-packages/airflow/example_dags/example_latest_only.py
[2026-02-07T01:57:13.608+0000] {processor.py:830} INFO - Processing file /home/airflow/.local/lib/python3.12/site-packages/airflow/example_dags/example_latest_only.py for tasks to queue
[2026-02-07T01:57:13.610+0000] {logging_mixin.py:188} INFO - [2026-02-07T01:57:13.610+0000] {dagbag.py:540} INFO - Filling up the DagBag from /home/airflow/.local/lib/python3.12/site-packages/airflow/example_dags/example_latest_only.py
[2026-02-07T01:57:13.615+0000] {processor.py:840} INFO - DAG(s) 'latest_only' retrieved from /home/airflow/.local/lib/python3.12/site-packages/airflow/example_dags/example_latest_only.py
[2026-02-07T01:57:13.637+0000] {logging_mixin.py:188} INFO - [2026-02-07T01:57:13.637+0000] {dag.py:3096} INFO - Sync 1 DAGs
[2026-02-07T01:57:13.657+0000] {logging_mixin.py:188} INFO - [2026-02-07T01:57:13.657+0000] {dag.py:3954} INFO - Setting next_dagrun for latest_only to 2026-02-06 20:00:00+00:00, run_after=2026-02-07 00:00:00+00:00
[2026-02-07T01:57:13.685+0000] {processor.py:183} INFO - Processing /home/airflow/.local/lib/python3.12/site-packages/airflow/example_dags/example_latest_only.py took 0.085 seconds
[2026-02-07T01:57:43.735+0000] {processor.py:161} INFO - Started process (PID=667) to work on /home/airflow/.local/lib/python3.12/site-packages/airflow/example_dags/example_latest_only.py
[2026-02-07T01:57:43.736+0000] {processor.py:830} INFO - Processing file /home/airflow/.local/lib/python3.12/site-packages/airflow/example_dags/example_latest_only.py for tasks to queue
[2026-02-07T01:57:43.738+0000] {logging_mixin.py:188} INFO - [2026-02-07T01:57:43.738+0000] {dagbag.py:540} INFO - Filling up the DagBag from /home/airflow/.local/lib/python3.12/site-packages/airflow/example_dags/example_latest_only.py
[2026-02-07T01:57:43.743+0000] {processor.py:840} INFO - DAG(s) 'latest_only' retrieved from /home/airflow/.local/lib/python3.12/site-packages/airflow/example_dags/example_latest_only.py
[2026-02-07T01:57:43.763+0000] {logging_mixin.py:188} INFO - [2026-02-07T01:57:43.763+0000] {dag.py:3096} INFO - Sync 1 DAGs
[2026-02-07T01:57:43.783+0000] {logging_mixin.py:188} INFO - [2026-02-07T01:57:43.783+0000] {dag.py:3954} INFO - Setting next_dagrun for latest_only to 2026-02-06 20:00:00+00:00, run_after=2026-02-07 00:00:00+00:00
[2026-02-07T01:57:43.802+0000] {processor.py:183} INFO - Processing /home/airflow/.local/lib/python3.12/site-packages/airflow/example_dags/example_latest_only.py took 0.072 seconds
[2026-02-07T01:58:13.915+0000] {processor.py:161} INFO - Started process (PID=719) to work on /home/airflow/.local/lib/python3.12/site-packages/airflow/example_dags/example_latest_only.py
[2026-02-07T01:58:13.916+0000] {processor.py:830} INFO - Processing file /home/airflow/.local/lib/python3.12/site-packages/airflow/example_dags/example_latest_only.py for tasks to queue
[2026-02-07T01:58:13.920+0000] {logging_mixin.py:188} INFO - [2026-02-07T01:58:13.919+0000] {dagbag.py:540} INFO - Filling up the DagBag from /home/airflow/.local/lib/python3.12/site-packages/airflow/example_dags/example_latest_only.py
[2026-02-07T01:58:13.929+0000] {processor.py:840} INFO - DAG(s) 'latest_only' retrieved from /home/airflow/.local/lib/python3.12/site-packages/airflow/example_dags/example_latest_only.py
[2026-02-07T01:58:13.961+0000] {logging_mixin.py:188} INFO - [2026-02-07T01:58:13.960+0000] {dag.py:3096} INFO - Sync 1 DAGs
[2026-02-07T01:58:13.994+0000] {logging_mixin.py:188} INFO - [2026-02-07T01:58:13.994+0000] {dag.py:3954} INFO - Setting next_dagrun for latest_only to 2026-02-06 20:00:00+00:00, run_after=2026-02-07 00:00:00+00:00
[2026-02-07T01:58:14.032+0000] {processor.py:183} INFO - Processing /home/airflow/.local/lib/python3.12/site-packages/airflow/example_dags/example_latest_only.py took 0.125 seconds
[2026-02-07T01:58:44.192+0000] {processor.py:161} INFO - Started process (PID=771) to work on /home/airflow/.local/lib/python3.12/site-packages/airflow/example_dags/example_latest_only.py
[2026-02-07T01:58:44.193+0000] {processor.py:830} INFO - Processing file /home/airflow/.local/lib/python3.12/site-packages/airflow/example_dags/example_latest_only.py for tasks to queue
[2026-02-07T01:58:44.195+0000] {logging_mixin.py:188} INFO - [2026-02-07T01:58:44.195+0000] {dagbag.py:540} INFO - Filling up the DagBag from /home/airflow/.local/lib/python3.12/site-packages/airflow/example_dags/example_latest_only.py
[2026-02-07T01:58:44.201+0000] {processor.py:840} INFO - DAG(s) 'latest_only' retrieved from /home/airflow/.local/lib/python3.12/site-packages/airflow/example_dags/example_latest_only.py
[2026-02-07T01:58:44.219+0000] {logging_mixin.py:188} INFO - [2026-02-07T01:58:44.219+0000] {dag.py:3096} INFO - Sync 1 DAGs
[2026-02-07T01:58:44.237+0000] {logging_mixin.py:188} INFO - [2026-02-07T01:58:44.237+0000] {dag.py:3954} INFO - Setting next_dagrun for latest_only to 2026-02-06 20:00:00+00:00, run_after=2026-02-07 00:00:00+00:00
[2026-02-07T01:58:44.256+0000] {processor.py:183} INFO - Processing /home/airflow/.local/lib/python3.12/site-packages/airflow/example_dags/example_latest_only.py took 0.069 seconds
[2026-02-07T01:59:14.569+0000] {processor.py:161} INFO - Started process (PID=823) to work on /home/airflow/.local/lib/python3.12/site-packages/airflow/example_dags/example_latest_only.py
[2026-02-07T01:59:14.570+0000] {processor.py:830} INFO - Processing file /home/airflow/.local/lib/python3.12/site-packages/airflow/example_dags/example_latest_only.py for tasks to queue
[2026-02-07T01:59:14.572+0000] {logging_mixin.py:188} INFO - [2026-02-07T01:59:14.572+0000] {dagbag.py:540} INFO - Filling up the DagBag from /home/airflow/.local/lib/python3.12/site-packages/airflow/example_dags/example_latest_only.py
[2026-02-07T01:59:14.577+0000] {processor.py:840} INFO - DAG(s) 'latest_only' retrieved from /home/airflow/.local/lib/python3.12/site-packages/airflow/example_dags/example_latest_only.py
[2026-02-07T01:59:14.594+0000] {logging_mixin.py:188} INFO - [2026-02-07T01:59:14.594+0000] {dag.py:3096} INFO - Sync 1 DAGs
[2026-02-07T01:59:14.612+0000] {logging_mixin.py:188} INFO - [2026-02-07T01:59:14.612+0000] {dag.py:3954} INFO - Setting next_dagrun for latest_only to 2026-02-06 20:00:00+00:00, run_after=2026-02-07 00:00:00+00:00
[2026-02-07T01:59:14.641+0000] {processor.py:183} INFO - Processing /home/airflow/.local/lib/python3.12/site-packages/airflow/example_dags/example_latest_only.py took 0.077 seconds
[2026-02-07T01:59:44.693+0000] {processor.py:161} INFO - Started process (PID=875) to work on /home/airflow/.local/lib/python3.12/site-packages/airflow/example_dags/example_latest_only.py
[2026-02-07T01:59:44.694+0000] {processor.py:830} INFO - Processing file /home/airflow/.local/lib/python3.12/site-packages/airflow/example_dags/example_latest_only.py for tasks to queue
[2026-02-07T01:59:44.697+0000] {logging_mixin.py:188} INFO - [2026-02-07T01:59:44.696+0000] {dagbag.py:540} INFO - Filling up the DagBag from /home/airflow/.local/lib/python3.12/site-packages/airflow/example_dags/example_latest_only.py
[2026-02-07T01:59:44.703+0000] {processor.py:840} INFO - DAG(s) 'latest_only' retrieved from /home/airflow/.local/lib/python3.12/site-packages/airflow/example_dags/example_latest_only.py
[2026-02-07T01:59:44.725+0000] {logging_mixin.py:188} INFO - [2026-02-07T01:59:44.725+0000] {dag.py:3096} INFO - Sync 1 DAGs
[2026-02-07T01:59:44.749+0000] {logging_mixin.py:188} INFO - [2026-02-07T01:59:44.749+0000] {dag.py:3954} INFO - Setting next_dagrun for latest_only to 2026-02-06 20:00:00+00:00, run_after=2026-02-07 00:00:00+00:00
[2026-02-07T01:59:44.772+0000] {processor.py:183} INFO - Processing /home/airflow/.local/lib/python3.12/site-packages/airflow/example_dags/example_latest_only.py took 0.084 seconds
[2026-02-07T02:00:15.041+0000] {processor.py:161} INFO - Started process (PID=927) to work on /home/airflow/.local/lib/python3.12/site-packages/airflow/example_dags/example_latest_only.py
[2026-02-07T02:00:15.042+0000] {processor.py:830} INFO - Processing file /home/airflow/.local/lib/python3.12/site-packages/airflow/example_dags/example_latest_only.py for tasks to queue
[2026-02-07T02:00:15.044+0000] {logging_mixin.py:188} INFO - [2026-02-07T02:00:15.044+0000] {dagbag.py:540} INFO - Filling up the DagBag from /home/airflow/.local/lib/python3.12/site-packages/airflow/example_dags/example_latest_only.py
[2026-02-07T02:00:15.050+0000] {processor.py:840} INFO - DAG(s) 'latest_only' retrieved from /home/airflow/.local/lib/python3.12/site-packages/airflow/example_dags/example_latest_only.py
[2026-02-07T02:00:15.069+0000] {logging_mixin.py:188} INFO - [2026-02-07T02:00:15.069+0000] {dag.py:3096} INFO - Sync 1 DAGs
[2026-02-07T02:00:15.091+0000] {logging_mixin.py:188} INFO - [2026-02-07T02:00:15.090+0000] {dag.py:3954} INFO - Setting next_dagrun for latest_only to 2026-02-06 20:00:00+00:00, run_after=2026-02-07 00:00:00+00:00
[2026-02-07T02:00:15.110+0000] {processor.py:183} INFO - Processing /home/airflow/.local/lib/python3.12/site-packages/airflow/example_dags/example_latest_only.py took 0.074 seconds
[2026-02-07T02:00:45.436+0000] {processor.py:161} INFO - Started process (PID=979) to work on /home/airflow/.local/lib/python3.12/site-packages/airflow/example_dags/example_latest_only.py
[2026-02-07T02:00:45.437+0000] {processor.py:830} INFO - Processing file /home/airflow/.local/lib/python3.12/site-packages/airflow/example_dags/example_latest_only.py for tasks to queue
[2026-02-07T02:00:45.439+0000] {logging_mixin.py:188} INFO - [2026-02-07T02:00:45.438+0000] {dagbag.py:540} INFO - Filling up the DagBag from /home/airflow/.local/lib/python3.12/site-packages/airflow/example_dags/example_latest_only.py
[2026-02-07T02:00:45.443+0000] {processor.py:840} INFO - DAG(s) 'latest_only' retrieved from /home/airflow/.local/lib/python3.12/site-packages/airflow/example_dags/example_latest_only.py
[2026-02-07T02:00:45.461+0000] {logging_mixin.py:188} INFO - [2026-02-07T02:00:45.461+0000] {dag.py:3096} INFO - Sync 1 DAGs
[2026-02-07T02:00:45.479+0000] {logging_mixin.py:188} INFO - [2026-02-07T02:00:45.479+0000] {dag.py:3954} INFO - Setting next_dagrun for latest_only to 2026-02-06 20:00:00+00:00, run_after=2026-02-07 00:00:00+00:00
[2026-02-07T02:00:45.498+0000] {processor.py:183} INFO - Processing /home/airflow/.local/lib/python3.12/site-packages/airflow/example_dags/example_latest_only.py took 0.068 seconds
[2026-02-07T02:01:15.726+0000] {processor.py:161} INFO - Started process (PID=1031) to work on /home/airflow/.local/lib/python3.12/site-packages/airflow/example_dags/example_latest_only.py
[2026-02-07T02:01:15.727+0000] {processor.py:830} INFO - Processing file /home/airflow/.local/lib/python3.12/site-packages/airflow/example_dags/example_latest_only.py for tasks to queue
[2026-02-07T02:01:15.728+0000] {logging_mixin.py:188} INFO - [2026-02-07T02:01:15.728+0000] {dagbag.py:540} INFO - Filling up the DagBag from /home/airflow/.local/lib/python3.12/site-packages/airflow/example_dags/example_latest_only.py
[2026-02-07T02:01:15.733+0000] {processor.py:840} INFO - DAG(s) 'latest_only' retrieved from /home/airflow/.local/lib/python3.12/site-packages/airflow/example_dags/example_latest_only.py
[2026-02-07T02:01:15.752+0000] {logging_mixin.py:188} INFO - [2026-02-07T02:01:15.752+0000] {dag.py:3096} INFO - Sync 1 DAGs
[2026-02-07T02:01:15.791+0000] {logging_mixin.py:188} INFO - [2026-02-07T02:01:15.791+0000] {dag.py:3954} INFO - Setting next_dagrun for latest_only to 2026-02-06 20:00:00+00:00, run_after=2026-02-07 00:00:00+00:00
[2026-02-07T02:01:15.833+0000] {processor.py:183} INFO - Processing /home/airflow/.local/lib/python3.12/site-packages/airflow/example_dags/example_latest_only.py took 0.113 seconds
[2026-02-07T02:01:46.351+0000] {processor.py:161} INFO - Started process (PID=1083) to work on /home/airflow/.local/lib/python3.12/site-packages/airflow/example_dags/example_latest_only.py
[2026-02-07T02:01:46.355+0000] {processor.py:830} INFO - Processing file /home/airflow/.local/lib/python3.12/site-packages/airflow/example_dags/example_latest_only.py for tasks to queue
[2026-02-07T02:01:46.359+0000] {logging_mixin.py:188} INFO - [2026-02-07T02:01:46.358+0000] {dagbag.py:540} INFO - Filling up the DagBag from /home/airflow/.local/lib/python3.12/site-packages/airflow/example_dags/example_latest_only.py
[2026-02-07T02:01:46.368+0000] {processor.py:840} INFO - DAG(s) 'latest_only' retrieved from /home/airflow/.local/lib/python3.12/site-packages/airflow/example_dags/example_latest_only.py
[2026-02-07T02:01:46.401+0000] {logging_mixin.py:188} INFO - [2026-02-07T02:01:46.401+0000] {dag.py:3096} INFO - Sync 1 DAGs
[2026-02-07T02:01:46.443+0000] {logging_mixin.py:188} INFO - [2026-02-07T02:01:46.443+0000] {dag.py:3954} INFO - Setting next_dagrun for latest_only to 2026-02-06 20:00:00+00:00, run_after=2026-02-07 00:00:00+00:00
[2026-02-07T02:01:46.711+0000] {processor.py:183} INFO - Processing /home/airflow/.local/lib/python3.12/site-packages/airflow/example_dags/example_latest_only.py took 0.373 seconds
[2026-02-07T02:02:17.316+0000] {processor.py:161} INFO - Started process (PID=1135) to work on /home/airflow/.local/lib/python3.12/site-packages/airflow/example_dags/example_latest_only.py
[2026-02-07T02:02:17.317+0000] {processor.py:830} INFO - Processing file /home/airflow/.local/lib/python3.12/site-packages/airflow/example_dags/example_latest_only.py for tasks to queue
[2026-02-07T02:02:17.320+0000] {logging_mixin.py:188} INFO - [2026-02-07T02:02:17.320+0000] {dagbag.py:540} INFO - Filling up the DagBag from /home/airflow/.local/lib/python3.12/site-packages/airflow/example_dags/example_latest_only.py
[2026-02-07T02:02:17.328+0000] {processor.py:840} INFO - DAG(s) 'latest_only' retrieved from /home/airflow/.local/lib/python3.12/site-packages/airflow/example_dags/example_latest_only.py
[2026-02-07T02:02:17.354+0000] {logging_mixin.py:188} INFO - [2026-02-07T02:02:17.353+0000] {dag.py:3096} INFO - Sync 1 DAGs
[2026-02-07T02:02:17.380+0000] {logging_mixin.py:188} INFO - [2026-02-07T02:02:17.380+0000] {dag.py:3954} INFO - Setting next_dagrun for latest_only to 2026-02-06 20:00:00+00:00, run_after=2026-02-07 00:00:00+00:00
[2026-02-07T02:02:17.403+0000] {processor.py:183} INFO - Processing /home/airflow/.local/lib/python3.12/site-packages/airflow/example_dags/example_latest_only.py took 0.094 seconds
[2026-02-07T02:02:47.738+0000] {processor.py:161} INFO - Started process (PID=1187) to work on /home/airflow/.local/lib/python3.12/site-packages/airflow/example_dags/example_latest_only.py
[2026-02-07T02:02:47.739+0000] {processor.py:830} INFO - Processing file /home/airflow/.local/lib/python3.12/site-packages/airflow/example_dags/example_latest_only.py for tasks to queue
[2026-02-07T02:02:47.740+0000] {logging_mixin.py:188} INFO - [2026-02-07T02:02:47.740+0000] {dagbag.py:540} INFO - Filling up the DagBag from /home/airflow/.local/lib/python3.12/site-packages/airflow/example_dags/example_latest_only.py
[2026-02-07T02:02:47.745+0000] {processor.py:840} INFO - DAG(s) 'latest_only' retrieved from /home/airflow/.local/lib/python3.12/site-packages/airflow/example_dags/example_latest_only.py
[2026-02-07T02:02:47.763+0000] {logging_mixin.py:188} INFO - [2026-02-07T02:02:47.763+0000] {dag.py:3096} INFO - Sync 1 DAGs
[2026-02-07T02:02:47.788+0000] {logging_mixin.py:188} INFO - [2026-02-07T02:02:47.788+0000] {dag.py:3954} INFO - Setting next_dagrun for latest_only to 2026-02-06 20:00:00+00:00, run_after=2026-02-07 00:00:00+00:00
[2026-02-07T02:02:47.812+0000] {processor.py:183} INFO - Processing /home/airflow/.local/lib/python3.12/site-packages/airflow/example_dags/example_latest_only.py took 0.080 seconds
[2026-02-07T02:03:18.497+0000] {processor.py:161} INFO - Started process (PID=1239) to work on /home/airflow/.local/lib/python3.12/site-packages/airflow/example_dags/example_latest_only.py
[2026-02-07T02:03:18.498+0000] {processor.py:830} INFO - Processing file /home/airflow/.local/lib/python3.12/site-packages/airflow/example_dags/example_latest_only.py for tasks to queue
[2026-02-07T02:03:18.501+0000] {logging_mixin.py:188} INFO - [2026-02-07T02:03:18.500+0000] {dagbag.py:540} INFO - Filling up the DagBag from /home/airflow/.local/lib/python3.12/site-packages/airflow/example_dags/example_latest_only.py
[2026-02-07T02:03:18.507+0000] {processor.py:840} INFO - DAG(s) 'latest_only' retrieved from /home/airflow/.local/lib/python3.12/site-packages/airflow/example_dags/example_latest_only.py
[2026-02-07T02:03:18.527+0000] {logging_mixin.py:188} INFO - [2026-02-07T02:03:18.526+0000] {dag.py:3096} INFO - Sync 1 DAGs
[2026-02-07T02:03:18.550+0000] {logging_mixin.py:188} INFO - [2026-02-07T02:03:18.550+0000] {dag.py:3954} INFO - Setting next_dagrun for latest_only to 2026-02-06 20:00:00+00:00, run_after=2026-02-07 00:00:00+00:00
[2026-02-07T02:03:18.577+0000] {processor.py:183} INFO - Processing /home/airflow/.local/lib/python3.12/site-packages/airflow/example_dags/example_latest_only.py took 0.087 seconds
[2026-02-07T02:03:48.827+0000] {processor.py:161} INFO - Started process (PID=1291) to work on /home/airflow/.local/lib/python3.12/site-packages/airflow/example_dags/example_latest_only.py
[2026-02-07T02:03:48.830+0000] {processor.py:830} INFO - Processing file /home/airflow/.local/lib/python3.12/site-packages/airflow/example_dags/example_latest_only.py for tasks to queue
[2026-02-07T02:03:48.833+0000] {logging_mixin.py:188} INFO - [2026-02-07T02:03:48.833+0000] {dagbag.py:540} INFO - Filling up the DagBag from /home/airflow/.local/lib/python3.12/site-packages/airflow/example_dags/example_latest_only.py
[2026-02-07T02:03:48.843+0000] {processor.py:840} INFO - DAG(s) 'latest_only' retrieved from /home/airflow/.local/lib/python3.12/site-packages/airflow/example_dags/example_latest_only.py
[2026-02-07T02:03:48.877+0000] {logging_mixin.py:188} INFO - [2026-02-07T02:03:48.876+0000] {dag.py:3096} INFO - Sync 1 DAGs
[2026-02-07T02:03:48.911+0000] {logging_mixin.py:188} INFO - [2026-02-07T02:03:48.911+0000] {dag.py:3954} INFO - Setting next_dagrun for latest_only to 2026-02-06 20:00:00+00:00, run_after=2026-02-07 00:00:00+00:00
[2026-02-07T02:03:49.112+0000] {processor.py:183} INFO - Processing /home/airflow/.local/lib/python3.12/site-packages/airflow/example_dags/example_latest_only.py took 0.297 seconds
[2026-02-07T02:04:20.019+0000] {processor.py:161} INFO - Started process (PID=1343) to work on /home/airflow/.local/lib/python3.12/site-packages/airflow/example_dags/example_latest_only.py
[2026-02-07T02:04:20.019+0000] {processor.py:830} INFO - Processing file /home/airflow/.local/lib/python3.12/site-packages/airflow/example_dags/example_latest_only.py for tasks to queue
[2026-02-07T02:04:20.021+0000] {logging_mixin.py:188} INFO - [2026-02-07T02:04:20.021+0000] {dagbag.py:540} INFO - Filling up the DagBag from /home/airflow/.local/lib/python3.12/site-packages/airflow/example_dags/example_latest_only.py
[2026-02-07T02:04:20.026+0000] {processor.py:840} INFO - DAG(s) 'latest_only' retrieved from /home/airflow/.local/lib/python3.12/site-packages/airflow/example_dags/example_latest_only.py
[2026-02-07T02:04:20.046+0000] {logging_mixin.py:188} INFO - [2026-02-07T02:04:20.046+0000] {dag.py:3096} INFO - Sync 1 DAGs
[2026-02-07T02:04:20.071+0000] {logging_mixin.py:188} INFO - [2026-02-07T02:04:20.071+0000] {dag.py:3954} INFO - Setting next_dagrun for latest_only to 2026-02-06 20:00:00+00:00, run_after=2026-02-07 00:00:00+00:00
[2026-02-07T02:04:20.095+0000] {processor.py:183} INFO - Processing /home/airflow/.local/lib/python3.12/site-packages/airflow/example_dags/example_latest_only.py took 0.083 seconds
