[2026-02-07T01:35:23.493+0000] {processor.py:161} INFO - Started process (PID=34) to work on /home/airflow/.local/lib/python3.12/site-packages/airflow/example_dags/example_trigger_target_dag.py
[2026-02-07T01:35:23.495+0000] {processor.py:830} INFO - Processing file /home/airflow/.local/lib/python3.12/site-packages/airflow/example_dags/example_trigger_target_dag.py for tasks to queue
[2026-02-07T01:35:23.497+0000] {logging_mixin.py:188} INFO - [2026-02-07T01:35:23.497+0000] {dagbag.py:540} INFO - Filling up the DagBag from /home/airflow/.local/lib/python3.12/site-packages/airflow/example_dags/example_trigger_target_dag.py
[2026-02-07T01:35:23.506+0000] {processor.py:840} INFO - DAG(s) 'example_trigger_target_dag' retrieved from /home/airflow/.local/lib/python3.12/site-packages/airflow/example_dags/example_trigger_target_dag.py
[2026-02-07T01:35:23.535+0000] {logging_mixin.py:188} INFO - [2026-02-07T01:35:23.535+0000] {dag.py:3096} INFO - Sync 1 DAGs
[2026-02-07T01:35:23.552+0000] {logging_mixin.py:188} INFO - [2026-02-07T01:35:23.552+0000] {dag.py:3954} INFO - Setting next_dagrun for example_trigger_target_dag to None, run_after=None
[2026-02-07T01:35:23.577+0000] {processor.py:183} INFO - Processing /home/airflow/.local/lib/python3.12/site-packages/airflow/example_dags/example_trigger_target_dag.py took 0.090 seconds
[2026-02-07T01:35:53.710+0000] {processor.py:161} INFO - Started process (PID=86) to work on /home/airflow/.local/lib/python3.12/site-packages/airflow/example_dags/example_trigger_target_dag.py
[2026-02-07T01:35:53.711+0000] {processor.py:830} INFO - Processing file /home/airflow/.local/lib/python3.12/site-packages/airflow/example_dags/example_trigger_target_dag.py for tasks to queue
[2026-02-07T01:35:53.713+0000] {logging_mixin.py:188} INFO - [2026-02-07T01:35:53.713+0000] {dagbag.py:540} INFO - Filling up the DagBag from /home/airflow/.local/lib/python3.12/site-packages/airflow/example_dags/example_trigger_target_dag.py
[2026-02-07T01:35:53.719+0000] {processor.py:840} INFO - DAG(s) 'example_trigger_target_dag' retrieved from /home/airflow/.local/lib/python3.12/site-packages/airflow/example_dags/example_trigger_target_dag.py
[2026-02-07T01:35:53.738+0000] {logging_mixin.py:188} INFO - [2026-02-07T01:35:53.738+0000] {dag.py:3096} INFO - Sync 1 DAGs
[2026-02-07T01:35:53.751+0000] {logging_mixin.py:188} INFO - [2026-02-07T01:35:53.751+0000] {dag.py:3954} INFO - Setting next_dagrun for example_trigger_target_dag to None, run_after=None
[2026-02-07T01:35:53.768+0000] {processor.py:183} INFO - Processing /home/airflow/.local/lib/python3.12/site-packages/airflow/example_dags/example_trigger_target_dag.py took 0.065 seconds
[2026-02-07T01:36:24.466+0000] {processor.py:161} INFO - Started process (PID=138) to work on /home/airflow/.local/lib/python3.12/site-packages/airflow/example_dags/example_trigger_target_dag.py
[2026-02-07T01:36:24.467+0000] {processor.py:830} INFO - Processing file /home/airflow/.local/lib/python3.12/site-packages/airflow/example_dags/example_trigger_target_dag.py for tasks to queue
[2026-02-07T01:36:24.469+0000] {logging_mixin.py:188} INFO - [2026-02-07T01:36:24.469+0000] {dagbag.py:540} INFO - Filling up the DagBag from /home/airflow/.local/lib/python3.12/site-packages/airflow/example_dags/example_trigger_target_dag.py
[2026-02-07T01:36:24.475+0000] {processor.py:840} INFO - DAG(s) 'example_trigger_target_dag' retrieved from /home/airflow/.local/lib/python3.12/site-packages/airflow/example_dags/example_trigger_target_dag.py
[2026-02-07T01:36:24.494+0000] {logging_mixin.py:188} INFO - [2026-02-07T01:36:24.493+0000] {dag.py:3096} INFO - Sync 1 DAGs
[2026-02-07T01:36:24.504+0000] {logging_mixin.py:188} INFO - [2026-02-07T01:36:24.504+0000] {dag.py:3954} INFO - Setting next_dagrun for example_trigger_target_dag to None, run_after=None
[2026-02-07T01:36:24.523+0000] {processor.py:183} INFO - Processing /home/airflow/.local/lib/python3.12/site-packages/airflow/example_dags/example_trigger_target_dag.py took 0.062 seconds
[2026-02-07T01:36:55.236+0000] {processor.py:161} INFO - Started process (PID=190) to work on /home/airflow/.local/lib/python3.12/site-packages/airflow/example_dags/example_trigger_target_dag.py
[2026-02-07T01:36:55.237+0000] {processor.py:830} INFO - Processing file /home/airflow/.local/lib/python3.12/site-packages/airflow/example_dags/example_trigger_target_dag.py for tasks to queue
[2026-02-07T01:36:55.239+0000] {logging_mixin.py:188} INFO - [2026-02-07T01:36:55.239+0000] {dagbag.py:540} INFO - Filling up the DagBag from /home/airflow/.local/lib/python3.12/site-packages/airflow/example_dags/example_trigger_target_dag.py
[2026-02-07T01:36:55.245+0000] {processor.py:840} INFO - DAG(s) 'example_trigger_target_dag' retrieved from /home/airflow/.local/lib/python3.12/site-packages/airflow/example_dags/example_trigger_target_dag.py
[2026-02-07T01:36:55.262+0000] {logging_mixin.py:188} INFO - [2026-02-07T01:36:55.262+0000] {dag.py:3096} INFO - Sync 1 DAGs
[2026-02-07T01:36:55.275+0000] {logging_mixin.py:188} INFO - [2026-02-07T01:36:55.274+0000] {dag.py:3954} INFO - Setting next_dagrun for example_trigger_target_dag to None, run_after=None
[2026-02-07T01:36:55.293+0000] {processor.py:183} INFO - Processing /home/airflow/.local/lib/python3.12/site-packages/airflow/example_dags/example_trigger_target_dag.py took 0.062 seconds
[2026-02-07T01:37:25.850+0000] {processor.py:161} INFO - Started process (PID=242) to work on /home/airflow/.local/lib/python3.12/site-packages/airflow/example_dags/example_trigger_target_dag.py
[2026-02-07T01:37:25.851+0000] {processor.py:830} INFO - Processing file /home/airflow/.local/lib/python3.12/site-packages/airflow/example_dags/example_trigger_target_dag.py for tasks to queue
[2026-02-07T01:37:25.859+0000] {logging_mixin.py:188} INFO - [2026-02-07T01:37:25.858+0000] {dagbag.py:540} INFO - Filling up the DagBag from /home/airflow/.local/lib/python3.12/site-packages/airflow/example_dags/example_trigger_target_dag.py
[2026-02-07T01:37:25.867+0000] {processor.py:840} INFO - DAG(s) 'example_trigger_target_dag' retrieved from /home/airflow/.local/lib/python3.12/site-packages/airflow/example_dags/example_trigger_target_dag.py
[2026-02-07T01:37:25.902+0000] {logging_mixin.py:188} INFO - [2026-02-07T01:37:25.902+0000] {dag.py:3096} INFO - Sync 1 DAGs
[2026-02-07T01:37:25.928+0000] {logging_mixin.py:188} INFO - [2026-02-07T01:37:25.927+0000] {dag.py:3954} INFO - Setting next_dagrun for example_trigger_target_dag to None, run_after=None
[2026-02-07T01:37:25.988+0000] {processor.py:183} INFO - Processing /home/airflow/.local/lib/python3.12/site-packages/airflow/example_dags/example_trigger_target_dag.py took 0.145 seconds
[2026-02-07T01:37:56.059+0000] {processor.py:161} INFO - Started process (PID=294) to work on /home/airflow/.local/lib/python3.12/site-packages/airflow/example_dags/example_trigger_target_dag.py
[2026-02-07T01:37:56.060+0000] {processor.py:830} INFO - Processing file /home/airflow/.local/lib/python3.12/site-packages/airflow/example_dags/example_trigger_target_dag.py for tasks to queue
[2026-02-07T01:37:56.062+0000] {logging_mixin.py:188} INFO - [2026-02-07T01:37:56.062+0000] {dagbag.py:540} INFO - Filling up the DagBag from /home/airflow/.local/lib/python3.12/site-packages/airflow/example_dags/example_trigger_target_dag.py
[2026-02-07T01:37:56.067+0000] {processor.py:840} INFO - DAG(s) 'example_trigger_target_dag' retrieved from /home/airflow/.local/lib/python3.12/site-packages/airflow/example_dags/example_trigger_target_dag.py
[2026-02-07T01:37:56.084+0000] {logging_mixin.py:188} INFO - [2026-02-07T01:37:56.084+0000] {dag.py:3096} INFO - Sync 1 DAGs
[2026-02-07T01:37:56.095+0000] {logging_mixin.py:188} INFO - [2026-02-07T01:37:56.095+0000] {dag.py:3954} INFO - Setting next_dagrun for example_trigger_target_dag to None, run_after=None
[2026-02-07T01:37:56.113+0000] {processor.py:183} INFO - Processing /home/airflow/.local/lib/python3.12/site-packages/airflow/example_dags/example_trigger_target_dag.py took 0.059 seconds
[2026-02-07T01:38:26.501+0000] {processor.py:161} INFO - Started process (PID=346) to work on /home/airflow/.local/lib/python3.12/site-packages/airflow/example_dags/example_trigger_target_dag.py
[2026-02-07T01:38:26.503+0000] {processor.py:830} INFO - Processing file /home/airflow/.local/lib/python3.12/site-packages/airflow/example_dags/example_trigger_target_dag.py for tasks to queue
[2026-02-07T01:38:26.506+0000] {logging_mixin.py:188} INFO - [2026-02-07T01:38:26.506+0000] {dagbag.py:540} INFO - Filling up the DagBag from /home/airflow/.local/lib/python3.12/site-packages/airflow/example_dags/example_trigger_target_dag.py
[2026-02-07T01:38:26.517+0000] {processor.py:840} INFO - DAG(s) 'example_trigger_target_dag' retrieved from /home/airflow/.local/lib/python3.12/site-packages/airflow/example_dags/example_trigger_target_dag.py
[2026-02-07T01:38:26.549+0000] {logging_mixin.py:188} INFO - [2026-02-07T01:38:26.549+0000] {dag.py:3096} INFO - Sync 1 DAGs
[2026-02-07T01:38:26.572+0000] {logging_mixin.py:188} INFO - [2026-02-07T01:38:26.571+0000] {dag.py:3954} INFO - Setting next_dagrun for example_trigger_target_dag to None, run_after=None
[2026-02-07T01:38:26.602+0000] {processor.py:183} INFO - Processing /home/airflow/.local/lib/python3.12/site-packages/airflow/example_dags/example_trigger_target_dag.py took 0.113 seconds
[2026-02-07T01:38:56.819+0000] {processor.py:161} INFO - Started process (PID=398) to work on /home/airflow/.local/lib/python3.12/site-packages/airflow/example_dags/example_trigger_target_dag.py
[2026-02-07T01:38:56.820+0000] {processor.py:830} INFO - Processing file /home/airflow/.local/lib/python3.12/site-packages/airflow/example_dags/example_trigger_target_dag.py for tasks to queue
[2026-02-07T01:38:56.823+0000] {logging_mixin.py:188} INFO - [2026-02-07T01:38:56.823+0000] {dagbag.py:540} INFO - Filling up the DagBag from /home/airflow/.local/lib/python3.12/site-packages/airflow/example_dags/example_trigger_target_dag.py
[2026-02-07T01:38:56.833+0000] {processor.py:840} INFO - DAG(s) 'example_trigger_target_dag' retrieved from /home/airflow/.local/lib/python3.12/site-packages/airflow/example_dags/example_trigger_target_dag.py
[2026-02-07T01:38:56.864+0000] {logging_mixin.py:188} INFO - [2026-02-07T01:38:56.864+0000] {dag.py:3096} INFO - Sync 1 DAGs
[2026-02-07T01:38:56.887+0000] {logging_mixin.py:188} INFO - [2026-02-07T01:38:56.887+0000] {dag.py:3954} INFO - Setting next_dagrun for example_trigger_target_dag to None, run_after=None
[2026-02-07T01:38:56.927+0000] {processor.py:183} INFO - Processing /home/airflow/.local/lib/python3.12/site-packages/airflow/example_dags/example_trigger_target_dag.py took 0.118 seconds
[2026-02-07T01:39:27.273+0000] {processor.py:161} INFO - Started process (PID=450) to work on /home/airflow/.local/lib/python3.12/site-packages/airflow/example_dags/example_trigger_target_dag.py
[2026-02-07T01:39:27.274+0000] {processor.py:830} INFO - Processing file /home/airflow/.local/lib/python3.12/site-packages/airflow/example_dags/example_trigger_target_dag.py for tasks to queue
[2026-02-07T01:39:27.276+0000] {logging_mixin.py:188} INFO - [2026-02-07T01:39:27.276+0000] {dagbag.py:540} INFO - Filling up the DagBag from /home/airflow/.local/lib/python3.12/site-packages/airflow/example_dags/example_trigger_target_dag.py
[2026-02-07T01:39:27.282+0000] {processor.py:840} INFO - DAG(s) 'example_trigger_target_dag' retrieved from /home/airflow/.local/lib/python3.12/site-packages/airflow/example_dags/example_trigger_target_dag.py
[2026-02-07T01:39:27.303+0000] {logging_mixin.py:188} INFO - [2026-02-07T01:39:27.303+0000] {dag.py:3096} INFO - Sync 1 DAGs
[2026-02-07T01:39:27.316+0000] {logging_mixin.py:188} INFO - [2026-02-07T01:39:27.315+0000] {dag.py:3954} INFO - Setting next_dagrun for example_trigger_target_dag to None, run_after=None
[2026-02-07T01:39:27.336+0000] {processor.py:183} INFO - Processing /home/airflow/.local/lib/python3.12/site-packages/airflow/example_dags/example_trigger_target_dag.py took 0.070 seconds
[2026-02-07T01:39:57.824+0000] {processor.py:161} INFO - Started process (PID=502) to work on /home/airflow/.local/lib/python3.12/site-packages/airflow/example_dags/example_trigger_target_dag.py
[2026-02-07T01:39:57.825+0000] {processor.py:830} INFO - Processing file /home/airflow/.local/lib/python3.12/site-packages/airflow/example_dags/example_trigger_target_dag.py for tasks to queue
[2026-02-07T01:39:57.828+0000] {logging_mixin.py:188} INFO - [2026-02-07T01:39:57.828+0000] {dagbag.py:540} INFO - Filling up the DagBag from /home/airflow/.local/lib/python3.12/site-packages/airflow/example_dags/example_trigger_target_dag.py
[2026-02-07T01:39:57.839+0000] {processor.py:840} INFO - DAG(s) 'example_trigger_target_dag' retrieved from /home/airflow/.local/lib/python3.12/site-packages/airflow/example_dags/example_trigger_target_dag.py
[2026-02-07T01:39:57.876+0000] {logging_mixin.py:188} INFO - [2026-02-07T01:39:57.876+0000] {dag.py:3096} INFO - Sync 1 DAGs
[2026-02-07T01:39:57.911+0000] {logging_mixin.py:188} INFO - [2026-02-07T01:39:57.911+0000] {dag.py:3954} INFO - Setting next_dagrun for example_trigger_target_dag to None, run_after=None
[2026-02-07T01:39:57.952+0000] {processor.py:183} INFO - Processing /home/airflow/.local/lib/python3.12/site-packages/airflow/example_dags/example_trigger_target_dag.py took 0.142 seconds
[2026-02-07T01:40:28.334+0000] {processor.py:161} INFO - Started process (PID=554) to work on /home/airflow/.local/lib/python3.12/site-packages/airflow/example_dags/example_trigger_target_dag.py
[2026-02-07T01:40:28.335+0000] {processor.py:830} INFO - Processing file /home/airflow/.local/lib/python3.12/site-packages/airflow/example_dags/example_trigger_target_dag.py for tasks to queue
[2026-02-07T01:40:28.337+0000] {logging_mixin.py:188} INFO - [2026-02-07T01:40:28.337+0000] {dagbag.py:540} INFO - Filling up the DagBag from /home/airflow/.local/lib/python3.12/site-packages/airflow/example_dags/example_trigger_target_dag.py
[2026-02-07T01:40:28.344+0000] {processor.py:840} INFO - DAG(s) 'example_trigger_target_dag' retrieved from /home/airflow/.local/lib/python3.12/site-packages/airflow/example_dags/example_trigger_target_dag.py
[2026-02-07T01:40:28.363+0000] {logging_mixin.py:188} INFO - [2026-02-07T01:40:28.363+0000] {dag.py:3096} INFO - Sync 1 DAGs
[2026-02-07T01:40:28.374+0000] {logging_mixin.py:188} INFO - [2026-02-07T01:40:28.373+0000] {dag.py:3954} INFO - Setting next_dagrun for example_trigger_target_dag to None, run_after=None
[2026-02-07T01:40:28.394+0000] {processor.py:183} INFO - Processing /home/airflow/.local/lib/python3.12/site-packages/airflow/example_dags/example_trigger_target_dag.py took 0.065 seconds
[2026-02-07T01:40:58.651+0000] {processor.py:161} INFO - Started process (PID=606) to work on /home/airflow/.local/lib/python3.12/site-packages/airflow/example_dags/example_trigger_target_dag.py
[2026-02-07T01:40:58.652+0000] {processor.py:830} INFO - Processing file /home/airflow/.local/lib/python3.12/site-packages/airflow/example_dags/example_trigger_target_dag.py for tasks to queue
[2026-02-07T01:40:58.654+0000] {logging_mixin.py:188} INFO - [2026-02-07T01:40:58.654+0000] {dagbag.py:540} INFO - Filling up the DagBag from /home/airflow/.local/lib/python3.12/site-packages/airflow/example_dags/example_trigger_target_dag.py
[2026-02-07T01:40:58.661+0000] {processor.py:840} INFO - DAG(s) 'example_trigger_target_dag' retrieved from /home/airflow/.local/lib/python3.12/site-packages/airflow/example_dags/example_trigger_target_dag.py
[2026-02-07T01:40:58.685+0000] {logging_mixin.py:188} INFO - [2026-02-07T01:40:58.684+0000] {dag.py:3096} INFO - Sync 1 DAGs
[2026-02-07T01:40:58.698+0000] {logging_mixin.py:188} INFO - [2026-02-07T01:40:58.698+0000] {dag.py:3954} INFO - Setting next_dagrun for example_trigger_target_dag to None, run_after=None
[2026-02-07T01:40:58.720+0000] {processor.py:183} INFO - Processing /home/airflow/.local/lib/python3.12/site-packages/airflow/example_dags/example_trigger_target_dag.py took 0.075 seconds
[2026-02-07T01:41:28.979+0000] {processor.py:161} INFO - Started process (PID=658) to work on /home/airflow/.local/lib/python3.12/site-packages/airflow/example_dags/example_trigger_target_dag.py
[2026-02-07T01:41:28.980+0000] {processor.py:830} INFO - Processing file /home/airflow/.local/lib/python3.12/site-packages/airflow/example_dags/example_trigger_target_dag.py for tasks to queue
[2026-02-07T01:41:28.981+0000] {logging_mixin.py:188} INFO - [2026-02-07T01:41:28.981+0000] {dagbag.py:540} INFO - Filling up the DagBag from /home/airflow/.local/lib/python3.12/site-packages/airflow/example_dags/example_trigger_target_dag.py
[2026-02-07T01:41:28.987+0000] {processor.py:840} INFO - DAG(s) 'example_trigger_target_dag' retrieved from /home/airflow/.local/lib/python3.12/site-packages/airflow/example_dags/example_trigger_target_dag.py
[2026-02-07T01:41:29.004+0000] {logging_mixin.py:188} INFO - [2026-02-07T01:41:29.004+0000] {dag.py:3096} INFO - Sync 1 DAGs
[2026-02-07T01:41:29.018+0000] {logging_mixin.py:188} INFO - [2026-02-07T01:41:29.018+0000] {dag.py:3954} INFO - Setting next_dagrun for example_trigger_target_dag to None, run_after=None
[2026-02-07T01:41:29.038+0000] {processor.py:183} INFO - Processing /home/airflow/.local/lib/python3.12/site-packages/airflow/example_dags/example_trigger_target_dag.py took 0.065 seconds
[2026-02-07T01:41:59.245+0000] {processor.py:161} INFO - Started process (PID=710) to work on /home/airflow/.local/lib/python3.12/site-packages/airflow/example_dags/example_trigger_target_dag.py
[2026-02-07T01:41:59.246+0000] {processor.py:830} INFO - Processing file /home/airflow/.local/lib/python3.12/site-packages/airflow/example_dags/example_trigger_target_dag.py for tasks to queue
[2026-02-07T01:41:59.247+0000] {logging_mixin.py:188} INFO - [2026-02-07T01:41:59.247+0000] {dagbag.py:540} INFO - Filling up the DagBag from /home/airflow/.local/lib/python3.12/site-packages/airflow/example_dags/example_trigger_target_dag.py
[2026-02-07T01:41:59.253+0000] {processor.py:840} INFO - DAG(s) 'example_trigger_target_dag' retrieved from /home/airflow/.local/lib/python3.12/site-packages/airflow/example_dags/example_trigger_target_dag.py
[2026-02-07T01:41:59.271+0000] {logging_mixin.py:188} INFO - [2026-02-07T01:41:59.271+0000] {dag.py:3096} INFO - Sync 1 DAGs
[2026-02-07T01:41:59.284+0000] {logging_mixin.py:188} INFO - [2026-02-07T01:41:59.284+0000] {dag.py:3954} INFO - Setting next_dagrun for example_trigger_target_dag to None, run_after=None
[2026-02-07T01:41:59.303+0000] {processor.py:183} INFO - Processing /home/airflow/.local/lib/python3.12/site-packages/airflow/example_dags/example_trigger_target_dag.py took 0.064 seconds
[2026-02-07T01:42:29.560+0000] {processor.py:161} INFO - Started process (PID=762) to work on /home/airflow/.local/lib/python3.12/site-packages/airflow/example_dags/example_trigger_target_dag.py
[2026-02-07T01:42:29.561+0000] {processor.py:830} INFO - Processing file /home/airflow/.local/lib/python3.12/site-packages/airflow/example_dags/example_trigger_target_dag.py for tasks to queue
[2026-02-07T01:42:29.564+0000] {logging_mixin.py:188} INFO - [2026-02-07T01:42:29.563+0000] {dagbag.py:540} INFO - Filling up the DagBag from /home/airflow/.local/lib/python3.12/site-packages/airflow/example_dags/example_trigger_target_dag.py
[2026-02-07T01:42:29.571+0000] {processor.py:840} INFO - DAG(s) 'example_trigger_target_dag' retrieved from /home/airflow/.local/lib/python3.12/site-packages/airflow/example_dags/example_trigger_target_dag.py
[2026-02-07T01:42:29.593+0000] {logging_mixin.py:188} INFO - [2026-02-07T01:42:29.592+0000] {dag.py:3096} INFO - Sync 1 DAGs
[2026-02-07T01:42:29.605+0000] {logging_mixin.py:188} INFO - [2026-02-07T01:42:29.605+0000] {dag.py:3954} INFO - Setting next_dagrun for example_trigger_target_dag to None, run_after=None
[2026-02-07T01:42:29.630+0000] {processor.py:183} INFO - Processing /home/airflow/.local/lib/python3.12/site-packages/airflow/example_dags/example_trigger_target_dag.py took 0.077 seconds
[2026-02-07T01:42:59.712+0000] {processor.py:161} INFO - Started process (PID=814) to work on /home/airflow/.local/lib/python3.12/site-packages/airflow/example_dags/example_trigger_target_dag.py
[2026-02-07T01:42:59.713+0000] {processor.py:830} INFO - Processing file /home/airflow/.local/lib/python3.12/site-packages/airflow/example_dags/example_trigger_target_dag.py for tasks to queue
[2026-02-07T01:42:59.714+0000] {logging_mixin.py:188} INFO - [2026-02-07T01:42:59.714+0000] {dagbag.py:540} INFO - Filling up the DagBag from /home/airflow/.local/lib/python3.12/site-packages/airflow/example_dags/example_trigger_target_dag.py
[2026-02-07T01:42:59.720+0000] {processor.py:840} INFO - DAG(s) 'example_trigger_target_dag' retrieved from /home/airflow/.local/lib/python3.12/site-packages/airflow/example_dags/example_trigger_target_dag.py
[2026-02-07T01:42:59.737+0000] {logging_mixin.py:188} INFO - [2026-02-07T01:42:59.737+0000] {dag.py:3096} INFO - Sync 1 DAGs
[2026-02-07T01:42:59.748+0000] {logging_mixin.py:188} INFO - [2026-02-07T01:42:59.748+0000] {dag.py:3954} INFO - Setting next_dagrun for example_trigger_target_dag to None, run_after=None
[2026-02-07T01:42:59.766+0000] {processor.py:183} INFO - Processing /home/airflow/.local/lib/python3.12/site-packages/airflow/example_dags/example_trigger_target_dag.py took 0.061 seconds
[2026-02-07T01:43:30.144+0000] {processor.py:161} INFO - Started process (PID=866) to work on /home/airflow/.local/lib/python3.12/site-packages/airflow/example_dags/example_trigger_target_dag.py
[2026-02-07T01:43:30.145+0000] {processor.py:830} INFO - Processing file /home/airflow/.local/lib/python3.12/site-packages/airflow/example_dags/example_trigger_target_dag.py for tasks to queue
[2026-02-07T01:43:30.148+0000] {logging_mixin.py:188} INFO - [2026-02-07T01:43:30.148+0000] {dagbag.py:540} INFO - Filling up the DagBag from /home/airflow/.local/lib/python3.12/site-packages/airflow/example_dags/example_trigger_target_dag.py
[2026-02-07T01:43:30.156+0000] {processor.py:840} INFO - DAG(s) 'example_trigger_target_dag' retrieved from /home/airflow/.local/lib/python3.12/site-packages/airflow/example_dags/example_trigger_target_dag.py
[2026-02-07T01:43:30.183+0000] {logging_mixin.py:188} INFO - [2026-02-07T01:43:30.183+0000] {dag.py:3096} INFO - Sync 1 DAGs
[2026-02-07T01:43:30.198+0000] {logging_mixin.py:188} INFO - [2026-02-07T01:43:30.198+0000] {dag.py:3954} INFO - Setting next_dagrun for example_trigger_target_dag to None, run_after=None
[2026-02-07T01:43:30.222+0000] {processor.py:183} INFO - Processing /home/airflow/.local/lib/python3.12/site-packages/airflow/example_dags/example_trigger_target_dag.py took 0.090 seconds
[2026-02-07T01:44:00.783+0000] {processor.py:161} INFO - Started process (PID=918) to work on /home/airflow/.local/lib/python3.12/site-packages/airflow/example_dags/example_trigger_target_dag.py
[2026-02-07T01:44:00.784+0000] {processor.py:830} INFO - Processing file /home/airflow/.local/lib/python3.12/site-packages/airflow/example_dags/example_trigger_target_dag.py for tasks to queue
[2026-02-07T01:44:00.787+0000] {logging_mixin.py:188} INFO - [2026-02-07T01:44:00.786+0000] {dagbag.py:540} INFO - Filling up the DagBag from /home/airflow/.local/lib/python3.12/site-packages/airflow/example_dags/example_trigger_target_dag.py
[2026-02-07T01:44:00.793+0000] {processor.py:840} INFO - DAG(s) 'example_trigger_target_dag' retrieved from /home/airflow/.local/lib/python3.12/site-packages/airflow/example_dags/example_trigger_target_dag.py
[2026-02-07T01:44:00.812+0000] {logging_mixin.py:188} INFO - [2026-02-07T01:44:00.812+0000] {dag.py:3096} INFO - Sync 1 DAGs
[2026-02-07T01:44:00.824+0000] {logging_mixin.py:188} INFO - [2026-02-07T01:44:00.823+0000] {dag.py:3954} INFO - Setting next_dagrun for example_trigger_target_dag to None, run_after=None
[2026-02-07T01:44:00.961+0000] {processor.py:183} INFO - Processing /home/airflow/.local/lib/python3.12/site-packages/airflow/example_dags/example_trigger_target_dag.py took 0.184 seconds
[2026-02-07T01:44:31.470+0000] {processor.py:161} INFO - Started process (PID=970) to work on /home/airflow/.local/lib/python3.12/site-packages/airflow/example_dags/example_trigger_target_dag.py
[2026-02-07T01:44:31.471+0000] {processor.py:830} INFO - Processing file /home/airflow/.local/lib/python3.12/site-packages/airflow/example_dags/example_trigger_target_dag.py for tasks to queue
[2026-02-07T01:44:31.473+0000] {logging_mixin.py:188} INFO - [2026-02-07T01:44:31.473+0000] {dagbag.py:540} INFO - Filling up the DagBag from /home/airflow/.local/lib/python3.12/site-packages/airflow/example_dags/example_trigger_target_dag.py
[2026-02-07T01:44:31.484+0000] {processor.py:840} INFO - DAG(s) 'example_trigger_target_dag' retrieved from /home/airflow/.local/lib/python3.12/site-packages/airflow/example_dags/example_trigger_target_dag.py
[2026-02-07T01:44:31.503+0000] {logging_mixin.py:188} INFO - [2026-02-07T01:44:31.502+0000] {dag.py:3096} INFO - Sync 1 DAGs
[2026-02-07T01:44:31.514+0000] {logging_mixin.py:188} INFO - [2026-02-07T01:44:31.513+0000] {dag.py:3954} INFO - Setting next_dagrun for example_trigger_target_dag to None, run_after=None
[2026-02-07T01:44:31.541+0000] {processor.py:183} INFO - Processing /home/airflow/.local/lib/python3.12/site-packages/airflow/example_dags/example_trigger_target_dag.py took 0.076 seconds
[2026-02-07T01:45:01.868+0000] {processor.py:161} INFO - Started process (PID=1022) to work on /home/airflow/.local/lib/python3.12/site-packages/airflow/example_dags/example_trigger_target_dag.py
[2026-02-07T01:45:01.869+0000] {processor.py:830} INFO - Processing file /home/airflow/.local/lib/python3.12/site-packages/airflow/example_dags/example_trigger_target_dag.py for tasks to queue
[2026-02-07T01:45:01.871+0000] {logging_mixin.py:188} INFO - [2026-02-07T01:45:01.871+0000] {dagbag.py:540} INFO - Filling up the DagBag from /home/airflow/.local/lib/python3.12/site-packages/airflow/example_dags/example_trigger_target_dag.py
[2026-02-07T01:45:01.880+0000] {processor.py:840} INFO - DAG(s) 'example_trigger_target_dag' retrieved from /home/airflow/.local/lib/python3.12/site-packages/airflow/example_dags/example_trigger_target_dag.py
[2026-02-07T01:45:01.903+0000] {logging_mixin.py:188} INFO - [2026-02-07T01:45:01.903+0000] {dag.py:3096} INFO - Sync 1 DAGs
[2026-02-07T01:45:01.923+0000] {logging_mixin.py:188} INFO - [2026-02-07T01:45:01.922+0000] {dag.py:3954} INFO - Setting next_dagrun for example_trigger_target_dag to None, run_after=None
[2026-02-07T01:45:01.945+0000] {processor.py:183} INFO - Processing /home/airflow/.local/lib/python3.12/site-packages/airflow/example_dags/example_trigger_target_dag.py took 0.082 seconds
[2026-02-07T01:45:32.003+0000] {processor.py:161} INFO - Started process (PID=1074) to work on /home/airflow/.local/lib/python3.12/site-packages/airflow/example_dags/example_trigger_target_dag.py
[2026-02-07T01:45:32.004+0000] {processor.py:830} INFO - Processing file /home/airflow/.local/lib/python3.12/site-packages/airflow/example_dags/example_trigger_target_dag.py for tasks to queue
[2026-02-07T01:45:32.006+0000] {logging_mixin.py:188} INFO - [2026-02-07T01:45:32.006+0000] {dagbag.py:540} INFO - Filling up the DagBag from /home/airflow/.local/lib/python3.12/site-packages/airflow/example_dags/example_trigger_target_dag.py
[2026-02-07T01:45:32.011+0000] {processor.py:840} INFO - DAG(s) 'example_trigger_target_dag' retrieved from /home/airflow/.local/lib/python3.12/site-packages/airflow/example_dags/example_trigger_target_dag.py
[2026-02-07T01:45:32.029+0000] {logging_mixin.py:188} INFO - [2026-02-07T01:45:32.028+0000] {dag.py:3096} INFO - Sync 1 DAGs
[2026-02-07T01:45:32.039+0000] {logging_mixin.py:188} INFO - [2026-02-07T01:45:32.039+0000] {dag.py:3954} INFO - Setting next_dagrun for example_trigger_target_dag to None, run_after=None
[2026-02-07T01:45:32.059+0000] {processor.py:183} INFO - Processing /home/airflow/.local/lib/python3.12/site-packages/airflow/example_dags/example_trigger_target_dag.py took 0.061 seconds
[2026-02-07T01:46:02.850+0000] {processor.py:161} INFO - Started process (PID=1126) to work on /home/airflow/.local/lib/python3.12/site-packages/airflow/example_dags/example_trigger_target_dag.py
[2026-02-07T01:46:02.852+0000] {processor.py:830} INFO - Processing file /home/airflow/.local/lib/python3.12/site-packages/airflow/example_dags/example_trigger_target_dag.py for tasks to queue
[2026-02-07T01:46:02.854+0000] {logging_mixin.py:188} INFO - [2026-02-07T01:46:02.854+0000] {dagbag.py:540} INFO - Filling up the DagBag from /home/airflow/.local/lib/python3.12/site-packages/airflow/example_dags/example_trigger_target_dag.py
[2026-02-07T01:46:02.864+0000] {processor.py:840} INFO - DAG(s) 'example_trigger_target_dag' retrieved from /home/airflow/.local/lib/python3.12/site-packages/airflow/example_dags/example_trigger_target_dag.py
[2026-02-07T01:46:03.008+0000] {logging_mixin.py:188} INFO - [2026-02-07T01:46:03.008+0000] {dag.py:3096} INFO - Sync 1 DAGs
[2026-02-07T01:46:03.019+0000] {logging_mixin.py:188} INFO - [2026-02-07T01:46:03.019+0000] {dag.py:3954} INFO - Setting next_dagrun for example_trigger_target_dag to None, run_after=None
[2026-02-07T01:46:03.042+0000] {processor.py:183} INFO - Processing /home/airflow/.local/lib/python3.12/site-packages/airflow/example_dags/example_trigger_target_dag.py took 0.199 seconds
[2026-02-07T01:46:33.122+0000] {processor.py:161} INFO - Started process (PID=1178) to work on /home/airflow/.local/lib/python3.12/site-packages/airflow/example_dags/example_trigger_target_dag.py
[2026-02-07T01:46:33.123+0000] {processor.py:830} INFO - Processing file /home/airflow/.local/lib/python3.12/site-packages/airflow/example_dags/example_trigger_target_dag.py for tasks to queue
[2026-02-07T01:46:33.126+0000] {logging_mixin.py:188} INFO - [2026-02-07T01:46:33.125+0000] {dagbag.py:540} INFO - Filling up the DagBag from /home/airflow/.local/lib/python3.12/site-packages/airflow/example_dags/example_trigger_target_dag.py
[2026-02-07T01:46:33.134+0000] {processor.py:840} INFO - DAG(s) 'example_trigger_target_dag' retrieved from /home/airflow/.local/lib/python3.12/site-packages/airflow/example_dags/example_trigger_target_dag.py
[2026-02-07T01:46:33.158+0000] {logging_mixin.py:188} INFO - [2026-02-07T01:46:33.157+0000] {dag.py:3096} INFO - Sync 1 DAGs
[2026-02-07T01:46:33.172+0000] {logging_mixin.py:188} INFO - [2026-02-07T01:46:33.171+0000] {dag.py:3954} INFO - Setting next_dagrun for example_trigger_target_dag to None, run_after=None
[2026-02-07T01:46:33.194+0000] {processor.py:183} INFO - Processing /home/airflow/.local/lib/python3.12/site-packages/airflow/example_dags/example_trigger_target_dag.py took 0.080 seconds
[2026-02-07T01:47:03.291+0000] {processor.py:161} INFO - Started process (PID=1230) to work on /home/airflow/.local/lib/python3.12/site-packages/airflow/example_dags/example_trigger_target_dag.py
[2026-02-07T01:47:03.293+0000] {processor.py:830} INFO - Processing file /home/airflow/.local/lib/python3.12/site-packages/airflow/example_dags/example_trigger_target_dag.py for tasks to queue
[2026-02-07T01:47:03.296+0000] {logging_mixin.py:188} INFO - [2026-02-07T01:47:03.295+0000] {dagbag.py:540} INFO - Filling up the DagBag from /home/airflow/.local/lib/python3.12/site-packages/airflow/example_dags/example_trigger_target_dag.py
[2026-02-07T01:47:03.304+0000] {processor.py:840} INFO - DAG(s) 'example_trigger_target_dag' retrieved from /home/airflow/.local/lib/python3.12/site-packages/airflow/example_dags/example_trigger_target_dag.py
[2026-02-07T01:47:03.327+0000] {logging_mixin.py:188} INFO - [2026-02-07T01:47:03.326+0000] {dag.py:3096} INFO - Sync 1 DAGs
[2026-02-07T01:47:03.342+0000] {logging_mixin.py:188} INFO - [2026-02-07T01:47:03.341+0000] {dag.py:3954} INFO - Setting next_dagrun for example_trigger_target_dag to None, run_after=None
[2026-02-07T01:47:03.366+0000] {processor.py:183} INFO - Processing /home/airflow/.local/lib/python3.12/site-packages/airflow/example_dags/example_trigger_target_dag.py took 0.083 seconds
[2026-02-07T01:47:33.910+0000] {processor.py:161} INFO - Started process (PID=1282) to work on /home/airflow/.local/lib/python3.12/site-packages/airflow/example_dags/example_trigger_target_dag.py
[2026-02-07T01:47:33.912+0000] {processor.py:830} INFO - Processing file /home/airflow/.local/lib/python3.12/site-packages/airflow/example_dags/example_trigger_target_dag.py for tasks to queue
[2026-02-07T01:47:33.914+0000] {logging_mixin.py:188} INFO - [2026-02-07T01:47:33.913+0000] {dagbag.py:540} INFO - Filling up the DagBag from /home/airflow/.local/lib/python3.12/site-packages/airflow/example_dags/example_trigger_target_dag.py
[2026-02-07T01:47:33.920+0000] {processor.py:840} INFO - DAG(s) 'example_trigger_target_dag' retrieved from /home/airflow/.local/lib/python3.12/site-packages/airflow/example_dags/example_trigger_target_dag.py
[2026-02-07T01:47:33.941+0000] {logging_mixin.py:188} INFO - [2026-02-07T01:47:33.941+0000] {dag.py:3096} INFO - Sync 1 DAGs
[2026-02-07T01:47:33.952+0000] {logging_mixin.py:188} INFO - [2026-02-07T01:47:33.952+0000] {dag.py:3954} INFO - Setting next_dagrun for example_trigger_target_dag to None, run_after=None
[2026-02-07T01:47:33.972+0000] {processor.py:183} INFO - Processing /home/airflow/.local/lib/python3.12/site-packages/airflow/example_dags/example_trigger_target_dag.py took 0.068 seconds
[2026-02-07T01:48:04.180+0000] {processor.py:161} INFO - Started process (PID=1334) to work on /home/airflow/.local/lib/python3.12/site-packages/airflow/example_dags/example_trigger_target_dag.py
[2026-02-07T01:48:04.181+0000] {processor.py:830} INFO - Processing file /home/airflow/.local/lib/python3.12/site-packages/airflow/example_dags/example_trigger_target_dag.py for tasks to queue
[2026-02-07T01:48:04.183+0000] {logging_mixin.py:188} INFO - [2026-02-07T01:48:04.183+0000] {dagbag.py:540} INFO - Filling up the DagBag from /home/airflow/.local/lib/python3.12/site-packages/airflow/example_dags/example_trigger_target_dag.py
[2026-02-07T01:48:04.189+0000] {processor.py:840} INFO - DAG(s) 'example_trigger_target_dag' retrieved from /home/airflow/.local/lib/python3.12/site-packages/airflow/example_dags/example_trigger_target_dag.py
[2026-02-07T01:48:04.208+0000] {logging_mixin.py:188} INFO - [2026-02-07T01:48:04.207+0000] {dag.py:3096} INFO - Sync 1 DAGs
[2026-02-07T01:48:04.221+0000] {logging_mixin.py:188} INFO - [2026-02-07T01:48:04.221+0000] {dag.py:3954} INFO - Setting next_dagrun for example_trigger_target_dag to None, run_after=None
[2026-02-07T01:48:04.241+0000] {processor.py:183} INFO - Processing /home/airflow/.local/lib/python3.12/site-packages/airflow/example_dags/example_trigger_target_dag.py took 0.067 seconds
[2026-02-07T01:51:33.244+0000] {processor.py:161} INFO - Started process (PID=34) to work on /home/airflow/.local/lib/python3.12/site-packages/airflow/example_dags/example_trigger_target_dag.py
[2026-02-07T01:51:33.260+0000] {processor.py:830} INFO - Processing file /home/airflow/.local/lib/python3.12/site-packages/airflow/example_dags/example_trigger_target_dag.py for tasks to queue
[2026-02-07T01:51:33.293+0000] {logging_mixin.py:188} INFO - [2026-02-07T01:51:33.292+0000] {dagbag.py:540} INFO - Filling up the DagBag from /home/airflow/.local/lib/python3.12/site-packages/airflow/example_dags/example_trigger_target_dag.py
[2026-02-07T01:51:33.376+0000] {processor.py:840} INFO - DAG(s) 'example_trigger_target_dag' retrieved from /home/airflow/.local/lib/python3.12/site-packages/airflow/example_dags/example_trigger_target_dag.py
[2026-02-07T01:51:33.430+0000] {logging_mixin.py:188} INFO - [2026-02-07T01:51:33.430+0000] {dag.py:3096} INFO - Sync 1 DAGs
[2026-02-07T01:51:33.533+0000] {logging_mixin.py:188} INFO - [2026-02-07T01:51:33.532+0000] {dag.py:3954} INFO - Setting next_dagrun for example_trigger_target_dag to None, run_after=None
[2026-02-07T01:51:33.618+0000] {processor.py:183} INFO - Processing /home/airflow/.local/lib/python3.12/site-packages/airflow/example_dags/example_trigger_target_dag.py took 0.437 seconds
[2026-02-07T01:52:04.796+0000] {processor.py:161} INFO - Started process (PID=86) to work on /home/airflow/.local/lib/python3.12/site-packages/airflow/example_dags/example_trigger_target_dag.py
[2026-02-07T01:52:04.799+0000] {processor.py:830} INFO - Processing file /home/airflow/.local/lib/python3.12/site-packages/airflow/example_dags/example_trigger_target_dag.py for tasks to queue
[2026-02-07T01:52:04.804+0000] {logging_mixin.py:188} INFO - [2026-02-07T01:52:04.803+0000] {dagbag.py:540} INFO - Filling up the DagBag from /home/airflow/.local/lib/python3.12/site-packages/airflow/example_dags/example_trigger_target_dag.py
[2026-02-07T01:52:04.822+0000] {processor.py:840} INFO - DAG(s) 'example_trigger_target_dag' retrieved from /home/airflow/.local/lib/python3.12/site-packages/airflow/example_dags/example_trigger_target_dag.py
[2026-02-07T01:52:05.275+0000] {logging_mixin.py:188} INFO - [2026-02-07T01:52:05.267+0000] {dag.py:3096} INFO - Sync 1 DAGs
[2026-02-07T01:52:05.322+0000] {logging_mixin.py:188} INFO - [2026-02-07T01:52:05.322+0000] {dag.py:3954} INFO - Setting next_dagrun for example_trigger_target_dag to None, run_after=None
[2026-02-07T01:52:05.403+0000] {processor.py:183} INFO - Processing /home/airflow/.local/lib/python3.12/site-packages/airflow/example_dags/example_trigger_target_dag.py took 0.636 seconds
[2026-02-07T01:52:36.129+0000] {processor.py:161} INFO - Started process (PID=138) to work on /home/airflow/.local/lib/python3.12/site-packages/airflow/example_dags/example_trigger_target_dag.py
[2026-02-07T01:52:36.130+0000] {processor.py:830} INFO - Processing file /home/airflow/.local/lib/python3.12/site-packages/airflow/example_dags/example_trigger_target_dag.py for tasks to queue
[2026-02-07T01:52:36.132+0000] {logging_mixin.py:188} INFO - [2026-02-07T01:52:36.132+0000] {dagbag.py:540} INFO - Filling up the DagBag from /home/airflow/.local/lib/python3.12/site-packages/airflow/example_dags/example_trigger_target_dag.py
[2026-02-07T01:52:36.139+0000] {processor.py:840} INFO - DAG(s) 'example_trigger_target_dag' retrieved from /home/airflow/.local/lib/python3.12/site-packages/airflow/example_dags/example_trigger_target_dag.py
[2026-02-07T01:52:36.160+0000] {logging_mixin.py:188} INFO - [2026-02-07T01:52:36.159+0000] {dag.py:3096} INFO - Sync 1 DAGs
[2026-02-07T01:52:36.175+0000] {logging_mixin.py:188} INFO - [2026-02-07T01:52:36.175+0000] {dag.py:3954} INFO - Setting next_dagrun for example_trigger_target_dag to None, run_after=None
[2026-02-07T01:52:36.198+0000] {processor.py:183} INFO - Processing /home/airflow/.local/lib/python3.12/site-packages/airflow/example_dags/example_trigger_target_dag.py took 0.076 seconds
[2026-02-07T01:53:06.444+0000] {processor.py:161} INFO - Started process (PID=190) to work on /home/airflow/.local/lib/python3.12/site-packages/airflow/example_dags/example_trigger_target_dag.py
[2026-02-07T01:53:06.446+0000] {processor.py:830} INFO - Processing file /home/airflow/.local/lib/python3.12/site-packages/airflow/example_dags/example_trigger_target_dag.py for tasks to queue
[2026-02-07T01:53:06.448+0000] {logging_mixin.py:188} INFO - [2026-02-07T01:53:06.448+0000] {dagbag.py:540} INFO - Filling up the DagBag from /home/airflow/.local/lib/python3.12/site-packages/airflow/example_dags/example_trigger_target_dag.py
[2026-02-07T01:53:06.454+0000] {processor.py:840} INFO - DAG(s) 'example_trigger_target_dag' retrieved from /home/airflow/.local/lib/python3.12/site-packages/airflow/example_dags/example_trigger_target_dag.py
[2026-02-07T01:53:06.475+0000] {logging_mixin.py:188} INFO - [2026-02-07T01:53:06.475+0000] {dag.py:3096} INFO - Sync 1 DAGs
[2026-02-07T01:53:06.488+0000] {logging_mixin.py:188} INFO - [2026-02-07T01:53:06.488+0000] {dag.py:3954} INFO - Setting next_dagrun for example_trigger_target_dag to None, run_after=None
[2026-02-07T01:53:06.510+0000] {processor.py:183} INFO - Processing /home/airflow/.local/lib/python3.12/site-packages/airflow/example_dags/example_trigger_target_dag.py took 0.072 seconds
[2026-02-07T01:53:36.980+0000] {processor.py:161} INFO - Started process (PID=242) to work on /home/airflow/.local/lib/python3.12/site-packages/airflow/example_dags/example_trigger_target_dag.py
[2026-02-07T01:53:36.981+0000] {processor.py:830} INFO - Processing file /home/airflow/.local/lib/python3.12/site-packages/airflow/example_dags/example_trigger_target_dag.py for tasks to queue
[2026-02-07T01:53:36.983+0000] {logging_mixin.py:188} INFO - [2026-02-07T01:53:36.982+0000] {dagbag.py:540} INFO - Filling up the DagBag from /home/airflow/.local/lib/python3.12/site-packages/airflow/example_dags/example_trigger_target_dag.py
[2026-02-07T01:53:36.988+0000] {processor.py:840} INFO - DAG(s) 'example_trigger_target_dag' retrieved from /home/airflow/.local/lib/python3.12/site-packages/airflow/example_dags/example_trigger_target_dag.py
[2026-02-07T01:53:37.008+0000] {logging_mixin.py:188} INFO - [2026-02-07T01:53:37.007+0000] {dag.py:3096} INFO - Sync 1 DAGs
[2026-02-07T01:53:37.021+0000] {logging_mixin.py:188} INFO - [2026-02-07T01:53:37.021+0000] {dag.py:3954} INFO - Setting next_dagrun for example_trigger_target_dag to None, run_after=None
[2026-02-07T01:53:37.044+0000] {processor.py:183} INFO - Processing /home/airflow/.local/lib/python3.12/site-packages/airflow/example_dags/example_trigger_target_dag.py took 0.070 seconds
[2026-02-07T01:54:07.728+0000] {processor.py:161} INFO - Started process (PID=294) to work on /home/airflow/.local/lib/python3.12/site-packages/airflow/example_dags/example_trigger_target_dag.py
[2026-02-07T01:54:07.729+0000] {processor.py:830} INFO - Processing file /home/airflow/.local/lib/python3.12/site-packages/airflow/example_dags/example_trigger_target_dag.py for tasks to queue
[2026-02-07T01:54:07.731+0000] {logging_mixin.py:188} INFO - [2026-02-07T01:54:07.730+0000] {dagbag.py:540} INFO - Filling up the DagBag from /home/airflow/.local/lib/python3.12/site-packages/airflow/example_dags/example_trigger_target_dag.py
[2026-02-07T01:54:07.737+0000] {processor.py:840} INFO - DAG(s) 'example_trigger_target_dag' retrieved from /home/airflow/.local/lib/python3.12/site-packages/airflow/example_dags/example_trigger_target_dag.py
[2026-02-07T01:54:07.759+0000] {logging_mixin.py:188} INFO - [2026-02-07T01:54:07.759+0000] {dag.py:3096} INFO - Sync 1 DAGs
[2026-02-07T01:54:07.772+0000] {logging_mixin.py:188} INFO - [2026-02-07T01:54:07.771+0000] {dag.py:3954} INFO - Setting next_dagrun for example_trigger_target_dag to None, run_after=None
[2026-02-07T01:54:07.802+0000] {processor.py:183} INFO - Processing /home/airflow/.local/lib/python3.12/site-packages/airflow/example_dags/example_trigger_target_dag.py took 0.081 seconds
[2026-02-07T01:54:37.913+0000] {processor.py:161} INFO - Started process (PID=346) to work on /home/airflow/.local/lib/python3.12/site-packages/airflow/example_dags/example_trigger_target_dag.py
[2026-02-07T01:54:37.915+0000] {processor.py:830} INFO - Processing file /home/airflow/.local/lib/python3.12/site-packages/airflow/example_dags/example_trigger_target_dag.py for tasks to queue
[2026-02-07T01:54:37.916+0000] {logging_mixin.py:188} INFO - [2026-02-07T01:54:37.916+0000] {dagbag.py:540} INFO - Filling up the DagBag from /home/airflow/.local/lib/python3.12/site-packages/airflow/example_dags/example_trigger_target_dag.py
[2026-02-07T01:54:37.922+0000] {processor.py:840} INFO - DAG(s) 'example_trigger_target_dag' retrieved from /home/airflow/.local/lib/python3.12/site-packages/airflow/example_dags/example_trigger_target_dag.py
[2026-02-07T01:54:37.943+0000] {logging_mixin.py:188} INFO - [2026-02-07T01:54:37.943+0000] {dag.py:3096} INFO - Sync 1 DAGs
[2026-02-07T01:54:37.957+0000] {logging_mixin.py:188} INFO - [2026-02-07T01:54:37.957+0000] {dag.py:3954} INFO - Setting next_dagrun for example_trigger_target_dag to None, run_after=None
[2026-02-07T01:54:37.988+0000] {processor.py:183} INFO - Processing /home/airflow/.local/lib/python3.12/site-packages/airflow/example_dags/example_trigger_target_dag.py took 0.081 seconds
[2026-02-07T01:55:08.443+0000] {processor.py:161} INFO - Started process (PID=398) to work on /home/airflow/.local/lib/python3.12/site-packages/airflow/example_dags/example_trigger_target_dag.py
[2026-02-07T01:55:08.444+0000] {processor.py:830} INFO - Processing file /home/airflow/.local/lib/python3.12/site-packages/airflow/example_dags/example_trigger_target_dag.py for tasks to queue
[2026-02-07T01:55:08.447+0000] {logging_mixin.py:188} INFO - [2026-02-07T01:55:08.446+0000] {dagbag.py:540} INFO - Filling up the DagBag from /home/airflow/.local/lib/python3.12/site-packages/airflow/example_dags/example_trigger_target_dag.py
[2026-02-07T01:55:08.458+0000] {processor.py:840} INFO - DAG(s) 'example_trigger_target_dag' retrieved from /home/airflow/.local/lib/python3.12/site-packages/airflow/example_dags/example_trigger_target_dag.py
[2026-02-07T01:55:08.483+0000] {logging_mixin.py:188} INFO - [2026-02-07T01:55:08.482+0000] {dag.py:3096} INFO - Sync 1 DAGs
[2026-02-07T01:55:08.498+0000] {logging_mixin.py:188} INFO - [2026-02-07T01:55:08.497+0000] {dag.py:3954} INFO - Setting next_dagrun for example_trigger_target_dag to None, run_after=None
[2026-02-07T01:55:08.528+0000] {processor.py:183} INFO - Processing /home/airflow/.local/lib/python3.12/site-packages/airflow/example_dags/example_trigger_target_dag.py took 0.090 seconds
[2026-02-07T01:55:38.645+0000] {processor.py:161} INFO - Started process (PID=450) to work on /home/airflow/.local/lib/python3.12/site-packages/airflow/example_dags/example_trigger_target_dag.py
[2026-02-07T01:55:38.646+0000] {processor.py:830} INFO - Processing file /home/airflow/.local/lib/python3.12/site-packages/airflow/example_dags/example_trigger_target_dag.py for tasks to queue
[2026-02-07T01:55:38.648+0000] {logging_mixin.py:188} INFO - [2026-02-07T01:55:38.648+0000] {dagbag.py:540} INFO - Filling up the DagBag from /home/airflow/.local/lib/python3.12/site-packages/airflow/example_dags/example_trigger_target_dag.py
[2026-02-07T01:55:38.653+0000] {processor.py:840} INFO - DAG(s) 'example_trigger_target_dag' retrieved from /home/airflow/.local/lib/python3.12/site-packages/airflow/example_dags/example_trigger_target_dag.py
[2026-02-07T01:55:38.677+0000] {logging_mixin.py:188} INFO - [2026-02-07T01:55:38.676+0000] {dag.py:3096} INFO - Sync 1 DAGs
[2026-02-07T01:55:38.692+0000] {logging_mixin.py:188} INFO - [2026-02-07T01:55:38.691+0000] {dag.py:3954} INFO - Setting next_dagrun for example_trigger_target_dag to None, run_after=None
[2026-02-07T01:55:38.716+0000] {processor.py:183} INFO - Processing /home/airflow/.local/lib/python3.12/site-packages/airflow/example_dags/example_trigger_target_dag.py took 0.076 seconds
[2026-02-07T01:56:09.257+0000] {processor.py:161} INFO - Started process (PID=502) to work on /home/airflow/.local/lib/python3.12/site-packages/airflow/example_dags/example_trigger_target_dag.py
[2026-02-07T01:56:09.258+0000] {processor.py:830} INFO - Processing file /home/airflow/.local/lib/python3.12/site-packages/airflow/example_dags/example_trigger_target_dag.py for tasks to queue
[2026-02-07T01:56:09.260+0000] {logging_mixin.py:188} INFO - [2026-02-07T01:56:09.259+0000] {dagbag.py:540} INFO - Filling up the DagBag from /home/airflow/.local/lib/python3.12/site-packages/airflow/example_dags/example_trigger_target_dag.py
[2026-02-07T01:56:09.265+0000] {processor.py:840} INFO - DAG(s) 'example_trigger_target_dag' retrieved from /home/airflow/.local/lib/python3.12/site-packages/airflow/example_dags/example_trigger_target_dag.py
[2026-02-07T01:56:09.284+0000] {logging_mixin.py:188} INFO - [2026-02-07T01:56:09.284+0000] {dag.py:3096} INFO - Sync 1 DAGs
[2026-02-07T01:56:09.295+0000] {logging_mixin.py:188} INFO - [2026-02-07T01:56:09.294+0000] {dag.py:3954} INFO - Setting next_dagrun for example_trigger_target_dag to None, run_after=None
[2026-02-07T01:56:09.326+0000] {processor.py:183} INFO - Processing /home/airflow/.local/lib/python3.12/site-packages/airflow/example_dags/example_trigger_target_dag.py took 0.076 seconds
[2026-02-07T01:56:39.475+0000] {processor.py:161} INFO - Started process (PID=554) to work on /home/airflow/.local/lib/python3.12/site-packages/airflow/example_dags/example_trigger_target_dag.py
[2026-02-07T01:56:39.476+0000] {processor.py:830} INFO - Processing file /home/airflow/.local/lib/python3.12/site-packages/airflow/example_dags/example_trigger_target_dag.py for tasks to queue
[2026-02-07T01:56:39.478+0000] {logging_mixin.py:188} INFO - [2026-02-07T01:56:39.478+0000] {dagbag.py:540} INFO - Filling up the DagBag from /home/airflow/.local/lib/python3.12/site-packages/airflow/example_dags/example_trigger_target_dag.py
[2026-02-07T01:56:39.485+0000] {processor.py:840} INFO - DAG(s) 'example_trigger_target_dag' retrieved from /home/airflow/.local/lib/python3.12/site-packages/airflow/example_dags/example_trigger_target_dag.py
[2026-02-07T01:56:39.509+0000] {logging_mixin.py:188} INFO - [2026-02-07T01:56:39.508+0000] {dag.py:3096} INFO - Sync 1 DAGs
[2026-02-07T01:56:39.524+0000] {logging_mixin.py:188} INFO - [2026-02-07T01:56:39.524+0000] {dag.py:3954} INFO - Setting next_dagrun for example_trigger_target_dag to None, run_after=None
[2026-02-07T01:56:39.549+0000] {processor.py:183} INFO - Processing /home/airflow/.local/lib/python3.12/site-packages/airflow/example_dags/example_trigger_target_dag.py took 0.081 seconds
[2026-02-07T01:57:10.147+0000] {processor.py:161} INFO - Started process (PID=606) to work on /home/airflow/.local/lib/python3.12/site-packages/airflow/example_dags/example_trigger_target_dag.py
[2026-02-07T01:57:10.148+0000] {processor.py:830} INFO - Processing file /home/airflow/.local/lib/python3.12/site-packages/airflow/example_dags/example_trigger_target_dag.py for tasks to queue
[2026-02-07T01:57:10.149+0000] {logging_mixin.py:188} INFO - [2026-02-07T01:57:10.149+0000] {dagbag.py:540} INFO - Filling up the DagBag from /home/airflow/.local/lib/python3.12/site-packages/airflow/example_dags/example_trigger_target_dag.py
[2026-02-07T01:57:10.155+0000] {processor.py:840} INFO - DAG(s) 'example_trigger_target_dag' retrieved from /home/airflow/.local/lib/python3.12/site-packages/airflow/example_dags/example_trigger_target_dag.py
[2026-02-07T01:57:10.179+0000] {logging_mixin.py:188} INFO - [2026-02-07T01:57:10.179+0000] {dag.py:3096} INFO - Sync 1 DAGs
[2026-02-07T01:57:10.195+0000] {logging_mixin.py:188} INFO - [2026-02-07T01:57:10.195+0000] {dag.py:3954} INFO - Setting next_dagrun for example_trigger_target_dag to None, run_after=None
[2026-02-07T01:57:10.229+0000] {processor.py:183} INFO - Processing /home/airflow/.local/lib/python3.12/site-packages/airflow/example_dags/example_trigger_target_dag.py took 0.087 seconds
[2026-02-07T01:57:41.020+0000] {processor.py:161} INFO - Started process (PID=658) to work on /home/airflow/.local/lib/python3.12/site-packages/airflow/example_dags/example_trigger_target_dag.py
[2026-02-07T01:57:41.021+0000] {processor.py:830} INFO - Processing file /home/airflow/.local/lib/python3.12/site-packages/airflow/example_dags/example_trigger_target_dag.py for tasks to queue
[2026-02-07T01:57:41.023+0000] {logging_mixin.py:188} INFO - [2026-02-07T01:57:41.023+0000] {dagbag.py:540} INFO - Filling up the DagBag from /home/airflow/.local/lib/python3.12/site-packages/airflow/example_dags/example_trigger_target_dag.py
[2026-02-07T01:57:41.029+0000] {processor.py:840} INFO - DAG(s) 'example_trigger_target_dag' retrieved from /home/airflow/.local/lib/python3.12/site-packages/airflow/example_dags/example_trigger_target_dag.py
[2026-02-07T01:57:41.053+0000] {logging_mixin.py:188} INFO - [2026-02-07T01:57:41.052+0000] {dag.py:3096} INFO - Sync 1 DAGs
[2026-02-07T01:57:41.069+0000] {logging_mixin.py:188} INFO - [2026-02-07T01:57:41.069+0000] {dag.py:3954} INFO - Setting next_dagrun for example_trigger_target_dag to None, run_after=None
[2026-02-07T01:57:41.154+0000] {processor.py:183} INFO - Processing /home/airflow/.local/lib/python3.12/site-packages/airflow/example_dags/example_trigger_target_dag.py took 0.140 seconds
[2026-02-07T01:58:11.218+0000] {processor.py:161} INFO - Started process (PID=710) to work on /home/airflow/.local/lib/python3.12/site-packages/airflow/example_dags/example_trigger_target_dag.py
[2026-02-07T01:58:11.220+0000] {processor.py:830} INFO - Processing file /home/airflow/.local/lib/python3.12/site-packages/airflow/example_dags/example_trigger_target_dag.py for tasks to queue
[2026-02-07T01:58:11.223+0000] {logging_mixin.py:188} INFO - [2026-02-07T01:58:11.222+0000] {dagbag.py:540} INFO - Filling up the DagBag from /home/airflow/.local/lib/python3.12/site-packages/airflow/example_dags/example_trigger_target_dag.py
[2026-02-07T01:58:11.232+0000] {processor.py:840} INFO - DAG(s) 'example_trigger_target_dag' retrieved from /home/airflow/.local/lib/python3.12/site-packages/airflow/example_dags/example_trigger_target_dag.py
[2026-02-07T01:58:11.259+0000] {logging_mixin.py:188} INFO - [2026-02-07T01:58:11.259+0000] {dag.py:3096} INFO - Sync 1 DAGs
[2026-02-07T01:58:11.276+0000] {logging_mixin.py:188} INFO - [2026-02-07T01:58:11.276+0000] {dag.py:3954} INFO - Setting next_dagrun for example_trigger_target_dag to None, run_after=None
[2026-02-07T01:58:11.301+0000] {processor.py:183} INFO - Processing /home/airflow/.local/lib/python3.12/site-packages/airflow/example_dags/example_trigger_target_dag.py took 0.090 seconds
[2026-02-07T01:58:41.639+0000] {processor.py:161} INFO - Started process (PID=762) to work on /home/airflow/.local/lib/python3.12/site-packages/airflow/example_dags/example_trigger_target_dag.py
[2026-02-07T01:58:41.640+0000] {processor.py:830} INFO - Processing file /home/airflow/.local/lib/python3.12/site-packages/airflow/example_dags/example_trigger_target_dag.py for tasks to queue
[2026-02-07T01:58:41.642+0000] {logging_mixin.py:188} INFO - [2026-02-07T01:58:41.642+0000] {dagbag.py:540} INFO - Filling up the DagBag from /home/airflow/.local/lib/python3.12/site-packages/airflow/example_dags/example_trigger_target_dag.py
[2026-02-07T01:58:41.650+0000] {processor.py:840} INFO - DAG(s) 'example_trigger_target_dag' retrieved from /home/airflow/.local/lib/python3.12/site-packages/airflow/example_dags/example_trigger_target_dag.py
[2026-02-07T01:58:41.671+0000] {logging_mixin.py:188} INFO - [2026-02-07T01:58:41.671+0000] {dag.py:3096} INFO - Sync 1 DAGs
[2026-02-07T01:58:41.684+0000] {logging_mixin.py:188} INFO - [2026-02-07T01:58:41.684+0000] {dag.py:3954} INFO - Setting next_dagrun for example_trigger_target_dag to None, run_after=None
[2026-02-07T01:58:41.706+0000] {processor.py:183} INFO - Processing /home/airflow/.local/lib/python3.12/site-packages/airflow/example_dags/example_trigger_target_dag.py took 0.073 seconds
[2026-02-07T01:59:11.922+0000] {processor.py:161} INFO - Started process (PID=814) to work on /home/airflow/.local/lib/python3.12/site-packages/airflow/example_dags/example_trigger_target_dag.py
[2026-02-07T01:59:11.924+0000] {processor.py:830} INFO - Processing file /home/airflow/.local/lib/python3.12/site-packages/airflow/example_dags/example_trigger_target_dag.py for tasks to queue
[2026-02-07T01:59:11.927+0000] {logging_mixin.py:188} INFO - [2026-02-07T01:59:11.927+0000] {dagbag.py:540} INFO - Filling up the DagBag from /home/airflow/.local/lib/python3.12/site-packages/airflow/example_dags/example_trigger_target_dag.py
[2026-02-07T01:59:11.933+0000] {processor.py:840} INFO - DAG(s) 'example_trigger_target_dag' retrieved from /home/airflow/.local/lib/python3.12/site-packages/airflow/example_dags/example_trigger_target_dag.py
[2026-02-07T01:59:11.957+0000] {logging_mixin.py:188} INFO - [2026-02-07T01:59:11.956+0000] {dag.py:3096} INFO - Sync 1 DAGs
[2026-02-07T01:59:11.974+0000] {logging_mixin.py:188} INFO - [2026-02-07T01:59:11.974+0000] {dag.py:3954} INFO - Setting next_dagrun for example_trigger_target_dag to None, run_after=None
[2026-02-07T01:59:12.009+0000] {processor.py:183} INFO - Processing /home/airflow/.local/lib/python3.12/site-packages/airflow/example_dags/example_trigger_target_dag.py took 0.094 seconds
[2026-02-07T01:59:42.179+0000] {processor.py:161} INFO - Started process (PID=866) to work on /home/airflow/.local/lib/python3.12/site-packages/airflow/example_dags/example_trigger_target_dag.py
[2026-02-07T01:59:42.180+0000] {processor.py:830} INFO - Processing file /home/airflow/.local/lib/python3.12/site-packages/airflow/example_dags/example_trigger_target_dag.py for tasks to queue
[2026-02-07T01:59:42.182+0000] {logging_mixin.py:188} INFO - [2026-02-07T01:59:42.182+0000] {dagbag.py:540} INFO - Filling up the DagBag from /home/airflow/.local/lib/python3.12/site-packages/airflow/example_dags/example_trigger_target_dag.py
[2026-02-07T01:59:42.187+0000] {processor.py:840} INFO - DAG(s) 'example_trigger_target_dag' retrieved from /home/airflow/.local/lib/python3.12/site-packages/airflow/example_dags/example_trigger_target_dag.py
[2026-02-07T01:59:42.207+0000] {logging_mixin.py:188} INFO - [2026-02-07T01:59:42.206+0000] {dag.py:3096} INFO - Sync 1 DAGs
[2026-02-07T01:59:42.219+0000] {logging_mixin.py:188} INFO - [2026-02-07T01:59:42.218+0000] {dag.py:3954} INFO - Setting next_dagrun for example_trigger_target_dag to None, run_after=None
[2026-02-07T01:59:42.248+0000] {processor.py:183} INFO - Processing /home/airflow/.local/lib/python3.12/site-packages/airflow/example_dags/example_trigger_target_dag.py took 0.074 seconds
[2026-02-07T02:00:12.511+0000] {processor.py:161} INFO - Started process (PID=918) to work on /home/airflow/.local/lib/python3.12/site-packages/airflow/example_dags/example_trigger_target_dag.py
[2026-02-07T02:00:12.513+0000] {processor.py:830} INFO - Processing file /home/airflow/.local/lib/python3.12/site-packages/airflow/example_dags/example_trigger_target_dag.py for tasks to queue
[2026-02-07T02:00:12.514+0000] {logging_mixin.py:188} INFO - [2026-02-07T02:00:12.514+0000] {dagbag.py:540} INFO - Filling up the DagBag from /home/airflow/.local/lib/python3.12/site-packages/airflow/example_dags/example_trigger_target_dag.py
[2026-02-07T02:00:12.521+0000] {processor.py:840} INFO - DAG(s) 'example_trigger_target_dag' retrieved from /home/airflow/.local/lib/python3.12/site-packages/airflow/example_dags/example_trigger_target_dag.py
[2026-02-07T02:00:12.542+0000] {logging_mixin.py:188} INFO - [2026-02-07T02:00:12.542+0000] {dag.py:3096} INFO - Sync 1 DAGs
[2026-02-07T02:00:12.556+0000] {logging_mixin.py:188} INFO - [2026-02-07T02:00:12.556+0000] {dag.py:3954} INFO - Setting next_dagrun for example_trigger_target_dag to None, run_after=None
[2026-02-07T02:00:12.579+0000] {processor.py:183} INFO - Processing /home/airflow/.local/lib/python3.12/site-packages/airflow/example_dags/example_trigger_target_dag.py took 0.072 seconds
[2026-02-07T02:00:42.911+0000] {processor.py:161} INFO - Started process (PID=970) to work on /home/airflow/.local/lib/python3.12/site-packages/airflow/example_dags/example_trigger_target_dag.py
[2026-02-07T02:00:42.912+0000] {processor.py:830} INFO - Processing file /home/airflow/.local/lib/python3.12/site-packages/airflow/example_dags/example_trigger_target_dag.py for tasks to queue
[2026-02-07T02:00:42.914+0000] {logging_mixin.py:188} INFO - [2026-02-07T02:00:42.914+0000] {dagbag.py:540} INFO - Filling up the DagBag from /home/airflow/.local/lib/python3.12/site-packages/airflow/example_dags/example_trigger_target_dag.py
[2026-02-07T02:00:42.920+0000] {processor.py:840} INFO - DAG(s) 'example_trigger_target_dag' retrieved from /home/airflow/.local/lib/python3.12/site-packages/airflow/example_dags/example_trigger_target_dag.py
[2026-02-07T02:00:42.938+0000] {logging_mixin.py:188} INFO - [2026-02-07T02:00:42.938+0000] {dag.py:3096} INFO - Sync 1 DAGs
[2026-02-07T02:00:42.950+0000] {logging_mixin.py:188} INFO - [2026-02-07T02:00:42.950+0000] {dag.py:3954} INFO - Setting next_dagrun for example_trigger_target_dag to None, run_after=None
[2026-02-07T02:00:42.976+0000] {processor.py:183} INFO - Processing /home/airflow/.local/lib/python3.12/site-packages/airflow/example_dags/example_trigger_target_dag.py took 0.071 seconds
[2026-02-07T02:01:13.194+0000] {processor.py:161} INFO - Started process (PID=1022) to work on /home/airflow/.local/lib/python3.12/site-packages/airflow/example_dags/example_trigger_target_dag.py
[2026-02-07T02:01:13.195+0000] {processor.py:830} INFO - Processing file /home/airflow/.local/lib/python3.12/site-packages/airflow/example_dags/example_trigger_target_dag.py for tasks to queue
[2026-02-07T02:01:13.197+0000] {logging_mixin.py:188} INFO - [2026-02-07T02:01:13.197+0000] {dagbag.py:540} INFO - Filling up the DagBag from /home/airflow/.local/lib/python3.12/site-packages/airflow/example_dags/example_trigger_target_dag.py
[2026-02-07T02:01:13.204+0000] {processor.py:840} INFO - DAG(s) 'example_trigger_target_dag' retrieved from /home/airflow/.local/lib/python3.12/site-packages/airflow/example_dags/example_trigger_target_dag.py
[2026-02-07T02:01:13.231+0000] {logging_mixin.py:188} INFO - [2026-02-07T02:01:13.230+0000] {dag.py:3096} INFO - Sync 1 DAGs
[2026-02-07T02:01:13.246+0000] {logging_mixin.py:188} INFO - [2026-02-07T02:01:13.246+0000] {dag.py:3954} INFO - Setting next_dagrun for example_trigger_target_dag to None, run_after=None
[2026-02-07T02:01:13.271+0000] {processor.py:183} INFO - Processing /home/airflow/.local/lib/python3.12/site-packages/airflow/example_dags/example_trigger_target_dag.py took 0.082 seconds
[2026-02-07T02:01:43.364+0000] {processor.py:161} INFO - Started process (PID=1074) to work on /home/airflow/.local/lib/python3.12/site-packages/airflow/example_dags/example_trigger_target_dag.py
[2026-02-07T02:01:43.365+0000] {processor.py:830} INFO - Processing file /home/airflow/.local/lib/python3.12/site-packages/airflow/example_dags/example_trigger_target_dag.py for tasks to queue
[2026-02-07T02:01:43.367+0000] {logging_mixin.py:188} INFO - [2026-02-07T02:01:43.366+0000] {dagbag.py:540} INFO - Filling up the DagBag from /home/airflow/.local/lib/python3.12/site-packages/airflow/example_dags/example_trigger_target_dag.py
[2026-02-07T02:01:43.373+0000] {processor.py:840} INFO - DAG(s) 'example_trigger_target_dag' retrieved from /home/airflow/.local/lib/python3.12/site-packages/airflow/example_dags/example_trigger_target_dag.py
[2026-02-07T02:01:43.400+0000] {logging_mixin.py:188} INFO - [2026-02-07T02:01:43.399+0000] {dag.py:3096} INFO - Sync 1 DAGs
[2026-02-07T02:01:43.414+0000] {logging_mixin.py:188} INFO - [2026-02-07T02:01:43.414+0000] {dag.py:3954} INFO - Setting next_dagrun for example_trigger_target_dag to None, run_after=None
[2026-02-07T02:01:43.449+0000] {processor.py:183} INFO - Processing /home/airflow/.local/lib/python3.12/site-packages/airflow/example_dags/example_trigger_target_dag.py took 0.090 seconds
[2026-02-07T02:02:13.827+0000] {processor.py:161} INFO - Started process (PID=1126) to work on /home/airflow/.local/lib/python3.12/site-packages/airflow/example_dags/example_trigger_target_dag.py
[2026-02-07T02:02:13.828+0000] {processor.py:830} INFO - Processing file /home/airflow/.local/lib/python3.12/site-packages/airflow/example_dags/example_trigger_target_dag.py for tasks to queue
[2026-02-07T02:02:13.830+0000] {logging_mixin.py:188} INFO - [2026-02-07T02:02:13.830+0000] {dagbag.py:540} INFO - Filling up the DagBag from /home/airflow/.local/lib/python3.12/site-packages/airflow/example_dags/example_trigger_target_dag.py
[2026-02-07T02:02:13.836+0000] {processor.py:840} INFO - DAG(s) 'example_trigger_target_dag' retrieved from /home/airflow/.local/lib/python3.12/site-packages/airflow/example_dags/example_trigger_target_dag.py
[2026-02-07T02:02:13.858+0000] {logging_mixin.py:188} INFO - [2026-02-07T02:02:13.857+0000] {dag.py:3096} INFO - Sync 1 DAGs
[2026-02-07T02:02:13.870+0000] {logging_mixin.py:188} INFO - [2026-02-07T02:02:13.870+0000] {dag.py:3954} INFO - Setting next_dagrun for example_trigger_target_dag to None, run_after=None
[2026-02-07T02:02:13.890+0000] {processor.py:183} INFO - Processing /home/airflow/.local/lib/python3.12/site-packages/airflow/example_dags/example_trigger_target_dag.py took 0.069 seconds
[2026-02-07T02:02:44.270+0000] {processor.py:161} INFO - Started process (PID=1178) to work on /home/airflow/.local/lib/python3.12/site-packages/airflow/example_dags/example_trigger_target_dag.py
[2026-02-07T02:02:44.270+0000] {processor.py:830} INFO - Processing file /home/airflow/.local/lib/python3.12/site-packages/airflow/example_dags/example_trigger_target_dag.py for tasks to queue
[2026-02-07T02:02:44.272+0000] {logging_mixin.py:188} INFO - [2026-02-07T02:02:44.272+0000] {dagbag.py:540} INFO - Filling up the DagBag from /home/airflow/.local/lib/python3.12/site-packages/airflow/example_dags/example_trigger_target_dag.py
[2026-02-07T02:02:44.277+0000] {processor.py:840} INFO - DAG(s) 'example_trigger_target_dag' retrieved from /home/airflow/.local/lib/python3.12/site-packages/airflow/example_dags/example_trigger_target_dag.py
[2026-02-07T02:02:44.297+0000] {logging_mixin.py:188} INFO - [2026-02-07T02:02:44.297+0000] {dag.py:3096} INFO - Sync 1 DAGs
[2026-02-07T02:02:44.309+0000] {logging_mixin.py:188} INFO - [2026-02-07T02:02:44.309+0000] {dag.py:3954} INFO - Setting next_dagrun for example_trigger_target_dag to None, run_after=None
[2026-02-07T02:02:44.329+0000] {processor.py:183} INFO - Processing /home/airflow/.local/lib/python3.12/site-packages/airflow/example_dags/example_trigger_target_dag.py took 0.066 seconds
[2026-02-07T02:03:14.855+0000] {processor.py:161} INFO - Started process (PID=1230) to work on /home/airflow/.local/lib/python3.12/site-packages/airflow/example_dags/example_trigger_target_dag.py
[2026-02-07T02:03:14.858+0000] {processor.py:830} INFO - Processing file /home/airflow/.local/lib/python3.12/site-packages/airflow/example_dags/example_trigger_target_dag.py for tasks to queue
[2026-02-07T02:03:14.861+0000] {logging_mixin.py:188} INFO - [2026-02-07T02:03:14.860+0000] {dagbag.py:540} INFO - Filling up the DagBag from /home/airflow/.local/lib/python3.12/site-packages/airflow/example_dags/example_trigger_target_dag.py
[2026-02-07T02:03:14.871+0000] {processor.py:840} INFO - DAG(s) 'example_trigger_target_dag' retrieved from /home/airflow/.local/lib/python3.12/site-packages/airflow/example_dags/example_trigger_target_dag.py
[2026-02-07T02:03:14.902+0000] {logging_mixin.py:188} INFO - [2026-02-07T02:03:14.902+0000] {dag.py:3096} INFO - Sync 1 DAGs
[2026-02-07T02:03:14.918+0000] {logging_mixin.py:188} INFO - [2026-02-07T02:03:14.917+0000] {dag.py:3954} INFO - Setting next_dagrun for example_trigger_target_dag to None, run_after=None
[2026-02-07T02:03:14.953+0000] {processor.py:183} INFO - Processing /home/airflow/.local/lib/python3.12/site-packages/airflow/example_dags/example_trigger_target_dag.py took 0.105 seconds
[2026-02-07T02:03:45.710+0000] {processor.py:161} INFO - Started process (PID=1280) to work on /home/airflow/.local/lib/python3.12/site-packages/airflow/example_dags/example_trigger_target_dag.py
[2026-02-07T02:03:45.711+0000] {processor.py:830} INFO - Processing file /home/airflow/.local/lib/python3.12/site-packages/airflow/example_dags/example_trigger_target_dag.py for tasks to queue
[2026-02-07T02:03:45.717+0000] {logging_mixin.py:188} INFO - [2026-02-07T02:03:45.716+0000] {dagbag.py:540} INFO - Filling up the DagBag from /home/airflow/.local/lib/python3.12/site-packages/airflow/example_dags/example_trigger_target_dag.py
[2026-02-07T02:03:45.725+0000] {processor.py:840} INFO - DAG(s) 'example_trigger_target_dag' retrieved from /home/airflow/.local/lib/python3.12/site-packages/airflow/example_dags/example_trigger_target_dag.py
[2026-02-07T02:03:45.750+0000] {logging_mixin.py:188} INFO - [2026-02-07T02:03:45.750+0000] {dag.py:3096} INFO - Sync 1 DAGs
[2026-02-07T02:03:45.764+0000] {logging_mixin.py:188} INFO - [2026-02-07T02:03:45.763+0000] {dag.py:3954} INFO - Setting next_dagrun for example_trigger_target_dag to None, run_after=None
[2026-02-07T02:03:46.015+0000] {processor.py:183} INFO - Processing /home/airflow/.local/lib/python3.12/site-packages/airflow/example_dags/example_trigger_target_dag.py took 0.314 seconds
[2026-02-07T02:04:16.292+0000] {processor.py:161} INFO - Started process (PID=1332) to work on /home/airflow/.local/lib/python3.12/site-packages/airflow/example_dags/example_trigger_target_dag.py
[2026-02-07T02:04:16.294+0000] {processor.py:830} INFO - Processing file /home/airflow/.local/lib/python3.12/site-packages/airflow/example_dags/example_trigger_target_dag.py for tasks to queue
[2026-02-07T02:04:16.296+0000] {logging_mixin.py:188} INFO - [2026-02-07T02:04:16.296+0000] {dagbag.py:540} INFO - Filling up the DagBag from /home/airflow/.local/lib/python3.12/site-packages/airflow/example_dags/example_trigger_target_dag.py
[2026-02-07T02:04:16.304+0000] {processor.py:840} INFO - DAG(s) 'example_trigger_target_dag' retrieved from /home/airflow/.local/lib/python3.12/site-packages/airflow/example_dags/example_trigger_target_dag.py
[2026-02-07T02:04:16.328+0000] {logging_mixin.py:188} INFO - [2026-02-07T02:04:16.327+0000] {dag.py:3096} INFO - Sync 1 DAGs
[2026-02-07T02:04:16.343+0000] {logging_mixin.py:188} INFO - [2026-02-07T02:04:16.343+0000] {dag.py:3954} INFO - Setting next_dagrun for example_trigger_target_dag to None, run_after=None
[2026-02-07T02:04:16.370+0000] {processor.py:183} INFO - Processing /home/airflow/.local/lib/python3.12/site-packages/airflow/example_dags/example_trigger_target_dag.py took 0.085 seconds
