[2026-02-07T01:35:27.941+0000] {processor.py:161} INFO - Started process (PID=74) to work on /home/airflow/.local/lib/python3.12/site-packages/airflow/example_dags/example_skip_dag.py
[2026-02-07T01:35:27.942+0000] {processor.py:830} INFO - Processing file /home/airflow/.local/lib/python3.12/site-packages/airflow/example_dags/example_skip_dag.py for tasks to queue
[2026-02-07T01:35:27.944+0000] {logging_mixin.py:188} INFO - [2026-02-07T01:35:27.943+0000] {dagbag.py:540} INFO - Filling up the DagBag from /home/airflow/.local/lib/python3.12/site-packages/airflow/example_dags/example_skip_dag.py
[2026-02-07T01:35:27.950+0000] {processor.py:840} INFO - DAG(s) 'example_skip_dag' retrieved from /home/airflow/.local/lib/python3.12/site-packages/airflow/example_dags/example_skip_dag.py
[2026-02-07T01:35:27.969+0000] {logging_mixin.py:188} INFO - [2026-02-07T01:35:27.969+0000] {dag.py:3096} INFO - Sync 1 DAGs
[2026-02-07T01:35:27.993+0000] {logging_mixin.py:188} INFO - [2026-02-07T01:35:27.993+0000] {dag.py:3954} INFO - Setting next_dagrun for example_skip_dag to 2026-02-06 00:00:00+00:00, run_after=2026-02-07 00:00:00+00:00
[2026-02-07T01:35:28.011+0000] {processor.py:183} INFO - Processing /home/airflow/.local/lib/python3.12/site-packages/airflow/example_dags/example_skip_dag.py took 0.076 seconds
[2026-02-07T01:35:58.709+0000] {processor.py:161} INFO - Started process (PID=126) to work on /home/airflow/.local/lib/python3.12/site-packages/airflow/example_dags/example_skip_dag.py
[2026-02-07T01:35:58.710+0000] {processor.py:830} INFO - Processing file /home/airflow/.local/lib/python3.12/site-packages/airflow/example_dags/example_skip_dag.py for tasks to queue
[2026-02-07T01:35:58.712+0000] {logging_mixin.py:188} INFO - [2026-02-07T01:35:58.712+0000] {dagbag.py:540} INFO - Filling up the DagBag from /home/airflow/.local/lib/python3.12/site-packages/airflow/example_dags/example_skip_dag.py
[2026-02-07T01:35:58.718+0000] {processor.py:840} INFO - DAG(s) 'example_skip_dag' retrieved from /home/airflow/.local/lib/python3.12/site-packages/airflow/example_dags/example_skip_dag.py
[2026-02-07T01:35:58.737+0000] {logging_mixin.py:188} INFO - [2026-02-07T01:35:58.737+0000] {dag.py:3096} INFO - Sync 1 DAGs
[2026-02-07T01:35:58.756+0000] {logging_mixin.py:188} INFO - [2026-02-07T01:35:58.756+0000] {dag.py:3954} INFO - Setting next_dagrun for example_skip_dag to 2026-02-06 00:00:00+00:00, run_after=2026-02-07 00:00:00+00:00
[2026-02-07T01:35:58.778+0000] {processor.py:183} INFO - Processing /home/airflow/.local/lib/python3.12/site-packages/airflow/example_dags/example_skip_dag.py took 0.073 seconds
[2026-02-07T01:36:29.405+0000] {processor.py:161} INFO - Started process (PID=178) to work on /home/airflow/.local/lib/python3.12/site-packages/airflow/example_dags/example_skip_dag.py
[2026-02-07T01:36:29.407+0000] {processor.py:830} INFO - Processing file /home/airflow/.local/lib/python3.12/site-packages/airflow/example_dags/example_skip_dag.py for tasks to queue
[2026-02-07T01:36:29.409+0000] {logging_mixin.py:188} INFO - [2026-02-07T01:36:29.409+0000] {dagbag.py:540} INFO - Filling up the DagBag from /home/airflow/.local/lib/python3.12/site-packages/airflow/example_dags/example_skip_dag.py
[2026-02-07T01:36:29.417+0000] {processor.py:840} INFO - DAG(s) 'example_skip_dag' retrieved from /home/airflow/.local/lib/python3.12/site-packages/airflow/example_dags/example_skip_dag.py
[2026-02-07T01:36:29.440+0000] {logging_mixin.py:188} INFO - [2026-02-07T01:36:29.440+0000] {dag.py:3096} INFO - Sync 1 DAGs
[2026-02-07T01:36:29.464+0000] {logging_mixin.py:188} INFO - [2026-02-07T01:36:29.464+0000] {dag.py:3954} INFO - Setting next_dagrun for example_skip_dag to 2026-02-06 00:00:00+00:00, run_after=2026-02-07 00:00:00+00:00
[2026-02-07T01:36:29.485+0000] {processor.py:183} INFO - Processing /home/airflow/.local/lib/python3.12/site-packages/airflow/example_dags/example_skip_dag.py took 0.086 seconds
[2026-02-07T01:37:00.135+0000] {processor.py:161} INFO - Started process (PID=230) to work on /home/airflow/.local/lib/python3.12/site-packages/airflow/example_dags/example_skip_dag.py
[2026-02-07T01:37:00.136+0000] {processor.py:830} INFO - Processing file /home/airflow/.local/lib/python3.12/site-packages/airflow/example_dags/example_skip_dag.py for tasks to queue
[2026-02-07T01:37:00.138+0000] {logging_mixin.py:188} INFO - [2026-02-07T01:37:00.138+0000] {dagbag.py:540} INFO - Filling up the DagBag from /home/airflow/.local/lib/python3.12/site-packages/airflow/example_dags/example_skip_dag.py
[2026-02-07T01:37:00.145+0000] {processor.py:840} INFO - DAG(s) 'example_skip_dag' retrieved from /home/airflow/.local/lib/python3.12/site-packages/airflow/example_dags/example_skip_dag.py
[2026-02-07T01:37:00.165+0000] {logging_mixin.py:188} INFO - [2026-02-07T01:37:00.165+0000] {dag.py:3096} INFO - Sync 1 DAGs
[2026-02-07T01:37:00.183+0000] {logging_mixin.py:188} INFO - [2026-02-07T01:37:00.183+0000] {dag.py:3954} INFO - Setting next_dagrun for example_skip_dag to 2026-02-06 00:00:00+00:00, run_after=2026-02-07 00:00:00+00:00
[2026-02-07T01:37:00.201+0000] {processor.py:183} INFO - Processing /home/airflow/.local/lib/python3.12/site-packages/airflow/example_dags/example_skip_dag.py took 0.072 seconds
[2026-02-07T01:37:30.826+0000] {processor.py:161} INFO - Started process (PID=282) to work on /home/airflow/.local/lib/python3.12/site-packages/airflow/example_dags/example_skip_dag.py
[2026-02-07T01:37:30.827+0000] {processor.py:830} INFO - Processing file /home/airflow/.local/lib/python3.12/site-packages/airflow/example_dags/example_skip_dag.py for tasks to queue
[2026-02-07T01:37:30.830+0000] {logging_mixin.py:188} INFO - [2026-02-07T01:37:30.829+0000] {dagbag.py:540} INFO - Filling up the DagBag from /home/airflow/.local/lib/python3.12/site-packages/airflow/example_dags/example_skip_dag.py
[2026-02-07T01:37:30.838+0000] {processor.py:840} INFO - DAG(s) 'example_skip_dag' retrieved from /home/airflow/.local/lib/python3.12/site-packages/airflow/example_dags/example_skip_dag.py
[2026-02-07T01:37:30.863+0000] {logging_mixin.py:188} INFO - [2026-02-07T01:37:30.862+0000] {dag.py:3096} INFO - Sync 1 DAGs
[2026-02-07T01:37:30.891+0000] {logging_mixin.py:188} INFO - [2026-02-07T01:37:30.890+0000] {dag.py:3954} INFO - Setting next_dagrun for example_skip_dag to 2026-02-06 00:00:00+00:00, run_after=2026-02-07 00:00:00+00:00
[2026-02-07T01:37:30.914+0000] {processor.py:183} INFO - Processing /home/airflow/.local/lib/python3.12/site-packages/airflow/example_dags/example_skip_dag.py took 0.095 seconds
[2026-02-07T01:38:01.609+0000] {processor.py:161} INFO - Started process (PID=334) to work on /home/airflow/.local/lib/python3.12/site-packages/airflow/example_dags/example_skip_dag.py
[2026-02-07T01:38:01.610+0000] {processor.py:830} INFO - Processing file /home/airflow/.local/lib/python3.12/site-packages/airflow/example_dags/example_skip_dag.py for tasks to queue
[2026-02-07T01:38:01.612+0000] {logging_mixin.py:188} INFO - [2026-02-07T01:38:01.612+0000] {dagbag.py:540} INFO - Filling up the DagBag from /home/airflow/.local/lib/python3.12/site-packages/airflow/example_dags/example_skip_dag.py
[2026-02-07T01:38:01.619+0000] {processor.py:840} INFO - DAG(s) 'example_skip_dag' retrieved from /home/airflow/.local/lib/python3.12/site-packages/airflow/example_dags/example_skip_dag.py
[2026-02-07T01:38:01.639+0000] {logging_mixin.py:188} INFO - [2026-02-07T01:38:01.639+0000] {dag.py:3096} INFO - Sync 1 DAGs
[2026-02-07T01:38:01.661+0000] {logging_mixin.py:188} INFO - [2026-02-07T01:38:01.661+0000] {dag.py:3954} INFO - Setting next_dagrun for example_skip_dag to 2026-02-06 00:00:00+00:00, run_after=2026-02-07 00:00:00+00:00
[2026-02-07T01:38:01.681+0000] {processor.py:183} INFO - Processing /home/airflow/.local/lib/python3.12/site-packages/airflow/example_dags/example_skip_dag.py took 0.078 seconds
[2026-02-07T01:38:32.570+0000] {processor.py:161} INFO - Started process (PID=386) to work on /home/airflow/.local/lib/python3.12/site-packages/airflow/example_dags/example_skip_dag.py
[2026-02-07T01:38:32.571+0000] {processor.py:830} INFO - Processing file /home/airflow/.local/lib/python3.12/site-packages/airflow/example_dags/example_skip_dag.py for tasks to queue
[2026-02-07T01:38:32.573+0000] {logging_mixin.py:188} INFO - [2026-02-07T01:38:32.573+0000] {dagbag.py:540} INFO - Filling up the DagBag from /home/airflow/.local/lib/python3.12/site-packages/airflow/example_dags/example_skip_dag.py
[2026-02-07T01:38:32.581+0000] {processor.py:840} INFO - DAG(s) 'example_skip_dag' retrieved from /home/airflow/.local/lib/python3.12/site-packages/airflow/example_dags/example_skip_dag.py
[2026-02-07T01:38:32.606+0000] {logging_mixin.py:188} INFO - [2026-02-07T01:38:32.605+0000] {dag.py:3096} INFO - Sync 1 DAGs
[2026-02-07T01:38:32.631+0000] {logging_mixin.py:188} INFO - [2026-02-07T01:38:32.631+0000] {dag.py:3954} INFO - Setting next_dagrun for example_skip_dag to 2026-02-06 00:00:00+00:00, run_after=2026-02-07 00:00:00+00:00
[2026-02-07T01:38:32.658+0000] {processor.py:183} INFO - Processing /home/airflow/.local/lib/python3.12/site-packages/airflow/example_dags/example_skip_dag.py took 0.095 seconds
[2026-02-07T01:39:04.065+0000] {processor.py:161} INFO - Started process (PID=438) to work on /home/airflow/.local/lib/python3.12/site-packages/airflow/example_dags/example_skip_dag.py
[2026-02-07T01:39:04.067+0000] {processor.py:830} INFO - Processing file /home/airflow/.local/lib/python3.12/site-packages/airflow/example_dags/example_skip_dag.py for tasks to queue
[2026-02-07T01:39:04.072+0000] {logging_mixin.py:188} INFO - [2026-02-07T01:39:04.071+0000] {dagbag.py:540} INFO - Filling up the DagBag from /home/airflow/.local/lib/python3.12/site-packages/airflow/example_dags/example_skip_dag.py
[2026-02-07T01:39:04.087+0000] {processor.py:840} INFO - DAG(s) 'example_skip_dag' retrieved from /home/airflow/.local/lib/python3.12/site-packages/airflow/example_dags/example_skip_dag.py
[2026-02-07T01:39:04.133+0000] {logging_mixin.py:188} INFO - [2026-02-07T01:39:04.133+0000] {dag.py:3096} INFO - Sync 1 DAGs
[2026-02-07T01:39:04.178+0000] {logging_mixin.py:188} INFO - [2026-02-07T01:39:04.178+0000] {dag.py:3954} INFO - Setting next_dagrun for example_skip_dag to 2026-02-06 00:00:00+00:00, run_after=2026-02-07 00:00:00+00:00
[2026-02-07T01:39:04.210+0000] {processor.py:183} INFO - Processing /home/airflow/.local/lib/python3.12/site-packages/airflow/example_dags/example_skip_dag.py took 0.158 seconds
[2026-02-07T01:39:34.892+0000] {processor.py:161} INFO - Started process (PID=490) to work on /home/airflow/.local/lib/python3.12/site-packages/airflow/example_dags/example_skip_dag.py
[2026-02-07T01:39:34.893+0000] {processor.py:830} INFO - Processing file /home/airflow/.local/lib/python3.12/site-packages/airflow/example_dags/example_skip_dag.py for tasks to queue
[2026-02-07T01:39:34.895+0000] {logging_mixin.py:188} INFO - [2026-02-07T01:39:34.894+0000] {dagbag.py:540} INFO - Filling up the DagBag from /home/airflow/.local/lib/python3.12/site-packages/airflow/example_dags/example_skip_dag.py
[2026-02-07T01:39:34.904+0000] {processor.py:840} INFO - DAG(s) 'example_skip_dag' retrieved from /home/airflow/.local/lib/python3.12/site-packages/airflow/example_dags/example_skip_dag.py
[2026-02-07T01:39:34.929+0000] {logging_mixin.py:188} INFO - [2026-02-07T01:39:34.929+0000] {dag.py:3096} INFO - Sync 1 DAGs
[2026-02-07T01:39:34.961+0000] {logging_mixin.py:188} INFO - [2026-02-07T01:39:34.961+0000] {dag.py:3954} INFO - Setting next_dagrun for example_skip_dag to 2026-02-06 00:00:00+00:00, run_after=2026-02-07 00:00:00+00:00
[2026-02-07T01:39:34.990+0000] {processor.py:183} INFO - Processing /home/airflow/.local/lib/python3.12/site-packages/airflow/example_dags/example_skip_dag.py took 0.105 seconds
[2026-02-07T01:40:05.592+0000] {processor.py:161} INFO - Started process (PID=542) to work on /home/airflow/.local/lib/python3.12/site-packages/airflow/example_dags/example_skip_dag.py
[2026-02-07T01:40:05.594+0000] {processor.py:830} INFO - Processing file /home/airflow/.local/lib/python3.12/site-packages/airflow/example_dags/example_skip_dag.py for tasks to queue
[2026-02-07T01:40:05.598+0000] {logging_mixin.py:188} INFO - [2026-02-07T01:40:05.597+0000] {dagbag.py:540} INFO - Filling up the DagBag from /home/airflow/.local/lib/python3.12/site-packages/airflow/example_dags/example_skip_dag.py
[2026-02-07T01:40:05.606+0000] {processor.py:840} INFO - DAG(s) 'example_skip_dag' retrieved from /home/airflow/.local/lib/python3.12/site-packages/airflow/example_dags/example_skip_dag.py
[2026-02-07T01:40:05.637+0000] {logging_mixin.py:188} INFO - [2026-02-07T01:40:05.637+0000] {dag.py:3096} INFO - Sync 1 DAGs
[2026-02-07T01:40:05.685+0000] {logging_mixin.py:188} INFO - [2026-02-07T01:40:05.684+0000] {dag.py:3954} INFO - Setting next_dagrun for example_skip_dag to 2026-02-06 00:00:00+00:00, run_after=2026-02-07 00:00:00+00:00
[2026-02-07T01:40:05.730+0000] {processor.py:183} INFO - Processing /home/airflow/.local/lib/python3.12/site-packages/airflow/example_dags/example_skip_dag.py took 0.146 seconds
[2026-02-07T01:40:35.883+0000] {processor.py:161} INFO - Started process (PID=594) to work on /home/airflow/.local/lib/python3.12/site-packages/airflow/example_dags/example_skip_dag.py
[2026-02-07T01:40:35.884+0000] {processor.py:830} INFO - Processing file /home/airflow/.local/lib/python3.12/site-packages/airflow/example_dags/example_skip_dag.py for tasks to queue
[2026-02-07T01:40:35.886+0000] {logging_mixin.py:188} INFO - [2026-02-07T01:40:35.885+0000] {dagbag.py:540} INFO - Filling up the DagBag from /home/airflow/.local/lib/python3.12/site-packages/airflow/example_dags/example_skip_dag.py
[2026-02-07T01:40:35.892+0000] {processor.py:840} INFO - DAG(s) 'example_skip_dag' retrieved from /home/airflow/.local/lib/python3.12/site-packages/airflow/example_dags/example_skip_dag.py
[2026-02-07T01:40:35.913+0000] {logging_mixin.py:188} INFO - [2026-02-07T01:40:35.912+0000] {dag.py:3096} INFO - Sync 1 DAGs
[2026-02-07T01:40:35.936+0000] {logging_mixin.py:188} INFO - [2026-02-07T01:40:35.936+0000] {dag.py:3954} INFO - Setting next_dagrun for example_skip_dag to 2026-02-06 00:00:00+00:00, run_after=2026-02-07 00:00:00+00:00
[2026-02-07T01:40:35.963+0000] {processor.py:183} INFO - Processing /home/airflow/.local/lib/python3.12/site-packages/airflow/example_dags/example_skip_dag.py took 0.086 seconds
[2026-02-07T01:41:06.883+0000] {processor.py:161} INFO - Started process (PID=646) to work on /home/airflow/.local/lib/python3.12/site-packages/airflow/example_dags/example_skip_dag.py
[2026-02-07T01:41:06.885+0000] {processor.py:830} INFO - Processing file /home/airflow/.local/lib/python3.12/site-packages/airflow/example_dags/example_skip_dag.py for tasks to queue
[2026-02-07T01:41:06.887+0000] {logging_mixin.py:188} INFO - [2026-02-07T01:41:06.887+0000] {dagbag.py:540} INFO - Filling up the DagBag from /home/airflow/.local/lib/python3.12/site-packages/airflow/example_dags/example_skip_dag.py
[2026-02-07T01:41:06.896+0000] {processor.py:840} INFO - DAG(s) 'example_skip_dag' retrieved from /home/airflow/.local/lib/python3.12/site-packages/airflow/example_dags/example_skip_dag.py
[2026-02-07T01:41:06.927+0000] {logging_mixin.py:188} INFO - [2026-02-07T01:41:06.926+0000] {dag.py:3096} INFO - Sync 1 DAGs
[2026-02-07T01:41:06.985+0000] {logging_mixin.py:188} INFO - [2026-02-07T01:41:06.984+0000] {dag.py:3954} INFO - Setting next_dagrun for example_skip_dag to 2026-02-06 00:00:00+00:00, run_after=2026-02-07 00:00:00+00:00
[2026-02-07T01:41:07.043+0000] {processor.py:183} INFO - Processing /home/airflow/.local/lib/python3.12/site-packages/airflow/example_dags/example_skip_dag.py took 0.166 seconds
[2026-02-07T01:41:37.112+0000] {processor.py:161} INFO - Started process (PID=697) to work on /home/airflow/.local/lib/python3.12/site-packages/airflow/example_dags/example_skip_dag.py
[2026-02-07T01:41:37.114+0000] {processor.py:830} INFO - Processing file /home/airflow/.local/lib/python3.12/site-packages/airflow/example_dags/example_skip_dag.py for tasks to queue
[2026-02-07T01:41:37.115+0000] {logging_mixin.py:188} INFO - [2026-02-07T01:41:37.115+0000] {dagbag.py:540} INFO - Filling up the DagBag from /home/airflow/.local/lib/python3.12/site-packages/airflow/example_dags/example_skip_dag.py
[2026-02-07T01:41:37.122+0000] {processor.py:840} INFO - DAG(s) 'example_skip_dag' retrieved from /home/airflow/.local/lib/python3.12/site-packages/airflow/example_dags/example_skip_dag.py
[2026-02-07T01:41:37.141+0000] {logging_mixin.py:188} INFO - [2026-02-07T01:41:37.141+0000] {dag.py:3096} INFO - Sync 1 DAGs
[2026-02-07T01:41:37.165+0000] {logging_mixin.py:188} INFO - [2026-02-07T01:41:37.165+0000] {dag.py:3954} INFO - Setting next_dagrun for example_skip_dag to 2026-02-06 00:00:00+00:00, run_after=2026-02-07 00:00:00+00:00
[2026-02-07T01:41:37.184+0000] {processor.py:183} INFO - Processing /home/airflow/.local/lib/python3.12/site-packages/airflow/example_dags/example_skip_dag.py took 0.078 seconds
[2026-02-07T01:42:07.814+0000] {processor.py:161} INFO - Started process (PID=750) to work on /home/airflow/.local/lib/python3.12/site-packages/airflow/example_dags/example_skip_dag.py
[2026-02-07T01:42:07.816+0000] {processor.py:830} INFO - Processing file /home/airflow/.local/lib/python3.12/site-packages/airflow/example_dags/example_skip_dag.py for tasks to queue
[2026-02-07T01:42:07.817+0000] {logging_mixin.py:188} INFO - [2026-02-07T01:42:07.817+0000] {dagbag.py:540} INFO - Filling up the DagBag from /home/airflow/.local/lib/python3.12/site-packages/airflow/example_dags/example_skip_dag.py
[2026-02-07T01:42:07.823+0000] {processor.py:840} INFO - DAG(s) 'example_skip_dag' retrieved from /home/airflow/.local/lib/python3.12/site-packages/airflow/example_dags/example_skip_dag.py
[2026-02-07T01:42:07.845+0000] {logging_mixin.py:188} INFO - [2026-02-07T01:42:07.845+0000] {dag.py:3096} INFO - Sync 1 DAGs
[2026-02-07T01:42:07.868+0000] {logging_mixin.py:188} INFO - [2026-02-07T01:42:07.867+0000] {dag.py:3954} INFO - Setting next_dagrun for example_skip_dag to 2026-02-06 00:00:00+00:00, run_after=2026-02-07 00:00:00+00:00
[2026-02-07T01:42:07.898+0000] {processor.py:183} INFO - Processing /home/airflow/.local/lib/python3.12/site-packages/airflow/example_dags/example_skip_dag.py took 0.089 seconds
[2026-02-07T01:42:38.020+0000] {processor.py:161} INFO - Started process (PID=802) to work on /home/airflow/.local/lib/python3.12/site-packages/airflow/example_dags/example_skip_dag.py
[2026-02-07T01:42:38.022+0000] {processor.py:830} INFO - Processing file /home/airflow/.local/lib/python3.12/site-packages/airflow/example_dags/example_skip_dag.py for tasks to queue
[2026-02-07T01:42:38.024+0000] {logging_mixin.py:188} INFO - [2026-02-07T01:42:38.024+0000] {dagbag.py:540} INFO - Filling up the DagBag from /home/airflow/.local/lib/python3.12/site-packages/airflow/example_dags/example_skip_dag.py
[2026-02-07T01:42:38.030+0000] {processor.py:840} INFO - DAG(s) 'example_skip_dag' retrieved from /home/airflow/.local/lib/python3.12/site-packages/airflow/example_dags/example_skip_dag.py
[2026-02-07T01:42:38.050+0000] {logging_mixin.py:188} INFO - [2026-02-07T01:42:38.050+0000] {dag.py:3096} INFO - Sync 1 DAGs
[2026-02-07T01:42:38.070+0000] {logging_mixin.py:188} INFO - [2026-02-07T01:42:38.070+0000] {dag.py:3954} INFO - Setting next_dagrun for example_skip_dag to 2026-02-06 00:00:00+00:00, run_after=2026-02-07 00:00:00+00:00
[2026-02-07T01:42:38.099+0000] {processor.py:183} INFO - Processing /home/airflow/.local/lib/python3.12/site-packages/airflow/example_dags/example_skip_dag.py took 0.085 seconds
[2026-02-07T01:43:08.342+0000] {processor.py:161} INFO - Started process (PID=854) to work on /home/airflow/.local/lib/python3.12/site-packages/airflow/example_dags/example_skip_dag.py
[2026-02-07T01:43:08.343+0000] {processor.py:830} INFO - Processing file /home/airflow/.local/lib/python3.12/site-packages/airflow/example_dags/example_skip_dag.py for tasks to queue
[2026-02-07T01:43:08.345+0000] {logging_mixin.py:188} INFO - [2026-02-07T01:43:08.344+0000] {dagbag.py:540} INFO - Filling up the DagBag from /home/airflow/.local/lib/python3.12/site-packages/airflow/example_dags/example_skip_dag.py
[2026-02-07T01:43:08.353+0000] {processor.py:840} INFO - DAG(s) 'example_skip_dag' retrieved from /home/airflow/.local/lib/python3.12/site-packages/airflow/example_dags/example_skip_dag.py
[2026-02-07T01:43:08.374+0000] {logging_mixin.py:188} INFO - [2026-02-07T01:43:08.374+0000] {dag.py:3096} INFO - Sync 1 DAGs
[2026-02-07T01:43:08.393+0000] {logging_mixin.py:188} INFO - [2026-02-07T01:43:08.393+0000] {dag.py:3954} INFO - Setting next_dagrun for example_skip_dag to 2026-02-06 00:00:00+00:00, run_after=2026-02-07 00:00:00+00:00
[2026-02-07T01:43:08.424+0000] {processor.py:183} INFO - Processing /home/airflow/.local/lib/python3.12/site-packages/airflow/example_dags/example_skip_dag.py took 0.087 seconds
[2026-02-07T01:43:38.863+0000] {processor.py:161} INFO - Started process (PID=906) to work on /home/airflow/.local/lib/python3.12/site-packages/airflow/example_dags/example_skip_dag.py
[2026-02-07T01:43:38.864+0000] {processor.py:830} INFO - Processing file /home/airflow/.local/lib/python3.12/site-packages/airflow/example_dags/example_skip_dag.py for tasks to queue
[2026-02-07T01:43:38.866+0000] {logging_mixin.py:188} INFO - [2026-02-07T01:43:38.865+0000] {dagbag.py:540} INFO - Filling up the DagBag from /home/airflow/.local/lib/python3.12/site-packages/airflow/example_dags/example_skip_dag.py
[2026-02-07T01:43:38.872+0000] {processor.py:840} INFO - DAG(s) 'example_skip_dag' retrieved from /home/airflow/.local/lib/python3.12/site-packages/airflow/example_dags/example_skip_dag.py
[2026-02-07T01:43:38.891+0000] {logging_mixin.py:188} INFO - [2026-02-07T01:43:38.891+0000] {dag.py:3096} INFO - Sync 1 DAGs
[2026-02-07T01:43:38.912+0000] {logging_mixin.py:188} INFO - [2026-02-07T01:43:38.912+0000] {dag.py:3954} INFO - Setting next_dagrun for example_skip_dag to 2026-02-06 00:00:00+00:00, run_after=2026-02-07 00:00:00+00:00
[2026-02-07T01:43:38.943+0000] {processor.py:183} INFO - Processing /home/airflow/.local/lib/python3.12/site-packages/airflow/example_dags/example_skip_dag.py took 0.086 seconds
[2026-02-07T01:44:09.825+0000] {processor.py:161} INFO - Started process (PID=958) to work on /home/airflow/.local/lib/python3.12/site-packages/airflow/example_dags/example_skip_dag.py
[2026-02-07T01:44:09.826+0000] {processor.py:830} INFO - Processing file /home/airflow/.local/lib/python3.12/site-packages/airflow/example_dags/example_skip_dag.py for tasks to queue
[2026-02-07T01:44:09.828+0000] {logging_mixin.py:188} INFO - [2026-02-07T01:44:09.828+0000] {dagbag.py:540} INFO - Filling up the DagBag from /home/airflow/.local/lib/python3.12/site-packages/airflow/example_dags/example_skip_dag.py
[2026-02-07T01:44:09.834+0000] {processor.py:840} INFO - DAG(s) 'example_skip_dag' retrieved from /home/airflow/.local/lib/python3.12/site-packages/airflow/example_dags/example_skip_dag.py
[2026-02-07T01:44:09.854+0000] {logging_mixin.py:188} INFO - [2026-02-07T01:44:09.853+0000] {dag.py:3096} INFO - Sync 1 DAGs
[2026-02-07T01:44:09.873+0000] {logging_mixin.py:188} INFO - [2026-02-07T01:44:09.872+0000] {dag.py:3954} INFO - Setting next_dagrun for example_skip_dag to 2026-02-06 00:00:00+00:00, run_after=2026-02-07 00:00:00+00:00
[2026-02-07T01:44:09.893+0000] {processor.py:183} INFO - Processing /home/airflow/.local/lib/python3.12/site-packages/airflow/example_dags/example_skip_dag.py took 0.073 seconds
[2026-02-07T01:44:40.507+0000] {processor.py:161} INFO - Started process (PID=1010) to work on /home/airflow/.local/lib/python3.12/site-packages/airflow/example_dags/example_skip_dag.py
[2026-02-07T01:44:40.508+0000] {processor.py:830} INFO - Processing file /home/airflow/.local/lib/python3.12/site-packages/airflow/example_dags/example_skip_dag.py for tasks to queue
[2026-02-07T01:44:40.510+0000] {logging_mixin.py:188} INFO - [2026-02-07T01:44:40.509+0000] {dagbag.py:540} INFO - Filling up the DagBag from /home/airflow/.local/lib/python3.12/site-packages/airflow/example_dags/example_skip_dag.py
[2026-02-07T01:44:40.515+0000] {processor.py:840} INFO - DAG(s) 'example_skip_dag' retrieved from /home/airflow/.local/lib/python3.12/site-packages/airflow/example_dags/example_skip_dag.py
[2026-02-07T01:44:40.534+0000] {logging_mixin.py:188} INFO - [2026-02-07T01:44:40.533+0000] {dag.py:3096} INFO - Sync 1 DAGs
[2026-02-07T01:44:40.552+0000] {logging_mixin.py:188} INFO - [2026-02-07T01:44:40.552+0000] {dag.py:3954} INFO - Setting next_dagrun for example_skip_dag to 2026-02-06 00:00:00+00:00, run_after=2026-02-07 00:00:00+00:00
[2026-02-07T01:44:40.586+0000] {processor.py:183} INFO - Processing /home/airflow/.local/lib/python3.12/site-packages/airflow/example_dags/example_skip_dag.py took 0.084 seconds
[2026-02-07T01:45:11.370+0000] {processor.py:161} INFO - Started process (PID=1062) to work on /home/airflow/.local/lib/python3.12/site-packages/airflow/example_dags/example_skip_dag.py
[2026-02-07T01:45:11.372+0000] {processor.py:830} INFO - Processing file /home/airflow/.local/lib/python3.12/site-packages/airflow/example_dags/example_skip_dag.py for tasks to queue
[2026-02-07T01:45:11.376+0000] {logging_mixin.py:188} INFO - [2026-02-07T01:45:11.375+0000] {dagbag.py:540} INFO - Filling up the DagBag from /home/airflow/.local/lib/python3.12/site-packages/airflow/example_dags/example_skip_dag.py
[2026-02-07T01:45:11.385+0000] {processor.py:840} INFO - DAG(s) 'example_skip_dag' retrieved from /home/airflow/.local/lib/python3.12/site-packages/airflow/example_dags/example_skip_dag.py
[2026-02-07T01:45:11.414+0000] {logging_mixin.py:188} INFO - [2026-02-07T01:45:11.413+0000] {dag.py:3096} INFO - Sync 1 DAGs
[2026-02-07T01:45:11.586+0000] {logging_mixin.py:188} INFO - [2026-02-07T01:45:11.585+0000] {dag.py:3954} INFO - Setting next_dagrun for example_skip_dag to 2026-02-06 00:00:00+00:00, run_after=2026-02-07 00:00:00+00:00
[2026-02-07T01:45:11.607+0000] {processor.py:183} INFO - Processing /home/airflow/.local/lib/python3.12/site-packages/airflow/example_dags/example_skip_dag.py took 0.245 seconds
[2026-02-07T01:45:41.816+0000] {processor.py:161} INFO - Started process (PID=1114) to work on /home/airflow/.local/lib/python3.12/site-packages/airflow/example_dags/example_skip_dag.py
[2026-02-07T01:45:41.817+0000] {processor.py:830} INFO - Processing file /home/airflow/.local/lib/python3.12/site-packages/airflow/example_dags/example_skip_dag.py for tasks to queue
[2026-02-07T01:45:41.820+0000] {logging_mixin.py:188} INFO - [2026-02-07T01:45:41.819+0000] {dagbag.py:540} INFO - Filling up the DagBag from /home/airflow/.local/lib/python3.12/site-packages/airflow/example_dags/example_skip_dag.py
[2026-02-07T01:45:41.827+0000] {processor.py:840} INFO - DAG(s) 'example_skip_dag' retrieved from /home/airflow/.local/lib/python3.12/site-packages/airflow/example_dags/example_skip_dag.py
[2026-02-07T01:45:41.852+0000] {logging_mixin.py:188} INFO - [2026-02-07T01:45:41.851+0000] {dag.py:3096} INFO - Sync 1 DAGs
[2026-02-07T01:45:41.875+0000] {logging_mixin.py:188} INFO - [2026-02-07T01:45:41.875+0000] {dag.py:3954} INFO - Setting next_dagrun for example_skip_dag to 2026-02-06 00:00:00+00:00, run_after=2026-02-07 00:00:00+00:00
[2026-02-07T01:45:42.025+0000] {processor.py:183} INFO - Processing /home/airflow/.local/lib/python3.12/site-packages/airflow/example_dags/example_skip_dag.py took 0.216 seconds
[2026-02-07T01:46:12.389+0000] {processor.py:161} INFO - Started process (PID=1166) to work on /home/airflow/.local/lib/python3.12/site-packages/airflow/example_dags/example_skip_dag.py
[2026-02-07T01:46:12.391+0000] {processor.py:830} INFO - Processing file /home/airflow/.local/lib/python3.12/site-packages/airflow/example_dags/example_skip_dag.py for tasks to queue
[2026-02-07T01:46:12.395+0000] {logging_mixin.py:188} INFO - [2026-02-07T01:46:12.394+0000] {dagbag.py:540} INFO - Filling up the DagBag from /home/airflow/.local/lib/python3.12/site-packages/airflow/example_dags/example_skip_dag.py
[2026-02-07T01:46:12.404+0000] {processor.py:840} INFO - DAG(s) 'example_skip_dag' retrieved from /home/airflow/.local/lib/python3.12/site-packages/airflow/example_dags/example_skip_dag.py
[2026-02-07T01:46:12.437+0000] {logging_mixin.py:188} INFO - [2026-02-07T01:46:12.437+0000] {dag.py:3096} INFO - Sync 1 DAGs
[2026-02-07T01:46:12.475+0000] {logging_mixin.py:188} INFO - [2026-02-07T01:46:12.474+0000] {dag.py:3954} INFO - Setting next_dagrun for example_skip_dag to 2026-02-06 00:00:00+00:00, run_after=2026-02-07 00:00:00+00:00
[2026-02-07T01:46:12.500+0000] {processor.py:183} INFO - Processing /home/airflow/.local/lib/python3.12/site-packages/airflow/example_dags/example_skip_dag.py took 0.121 seconds
[2026-02-07T01:46:42.573+0000] {processor.py:161} INFO - Started process (PID=1218) to work on /home/airflow/.local/lib/python3.12/site-packages/airflow/example_dags/example_skip_dag.py
[2026-02-07T01:46:42.574+0000] {processor.py:830} INFO - Processing file /home/airflow/.local/lib/python3.12/site-packages/airflow/example_dags/example_skip_dag.py for tasks to queue
[2026-02-07T01:46:42.577+0000] {logging_mixin.py:188} INFO - [2026-02-07T01:46:42.577+0000] {dagbag.py:540} INFO - Filling up the DagBag from /home/airflow/.local/lib/python3.12/site-packages/airflow/example_dags/example_skip_dag.py
[2026-02-07T01:46:42.586+0000] {processor.py:840} INFO - DAG(s) 'example_skip_dag' retrieved from /home/airflow/.local/lib/python3.12/site-packages/airflow/example_dags/example_skip_dag.py
[2026-02-07T01:46:42.614+0000] {logging_mixin.py:188} INFO - [2026-02-07T01:46:42.614+0000] {dag.py:3096} INFO - Sync 1 DAGs
[2026-02-07T01:46:42.642+0000] {logging_mixin.py:188} INFO - [2026-02-07T01:46:42.642+0000] {dag.py:3954} INFO - Setting next_dagrun for example_skip_dag to 2026-02-06 00:00:00+00:00, run_after=2026-02-07 00:00:00+00:00
[2026-02-07T01:46:42.665+0000] {processor.py:183} INFO - Processing /home/airflow/.local/lib/python3.12/site-packages/airflow/example_dags/example_skip_dag.py took 0.100 seconds
[2026-02-07T01:47:13.126+0000] {processor.py:161} INFO - Started process (PID=1270) to work on /home/airflow/.local/lib/python3.12/site-packages/airflow/example_dags/example_skip_dag.py
[2026-02-07T01:47:13.128+0000] {processor.py:830} INFO - Processing file /home/airflow/.local/lib/python3.12/site-packages/airflow/example_dags/example_skip_dag.py for tasks to queue
[2026-02-07T01:47:13.131+0000] {logging_mixin.py:188} INFO - [2026-02-07T01:47:13.131+0000] {dagbag.py:540} INFO - Filling up the DagBag from /home/airflow/.local/lib/python3.12/site-packages/airflow/example_dags/example_skip_dag.py
[2026-02-07T01:47:13.139+0000] {processor.py:840} INFO - DAG(s) 'example_skip_dag' retrieved from /home/airflow/.local/lib/python3.12/site-packages/airflow/example_dags/example_skip_dag.py
[2026-02-07T01:47:13.167+0000] {logging_mixin.py:188} INFO - [2026-02-07T01:47:13.167+0000] {dag.py:3096} INFO - Sync 1 DAGs
[2026-02-07T01:47:13.197+0000] {logging_mixin.py:188} INFO - [2026-02-07T01:47:13.196+0000] {dag.py:3954} INFO - Setting next_dagrun for example_skip_dag to 2026-02-06 00:00:00+00:00, run_after=2026-02-07 00:00:00+00:00
[2026-02-07T01:47:13.223+0000] {processor.py:183} INFO - Processing /home/airflow/.local/lib/python3.12/site-packages/airflow/example_dags/example_skip_dag.py took 0.107 seconds
[2026-02-07T01:47:44.342+0000] {processor.py:161} INFO - Started process (PID=1322) to work on /home/airflow/.local/lib/python3.12/site-packages/airflow/example_dags/example_skip_dag.py
[2026-02-07T01:47:44.343+0000] {processor.py:830} INFO - Processing file /home/airflow/.local/lib/python3.12/site-packages/airflow/example_dags/example_skip_dag.py for tasks to queue
[2026-02-07T01:47:44.346+0000] {logging_mixin.py:188} INFO - [2026-02-07T01:47:44.345+0000] {dagbag.py:540} INFO - Filling up the DagBag from /home/airflow/.local/lib/python3.12/site-packages/airflow/example_dags/example_skip_dag.py
[2026-02-07T01:47:44.354+0000] {processor.py:840} INFO - DAG(s) 'example_skip_dag' retrieved from /home/airflow/.local/lib/python3.12/site-packages/airflow/example_dags/example_skip_dag.py
[2026-02-07T01:47:44.381+0000] {logging_mixin.py:188} INFO - [2026-02-07T01:47:44.381+0000] {dag.py:3096} INFO - Sync 1 DAGs
[2026-02-07T01:47:44.408+0000] {logging_mixin.py:188} INFO - [2026-02-07T01:47:44.407+0000] {dag.py:3954} INFO - Setting next_dagrun for example_skip_dag to 2026-02-06 00:00:00+00:00, run_after=2026-02-07 00:00:00+00:00
[2026-02-07T01:47:44.432+0000] {processor.py:183} INFO - Processing /home/airflow/.local/lib/python3.12/site-packages/airflow/example_dags/example_skip_dag.py took 0.098 seconds
[2026-02-07T01:48:15.386+0000] {processor.py:161} INFO - Started process (PID=1374) to work on /home/airflow/.local/lib/python3.12/site-packages/airflow/example_dags/example_skip_dag.py
[2026-02-07T01:48:15.388+0000] {processor.py:830} INFO - Processing file /home/airflow/.local/lib/python3.12/site-packages/airflow/example_dags/example_skip_dag.py for tasks to queue
[2026-02-07T01:48:15.395+0000] {logging_mixin.py:188} INFO - [2026-02-07T01:48:15.394+0000] {dagbag.py:540} INFO - Filling up the DagBag from /home/airflow/.local/lib/python3.12/site-packages/airflow/example_dags/example_skip_dag.py
[2026-02-07T01:48:15.405+0000] {processor.py:840} INFO - DAG(s) 'example_skip_dag' retrieved from /home/airflow/.local/lib/python3.12/site-packages/airflow/example_dags/example_skip_dag.py
[2026-02-07T01:48:15.439+0000] {logging_mixin.py:188} INFO - [2026-02-07T01:48:15.439+0000] {dag.py:3096} INFO - Sync 1 DAGs
[2026-02-07T01:48:15.473+0000] {logging_mixin.py:188} INFO - [2026-02-07T01:48:15.473+0000] {dag.py:3954} INFO - Setting next_dagrun for example_skip_dag to 2026-02-06 00:00:00+00:00, run_after=2026-02-07 00:00:00+00:00
[2026-02-07T01:48:15.503+0000] {processor.py:183} INFO - Processing /home/airflow/.local/lib/python3.12/site-packages/airflow/example_dags/example_skip_dag.py took 0.127 seconds
[2026-02-07T01:51:43.850+0000] {processor.py:161} INFO - Started process (PID=74) to work on /home/airflow/.local/lib/python3.12/site-packages/airflow/example_dags/example_skip_dag.py
[2026-02-07T01:51:43.853+0000] {processor.py:830} INFO - Processing file /home/airflow/.local/lib/python3.12/site-packages/airflow/example_dags/example_skip_dag.py for tasks to queue
[2026-02-07T01:51:43.857+0000] {logging_mixin.py:188} INFO - [2026-02-07T01:51:43.857+0000] {dagbag.py:540} INFO - Filling up the DagBag from /home/airflow/.local/lib/python3.12/site-packages/airflow/example_dags/example_skip_dag.py
[2026-02-07T01:51:43.880+0000] {processor.py:840} INFO - DAG(s) 'example_skip_dag' retrieved from /home/airflow/.local/lib/python3.12/site-packages/airflow/example_dags/example_skip_dag.py
[2026-02-07T01:51:43.932+0000] {logging_mixin.py:188} INFO - [2026-02-07T01:51:43.932+0000] {dag.py:3096} INFO - Sync 1 DAGs
[2026-02-07T01:51:44.006+0000] {logging_mixin.py:188} INFO - [2026-02-07T01:51:44.005+0000] {dag.py:3954} INFO - Setting next_dagrun for example_skip_dag to 2026-02-06 00:00:00+00:00, run_after=2026-02-07 00:00:00+00:00
[2026-02-07T01:51:44.091+0000] {processor.py:183} INFO - Processing /home/airflow/.local/lib/python3.12/site-packages/airflow/example_dags/example_skip_dag.py took 0.258 seconds
[2026-02-07T01:52:14.247+0000] {processor.py:161} INFO - Started process (PID=126) to work on /home/airflow/.local/lib/python3.12/site-packages/airflow/example_dags/example_skip_dag.py
[2026-02-07T01:52:14.249+0000] {processor.py:830} INFO - Processing file /home/airflow/.local/lib/python3.12/site-packages/airflow/example_dags/example_skip_dag.py for tasks to queue
[2026-02-07T01:52:14.251+0000] {logging_mixin.py:188} INFO - [2026-02-07T01:52:14.251+0000] {dagbag.py:540} INFO - Filling up the DagBag from /home/airflow/.local/lib/python3.12/site-packages/airflow/example_dags/example_skip_dag.py
[2026-02-07T01:52:14.258+0000] {processor.py:840} INFO - DAG(s) 'example_skip_dag' retrieved from /home/airflow/.local/lib/python3.12/site-packages/airflow/example_dags/example_skip_dag.py
[2026-02-07T01:52:14.362+0000] {logging_mixin.py:188} INFO - [2026-02-07T01:52:14.362+0000] {dag.py:3096} INFO - Sync 1 DAGs
[2026-02-07T01:52:14.383+0000] {logging_mixin.py:188} INFO - [2026-02-07T01:52:14.383+0000] {dag.py:3954} INFO - Setting next_dagrun for example_skip_dag to 2026-02-06 00:00:00+00:00, run_after=2026-02-07 00:00:00+00:00
[2026-02-07T01:52:14.405+0000] {processor.py:183} INFO - Processing /home/airflow/.local/lib/python3.12/site-packages/airflow/example_dags/example_skip_dag.py took 0.164 seconds
[2026-02-07T01:52:44.612+0000] {processor.py:161} INFO - Started process (PID=178) to work on /home/airflow/.local/lib/python3.12/site-packages/airflow/example_dags/example_skip_dag.py
[2026-02-07T01:52:44.613+0000] {processor.py:830} INFO - Processing file /home/airflow/.local/lib/python3.12/site-packages/airflow/example_dags/example_skip_dag.py for tasks to queue
[2026-02-07T01:52:44.616+0000] {logging_mixin.py:188} INFO - [2026-02-07T01:52:44.615+0000] {dagbag.py:540} INFO - Filling up the DagBag from /home/airflow/.local/lib/python3.12/site-packages/airflow/example_dags/example_skip_dag.py
[2026-02-07T01:52:44.623+0000] {processor.py:840} INFO - DAG(s) 'example_skip_dag' retrieved from /home/airflow/.local/lib/python3.12/site-packages/airflow/example_dags/example_skip_dag.py
[2026-02-07T01:52:44.647+0000] {logging_mixin.py:188} INFO - [2026-02-07T01:52:44.647+0000] {dag.py:3096} INFO - Sync 1 DAGs
[2026-02-07T01:52:44.669+0000] {logging_mixin.py:188} INFO - [2026-02-07T01:52:44.669+0000] {dag.py:3954} INFO - Setting next_dagrun for example_skip_dag to 2026-02-06 00:00:00+00:00, run_after=2026-02-07 00:00:00+00:00
[2026-02-07T01:52:44.690+0000] {processor.py:183} INFO - Processing /home/airflow/.local/lib/python3.12/site-packages/airflow/example_dags/example_skip_dag.py took 0.085 seconds
[2026-02-07T01:53:15.448+0000] {processor.py:161} INFO - Started process (PID=230) to work on /home/airflow/.local/lib/python3.12/site-packages/airflow/example_dags/example_skip_dag.py
[2026-02-07T01:53:15.450+0000] {processor.py:830} INFO - Processing file /home/airflow/.local/lib/python3.12/site-packages/airflow/example_dags/example_skip_dag.py for tasks to queue
[2026-02-07T01:53:15.453+0000] {logging_mixin.py:188} INFO - [2026-02-07T01:53:15.452+0000] {dagbag.py:540} INFO - Filling up the DagBag from /home/airflow/.local/lib/python3.12/site-packages/airflow/example_dags/example_skip_dag.py
[2026-02-07T01:53:15.465+0000] {processor.py:840} INFO - DAG(s) 'example_skip_dag' retrieved from /home/airflow/.local/lib/python3.12/site-packages/airflow/example_dags/example_skip_dag.py
[2026-02-07T01:53:15.502+0000] {logging_mixin.py:188} INFO - [2026-02-07T01:53:15.502+0000] {dag.py:3096} INFO - Sync 1 DAGs
[2026-02-07T01:53:15.565+0000] {logging_mixin.py:188} INFO - [2026-02-07T01:53:15.563+0000] {dag.py:3954} INFO - Setting next_dagrun for example_skip_dag to 2026-02-06 00:00:00+00:00, run_after=2026-02-07 00:00:00+00:00
[2026-02-07T01:53:15.609+0000] {processor.py:183} INFO - Processing /home/airflow/.local/lib/python3.12/site-packages/airflow/example_dags/example_skip_dag.py took 0.171 seconds
[2026-02-07T01:53:45.678+0000] {processor.py:161} INFO - Started process (PID=282) to work on /home/airflow/.local/lib/python3.12/site-packages/airflow/example_dags/example_skip_dag.py
[2026-02-07T01:53:45.679+0000] {processor.py:830} INFO - Processing file /home/airflow/.local/lib/python3.12/site-packages/airflow/example_dags/example_skip_dag.py for tasks to queue
[2026-02-07T01:53:45.681+0000] {logging_mixin.py:188} INFO - [2026-02-07T01:53:45.681+0000] {dagbag.py:540} INFO - Filling up the DagBag from /home/airflow/.local/lib/python3.12/site-packages/airflow/example_dags/example_skip_dag.py
[2026-02-07T01:53:45.689+0000] {processor.py:840} INFO - DAG(s) 'example_skip_dag' retrieved from /home/airflow/.local/lib/python3.12/site-packages/airflow/example_dags/example_skip_dag.py
[2026-02-07T01:53:45.714+0000] {logging_mixin.py:188} INFO - [2026-02-07T01:53:45.714+0000] {dag.py:3096} INFO - Sync 1 DAGs
[2026-02-07T01:53:45.739+0000] {logging_mixin.py:188} INFO - [2026-02-07T01:53:45.739+0000] {dag.py:3954} INFO - Setting next_dagrun for example_skip_dag to 2026-02-06 00:00:00+00:00, run_after=2026-02-07 00:00:00+00:00
[2026-02-07T01:53:45.763+0000] {processor.py:183} INFO - Processing /home/airflow/.local/lib/python3.12/site-packages/airflow/example_dags/example_skip_dag.py took 0.094 seconds
[2026-02-07T01:54:15.960+0000] {processor.py:161} INFO - Started process (PID=334) to work on /home/airflow/.local/lib/python3.12/site-packages/airflow/example_dags/example_skip_dag.py
[2026-02-07T01:54:15.961+0000] {processor.py:830} INFO - Processing file /home/airflow/.local/lib/python3.12/site-packages/airflow/example_dags/example_skip_dag.py for tasks to queue
[2026-02-07T01:54:15.963+0000] {logging_mixin.py:188} INFO - [2026-02-07T01:54:15.962+0000] {dagbag.py:540} INFO - Filling up the DagBag from /home/airflow/.local/lib/python3.12/site-packages/airflow/example_dags/example_skip_dag.py
[2026-02-07T01:54:15.969+0000] {processor.py:840} INFO - DAG(s) 'example_skip_dag' retrieved from /home/airflow/.local/lib/python3.12/site-packages/airflow/example_dags/example_skip_dag.py
[2026-02-07T01:54:15.988+0000] {logging_mixin.py:188} INFO - [2026-02-07T01:54:15.988+0000] {dag.py:3096} INFO - Sync 1 DAGs
[2026-02-07T01:54:16.007+0000] {logging_mixin.py:188} INFO - [2026-02-07T01:54:16.007+0000] {dag.py:3954} INFO - Setting next_dagrun for example_skip_dag to 2026-02-06 00:00:00+00:00, run_after=2026-02-07 00:00:00+00:00
[2026-02-07T01:54:16.026+0000] {processor.py:183} INFO - Processing /home/airflow/.local/lib/python3.12/site-packages/airflow/example_dags/example_skip_dag.py took 0.072 seconds
[2026-02-07T01:54:46.270+0000] {processor.py:161} INFO - Started process (PID=386) to work on /home/airflow/.local/lib/python3.12/site-packages/airflow/example_dags/example_skip_dag.py
[2026-02-07T01:54:46.271+0000] {processor.py:830} INFO - Processing file /home/airflow/.local/lib/python3.12/site-packages/airflow/example_dags/example_skip_dag.py for tasks to queue
[2026-02-07T01:54:46.273+0000] {logging_mixin.py:188} INFO - [2026-02-07T01:54:46.273+0000] {dagbag.py:540} INFO - Filling up the DagBag from /home/airflow/.local/lib/python3.12/site-packages/airflow/example_dags/example_skip_dag.py
[2026-02-07T01:54:46.279+0000] {processor.py:840} INFO - DAG(s) 'example_skip_dag' retrieved from /home/airflow/.local/lib/python3.12/site-packages/airflow/example_dags/example_skip_dag.py
[2026-02-07T01:54:46.298+0000] {logging_mixin.py:188} INFO - [2026-02-07T01:54:46.297+0000] {dag.py:3096} INFO - Sync 1 DAGs
[2026-02-07T01:54:46.317+0000] {logging_mixin.py:188} INFO - [2026-02-07T01:54:46.317+0000] {dag.py:3954} INFO - Setting next_dagrun for example_skip_dag to 2026-02-06 00:00:00+00:00, run_after=2026-02-07 00:00:00+00:00
[2026-02-07T01:54:46.336+0000] {processor.py:183} INFO - Processing /home/airflow/.local/lib/python3.12/site-packages/airflow/example_dags/example_skip_dag.py took 0.071 seconds
[2026-02-07T01:55:17.158+0000] {processor.py:161} INFO - Started process (PID=438) to work on /home/airflow/.local/lib/python3.12/site-packages/airflow/example_dags/example_skip_dag.py
[2026-02-07T01:55:17.160+0000] {processor.py:830} INFO - Processing file /home/airflow/.local/lib/python3.12/site-packages/airflow/example_dags/example_skip_dag.py for tasks to queue
[2026-02-07T01:55:17.162+0000] {logging_mixin.py:188} INFO - [2026-02-07T01:55:17.161+0000] {dagbag.py:540} INFO - Filling up the DagBag from /home/airflow/.local/lib/python3.12/site-packages/airflow/example_dags/example_skip_dag.py
[2026-02-07T01:55:17.170+0000] {processor.py:840} INFO - DAG(s) 'example_skip_dag' retrieved from /home/airflow/.local/lib/python3.12/site-packages/airflow/example_dags/example_skip_dag.py
[2026-02-07T01:55:17.192+0000] {logging_mixin.py:188} INFO - [2026-02-07T01:55:17.192+0000] {dag.py:3096} INFO - Sync 1 DAGs
[2026-02-07T01:55:17.213+0000] {logging_mixin.py:188} INFO - [2026-02-07T01:55:17.213+0000] {dag.py:3954} INFO - Setting next_dagrun for example_skip_dag to 2026-02-06 00:00:00+00:00, run_after=2026-02-07 00:00:00+00:00
[2026-02-07T01:55:17.233+0000] {processor.py:183} INFO - Processing /home/airflow/.local/lib/python3.12/site-packages/airflow/example_dags/example_skip_dag.py took 0.082 seconds
[2026-02-07T01:55:47.925+0000] {processor.py:161} INFO - Started process (PID=490) to work on /home/airflow/.local/lib/python3.12/site-packages/airflow/example_dags/example_skip_dag.py
[2026-02-07T01:55:47.928+0000] {processor.py:830} INFO - Processing file /home/airflow/.local/lib/python3.12/site-packages/airflow/example_dags/example_skip_dag.py for tasks to queue
[2026-02-07T01:55:47.932+0000] {logging_mixin.py:188} INFO - [2026-02-07T01:55:47.931+0000] {dagbag.py:540} INFO - Filling up the DagBag from /home/airflow/.local/lib/python3.12/site-packages/airflow/example_dags/example_skip_dag.py
[2026-02-07T01:55:47.942+0000] {processor.py:840} INFO - DAG(s) 'example_skip_dag' retrieved from /home/airflow/.local/lib/python3.12/site-packages/airflow/example_dags/example_skip_dag.py
[2026-02-07T01:55:47.978+0000] {logging_mixin.py:188} INFO - [2026-02-07T01:55:47.977+0000] {dag.py:3096} INFO - Sync 1 DAGs
[2026-02-07T01:55:48.005+0000] {logging_mixin.py:188} INFO - [2026-02-07T01:55:48.005+0000] {dag.py:3954} INFO - Setting next_dagrun for example_skip_dag to 2026-02-06 00:00:00+00:00, run_after=2026-02-07 00:00:00+00:00
[2026-02-07T01:55:48.034+0000] {processor.py:183} INFO - Processing /home/airflow/.local/lib/python3.12/site-packages/airflow/example_dags/example_skip_dag.py took 0.120 seconds
[2026-02-07T01:56:18.243+0000] {processor.py:161} INFO - Started process (PID=542) to work on /home/airflow/.local/lib/python3.12/site-packages/airflow/example_dags/example_skip_dag.py
[2026-02-07T01:56:18.245+0000] {processor.py:830} INFO - Processing file /home/airflow/.local/lib/python3.12/site-packages/airflow/example_dags/example_skip_dag.py for tasks to queue
[2026-02-07T01:56:18.247+0000] {logging_mixin.py:188} INFO - [2026-02-07T01:56:18.247+0000] {dagbag.py:540} INFO - Filling up the DagBag from /home/airflow/.local/lib/python3.12/site-packages/airflow/example_dags/example_skip_dag.py
[2026-02-07T01:56:18.254+0000] {processor.py:840} INFO - DAG(s) 'example_skip_dag' retrieved from /home/airflow/.local/lib/python3.12/site-packages/airflow/example_dags/example_skip_dag.py
[2026-02-07T01:56:18.284+0000] {logging_mixin.py:188} INFO - [2026-02-07T01:56:18.284+0000] {dag.py:3096} INFO - Sync 1 DAGs
[2026-02-07T01:56:18.311+0000] {logging_mixin.py:188} INFO - [2026-02-07T01:56:18.311+0000] {dag.py:3954} INFO - Setting next_dagrun for example_skip_dag to 2026-02-06 00:00:00+00:00, run_after=2026-02-07 00:00:00+00:00
[2026-02-07T01:56:18.335+0000] {processor.py:183} INFO - Processing /home/airflow/.local/lib/python3.12/site-packages/airflow/example_dags/example_skip_dag.py took 0.099 seconds
[2026-02-07T01:56:49.322+0000] {processor.py:161} INFO - Started process (PID=594) to work on /home/airflow/.local/lib/python3.12/site-packages/airflow/example_dags/example_skip_dag.py
[2026-02-07T01:56:49.324+0000] {processor.py:830} INFO - Processing file /home/airflow/.local/lib/python3.12/site-packages/airflow/example_dags/example_skip_dag.py for tasks to queue
[2026-02-07T01:56:49.327+0000] {logging_mixin.py:188} INFO - [2026-02-07T01:56:49.326+0000] {dagbag.py:540} INFO - Filling up the DagBag from /home/airflow/.local/lib/python3.12/site-packages/airflow/example_dags/example_skip_dag.py
[2026-02-07T01:56:49.338+0000] {processor.py:840} INFO - DAG(s) 'example_skip_dag' retrieved from /home/airflow/.local/lib/python3.12/site-packages/airflow/example_dags/example_skip_dag.py
[2026-02-07T01:56:49.372+0000] {logging_mixin.py:188} INFO - [2026-02-07T01:56:49.372+0000] {dag.py:3096} INFO - Sync 1 DAGs
[2026-02-07T01:56:49.402+0000] {logging_mixin.py:188} INFO - [2026-02-07T01:56:49.401+0000] {dag.py:3954} INFO - Setting next_dagrun for example_skip_dag to 2026-02-06 00:00:00+00:00, run_after=2026-02-07 00:00:00+00:00
[2026-02-07T01:56:49.428+0000] {processor.py:183} INFO - Processing /home/airflow/.local/lib/python3.12/site-packages/airflow/example_dags/example_skip_dag.py took 0.116 seconds
[2026-02-07T01:57:20.421+0000] {processor.py:161} INFO - Started process (PID=646) to work on /home/airflow/.local/lib/python3.12/site-packages/airflow/example_dags/example_skip_dag.py
[2026-02-07T01:57:20.422+0000] {processor.py:830} INFO - Processing file /home/airflow/.local/lib/python3.12/site-packages/airflow/example_dags/example_skip_dag.py for tasks to queue
[2026-02-07T01:57:20.425+0000] {logging_mixin.py:188} INFO - [2026-02-07T01:57:20.424+0000] {dagbag.py:540} INFO - Filling up the DagBag from /home/airflow/.local/lib/python3.12/site-packages/airflow/example_dags/example_skip_dag.py
[2026-02-07T01:57:20.431+0000] {processor.py:840} INFO - DAG(s) 'example_skip_dag' retrieved from /home/airflow/.local/lib/python3.12/site-packages/airflow/example_dags/example_skip_dag.py
[2026-02-07T01:57:20.451+0000] {logging_mixin.py:188} INFO - [2026-02-07T01:57:20.451+0000] {dag.py:3096} INFO - Sync 1 DAGs
[2026-02-07T01:57:20.469+0000] {logging_mixin.py:188} INFO - [2026-02-07T01:57:20.469+0000] {dag.py:3954} INFO - Setting next_dagrun for example_skip_dag to 2026-02-06 00:00:00+00:00, run_after=2026-02-07 00:00:00+00:00
[2026-02-07T01:57:20.485+0000] {processor.py:183} INFO - Processing /home/airflow/.local/lib/python3.12/site-packages/airflow/example_dags/example_skip_dag.py took 0.071 seconds
[2026-02-07T01:57:50.895+0000] {processor.py:161} INFO - Started process (PID=698) to work on /home/airflow/.local/lib/python3.12/site-packages/airflow/example_dags/example_skip_dag.py
[2026-02-07T01:57:50.897+0000] {processor.py:830} INFO - Processing file /home/airflow/.local/lib/python3.12/site-packages/airflow/example_dags/example_skip_dag.py for tasks to queue
[2026-02-07T01:57:50.899+0000] {logging_mixin.py:188} INFO - [2026-02-07T01:57:50.899+0000] {dagbag.py:540} INFO - Filling up the DagBag from /home/airflow/.local/lib/python3.12/site-packages/airflow/example_dags/example_skip_dag.py
[2026-02-07T01:57:50.909+0000] {processor.py:840} INFO - DAG(s) 'example_skip_dag' retrieved from /home/airflow/.local/lib/python3.12/site-packages/airflow/example_dags/example_skip_dag.py
[2026-02-07T01:57:50.934+0000] {logging_mixin.py:188} INFO - [2026-02-07T01:57:50.933+0000] {dag.py:3096} INFO - Sync 1 DAGs
[2026-02-07T01:57:50.959+0000] {logging_mixin.py:188} INFO - [2026-02-07T01:57:50.959+0000] {dag.py:3954} INFO - Setting next_dagrun for example_skip_dag to 2026-02-06 00:00:00+00:00, run_after=2026-02-07 00:00:00+00:00
[2026-02-07T01:57:50.982+0000] {processor.py:183} INFO - Processing /home/airflow/.local/lib/python3.12/site-packages/airflow/example_dags/example_skip_dag.py took 0.095 seconds
[2026-02-07T01:58:21.978+0000] {processor.py:161} INFO - Started process (PID=750) to work on /home/airflow/.local/lib/python3.12/site-packages/airflow/example_dags/example_skip_dag.py
[2026-02-07T01:58:21.982+0000] {processor.py:830} INFO - Processing file /home/airflow/.local/lib/python3.12/site-packages/airflow/example_dags/example_skip_dag.py for tasks to queue
[2026-02-07T01:58:21.987+0000] {logging_mixin.py:188} INFO - [2026-02-07T01:58:21.986+0000] {dagbag.py:540} INFO - Filling up the DagBag from /home/airflow/.local/lib/python3.12/site-packages/airflow/example_dags/example_skip_dag.py
[2026-02-07T01:58:22.014+0000] {processor.py:840} INFO - DAG(s) 'example_skip_dag' retrieved from /home/airflow/.local/lib/python3.12/site-packages/airflow/example_dags/example_skip_dag.py
[2026-02-07T01:58:22.079+0000] {logging_mixin.py:188} INFO - [2026-02-07T01:58:22.078+0000] {dag.py:3096} INFO - Sync 1 DAGs
[2026-02-07T01:58:22.160+0000] {logging_mixin.py:188} INFO - [2026-02-07T01:58:22.159+0000] {dag.py:3954} INFO - Setting next_dagrun for example_skip_dag to 2026-02-06 00:00:00+00:00, run_after=2026-02-07 00:00:00+00:00
[2026-02-07T01:58:22.199+0000] {processor.py:183} INFO - Processing /home/airflow/.local/lib/python3.12/site-packages/airflow/example_dags/example_skip_dag.py took 0.243 seconds
[2026-02-07T01:58:52.497+0000] {processor.py:161} INFO - Started process (PID=802) to work on /home/airflow/.local/lib/python3.12/site-packages/airflow/example_dags/example_skip_dag.py
[2026-02-07T01:58:52.498+0000] {processor.py:830} INFO - Processing file /home/airflow/.local/lib/python3.12/site-packages/airflow/example_dags/example_skip_dag.py for tasks to queue
[2026-02-07T01:58:52.500+0000] {logging_mixin.py:188} INFO - [2026-02-07T01:58:52.500+0000] {dagbag.py:540} INFO - Filling up the DagBag from /home/airflow/.local/lib/python3.12/site-packages/airflow/example_dags/example_skip_dag.py
[2026-02-07T01:58:52.509+0000] {processor.py:840} INFO - DAG(s) 'example_skip_dag' retrieved from /home/airflow/.local/lib/python3.12/site-packages/airflow/example_dags/example_skip_dag.py
[2026-02-07T01:58:52.529+0000] {logging_mixin.py:188} INFO - [2026-02-07T01:58:52.528+0000] {dag.py:3096} INFO - Sync 1 DAGs
[2026-02-07T01:58:52.548+0000] {logging_mixin.py:188} INFO - [2026-02-07T01:58:52.548+0000] {dag.py:3954} INFO - Setting next_dagrun for example_skip_dag to 2026-02-06 00:00:00+00:00, run_after=2026-02-07 00:00:00+00:00
[2026-02-07T01:58:52.568+0000] {processor.py:183} INFO - Processing /home/airflow/.local/lib/python3.12/site-packages/airflow/example_dags/example_skip_dag.py took 0.076 seconds
[2026-02-07T01:59:22.766+0000] {processor.py:161} INFO - Started process (PID=854) to work on /home/airflow/.local/lib/python3.12/site-packages/airflow/example_dags/example_skip_dag.py
[2026-02-07T01:59:22.767+0000] {processor.py:830} INFO - Processing file /home/airflow/.local/lib/python3.12/site-packages/airflow/example_dags/example_skip_dag.py for tasks to queue
[2026-02-07T01:59:22.769+0000] {logging_mixin.py:188} INFO - [2026-02-07T01:59:22.768+0000] {dagbag.py:540} INFO - Filling up the DagBag from /home/airflow/.local/lib/python3.12/site-packages/airflow/example_dags/example_skip_dag.py
[2026-02-07T01:59:22.777+0000] {processor.py:840} INFO - DAG(s) 'example_skip_dag' retrieved from /home/airflow/.local/lib/python3.12/site-packages/airflow/example_dags/example_skip_dag.py
[2026-02-07T01:59:22.799+0000] {logging_mixin.py:188} INFO - [2026-02-07T01:59:22.799+0000] {dag.py:3096} INFO - Sync 1 DAGs
[2026-02-07T01:59:22.822+0000] {logging_mixin.py:188} INFO - [2026-02-07T01:59:22.822+0000] {dag.py:3954} INFO - Setting next_dagrun for example_skip_dag to 2026-02-06 00:00:00+00:00, run_after=2026-02-07 00:00:00+00:00
[2026-02-07T01:59:22.844+0000] {processor.py:183} INFO - Processing /home/airflow/.local/lib/python3.12/site-packages/airflow/example_dags/example_skip_dag.py took 0.084 seconds
[2026-02-07T01:59:52.992+0000] {processor.py:161} INFO - Started process (PID=906) to work on /home/airflow/.local/lib/python3.12/site-packages/airflow/example_dags/example_skip_dag.py
[2026-02-07T01:59:52.994+0000] {processor.py:830} INFO - Processing file /home/airflow/.local/lib/python3.12/site-packages/airflow/example_dags/example_skip_dag.py for tasks to queue
[2026-02-07T01:59:52.996+0000] {logging_mixin.py:188} INFO - [2026-02-07T01:59:52.995+0000] {dagbag.py:540} INFO - Filling up the DagBag from /home/airflow/.local/lib/python3.12/site-packages/airflow/example_dags/example_skip_dag.py
[2026-02-07T01:59:53.004+0000] {processor.py:840} INFO - DAG(s) 'example_skip_dag' retrieved from /home/airflow/.local/lib/python3.12/site-packages/airflow/example_dags/example_skip_dag.py
[2026-02-07T01:59:53.024+0000] {logging_mixin.py:188} INFO - [2026-02-07T01:59:53.023+0000] {dag.py:3096} INFO - Sync 1 DAGs
[2026-02-07T01:59:53.048+0000] {logging_mixin.py:188} INFO - [2026-02-07T01:59:53.047+0000] {dag.py:3954} INFO - Setting next_dagrun for example_skip_dag to 2026-02-06 00:00:00+00:00, run_after=2026-02-07 00:00:00+00:00
[2026-02-07T01:59:53.068+0000] {processor.py:183} INFO - Processing /home/airflow/.local/lib/python3.12/site-packages/airflow/example_dags/example_skip_dag.py took 0.081 seconds
[2026-02-07T02:00:23.471+0000] {processor.py:161} INFO - Started process (PID=958) to work on /home/airflow/.local/lib/python3.12/site-packages/airflow/example_dags/example_skip_dag.py
[2026-02-07T02:00:23.472+0000] {processor.py:830} INFO - Processing file /home/airflow/.local/lib/python3.12/site-packages/airflow/example_dags/example_skip_dag.py for tasks to queue
[2026-02-07T02:00:23.474+0000] {logging_mixin.py:188} INFO - [2026-02-07T02:00:23.474+0000] {dagbag.py:540} INFO - Filling up the DagBag from /home/airflow/.local/lib/python3.12/site-packages/airflow/example_dags/example_skip_dag.py
[2026-02-07T02:00:23.481+0000] {processor.py:840} INFO - DAG(s) 'example_skip_dag' retrieved from /home/airflow/.local/lib/python3.12/site-packages/airflow/example_dags/example_skip_dag.py
[2026-02-07T02:00:23.501+0000] {logging_mixin.py:188} INFO - [2026-02-07T02:00:23.500+0000] {dag.py:3096} INFO - Sync 1 DAGs
[2026-02-07T02:00:23.522+0000] {logging_mixin.py:188} INFO - [2026-02-07T02:00:23.522+0000] {dag.py:3954} INFO - Setting next_dagrun for example_skip_dag to 2026-02-06 00:00:00+00:00, run_after=2026-02-07 00:00:00+00:00
[2026-02-07T02:00:23.545+0000] {processor.py:183} INFO - Processing /home/airflow/.local/lib/python3.12/site-packages/airflow/example_dags/example_skip_dag.py took 0.079 seconds
[2026-02-07T02:00:53.701+0000] {processor.py:161} INFO - Started process (PID=1010) to work on /home/airflow/.local/lib/python3.12/site-packages/airflow/example_dags/example_skip_dag.py
[2026-02-07T02:00:53.703+0000] {processor.py:830} INFO - Processing file /home/airflow/.local/lib/python3.12/site-packages/airflow/example_dags/example_skip_dag.py for tasks to queue
[2026-02-07T02:00:53.707+0000] {logging_mixin.py:188} INFO - [2026-02-07T02:00:53.706+0000] {dagbag.py:540} INFO - Filling up the DagBag from /home/airflow/.local/lib/python3.12/site-packages/airflow/example_dags/example_skip_dag.py
[2026-02-07T02:00:53.716+0000] {processor.py:840} INFO - DAG(s) 'example_skip_dag' retrieved from /home/airflow/.local/lib/python3.12/site-packages/airflow/example_dags/example_skip_dag.py
[2026-02-07T02:00:53.746+0000] {logging_mixin.py:188} INFO - [2026-02-07T02:00:53.746+0000] {dag.py:3096} INFO - Sync 1 DAGs
[2026-02-07T02:00:53.777+0000] {logging_mixin.py:188} INFO - [2026-02-07T02:00:53.777+0000] {dag.py:3954} INFO - Setting next_dagrun for example_skip_dag to 2026-02-06 00:00:00+00:00, run_after=2026-02-07 00:00:00+00:00
[2026-02-07T02:00:53.804+0000] {processor.py:183} INFO - Processing /home/airflow/.local/lib/python3.12/site-packages/airflow/example_dags/example_skip_dag.py took 0.111 seconds
[2026-02-07T02:01:24.225+0000] {processor.py:161} INFO - Started process (PID=1062) to work on /home/airflow/.local/lib/python3.12/site-packages/airflow/example_dags/example_skip_dag.py
[2026-02-07T02:01:24.227+0000] {processor.py:830} INFO - Processing file /home/airflow/.local/lib/python3.12/site-packages/airflow/example_dags/example_skip_dag.py for tasks to queue
[2026-02-07T02:01:24.230+0000] {logging_mixin.py:188} INFO - [2026-02-07T02:01:24.229+0000] {dagbag.py:540} INFO - Filling up the DagBag from /home/airflow/.local/lib/python3.12/site-packages/airflow/example_dags/example_skip_dag.py
[2026-02-07T02:01:24.241+0000] {processor.py:840} INFO - DAG(s) 'example_skip_dag' retrieved from /home/airflow/.local/lib/python3.12/site-packages/airflow/example_dags/example_skip_dag.py
[2026-02-07T02:01:24.272+0000] {logging_mixin.py:188} INFO - [2026-02-07T02:01:24.271+0000] {dag.py:3096} INFO - Sync 1 DAGs
[2026-02-07T02:01:24.307+0000] {logging_mixin.py:188} INFO - [2026-02-07T02:01:24.307+0000] {dag.py:3954} INFO - Setting next_dagrun for example_skip_dag to 2026-02-06 00:00:00+00:00, run_after=2026-02-07 00:00:00+00:00
[2026-02-07T02:01:24.338+0000] {processor.py:183} INFO - Processing /home/airflow/.local/lib/python3.12/site-packages/airflow/example_dags/example_skip_dag.py took 0.124 seconds
[2026-02-07T02:01:54.724+0000] {processor.py:161} INFO - Started process (PID=1114) to work on /home/airflow/.local/lib/python3.12/site-packages/airflow/example_dags/example_skip_dag.py
[2026-02-07T02:01:54.725+0000] {processor.py:830} INFO - Processing file /home/airflow/.local/lib/python3.12/site-packages/airflow/example_dags/example_skip_dag.py for tasks to queue
[2026-02-07T02:01:54.728+0000] {logging_mixin.py:188} INFO - [2026-02-07T02:01:54.727+0000] {dagbag.py:540} INFO - Filling up the DagBag from /home/airflow/.local/lib/python3.12/site-packages/airflow/example_dags/example_skip_dag.py
[2026-02-07T02:01:54.739+0000] {processor.py:840} INFO - DAG(s) 'example_skip_dag' retrieved from /home/airflow/.local/lib/python3.12/site-packages/airflow/example_dags/example_skip_dag.py
[2026-02-07T02:01:54.773+0000] {logging_mixin.py:188} INFO - [2026-02-07T02:01:54.772+0000] {dag.py:3096} INFO - Sync 1 DAGs
[2026-02-07T02:01:54.799+0000] {logging_mixin.py:188} INFO - [2026-02-07T02:01:54.799+0000] {dag.py:3954} INFO - Setting next_dagrun for example_skip_dag to 2026-02-06 00:00:00+00:00, run_after=2026-02-07 00:00:00+00:00
[2026-02-07T02:01:54.823+0000] {processor.py:183} INFO - Processing /home/airflow/.local/lib/python3.12/site-packages/airflow/example_dags/example_skip_dag.py took 0.106 seconds
[2026-02-07T02:02:26.427+0000] {processor.py:161} INFO - Started process (PID=1166) to work on /home/airflow/.local/lib/python3.12/site-packages/airflow/example_dags/example_skip_dag.py
[2026-02-07T02:02:26.428+0000] {processor.py:830} INFO - Processing file /home/airflow/.local/lib/python3.12/site-packages/airflow/example_dags/example_skip_dag.py for tasks to queue
[2026-02-07T02:02:26.430+0000] {logging_mixin.py:188} INFO - [2026-02-07T02:02:26.430+0000] {dagbag.py:540} INFO - Filling up the DagBag from /home/airflow/.local/lib/python3.12/site-packages/airflow/example_dags/example_skip_dag.py
[2026-02-07T02:02:26.439+0000] {processor.py:840} INFO - DAG(s) 'example_skip_dag' retrieved from /home/airflow/.local/lib/python3.12/site-packages/airflow/example_dags/example_skip_dag.py
[2026-02-07T02:02:26.465+0000] {logging_mixin.py:188} INFO - [2026-02-07T02:02:26.465+0000] {dag.py:3096} INFO - Sync 1 DAGs
[2026-02-07T02:02:26.636+0000] {logging_mixin.py:188} INFO - [2026-02-07T02:02:26.636+0000] {dag.py:3954} INFO - Setting next_dagrun for example_skip_dag to 2026-02-06 00:00:00+00:00, run_after=2026-02-07 00:00:00+00:00
[2026-02-07T02:02:26.656+0000] {processor.py:183} INFO - Processing /home/airflow/.local/lib/python3.12/site-packages/airflow/example_dags/example_skip_dag.py took 0.236 seconds
[2026-02-07T02:02:57.497+0000] {processor.py:161} INFO - Started process (PID=1218) to work on /home/airflow/.local/lib/python3.12/site-packages/airflow/example_dags/example_skip_dag.py
[2026-02-07T02:02:57.504+0000] {processor.py:830} INFO - Processing file /home/airflow/.local/lib/python3.12/site-packages/airflow/example_dags/example_skip_dag.py for tasks to queue
[2026-02-07T02:02:57.543+0000] {logging_mixin.py:188} INFO - [2026-02-07T02:02:57.533+0000] {dagbag.py:540} INFO - Filling up the DagBag from /home/airflow/.local/lib/python3.12/site-packages/airflow/example_dags/example_skip_dag.py
[2026-02-07T02:02:57.570+0000] {processor.py:840} INFO - DAG(s) 'example_skip_dag' retrieved from /home/airflow/.local/lib/python3.12/site-packages/airflow/example_dags/example_skip_dag.py
[2026-02-07T02:02:57.621+0000] {logging_mixin.py:188} INFO - [2026-02-07T02:02:57.620+0000] {dag.py:3096} INFO - Sync 1 DAGs
[2026-02-07T02:02:57.677+0000] {logging_mixin.py:188} INFO - [2026-02-07T02:02:57.676+0000] {dag.py:3954} INFO - Setting next_dagrun for example_skip_dag to 2026-02-06 00:00:00+00:00, run_after=2026-02-07 00:00:00+00:00
[2026-02-07T02:02:58.024+0000] {processor.py:183} INFO - Processing /home/airflow/.local/lib/python3.12/site-packages/airflow/example_dags/example_skip_dag.py took 0.552 seconds
[2026-02-07T02:03:28.905+0000] {processor.py:161} INFO - Started process (PID=1270) to work on /home/airflow/.local/lib/python3.12/site-packages/airflow/example_dags/example_skip_dag.py
[2026-02-07T02:03:28.906+0000] {processor.py:830} INFO - Processing file /home/airflow/.local/lib/python3.12/site-packages/airflow/example_dags/example_skip_dag.py for tasks to queue
[2026-02-07T02:03:28.908+0000] {logging_mixin.py:188} INFO - [2026-02-07T02:03:28.908+0000] {dagbag.py:540} INFO - Filling up the DagBag from /home/airflow/.local/lib/python3.12/site-packages/airflow/example_dags/example_skip_dag.py
[2026-02-07T02:03:28.916+0000] {processor.py:840} INFO - DAG(s) 'example_skip_dag' retrieved from /home/airflow/.local/lib/python3.12/site-packages/airflow/example_dags/example_skip_dag.py
[2026-02-07T02:03:28.934+0000] {logging_mixin.py:188} INFO - [2026-02-07T02:03:28.934+0000] {dag.py:3096} INFO - Sync 1 DAGs
[2026-02-07T02:03:28.955+0000] {logging_mixin.py:188} INFO - [2026-02-07T02:03:28.955+0000] {dag.py:3954} INFO - Setting next_dagrun for example_skip_dag to 2026-02-06 00:00:00+00:00, run_after=2026-02-07 00:00:00+00:00
[2026-02-07T02:03:28.976+0000] {processor.py:183} INFO - Processing /home/airflow/.local/lib/python3.12/site-packages/airflow/example_dags/example_skip_dag.py took 0.077 seconds
[2026-02-07T02:04:01.271+0000] {processor.py:161} INFO - Started process (PID=1322) to work on /home/airflow/.local/lib/python3.12/site-packages/airflow/example_dags/example_skip_dag.py
[2026-02-07T02:04:01.273+0000] {processor.py:830} INFO - Processing file /home/airflow/.local/lib/python3.12/site-packages/airflow/example_dags/example_skip_dag.py for tasks to queue
[2026-02-07T02:04:01.276+0000] {logging_mixin.py:188} INFO - [2026-02-07T02:04:01.276+0000] {dagbag.py:540} INFO - Filling up the DagBag from /home/airflow/.local/lib/python3.12/site-packages/airflow/example_dags/example_skip_dag.py
[2026-02-07T02:04:01.486+0000] {processor.py:840} INFO - DAG(s) 'example_skip_dag' retrieved from /home/airflow/.local/lib/python3.12/site-packages/airflow/example_dags/example_skip_dag.py
[2026-02-07T02:04:01.506+0000] {logging_mixin.py:188} INFO - [2026-02-07T02:04:01.506+0000] {dag.py:3096} INFO - Sync 1 DAGs
[2026-02-07T02:04:01.528+0000] {logging_mixin.py:188} INFO - [2026-02-07T02:04:01.528+0000] {dag.py:3954} INFO - Setting next_dagrun for example_skip_dag to 2026-02-06 00:00:00+00:00, run_after=2026-02-07 00:00:00+00:00
[2026-02-07T02:04:01.551+0000] {processor.py:183} INFO - Processing /home/airflow/.local/lib/python3.12/site-packages/airflow/example_dags/example_skip_dag.py took 0.289 seconds
[2026-02-07T02:04:32.048+0000] {processor.py:161} INFO - Started process (PID=1374) to work on /home/airflow/.local/lib/python3.12/site-packages/airflow/example_dags/example_skip_dag.py
[2026-02-07T02:04:32.049+0000] {processor.py:830} INFO - Processing file /home/airflow/.local/lib/python3.12/site-packages/airflow/example_dags/example_skip_dag.py for tasks to queue
[2026-02-07T02:04:32.052+0000] {logging_mixin.py:188} INFO - [2026-02-07T02:04:32.052+0000] {dagbag.py:540} INFO - Filling up the DagBag from /home/airflow/.local/lib/python3.12/site-packages/airflow/example_dags/example_skip_dag.py
[2026-02-07T02:04:32.060+0000] {processor.py:840} INFO - DAG(s) 'example_skip_dag' retrieved from /home/airflow/.local/lib/python3.12/site-packages/airflow/example_dags/example_skip_dag.py
[2026-02-07T02:04:32.085+0000] {logging_mixin.py:188} INFO - [2026-02-07T02:04:32.085+0000] {dag.py:3096} INFO - Sync 1 DAGs
[2026-02-07T02:04:32.115+0000] {logging_mixin.py:188} INFO - [2026-02-07T02:04:32.114+0000] {dag.py:3954} INFO - Setting next_dagrun for example_skip_dag to 2026-02-06 00:00:00+00:00, run_after=2026-02-07 00:00:00+00:00
[2026-02-07T02:04:32.161+0000] {processor.py:183} INFO - Processing /home/airflow/.local/lib/python3.12/site-packages/airflow/example_dags/example_skip_dag.py took 0.121 seconds
