[2026-02-07T01:35:27.997+0000] {processor.py:161} INFO - Started process (PID=75) to work on /home/airflow/.local/lib/python3.12/site-packages/airflow/example_dags/tutorial.py
[2026-02-07T01:35:27.998+0000] {processor.py:830} INFO - Processing file /home/airflow/.local/lib/python3.12/site-packages/airflow/example_dags/tutorial.py for tasks to queue
[2026-02-07T01:35:28.000+0000] {logging_mixin.py:188} INFO - [2026-02-07T01:35:27.999+0000] {dagbag.py:540} INFO - Filling up the DagBag from /home/airflow/.local/lib/python3.12/site-packages/airflow/example_dags/tutorial.py
[2026-02-07T01:35:28.005+0000] {processor.py:840} INFO - DAG(s) 'tutorial' retrieved from /home/airflow/.local/lib/python3.12/site-packages/airflow/example_dags/tutorial.py
[2026-02-07T01:35:28.027+0000] {logging_mixin.py:188} INFO - [2026-02-07T01:35:28.026+0000] {dag.py:3096} INFO - Sync 1 DAGs
[2026-02-07T01:35:28.047+0000] {logging_mixin.py:188} INFO - [2026-02-07T01:35:28.047+0000] {dag.py:3954} INFO - Setting next_dagrun for tutorial to 2026-02-06 00:00:00+00:00, run_after=2026-02-07 00:00:00+00:00
[2026-02-07T01:35:28.066+0000] {processor.py:183} INFO - Processing /home/airflow/.local/lib/python3.12/site-packages/airflow/example_dags/tutorial.py took 0.074 seconds
[2026-02-07T01:35:58.710+0000] {processor.py:161} INFO - Started process (PID=127) to work on /home/airflow/.local/lib/python3.12/site-packages/airflow/example_dags/tutorial.py
[2026-02-07T01:35:58.711+0000] {processor.py:830} INFO - Processing file /home/airflow/.local/lib/python3.12/site-packages/airflow/example_dags/tutorial.py for tasks to queue
[2026-02-07T01:35:58.713+0000] {logging_mixin.py:188} INFO - [2026-02-07T01:35:58.713+0000] {dagbag.py:540} INFO - Filling up the DagBag from /home/airflow/.local/lib/python3.12/site-packages/airflow/example_dags/tutorial.py
[2026-02-07T01:35:58.718+0000] {processor.py:840} INFO - DAG(s) 'tutorial' retrieved from /home/airflow/.local/lib/python3.12/site-packages/airflow/example_dags/tutorial.py
[2026-02-07T01:35:58.737+0000] {logging_mixin.py:188} INFO - [2026-02-07T01:35:58.736+0000] {dag.py:3096} INFO - Sync 1 DAGs
[2026-02-07T01:35:58.756+0000] {logging_mixin.py:188} INFO - [2026-02-07T01:35:58.756+0000] {dag.py:3954} INFO - Setting next_dagrun for tutorial to 2026-02-06 00:00:00+00:00, run_after=2026-02-07 00:00:00+00:00
[2026-02-07T01:35:58.778+0000] {processor.py:183} INFO - Processing /home/airflow/.local/lib/python3.12/site-packages/airflow/example_dags/tutorial.py took 0.073 seconds
[2026-02-07T01:36:29.521+0000] {processor.py:161} INFO - Started process (PID=179) to work on /home/airflow/.local/lib/python3.12/site-packages/airflow/example_dags/tutorial.py
[2026-02-07T01:36:29.523+0000] {processor.py:830} INFO - Processing file /home/airflow/.local/lib/python3.12/site-packages/airflow/example_dags/tutorial.py for tasks to queue
[2026-02-07T01:36:29.525+0000] {logging_mixin.py:188} INFO - [2026-02-07T01:36:29.525+0000] {dagbag.py:540} INFO - Filling up the DagBag from /home/airflow/.local/lib/python3.12/site-packages/airflow/example_dags/tutorial.py
[2026-02-07T01:36:29.533+0000] {processor.py:840} INFO - DAG(s) 'tutorial' retrieved from /home/airflow/.local/lib/python3.12/site-packages/airflow/example_dags/tutorial.py
[2026-02-07T01:36:29.556+0000] {logging_mixin.py:188} INFO - [2026-02-07T01:36:29.556+0000] {dag.py:3096} INFO - Sync 1 DAGs
[2026-02-07T01:36:29.578+0000] {logging_mixin.py:188} INFO - [2026-02-07T01:36:29.578+0000] {dag.py:3954} INFO - Setting next_dagrun for tutorial to 2026-02-06 00:00:00+00:00, run_after=2026-02-07 00:00:00+00:00
[2026-02-07T01:36:29.600+0000] {processor.py:183} INFO - Processing /home/airflow/.local/lib/python3.12/site-packages/airflow/example_dags/tutorial.py took 0.085 seconds
[2026-02-07T01:37:00.232+0000] {processor.py:161} INFO - Started process (PID=231) to work on /home/airflow/.local/lib/python3.12/site-packages/airflow/example_dags/tutorial.py
[2026-02-07T01:37:00.234+0000] {processor.py:830} INFO - Processing file /home/airflow/.local/lib/python3.12/site-packages/airflow/example_dags/tutorial.py for tasks to queue
[2026-02-07T01:37:00.235+0000] {logging_mixin.py:188} INFO - [2026-02-07T01:37:00.235+0000] {dagbag.py:540} INFO - Filling up the DagBag from /home/airflow/.local/lib/python3.12/site-packages/airflow/example_dags/tutorial.py
[2026-02-07T01:37:00.240+0000] {processor.py:840} INFO - DAG(s) 'tutorial' retrieved from /home/airflow/.local/lib/python3.12/site-packages/airflow/example_dags/tutorial.py
[2026-02-07T01:37:00.259+0000] {logging_mixin.py:188} INFO - [2026-02-07T01:37:00.259+0000] {dag.py:3096} INFO - Sync 1 DAGs
[2026-02-07T01:37:00.278+0000] {logging_mixin.py:188} INFO - [2026-02-07T01:37:00.278+0000] {dag.py:3954} INFO - Setting next_dagrun for tutorial to 2026-02-06 00:00:00+00:00, run_after=2026-02-07 00:00:00+00:00
[2026-02-07T01:37:00.298+0000] {processor.py:183} INFO - Processing /home/airflow/.local/lib/python3.12/site-packages/airflow/example_dags/tutorial.py took 0.071 seconds
[2026-02-07T01:37:30.948+0000] {processor.py:161} INFO - Started process (PID=283) to work on /home/airflow/.local/lib/python3.12/site-packages/airflow/example_dags/tutorial.py
[2026-02-07T01:37:30.949+0000] {processor.py:830} INFO - Processing file /home/airflow/.local/lib/python3.12/site-packages/airflow/example_dags/tutorial.py for tasks to queue
[2026-02-07T01:37:30.951+0000] {logging_mixin.py:188} INFO - [2026-02-07T01:37:30.951+0000] {dagbag.py:540} INFO - Filling up the DagBag from /home/airflow/.local/lib/python3.12/site-packages/airflow/example_dags/tutorial.py
[2026-02-07T01:37:30.961+0000] {processor.py:840} INFO - DAG(s) 'tutorial' retrieved from /home/airflow/.local/lib/python3.12/site-packages/airflow/example_dags/tutorial.py
[2026-02-07T01:37:30.989+0000] {logging_mixin.py:188} INFO - [2026-02-07T01:37:30.989+0000] {dag.py:3096} INFO - Sync 1 DAGs
[2026-02-07T01:37:31.020+0000] {logging_mixin.py:188} INFO - [2026-02-07T01:37:31.020+0000] {dag.py:3954} INFO - Setting next_dagrun for tutorial to 2026-02-06 00:00:00+00:00, run_after=2026-02-07 00:00:00+00:00
[2026-02-07T01:37:31.048+0000] {processor.py:183} INFO - Processing /home/airflow/.local/lib/python3.12/site-packages/airflow/example_dags/tutorial.py took 0.108 seconds
[2026-02-07T01:38:01.628+0000] {processor.py:161} INFO - Started process (PID=335) to work on /home/airflow/.local/lib/python3.12/site-packages/airflow/example_dags/tutorial.py
[2026-02-07T01:38:01.629+0000] {processor.py:830} INFO - Processing file /home/airflow/.local/lib/python3.12/site-packages/airflow/example_dags/tutorial.py for tasks to queue
[2026-02-07T01:38:01.631+0000] {logging_mixin.py:188} INFO - [2026-02-07T01:38:01.631+0000] {dagbag.py:540} INFO - Filling up the DagBag from /home/airflow/.local/lib/python3.12/site-packages/airflow/example_dags/tutorial.py
[2026-02-07T01:38:01.637+0000] {processor.py:840} INFO - DAG(s) 'tutorial' retrieved from /home/airflow/.local/lib/python3.12/site-packages/airflow/example_dags/tutorial.py
[2026-02-07T01:38:01.657+0000] {logging_mixin.py:188} INFO - [2026-02-07T01:38:01.657+0000] {dag.py:3096} INFO - Sync 1 DAGs
[2026-02-07T01:38:01.678+0000] {logging_mixin.py:188} INFO - [2026-02-07T01:38:01.677+0000] {dag.py:3954} INFO - Setting next_dagrun for tutorial to 2026-02-06 00:00:00+00:00, run_after=2026-02-07 00:00:00+00:00
[2026-02-07T01:38:01.700+0000] {processor.py:183} INFO - Processing /home/airflow/.local/lib/python3.12/site-packages/airflow/example_dags/tutorial.py took 0.078 seconds
[2026-02-07T01:38:32.576+0000] {processor.py:161} INFO - Started process (PID=387) to work on /home/airflow/.local/lib/python3.12/site-packages/airflow/example_dags/tutorial.py
[2026-02-07T01:38:32.577+0000] {processor.py:830} INFO - Processing file /home/airflow/.local/lib/python3.12/site-packages/airflow/example_dags/tutorial.py for tasks to queue
[2026-02-07T01:38:32.579+0000] {logging_mixin.py:188} INFO - [2026-02-07T01:38:32.579+0000] {dagbag.py:540} INFO - Filling up the DagBag from /home/airflow/.local/lib/python3.12/site-packages/airflow/example_dags/tutorial.py
[2026-02-07T01:38:32.586+0000] {processor.py:840} INFO - DAG(s) 'tutorial' retrieved from /home/airflow/.local/lib/python3.12/site-packages/airflow/example_dags/tutorial.py
[2026-02-07T01:38:32.610+0000] {logging_mixin.py:188} INFO - [2026-02-07T01:38:32.610+0000] {dag.py:3096} INFO - Sync 1 DAGs
[2026-02-07T01:38:32.633+0000] {logging_mixin.py:188} INFO - [2026-02-07T01:38:32.632+0000] {dag.py:3954} INFO - Setting next_dagrun for tutorial to 2026-02-06 00:00:00+00:00, run_after=2026-02-07 00:00:00+00:00
[2026-02-07T01:38:32.656+0000] {processor.py:183} INFO - Processing /home/airflow/.local/lib/python3.12/site-packages/airflow/example_dags/tutorial.py took 0.087 seconds
[2026-02-07T01:39:04.068+0000] {processor.py:161} INFO - Started process (PID=439) to work on /home/airflow/.local/lib/python3.12/site-packages/airflow/example_dags/tutorial.py
[2026-02-07T01:39:04.070+0000] {processor.py:830} INFO - Processing file /home/airflow/.local/lib/python3.12/site-packages/airflow/example_dags/tutorial.py for tasks to queue
[2026-02-07T01:39:04.075+0000] {logging_mixin.py:188} INFO - [2026-02-07T01:39:04.074+0000] {dagbag.py:540} INFO - Filling up the DagBag from /home/airflow/.local/lib/python3.12/site-packages/airflow/example_dags/tutorial.py
[2026-02-07T01:39:04.088+0000] {processor.py:840} INFO - DAG(s) 'tutorial' retrieved from /home/airflow/.local/lib/python3.12/site-packages/airflow/example_dags/tutorial.py
[2026-02-07T01:39:04.130+0000] {logging_mixin.py:188} INFO - [2026-02-07T01:39:04.130+0000] {dag.py:3096} INFO - Sync 1 DAGs
[2026-02-07T01:39:04.175+0000] {logging_mixin.py:188} INFO - [2026-02-07T01:39:04.175+0000] {dag.py:3954} INFO - Setting next_dagrun for tutorial to 2026-02-06 00:00:00+00:00, run_after=2026-02-07 00:00:00+00:00
[2026-02-07T01:39:04.208+0000] {processor.py:183} INFO - Processing /home/airflow/.local/lib/python3.12/site-packages/airflow/example_dags/tutorial.py took 0.155 seconds
[2026-02-07T01:39:35.027+0000] {processor.py:161} INFO - Started process (PID=491) to work on /home/airflow/.local/lib/python3.12/site-packages/airflow/example_dags/tutorial.py
[2026-02-07T01:39:35.029+0000] {processor.py:830} INFO - Processing file /home/airflow/.local/lib/python3.12/site-packages/airflow/example_dags/tutorial.py for tasks to queue
[2026-02-07T01:39:35.033+0000] {logging_mixin.py:188} INFO - [2026-02-07T01:39:35.032+0000] {dagbag.py:540} INFO - Filling up the DagBag from /home/airflow/.local/lib/python3.12/site-packages/airflow/example_dags/tutorial.py
[2026-02-07T01:39:35.042+0000] {processor.py:840} INFO - DAG(s) 'tutorial' retrieved from /home/airflow/.local/lib/python3.12/site-packages/airflow/example_dags/tutorial.py
[2026-02-07T01:39:35.075+0000] {logging_mixin.py:188} INFO - [2026-02-07T01:39:35.075+0000] {dag.py:3096} INFO - Sync 1 DAGs
[2026-02-07T01:39:35.109+0000] {logging_mixin.py:188} INFO - [2026-02-07T01:39:35.109+0000] {dag.py:3954} INFO - Setting next_dagrun for tutorial to 2026-02-06 00:00:00+00:00, run_after=2026-02-07 00:00:00+00:00
[2026-02-07T01:39:35.136+0000] {processor.py:183} INFO - Processing /home/airflow/.local/lib/python3.12/site-packages/airflow/example_dags/tutorial.py took 0.118 seconds
[2026-02-07T01:40:05.801+0000] {processor.py:161} INFO - Started process (PID=543) to work on /home/airflow/.local/lib/python3.12/site-packages/airflow/example_dags/tutorial.py
[2026-02-07T01:40:05.803+0000] {processor.py:830} INFO - Processing file /home/airflow/.local/lib/python3.12/site-packages/airflow/example_dags/tutorial.py for tasks to queue
[2026-02-07T01:40:05.807+0000] {logging_mixin.py:188} INFO - [2026-02-07T01:40:05.805+0000] {dagbag.py:540} INFO - Filling up the DagBag from /home/airflow/.local/lib/python3.12/site-packages/airflow/example_dags/tutorial.py
[2026-02-07T01:40:05.819+0000] {processor.py:840} INFO - DAG(s) 'tutorial' retrieved from /home/airflow/.local/lib/python3.12/site-packages/airflow/example_dags/tutorial.py
[2026-02-07T01:40:05.858+0000] {logging_mixin.py:188} INFO - [2026-02-07T01:40:05.858+0000] {dag.py:3096} INFO - Sync 1 DAGs
[2026-02-07T01:40:05.885+0000] {logging_mixin.py:188} INFO - [2026-02-07T01:40:05.885+0000] {dag.py:3954} INFO - Setting next_dagrun for tutorial to 2026-02-06 00:00:00+00:00, run_after=2026-02-07 00:00:00+00:00
[2026-02-07T01:40:05.907+0000] {processor.py:183} INFO - Processing /home/airflow/.local/lib/python3.12/site-packages/airflow/example_dags/tutorial.py took 0.120 seconds
[2026-02-07T01:40:35.998+0000] {processor.py:161} INFO - Started process (PID=595) to work on /home/airflow/.local/lib/python3.12/site-packages/airflow/example_dags/tutorial.py
[2026-02-07T01:40:35.999+0000] {processor.py:830} INFO - Processing file /home/airflow/.local/lib/python3.12/site-packages/airflow/example_dags/tutorial.py for tasks to queue
[2026-02-07T01:40:36.001+0000] {logging_mixin.py:188} INFO - [2026-02-07T01:40:36.001+0000] {dagbag.py:540} INFO - Filling up the DagBag from /home/airflow/.local/lib/python3.12/site-packages/airflow/example_dags/tutorial.py
[2026-02-07T01:40:36.007+0000] {processor.py:840} INFO - DAG(s) 'tutorial' retrieved from /home/airflow/.local/lib/python3.12/site-packages/airflow/example_dags/tutorial.py
[2026-02-07T01:40:36.027+0000] {logging_mixin.py:188} INFO - [2026-02-07T01:40:36.027+0000] {dag.py:3096} INFO - Sync 1 DAGs
[2026-02-07T01:40:36.049+0000] {logging_mixin.py:188} INFO - [2026-02-07T01:40:36.049+0000] {dag.py:3954} INFO - Setting next_dagrun for tutorial to 2026-02-06 00:00:00+00:00, run_after=2026-02-07 00:00:00+00:00
[2026-02-07T01:40:36.068+0000] {processor.py:183} INFO - Processing /home/airflow/.local/lib/python3.12/site-packages/airflow/example_dags/tutorial.py took 0.076 seconds
[2026-02-07T01:41:07.189+0000] {processor.py:161} INFO - Started process (PID=647) to work on /home/airflow/.local/lib/python3.12/site-packages/airflow/example_dags/tutorial.py
[2026-02-07T01:41:07.191+0000] {processor.py:830} INFO - Processing file /home/airflow/.local/lib/python3.12/site-packages/airflow/example_dags/tutorial.py for tasks to queue
[2026-02-07T01:41:07.200+0000] {logging_mixin.py:188} INFO - [2026-02-07T01:41:07.199+0000] {dagbag.py:540} INFO - Filling up the DagBag from /home/airflow/.local/lib/python3.12/site-packages/airflow/example_dags/tutorial.py
[2026-02-07T01:41:07.214+0000] {processor.py:840} INFO - DAG(s) 'tutorial' retrieved from /home/airflow/.local/lib/python3.12/site-packages/airflow/example_dags/tutorial.py
[2026-02-07T01:41:07.291+0000] {logging_mixin.py:188} INFO - [2026-02-07T01:41:07.291+0000] {dag.py:3096} INFO - Sync 1 DAGs
[2026-02-07T01:41:07.357+0000] {logging_mixin.py:188} INFO - [2026-02-07T01:41:07.357+0000] {dag.py:3954} INFO - Setting next_dagrun for tutorial to 2026-02-06 00:00:00+00:00, run_after=2026-02-07 00:00:00+00:00
[2026-02-07T01:41:07.417+0000] {processor.py:183} INFO - Processing /home/airflow/.local/lib/python3.12/site-packages/airflow/example_dags/tutorial.py took 0.255 seconds
[2026-02-07T01:41:38.233+0000] {processor.py:161} INFO - Started process (PID=699) to work on /home/airflow/.local/lib/python3.12/site-packages/airflow/example_dags/tutorial.py
[2026-02-07T01:41:38.234+0000] {processor.py:830} INFO - Processing file /home/airflow/.local/lib/python3.12/site-packages/airflow/example_dags/tutorial.py for tasks to queue
[2026-02-07T01:41:38.236+0000] {logging_mixin.py:188} INFO - [2026-02-07T01:41:38.236+0000] {dagbag.py:540} INFO - Filling up the DagBag from /home/airflow/.local/lib/python3.12/site-packages/airflow/example_dags/tutorial.py
[2026-02-07T01:41:38.242+0000] {processor.py:840} INFO - DAG(s) 'tutorial' retrieved from /home/airflow/.local/lib/python3.12/site-packages/airflow/example_dags/tutorial.py
[2026-02-07T01:41:38.265+0000] {logging_mixin.py:188} INFO - [2026-02-07T01:41:38.265+0000] {dag.py:3096} INFO - Sync 1 DAGs
[2026-02-07T01:41:38.294+0000] {logging_mixin.py:188} INFO - [2026-02-07T01:41:38.293+0000] {dag.py:3954} INFO - Setting next_dagrun for tutorial to 2026-02-06 00:00:00+00:00, run_after=2026-02-07 00:00:00+00:00
[2026-02-07T01:41:38.314+0000] {processor.py:183} INFO - Processing /home/airflow/.local/lib/python3.12/site-packages/airflow/example_dags/tutorial.py took 0.088 seconds
[2026-02-07T01:42:08.938+0000] {processor.py:161} INFO - Started process (PID=751) to work on /home/airflow/.local/lib/python3.12/site-packages/airflow/example_dags/tutorial.py
[2026-02-07T01:42:08.939+0000] {processor.py:830} INFO - Processing file /home/airflow/.local/lib/python3.12/site-packages/airflow/example_dags/tutorial.py for tasks to queue
[2026-02-07T01:42:08.942+0000] {logging_mixin.py:188} INFO - [2026-02-07T01:42:08.942+0000] {dagbag.py:540} INFO - Filling up the DagBag from /home/airflow/.local/lib/python3.12/site-packages/airflow/example_dags/tutorial.py
[2026-02-07T01:42:08.950+0000] {processor.py:840} INFO - DAG(s) 'tutorial' retrieved from /home/airflow/.local/lib/python3.12/site-packages/airflow/example_dags/tutorial.py
[2026-02-07T01:42:08.976+0000] {logging_mixin.py:188} INFO - [2026-02-07T01:42:08.976+0000] {dag.py:3096} INFO - Sync 1 DAGs
[2026-02-07T01:42:08.998+0000] {logging_mixin.py:188} INFO - [2026-02-07T01:42:08.998+0000] {dag.py:3954} INFO - Setting next_dagrun for tutorial to 2026-02-06 00:00:00+00:00, run_after=2026-02-07 00:00:00+00:00
[2026-02-07T01:42:09.017+0000] {processor.py:183} INFO - Processing /home/airflow/.local/lib/python3.12/site-packages/airflow/example_dags/tutorial.py took 0.085 seconds
[2026-02-07T01:42:39.137+0000] {processor.py:161} INFO - Started process (PID=803) to work on /home/airflow/.local/lib/python3.12/site-packages/airflow/example_dags/tutorial.py
[2026-02-07T01:42:39.138+0000] {processor.py:830} INFO - Processing file /home/airflow/.local/lib/python3.12/site-packages/airflow/example_dags/tutorial.py for tasks to queue
[2026-02-07T01:42:39.140+0000] {logging_mixin.py:188} INFO - [2026-02-07T01:42:39.140+0000] {dagbag.py:540} INFO - Filling up the DagBag from /home/airflow/.local/lib/python3.12/site-packages/airflow/example_dags/tutorial.py
[2026-02-07T01:42:39.146+0000] {processor.py:840} INFO - DAG(s) 'tutorial' retrieved from /home/airflow/.local/lib/python3.12/site-packages/airflow/example_dags/tutorial.py
[2026-02-07T01:42:39.167+0000] {logging_mixin.py:188} INFO - [2026-02-07T01:42:39.167+0000] {dag.py:3096} INFO - Sync 1 DAGs
[2026-02-07T01:42:39.187+0000] {logging_mixin.py:188} INFO - [2026-02-07T01:42:39.187+0000] {dag.py:3954} INFO - Setting next_dagrun for tutorial to 2026-02-06 00:00:00+00:00, run_after=2026-02-07 00:00:00+00:00
[2026-02-07T01:42:39.206+0000] {processor.py:183} INFO - Processing /home/airflow/.local/lib/python3.12/site-packages/airflow/example_dags/tutorial.py took 0.076 seconds
[2026-02-07T01:43:09.461+0000] {processor.py:161} INFO - Started process (PID=855) to work on /home/airflow/.local/lib/python3.12/site-packages/airflow/example_dags/tutorial.py
[2026-02-07T01:43:09.462+0000] {processor.py:830} INFO - Processing file /home/airflow/.local/lib/python3.12/site-packages/airflow/example_dags/tutorial.py for tasks to queue
[2026-02-07T01:43:09.465+0000] {logging_mixin.py:188} INFO - [2026-02-07T01:43:09.464+0000] {dagbag.py:540} INFO - Filling up the DagBag from /home/airflow/.local/lib/python3.12/site-packages/airflow/example_dags/tutorial.py
[2026-02-07T01:43:09.470+0000] {processor.py:840} INFO - DAG(s) 'tutorial' retrieved from /home/airflow/.local/lib/python3.12/site-packages/airflow/example_dags/tutorial.py
[2026-02-07T01:43:09.497+0000] {logging_mixin.py:188} INFO - [2026-02-07T01:43:09.497+0000] {dag.py:3096} INFO - Sync 1 DAGs
[2026-02-07T01:43:09.520+0000] {logging_mixin.py:188} INFO - [2026-02-07T01:43:09.520+0000] {dag.py:3954} INFO - Setting next_dagrun for tutorial to 2026-02-06 00:00:00+00:00, run_after=2026-02-07 00:00:00+00:00
[2026-02-07T01:43:09.539+0000] {processor.py:183} INFO - Processing /home/airflow/.local/lib/python3.12/site-packages/airflow/example_dags/tutorial.py took 0.084 seconds
[2026-02-07T01:43:39.980+0000] {processor.py:161} INFO - Started process (PID=907) to work on /home/airflow/.local/lib/python3.12/site-packages/airflow/example_dags/tutorial.py
[2026-02-07T01:43:39.981+0000] {processor.py:830} INFO - Processing file /home/airflow/.local/lib/python3.12/site-packages/airflow/example_dags/tutorial.py for tasks to queue
[2026-02-07T01:43:39.984+0000] {logging_mixin.py:188} INFO - [2026-02-07T01:43:39.983+0000] {dagbag.py:540} INFO - Filling up the DagBag from /home/airflow/.local/lib/python3.12/site-packages/airflow/example_dags/tutorial.py
[2026-02-07T01:43:39.989+0000] {processor.py:840} INFO - DAG(s) 'tutorial' retrieved from /home/airflow/.local/lib/python3.12/site-packages/airflow/example_dags/tutorial.py
[2026-02-07T01:43:40.009+0000] {logging_mixin.py:188} INFO - [2026-02-07T01:43:40.009+0000] {dag.py:3096} INFO - Sync 1 DAGs
[2026-02-07T01:43:40.035+0000] {logging_mixin.py:188} INFO - [2026-02-07T01:43:40.035+0000] {dag.py:3954} INFO - Setting next_dagrun for tutorial to 2026-02-06 00:00:00+00:00, run_after=2026-02-07 00:00:00+00:00
[2026-02-07T01:43:40.069+0000] {processor.py:183} INFO - Processing /home/airflow/.local/lib/python3.12/site-packages/airflow/example_dags/tutorial.py took 0.094 seconds
[2026-02-07T01:44:10.934+0000] {processor.py:161} INFO - Started process (PID=959) to work on /home/airflow/.local/lib/python3.12/site-packages/airflow/example_dags/tutorial.py
[2026-02-07T01:44:10.936+0000] {processor.py:830} INFO - Processing file /home/airflow/.local/lib/python3.12/site-packages/airflow/example_dags/tutorial.py for tasks to queue
[2026-02-07T01:44:10.938+0000] {logging_mixin.py:188} INFO - [2026-02-07T01:44:10.938+0000] {dagbag.py:540} INFO - Filling up the DagBag from /home/airflow/.local/lib/python3.12/site-packages/airflow/example_dags/tutorial.py
[2026-02-07T01:44:10.949+0000] {processor.py:840} INFO - DAG(s) 'tutorial' retrieved from /home/airflow/.local/lib/python3.12/site-packages/airflow/example_dags/tutorial.py
[2026-02-07T01:44:10.969+0000] {logging_mixin.py:188} INFO - [2026-02-07T01:44:10.969+0000] {dag.py:3096} INFO - Sync 1 DAGs
[2026-02-07T01:44:10.990+0000] {logging_mixin.py:188} INFO - [2026-02-07T01:44:10.989+0000] {dag.py:3954} INFO - Setting next_dagrun for tutorial to 2026-02-06 00:00:00+00:00, run_after=2026-02-07 00:00:00+00:00
[2026-02-07T01:44:11.016+0000] {processor.py:183} INFO - Processing /home/airflow/.local/lib/python3.12/site-packages/airflow/example_dags/tutorial.py took 0.087 seconds
[2026-02-07T01:44:41.644+0000] {processor.py:161} INFO - Started process (PID=1011) to work on /home/airflow/.local/lib/python3.12/site-packages/airflow/example_dags/tutorial.py
[2026-02-07T01:44:41.645+0000] {processor.py:830} INFO - Processing file /home/airflow/.local/lib/python3.12/site-packages/airflow/example_dags/tutorial.py for tasks to queue
[2026-02-07T01:44:41.648+0000] {logging_mixin.py:188} INFO - [2026-02-07T01:44:41.647+0000] {dagbag.py:540} INFO - Filling up the DagBag from /home/airflow/.local/lib/python3.12/site-packages/airflow/example_dags/tutorial.py
[2026-02-07T01:44:41.658+0000] {processor.py:840} INFO - DAG(s) 'tutorial' retrieved from /home/airflow/.local/lib/python3.12/site-packages/airflow/example_dags/tutorial.py
[2026-02-07T01:44:41.688+0000] {logging_mixin.py:188} INFO - [2026-02-07T01:44:41.688+0000] {dag.py:3096} INFO - Sync 1 DAGs
[2026-02-07T01:44:41.720+0000] {logging_mixin.py:188} INFO - [2026-02-07T01:44:41.719+0000] {dag.py:3954} INFO - Setting next_dagrun for tutorial to 2026-02-06 00:00:00+00:00, run_after=2026-02-07 00:00:00+00:00
[2026-02-07T01:44:41.747+0000] {processor.py:183} INFO - Processing /home/airflow/.local/lib/python3.12/site-packages/airflow/example_dags/tutorial.py took 0.113 seconds
[2026-02-07T01:45:12.508+0000] {processor.py:161} INFO - Started process (PID=1063) to work on /home/airflow/.local/lib/python3.12/site-packages/airflow/example_dags/tutorial.py
[2026-02-07T01:45:12.509+0000] {processor.py:830} INFO - Processing file /home/airflow/.local/lib/python3.12/site-packages/airflow/example_dags/tutorial.py for tasks to queue
[2026-02-07T01:45:12.511+0000] {logging_mixin.py:188} INFO - [2026-02-07T01:45:12.510+0000] {dagbag.py:540} INFO - Filling up the DagBag from /home/airflow/.local/lib/python3.12/site-packages/airflow/example_dags/tutorial.py
[2026-02-07T01:45:12.516+0000] {processor.py:840} INFO - DAG(s) 'tutorial' retrieved from /home/airflow/.local/lib/python3.12/site-packages/airflow/example_dags/tutorial.py
[2026-02-07T01:45:12.535+0000] {logging_mixin.py:188} INFO - [2026-02-07T01:45:12.535+0000] {dag.py:3096} INFO - Sync 1 DAGs
[2026-02-07T01:45:12.712+0000] {logging_mixin.py:188} INFO - [2026-02-07T01:45:12.711+0000] {dag.py:3954} INFO - Setting next_dagrun for tutorial to 2026-02-06 00:00:00+00:00, run_after=2026-02-07 00:00:00+00:00
[2026-02-07T01:45:12.737+0000] {processor.py:183} INFO - Processing /home/airflow/.local/lib/python3.12/site-packages/airflow/example_dags/tutorial.py took 0.235 seconds
[2026-02-07T01:45:42.853+0000] {processor.py:161} INFO - Started process (PID=1115) to work on /home/airflow/.local/lib/python3.12/site-packages/airflow/example_dags/tutorial.py
[2026-02-07T01:45:42.854+0000] {processor.py:830} INFO - Processing file /home/airflow/.local/lib/python3.12/site-packages/airflow/example_dags/tutorial.py for tasks to queue
[2026-02-07T01:45:42.855+0000] {logging_mixin.py:188} INFO - [2026-02-07T01:45:42.855+0000] {dagbag.py:540} INFO - Filling up the DagBag from /home/airflow/.local/lib/python3.12/site-packages/airflow/example_dags/tutorial.py
[2026-02-07T01:45:42.861+0000] {processor.py:840} INFO - DAG(s) 'tutorial' retrieved from /home/airflow/.local/lib/python3.12/site-packages/airflow/example_dags/tutorial.py
[2026-02-07T01:45:42.885+0000] {logging_mixin.py:188} INFO - [2026-02-07T01:45:42.885+0000] {dag.py:3096} INFO - Sync 1 DAGs
[2026-02-07T01:45:42.910+0000] {logging_mixin.py:188} INFO - [2026-02-07T01:45:42.910+0000] {dag.py:3954} INFO - Setting next_dagrun for tutorial to 2026-02-06 00:00:00+00:00, run_after=2026-02-07 00:00:00+00:00
[2026-02-07T01:45:43.095+0000] {processor.py:183} INFO - Processing /home/airflow/.local/lib/python3.12/site-packages/airflow/example_dags/tutorial.py took 0.247 seconds
[2026-02-07T01:46:13.404+0000] {processor.py:161} INFO - Started process (PID=1167) to work on /home/airflow/.local/lib/python3.12/site-packages/airflow/example_dags/tutorial.py
[2026-02-07T01:46:13.405+0000] {processor.py:830} INFO - Processing file /home/airflow/.local/lib/python3.12/site-packages/airflow/example_dags/tutorial.py for tasks to queue
[2026-02-07T01:46:13.408+0000] {logging_mixin.py:188} INFO - [2026-02-07T01:46:13.408+0000] {dagbag.py:540} INFO - Filling up the DagBag from /home/airflow/.local/lib/python3.12/site-packages/airflow/example_dags/tutorial.py
[2026-02-07T01:46:13.415+0000] {processor.py:840} INFO - DAG(s) 'tutorial' retrieved from /home/airflow/.local/lib/python3.12/site-packages/airflow/example_dags/tutorial.py
[2026-02-07T01:46:13.441+0000] {logging_mixin.py:188} INFO - [2026-02-07T01:46:13.440+0000] {dag.py:3096} INFO - Sync 1 DAGs
[2026-02-07T01:46:13.461+0000] {logging_mixin.py:188} INFO - [2026-02-07T01:46:13.461+0000] {dag.py:3954} INFO - Setting next_dagrun for tutorial to 2026-02-06 00:00:00+00:00, run_after=2026-02-07 00:00:00+00:00
[2026-02-07T01:46:13.482+0000] {processor.py:183} INFO - Processing /home/airflow/.local/lib/python3.12/site-packages/airflow/example_dags/tutorial.py took 0.085 seconds
[2026-02-07T01:46:43.588+0000] {processor.py:161} INFO - Started process (PID=1219) to work on /home/airflow/.local/lib/python3.12/site-packages/airflow/example_dags/tutorial.py
[2026-02-07T01:46:43.589+0000] {processor.py:830} INFO - Processing file /home/airflow/.local/lib/python3.12/site-packages/airflow/example_dags/tutorial.py for tasks to queue
[2026-02-07T01:46:43.591+0000] {logging_mixin.py:188} INFO - [2026-02-07T01:46:43.591+0000] {dagbag.py:540} INFO - Filling up the DagBag from /home/airflow/.local/lib/python3.12/site-packages/airflow/example_dags/tutorial.py
[2026-02-07T01:46:43.597+0000] {processor.py:840} INFO - DAG(s) 'tutorial' retrieved from /home/airflow/.local/lib/python3.12/site-packages/airflow/example_dags/tutorial.py
[2026-02-07T01:46:43.619+0000] {logging_mixin.py:188} INFO - [2026-02-07T01:46:43.619+0000] {dag.py:3096} INFO - Sync 1 DAGs
[2026-02-07T01:46:43.640+0000] {logging_mixin.py:188} INFO - [2026-02-07T01:46:43.640+0000] {dag.py:3954} INFO - Setting next_dagrun for tutorial to 2026-02-06 00:00:00+00:00, run_after=2026-02-07 00:00:00+00:00
[2026-02-07T01:46:43.663+0000] {processor.py:183} INFO - Processing /home/airflow/.local/lib/python3.12/site-packages/airflow/example_dags/tutorial.py took 0.080 seconds
[2026-02-07T01:47:14.260+0000] {processor.py:161} INFO - Started process (PID=1271) to work on /home/airflow/.local/lib/python3.12/site-packages/airflow/example_dags/tutorial.py
[2026-02-07T01:47:14.262+0000] {processor.py:830} INFO - Processing file /home/airflow/.local/lib/python3.12/site-packages/airflow/example_dags/tutorial.py for tasks to queue
[2026-02-07T01:47:14.264+0000] {logging_mixin.py:188} INFO - [2026-02-07T01:47:14.264+0000] {dagbag.py:540} INFO - Filling up the DagBag from /home/airflow/.local/lib/python3.12/site-packages/airflow/example_dags/tutorial.py
[2026-02-07T01:47:14.272+0000] {processor.py:840} INFO - DAG(s) 'tutorial' retrieved from /home/airflow/.local/lib/python3.12/site-packages/airflow/example_dags/tutorial.py
[2026-02-07T01:47:14.293+0000] {logging_mixin.py:188} INFO - [2026-02-07T01:47:14.293+0000] {dag.py:3096} INFO - Sync 1 DAGs
[2026-02-07T01:47:14.316+0000] {logging_mixin.py:188} INFO - [2026-02-07T01:47:14.316+0000] {dag.py:3954} INFO - Setting next_dagrun for tutorial to 2026-02-06 00:00:00+00:00, run_after=2026-02-07 00:00:00+00:00
[2026-02-07T01:47:14.347+0000] {processor.py:183} INFO - Processing /home/airflow/.local/lib/python3.12/site-packages/airflow/example_dags/tutorial.py took 0.093 seconds
[2026-02-07T01:47:44.475+0000] {processor.py:161} INFO - Started process (PID=1323) to work on /home/airflow/.local/lib/python3.12/site-packages/airflow/example_dags/tutorial.py
[2026-02-07T01:47:44.477+0000] {processor.py:830} INFO - Processing file /home/airflow/.local/lib/python3.12/site-packages/airflow/example_dags/tutorial.py for tasks to queue
[2026-02-07T01:47:44.480+0000] {logging_mixin.py:188} INFO - [2026-02-07T01:47:44.479+0000] {dagbag.py:540} INFO - Filling up the DagBag from /home/airflow/.local/lib/python3.12/site-packages/airflow/example_dags/tutorial.py
[2026-02-07T01:47:44.487+0000] {processor.py:840} INFO - DAG(s) 'tutorial' retrieved from /home/airflow/.local/lib/python3.12/site-packages/airflow/example_dags/tutorial.py
[2026-02-07T01:47:44.513+0000] {logging_mixin.py:188} INFO - [2026-02-07T01:47:44.513+0000] {dag.py:3096} INFO - Sync 1 DAGs
[2026-02-07T01:47:44.542+0000] {logging_mixin.py:188} INFO - [2026-02-07T01:47:44.542+0000] {dag.py:3954} INFO - Setting next_dagrun for tutorial to 2026-02-06 00:00:00+00:00, run_after=2026-02-07 00:00:00+00:00
[2026-02-07T01:47:44.567+0000] {processor.py:183} INFO - Processing /home/airflow/.local/lib/python3.12/site-packages/airflow/example_dags/tutorial.py took 0.098 seconds
[2026-02-07T01:48:15.411+0000] {processor.py:161} INFO - Started process (PID=1375) to work on /home/airflow/.local/lib/python3.12/site-packages/airflow/example_dags/tutorial.py
[2026-02-07T01:48:15.413+0000] {processor.py:830} INFO - Processing file /home/airflow/.local/lib/python3.12/site-packages/airflow/example_dags/tutorial.py for tasks to queue
[2026-02-07T01:48:15.416+0000] {logging_mixin.py:188} INFO - [2026-02-07T01:48:15.416+0000] {dagbag.py:540} INFO - Filling up the DagBag from /home/airflow/.local/lib/python3.12/site-packages/airflow/example_dags/tutorial.py
[2026-02-07T01:48:15.427+0000] {processor.py:840} INFO - DAG(s) 'tutorial' retrieved from /home/airflow/.local/lib/python3.12/site-packages/airflow/example_dags/tutorial.py
[2026-02-07T01:48:15.457+0000] {logging_mixin.py:188} INFO - [2026-02-07T01:48:15.456+0000] {dag.py:3096} INFO - Sync 1 DAGs
[2026-02-07T01:48:15.491+0000] {logging_mixin.py:188} INFO - [2026-02-07T01:48:15.491+0000] {dag.py:3954} INFO - Setting next_dagrun for tutorial to 2026-02-06 00:00:00+00:00, run_after=2026-02-07 00:00:00+00:00
[2026-02-07T01:48:15.521+0000] {processor.py:183} INFO - Processing /home/airflow/.local/lib/python3.12/site-packages/airflow/example_dags/tutorial.py took 0.120 seconds
[2026-02-07T01:51:44.237+0000] {processor.py:161} INFO - Started process (PID=75) to work on /home/airflow/.local/lib/python3.12/site-packages/airflow/example_dags/tutorial.py
[2026-02-07T01:51:44.240+0000] {processor.py:830} INFO - Processing file /home/airflow/.local/lib/python3.12/site-packages/airflow/example_dags/tutorial.py for tasks to queue
[2026-02-07T01:51:44.254+0000] {logging_mixin.py:188} INFO - [2026-02-07T01:51:44.252+0000] {dagbag.py:540} INFO - Filling up the DagBag from /home/airflow/.local/lib/python3.12/site-packages/airflow/example_dags/tutorial.py
[2026-02-07T01:51:44.298+0000] {processor.py:840} INFO - DAG(s) 'tutorial' retrieved from /home/airflow/.local/lib/python3.12/site-packages/airflow/example_dags/tutorial.py
[2026-02-07T01:51:44.380+0000] {logging_mixin.py:188} INFO - [2026-02-07T01:51:44.379+0000] {dag.py:3096} INFO - Sync 1 DAGs
[2026-02-07T01:51:44.472+0000] {logging_mixin.py:188} INFO - [2026-02-07T01:51:44.472+0000] {dag.py:3954} INFO - Setting next_dagrun for tutorial to 2026-02-06 00:00:00+00:00, run_after=2026-02-07 00:00:00+00:00
[2026-02-07T01:51:44.536+0000] {processor.py:183} INFO - Processing /home/airflow/.local/lib/python3.12/site-packages/airflow/example_dags/tutorial.py took 0.338 seconds
[2026-02-07T01:52:15.278+0000] {processor.py:161} INFO - Started process (PID=127) to work on /home/airflow/.local/lib/python3.12/site-packages/airflow/example_dags/tutorial.py
[2026-02-07T01:52:15.279+0000] {processor.py:830} INFO - Processing file /home/airflow/.local/lib/python3.12/site-packages/airflow/example_dags/tutorial.py for tasks to queue
[2026-02-07T01:52:15.281+0000] {logging_mixin.py:188} INFO - [2026-02-07T01:52:15.281+0000] {dagbag.py:540} INFO - Filling up the DagBag from /home/airflow/.local/lib/python3.12/site-packages/airflow/example_dags/tutorial.py
[2026-02-07T01:52:15.289+0000] {processor.py:840} INFO - DAG(s) 'tutorial' retrieved from /home/airflow/.local/lib/python3.12/site-packages/airflow/example_dags/tutorial.py
[2026-02-07T01:52:15.434+0000] {logging_mixin.py:188} INFO - [2026-02-07T01:52:15.433+0000] {dag.py:3096} INFO - Sync 1 DAGs
[2026-02-07T01:52:15.464+0000] {logging_mixin.py:188} INFO - [2026-02-07T01:52:15.464+0000] {dag.py:3954} INFO - Setting next_dagrun for tutorial to 2026-02-06 00:00:00+00:00, run_after=2026-02-07 00:00:00+00:00
[2026-02-07T01:52:15.491+0000] {processor.py:183} INFO - Processing /home/airflow/.local/lib/python3.12/site-packages/airflow/example_dags/tutorial.py took 0.218 seconds
[2026-02-07T01:52:45.621+0000] {processor.py:161} INFO - Started process (PID=179) to work on /home/airflow/.local/lib/python3.12/site-packages/airflow/example_dags/tutorial.py
[2026-02-07T01:52:45.622+0000] {processor.py:830} INFO - Processing file /home/airflow/.local/lib/python3.12/site-packages/airflow/example_dags/tutorial.py for tasks to queue
[2026-02-07T01:52:45.624+0000] {logging_mixin.py:188} INFO - [2026-02-07T01:52:45.624+0000] {dagbag.py:540} INFO - Filling up the DagBag from /home/airflow/.local/lib/python3.12/site-packages/airflow/example_dags/tutorial.py
[2026-02-07T01:52:45.630+0000] {processor.py:840} INFO - DAG(s) 'tutorial' retrieved from /home/airflow/.local/lib/python3.12/site-packages/airflow/example_dags/tutorial.py
[2026-02-07T01:52:45.652+0000] {logging_mixin.py:188} INFO - [2026-02-07T01:52:45.651+0000] {dag.py:3096} INFO - Sync 1 DAGs
[2026-02-07T01:52:45.675+0000] {logging_mixin.py:188} INFO - [2026-02-07T01:52:45.674+0000] {dag.py:3954} INFO - Setting next_dagrun for tutorial to 2026-02-06 00:00:00+00:00, run_after=2026-02-07 00:00:00+00:00
[2026-02-07T01:52:45.697+0000] {processor.py:183} INFO - Processing /home/airflow/.local/lib/python3.12/site-packages/airflow/example_dags/tutorial.py took 0.082 seconds
[2026-02-07T01:53:16.462+0000] {processor.py:161} INFO - Started process (PID=231) to work on /home/airflow/.local/lib/python3.12/site-packages/airflow/example_dags/tutorial.py
[2026-02-07T01:53:16.464+0000] {processor.py:830} INFO - Processing file /home/airflow/.local/lib/python3.12/site-packages/airflow/example_dags/tutorial.py for tasks to queue
[2026-02-07T01:53:16.468+0000] {logging_mixin.py:188} INFO - [2026-02-07T01:53:16.467+0000] {dagbag.py:540} INFO - Filling up the DagBag from /home/airflow/.local/lib/python3.12/site-packages/airflow/example_dags/tutorial.py
[2026-02-07T01:53:16.477+0000] {processor.py:840} INFO - DAG(s) 'tutorial' retrieved from /home/airflow/.local/lib/python3.12/site-packages/airflow/example_dags/tutorial.py
[2026-02-07T01:53:16.513+0000] {logging_mixin.py:188} INFO - [2026-02-07T01:53:16.512+0000] {dag.py:3096} INFO - Sync 1 DAGs
[2026-02-07T01:53:16.550+0000] {logging_mixin.py:188} INFO - [2026-02-07T01:53:16.550+0000] {dag.py:3954} INFO - Setting next_dagrun for tutorial to 2026-02-06 00:00:00+00:00, run_after=2026-02-07 00:00:00+00:00
[2026-02-07T01:53:16.578+0000] {processor.py:183} INFO - Processing /home/airflow/.local/lib/python3.12/site-packages/airflow/example_dags/tutorial.py took 0.128 seconds
[2026-02-07T01:53:46.683+0000] {processor.py:161} INFO - Started process (PID=283) to work on /home/airflow/.local/lib/python3.12/site-packages/airflow/example_dags/tutorial.py
[2026-02-07T01:53:46.684+0000] {processor.py:830} INFO - Processing file /home/airflow/.local/lib/python3.12/site-packages/airflow/example_dags/tutorial.py for tasks to queue
[2026-02-07T01:53:46.686+0000] {logging_mixin.py:188} INFO - [2026-02-07T01:53:46.686+0000] {dagbag.py:540} INFO - Filling up the DagBag from /home/airflow/.local/lib/python3.12/site-packages/airflow/example_dags/tutorial.py
[2026-02-07T01:53:46.691+0000] {processor.py:840} INFO - DAG(s) 'tutorial' retrieved from /home/airflow/.local/lib/python3.12/site-packages/airflow/example_dags/tutorial.py
[2026-02-07T01:53:46.710+0000] {logging_mixin.py:188} INFO - [2026-02-07T01:53:46.709+0000] {dag.py:3096} INFO - Sync 1 DAGs
[2026-02-07T01:53:46.728+0000] {logging_mixin.py:188} INFO - [2026-02-07T01:53:46.728+0000] {dag.py:3954} INFO - Setting next_dagrun for tutorial to 2026-02-06 00:00:00+00:00, run_after=2026-02-07 00:00:00+00:00
[2026-02-07T01:53:46.756+0000] {processor.py:183} INFO - Processing /home/airflow/.local/lib/python3.12/site-packages/airflow/example_dags/tutorial.py took 0.079 seconds
[2026-02-07T01:54:16.974+0000] {processor.py:161} INFO - Started process (PID=335) to work on /home/airflow/.local/lib/python3.12/site-packages/airflow/example_dags/tutorial.py
[2026-02-07T01:54:16.975+0000] {processor.py:830} INFO - Processing file /home/airflow/.local/lib/python3.12/site-packages/airflow/example_dags/tutorial.py for tasks to queue
[2026-02-07T01:54:16.977+0000] {logging_mixin.py:188} INFO - [2026-02-07T01:54:16.977+0000] {dagbag.py:540} INFO - Filling up the DagBag from /home/airflow/.local/lib/python3.12/site-packages/airflow/example_dags/tutorial.py
[2026-02-07T01:54:16.982+0000] {processor.py:840} INFO - DAG(s) 'tutorial' retrieved from /home/airflow/.local/lib/python3.12/site-packages/airflow/example_dags/tutorial.py
[2026-02-07T01:54:17.006+0000] {logging_mixin.py:188} INFO - [2026-02-07T01:54:17.005+0000] {dag.py:3096} INFO - Sync 1 DAGs
[2026-02-07T01:54:17.035+0000] {logging_mixin.py:188} INFO - [2026-02-07T01:54:17.035+0000] {dag.py:3954} INFO - Setting next_dagrun for tutorial to 2026-02-06 00:00:00+00:00, run_after=2026-02-07 00:00:00+00:00
[2026-02-07T01:54:17.058+0000] {processor.py:183} INFO - Processing /home/airflow/.local/lib/python3.12/site-packages/airflow/example_dags/tutorial.py took 0.089 seconds
[2026-02-07T01:54:47.280+0000] {processor.py:161} INFO - Started process (PID=387) to work on /home/airflow/.local/lib/python3.12/site-packages/airflow/example_dags/tutorial.py
[2026-02-07T01:54:47.281+0000] {processor.py:830} INFO - Processing file /home/airflow/.local/lib/python3.12/site-packages/airflow/example_dags/tutorial.py for tasks to queue
[2026-02-07T01:54:47.284+0000] {logging_mixin.py:188} INFO - [2026-02-07T01:54:47.283+0000] {dagbag.py:540} INFO - Filling up the DagBag from /home/airflow/.local/lib/python3.12/site-packages/airflow/example_dags/tutorial.py
[2026-02-07T01:54:47.290+0000] {processor.py:840} INFO - DAG(s) 'tutorial' retrieved from /home/airflow/.local/lib/python3.12/site-packages/airflow/example_dags/tutorial.py
[2026-02-07T01:54:47.313+0000] {logging_mixin.py:188} INFO - [2026-02-07T01:54:47.313+0000] {dag.py:3096} INFO - Sync 1 DAGs
[2026-02-07T01:54:47.333+0000] {logging_mixin.py:188} INFO - [2026-02-07T01:54:47.333+0000] {dag.py:3954} INFO - Setting next_dagrun for tutorial to 2026-02-06 00:00:00+00:00, run_after=2026-02-07 00:00:00+00:00
[2026-02-07T01:54:47.354+0000] {processor.py:183} INFO - Processing /home/airflow/.local/lib/python3.12/site-packages/airflow/example_dags/tutorial.py took 0.081 seconds
[2026-02-07T01:55:18.172+0000] {processor.py:161} INFO - Started process (PID=439) to work on /home/airflow/.local/lib/python3.12/site-packages/airflow/example_dags/tutorial.py
[2026-02-07T01:55:18.174+0000] {processor.py:830} INFO - Processing file /home/airflow/.local/lib/python3.12/site-packages/airflow/example_dags/tutorial.py for tasks to queue
[2026-02-07T01:55:18.176+0000] {logging_mixin.py:188} INFO - [2026-02-07T01:55:18.176+0000] {dagbag.py:540} INFO - Filling up the DagBag from /home/airflow/.local/lib/python3.12/site-packages/airflow/example_dags/tutorial.py
[2026-02-07T01:55:18.183+0000] {processor.py:840} INFO - DAG(s) 'tutorial' retrieved from /home/airflow/.local/lib/python3.12/site-packages/airflow/example_dags/tutorial.py
[2026-02-07T01:55:18.206+0000] {logging_mixin.py:188} INFO - [2026-02-07T01:55:18.206+0000] {dag.py:3096} INFO - Sync 1 DAGs
[2026-02-07T01:55:18.228+0000] {logging_mixin.py:188} INFO - [2026-02-07T01:55:18.228+0000] {dag.py:3954} INFO - Setting next_dagrun for tutorial to 2026-02-06 00:00:00+00:00, run_after=2026-02-07 00:00:00+00:00
[2026-02-07T01:55:18.250+0000] {processor.py:183} INFO - Processing /home/airflow/.local/lib/python3.12/site-packages/airflow/example_dags/tutorial.py took 0.083 seconds
[2026-02-07T01:55:48.924+0000] {processor.py:161} INFO - Started process (PID=491) to work on /home/airflow/.local/lib/python3.12/site-packages/airflow/example_dags/tutorial.py
[2026-02-07T01:55:48.925+0000] {processor.py:830} INFO - Processing file /home/airflow/.local/lib/python3.12/site-packages/airflow/example_dags/tutorial.py for tasks to queue
[2026-02-07T01:55:48.927+0000] {logging_mixin.py:188} INFO - [2026-02-07T01:55:48.927+0000] {dagbag.py:540} INFO - Filling up the DagBag from /home/airflow/.local/lib/python3.12/site-packages/airflow/example_dags/tutorial.py
[2026-02-07T01:55:48.936+0000] {processor.py:840} INFO - DAG(s) 'tutorial' retrieved from /home/airflow/.local/lib/python3.12/site-packages/airflow/example_dags/tutorial.py
[2026-02-07T01:55:48.960+0000] {logging_mixin.py:188} INFO - [2026-02-07T01:55:48.960+0000] {dag.py:3096} INFO - Sync 1 DAGs
[2026-02-07T01:55:48.984+0000] {logging_mixin.py:188} INFO - [2026-02-07T01:55:48.983+0000] {dag.py:3954} INFO - Setting next_dagrun for tutorial to 2026-02-06 00:00:00+00:00, run_after=2026-02-07 00:00:00+00:00
[2026-02-07T01:55:49.006+0000] {processor.py:183} INFO - Processing /home/airflow/.local/lib/python3.12/site-packages/airflow/example_dags/tutorial.py took 0.088 seconds
[2026-02-07T01:56:19.383+0000] {processor.py:161} INFO - Started process (PID=543) to work on /home/airflow/.local/lib/python3.12/site-packages/airflow/example_dags/tutorial.py
[2026-02-07T01:56:19.385+0000] {processor.py:830} INFO - Processing file /home/airflow/.local/lib/python3.12/site-packages/airflow/example_dags/tutorial.py for tasks to queue
[2026-02-07T01:56:19.387+0000] {logging_mixin.py:188} INFO - [2026-02-07T01:56:19.387+0000] {dagbag.py:540} INFO - Filling up the DagBag from /home/airflow/.local/lib/python3.12/site-packages/airflow/example_dags/tutorial.py
[2026-02-07T01:56:19.396+0000] {processor.py:840} INFO - DAG(s) 'tutorial' retrieved from /home/airflow/.local/lib/python3.12/site-packages/airflow/example_dags/tutorial.py
[2026-02-07T01:56:19.422+0000] {logging_mixin.py:188} INFO - [2026-02-07T01:56:19.422+0000] {dag.py:3096} INFO - Sync 1 DAGs
[2026-02-07T01:56:19.452+0000] {logging_mixin.py:188} INFO - [2026-02-07T01:56:19.452+0000] {dag.py:3954} INFO - Setting next_dagrun for tutorial to 2026-02-06 00:00:00+00:00, run_after=2026-02-07 00:00:00+00:00
[2026-02-07T01:56:19.479+0000] {processor.py:183} INFO - Processing /home/airflow/.local/lib/python3.12/site-packages/airflow/example_dags/tutorial.py took 0.103 seconds
[2026-02-07T01:56:50.484+0000] {processor.py:161} INFO - Started process (PID=595) to work on /home/airflow/.local/lib/python3.12/site-packages/airflow/example_dags/tutorial.py
[2026-02-07T01:56:50.486+0000] {processor.py:830} INFO - Processing file /home/airflow/.local/lib/python3.12/site-packages/airflow/example_dags/tutorial.py for tasks to queue
[2026-02-07T01:56:50.489+0000] {logging_mixin.py:188} INFO - [2026-02-07T01:56:50.489+0000] {dagbag.py:540} INFO - Filling up the DagBag from /home/airflow/.local/lib/python3.12/site-packages/airflow/example_dags/tutorial.py
[2026-02-07T01:56:50.500+0000] {processor.py:840} INFO - DAG(s) 'tutorial' retrieved from /home/airflow/.local/lib/python3.12/site-packages/airflow/example_dags/tutorial.py
[2026-02-07T01:56:50.535+0000] {logging_mixin.py:188} INFO - [2026-02-07T01:56:50.535+0000] {dag.py:3096} INFO - Sync 1 DAGs
[2026-02-07T01:56:50.580+0000] {logging_mixin.py:188} INFO - [2026-02-07T01:56:50.579+0000] {dag.py:3954} INFO - Setting next_dagrun for tutorial to 2026-02-06 00:00:00+00:00, run_after=2026-02-07 00:00:00+00:00
[2026-02-07T01:56:50.617+0000] {processor.py:183} INFO - Processing /home/airflow/.local/lib/python3.12/site-packages/airflow/example_dags/tutorial.py took 0.142 seconds
[2026-02-07T01:57:21.441+0000] {processor.py:161} INFO - Started process (PID=647) to work on /home/airflow/.local/lib/python3.12/site-packages/airflow/example_dags/tutorial.py
[2026-02-07T01:57:21.442+0000] {processor.py:830} INFO - Processing file /home/airflow/.local/lib/python3.12/site-packages/airflow/example_dags/tutorial.py for tasks to queue
[2026-02-07T01:57:21.445+0000] {logging_mixin.py:188} INFO - [2026-02-07T01:57:21.444+0000] {dagbag.py:540} INFO - Filling up the DagBag from /home/airflow/.local/lib/python3.12/site-packages/airflow/example_dags/tutorial.py
[2026-02-07T01:57:21.452+0000] {processor.py:840} INFO - DAG(s) 'tutorial' retrieved from /home/airflow/.local/lib/python3.12/site-packages/airflow/example_dags/tutorial.py
[2026-02-07T01:57:21.475+0000] {logging_mixin.py:188} INFO - [2026-02-07T01:57:21.475+0000] {dag.py:3096} INFO - Sync 1 DAGs
[2026-02-07T01:57:21.499+0000] {logging_mixin.py:188} INFO - [2026-02-07T01:57:21.499+0000] {dag.py:3954} INFO - Setting next_dagrun for tutorial to 2026-02-06 00:00:00+00:00, run_after=2026-02-07 00:00:00+00:00
[2026-02-07T01:57:21.524+0000] {processor.py:183} INFO - Processing /home/airflow/.local/lib/python3.12/site-packages/airflow/example_dags/tutorial.py took 0.090 seconds
[2026-02-07T01:57:51.908+0000] {processor.py:161} INFO - Started process (PID=699) to work on /home/airflow/.local/lib/python3.12/site-packages/airflow/example_dags/tutorial.py
[2026-02-07T01:57:51.909+0000] {processor.py:830} INFO - Processing file /home/airflow/.local/lib/python3.12/site-packages/airflow/example_dags/tutorial.py for tasks to queue
[2026-02-07T01:57:51.911+0000] {logging_mixin.py:188} INFO - [2026-02-07T01:57:51.911+0000] {dagbag.py:540} INFO - Filling up the DagBag from /home/airflow/.local/lib/python3.12/site-packages/airflow/example_dags/tutorial.py
[2026-02-07T01:57:51.916+0000] {processor.py:840} INFO - DAG(s) 'tutorial' retrieved from /home/airflow/.local/lib/python3.12/site-packages/airflow/example_dags/tutorial.py
[2026-02-07T01:57:51.935+0000] {logging_mixin.py:188} INFO - [2026-02-07T01:57:51.935+0000] {dag.py:3096} INFO - Sync 1 DAGs
[2026-02-07T01:57:51.955+0000] {logging_mixin.py:188} INFO - [2026-02-07T01:57:51.954+0000] {dag.py:3954} INFO - Setting next_dagrun for tutorial to 2026-02-06 00:00:00+00:00, run_after=2026-02-07 00:00:00+00:00
[2026-02-07T01:57:51.986+0000] {processor.py:183} INFO - Processing /home/airflow/.local/lib/python3.12/site-packages/airflow/example_dags/tutorial.py took 0.084 seconds
[2026-02-07T01:58:22.113+0000] {processor.py:161} INFO - Started process (PID=751) to work on /home/airflow/.local/lib/python3.12/site-packages/airflow/example_dags/tutorial.py
[2026-02-07T01:58:22.115+0000] {processor.py:830} INFO - Processing file /home/airflow/.local/lib/python3.12/site-packages/airflow/example_dags/tutorial.py for tasks to queue
[2026-02-07T01:58:22.134+0000] {logging_mixin.py:188} INFO - [2026-02-07T01:58:22.133+0000] {dagbag.py:540} INFO - Filling up the DagBag from /home/airflow/.local/lib/python3.12/site-packages/airflow/example_dags/tutorial.py
[2026-02-07T01:58:22.152+0000] {processor.py:840} INFO - DAG(s) 'tutorial' retrieved from /home/airflow/.local/lib/python3.12/site-packages/airflow/example_dags/tutorial.py
[2026-02-07T01:58:22.205+0000] {logging_mixin.py:188} INFO - [2026-02-07T01:58:22.205+0000] {dag.py:3096} INFO - Sync 1 DAGs
[2026-02-07T01:58:22.259+0000] {logging_mixin.py:188} INFO - [2026-02-07T01:58:22.259+0000] {dag.py:3954} INFO - Setting next_dagrun for tutorial to 2026-02-06 00:00:00+00:00, run_after=2026-02-07 00:00:00+00:00
[2026-02-07T01:58:22.289+0000] {processor.py:183} INFO - Processing /home/airflow/.local/lib/python3.12/site-packages/airflow/example_dags/tutorial.py took 0.197 seconds
[2026-02-07T01:58:52.525+0000] {processor.py:161} INFO - Started process (PID=803) to work on /home/airflow/.local/lib/python3.12/site-packages/airflow/example_dags/tutorial.py
[2026-02-07T01:58:52.526+0000] {processor.py:830} INFO - Processing file /home/airflow/.local/lib/python3.12/site-packages/airflow/example_dags/tutorial.py for tasks to queue
[2026-02-07T01:58:52.528+0000] {logging_mixin.py:188} INFO - [2026-02-07T01:58:52.527+0000] {dagbag.py:540} INFO - Filling up the DagBag from /home/airflow/.local/lib/python3.12/site-packages/airflow/example_dags/tutorial.py
[2026-02-07T01:58:52.534+0000] {processor.py:840} INFO - DAG(s) 'tutorial' retrieved from /home/airflow/.local/lib/python3.12/site-packages/airflow/example_dags/tutorial.py
[2026-02-07T01:58:52.554+0000] {logging_mixin.py:188} INFO - [2026-02-07T01:58:52.553+0000] {dag.py:3096} INFO - Sync 1 DAGs
[2026-02-07T01:58:52.574+0000] {logging_mixin.py:188} INFO - [2026-02-07T01:58:52.574+0000] {dag.py:3954} INFO - Setting next_dagrun for tutorial to 2026-02-06 00:00:00+00:00, run_after=2026-02-07 00:00:00+00:00
[2026-02-07T01:58:52.594+0000] {processor.py:183} INFO - Processing /home/airflow/.local/lib/python3.12/site-packages/airflow/example_dags/tutorial.py took 0.075 seconds
[2026-02-07T01:59:22.800+0000] {processor.py:161} INFO - Started process (PID=855) to work on /home/airflow/.local/lib/python3.12/site-packages/airflow/example_dags/tutorial.py
[2026-02-07T01:59:22.801+0000] {processor.py:830} INFO - Processing file /home/airflow/.local/lib/python3.12/site-packages/airflow/example_dags/tutorial.py for tasks to queue
[2026-02-07T01:59:22.803+0000] {logging_mixin.py:188} INFO - [2026-02-07T01:59:22.803+0000] {dagbag.py:540} INFO - Filling up the DagBag from /home/airflow/.local/lib/python3.12/site-packages/airflow/example_dags/tutorial.py
[2026-02-07T01:59:22.810+0000] {processor.py:840} INFO - DAG(s) 'tutorial' retrieved from /home/airflow/.local/lib/python3.12/site-packages/airflow/example_dags/tutorial.py
[2026-02-07T01:59:22.831+0000] {logging_mixin.py:188} INFO - [2026-02-07T01:59:22.831+0000] {dag.py:3096} INFO - Sync 1 DAGs
[2026-02-07T01:59:22.854+0000] {logging_mixin.py:188} INFO - [2026-02-07T01:59:22.854+0000] {dag.py:3954} INFO - Setting next_dagrun for tutorial to 2026-02-06 00:00:00+00:00, run_after=2026-02-07 00:00:00+00:00
[2026-02-07T01:59:22.876+0000] {processor.py:183} INFO - Processing /home/airflow/.local/lib/python3.12/site-packages/airflow/example_dags/tutorial.py took 0.081 seconds
[2026-02-07T01:59:53.015+0000] {processor.py:161} INFO - Started process (PID=907) to work on /home/airflow/.local/lib/python3.12/site-packages/airflow/example_dags/tutorial.py
[2026-02-07T01:59:53.016+0000] {processor.py:830} INFO - Processing file /home/airflow/.local/lib/python3.12/site-packages/airflow/example_dags/tutorial.py for tasks to queue
[2026-02-07T01:59:53.018+0000] {logging_mixin.py:188} INFO - [2026-02-07T01:59:53.017+0000] {dagbag.py:540} INFO - Filling up the DagBag from /home/airflow/.local/lib/python3.12/site-packages/airflow/example_dags/tutorial.py
[2026-02-07T01:59:53.024+0000] {processor.py:840} INFO - DAG(s) 'tutorial' retrieved from /home/airflow/.local/lib/python3.12/site-packages/airflow/example_dags/tutorial.py
[2026-02-07T01:59:53.044+0000] {logging_mixin.py:188} INFO - [2026-02-07T01:59:53.044+0000] {dag.py:3096} INFO - Sync 1 DAGs
[2026-02-07T01:59:53.067+0000] {logging_mixin.py:188} INFO - [2026-02-07T01:59:53.067+0000] {dag.py:3954} INFO - Setting next_dagrun for tutorial to 2026-02-06 00:00:00+00:00, run_after=2026-02-07 00:00:00+00:00
[2026-02-07T01:59:53.088+0000] {processor.py:183} INFO - Processing /home/airflow/.local/lib/python3.12/site-packages/airflow/example_dags/tutorial.py took 0.079 seconds
[2026-02-07T02:00:23.489+0000] {processor.py:161} INFO - Started process (PID=959) to work on /home/airflow/.local/lib/python3.12/site-packages/airflow/example_dags/tutorial.py
[2026-02-07T02:00:23.490+0000] {processor.py:830} INFO - Processing file /home/airflow/.local/lib/python3.12/site-packages/airflow/example_dags/tutorial.py for tasks to queue
[2026-02-07T02:00:23.491+0000] {logging_mixin.py:188} INFO - [2026-02-07T02:00:23.491+0000] {dagbag.py:540} INFO - Filling up the DagBag from /home/airflow/.local/lib/python3.12/site-packages/airflow/example_dags/tutorial.py
[2026-02-07T02:00:23.497+0000] {processor.py:840} INFO - DAG(s) 'tutorial' retrieved from /home/airflow/.local/lib/python3.12/site-packages/airflow/example_dags/tutorial.py
[2026-02-07T02:00:23.518+0000] {logging_mixin.py:188} INFO - [2026-02-07T02:00:23.518+0000] {dag.py:3096} INFO - Sync 1 DAGs
[2026-02-07T02:00:23.541+0000] {logging_mixin.py:188} INFO - [2026-02-07T02:00:23.541+0000] {dag.py:3954} INFO - Setting next_dagrun for tutorial to 2026-02-06 00:00:00+00:00, run_after=2026-02-07 00:00:00+00:00
[2026-02-07T02:00:23.562+0000] {processor.py:183} INFO - Processing /home/airflow/.local/lib/python3.12/site-packages/airflow/example_dags/tutorial.py took 0.080 seconds
[2026-02-07T02:00:53.773+0000] {processor.py:161} INFO - Started process (PID=1011) to work on /home/airflow/.local/lib/python3.12/site-packages/airflow/example_dags/tutorial.py
[2026-02-07T02:00:53.775+0000] {processor.py:830} INFO - Processing file /home/airflow/.local/lib/python3.12/site-packages/airflow/example_dags/tutorial.py for tasks to queue
[2026-02-07T02:00:53.778+0000] {logging_mixin.py:188} INFO - [2026-02-07T02:00:53.777+0000] {dagbag.py:540} INFO - Filling up the DagBag from /home/airflow/.local/lib/python3.12/site-packages/airflow/example_dags/tutorial.py
[2026-02-07T02:00:53.786+0000] {processor.py:840} INFO - DAG(s) 'tutorial' retrieved from /home/airflow/.local/lib/python3.12/site-packages/airflow/example_dags/tutorial.py
[2026-02-07T02:00:53.813+0000] {logging_mixin.py:188} INFO - [2026-02-07T02:00:53.812+0000] {dag.py:3096} INFO - Sync 1 DAGs
[2026-02-07T02:00:53.840+0000] {logging_mixin.py:188} INFO - [2026-02-07T02:00:53.840+0000] {dag.py:3954} INFO - Setting next_dagrun for tutorial to 2026-02-06 00:00:00+00:00, run_after=2026-02-07 00:00:00+00:00
[2026-02-07T02:00:53.865+0000] {processor.py:183} INFO - Processing /home/airflow/.local/lib/python3.12/site-packages/airflow/example_dags/tutorial.py took 0.099 seconds
[2026-02-07T02:01:24.385+0000] {processor.py:161} INFO - Started process (PID=1063) to work on /home/airflow/.local/lib/python3.12/site-packages/airflow/example_dags/tutorial.py
[2026-02-07T02:01:24.387+0000] {processor.py:830} INFO - Processing file /home/airflow/.local/lib/python3.12/site-packages/airflow/example_dags/tutorial.py for tasks to queue
[2026-02-07T02:01:24.390+0000] {logging_mixin.py:188} INFO - [2026-02-07T02:01:24.390+0000] {dagbag.py:540} INFO - Filling up the DagBag from /home/airflow/.local/lib/python3.12/site-packages/airflow/example_dags/tutorial.py
[2026-02-07T02:01:24.399+0000] {processor.py:840} INFO - DAG(s) 'tutorial' retrieved from /home/airflow/.local/lib/python3.12/site-packages/airflow/example_dags/tutorial.py
[2026-02-07T02:01:24.432+0000] {logging_mixin.py:188} INFO - [2026-02-07T02:01:24.432+0000] {dag.py:3096} INFO - Sync 1 DAGs
[2026-02-07T02:01:24.469+0000] {logging_mixin.py:188} INFO - [2026-02-07T02:01:24.469+0000] {dag.py:3954} INFO - Setting next_dagrun for tutorial to 2026-02-06 00:00:00+00:00, run_after=2026-02-07 00:00:00+00:00
[2026-02-07T02:01:24.497+0000] {processor.py:183} INFO - Processing /home/airflow/.local/lib/python3.12/site-packages/airflow/example_dags/tutorial.py took 0.121 seconds
[2026-02-07T02:01:54.849+0000] {processor.py:161} INFO - Started process (PID=1115) to work on /home/airflow/.local/lib/python3.12/site-packages/airflow/example_dags/tutorial.py
[2026-02-07T02:01:54.851+0000] {processor.py:830} INFO - Processing file /home/airflow/.local/lib/python3.12/site-packages/airflow/example_dags/tutorial.py for tasks to queue
[2026-02-07T02:01:54.854+0000] {logging_mixin.py:188} INFO - [2026-02-07T02:01:54.853+0000] {dagbag.py:540} INFO - Filling up the DagBag from /home/airflow/.local/lib/python3.12/site-packages/airflow/example_dags/tutorial.py
[2026-02-07T02:01:54.861+0000] {processor.py:840} INFO - DAG(s) 'tutorial' retrieved from /home/airflow/.local/lib/python3.12/site-packages/airflow/example_dags/tutorial.py
[2026-02-07T02:01:54.885+0000] {logging_mixin.py:188} INFO - [2026-02-07T02:01:54.885+0000] {dag.py:3096} INFO - Sync 1 DAGs
[2026-02-07T02:01:54.911+0000] {logging_mixin.py:188} INFO - [2026-02-07T02:01:54.911+0000] {dag.py:3954} INFO - Setting next_dagrun for tutorial to 2026-02-06 00:00:00+00:00, run_after=2026-02-07 00:00:00+00:00
[2026-02-07T02:01:54.936+0000] {processor.py:183} INFO - Processing /home/airflow/.local/lib/python3.12/site-packages/airflow/example_dags/tutorial.py took 0.094 seconds
[2026-02-07T02:02:26.626+0000] {processor.py:161} INFO - Started process (PID=1167) to work on /home/airflow/.local/lib/python3.12/site-packages/airflow/example_dags/tutorial.py
[2026-02-07T02:02:26.628+0000] {processor.py:830} INFO - Processing file /home/airflow/.local/lib/python3.12/site-packages/airflow/example_dags/tutorial.py for tasks to queue
[2026-02-07T02:02:26.630+0000] {logging_mixin.py:188} INFO - [2026-02-07T02:02:26.630+0000] {dagbag.py:540} INFO - Filling up the DagBag from /home/airflow/.local/lib/python3.12/site-packages/airflow/example_dags/tutorial.py
[2026-02-07T02:02:26.638+0000] {processor.py:840} INFO - DAG(s) 'tutorial' retrieved from /home/airflow/.local/lib/python3.12/site-packages/airflow/example_dags/tutorial.py
[2026-02-07T02:02:26.663+0000] {logging_mixin.py:188} INFO - [2026-02-07T02:02:26.662+0000] {dag.py:3096} INFO - Sync 1 DAGs
[2026-02-07T02:02:26.835+0000] {logging_mixin.py:188} INFO - [2026-02-07T02:02:26.835+0000] {dag.py:3954} INFO - Setting next_dagrun for tutorial to 2026-02-06 00:00:00+00:00, run_after=2026-02-07 00:00:00+00:00
[2026-02-07T02:02:26.855+0000] {processor.py:183} INFO - Processing /home/airflow/.local/lib/python3.12/site-packages/airflow/example_dags/tutorial.py took 0.237 seconds
[2026-02-07T02:02:57.614+0000] {processor.py:161} INFO - Started process (PID=1219) to work on /home/airflow/.local/lib/python3.12/site-packages/airflow/example_dags/tutorial.py
[2026-02-07T02:02:57.617+0000] {processor.py:830} INFO - Processing file /home/airflow/.local/lib/python3.12/site-packages/airflow/example_dags/tutorial.py for tasks to queue
[2026-02-07T02:02:57.621+0000] {logging_mixin.py:188} INFO - [2026-02-07T02:02:57.621+0000] {dagbag.py:540} INFO - Filling up the DagBag from /home/airflow/.local/lib/python3.12/site-packages/airflow/example_dags/tutorial.py
[2026-02-07T02:02:57.637+0000] {processor.py:840} INFO - DAG(s) 'tutorial' retrieved from /home/airflow/.local/lib/python3.12/site-packages/airflow/example_dags/tutorial.py
[2026-02-07T02:02:57.683+0000] {logging_mixin.py:188} INFO - [2026-02-07T02:02:57.683+0000] {dag.py:3096} INFO - Sync 1 DAGs
[2026-02-07T02:02:57.740+0000] {logging_mixin.py:188} INFO - [2026-02-07T02:02:57.740+0000] {dag.py:3954} INFO - Setting next_dagrun for tutorial to 2026-02-06 00:00:00+00:00, run_after=2026-02-07 00:00:00+00:00
[2026-02-07T02:02:58.079+0000] {processor.py:183} INFO - Processing /home/airflow/.local/lib/python3.12/site-packages/airflow/example_dags/tutorial.py took 0.477 seconds
[2026-02-07T02:03:28.905+0000] {processor.py:161} INFO - Started process (PID=1271) to work on /home/airflow/.local/lib/python3.12/site-packages/airflow/example_dags/tutorial.py
[2026-02-07T02:03:28.906+0000] {processor.py:830} INFO - Processing file /home/airflow/.local/lib/python3.12/site-packages/airflow/example_dags/tutorial.py for tasks to queue
[2026-02-07T02:03:28.908+0000] {logging_mixin.py:188} INFO - [2026-02-07T02:03:28.908+0000] {dagbag.py:540} INFO - Filling up the DagBag from /home/airflow/.local/lib/python3.12/site-packages/airflow/example_dags/tutorial.py
[2026-02-07T02:03:28.915+0000] {processor.py:840} INFO - DAG(s) 'tutorial' retrieved from /home/airflow/.local/lib/python3.12/site-packages/airflow/example_dags/tutorial.py
[2026-02-07T02:03:28.934+0000] {logging_mixin.py:188} INFO - [2026-02-07T02:03:28.933+0000] {dag.py:3096} INFO - Sync 1 DAGs
[2026-02-07T02:03:28.955+0000] {logging_mixin.py:188} INFO - [2026-02-07T02:03:28.955+0000] {dag.py:3954} INFO - Setting next_dagrun for tutorial to 2026-02-06 00:00:00+00:00, run_after=2026-02-07 00:00:00+00:00
[2026-02-07T02:03:28.976+0000] {processor.py:183} INFO - Processing /home/airflow/.local/lib/python3.12/site-packages/airflow/example_dags/tutorial.py took 0.076 seconds
[2026-02-07T02:04:01.304+0000] {processor.py:161} INFO - Started process (PID=1323) to work on /home/airflow/.local/lib/python3.12/site-packages/airflow/example_dags/tutorial.py
[2026-02-07T02:04:01.306+0000] {processor.py:830} INFO - Processing file /home/airflow/.local/lib/python3.12/site-packages/airflow/example_dags/tutorial.py for tasks to queue
[2026-02-07T02:04:01.310+0000] {logging_mixin.py:188} INFO - [2026-02-07T02:04:01.310+0000] {dagbag.py:540} INFO - Filling up the DagBag from /home/airflow/.local/lib/python3.12/site-packages/airflow/example_dags/tutorial.py
[2026-02-07T02:04:01.500+0000] {processor.py:840} INFO - DAG(s) 'tutorial' retrieved from /home/airflow/.local/lib/python3.12/site-packages/airflow/example_dags/tutorial.py
[2026-02-07T02:04:01.520+0000] {logging_mixin.py:188} INFO - [2026-02-07T02:04:01.520+0000] {dag.py:3096} INFO - Sync 1 DAGs
[2026-02-07T02:04:01.542+0000] {logging_mixin.py:188} INFO - [2026-02-07T02:04:01.542+0000] {dag.py:3954} INFO - Setting next_dagrun for tutorial to 2026-02-06 00:00:00+00:00, run_after=2026-02-07 00:00:00+00:00
[2026-02-07T02:04:01.564+0000] {processor.py:183} INFO - Processing /home/airflow/.local/lib/python3.12/site-packages/airflow/example_dags/tutorial.py took 0.269 seconds
[2026-02-07T02:04:32.270+0000] {processor.py:161} INFO - Started process (PID=1375) to work on /home/airflow/.local/lib/python3.12/site-packages/airflow/example_dags/tutorial.py
[2026-02-07T02:04:32.272+0000] {processor.py:830} INFO - Processing file /home/airflow/.local/lib/python3.12/site-packages/airflow/example_dags/tutorial.py for tasks to queue
[2026-02-07T02:04:32.276+0000] {logging_mixin.py:188} INFO - [2026-02-07T02:04:32.275+0000] {dagbag.py:540} INFO - Filling up the DagBag from /home/airflow/.local/lib/python3.12/site-packages/airflow/example_dags/tutorial.py
[2026-02-07T02:04:32.287+0000] {processor.py:840} INFO - DAG(s) 'tutorial' retrieved from /home/airflow/.local/lib/python3.12/site-packages/airflow/example_dags/tutorial.py
[2026-02-07T02:04:32.362+0000] {logging_mixin.py:188} INFO - [2026-02-07T02:04:32.361+0000] {dag.py:3096} INFO - Sync 1 DAGs
[2026-02-07T02:04:32.404+0000] {logging_mixin.py:188} INFO - [2026-02-07T02:04:32.403+0000] {dag.py:3954} INFO - Setting next_dagrun for tutorial to 2026-02-06 00:00:00+00:00, run_after=2026-02-07 00:00:00+00:00
[2026-02-07T02:04:32.432+0000] {processor.py:183} INFO - Processing /home/airflow/.local/lib/python3.12/site-packages/airflow/example_dags/tutorial.py took 0.173 seconds
