[2026-02-11T00:00:25.258+0000] {processor.py:161} INFO - Started process (PID=6360) to work on /home/airflow/.local/lib/python3.12/site-packages/airflow/example_dags/example_local_kubernetes_executor.py
[2026-02-11T00:00:25.259+0000] {processor.py:830} INFO - Processing file /home/airflow/.local/lib/python3.12/site-packages/airflow/example_dags/example_local_kubernetes_executor.py for tasks to queue
[2026-02-11T00:00:25.261+0000] {logging_mixin.py:188} INFO - [2026-02-11T00:00:25.261+0000] {dagbag.py:540} INFO - Filling up the DagBag from /home/airflow/.local/lib/python3.12/site-packages/airflow/example_dags/example_local_kubernetes_executor.py
[2026-02-11T00:00:25.269+0000] {processor.py:840} INFO - DAG(s) 'example_local_kubernetes_executor' retrieved from /home/airflow/.local/lib/python3.12/site-packages/airflow/example_dags/example_local_kubernetes_executor.py
[2026-02-11T00:00:25.302+0000] {logging_mixin.py:188} INFO - [2026-02-11T00:00:25.301+0000] {dag.py:3096} INFO - Sync 1 DAGs
[2026-02-11T00:00:25.313+0000] {logging_mixin.py:188} INFO - [2026-02-11T00:00:25.312+0000] {dag.py:3954} INFO - Setting next_dagrun for example_local_kubernetes_executor to None, run_after=None
[2026-02-11T00:00:25.332+0000] {processor.py:183} INFO - Processing /home/airflow/.local/lib/python3.12/site-packages/airflow/example_dags/example_local_kubernetes_executor.py took 0.081 seconds
[2026-02-11T00:00:55.559+0000] {processor.py:161} INFO - Started process (PID=6414) to work on /home/airflow/.local/lib/python3.12/site-packages/airflow/example_dags/example_local_kubernetes_executor.py
[2026-02-11T00:00:55.561+0000] {processor.py:830} INFO - Processing file /home/airflow/.local/lib/python3.12/site-packages/airflow/example_dags/example_local_kubernetes_executor.py for tasks to queue
[2026-02-11T00:00:55.563+0000] {logging_mixin.py:188} INFO - [2026-02-11T00:00:55.563+0000] {dagbag.py:540} INFO - Filling up the DagBag from /home/airflow/.local/lib/python3.12/site-packages/airflow/example_dags/example_local_kubernetes_executor.py
[2026-02-11T00:00:55.572+0000] {processor.py:840} INFO - DAG(s) 'example_local_kubernetes_executor' retrieved from /home/airflow/.local/lib/python3.12/site-packages/airflow/example_dags/example_local_kubernetes_executor.py
[2026-02-11T00:00:55.611+0000] {logging_mixin.py:188} INFO - [2026-02-11T00:00:55.611+0000] {dag.py:3096} INFO - Sync 1 DAGs
[2026-02-11T00:00:55.625+0000] {logging_mixin.py:188} INFO - [2026-02-11T00:00:55.625+0000] {dag.py:3954} INFO - Setting next_dagrun for example_local_kubernetes_executor to None, run_after=None
[2026-02-11T00:00:55.647+0000] {processor.py:183} INFO - Processing /home/airflow/.local/lib/python3.12/site-packages/airflow/example_dags/example_local_kubernetes_executor.py took 0.093 seconds
[2026-02-11T00:01:26.411+0000] {processor.py:161} INFO - Started process (PID=6468) to work on /home/airflow/.local/lib/python3.12/site-packages/airflow/example_dags/example_local_kubernetes_executor.py
[2026-02-11T00:01:26.415+0000] {processor.py:830} INFO - Processing file /home/airflow/.local/lib/python3.12/site-packages/airflow/example_dags/example_local_kubernetes_executor.py for tasks to queue
[2026-02-11T00:01:26.428+0000] {logging_mixin.py:188} INFO - [2026-02-11T00:01:26.427+0000] {dagbag.py:540} INFO - Filling up the DagBag from /home/airflow/.local/lib/python3.12/site-packages/airflow/example_dags/example_local_kubernetes_executor.py
[2026-02-11T00:01:26.459+0000] {processor.py:840} INFO - DAG(s) 'example_local_kubernetes_executor' retrieved from /home/airflow/.local/lib/python3.12/site-packages/airflow/example_dags/example_local_kubernetes_executor.py
[2026-02-11T00:01:26.586+0000] {logging_mixin.py:188} INFO - [2026-02-11T00:01:26.585+0000] {dag.py:3096} INFO - Sync 1 DAGs
[2026-02-11T00:01:26.630+0000] {logging_mixin.py:188} INFO - [2026-02-11T00:01:26.630+0000] {dag.py:3954} INFO - Setting next_dagrun for example_local_kubernetes_executor to None, run_after=None
[2026-02-11T00:01:26.699+0000] {processor.py:183} INFO - Processing /home/airflow/.local/lib/python3.12/site-packages/airflow/example_dags/example_local_kubernetes_executor.py took 0.313 seconds
[2026-02-11T00:01:57.453+0000] {processor.py:161} INFO - Started process (PID=6522) to work on /home/airflow/.local/lib/python3.12/site-packages/airflow/example_dags/example_local_kubernetes_executor.py
[2026-02-11T00:01:57.454+0000] {processor.py:830} INFO - Processing file /home/airflow/.local/lib/python3.12/site-packages/airflow/example_dags/example_local_kubernetes_executor.py for tasks to queue
[2026-02-11T00:01:57.456+0000] {logging_mixin.py:188} INFO - [2026-02-11T00:01:57.456+0000] {dagbag.py:540} INFO - Filling up the DagBag from /home/airflow/.local/lib/python3.12/site-packages/airflow/example_dags/example_local_kubernetes_executor.py
[2026-02-11T00:01:57.464+0000] {processor.py:840} INFO - DAG(s) 'example_local_kubernetes_executor' retrieved from /home/airflow/.local/lib/python3.12/site-packages/airflow/example_dags/example_local_kubernetes_executor.py
[2026-02-11T00:01:57.498+0000] {logging_mixin.py:188} INFO - [2026-02-11T00:01:57.497+0000] {dag.py:3096} INFO - Sync 1 DAGs
[2026-02-11T00:01:57.511+0000] {logging_mixin.py:188} INFO - [2026-02-11T00:01:57.510+0000] {dag.py:3954} INFO - Setting next_dagrun for example_local_kubernetes_executor to None, run_after=None
[2026-02-11T00:01:57.531+0000] {processor.py:183} INFO - Processing /home/airflow/.local/lib/python3.12/site-packages/airflow/example_dags/example_local_kubernetes_executor.py took 0.084 seconds
[2026-02-11T00:02:27.749+0000] {processor.py:161} INFO - Started process (PID=6576) to work on /home/airflow/.local/lib/python3.12/site-packages/airflow/example_dags/example_local_kubernetes_executor.py
[2026-02-11T00:02:27.750+0000] {processor.py:830} INFO - Processing file /home/airflow/.local/lib/python3.12/site-packages/airflow/example_dags/example_local_kubernetes_executor.py for tasks to queue
[2026-02-11T00:02:27.753+0000] {logging_mixin.py:188} INFO - [2026-02-11T00:02:27.752+0000] {dagbag.py:540} INFO - Filling up the DagBag from /home/airflow/.local/lib/python3.12/site-packages/airflow/example_dags/example_local_kubernetes_executor.py
[2026-02-11T00:02:27.760+0000] {processor.py:840} INFO - DAG(s) 'example_local_kubernetes_executor' retrieved from /home/airflow/.local/lib/python3.12/site-packages/airflow/example_dags/example_local_kubernetes_executor.py
[2026-02-11T00:02:27.794+0000] {logging_mixin.py:188} INFO - [2026-02-11T00:02:27.794+0000] {dag.py:3096} INFO - Sync 1 DAGs
[2026-02-11T00:02:27.805+0000] {logging_mixin.py:188} INFO - [2026-02-11T00:02:27.805+0000] {dag.py:3954} INFO - Setting next_dagrun for example_local_kubernetes_executor to None, run_after=None
[2026-02-11T00:02:27.826+0000] {processor.py:183} INFO - Processing /home/airflow/.local/lib/python3.12/site-packages/airflow/example_dags/example_local_kubernetes_executor.py took 0.082 seconds
[2026-02-11T00:02:57.958+0000] {processor.py:161} INFO - Started process (PID=6630) to work on /home/airflow/.local/lib/python3.12/site-packages/airflow/example_dags/example_local_kubernetes_executor.py
[2026-02-11T00:02:57.959+0000] {processor.py:830} INFO - Processing file /home/airflow/.local/lib/python3.12/site-packages/airflow/example_dags/example_local_kubernetes_executor.py for tasks to queue
[2026-02-11T00:02:57.962+0000] {logging_mixin.py:188} INFO - [2026-02-11T00:02:57.961+0000] {dagbag.py:540} INFO - Filling up the DagBag from /home/airflow/.local/lib/python3.12/site-packages/airflow/example_dags/example_local_kubernetes_executor.py
[2026-02-11T00:02:57.969+0000] {processor.py:840} INFO - DAG(s) 'example_local_kubernetes_executor' retrieved from /home/airflow/.local/lib/python3.12/site-packages/airflow/example_dags/example_local_kubernetes_executor.py
[2026-02-11T00:02:58.003+0000] {logging_mixin.py:188} INFO - [2026-02-11T00:02:58.003+0000] {dag.py:3096} INFO - Sync 1 DAGs
[2026-02-11T00:02:58.016+0000] {logging_mixin.py:188} INFO - [2026-02-11T00:02:58.015+0000] {dag.py:3954} INFO - Setting next_dagrun for example_local_kubernetes_executor to None, run_after=None
[2026-02-11T00:02:58.048+0000] {processor.py:183} INFO - Processing /home/airflow/.local/lib/python3.12/site-packages/airflow/example_dags/example_local_kubernetes_executor.py took 0.096 seconds
[2026-02-11T00:03:28.322+0000] {processor.py:161} INFO - Started process (PID=6684) to work on /home/airflow/.local/lib/python3.12/site-packages/airflow/example_dags/example_local_kubernetes_executor.py
[2026-02-11T00:03:28.323+0000] {processor.py:830} INFO - Processing file /home/airflow/.local/lib/python3.12/site-packages/airflow/example_dags/example_local_kubernetes_executor.py for tasks to queue
[2026-02-11T00:03:28.325+0000] {logging_mixin.py:188} INFO - [2026-02-11T00:03:28.325+0000] {dagbag.py:540} INFO - Filling up the DagBag from /home/airflow/.local/lib/python3.12/site-packages/airflow/example_dags/example_local_kubernetes_executor.py
[2026-02-11T00:03:28.333+0000] {processor.py:840} INFO - DAG(s) 'example_local_kubernetes_executor' retrieved from /home/airflow/.local/lib/python3.12/site-packages/airflow/example_dags/example_local_kubernetes_executor.py
[2026-02-11T00:03:28.366+0000] {logging_mixin.py:188} INFO - [2026-02-11T00:03:28.366+0000] {dag.py:3096} INFO - Sync 1 DAGs
[2026-02-11T00:03:28.380+0000] {logging_mixin.py:188} INFO - [2026-02-11T00:03:28.379+0000] {dag.py:3954} INFO - Setting next_dagrun for example_local_kubernetes_executor to None, run_after=None
[2026-02-11T00:03:28.402+0000] {processor.py:183} INFO - Processing /home/airflow/.local/lib/python3.12/site-packages/airflow/example_dags/example_local_kubernetes_executor.py took 0.085 seconds
[2026-02-11T00:03:58.647+0000] {processor.py:161} INFO - Started process (PID=6738) to work on /home/airflow/.local/lib/python3.12/site-packages/airflow/example_dags/example_local_kubernetes_executor.py
[2026-02-11T00:03:58.648+0000] {processor.py:830} INFO - Processing file /home/airflow/.local/lib/python3.12/site-packages/airflow/example_dags/example_local_kubernetes_executor.py for tasks to queue
[2026-02-11T00:03:58.651+0000] {logging_mixin.py:188} INFO - [2026-02-11T00:03:58.650+0000] {dagbag.py:540} INFO - Filling up the DagBag from /home/airflow/.local/lib/python3.12/site-packages/airflow/example_dags/example_local_kubernetes_executor.py
[2026-02-11T00:03:58.660+0000] {processor.py:840} INFO - DAG(s) 'example_local_kubernetes_executor' retrieved from /home/airflow/.local/lib/python3.12/site-packages/airflow/example_dags/example_local_kubernetes_executor.py
[2026-02-11T00:03:58.695+0000] {logging_mixin.py:188} INFO - [2026-02-11T00:03:58.695+0000] {dag.py:3096} INFO - Sync 1 DAGs
[2026-02-11T00:03:58.710+0000] {logging_mixin.py:188} INFO - [2026-02-11T00:03:58.710+0000] {dag.py:3954} INFO - Setting next_dagrun for example_local_kubernetes_executor to None, run_after=None
[2026-02-11T00:03:58.742+0000] {processor.py:183} INFO - Processing /home/airflow/.local/lib/python3.12/site-packages/airflow/example_dags/example_local_kubernetes_executor.py took 0.101 seconds
[2026-02-11T00:04:28.931+0000] {processor.py:161} INFO - Started process (PID=6792) to work on /home/airflow/.local/lib/python3.12/site-packages/airflow/example_dags/example_local_kubernetes_executor.py
[2026-02-11T00:04:28.932+0000] {processor.py:830} INFO - Processing file /home/airflow/.local/lib/python3.12/site-packages/airflow/example_dags/example_local_kubernetes_executor.py for tasks to queue
[2026-02-11T00:04:28.934+0000] {logging_mixin.py:188} INFO - [2026-02-11T00:04:28.934+0000] {dagbag.py:540} INFO - Filling up the DagBag from /home/airflow/.local/lib/python3.12/site-packages/airflow/example_dags/example_local_kubernetes_executor.py
[2026-02-11T00:04:28.941+0000] {processor.py:840} INFO - DAG(s) 'example_local_kubernetes_executor' retrieved from /home/airflow/.local/lib/python3.12/site-packages/airflow/example_dags/example_local_kubernetes_executor.py
[2026-02-11T00:04:28.975+0000] {logging_mixin.py:188} INFO - [2026-02-11T00:04:28.975+0000] {dag.py:3096} INFO - Sync 1 DAGs
[2026-02-11T00:04:28.989+0000] {logging_mixin.py:188} INFO - [2026-02-11T00:04:28.988+0000] {dag.py:3954} INFO - Setting next_dagrun for example_local_kubernetes_executor to None, run_after=None
[2026-02-11T00:04:29.011+0000] {processor.py:183} INFO - Processing /home/airflow/.local/lib/python3.12/site-packages/airflow/example_dags/example_local_kubernetes_executor.py took 0.086 seconds
[2026-02-11T00:04:59.147+0000] {processor.py:161} INFO - Started process (PID=6846) to work on /home/airflow/.local/lib/python3.12/site-packages/airflow/example_dags/example_local_kubernetes_executor.py
[2026-02-11T00:04:59.148+0000] {processor.py:830} INFO - Processing file /home/airflow/.local/lib/python3.12/site-packages/airflow/example_dags/example_local_kubernetes_executor.py for tasks to queue
[2026-02-11T00:04:59.151+0000] {logging_mixin.py:188} INFO - [2026-02-11T00:04:59.151+0000] {dagbag.py:540} INFO - Filling up the DagBag from /home/airflow/.local/lib/python3.12/site-packages/airflow/example_dags/example_local_kubernetes_executor.py
[2026-02-11T00:04:59.160+0000] {processor.py:840} INFO - DAG(s) 'example_local_kubernetes_executor' retrieved from /home/airflow/.local/lib/python3.12/site-packages/airflow/example_dags/example_local_kubernetes_executor.py
[2026-02-11T00:04:59.195+0000] {logging_mixin.py:188} INFO - [2026-02-11T00:04:59.195+0000] {dag.py:3096} INFO - Sync 1 DAGs
[2026-02-11T00:04:59.207+0000] {logging_mixin.py:188} INFO - [2026-02-11T00:04:59.207+0000] {dag.py:3954} INFO - Setting next_dagrun for example_local_kubernetes_executor to None, run_after=None
[2026-02-11T00:04:59.229+0000] {processor.py:183} INFO - Processing /home/airflow/.local/lib/python3.12/site-packages/airflow/example_dags/example_local_kubernetes_executor.py took 0.089 seconds
[2026-02-11T00:05:29.381+0000] {processor.py:161} INFO - Started process (PID=6900) to work on /home/airflow/.local/lib/python3.12/site-packages/airflow/example_dags/example_local_kubernetes_executor.py
[2026-02-11T00:05:29.382+0000] {processor.py:830} INFO - Processing file /home/airflow/.local/lib/python3.12/site-packages/airflow/example_dags/example_local_kubernetes_executor.py for tasks to queue
[2026-02-11T00:05:29.384+0000] {logging_mixin.py:188} INFO - [2026-02-11T00:05:29.384+0000] {dagbag.py:540} INFO - Filling up the DagBag from /home/airflow/.local/lib/python3.12/site-packages/airflow/example_dags/example_local_kubernetes_executor.py
[2026-02-11T00:05:29.392+0000] {processor.py:840} INFO - DAG(s) 'example_local_kubernetes_executor' retrieved from /home/airflow/.local/lib/python3.12/site-packages/airflow/example_dags/example_local_kubernetes_executor.py
[2026-02-11T00:05:29.425+0000] {logging_mixin.py:188} INFO - [2026-02-11T00:05:29.425+0000] {dag.py:3096} INFO - Sync 1 DAGs
[2026-02-11T00:05:29.436+0000] {logging_mixin.py:188} INFO - [2026-02-11T00:05:29.436+0000] {dag.py:3954} INFO - Setting next_dagrun for example_local_kubernetes_executor to None, run_after=None
[2026-02-11T00:05:29.467+0000] {processor.py:183} INFO - Processing /home/airflow/.local/lib/python3.12/site-packages/airflow/example_dags/example_local_kubernetes_executor.py took 0.092 seconds
[2026-02-11T00:05:59.738+0000] {processor.py:161} INFO - Started process (PID=6954) to work on /home/airflow/.local/lib/python3.12/site-packages/airflow/example_dags/example_local_kubernetes_executor.py
[2026-02-11T00:05:59.739+0000] {processor.py:830} INFO - Processing file /home/airflow/.local/lib/python3.12/site-packages/airflow/example_dags/example_local_kubernetes_executor.py for tasks to queue
[2026-02-11T00:05:59.741+0000] {logging_mixin.py:188} INFO - [2026-02-11T00:05:59.740+0000] {dagbag.py:540} INFO - Filling up the DagBag from /home/airflow/.local/lib/python3.12/site-packages/airflow/example_dags/example_local_kubernetes_executor.py
[2026-02-11T00:05:59.751+0000] {processor.py:840} INFO - DAG(s) 'example_local_kubernetes_executor' retrieved from /home/airflow/.local/lib/python3.12/site-packages/airflow/example_dags/example_local_kubernetes_executor.py
[2026-02-11T00:05:59.789+0000] {logging_mixin.py:188} INFO - [2026-02-11T00:05:59.788+0000] {dag.py:3096} INFO - Sync 1 DAGs
[2026-02-11T00:05:59.802+0000] {logging_mixin.py:188} INFO - [2026-02-11T00:05:59.802+0000] {dag.py:3954} INFO - Setting next_dagrun for example_local_kubernetes_executor to None, run_after=None
[2026-02-11T00:05:59.835+0000] {processor.py:183} INFO - Processing /home/airflow/.local/lib/python3.12/site-packages/airflow/example_dags/example_local_kubernetes_executor.py took 0.103 seconds
[2026-02-11T00:06:29.874+0000] {processor.py:161} INFO - Started process (PID=7008) to work on /home/airflow/.local/lib/python3.12/site-packages/airflow/example_dags/example_local_kubernetes_executor.py
[2026-02-11T00:06:29.875+0000] {processor.py:830} INFO - Processing file /home/airflow/.local/lib/python3.12/site-packages/airflow/example_dags/example_local_kubernetes_executor.py for tasks to queue
[2026-02-11T00:06:29.877+0000] {logging_mixin.py:188} INFO - [2026-02-11T00:06:29.877+0000] {dagbag.py:540} INFO - Filling up the DagBag from /home/airflow/.local/lib/python3.12/site-packages/airflow/example_dags/example_local_kubernetes_executor.py
[2026-02-11T00:06:29.884+0000] {processor.py:840} INFO - DAG(s) 'example_local_kubernetes_executor' retrieved from /home/airflow/.local/lib/python3.12/site-packages/airflow/example_dags/example_local_kubernetes_executor.py
[2026-02-11T00:06:29.917+0000] {logging_mixin.py:188} INFO - [2026-02-11T00:06:29.916+0000] {dag.py:3096} INFO - Sync 1 DAGs
[2026-02-11T00:06:29.930+0000] {logging_mixin.py:188} INFO - [2026-02-11T00:06:29.930+0000] {dag.py:3954} INFO - Setting next_dagrun for example_local_kubernetes_executor to None, run_after=None
[2026-02-11T00:06:29.955+0000] {processor.py:183} INFO - Processing /home/airflow/.local/lib/python3.12/site-packages/airflow/example_dags/example_local_kubernetes_executor.py took 0.087 seconds
[2026-02-11T00:07:00.313+0000] {processor.py:161} INFO - Started process (PID=7062) to work on /home/airflow/.local/lib/python3.12/site-packages/airflow/example_dags/example_local_kubernetes_executor.py
[2026-02-11T00:07:00.314+0000] {processor.py:830} INFO - Processing file /home/airflow/.local/lib/python3.12/site-packages/airflow/example_dags/example_local_kubernetes_executor.py for tasks to queue
[2026-02-11T00:07:00.317+0000] {logging_mixin.py:188} INFO - [2026-02-11T00:07:00.316+0000] {dagbag.py:540} INFO - Filling up the DagBag from /home/airflow/.local/lib/python3.12/site-packages/airflow/example_dags/example_local_kubernetes_executor.py
[2026-02-11T00:07:00.324+0000] {processor.py:840} INFO - DAG(s) 'example_local_kubernetes_executor' retrieved from /home/airflow/.local/lib/python3.12/site-packages/airflow/example_dags/example_local_kubernetes_executor.py
[2026-02-11T00:07:00.358+0000] {logging_mixin.py:188} INFO - [2026-02-11T00:07:00.358+0000] {dag.py:3096} INFO - Sync 1 DAGs
[2026-02-11T00:07:00.373+0000] {logging_mixin.py:188} INFO - [2026-02-11T00:07:00.373+0000] {dag.py:3954} INFO - Setting next_dagrun for example_local_kubernetes_executor to None, run_after=None
[2026-02-11T00:07:00.397+0000] {processor.py:183} INFO - Processing /home/airflow/.local/lib/python3.12/site-packages/airflow/example_dags/example_local_kubernetes_executor.py took 0.092 seconds
[2026-02-11T00:07:30.629+0000] {processor.py:161} INFO - Started process (PID=7116) to work on /home/airflow/.local/lib/python3.12/site-packages/airflow/example_dags/example_local_kubernetes_executor.py
[2026-02-11T00:07:30.631+0000] {processor.py:830} INFO - Processing file /home/airflow/.local/lib/python3.12/site-packages/airflow/example_dags/example_local_kubernetes_executor.py for tasks to queue
[2026-02-11T00:07:30.636+0000] {logging_mixin.py:188} INFO - [2026-02-11T00:07:30.635+0000] {dagbag.py:540} INFO - Filling up the DagBag from /home/airflow/.local/lib/python3.12/site-packages/airflow/example_dags/example_local_kubernetes_executor.py
[2026-02-11T00:07:30.647+0000] {processor.py:840} INFO - DAG(s) 'example_local_kubernetes_executor' retrieved from /home/airflow/.local/lib/python3.12/site-packages/airflow/example_dags/example_local_kubernetes_executor.py
[2026-02-11T00:07:30.698+0000] {logging_mixin.py:188} INFO - [2026-02-11T00:07:30.698+0000] {dag.py:3096} INFO - Sync 1 DAGs
[2026-02-11T00:07:30.725+0000] {logging_mixin.py:188} INFO - [2026-02-11T00:07:30.725+0000] {dag.py:3954} INFO - Setting next_dagrun for example_local_kubernetes_executor to None, run_after=None
[2026-02-11T00:07:30.763+0000] {processor.py:183} INFO - Processing /home/airflow/.local/lib/python3.12/site-packages/airflow/example_dags/example_local_kubernetes_executor.py took 0.142 seconds
[2026-02-11T00:08:00.987+0000] {processor.py:161} INFO - Started process (PID=7170) to work on /home/airflow/.local/lib/python3.12/site-packages/airflow/example_dags/example_local_kubernetes_executor.py
[2026-02-11T00:08:00.988+0000] {processor.py:830} INFO - Processing file /home/airflow/.local/lib/python3.12/site-packages/airflow/example_dags/example_local_kubernetes_executor.py for tasks to queue
[2026-02-11T00:08:00.990+0000] {logging_mixin.py:188} INFO - [2026-02-11T00:08:00.990+0000] {dagbag.py:540} INFO - Filling up the DagBag from /home/airflow/.local/lib/python3.12/site-packages/airflow/example_dags/example_local_kubernetes_executor.py
[2026-02-11T00:08:00.997+0000] {processor.py:840} INFO - DAG(s) 'example_local_kubernetes_executor' retrieved from /home/airflow/.local/lib/python3.12/site-packages/airflow/example_dags/example_local_kubernetes_executor.py
[2026-02-11T00:08:01.030+0000] {logging_mixin.py:188} INFO - [2026-02-11T00:08:01.029+0000] {dag.py:3096} INFO - Sync 1 DAGs
[2026-02-11T00:08:01.050+0000] {logging_mixin.py:188} INFO - [2026-02-11T00:08:01.049+0000] {dag.py:3954} INFO - Setting next_dagrun for example_local_kubernetes_executor to None, run_after=None
[2026-02-11T00:08:01.086+0000] {processor.py:183} INFO - Processing /home/airflow/.local/lib/python3.12/site-packages/airflow/example_dags/example_local_kubernetes_executor.py took 0.104 seconds
[2026-02-11T00:08:31.175+0000] {processor.py:161} INFO - Started process (PID=7224) to work on /home/airflow/.local/lib/python3.12/site-packages/airflow/example_dags/example_local_kubernetes_executor.py
[2026-02-11T00:08:31.178+0000] {processor.py:830} INFO - Processing file /home/airflow/.local/lib/python3.12/site-packages/airflow/example_dags/example_local_kubernetes_executor.py for tasks to queue
[2026-02-11T00:08:31.180+0000] {logging_mixin.py:188} INFO - [2026-02-11T00:08:31.180+0000] {dagbag.py:540} INFO - Filling up the DagBag from /home/airflow/.local/lib/python3.12/site-packages/airflow/example_dags/example_local_kubernetes_executor.py
[2026-02-11T00:08:31.189+0000] {processor.py:840} INFO - DAG(s) 'example_local_kubernetes_executor' retrieved from /home/airflow/.local/lib/python3.12/site-packages/airflow/example_dags/example_local_kubernetes_executor.py
[2026-02-11T00:08:31.231+0000] {logging_mixin.py:188} INFO - [2026-02-11T00:08:31.231+0000] {dag.py:3096} INFO - Sync 1 DAGs
[2026-02-11T00:08:31.249+0000] {logging_mixin.py:188} INFO - [2026-02-11T00:08:31.249+0000] {dag.py:3954} INFO - Setting next_dagrun for example_local_kubernetes_executor to None, run_after=None
[2026-02-11T00:08:31.284+0000] {processor.py:183} INFO - Processing /home/airflow/.local/lib/python3.12/site-packages/airflow/example_dags/example_local_kubernetes_executor.py took 0.116 seconds
[2026-02-11T00:09:01.519+0000] {processor.py:161} INFO - Started process (PID=7278) to work on /home/airflow/.local/lib/python3.12/site-packages/airflow/example_dags/example_local_kubernetes_executor.py
[2026-02-11T00:09:01.520+0000] {processor.py:830} INFO - Processing file /home/airflow/.local/lib/python3.12/site-packages/airflow/example_dags/example_local_kubernetes_executor.py for tasks to queue
[2026-02-11T00:09:01.523+0000] {logging_mixin.py:188} INFO - [2026-02-11T00:09:01.522+0000] {dagbag.py:540} INFO - Filling up the DagBag from /home/airflow/.local/lib/python3.12/site-packages/airflow/example_dags/example_local_kubernetes_executor.py
[2026-02-11T00:09:01.531+0000] {processor.py:840} INFO - DAG(s) 'example_local_kubernetes_executor' retrieved from /home/airflow/.local/lib/python3.12/site-packages/airflow/example_dags/example_local_kubernetes_executor.py
[2026-02-11T00:09:01.569+0000] {logging_mixin.py:188} INFO - [2026-02-11T00:09:01.569+0000] {dag.py:3096} INFO - Sync 1 DAGs
[2026-02-11T00:09:01.583+0000] {logging_mixin.py:188} INFO - [2026-02-11T00:09:01.583+0000] {dag.py:3954} INFO - Setting next_dagrun for example_local_kubernetes_executor to None, run_after=None
[2026-02-11T00:09:01.603+0000] {processor.py:183} INFO - Processing /home/airflow/.local/lib/python3.12/site-packages/airflow/example_dags/example_local_kubernetes_executor.py took 0.091 seconds
[2026-02-11T00:09:31.749+0000] {processor.py:161} INFO - Started process (PID=7332) to work on /home/airflow/.local/lib/python3.12/site-packages/airflow/example_dags/example_local_kubernetes_executor.py
[2026-02-11T00:09:31.750+0000] {processor.py:830} INFO - Processing file /home/airflow/.local/lib/python3.12/site-packages/airflow/example_dags/example_local_kubernetes_executor.py for tasks to queue
[2026-02-11T00:09:31.753+0000] {logging_mixin.py:188} INFO - [2026-02-11T00:09:31.752+0000] {dagbag.py:540} INFO - Filling up the DagBag from /home/airflow/.local/lib/python3.12/site-packages/airflow/example_dags/example_local_kubernetes_executor.py
[2026-02-11T00:09:31.766+0000] {processor.py:840} INFO - DAG(s) 'example_local_kubernetes_executor' retrieved from /home/airflow/.local/lib/python3.12/site-packages/airflow/example_dags/example_local_kubernetes_executor.py
[2026-02-11T00:09:31.809+0000] {logging_mixin.py:188} INFO - [2026-02-11T00:09:31.809+0000] {dag.py:3096} INFO - Sync 1 DAGs
[2026-02-11T00:09:31.827+0000] {logging_mixin.py:188} INFO - [2026-02-11T00:09:31.826+0000] {dag.py:3954} INFO - Setting next_dagrun for example_local_kubernetes_executor to None, run_after=None
[2026-02-11T00:09:31.848+0000] {processor.py:183} INFO - Processing /home/airflow/.local/lib/python3.12/site-packages/airflow/example_dags/example_local_kubernetes_executor.py took 0.108 seconds
[2026-02-11T00:10:02.080+0000] {processor.py:161} INFO - Started process (PID=7386) to work on /home/airflow/.local/lib/python3.12/site-packages/airflow/example_dags/example_local_kubernetes_executor.py
[2026-02-11T00:10:02.083+0000] {processor.py:830} INFO - Processing file /home/airflow/.local/lib/python3.12/site-packages/airflow/example_dags/example_local_kubernetes_executor.py for tasks to queue
[2026-02-11T00:10:02.086+0000] {logging_mixin.py:188} INFO - [2026-02-11T00:10:02.085+0000] {dagbag.py:540} INFO - Filling up the DagBag from /home/airflow/.local/lib/python3.12/site-packages/airflow/example_dags/example_local_kubernetes_executor.py
[2026-02-11T00:10:02.093+0000] {processor.py:840} INFO - DAG(s) 'example_local_kubernetes_executor' retrieved from /home/airflow/.local/lib/python3.12/site-packages/airflow/example_dags/example_local_kubernetes_executor.py
[2026-02-11T00:10:02.134+0000] {logging_mixin.py:188} INFO - [2026-02-11T00:10:02.133+0000] {dag.py:3096} INFO - Sync 1 DAGs
[2026-02-11T00:10:02.148+0000] {logging_mixin.py:188} INFO - [2026-02-11T00:10:02.147+0000] {dag.py:3954} INFO - Setting next_dagrun for example_local_kubernetes_executor to None, run_after=None
[2026-02-11T00:10:02.179+0000] {processor.py:183} INFO - Processing /home/airflow/.local/lib/python3.12/site-packages/airflow/example_dags/example_local_kubernetes_executor.py took 0.105 seconds
[2026-02-11T00:10:32.291+0000] {processor.py:161} INFO - Started process (PID=7440) to work on /home/airflow/.local/lib/python3.12/site-packages/airflow/example_dags/example_local_kubernetes_executor.py
[2026-02-11T00:10:32.293+0000] {processor.py:830} INFO - Processing file /home/airflow/.local/lib/python3.12/site-packages/airflow/example_dags/example_local_kubernetes_executor.py for tasks to queue
[2026-02-11T00:10:32.297+0000] {logging_mixin.py:188} INFO - [2026-02-11T00:10:32.297+0000] {dagbag.py:540} INFO - Filling up the DagBag from /home/airflow/.local/lib/python3.12/site-packages/airflow/example_dags/example_local_kubernetes_executor.py
[2026-02-11T00:10:32.307+0000] {processor.py:840} INFO - DAG(s) 'example_local_kubernetes_executor' retrieved from /home/airflow/.local/lib/python3.12/site-packages/airflow/example_dags/example_local_kubernetes_executor.py
[2026-02-11T00:10:32.348+0000] {logging_mixin.py:188} INFO - [2026-02-11T00:10:32.347+0000] {dag.py:3096} INFO - Sync 1 DAGs
[2026-02-11T00:10:32.363+0000] {logging_mixin.py:188} INFO - [2026-02-11T00:10:32.363+0000] {dag.py:3954} INFO - Setting next_dagrun for example_local_kubernetes_executor to None, run_after=None
[2026-02-11T00:10:32.385+0000] {processor.py:183} INFO - Processing /home/airflow/.local/lib/python3.12/site-packages/airflow/example_dags/example_local_kubernetes_executor.py took 0.100 seconds
[2026-02-11T00:11:02.567+0000] {processor.py:161} INFO - Started process (PID=7494) to work on /home/airflow/.local/lib/python3.12/site-packages/airflow/example_dags/example_local_kubernetes_executor.py
[2026-02-11T00:11:02.568+0000] {processor.py:830} INFO - Processing file /home/airflow/.local/lib/python3.12/site-packages/airflow/example_dags/example_local_kubernetes_executor.py for tasks to queue
[2026-02-11T00:11:02.570+0000] {logging_mixin.py:188} INFO - [2026-02-11T00:11:02.570+0000] {dagbag.py:540} INFO - Filling up the DagBag from /home/airflow/.local/lib/python3.12/site-packages/airflow/example_dags/example_local_kubernetes_executor.py
[2026-02-11T00:11:02.578+0000] {processor.py:840} INFO - DAG(s) 'example_local_kubernetes_executor' retrieved from /home/airflow/.local/lib/python3.12/site-packages/airflow/example_dags/example_local_kubernetes_executor.py
[2026-02-11T00:11:02.610+0000] {logging_mixin.py:188} INFO - [2026-02-11T00:11:02.610+0000] {dag.py:3096} INFO - Sync 1 DAGs
[2026-02-11T00:11:02.623+0000] {logging_mixin.py:188} INFO - [2026-02-11T00:11:02.623+0000] {dag.py:3954} INFO - Setting next_dagrun for example_local_kubernetes_executor to None, run_after=None
[2026-02-11T00:11:02.645+0000] {processor.py:183} INFO - Processing /home/airflow/.local/lib/python3.12/site-packages/airflow/example_dags/example_local_kubernetes_executor.py took 0.083 seconds
[2026-02-11T00:11:32.970+0000] {processor.py:161} INFO - Started process (PID=7548) to work on /home/airflow/.local/lib/python3.12/site-packages/airflow/example_dags/example_local_kubernetes_executor.py
[2026-02-11T00:11:32.972+0000] {processor.py:830} INFO - Processing file /home/airflow/.local/lib/python3.12/site-packages/airflow/example_dags/example_local_kubernetes_executor.py for tasks to queue
[2026-02-11T00:11:32.976+0000] {logging_mixin.py:188} INFO - [2026-02-11T00:11:32.975+0000] {dagbag.py:540} INFO - Filling up the DagBag from /home/airflow/.local/lib/python3.12/site-packages/airflow/example_dags/example_local_kubernetes_executor.py
[2026-02-11T00:11:32.985+0000] {processor.py:840} INFO - DAG(s) 'example_local_kubernetes_executor' retrieved from /home/airflow/.local/lib/python3.12/site-packages/airflow/example_dags/example_local_kubernetes_executor.py
[2026-02-11T00:11:33.024+0000] {logging_mixin.py:188} INFO - [2026-02-11T00:11:33.023+0000] {dag.py:3096} INFO - Sync 1 DAGs
[2026-02-11T00:11:33.038+0000] {logging_mixin.py:188} INFO - [2026-02-11T00:11:33.037+0000] {dag.py:3954} INFO - Setting next_dagrun for example_local_kubernetes_executor to None, run_after=None
[2026-02-11T00:11:33.060+0000] {processor.py:183} INFO - Processing /home/airflow/.local/lib/python3.12/site-packages/airflow/example_dags/example_local_kubernetes_executor.py took 0.097 seconds
