[2026-02-11T00:00:26.813+0000] {processor.py:161} INFO - Started process (PID=6369) to work on /home/airflow/.local/lib/python3.12/site-packages/airflow/example_dags/example_latest_only_with_trigger.py
[2026-02-11T00:00:26.814+0000] {processor.py:830} INFO - Processing file /home/airflow/.local/lib/python3.12/site-packages/airflow/example_dags/example_latest_only_with_trigger.py for tasks to queue
[2026-02-11T00:00:26.816+0000] {logging_mixin.py:188} INFO - [2026-02-11T00:00:26.815+0000] {dagbag.py:540} INFO - Filling up the DagBag from /home/airflow/.local/lib/python3.12/site-packages/airflow/example_dags/example_latest_only_with_trigger.py
[2026-02-11T00:00:26.821+0000] {processor.py:840} INFO - DAG(s) 'latest_only_with_trigger' retrieved from /home/airflow/.local/lib/python3.12/site-packages/airflow/example_dags/example_latest_only_with_trigger.py
[2026-02-11T00:00:26.843+0000] {logging_mixin.py:188} INFO - [2026-02-11T00:00:26.843+0000] {dag.py:3096} INFO - Sync 1 DAGs
[2026-02-11T00:00:26.865+0000] {logging_mixin.py:188} INFO - [2026-02-11T00:00:26.864+0000] {dag.py:3954} INFO - Setting next_dagrun for latest_only_with_trigger to 2026-02-10 20:00:00+00:00, run_after=2026-02-11 00:00:00+00:00
[2026-02-11T00:00:26.888+0000] {processor.py:183} INFO - Processing /home/airflow/.local/lib/python3.12/site-packages/airflow/example_dags/example_latest_only_with_trigger.py took 0.081 seconds
[2026-02-11T00:00:57.048+0000] {processor.py:161} INFO - Started process (PID=6423) to work on /home/airflow/.local/lib/python3.12/site-packages/airflow/example_dags/example_latest_only_with_trigger.py
[2026-02-11T00:00:57.050+0000] {processor.py:830} INFO - Processing file /home/airflow/.local/lib/python3.12/site-packages/airflow/example_dags/example_latest_only_with_trigger.py for tasks to queue
[2026-02-11T00:00:57.052+0000] {logging_mixin.py:188} INFO - [2026-02-11T00:00:57.051+0000] {dagbag.py:540} INFO - Filling up the DagBag from /home/airflow/.local/lib/python3.12/site-packages/airflow/example_dags/example_latest_only_with_trigger.py
[2026-02-11T00:00:57.058+0000] {processor.py:840} INFO - DAG(s) 'latest_only_with_trigger' retrieved from /home/airflow/.local/lib/python3.12/site-packages/airflow/example_dags/example_latest_only_with_trigger.py
[2026-02-11T00:00:57.081+0000] {logging_mixin.py:188} INFO - [2026-02-11T00:00:57.081+0000] {dag.py:3096} INFO - Sync 1 DAGs
[2026-02-11T00:00:57.106+0000] {logging_mixin.py:188} INFO - [2026-02-11T00:00:57.105+0000] {dag.py:3954} INFO - Setting next_dagrun for latest_only_with_trigger to 2026-02-10 20:00:00+00:00, run_after=2026-02-11 00:00:00+00:00
[2026-02-11T00:00:57.126+0000] {processor.py:183} INFO - Processing /home/airflow/.local/lib/python3.12/site-packages/airflow/example_dags/example_latest_only_with_trigger.py took 0.084 seconds
[2026-02-11T00:01:27.709+0000] {processor.py:161} INFO - Started process (PID=6477) to work on /home/airflow/.local/lib/python3.12/site-packages/airflow/example_dags/example_latest_only_with_trigger.py
[2026-02-11T00:01:27.711+0000] {processor.py:830} INFO - Processing file /home/airflow/.local/lib/python3.12/site-packages/airflow/example_dags/example_latest_only_with_trigger.py for tasks to queue
[2026-02-11T00:01:27.715+0000] {logging_mixin.py:188} INFO - [2026-02-11T00:01:27.714+0000] {dagbag.py:540} INFO - Filling up the DagBag from /home/airflow/.local/lib/python3.12/site-packages/airflow/example_dags/example_latest_only_with_trigger.py
[2026-02-11T00:01:27.724+0000] {processor.py:840} INFO - DAG(s) 'latest_only_with_trigger' retrieved from /home/airflow/.local/lib/python3.12/site-packages/airflow/example_dags/example_latest_only_with_trigger.py
[2026-02-11T00:01:27.761+0000] {logging_mixin.py:188} INFO - [2026-02-11T00:01:27.761+0000] {dag.py:3096} INFO - Sync 1 DAGs
[2026-02-11T00:01:27.805+0000] {logging_mixin.py:188} INFO - [2026-02-11T00:01:27.805+0000] {dag.py:3954} INFO - Setting next_dagrun for latest_only_with_trigger to 2026-02-10 20:00:00+00:00, run_after=2026-02-11 00:00:00+00:00
[2026-02-11T00:01:27.842+0000] {processor.py:183} INFO - Processing /home/airflow/.local/lib/python3.12/site-packages/airflow/example_dags/example_latest_only_with_trigger.py took 0.145 seconds
[2026-02-11T00:01:57.967+0000] {processor.py:161} INFO - Started process (PID=6531) to work on /home/airflow/.local/lib/python3.12/site-packages/airflow/example_dags/example_latest_only_with_trigger.py
[2026-02-11T00:01:57.968+0000] {processor.py:830} INFO - Processing file /home/airflow/.local/lib/python3.12/site-packages/airflow/example_dags/example_latest_only_with_trigger.py for tasks to queue
[2026-02-11T00:01:57.970+0000] {logging_mixin.py:188} INFO - [2026-02-11T00:01:57.970+0000] {dagbag.py:540} INFO - Filling up the DagBag from /home/airflow/.local/lib/python3.12/site-packages/airflow/example_dags/example_latest_only_with_trigger.py
[2026-02-11T00:01:57.975+0000] {processor.py:840} INFO - DAG(s) 'latest_only_with_trigger' retrieved from /home/airflow/.local/lib/python3.12/site-packages/airflow/example_dags/example_latest_only_with_trigger.py
[2026-02-11T00:01:57.996+0000] {logging_mixin.py:188} INFO - [2026-02-11T00:01:57.996+0000] {dag.py:3096} INFO - Sync 1 DAGs
[2026-02-11T00:01:58.019+0000] {logging_mixin.py:188} INFO - [2026-02-11T00:01:58.019+0000] {dag.py:3954} INFO - Setting next_dagrun for latest_only_with_trigger to 2026-02-10 20:00:00+00:00, run_after=2026-02-11 00:00:00+00:00
[2026-02-11T00:01:58.041+0000] {processor.py:183} INFO - Processing /home/airflow/.local/lib/python3.12/site-packages/airflow/example_dags/example_latest_only_with_trigger.py took 0.080 seconds
[2026-02-11T00:02:28.288+0000] {processor.py:161} INFO - Started process (PID=6585) to work on /home/airflow/.local/lib/python3.12/site-packages/airflow/example_dags/example_latest_only_with_trigger.py
[2026-02-11T00:02:28.289+0000] {processor.py:830} INFO - Processing file /home/airflow/.local/lib/python3.12/site-packages/airflow/example_dags/example_latest_only_with_trigger.py for tasks to queue
[2026-02-11T00:02:28.292+0000] {logging_mixin.py:188} INFO - [2026-02-11T00:02:28.291+0000] {dagbag.py:540} INFO - Filling up the DagBag from /home/airflow/.local/lib/python3.12/site-packages/airflow/example_dags/example_latest_only_with_trigger.py
[2026-02-11T00:02:28.297+0000] {processor.py:840} INFO - DAG(s) 'latest_only_with_trigger' retrieved from /home/airflow/.local/lib/python3.12/site-packages/airflow/example_dags/example_latest_only_with_trigger.py
[2026-02-11T00:02:28.319+0000] {logging_mixin.py:188} INFO - [2026-02-11T00:02:28.319+0000] {dag.py:3096} INFO - Sync 1 DAGs
[2026-02-11T00:02:28.341+0000] {logging_mixin.py:188} INFO - [2026-02-11T00:02:28.341+0000] {dag.py:3954} INFO - Setting next_dagrun for latest_only_with_trigger to 2026-02-10 20:00:00+00:00, run_after=2026-02-11 00:00:00+00:00
[2026-02-11T00:02:28.362+0000] {processor.py:183} INFO - Processing /home/airflow/.local/lib/python3.12/site-packages/airflow/example_dags/example_latest_only_with_trigger.py took 0.080 seconds
[2026-02-11T00:02:58.456+0000] {processor.py:161} INFO - Started process (PID=6639) to work on /home/airflow/.local/lib/python3.12/site-packages/airflow/example_dags/example_latest_only_with_trigger.py
[2026-02-11T00:02:58.457+0000] {processor.py:830} INFO - Processing file /home/airflow/.local/lib/python3.12/site-packages/airflow/example_dags/example_latest_only_with_trigger.py for tasks to queue
[2026-02-11T00:02:58.459+0000] {logging_mixin.py:188} INFO - [2026-02-11T00:02:58.459+0000] {dagbag.py:540} INFO - Filling up the DagBag from /home/airflow/.local/lib/python3.12/site-packages/airflow/example_dags/example_latest_only_with_trigger.py
[2026-02-11T00:02:58.466+0000] {processor.py:840} INFO - DAG(s) 'latest_only_with_trigger' retrieved from /home/airflow/.local/lib/python3.12/site-packages/airflow/example_dags/example_latest_only_with_trigger.py
[2026-02-11T00:02:58.490+0000] {logging_mixin.py:188} INFO - [2026-02-11T00:02:58.490+0000] {dag.py:3096} INFO - Sync 1 DAGs
[2026-02-11T00:02:58.515+0000] {logging_mixin.py:188} INFO - [2026-02-11T00:02:58.514+0000] {dag.py:3954} INFO - Setting next_dagrun for latest_only_with_trigger to 2026-02-10 20:00:00+00:00, run_after=2026-02-11 00:00:00+00:00
[2026-02-11T00:02:58.535+0000] {processor.py:183} INFO - Processing /home/airflow/.local/lib/python3.12/site-packages/airflow/example_dags/example_latest_only_with_trigger.py took 0.084 seconds
[2026-02-11T00:03:28.834+0000] {processor.py:161} INFO - Started process (PID=6693) to work on /home/airflow/.local/lib/python3.12/site-packages/airflow/example_dags/example_latest_only_with_trigger.py
[2026-02-11T00:03:28.835+0000] {processor.py:830} INFO - Processing file /home/airflow/.local/lib/python3.12/site-packages/airflow/example_dags/example_latest_only_with_trigger.py for tasks to queue
[2026-02-11T00:03:28.837+0000] {logging_mixin.py:188} INFO - [2026-02-11T00:03:28.837+0000] {dagbag.py:540} INFO - Filling up the DagBag from /home/airflow/.local/lib/python3.12/site-packages/airflow/example_dags/example_latest_only_with_trigger.py
[2026-02-11T00:03:28.844+0000] {processor.py:840} INFO - DAG(s) 'latest_only_with_trigger' retrieved from /home/airflow/.local/lib/python3.12/site-packages/airflow/example_dags/example_latest_only_with_trigger.py
[2026-02-11T00:03:28.866+0000] {logging_mixin.py:188} INFO - [2026-02-11T00:03:28.866+0000] {dag.py:3096} INFO - Sync 1 DAGs
[2026-02-11T00:03:28.892+0000] {logging_mixin.py:188} INFO - [2026-02-11T00:03:28.891+0000] {dag.py:3954} INFO - Setting next_dagrun for latest_only_with_trigger to 2026-02-10 20:00:00+00:00, run_after=2026-02-11 00:00:00+00:00
[2026-02-11T00:03:28.912+0000] {processor.py:183} INFO - Processing /home/airflow/.local/lib/python3.12/site-packages/airflow/example_dags/example_latest_only_with_trigger.py took 0.085 seconds
[2026-02-11T00:03:59.181+0000] {processor.py:161} INFO - Started process (PID=6747) to work on /home/airflow/.local/lib/python3.12/site-packages/airflow/example_dags/example_latest_only_with_trigger.py
[2026-02-11T00:03:59.183+0000] {processor.py:830} INFO - Processing file /home/airflow/.local/lib/python3.12/site-packages/airflow/example_dags/example_latest_only_with_trigger.py for tasks to queue
[2026-02-11T00:03:59.185+0000] {logging_mixin.py:188} INFO - [2026-02-11T00:03:59.185+0000] {dagbag.py:540} INFO - Filling up the DagBag from /home/airflow/.local/lib/python3.12/site-packages/airflow/example_dags/example_latest_only_with_trigger.py
[2026-02-11T00:03:59.191+0000] {processor.py:840} INFO - DAG(s) 'latest_only_with_trigger' retrieved from /home/airflow/.local/lib/python3.12/site-packages/airflow/example_dags/example_latest_only_with_trigger.py
[2026-02-11T00:03:59.214+0000] {logging_mixin.py:188} INFO - [2026-02-11T00:03:59.214+0000] {dag.py:3096} INFO - Sync 1 DAGs
[2026-02-11T00:03:59.236+0000] {logging_mixin.py:188} INFO - [2026-02-11T00:03:59.236+0000] {dag.py:3954} INFO - Setting next_dagrun for latest_only_with_trigger to 2026-02-10 20:00:00+00:00, run_after=2026-02-11 00:00:00+00:00
[2026-02-11T00:03:59.255+0000] {processor.py:183} INFO - Processing /home/airflow/.local/lib/python3.12/site-packages/airflow/example_dags/example_latest_only_with_trigger.py took 0.080 seconds
[2026-02-11T00:04:29.455+0000] {processor.py:161} INFO - Started process (PID=6801) to work on /home/airflow/.local/lib/python3.12/site-packages/airflow/example_dags/example_latest_only_with_trigger.py
[2026-02-11T00:04:29.456+0000] {processor.py:830} INFO - Processing file /home/airflow/.local/lib/python3.12/site-packages/airflow/example_dags/example_latest_only_with_trigger.py for tasks to queue
[2026-02-11T00:04:29.458+0000] {logging_mixin.py:188} INFO - [2026-02-11T00:04:29.458+0000] {dagbag.py:540} INFO - Filling up the DagBag from /home/airflow/.local/lib/python3.12/site-packages/airflow/example_dags/example_latest_only_with_trigger.py
[2026-02-11T00:04:29.464+0000] {processor.py:840} INFO - DAG(s) 'latest_only_with_trigger' retrieved from /home/airflow/.local/lib/python3.12/site-packages/airflow/example_dags/example_latest_only_with_trigger.py
[2026-02-11T00:04:29.487+0000] {logging_mixin.py:188} INFO - [2026-02-11T00:04:29.487+0000] {dag.py:3096} INFO - Sync 1 DAGs
[2026-02-11T00:04:29.508+0000] {logging_mixin.py:188} INFO - [2026-02-11T00:04:29.508+0000] {dag.py:3954} INFO - Setting next_dagrun for latest_only_with_trigger to 2026-02-10 20:00:00+00:00, run_after=2026-02-11 00:00:00+00:00
[2026-02-11T00:04:29.528+0000] {processor.py:183} INFO - Processing /home/airflow/.local/lib/python3.12/site-packages/airflow/example_dags/example_latest_only_with_trigger.py took 0.079 seconds
[2026-02-11T00:04:59.666+0000] {processor.py:161} INFO - Started process (PID=6855) to work on /home/airflow/.local/lib/python3.12/site-packages/airflow/example_dags/example_latest_only_with_trigger.py
[2026-02-11T00:04:59.667+0000] {processor.py:830} INFO - Processing file /home/airflow/.local/lib/python3.12/site-packages/airflow/example_dags/example_latest_only_with_trigger.py for tasks to queue
[2026-02-11T00:04:59.670+0000] {logging_mixin.py:188} INFO - [2026-02-11T00:04:59.669+0000] {dagbag.py:540} INFO - Filling up the DagBag from /home/airflow/.local/lib/python3.12/site-packages/airflow/example_dags/example_latest_only_with_trigger.py
[2026-02-11T00:04:59.675+0000] {processor.py:840} INFO - DAG(s) 'latest_only_with_trigger' retrieved from /home/airflow/.local/lib/python3.12/site-packages/airflow/example_dags/example_latest_only_with_trigger.py
[2026-02-11T00:04:59.699+0000] {logging_mixin.py:188} INFO - [2026-02-11T00:04:59.699+0000] {dag.py:3096} INFO - Sync 1 DAGs
[2026-02-11T00:04:59.722+0000] {logging_mixin.py:188} INFO - [2026-02-11T00:04:59.722+0000] {dag.py:3954} INFO - Setting next_dagrun for latest_only_with_trigger to 2026-02-10 20:00:00+00:00, run_after=2026-02-11 00:00:00+00:00
[2026-02-11T00:04:59.742+0000] {processor.py:183} INFO - Processing /home/airflow/.local/lib/python3.12/site-packages/airflow/example_dags/example_latest_only_with_trigger.py took 0.083 seconds
[2026-02-11T00:05:29.891+0000] {processor.py:161} INFO - Started process (PID=6909) to work on /home/airflow/.local/lib/python3.12/site-packages/airflow/example_dags/example_latest_only_with_trigger.py
[2026-02-11T00:05:29.892+0000] {processor.py:830} INFO - Processing file /home/airflow/.local/lib/python3.12/site-packages/airflow/example_dags/example_latest_only_with_trigger.py for tasks to queue
[2026-02-11T00:05:29.895+0000] {logging_mixin.py:188} INFO - [2026-02-11T00:05:29.894+0000] {dagbag.py:540} INFO - Filling up the DagBag from /home/airflow/.local/lib/python3.12/site-packages/airflow/example_dags/example_latest_only_with_trigger.py
[2026-02-11T00:05:29.900+0000] {processor.py:840} INFO - DAG(s) 'latest_only_with_trigger' retrieved from /home/airflow/.local/lib/python3.12/site-packages/airflow/example_dags/example_latest_only_with_trigger.py
[2026-02-11T00:05:29.924+0000] {logging_mixin.py:188} INFO - [2026-02-11T00:05:29.924+0000] {dag.py:3096} INFO - Sync 1 DAGs
[2026-02-11T00:05:29.947+0000] {logging_mixin.py:188} INFO - [2026-02-11T00:05:29.947+0000] {dag.py:3954} INFO - Setting next_dagrun for latest_only_with_trigger to 2026-02-10 20:00:00+00:00, run_after=2026-02-11 00:00:00+00:00
[2026-02-11T00:05:29.968+0000] {processor.py:183} INFO - Processing /home/airflow/.local/lib/python3.12/site-packages/airflow/example_dags/example_latest_only_with_trigger.py took 0.082 seconds
[2026-02-11T00:06:00.296+0000] {processor.py:161} INFO - Started process (PID=6963) to work on /home/airflow/.local/lib/python3.12/site-packages/airflow/example_dags/example_latest_only_with_trigger.py
[2026-02-11T00:06:00.297+0000] {processor.py:830} INFO - Processing file /home/airflow/.local/lib/python3.12/site-packages/airflow/example_dags/example_latest_only_with_trigger.py for tasks to queue
[2026-02-11T00:06:00.299+0000] {logging_mixin.py:188} INFO - [2026-02-11T00:06:00.299+0000] {dagbag.py:540} INFO - Filling up the DagBag from /home/airflow/.local/lib/python3.12/site-packages/airflow/example_dags/example_latest_only_with_trigger.py
[2026-02-11T00:06:00.304+0000] {processor.py:840} INFO - DAG(s) 'latest_only_with_trigger' retrieved from /home/airflow/.local/lib/python3.12/site-packages/airflow/example_dags/example_latest_only_with_trigger.py
[2026-02-11T00:06:00.325+0000] {logging_mixin.py:188} INFO - [2026-02-11T00:06:00.325+0000] {dag.py:3096} INFO - Sync 1 DAGs
[2026-02-11T00:06:00.346+0000] {logging_mixin.py:188} INFO - [2026-02-11T00:06:00.345+0000] {dag.py:3954} INFO - Setting next_dagrun for latest_only_with_trigger to 2026-02-10 20:00:00+00:00, run_after=2026-02-11 00:00:00+00:00
[2026-02-11T00:06:00.364+0000] {processor.py:183} INFO - Processing /home/airflow/.local/lib/python3.12/site-packages/airflow/example_dags/example_latest_only_with_trigger.py took 0.075 seconds
[2026-02-11T00:06:30.624+0000] {processor.py:161} INFO - Started process (PID=7017) to work on /home/airflow/.local/lib/python3.12/site-packages/airflow/example_dags/example_latest_only_with_trigger.py
[2026-02-11T00:06:30.627+0000] {processor.py:830} INFO - Processing file /home/airflow/.local/lib/python3.12/site-packages/airflow/example_dags/example_latest_only_with_trigger.py for tasks to queue
[2026-02-11T00:06:30.630+0000] {logging_mixin.py:188} INFO - [2026-02-11T00:06:30.630+0000] {dagbag.py:540} INFO - Filling up the DagBag from /home/airflow/.local/lib/python3.12/site-packages/airflow/example_dags/example_latest_only_with_trigger.py
[2026-02-11T00:06:30.641+0000] {processor.py:840} INFO - DAG(s) 'latest_only_with_trigger' retrieved from /home/airflow/.local/lib/python3.12/site-packages/airflow/example_dags/example_latest_only_with_trigger.py
[2026-02-11T00:06:30.690+0000] {logging_mixin.py:188} INFO - [2026-02-11T00:06:30.690+0000] {dag.py:3096} INFO - Sync 1 DAGs
[2026-02-11T00:06:30.723+0000] {logging_mixin.py:188} INFO - [2026-02-11T00:06:30.722+0000] {dag.py:3954} INFO - Setting next_dagrun for latest_only_with_trigger to 2026-02-10 20:00:00+00:00, run_after=2026-02-11 00:00:00+00:00
[2026-02-11T00:06:30.750+0000] {processor.py:183} INFO - Processing /home/airflow/.local/lib/python3.12/site-packages/airflow/example_dags/example_latest_only_with_trigger.py took 0.142 seconds
[2026-02-11T00:07:00.971+0000] {processor.py:161} INFO - Started process (PID=7071) to work on /home/airflow/.local/lib/python3.12/site-packages/airflow/example_dags/example_latest_only_with_trigger.py
[2026-02-11T00:07:00.972+0000] {processor.py:830} INFO - Processing file /home/airflow/.local/lib/python3.12/site-packages/airflow/example_dags/example_latest_only_with_trigger.py for tasks to queue
[2026-02-11T00:07:00.975+0000] {logging_mixin.py:188} INFO - [2026-02-11T00:07:00.974+0000] {dagbag.py:540} INFO - Filling up the DagBag from /home/airflow/.local/lib/python3.12/site-packages/airflow/example_dags/example_latest_only_with_trigger.py
[2026-02-11T00:07:00.980+0000] {processor.py:840} INFO - DAG(s) 'latest_only_with_trigger' retrieved from /home/airflow/.local/lib/python3.12/site-packages/airflow/example_dags/example_latest_only_with_trigger.py
[2026-02-11T00:07:01.001+0000] {logging_mixin.py:188} INFO - [2026-02-11T00:07:01.001+0000] {dag.py:3096} INFO - Sync 1 DAGs
[2026-02-11T00:07:01.022+0000] {logging_mixin.py:188} INFO - [2026-02-11T00:07:01.022+0000] {dag.py:3954} INFO - Setting next_dagrun for latest_only_with_trigger to 2026-02-10 20:00:00+00:00, run_after=2026-02-11 00:00:00+00:00
[2026-02-11T00:07:01.038+0000] {processor.py:183} INFO - Processing /home/airflow/.local/lib/python3.12/site-packages/airflow/example_dags/example_latest_only_with_trigger.py took 0.074 seconds
[2026-02-11T00:07:31.271+0000] {processor.py:161} INFO - Started process (PID=7125) to work on /home/airflow/.local/lib/python3.12/site-packages/airflow/example_dags/example_latest_only_with_trigger.py
[2026-02-11T00:07:31.272+0000] {processor.py:830} INFO - Processing file /home/airflow/.local/lib/python3.12/site-packages/airflow/example_dags/example_latest_only_with_trigger.py for tasks to queue
[2026-02-11T00:07:31.275+0000] {logging_mixin.py:188} INFO - [2026-02-11T00:07:31.274+0000] {dagbag.py:540} INFO - Filling up the DagBag from /home/airflow/.local/lib/python3.12/site-packages/airflow/example_dags/example_latest_only_with_trigger.py
[2026-02-11T00:07:31.280+0000] {processor.py:840} INFO - DAG(s) 'latest_only_with_trigger' retrieved from /home/airflow/.local/lib/python3.12/site-packages/airflow/example_dags/example_latest_only_with_trigger.py
[2026-02-11T00:07:31.305+0000] {logging_mixin.py:188} INFO - [2026-02-11T00:07:31.305+0000] {dag.py:3096} INFO - Sync 1 DAGs
[2026-02-11T00:07:31.331+0000] {logging_mixin.py:188} INFO - [2026-02-11T00:07:31.331+0000] {dag.py:3954} INFO - Setting next_dagrun for latest_only_with_trigger to 2026-02-10 20:00:00+00:00, run_after=2026-02-11 00:00:00+00:00
[2026-02-11T00:07:31.355+0000] {processor.py:183} INFO - Processing /home/airflow/.local/lib/python3.12/site-packages/airflow/example_dags/example_latest_only_with_trigger.py took 0.090 seconds
[2026-02-11T00:08:01.525+0000] {processor.py:161} INFO - Started process (PID=7179) to work on /home/airflow/.local/lib/python3.12/site-packages/airflow/example_dags/example_latest_only_with_trigger.py
[2026-02-11T00:08:01.526+0000] {processor.py:830} INFO - Processing file /home/airflow/.local/lib/python3.12/site-packages/airflow/example_dags/example_latest_only_with_trigger.py for tasks to queue
[2026-02-11T00:08:01.528+0000] {logging_mixin.py:188} INFO - [2026-02-11T00:08:01.528+0000] {dagbag.py:540} INFO - Filling up the DagBag from /home/airflow/.local/lib/python3.12/site-packages/airflow/example_dags/example_latest_only_with_trigger.py
[2026-02-11T00:08:01.536+0000] {processor.py:840} INFO - DAG(s) 'latest_only_with_trigger' retrieved from /home/airflow/.local/lib/python3.12/site-packages/airflow/example_dags/example_latest_only_with_trigger.py
[2026-02-11T00:08:01.563+0000] {logging_mixin.py:188} INFO - [2026-02-11T00:08:01.563+0000] {dag.py:3096} INFO - Sync 1 DAGs
[2026-02-11T00:08:01.588+0000] {logging_mixin.py:188} INFO - [2026-02-11T00:08:01.587+0000] {dag.py:3954} INFO - Setting next_dagrun for latest_only_with_trigger to 2026-02-10 20:00:00+00:00, run_after=2026-02-11 00:00:00+00:00
[2026-02-11T00:08:01.605+0000] {processor.py:183} INFO - Processing /home/airflow/.local/lib/python3.12/site-packages/airflow/example_dags/example_latest_only_with_trigger.py took 0.090 seconds
[2026-02-11T00:08:31.956+0000] {processor.py:161} INFO - Started process (PID=7233) to work on /home/airflow/.local/lib/python3.12/site-packages/airflow/example_dags/example_latest_only_with_trigger.py
[2026-02-11T00:08:31.957+0000] {processor.py:830} INFO - Processing file /home/airflow/.local/lib/python3.12/site-packages/airflow/example_dags/example_latest_only_with_trigger.py for tasks to queue
[2026-02-11T00:08:31.959+0000] {logging_mixin.py:188} INFO - [2026-02-11T00:08:31.959+0000] {dagbag.py:540} INFO - Filling up the DagBag from /home/airflow/.local/lib/python3.12/site-packages/airflow/example_dags/example_latest_only_with_trigger.py
[2026-02-11T00:08:31.965+0000] {processor.py:840} INFO - DAG(s) 'latest_only_with_trigger' retrieved from /home/airflow/.local/lib/python3.12/site-packages/airflow/example_dags/example_latest_only_with_trigger.py
[2026-02-11T00:08:31.988+0000] {logging_mixin.py:188} INFO - [2026-02-11T00:08:31.987+0000] {dag.py:3096} INFO - Sync 1 DAGs
[2026-02-11T00:08:32.014+0000] {logging_mixin.py:188} INFO - [2026-02-11T00:08:32.013+0000] {dag.py:3954} INFO - Setting next_dagrun for latest_only_with_trigger to 2026-02-10 20:00:00+00:00, run_after=2026-02-11 00:00:00+00:00
[2026-02-11T00:08:32.036+0000] {processor.py:183} INFO - Processing /home/airflow/.local/lib/python3.12/site-packages/airflow/example_dags/example_latest_only_with_trigger.py took 0.088 seconds
[2026-02-11T00:09:02.176+0000] {processor.py:161} INFO - Started process (PID=7287) to work on /home/airflow/.local/lib/python3.12/site-packages/airflow/example_dags/example_latest_only_with_trigger.py
[2026-02-11T00:09:02.177+0000] {processor.py:830} INFO - Processing file /home/airflow/.local/lib/python3.12/site-packages/airflow/example_dags/example_latest_only_with_trigger.py for tasks to queue
[2026-02-11T00:09:02.179+0000] {logging_mixin.py:188} INFO - [2026-02-11T00:09:02.179+0000] {dagbag.py:540} INFO - Filling up the DagBag from /home/airflow/.local/lib/python3.12/site-packages/airflow/example_dags/example_latest_only_with_trigger.py
[2026-02-11T00:09:02.184+0000] {processor.py:840} INFO - DAG(s) 'latest_only_with_trigger' retrieved from /home/airflow/.local/lib/python3.12/site-packages/airflow/example_dags/example_latest_only_with_trigger.py
[2026-02-11T00:09:02.205+0000] {logging_mixin.py:188} INFO - [2026-02-11T00:09:02.204+0000] {dag.py:3096} INFO - Sync 1 DAGs
[2026-02-11T00:09:02.224+0000] {logging_mixin.py:188} INFO - [2026-02-11T00:09:02.224+0000] {dag.py:3954} INFO - Setting next_dagrun for latest_only_with_trigger to 2026-02-10 20:00:00+00:00, run_after=2026-02-11 00:00:00+00:00
[2026-02-11T00:09:02.244+0000] {processor.py:183} INFO - Processing /home/airflow/.local/lib/python3.12/site-packages/airflow/example_dags/example_latest_only_with_trigger.py took 0.074 seconds
[2026-02-11T00:09:32.326+0000] {processor.py:161} INFO - Started process (PID=7341) to work on /home/airflow/.local/lib/python3.12/site-packages/airflow/example_dags/example_latest_only_with_trigger.py
[2026-02-11T00:09:32.327+0000] {processor.py:830} INFO - Processing file /home/airflow/.local/lib/python3.12/site-packages/airflow/example_dags/example_latest_only_with_trigger.py for tasks to queue
[2026-02-11T00:09:32.329+0000] {logging_mixin.py:188} INFO - [2026-02-11T00:09:32.329+0000] {dagbag.py:540} INFO - Filling up the DagBag from /home/airflow/.local/lib/python3.12/site-packages/airflow/example_dags/example_latest_only_with_trigger.py
[2026-02-11T00:09:32.334+0000] {processor.py:840} INFO - DAG(s) 'latest_only_with_trigger' retrieved from /home/airflow/.local/lib/python3.12/site-packages/airflow/example_dags/example_latest_only_with_trigger.py
[2026-02-11T00:09:32.355+0000] {logging_mixin.py:188} INFO - [2026-02-11T00:09:32.355+0000] {dag.py:3096} INFO - Sync 1 DAGs
[2026-02-11T00:09:32.375+0000] {logging_mixin.py:188} INFO - [2026-02-11T00:09:32.374+0000] {dag.py:3954} INFO - Setting next_dagrun for latest_only_with_trigger to 2026-02-10 20:00:00+00:00, run_after=2026-02-11 00:00:00+00:00
[2026-02-11T00:09:32.396+0000] {processor.py:183} INFO - Processing /home/airflow/.local/lib/python3.12/site-packages/airflow/example_dags/example_latest_only_with_trigger.py took 0.075 seconds
[2026-02-11T00:10:02.600+0000] {processor.py:161} INFO - Started process (PID=7395) to work on /home/airflow/.local/lib/python3.12/site-packages/airflow/example_dags/example_latest_only_with_trigger.py
[2026-02-11T00:10:02.601+0000] {processor.py:830} INFO - Processing file /home/airflow/.local/lib/python3.12/site-packages/airflow/example_dags/example_latest_only_with_trigger.py for tasks to queue
[2026-02-11T00:10:02.603+0000] {logging_mixin.py:188} INFO - [2026-02-11T00:10:02.603+0000] {dagbag.py:540} INFO - Filling up the DagBag from /home/airflow/.local/lib/python3.12/site-packages/airflow/example_dags/example_latest_only_with_trigger.py
[2026-02-11T00:10:02.609+0000] {processor.py:840} INFO - DAG(s) 'latest_only_with_trigger' retrieved from /home/airflow/.local/lib/python3.12/site-packages/airflow/example_dags/example_latest_only_with_trigger.py
[2026-02-11T00:10:02.631+0000] {logging_mixin.py:188} INFO - [2026-02-11T00:10:02.631+0000] {dag.py:3096} INFO - Sync 1 DAGs
[2026-02-11T00:10:02.653+0000] {logging_mixin.py:188} INFO - [2026-02-11T00:10:02.653+0000] {dag.py:3954} INFO - Setting next_dagrun for latest_only_with_trigger to 2026-02-10 20:00:00+00:00, run_after=2026-02-11 00:00:00+00:00
[2026-02-11T00:10:02.672+0000] {processor.py:183} INFO - Processing /home/airflow/.local/lib/python3.12/site-packages/airflow/example_dags/example_latest_only_with_trigger.py took 0.079 seconds
[2026-02-11T00:10:32.833+0000] {processor.py:161} INFO - Started process (PID=7449) to work on /home/airflow/.local/lib/python3.12/site-packages/airflow/example_dags/example_latest_only_with_trigger.py
[2026-02-11T00:10:32.835+0000] {processor.py:830} INFO - Processing file /home/airflow/.local/lib/python3.12/site-packages/airflow/example_dags/example_latest_only_with_trigger.py for tasks to queue
[2026-02-11T00:10:32.838+0000] {logging_mixin.py:188} INFO - [2026-02-11T00:10:32.837+0000] {dagbag.py:540} INFO - Filling up the DagBag from /home/airflow/.local/lib/python3.12/site-packages/airflow/example_dags/example_latest_only_with_trigger.py
[2026-02-11T00:10:32.844+0000] {processor.py:840} INFO - DAG(s) 'latest_only_with_trigger' retrieved from /home/airflow/.local/lib/python3.12/site-packages/airflow/example_dags/example_latest_only_with_trigger.py
[2026-02-11T00:10:32.881+0000] {logging_mixin.py:188} INFO - [2026-02-11T00:10:32.880+0000] {dag.py:3096} INFO - Sync 1 DAGs
[2026-02-11T00:10:32.906+0000] {logging_mixin.py:188} INFO - [2026-02-11T00:10:32.906+0000] {dag.py:3954} INFO - Setting next_dagrun for latest_only_with_trigger to 2026-02-10 20:00:00+00:00, run_after=2026-02-11 00:00:00+00:00
[2026-02-11T00:10:32.924+0000] {processor.py:183} INFO - Processing /home/airflow/.local/lib/python3.12/site-packages/airflow/example_dags/example_latest_only_with_trigger.py took 0.097 seconds
[2026-02-11T00:11:03.078+0000] {processor.py:161} INFO - Started process (PID=7503) to work on /home/airflow/.local/lib/python3.12/site-packages/airflow/example_dags/example_latest_only_with_trigger.py
[2026-02-11T00:11:03.079+0000] {processor.py:830} INFO - Processing file /home/airflow/.local/lib/python3.12/site-packages/airflow/example_dags/example_latest_only_with_trigger.py for tasks to queue
[2026-02-11T00:11:03.082+0000] {logging_mixin.py:188} INFO - [2026-02-11T00:11:03.081+0000] {dagbag.py:540} INFO - Filling up the DagBag from /home/airflow/.local/lib/python3.12/site-packages/airflow/example_dags/example_latest_only_with_trigger.py
[2026-02-11T00:11:03.088+0000] {processor.py:840} INFO - DAG(s) 'latest_only_with_trigger' retrieved from /home/airflow/.local/lib/python3.12/site-packages/airflow/example_dags/example_latest_only_with_trigger.py
[2026-02-11T00:11:03.111+0000] {logging_mixin.py:188} INFO - [2026-02-11T00:11:03.111+0000] {dag.py:3096} INFO - Sync 1 DAGs
[2026-02-11T00:11:03.133+0000] {logging_mixin.py:188} INFO - [2026-02-11T00:11:03.133+0000] {dag.py:3954} INFO - Setting next_dagrun for latest_only_with_trigger to 2026-02-10 20:00:00+00:00, run_after=2026-02-11 00:00:00+00:00
[2026-02-11T00:11:03.152+0000] {processor.py:183} INFO - Processing /home/airflow/.local/lib/python3.12/site-packages/airflow/example_dags/example_latest_only_with_trigger.py took 0.080 seconds
[2026-02-11T00:11:33.656+0000] {processor.py:161} INFO - Started process (PID=7557) to work on /home/airflow/.local/lib/python3.12/site-packages/airflow/example_dags/example_latest_only_with_trigger.py
[2026-02-11T00:11:33.660+0000] {processor.py:830} INFO - Processing file /home/airflow/.local/lib/python3.12/site-packages/airflow/example_dags/example_latest_only_with_trigger.py for tasks to queue
[2026-02-11T00:11:33.662+0000] {logging_mixin.py:188} INFO - [2026-02-11T00:11:33.662+0000] {dagbag.py:540} INFO - Filling up the DagBag from /home/airflow/.local/lib/python3.12/site-packages/airflow/example_dags/example_latest_only_with_trigger.py
[2026-02-11T00:11:33.671+0000] {processor.py:840} INFO - DAG(s) 'latest_only_with_trigger' retrieved from /home/airflow/.local/lib/python3.12/site-packages/airflow/example_dags/example_latest_only_with_trigger.py
[2026-02-11T00:11:33.702+0000] {logging_mixin.py:188} INFO - [2026-02-11T00:11:33.701+0000] {dag.py:3096} INFO - Sync 1 DAGs
[2026-02-11T00:11:33.737+0000] {logging_mixin.py:188} INFO - [2026-02-11T00:11:33.736+0000] {dag.py:3954} INFO - Setting next_dagrun for latest_only_with_trigger to 2026-02-10 20:00:00+00:00, run_after=2026-02-11 00:00:00+00:00
[2026-02-11T00:11:33.758+0000] {processor.py:183} INFO - Processing /home/airflow/.local/lib/python3.12/site-packages/airflow/example_dags/example_latest_only_with_trigger.py took 0.115 seconds
