[2026-02-11T00:00:03.671+0000] {processor.py:161} INFO - Started process (PID=6332) to work on /home/airflow/.local/lib/python3.12/site-packages/airflow/example_dags/example_external_task_marker_dag.py
[2026-02-11T00:00:03.673+0000] {processor.py:830} INFO - Processing file /home/airflow/.local/lib/python3.12/site-packages/airflow/example_dags/example_external_task_marker_dag.py for tasks to queue
[2026-02-11T00:00:03.675+0000] {logging_mixin.py:188} INFO - [2026-02-11T00:00:03.675+0000] {dagbag.py:540} INFO - Filling up the DagBag from /home/airflow/.local/lib/python3.12/site-packages/airflow/example_dags/example_external_task_marker_dag.py
[2026-02-11T00:00:03.681+0000] {processor.py:840} INFO - DAG(s) 'example_external_task_marker_child', 'example_external_task_marker_parent' retrieved from /home/airflow/.local/lib/python3.12/site-packages/airflow/example_dags/example_external_task_marker_dag.py
[2026-02-11T00:00:03.706+0000] {logging_mixin.py:188} INFO - [2026-02-11T00:00:03.706+0000] {dag.py:3096} INFO - Sync 2 DAGs
[2026-02-11T00:00:03.719+0000] {logging_mixin.py:188} INFO - [2026-02-11T00:00:03.719+0000] {dag.py:3954} INFO - Setting next_dagrun for example_external_task_marker_child to None, run_after=None
[2026-02-11T00:00:03.723+0000] {logging_mixin.py:188} INFO - [2026-02-11T00:00:03.723+0000] {dag.py:3954} INFO - Setting next_dagrun for example_external_task_marker_parent to None, run_after=None
[2026-02-11T00:00:03.742+0000] {processor.py:183} INFO - Processing /home/airflow/.local/lib/python3.12/site-packages/airflow/example_dags/example_external_task_marker_dag.py took 0.076 seconds
[2026-02-11T00:00:34.055+0000] {processor.py:161} INFO - Started process (PID=6386) to work on /home/airflow/.local/lib/python3.12/site-packages/airflow/example_dags/example_external_task_marker_dag.py
[2026-02-11T00:00:34.056+0000] {processor.py:830} INFO - Processing file /home/airflow/.local/lib/python3.12/site-packages/airflow/example_dags/example_external_task_marker_dag.py for tasks to queue
[2026-02-11T00:00:34.058+0000] {logging_mixin.py:188} INFO - [2026-02-11T00:00:34.057+0000] {dagbag.py:540} INFO - Filling up the DagBag from /home/airflow/.local/lib/python3.12/site-packages/airflow/example_dags/example_external_task_marker_dag.py
[2026-02-11T00:00:34.064+0000] {processor.py:840} INFO - DAG(s) 'example_external_task_marker_child', 'example_external_task_marker_parent' retrieved from /home/airflow/.local/lib/python3.12/site-packages/airflow/example_dags/example_external_task_marker_dag.py
[2026-02-11T00:00:34.088+0000] {logging_mixin.py:188} INFO - [2026-02-11T00:00:34.088+0000] {dag.py:3096} INFO - Sync 2 DAGs
[2026-02-11T00:00:34.101+0000] {logging_mixin.py:188} INFO - [2026-02-11T00:00:34.101+0000] {dag.py:3954} INFO - Setting next_dagrun for example_external_task_marker_child to None, run_after=None
[2026-02-11T00:00:34.106+0000] {logging_mixin.py:188} INFO - [2026-02-11T00:00:34.105+0000] {dag.py:3954} INFO - Setting next_dagrun for example_external_task_marker_parent to None, run_after=None
[2026-02-11T00:00:34.125+0000] {processor.py:183} INFO - Processing /home/airflow/.local/lib/python3.12/site-packages/airflow/example_dags/example_external_task_marker_dag.py took 0.077 seconds
[2026-02-11T00:01:04.382+0000] {processor.py:161} INFO - Started process (PID=6440) to work on /home/airflow/.local/lib/python3.12/site-packages/airflow/example_dags/example_external_task_marker_dag.py
[2026-02-11T00:01:04.383+0000] {processor.py:830} INFO - Processing file /home/airflow/.local/lib/python3.12/site-packages/airflow/example_dags/example_external_task_marker_dag.py for tasks to queue
[2026-02-11T00:01:04.385+0000] {logging_mixin.py:188} INFO - [2026-02-11T00:01:04.385+0000] {dagbag.py:540} INFO - Filling up the DagBag from /home/airflow/.local/lib/python3.12/site-packages/airflow/example_dags/example_external_task_marker_dag.py
[2026-02-11T00:01:04.391+0000] {processor.py:840} INFO - DAG(s) 'example_external_task_marker_parent', 'example_external_task_marker_child' retrieved from /home/airflow/.local/lib/python3.12/site-packages/airflow/example_dags/example_external_task_marker_dag.py
[2026-02-11T00:01:04.418+0000] {logging_mixin.py:188} INFO - [2026-02-11T00:01:04.418+0000] {dag.py:3096} INFO - Sync 2 DAGs
[2026-02-11T00:01:04.432+0000] {logging_mixin.py:188} INFO - [2026-02-11T00:01:04.431+0000] {dag.py:3954} INFO - Setting next_dagrun for example_external_task_marker_child to None, run_after=None
[2026-02-11T00:01:04.436+0000] {logging_mixin.py:188} INFO - [2026-02-11T00:01:04.436+0000] {dag.py:3954} INFO - Setting next_dagrun for example_external_task_marker_parent to None, run_after=None
[2026-02-11T00:01:04.455+0000] {processor.py:183} INFO - Processing /home/airflow/.local/lib/python3.12/site-packages/airflow/example_dags/example_external_task_marker_dag.py took 0.078 seconds
[2026-02-11T00:01:34.883+0000] {processor.py:161} INFO - Started process (PID=6494) to work on /home/airflow/.local/lib/python3.12/site-packages/airflow/example_dags/example_external_task_marker_dag.py
[2026-02-11T00:01:34.885+0000] {processor.py:830} INFO - Processing file /home/airflow/.local/lib/python3.12/site-packages/airflow/example_dags/example_external_task_marker_dag.py for tasks to queue
[2026-02-11T00:01:34.887+0000] {logging_mixin.py:188} INFO - [2026-02-11T00:01:34.886+0000] {dagbag.py:540} INFO - Filling up the DagBag from /home/airflow/.local/lib/python3.12/site-packages/airflow/example_dags/example_external_task_marker_dag.py
[2026-02-11T00:01:34.893+0000] {processor.py:840} INFO - DAG(s) 'example_external_task_marker_parent', 'example_external_task_marker_child' retrieved from /home/airflow/.local/lib/python3.12/site-packages/airflow/example_dags/example_external_task_marker_dag.py
[2026-02-11T00:01:34.919+0000] {logging_mixin.py:188} INFO - [2026-02-11T00:01:34.919+0000] {dag.py:3096} INFO - Sync 2 DAGs
[2026-02-11T00:01:34.934+0000] {logging_mixin.py:188} INFO - [2026-02-11T00:01:34.934+0000] {dag.py:3954} INFO - Setting next_dagrun for example_external_task_marker_child to None, run_after=None
[2026-02-11T00:01:34.938+0000] {logging_mixin.py:188} INFO - [2026-02-11T00:01:34.938+0000] {dag.py:3954} INFO - Setting next_dagrun for example_external_task_marker_parent to None, run_after=None
[2026-02-11T00:01:34.959+0000] {processor.py:183} INFO - Processing /home/airflow/.local/lib/python3.12/site-packages/airflow/example_dags/example_external_task_marker_dag.py took 0.081 seconds
[2026-02-11T00:02:05.111+0000] {processor.py:161} INFO - Started process (PID=6548) to work on /home/airflow/.local/lib/python3.12/site-packages/airflow/example_dags/example_external_task_marker_dag.py
[2026-02-11T00:02:05.112+0000] {processor.py:830} INFO - Processing file /home/airflow/.local/lib/python3.12/site-packages/airflow/example_dags/example_external_task_marker_dag.py for tasks to queue
[2026-02-11T00:02:05.114+0000] {logging_mixin.py:188} INFO - [2026-02-11T00:02:05.114+0000] {dagbag.py:540} INFO - Filling up the DagBag from /home/airflow/.local/lib/python3.12/site-packages/airflow/example_dags/example_external_task_marker_dag.py
[2026-02-11T00:02:05.120+0000] {processor.py:840} INFO - DAG(s) 'example_external_task_marker_child', 'example_external_task_marker_parent' retrieved from /home/airflow/.local/lib/python3.12/site-packages/airflow/example_dags/example_external_task_marker_dag.py
[2026-02-11T00:02:05.146+0000] {logging_mixin.py:188} INFO - [2026-02-11T00:02:05.145+0000] {dag.py:3096} INFO - Sync 2 DAGs
[2026-02-11T00:02:05.157+0000] {logging_mixin.py:188} INFO - [2026-02-11T00:02:05.157+0000] {dag.py:3954} INFO - Setting next_dagrun for example_external_task_marker_child to None, run_after=None
[2026-02-11T00:02:05.162+0000] {logging_mixin.py:188} INFO - [2026-02-11T00:02:05.161+0000] {dag.py:3954} INFO - Setting next_dagrun for example_external_task_marker_parent to None, run_after=None
[2026-02-11T00:02:05.181+0000] {processor.py:183} INFO - Processing /home/airflow/.local/lib/python3.12/site-packages/airflow/example_dags/example_external_task_marker_dag.py took 0.075 seconds
[2026-02-11T00:02:35.409+0000] {processor.py:161} INFO - Started process (PID=6602) to work on /home/airflow/.local/lib/python3.12/site-packages/airflow/example_dags/example_external_task_marker_dag.py
[2026-02-11T00:02:35.410+0000] {processor.py:830} INFO - Processing file /home/airflow/.local/lib/python3.12/site-packages/airflow/example_dags/example_external_task_marker_dag.py for tasks to queue
[2026-02-11T00:02:35.412+0000] {logging_mixin.py:188} INFO - [2026-02-11T00:02:35.412+0000] {dagbag.py:540} INFO - Filling up the DagBag from /home/airflow/.local/lib/python3.12/site-packages/airflow/example_dags/example_external_task_marker_dag.py
[2026-02-11T00:02:35.420+0000] {processor.py:840} INFO - DAG(s) 'example_external_task_marker_child', 'example_external_task_marker_parent' retrieved from /home/airflow/.local/lib/python3.12/site-packages/airflow/example_dags/example_external_task_marker_dag.py
[2026-02-11T00:02:35.444+0000] {logging_mixin.py:188} INFO - [2026-02-11T00:02:35.444+0000] {dag.py:3096} INFO - Sync 2 DAGs
[2026-02-11T00:02:35.459+0000] {logging_mixin.py:188} INFO - [2026-02-11T00:02:35.459+0000] {dag.py:3954} INFO - Setting next_dagrun for example_external_task_marker_child to None, run_after=None
[2026-02-11T00:02:35.462+0000] {logging_mixin.py:188} INFO - [2026-02-11T00:02:35.462+0000] {dag.py:3954} INFO - Setting next_dagrun for example_external_task_marker_parent to None, run_after=None
[2026-02-11T00:02:35.493+0000] {processor.py:183} INFO - Processing /home/airflow/.local/lib/python3.12/site-packages/airflow/example_dags/example_external_task_marker_dag.py took 0.089 seconds
[2026-02-11T00:03:05.697+0000] {processor.py:161} INFO - Started process (PID=6656) to work on /home/airflow/.local/lib/python3.12/site-packages/airflow/example_dags/example_external_task_marker_dag.py
[2026-02-11T00:03:05.698+0000] {processor.py:830} INFO - Processing file /home/airflow/.local/lib/python3.12/site-packages/airflow/example_dags/example_external_task_marker_dag.py for tasks to queue
[2026-02-11T00:03:05.700+0000] {logging_mixin.py:188} INFO - [2026-02-11T00:03:05.700+0000] {dagbag.py:540} INFO - Filling up the DagBag from /home/airflow/.local/lib/python3.12/site-packages/airflow/example_dags/example_external_task_marker_dag.py
[2026-02-11T00:03:05.707+0000] {processor.py:840} INFO - DAG(s) 'example_external_task_marker_child', 'example_external_task_marker_parent' retrieved from /home/airflow/.local/lib/python3.12/site-packages/airflow/example_dags/example_external_task_marker_dag.py
[2026-02-11T00:03:05.732+0000] {logging_mixin.py:188} INFO - [2026-02-11T00:03:05.732+0000] {dag.py:3096} INFO - Sync 2 DAGs
[2026-02-11T00:03:05.744+0000] {logging_mixin.py:188} INFO - [2026-02-11T00:03:05.744+0000] {dag.py:3954} INFO - Setting next_dagrun for example_external_task_marker_child to None, run_after=None
[2026-02-11T00:03:05.749+0000] {logging_mixin.py:188} INFO - [2026-02-11T00:03:05.748+0000] {dag.py:3954} INFO - Setting next_dagrun for example_external_task_marker_parent to None, run_after=None
[2026-02-11T00:03:05.767+0000] {processor.py:183} INFO - Processing /home/airflow/.local/lib/python3.12/site-packages/airflow/example_dags/example_external_task_marker_dag.py took 0.076 seconds
[2026-02-11T00:03:35.959+0000] {processor.py:161} INFO - Started process (PID=6710) to work on /home/airflow/.local/lib/python3.12/site-packages/airflow/example_dags/example_external_task_marker_dag.py
[2026-02-11T00:03:35.960+0000] {processor.py:830} INFO - Processing file /home/airflow/.local/lib/python3.12/site-packages/airflow/example_dags/example_external_task_marker_dag.py for tasks to queue
[2026-02-11T00:03:35.962+0000] {logging_mixin.py:188} INFO - [2026-02-11T00:03:35.962+0000] {dagbag.py:540} INFO - Filling up the DagBag from /home/airflow/.local/lib/python3.12/site-packages/airflow/example_dags/example_external_task_marker_dag.py
[2026-02-11T00:03:35.969+0000] {processor.py:840} INFO - DAG(s) 'example_external_task_marker_parent', 'example_external_task_marker_child' retrieved from /home/airflow/.local/lib/python3.12/site-packages/airflow/example_dags/example_external_task_marker_dag.py
[2026-02-11T00:03:35.994+0000] {logging_mixin.py:188} INFO - [2026-02-11T00:03:35.993+0000] {dag.py:3096} INFO - Sync 2 DAGs
[2026-02-11T00:03:36.006+0000] {logging_mixin.py:188} INFO - [2026-02-11T00:03:36.005+0000] {dag.py:3954} INFO - Setting next_dagrun for example_external_task_marker_child to None, run_after=None
[2026-02-11T00:03:36.010+0000] {logging_mixin.py:188} INFO - [2026-02-11T00:03:36.010+0000] {dag.py:3954} INFO - Setting next_dagrun for example_external_task_marker_parent to None, run_after=None
[2026-02-11T00:03:36.038+0000] {processor.py:183} INFO - Processing /home/airflow/.local/lib/python3.12/site-packages/airflow/example_dags/example_external_task_marker_dag.py took 0.085 seconds
[2026-02-11T00:04:06.349+0000] {processor.py:161} INFO - Started process (PID=6764) to work on /home/airflow/.local/lib/python3.12/site-packages/airflow/example_dags/example_external_task_marker_dag.py
[2026-02-11T00:04:06.350+0000] {processor.py:830} INFO - Processing file /home/airflow/.local/lib/python3.12/site-packages/airflow/example_dags/example_external_task_marker_dag.py for tasks to queue
[2026-02-11T00:04:06.353+0000] {logging_mixin.py:188} INFO - [2026-02-11T00:04:06.353+0000] {dagbag.py:540} INFO - Filling up the DagBag from /home/airflow/.local/lib/python3.12/site-packages/airflow/example_dags/example_external_task_marker_dag.py
[2026-02-11T00:04:06.360+0000] {processor.py:840} INFO - DAG(s) 'example_external_task_marker_child', 'example_external_task_marker_parent' retrieved from /home/airflow/.local/lib/python3.12/site-packages/airflow/example_dags/example_external_task_marker_dag.py
[2026-02-11T00:04:06.384+0000] {logging_mixin.py:188} INFO - [2026-02-11T00:04:06.384+0000] {dag.py:3096} INFO - Sync 2 DAGs
[2026-02-11T00:04:06.399+0000] {logging_mixin.py:188} INFO - [2026-02-11T00:04:06.398+0000] {dag.py:3954} INFO - Setting next_dagrun for example_external_task_marker_child to None, run_after=None
[2026-02-11T00:04:06.403+0000] {logging_mixin.py:188} INFO - [2026-02-11T00:04:06.402+0000] {dag.py:3954} INFO - Setting next_dagrun for example_external_task_marker_parent to None, run_after=None
[2026-02-11T00:04:06.430+0000] {processor.py:183} INFO - Processing /home/airflow/.local/lib/python3.12/site-packages/airflow/example_dags/example_external_task_marker_dag.py took 0.089 seconds
[2026-02-11T00:04:36.550+0000] {processor.py:161} INFO - Started process (PID=6818) to work on /home/airflow/.local/lib/python3.12/site-packages/airflow/example_dags/example_external_task_marker_dag.py
[2026-02-11T00:04:36.551+0000] {processor.py:830} INFO - Processing file /home/airflow/.local/lib/python3.12/site-packages/airflow/example_dags/example_external_task_marker_dag.py for tasks to queue
[2026-02-11T00:04:36.554+0000] {logging_mixin.py:188} INFO - [2026-02-11T00:04:36.554+0000] {dagbag.py:540} INFO - Filling up the DagBag from /home/airflow/.local/lib/python3.12/site-packages/airflow/example_dags/example_external_task_marker_dag.py
[2026-02-11T00:04:36.560+0000] {processor.py:840} INFO - DAG(s) 'example_external_task_marker_parent', 'example_external_task_marker_child' retrieved from /home/airflow/.local/lib/python3.12/site-packages/airflow/example_dags/example_external_task_marker_dag.py
[2026-02-11T00:04:36.584+0000] {logging_mixin.py:188} INFO - [2026-02-11T00:04:36.584+0000] {dag.py:3096} INFO - Sync 2 DAGs
[2026-02-11T00:04:36.597+0000] {logging_mixin.py:188} INFO - [2026-02-11T00:04:36.597+0000] {dag.py:3954} INFO - Setting next_dagrun for example_external_task_marker_child to None, run_after=None
[2026-02-11T00:04:36.601+0000] {logging_mixin.py:188} INFO - [2026-02-11T00:04:36.601+0000] {dag.py:3954} INFO - Setting next_dagrun for example_external_task_marker_parent to None, run_after=None
[2026-02-11T00:04:36.619+0000] {processor.py:183} INFO - Processing /home/airflow/.local/lib/python3.12/site-packages/airflow/example_dags/example_external_task_marker_dag.py took 0.074 seconds
[2026-02-11T00:05:06.760+0000] {processor.py:161} INFO - Started process (PID=6872) to work on /home/airflow/.local/lib/python3.12/site-packages/airflow/example_dags/example_external_task_marker_dag.py
[2026-02-11T00:05:06.761+0000] {processor.py:830} INFO - Processing file /home/airflow/.local/lib/python3.12/site-packages/airflow/example_dags/example_external_task_marker_dag.py for tasks to queue
[2026-02-11T00:05:06.763+0000] {logging_mixin.py:188} INFO - [2026-02-11T00:05:06.762+0000] {dagbag.py:540} INFO - Filling up the DagBag from /home/airflow/.local/lib/python3.12/site-packages/airflow/example_dags/example_external_task_marker_dag.py
[2026-02-11T00:05:06.769+0000] {processor.py:840} INFO - DAG(s) 'example_external_task_marker_parent', 'example_external_task_marker_child' retrieved from /home/airflow/.local/lib/python3.12/site-packages/airflow/example_dags/example_external_task_marker_dag.py
[2026-02-11T00:05:06.792+0000] {logging_mixin.py:188} INFO - [2026-02-11T00:05:06.792+0000] {dag.py:3096} INFO - Sync 2 DAGs
[2026-02-11T00:05:06.805+0000] {logging_mixin.py:188} INFO - [2026-02-11T00:05:06.805+0000] {dag.py:3954} INFO - Setting next_dagrun for example_external_task_marker_child to None, run_after=None
[2026-02-11T00:05:06.809+0000] {logging_mixin.py:188} INFO - [2026-02-11T00:05:06.809+0000] {dag.py:3954} INFO - Setting next_dagrun for example_external_task_marker_parent to None, run_after=None
[2026-02-11T00:05:06.829+0000] {processor.py:183} INFO - Processing /home/airflow/.local/lib/python3.12/site-packages/airflow/example_dags/example_external_task_marker_dag.py took 0.075 seconds
[2026-02-11T00:05:37.101+0000] {processor.py:161} INFO - Started process (PID=6926) to work on /home/airflow/.local/lib/python3.12/site-packages/airflow/example_dags/example_external_task_marker_dag.py
[2026-02-11T00:05:37.102+0000] {processor.py:830} INFO - Processing file /home/airflow/.local/lib/python3.12/site-packages/airflow/example_dags/example_external_task_marker_dag.py for tasks to queue
[2026-02-11T00:05:37.104+0000] {logging_mixin.py:188} INFO - [2026-02-11T00:05:37.104+0000] {dagbag.py:540} INFO - Filling up the DagBag from /home/airflow/.local/lib/python3.12/site-packages/airflow/example_dags/example_external_task_marker_dag.py
[2026-02-11T00:05:37.110+0000] {processor.py:840} INFO - DAG(s) 'example_external_task_marker_child', 'example_external_task_marker_parent' retrieved from /home/airflow/.local/lib/python3.12/site-packages/airflow/example_dags/example_external_task_marker_dag.py
[2026-02-11T00:05:37.134+0000] {logging_mixin.py:188} INFO - [2026-02-11T00:05:37.134+0000] {dag.py:3096} INFO - Sync 2 DAGs
[2026-02-11T00:05:37.146+0000] {logging_mixin.py:188} INFO - [2026-02-11T00:05:37.145+0000] {dag.py:3954} INFO - Setting next_dagrun for example_external_task_marker_child to None, run_after=None
[2026-02-11T00:05:37.150+0000] {logging_mixin.py:188} INFO - [2026-02-11T00:05:37.149+0000] {dag.py:3954} INFO - Setting next_dagrun for example_external_task_marker_parent to None, run_after=None
[2026-02-11T00:05:37.169+0000] {processor.py:183} INFO - Processing /home/airflow/.local/lib/python3.12/site-packages/airflow/example_dags/example_external_task_marker_dag.py took 0.073 seconds
[2026-02-11T00:06:07.282+0000] {processor.py:161} INFO - Started process (PID=6980) to work on /home/airflow/.local/lib/python3.12/site-packages/airflow/example_dags/example_external_task_marker_dag.py
[2026-02-11T00:06:07.283+0000] {processor.py:830} INFO - Processing file /home/airflow/.local/lib/python3.12/site-packages/airflow/example_dags/example_external_task_marker_dag.py for tasks to queue
[2026-02-11T00:06:07.285+0000] {logging_mixin.py:188} INFO - [2026-02-11T00:06:07.285+0000] {dagbag.py:540} INFO - Filling up the DagBag from /home/airflow/.local/lib/python3.12/site-packages/airflow/example_dags/example_external_task_marker_dag.py
[2026-02-11T00:06:07.292+0000] {processor.py:840} INFO - DAG(s) 'example_external_task_marker_child', 'example_external_task_marker_parent' retrieved from /home/airflow/.local/lib/python3.12/site-packages/airflow/example_dags/example_external_task_marker_dag.py
[2026-02-11T00:06:07.318+0000] {logging_mixin.py:188} INFO - [2026-02-11T00:06:07.318+0000] {dag.py:3096} INFO - Sync 2 DAGs
[2026-02-11T00:06:07.331+0000] {logging_mixin.py:188} INFO - [2026-02-11T00:06:07.331+0000] {dag.py:3954} INFO - Setting next_dagrun for example_external_task_marker_child to None, run_after=None
[2026-02-11T00:06:07.336+0000] {logging_mixin.py:188} INFO - [2026-02-11T00:06:07.335+0000] {dag.py:3954} INFO - Setting next_dagrun for example_external_task_marker_parent to None, run_after=None
[2026-02-11T00:06:07.355+0000] {processor.py:183} INFO - Processing /home/airflow/.local/lib/python3.12/site-packages/airflow/example_dags/example_external_task_marker_dag.py took 0.079 seconds
[2026-02-11T00:06:37.497+0000] {processor.py:161} INFO - Started process (PID=7034) to work on /home/airflow/.local/lib/python3.12/site-packages/airflow/example_dags/example_external_task_marker_dag.py
[2026-02-11T00:06:37.498+0000] {processor.py:830} INFO - Processing file /home/airflow/.local/lib/python3.12/site-packages/airflow/example_dags/example_external_task_marker_dag.py for tasks to queue
[2026-02-11T00:06:37.500+0000] {logging_mixin.py:188} INFO - [2026-02-11T00:06:37.500+0000] {dagbag.py:540} INFO - Filling up the DagBag from /home/airflow/.local/lib/python3.12/site-packages/airflow/example_dags/example_external_task_marker_dag.py
[2026-02-11T00:06:37.508+0000] {processor.py:840} INFO - DAG(s) 'example_external_task_marker_child', 'example_external_task_marker_parent' retrieved from /home/airflow/.local/lib/python3.12/site-packages/airflow/example_dags/example_external_task_marker_dag.py
[2026-02-11T00:06:37.536+0000] {logging_mixin.py:188} INFO - [2026-02-11T00:06:37.536+0000] {dag.py:3096} INFO - Sync 2 DAGs
[2026-02-11T00:06:37.550+0000] {logging_mixin.py:188} INFO - [2026-02-11T00:06:37.550+0000] {dag.py:3954} INFO - Setting next_dagrun for example_external_task_marker_child to None, run_after=None
[2026-02-11T00:06:37.555+0000] {logging_mixin.py:188} INFO - [2026-02-11T00:06:37.555+0000] {dag.py:3954} INFO - Setting next_dagrun for example_external_task_marker_parent to None, run_after=None
[2026-02-11T00:06:37.586+0000] {processor.py:183} INFO - Processing /home/airflow/.local/lib/python3.12/site-packages/airflow/example_dags/example_external_task_marker_dag.py took 0.096 seconds
[2026-02-11T00:07:07.733+0000] {processor.py:161} INFO - Started process (PID=7086) to work on /home/airflow/.local/lib/python3.12/site-packages/airflow/example_dags/example_external_task_marker_dag.py
[2026-02-11T00:07:07.735+0000] {processor.py:830} INFO - Processing file /home/airflow/.local/lib/python3.12/site-packages/airflow/example_dags/example_external_task_marker_dag.py for tasks to queue
[2026-02-11T00:07:07.737+0000] {logging_mixin.py:188} INFO - [2026-02-11T00:07:07.736+0000] {dagbag.py:540} INFO - Filling up the DagBag from /home/airflow/.local/lib/python3.12/site-packages/airflow/example_dags/example_external_task_marker_dag.py
[2026-02-11T00:07:07.745+0000] {processor.py:840} INFO - DAG(s) 'example_external_task_marker_parent', 'example_external_task_marker_child' retrieved from /home/airflow/.local/lib/python3.12/site-packages/airflow/example_dags/example_external_task_marker_dag.py
[2026-02-11T00:07:07.767+0000] {logging_mixin.py:188} INFO - [2026-02-11T00:07:07.767+0000] {dag.py:3096} INFO - Sync 2 DAGs
[2026-02-11T00:07:07.779+0000] {logging_mixin.py:188} INFO - [2026-02-11T00:07:07.779+0000] {dag.py:3954} INFO - Setting next_dagrun for example_external_task_marker_child to None, run_after=None
[2026-02-11T00:07:07.783+0000] {logging_mixin.py:188} INFO - [2026-02-11T00:07:07.783+0000] {dag.py:3954} INFO - Setting next_dagrun for example_external_task_marker_parent to None, run_after=None
[2026-02-11T00:07:07.802+0000] {processor.py:183} INFO - Processing /home/airflow/.local/lib/python3.12/site-packages/airflow/example_dags/example_external_task_marker_dag.py took 0.074 seconds
[2026-02-11T00:07:38.172+0000] {processor.py:161} INFO - Started process (PID=7140) to work on /home/airflow/.local/lib/python3.12/site-packages/airflow/example_dags/example_external_task_marker_dag.py
[2026-02-11T00:07:38.173+0000] {processor.py:830} INFO - Processing file /home/airflow/.local/lib/python3.12/site-packages/airflow/example_dags/example_external_task_marker_dag.py for tasks to queue
[2026-02-11T00:07:38.177+0000] {logging_mixin.py:188} INFO - [2026-02-11T00:07:38.176+0000] {dagbag.py:540} INFO - Filling up the DagBag from /home/airflow/.local/lib/python3.12/site-packages/airflow/example_dags/example_external_task_marker_dag.py
[2026-02-11T00:07:38.187+0000] {processor.py:840} INFO - DAG(s) 'example_external_task_marker_parent', 'example_external_task_marker_child' retrieved from /home/airflow/.local/lib/python3.12/site-packages/airflow/example_dags/example_external_task_marker_dag.py
[2026-02-11T00:07:38.218+0000] {logging_mixin.py:188} INFO - [2026-02-11T00:07:38.217+0000] {dag.py:3096} INFO - Sync 2 DAGs
[2026-02-11T00:07:38.232+0000] {logging_mixin.py:188} INFO - [2026-02-11T00:07:38.232+0000] {dag.py:3954} INFO - Setting next_dagrun for example_external_task_marker_child to None, run_after=None
[2026-02-11T00:07:38.237+0000] {logging_mixin.py:188} INFO - [2026-02-11T00:07:38.237+0000] {dag.py:3954} INFO - Setting next_dagrun for example_external_task_marker_parent to None, run_after=None
[2026-02-11T00:07:38.259+0000] {processor.py:183} INFO - Processing /home/airflow/.local/lib/python3.12/site-packages/airflow/example_dags/example_external_task_marker_dag.py took 0.095 seconds
[2026-02-11T00:08:08.319+0000] {processor.py:161} INFO - Started process (PID=7194) to work on /home/airflow/.local/lib/python3.12/site-packages/airflow/example_dags/example_external_task_marker_dag.py
[2026-02-11T00:08:08.320+0000] {processor.py:830} INFO - Processing file /home/airflow/.local/lib/python3.12/site-packages/airflow/example_dags/example_external_task_marker_dag.py for tasks to queue
[2026-02-11T00:08:08.322+0000] {logging_mixin.py:188} INFO - [2026-02-11T00:08:08.322+0000] {dagbag.py:540} INFO - Filling up the DagBag from /home/airflow/.local/lib/python3.12/site-packages/airflow/example_dags/example_external_task_marker_dag.py
[2026-02-11T00:08:08.329+0000] {processor.py:840} INFO - DAG(s) 'example_external_task_marker_parent', 'example_external_task_marker_child' retrieved from /home/airflow/.local/lib/python3.12/site-packages/airflow/example_dags/example_external_task_marker_dag.py
[2026-02-11T00:08:08.353+0000] {logging_mixin.py:188} INFO - [2026-02-11T00:08:08.353+0000] {dag.py:3096} INFO - Sync 2 DAGs
[2026-02-11T00:08:08.367+0000] {logging_mixin.py:188} INFO - [2026-02-11T00:08:08.367+0000] {dag.py:3954} INFO - Setting next_dagrun for example_external_task_marker_child to None, run_after=None
[2026-02-11T00:08:08.371+0000] {logging_mixin.py:188} INFO - [2026-02-11T00:08:08.371+0000] {dag.py:3954} INFO - Setting next_dagrun for example_external_task_marker_parent to None, run_after=None
[2026-02-11T00:08:08.391+0000] {processor.py:183} INFO - Processing /home/airflow/.local/lib/python3.12/site-packages/airflow/example_dags/example_external_task_marker_dag.py took 0.077 seconds
[2026-02-11T00:08:38.750+0000] {processor.py:161} INFO - Started process (PID=7248) to work on /home/airflow/.local/lib/python3.12/site-packages/airflow/example_dags/example_external_task_marker_dag.py
[2026-02-11T00:08:38.751+0000] {processor.py:830} INFO - Processing file /home/airflow/.local/lib/python3.12/site-packages/airflow/example_dags/example_external_task_marker_dag.py for tasks to queue
[2026-02-11T00:08:38.753+0000] {logging_mixin.py:188} INFO - [2026-02-11T00:08:38.752+0000] {dagbag.py:540} INFO - Filling up the DagBag from /home/airflow/.local/lib/python3.12/site-packages/airflow/example_dags/example_external_task_marker_dag.py
[2026-02-11T00:08:38.759+0000] {processor.py:840} INFO - DAG(s) 'example_external_task_marker_parent', 'example_external_task_marker_child' retrieved from /home/airflow/.local/lib/python3.12/site-packages/airflow/example_dags/example_external_task_marker_dag.py
[2026-02-11T00:08:38.785+0000] {logging_mixin.py:188} INFO - [2026-02-11T00:08:38.785+0000] {dag.py:3096} INFO - Sync 2 DAGs
[2026-02-11T00:08:38.797+0000] {logging_mixin.py:188} INFO - [2026-02-11T00:08:38.797+0000] {dag.py:3954} INFO - Setting next_dagrun for example_external_task_marker_child to None, run_after=None
[2026-02-11T00:08:38.801+0000] {logging_mixin.py:188} INFO - [2026-02-11T00:08:38.801+0000] {dag.py:3954} INFO - Setting next_dagrun for example_external_task_marker_parent to None, run_after=None
[2026-02-11T00:08:38.830+0000] {processor.py:183} INFO - Processing /home/airflow/.local/lib/python3.12/site-packages/airflow/example_dags/example_external_task_marker_dag.py took 0.086 seconds
[2026-02-11T00:09:08.989+0000] {processor.py:161} INFO - Started process (PID=7302) to work on /home/airflow/.local/lib/python3.12/site-packages/airflow/example_dags/example_external_task_marker_dag.py
[2026-02-11T00:09:08.990+0000] {processor.py:830} INFO - Processing file /home/airflow/.local/lib/python3.12/site-packages/airflow/example_dags/example_external_task_marker_dag.py for tasks to queue
[2026-02-11T00:09:08.992+0000] {logging_mixin.py:188} INFO - [2026-02-11T00:09:08.991+0000] {dagbag.py:540} INFO - Filling up the DagBag from /home/airflow/.local/lib/python3.12/site-packages/airflow/example_dags/example_external_task_marker_dag.py
[2026-02-11T00:09:08.998+0000] {processor.py:840} INFO - DAG(s) 'example_external_task_marker_parent', 'example_external_task_marker_child' retrieved from /home/airflow/.local/lib/python3.12/site-packages/airflow/example_dags/example_external_task_marker_dag.py
[2026-02-11T00:09:09.021+0000] {logging_mixin.py:188} INFO - [2026-02-11T00:09:09.021+0000] {dag.py:3096} INFO - Sync 2 DAGs
[2026-02-11T00:09:09.033+0000] {logging_mixin.py:188} INFO - [2026-02-11T00:09:09.033+0000] {dag.py:3954} INFO - Setting next_dagrun for example_external_task_marker_child to None, run_after=None
[2026-02-11T00:09:09.037+0000] {logging_mixin.py:188} INFO - [2026-02-11T00:09:09.037+0000] {dag.py:3954} INFO - Setting next_dagrun for example_external_task_marker_parent to None, run_after=None
[2026-02-11T00:09:09.067+0000] {processor.py:183} INFO - Processing /home/airflow/.local/lib/python3.12/site-packages/airflow/example_dags/example_external_task_marker_dag.py took 0.083 seconds
[2026-02-11T00:09:39.176+0000] {processor.py:161} INFO - Started process (PID=7356) to work on /home/airflow/.local/lib/python3.12/site-packages/airflow/example_dags/example_external_task_marker_dag.py
[2026-02-11T00:09:39.177+0000] {processor.py:830} INFO - Processing file /home/airflow/.local/lib/python3.12/site-packages/airflow/example_dags/example_external_task_marker_dag.py for tasks to queue
[2026-02-11T00:09:39.179+0000] {logging_mixin.py:188} INFO - [2026-02-11T00:09:39.178+0000] {dagbag.py:540} INFO - Filling up the DagBag from /home/airflow/.local/lib/python3.12/site-packages/airflow/example_dags/example_external_task_marker_dag.py
[2026-02-11T00:09:39.185+0000] {processor.py:840} INFO - DAG(s) 'example_external_task_marker_child', 'example_external_task_marker_parent' retrieved from /home/airflow/.local/lib/python3.12/site-packages/airflow/example_dags/example_external_task_marker_dag.py
[2026-02-11T00:09:39.208+0000] {logging_mixin.py:188} INFO - [2026-02-11T00:09:39.208+0000] {dag.py:3096} INFO - Sync 2 DAGs
[2026-02-11T00:09:39.221+0000] {logging_mixin.py:188} INFO - [2026-02-11T00:09:39.220+0000] {dag.py:3954} INFO - Setting next_dagrun for example_external_task_marker_child to None, run_after=None
[2026-02-11T00:09:39.225+0000] {logging_mixin.py:188} INFO - [2026-02-11T00:09:39.225+0000] {dag.py:3954} INFO - Setting next_dagrun for example_external_task_marker_parent to None, run_after=None
[2026-02-11T00:09:39.254+0000] {processor.py:183} INFO - Processing /home/airflow/.local/lib/python3.12/site-packages/airflow/example_dags/example_external_task_marker_dag.py took 0.083 seconds
[2026-02-11T00:10:09.450+0000] {processor.py:161} INFO - Started process (PID=7410) to work on /home/airflow/.local/lib/python3.12/site-packages/airflow/example_dags/example_external_task_marker_dag.py
[2026-02-11T00:10:09.451+0000] {processor.py:830} INFO - Processing file /home/airflow/.local/lib/python3.12/site-packages/airflow/example_dags/example_external_task_marker_dag.py for tasks to queue
[2026-02-11T00:10:09.453+0000] {logging_mixin.py:188} INFO - [2026-02-11T00:10:09.453+0000] {dagbag.py:540} INFO - Filling up the DagBag from /home/airflow/.local/lib/python3.12/site-packages/airflow/example_dags/example_external_task_marker_dag.py
[2026-02-11T00:10:09.461+0000] {processor.py:840} INFO - DAG(s) 'example_external_task_marker_child', 'example_external_task_marker_parent' retrieved from /home/airflow/.local/lib/python3.12/site-packages/airflow/example_dags/example_external_task_marker_dag.py
[2026-02-11T00:10:09.485+0000] {logging_mixin.py:188} INFO - [2026-02-11T00:10:09.485+0000] {dag.py:3096} INFO - Sync 2 DAGs
[2026-02-11T00:10:09.497+0000] {logging_mixin.py:188} INFO - [2026-02-11T00:10:09.497+0000] {dag.py:3954} INFO - Setting next_dagrun for example_external_task_marker_child to None, run_after=None
[2026-02-11T00:10:09.502+0000] {logging_mixin.py:188} INFO - [2026-02-11T00:10:09.501+0000] {dag.py:3954} INFO - Setting next_dagrun for example_external_task_marker_parent to None, run_after=None
[2026-02-11T00:10:09.520+0000] {processor.py:183} INFO - Processing /home/airflow/.local/lib/python3.12/site-packages/airflow/example_dags/example_external_task_marker_dag.py took 0.076 seconds
[2026-02-11T00:10:39.767+0000] {processor.py:161} INFO - Started process (PID=7464) to work on /home/airflow/.local/lib/python3.12/site-packages/airflow/example_dags/example_external_task_marker_dag.py
[2026-02-11T00:10:39.769+0000] {processor.py:830} INFO - Processing file /home/airflow/.local/lib/python3.12/site-packages/airflow/example_dags/example_external_task_marker_dag.py for tasks to queue
[2026-02-11T00:10:39.771+0000] {logging_mixin.py:188} INFO - [2026-02-11T00:10:39.771+0000] {dagbag.py:540} INFO - Filling up the DagBag from /home/airflow/.local/lib/python3.12/site-packages/airflow/example_dags/example_external_task_marker_dag.py
[2026-02-11T00:10:39.780+0000] {processor.py:840} INFO - DAG(s) 'example_external_task_marker_parent', 'example_external_task_marker_child' retrieved from /home/airflow/.local/lib/python3.12/site-packages/airflow/example_dags/example_external_task_marker_dag.py
[2026-02-11T00:10:39.816+0000] {logging_mixin.py:188} INFO - [2026-02-11T00:10:39.816+0000] {dag.py:3096} INFO - Sync 2 DAGs
[2026-02-11T00:10:39.837+0000] {logging_mixin.py:188} INFO - [2026-02-11T00:10:39.836+0000] {dag.py:3954} INFO - Setting next_dagrun for example_external_task_marker_child to None, run_after=None
[2026-02-11T00:10:39.842+0000] {logging_mixin.py:188} INFO - [2026-02-11T00:10:39.842+0000] {dag.py:3954} INFO - Setting next_dagrun for example_external_task_marker_parent to None, run_after=None
[2026-02-11T00:10:39.866+0000] {processor.py:183} INFO - Processing /home/airflow/.local/lib/python3.12/site-packages/airflow/example_dags/example_external_task_marker_dag.py took 0.106 seconds
[2026-02-11T00:11:09.912+0000] {processor.py:161} INFO - Started process (PID=7518) to work on /home/airflow/.local/lib/python3.12/site-packages/airflow/example_dags/example_external_task_marker_dag.py
[2026-02-11T00:11:09.913+0000] {processor.py:830} INFO - Processing file /home/airflow/.local/lib/python3.12/site-packages/airflow/example_dags/example_external_task_marker_dag.py for tasks to queue
[2026-02-11T00:11:09.915+0000] {logging_mixin.py:188} INFO - [2026-02-11T00:11:09.915+0000] {dagbag.py:540} INFO - Filling up the DagBag from /home/airflow/.local/lib/python3.12/site-packages/airflow/example_dags/example_external_task_marker_dag.py
[2026-02-11T00:11:09.921+0000] {processor.py:840} INFO - DAG(s) 'example_external_task_marker_child', 'example_external_task_marker_parent' retrieved from /home/airflow/.local/lib/python3.12/site-packages/airflow/example_dags/example_external_task_marker_dag.py
[2026-02-11T00:11:09.946+0000] {logging_mixin.py:188} INFO - [2026-02-11T00:11:09.946+0000] {dag.py:3096} INFO - Sync 2 DAGs
[2026-02-11T00:11:09.959+0000] {logging_mixin.py:188} INFO - [2026-02-11T00:11:09.958+0000] {dag.py:3954} INFO - Setting next_dagrun for example_external_task_marker_child to None, run_after=None
[2026-02-11T00:11:09.964+0000] {logging_mixin.py:188} INFO - [2026-02-11T00:11:09.963+0000] {dag.py:3954} INFO - Setting next_dagrun for example_external_task_marker_parent to None, run_after=None
[2026-02-11T00:11:09.984+0000] {processor.py:183} INFO - Processing /home/airflow/.local/lib/python3.12/site-packages/airflow/example_dags/example_external_task_marker_dag.py took 0.078 seconds
