[2026-02-11T00:00:19.880+0000] {processor.py:161} INFO - Started process (PID=6353) to work on /home/airflow/.local/lib/python3.12/site-packages/airflow/example_dags/example_branch_day_of_week_operator.py
[2026-02-11T00:00:19.881+0000] {processor.py:830} INFO - Processing file /home/airflow/.local/lib/python3.12/site-packages/airflow/example_dags/example_branch_day_of_week_operator.py for tasks to queue
[2026-02-11T00:00:19.883+0000] {logging_mixin.py:188} INFO - [2026-02-11T00:00:19.883+0000] {dagbag.py:540} INFO - Filling up the DagBag from /home/airflow/.local/lib/python3.12/site-packages/airflow/example_dags/example_branch_day_of_week_operator.py
[2026-02-11T00:00:19.891+0000] {processor.py:840} INFO - DAG(s) 'example_weekday_branch_operator' retrieved from /home/airflow/.local/lib/python3.12/site-packages/airflow/example_dags/example_branch_day_of_week_operator.py
[2026-02-11T00:00:19.913+0000] {logging_mixin.py:188} INFO - [2026-02-11T00:00:19.913+0000] {dag.py:3096} INFO - Sync 1 DAGs
[2026-02-11T00:00:19.933+0000] {logging_mixin.py:188} INFO - [2026-02-11T00:00:19.932+0000] {dag.py:3954} INFO - Setting next_dagrun for example_weekday_branch_operator to 2026-02-10 00:00:00+00:00, run_after=2026-02-11 00:00:00+00:00
[2026-02-11T00:00:19.953+0000] {processor.py:183} INFO - Processing /home/airflow/.local/lib/python3.12/site-packages/airflow/example_dags/example_branch_day_of_week_operator.py took 0.079 seconds
[2026-02-11T00:00:50.237+0000] {processor.py:161} INFO - Started process (PID=6407) to work on /home/airflow/.local/lib/python3.12/site-packages/airflow/example_dags/example_branch_day_of_week_operator.py
[2026-02-11T00:00:50.239+0000] {processor.py:830} INFO - Processing file /home/airflow/.local/lib/python3.12/site-packages/airflow/example_dags/example_branch_day_of_week_operator.py for tasks to queue
[2026-02-11T00:00:50.242+0000] {logging_mixin.py:188} INFO - [2026-02-11T00:00:50.241+0000] {dagbag.py:540} INFO - Filling up the DagBag from /home/airflow/.local/lib/python3.12/site-packages/airflow/example_dags/example_branch_day_of_week_operator.py
[2026-02-11T00:00:50.253+0000] {processor.py:840} INFO - DAG(s) 'example_weekday_branch_operator' retrieved from /home/airflow/.local/lib/python3.12/site-packages/airflow/example_dags/example_branch_day_of_week_operator.py
[2026-02-11T00:00:50.282+0000] {logging_mixin.py:188} INFO - [2026-02-11T00:00:50.282+0000] {dag.py:3096} INFO - Sync 1 DAGs
[2026-02-11T00:00:50.315+0000] {logging_mixin.py:188} INFO - [2026-02-11T00:00:50.314+0000] {dag.py:3954} INFO - Setting next_dagrun for example_weekday_branch_operator to 2026-02-10 00:00:00+00:00, run_after=2026-02-11 00:00:00+00:00
[2026-02-11T00:00:50.344+0000] {processor.py:183} INFO - Processing /home/airflow/.local/lib/python3.12/site-packages/airflow/example_dags/example_branch_day_of_week_operator.py took 0.118 seconds
[2026-02-11T00:01:20.592+0000] {processor.py:161} INFO - Started process (PID=6461) to work on /home/airflow/.local/lib/python3.12/site-packages/airflow/example_dags/example_branch_day_of_week_operator.py
[2026-02-11T00:01:20.593+0000] {processor.py:830} INFO - Processing file /home/airflow/.local/lib/python3.12/site-packages/airflow/example_dags/example_branch_day_of_week_operator.py for tasks to queue
[2026-02-11T00:01:20.595+0000] {logging_mixin.py:188} INFO - [2026-02-11T00:01:20.595+0000] {dagbag.py:540} INFO - Filling up the DagBag from /home/airflow/.local/lib/python3.12/site-packages/airflow/example_dags/example_branch_day_of_week_operator.py
[2026-02-11T00:01:20.604+0000] {processor.py:840} INFO - DAG(s) 'example_weekday_branch_operator' retrieved from /home/airflow/.local/lib/python3.12/site-packages/airflow/example_dags/example_branch_day_of_week_operator.py
[2026-02-11T00:01:20.637+0000] {logging_mixin.py:188} INFO - [2026-02-11T00:01:20.637+0000] {dag.py:3096} INFO - Sync 1 DAGs
[2026-02-11T00:01:20.667+0000] {logging_mixin.py:188} INFO - [2026-02-11T00:01:20.667+0000] {dag.py:3954} INFO - Setting next_dagrun for example_weekday_branch_operator to 2026-02-10 00:00:00+00:00, run_after=2026-02-11 00:00:00+00:00
[2026-02-11T00:01:20.701+0000] {processor.py:183} INFO - Processing /home/airflow/.local/lib/python3.12/site-packages/airflow/example_dags/example_branch_day_of_week_operator.py took 0.125 seconds
[2026-02-11T00:01:51.185+0000] {processor.py:161} INFO - Started process (PID=6515) to work on /home/airflow/.local/lib/python3.12/site-packages/airflow/example_dags/example_branch_day_of_week_operator.py
[2026-02-11T00:01:51.187+0000] {processor.py:830} INFO - Processing file /home/airflow/.local/lib/python3.12/site-packages/airflow/example_dags/example_branch_day_of_week_operator.py for tasks to queue
[2026-02-11T00:01:51.189+0000] {logging_mixin.py:188} INFO - [2026-02-11T00:01:51.188+0000] {dagbag.py:540} INFO - Filling up the DagBag from /home/airflow/.local/lib/python3.12/site-packages/airflow/example_dags/example_branch_day_of_week_operator.py
[2026-02-11T00:01:51.196+0000] {processor.py:840} INFO - DAG(s) 'example_weekday_branch_operator' retrieved from /home/airflow/.local/lib/python3.12/site-packages/airflow/example_dags/example_branch_day_of_week_operator.py
[2026-02-11T00:01:51.218+0000] {logging_mixin.py:188} INFO - [2026-02-11T00:01:51.218+0000] {dag.py:3096} INFO - Sync 1 DAGs
[2026-02-11T00:01:51.245+0000] {logging_mixin.py:188} INFO - [2026-02-11T00:01:51.245+0000] {dag.py:3954} INFO - Setting next_dagrun for example_weekday_branch_operator to 2026-02-10 00:00:00+00:00, run_after=2026-02-11 00:00:00+00:00
[2026-02-11T00:01:51.277+0000] {processor.py:183} INFO - Processing /home/airflow/.local/lib/python3.12/site-packages/airflow/example_dags/example_branch_day_of_week_operator.py took 0.098 seconds
[2026-02-11T00:02:21.360+0000] {processor.py:161} INFO - Started process (PID=6569) to work on /home/airflow/.local/lib/python3.12/site-packages/airflow/example_dags/example_branch_day_of_week_operator.py
[2026-02-11T00:02:21.361+0000] {processor.py:830} INFO - Processing file /home/airflow/.local/lib/python3.12/site-packages/airflow/example_dags/example_branch_day_of_week_operator.py for tasks to queue
[2026-02-11T00:02:21.363+0000] {logging_mixin.py:188} INFO - [2026-02-11T00:02:21.363+0000] {dagbag.py:540} INFO - Filling up the DagBag from /home/airflow/.local/lib/python3.12/site-packages/airflow/example_dags/example_branch_day_of_week_operator.py
[2026-02-11T00:02:21.370+0000] {processor.py:840} INFO - DAG(s) 'example_weekday_branch_operator' retrieved from /home/airflow/.local/lib/python3.12/site-packages/airflow/example_dags/example_branch_day_of_week_operator.py
[2026-02-11T00:02:21.395+0000] {logging_mixin.py:188} INFO - [2026-02-11T00:02:21.395+0000] {dag.py:3096} INFO - Sync 1 DAGs
[2026-02-11T00:02:21.417+0000] {logging_mixin.py:188} INFO - [2026-02-11T00:02:21.417+0000] {dag.py:3954} INFO - Setting next_dagrun for example_weekday_branch_operator to 2026-02-10 00:00:00+00:00, run_after=2026-02-11 00:00:00+00:00
[2026-02-11T00:02:21.437+0000] {processor.py:183} INFO - Processing /home/airflow/.local/lib/python3.12/site-packages/airflow/example_dags/example_branch_day_of_week_operator.py took 0.083 seconds
[2026-02-11T00:02:51.719+0000] {processor.py:161} INFO - Started process (PID=6623) to work on /home/airflow/.local/lib/python3.12/site-packages/airflow/example_dags/example_branch_day_of_week_operator.py
[2026-02-11T00:02:51.720+0000] {processor.py:830} INFO - Processing file /home/airflow/.local/lib/python3.12/site-packages/airflow/example_dags/example_branch_day_of_week_operator.py for tasks to queue
[2026-02-11T00:02:51.722+0000] {logging_mixin.py:188} INFO - [2026-02-11T00:02:51.721+0000] {dagbag.py:540} INFO - Filling up the DagBag from /home/airflow/.local/lib/python3.12/site-packages/airflow/example_dags/example_branch_day_of_week_operator.py
[2026-02-11T00:02:51.728+0000] {processor.py:840} INFO - DAG(s) 'example_weekday_branch_operator' retrieved from /home/airflow/.local/lib/python3.12/site-packages/airflow/example_dags/example_branch_day_of_week_operator.py
[2026-02-11T00:02:51.750+0000] {logging_mixin.py:188} INFO - [2026-02-11T00:02:51.750+0000] {dag.py:3096} INFO - Sync 1 DAGs
[2026-02-11T00:02:51.770+0000] {logging_mixin.py:188} INFO - [2026-02-11T00:02:51.770+0000] {dag.py:3954} INFO - Setting next_dagrun for example_weekday_branch_operator to 2026-02-10 00:00:00+00:00, run_after=2026-02-11 00:00:00+00:00
[2026-02-11T00:02:51.790+0000] {processor.py:183} INFO - Processing /home/airflow/.local/lib/python3.12/site-packages/airflow/example_dags/example_branch_day_of_week_operator.py took 0.077 seconds
[2026-02-11T00:03:21.991+0000] {processor.py:161} INFO - Started process (PID=6677) to work on /home/airflow/.local/lib/python3.12/site-packages/airflow/example_dags/example_branch_day_of_week_operator.py
[2026-02-11T00:03:21.992+0000] {processor.py:830} INFO - Processing file /home/airflow/.local/lib/python3.12/site-packages/airflow/example_dags/example_branch_day_of_week_operator.py for tasks to queue
[2026-02-11T00:03:21.994+0000] {logging_mixin.py:188} INFO - [2026-02-11T00:03:21.994+0000] {dagbag.py:540} INFO - Filling up the DagBag from /home/airflow/.local/lib/python3.12/site-packages/airflow/example_dags/example_branch_day_of_week_operator.py
[2026-02-11T00:03:22.004+0000] {processor.py:840} INFO - DAG(s) 'example_weekday_branch_operator' retrieved from /home/airflow/.local/lib/python3.12/site-packages/airflow/example_dags/example_branch_day_of_week_operator.py
[2026-02-11T00:03:22.025+0000] {logging_mixin.py:188} INFO - [2026-02-11T00:03:22.024+0000] {dag.py:3096} INFO - Sync 1 DAGs
[2026-02-11T00:03:22.048+0000] {logging_mixin.py:188} INFO - [2026-02-11T00:03:22.048+0000] {dag.py:3954} INFO - Setting next_dagrun for example_weekday_branch_operator to 2026-02-10 00:00:00+00:00, run_after=2026-02-11 00:00:00+00:00
[2026-02-11T00:03:22.069+0000] {processor.py:183} INFO - Processing /home/airflow/.local/lib/python3.12/site-packages/airflow/example_dags/example_branch_day_of_week_operator.py took 0.085 seconds
[2026-02-11T00:03:52.165+0000] {processor.py:161} INFO - Started process (PID=6731) to work on /home/airflow/.local/lib/python3.12/site-packages/airflow/example_dags/example_branch_day_of_week_operator.py
[2026-02-11T00:03:52.166+0000] {processor.py:830} INFO - Processing file /home/airflow/.local/lib/python3.12/site-packages/airflow/example_dags/example_branch_day_of_week_operator.py for tasks to queue
[2026-02-11T00:03:52.168+0000] {logging_mixin.py:188} INFO - [2026-02-11T00:03:52.168+0000] {dagbag.py:540} INFO - Filling up the DagBag from /home/airflow/.local/lib/python3.12/site-packages/airflow/example_dags/example_branch_day_of_week_operator.py
[2026-02-11T00:03:52.175+0000] {processor.py:840} INFO - DAG(s) 'example_weekday_branch_operator' retrieved from /home/airflow/.local/lib/python3.12/site-packages/airflow/example_dags/example_branch_day_of_week_operator.py
[2026-02-11T00:03:52.199+0000] {logging_mixin.py:188} INFO - [2026-02-11T00:03:52.199+0000] {dag.py:3096} INFO - Sync 1 DAGs
[2026-02-11T00:03:52.223+0000] {logging_mixin.py:188} INFO - [2026-02-11T00:03:52.222+0000] {dag.py:3954} INFO - Setting next_dagrun for example_weekday_branch_operator to 2026-02-10 00:00:00+00:00, run_after=2026-02-11 00:00:00+00:00
[2026-02-11T00:03:52.245+0000] {processor.py:183} INFO - Processing /home/airflow/.local/lib/python3.12/site-packages/airflow/example_dags/example_branch_day_of_week_operator.py took 0.087 seconds
[2026-02-11T00:04:22.530+0000] {processor.py:161} INFO - Started process (PID=6784) to work on /home/airflow/.local/lib/python3.12/site-packages/airflow/example_dags/example_branch_day_of_week_operator.py
[2026-02-11T00:04:22.531+0000] {processor.py:830} INFO - Processing file /home/airflow/.local/lib/python3.12/site-packages/airflow/example_dags/example_branch_day_of_week_operator.py for tasks to queue
[2026-02-11T00:04:22.533+0000] {logging_mixin.py:188} INFO - [2026-02-11T00:04:22.533+0000] {dagbag.py:540} INFO - Filling up the DagBag from /home/airflow/.local/lib/python3.12/site-packages/airflow/example_dags/example_branch_day_of_week_operator.py
[2026-02-11T00:04:22.540+0000] {processor.py:840} INFO - DAG(s) 'example_weekday_branch_operator' retrieved from /home/airflow/.local/lib/python3.12/site-packages/airflow/example_dags/example_branch_day_of_week_operator.py
[2026-02-11T00:04:22.562+0000] {logging_mixin.py:188} INFO - [2026-02-11T00:04:22.561+0000] {dag.py:3096} INFO - Sync 1 DAGs
[2026-02-11T00:04:22.584+0000] {logging_mixin.py:188} INFO - [2026-02-11T00:04:22.584+0000] {dag.py:3954} INFO - Setting next_dagrun for example_weekday_branch_operator to 2026-02-10 00:00:00+00:00, run_after=2026-02-11 00:00:00+00:00
[2026-02-11T00:04:22.603+0000] {processor.py:183} INFO - Processing /home/airflow/.local/lib/python3.12/site-packages/airflow/example_dags/example_branch_day_of_week_operator.py took 0.079 seconds
[2026-02-11T00:04:52.674+0000] {processor.py:161} INFO - Started process (PID=6838) to work on /home/airflow/.local/lib/python3.12/site-packages/airflow/example_dags/example_branch_day_of_week_operator.py
[2026-02-11T00:04:52.675+0000] {processor.py:830} INFO - Processing file /home/airflow/.local/lib/python3.12/site-packages/airflow/example_dags/example_branch_day_of_week_operator.py for tasks to queue
[2026-02-11T00:04:52.677+0000] {logging_mixin.py:188} INFO - [2026-02-11T00:04:52.677+0000] {dagbag.py:540} INFO - Filling up the DagBag from /home/airflow/.local/lib/python3.12/site-packages/airflow/example_dags/example_branch_day_of_week_operator.py
[2026-02-11T00:04:52.685+0000] {processor.py:840} INFO - DAG(s) 'example_weekday_branch_operator' retrieved from /home/airflow/.local/lib/python3.12/site-packages/airflow/example_dags/example_branch_day_of_week_operator.py
[2026-02-11T00:04:52.708+0000] {logging_mixin.py:188} INFO - [2026-02-11T00:04:52.708+0000] {dag.py:3096} INFO - Sync 1 DAGs
[2026-02-11T00:04:52.729+0000] {logging_mixin.py:188} INFO - [2026-02-11T00:04:52.728+0000] {dag.py:3954} INFO - Setting next_dagrun for example_weekday_branch_operator to 2026-02-10 00:00:00+00:00, run_after=2026-02-11 00:00:00+00:00
[2026-02-11T00:04:52.748+0000] {processor.py:183} INFO - Processing /home/airflow/.local/lib/python3.12/site-packages/airflow/example_dags/example_branch_day_of_week_operator.py took 0.079 seconds
[2026-02-11T00:05:22.877+0000] {processor.py:161} INFO - Started process (PID=6892) to work on /home/airflow/.local/lib/python3.12/site-packages/airflow/example_dags/example_branch_day_of_week_operator.py
[2026-02-11T00:05:22.879+0000] {processor.py:830} INFO - Processing file /home/airflow/.local/lib/python3.12/site-packages/airflow/example_dags/example_branch_day_of_week_operator.py for tasks to queue
[2026-02-11T00:05:22.881+0000] {logging_mixin.py:188} INFO - [2026-02-11T00:05:22.881+0000] {dagbag.py:540} INFO - Filling up the DagBag from /home/airflow/.local/lib/python3.12/site-packages/airflow/example_dags/example_branch_day_of_week_operator.py
[2026-02-11T00:05:22.890+0000] {processor.py:840} INFO - DAG(s) 'example_weekday_branch_operator' retrieved from /home/airflow/.local/lib/python3.12/site-packages/airflow/example_dags/example_branch_day_of_week_operator.py
[2026-02-11T00:05:22.915+0000] {logging_mixin.py:188} INFO - [2026-02-11T00:05:22.914+0000] {dag.py:3096} INFO - Sync 1 DAGs
[2026-02-11T00:05:22.946+0000] {logging_mixin.py:188} INFO - [2026-02-11T00:05:22.946+0000] {dag.py:3954} INFO - Setting next_dagrun for example_weekday_branch_operator to 2026-02-10 00:00:00+00:00, run_after=2026-02-11 00:00:00+00:00
[2026-02-11T00:05:22.969+0000] {processor.py:183} INFO - Processing /home/airflow/.local/lib/python3.12/site-packages/airflow/example_dags/example_branch_day_of_week_operator.py took 0.100 seconds
[2026-02-11T00:05:53.184+0000] {processor.py:161} INFO - Started process (PID=6946) to work on /home/airflow/.local/lib/python3.12/site-packages/airflow/example_dags/example_branch_day_of_week_operator.py
[2026-02-11T00:05:53.185+0000] {processor.py:830} INFO - Processing file /home/airflow/.local/lib/python3.12/site-packages/airflow/example_dags/example_branch_day_of_week_operator.py for tasks to queue
[2026-02-11T00:05:53.187+0000] {logging_mixin.py:188} INFO - [2026-02-11T00:05:53.187+0000] {dagbag.py:540} INFO - Filling up the DagBag from /home/airflow/.local/lib/python3.12/site-packages/airflow/example_dags/example_branch_day_of_week_operator.py
[2026-02-11T00:05:53.197+0000] {processor.py:840} INFO - DAG(s) 'example_weekday_branch_operator' retrieved from /home/airflow/.local/lib/python3.12/site-packages/airflow/example_dags/example_branch_day_of_week_operator.py
[2026-02-11T00:05:53.223+0000] {logging_mixin.py:188} INFO - [2026-02-11T00:05:53.223+0000] {dag.py:3096} INFO - Sync 1 DAGs
[2026-02-11T00:05:53.249+0000] {logging_mixin.py:188} INFO - [2026-02-11T00:05:53.248+0000] {dag.py:3954} INFO - Setting next_dagrun for example_weekday_branch_operator to 2026-02-10 00:00:00+00:00, run_after=2026-02-11 00:00:00+00:00
[2026-02-11T00:05:53.269+0000] {processor.py:183} INFO - Processing /home/airflow/.local/lib/python3.12/site-packages/airflow/example_dags/example_branch_day_of_week_operator.py took 0.093 seconds
[2026-02-11T00:06:23.347+0000] {processor.py:161} INFO - Started process (PID=7000) to work on /home/airflow/.local/lib/python3.12/site-packages/airflow/example_dags/example_branch_day_of_week_operator.py
[2026-02-11T00:06:23.348+0000] {processor.py:830} INFO - Processing file /home/airflow/.local/lib/python3.12/site-packages/airflow/example_dags/example_branch_day_of_week_operator.py for tasks to queue
[2026-02-11T00:06:23.350+0000] {logging_mixin.py:188} INFO - [2026-02-11T00:06:23.350+0000] {dagbag.py:540} INFO - Filling up the DagBag from /home/airflow/.local/lib/python3.12/site-packages/airflow/example_dags/example_branch_day_of_week_operator.py
[2026-02-11T00:06:23.358+0000] {processor.py:840} INFO - DAG(s) 'example_weekday_branch_operator' retrieved from /home/airflow/.local/lib/python3.12/site-packages/airflow/example_dags/example_branch_day_of_week_operator.py
[2026-02-11T00:06:23.379+0000] {logging_mixin.py:188} INFO - [2026-02-11T00:06:23.379+0000] {dag.py:3096} INFO - Sync 1 DAGs
[2026-02-11T00:06:23.403+0000] {logging_mixin.py:188} INFO - [2026-02-11T00:06:23.403+0000] {dag.py:3954} INFO - Setting next_dagrun for example_weekday_branch_operator to 2026-02-10 00:00:00+00:00, run_after=2026-02-11 00:00:00+00:00
[2026-02-11T00:06:23.426+0000] {processor.py:183} INFO - Processing /home/airflow/.local/lib/python3.12/site-packages/airflow/example_dags/example_branch_day_of_week_operator.py took 0.085 seconds
[2026-02-11T00:06:53.616+0000] {processor.py:161} INFO - Started process (PID=7054) to work on /home/airflow/.local/lib/python3.12/site-packages/airflow/example_dags/example_branch_day_of_week_operator.py
[2026-02-11T00:06:53.617+0000] {processor.py:830} INFO - Processing file /home/airflow/.local/lib/python3.12/site-packages/airflow/example_dags/example_branch_day_of_week_operator.py for tasks to queue
[2026-02-11T00:06:53.619+0000] {logging_mixin.py:188} INFO - [2026-02-11T00:06:53.619+0000] {dagbag.py:540} INFO - Filling up the DagBag from /home/airflow/.local/lib/python3.12/site-packages/airflow/example_dags/example_branch_day_of_week_operator.py
[2026-02-11T00:06:53.626+0000] {processor.py:840} INFO - DAG(s) 'example_weekday_branch_operator' retrieved from /home/airflow/.local/lib/python3.12/site-packages/airflow/example_dags/example_branch_day_of_week_operator.py
[2026-02-11T00:06:53.649+0000] {logging_mixin.py:188} INFO - [2026-02-11T00:06:53.649+0000] {dag.py:3096} INFO - Sync 1 DAGs
[2026-02-11T00:06:53.669+0000] {logging_mixin.py:188} INFO - [2026-02-11T00:06:53.669+0000] {dag.py:3954} INFO - Setting next_dagrun for example_weekday_branch_operator to 2026-02-10 00:00:00+00:00, run_after=2026-02-11 00:00:00+00:00
[2026-02-11T00:06:53.689+0000] {processor.py:183} INFO - Processing /home/airflow/.local/lib/python3.12/site-packages/airflow/example_dags/example_branch_day_of_week_operator.py took 0.080 seconds
[2026-02-11T00:07:24.063+0000] {processor.py:161} INFO - Started process (PID=7108) to work on /home/airflow/.local/lib/python3.12/site-packages/airflow/example_dags/example_branch_day_of_week_operator.py
[2026-02-11T00:07:24.064+0000] {processor.py:830} INFO - Processing file /home/airflow/.local/lib/python3.12/site-packages/airflow/example_dags/example_branch_day_of_week_operator.py for tasks to queue
[2026-02-11T00:07:24.067+0000] {logging_mixin.py:188} INFO - [2026-02-11T00:07:24.066+0000] {dagbag.py:540} INFO - Filling up the DagBag from /home/airflow/.local/lib/python3.12/site-packages/airflow/example_dags/example_branch_day_of_week_operator.py
[2026-02-11T00:07:24.075+0000] {processor.py:840} INFO - DAG(s) 'example_weekday_branch_operator' retrieved from /home/airflow/.local/lib/python3.12/site-packages/airflow/example_dags/example_branch_day_of_week_operator.py
[2026-02-11T00:07:24.095+0000] {logging_mixin.py:188} INFO - [2026-02-11T00:07:24.095+0000] {dag.py:3096} INFO - Sync 1 DAGs
[2026-02-11T00:07:24.116+0000] {logging_mixin.py:188} INFO - [2026-02-11T00:07:24.116+0000] {dag.py:3954} INFO - Setting next_dagrun for example_weekday_branch_operator to 2026-02-10 00:00:00+00:00, run_after=2026-02-11 00:00:00+00:00
[2026-02-11T00:07:24.136+0000] {processor.py:183} INFO - Processing /home/airflow/.local/lib/python3.12/site-packages/airflow/example_dags/example_branch_day_of_week_operator.py took 0.079 seconds
[2026-02-11T00:07:54.438+0000] {processor.py:161} INFO - Started process (PID=7162) to work on /home/airflow/.local/lib/python3.12/site-packages/airflow/example_dags/example_branch_day_of_week_operator.py
[2026-02-11T00:07:54.439+0000] {processor.py:830} INFO - Processing file /home/airflow/.local/lib/python3.12/site-packages/airflow/example_dags/example_branch_day_of_week_operator.py for tasks to queue
[2026-02-11T00:07:54.441+0000] {logging_mixin.py:188} INFO - [2026-02-11T00:07:54.441+0000] {dagbag.py:540} INFO - Filling up the DagBag from /home/airflow/.local/lib/python3.12/site-packages/airflow/example_dags/example_branch_day_of_week_operator.py
[2026-02-11T00:07:54.449+0000] {processor.py:840} INFO - DAG(s) 'example_weekday_branch_operator' retrieved from /home/airflow/.local/lib/python3.12/site-packages/airflow/example_dags/example_branch_day_of_week_operator.py
[2026-02-11T00:07:54.470+0000] {logging_mixin.py:188} INFO - [2026-02-11T00:07:54.470+0000] {dag.py:3096} INFO - Sync 1 DAGs
[2026-02-11T00:07:54.492+0000] {logging_mixin.py:188} INFO - [2026-02-11T00:07:54.491+0000] {dag.py:3954} INFO - Setting next_dagrun for example_weekday_branch_operator to 2026-02-10 00:00:00+00:00, run_after=2026-02-11 00:00:00+00:00
[2026-02-11T00:07:54.513+0000] {processor.py:183} INFO - Processing /home/airflow/.local/lib/python3.12/site-packages/airflow/example_dags/example_branch_day_of_week_operator.py took 0.080 seconds
[2026-02-11T00:08:24.673+0000] {processor.py:161} INFO - Started process (PID=7216) to work on /home/airflow/.local/lib/python3.12/site-packages/airflow/example_dags/example_branch_day_of_week_operator.py
[2026-02-11T00:08:24.675+0000] {processor.py:830} INFO - Processing file /home/airflow/.local/lib/python3.12/site-packages/airflow/example_dags/example_branch_day_of_week_operator.py for tasks to queue
[2026-02-11T00:08:24.677+0000] {logging_mixin.py:188} INFO - [2026-02-11T00:08:24.676+0000] {dagbag.py:540} INFO - Filling up the DagBag from /home/airflow/.local/lib/python3.12/site-packages/airflow/example_dags/example_branch_day_of_week_operator.py
[2026-02-11T00:08:24.685+0000] {processor.py:840} INFO - DAG(s) 'example_weekday_branch_operator' retrieved from /home/airflow/.local/lib/python3.12/site-packages/airflow/example_dags/example_branch_day_of_week_operator.py
[2026-02-11T00:08:24.710+0000] {logging_mixin.py:188} INFO - [2026-02-11T00:08:24.710+0000] {dag.py:3096} INFO - Sync 1 DAGs
[2026-02-11T00:08:24.736+0000] {logging_mixin.py:188} INFO - [2026-02-11T00:08:24.736+0000] {dag.py:3954} INFO - Setting next_dagrun for example_weekday_branch_operator to 2026-02-10 00:00:00+00:00, run_after=2026-02-11 00:00:00+00:00
[2026-02-11T00:08:24.756+0000] {processor.py:183} INFO - Processing /home/airflow/.local/lib/python3.12/site-packages/airflow/example_dags/example_branch_day_of_week_operator.py took 0.091 seconds
[2026-02-11T00:08:55.023+0000] {processor.py:161} INFO - Started process (PID=7270) to work on /home/airflow/.local/lib/python3.12/site-packages/airflow/example_dags/example_branch_day_of_week_operator.py
[2026-02-11T00:08:55.024+0000] {processor.py:830} INFO - Processing file /home/airflow/.local/lib/python3.12/site-packages/airflow/example_dags/example_branch_day_of_week_operator.py for tasks to queue
[2026-02-11T00:08:55.026+0000] {logging_mixin.py:188} INFO - [2026-02-11T00:08:55.025+0000] {dagbag.py:540} INFO - Filling up the DagBag from /home/airflow/.local/lib/python3.12/site-packages/airflow/example_dags/example_branch_day_of_week_operator.py
[2026-02-11T00:08:55.032+0000] {processor.py:840} INFO - DAG(s) 'example_weekday_branch_operator' retrieved from /home/airflow/.local/lib/python3.12/site-packages/airflow/example_dags/example_branch_day_of_week_operator.py
[2026-02-11T00:08:55.054+0000] {logging_mixin.py:188} INFO - [2026-02-11T00:08:55.054+0000] {dag.py:3096} INFO - Sync 1 DAGs
[2026-02-11T00:08:55.074+0000] {logging_mixin.py:188} INFO - [2026-02-11T00:08:55.074+0000] {dag.py:3954} INFO - Setting next_dagrun for example_weekday_branch_operator to 2026-02-10 00:00:00+00:00, run_after=2026-02-11 00:00:00+00:00
[2026-02-11T00:08:55.094+0000] {processor.py:183} INFO - Processing /home/airflow/.local/lib/python3.12/site-packages/airflow/example_dags/example_branch_day_of_week_operator.py took 0.078 seconds
[2026-02-11T00:09:25.141+0000] {processor.py:161} INFO - Started process (PID=7324) to work on /home/airflow/.local/lib/python3.12/site-packages/airflow/example_dags/example_branch_day_of_week_operator.py
[2026-02-11T00:09:25.142+0000] {processor.py:830} INFO - Processing file /home/airflow/.local/lib/python3.12/site-packages/airflow/example_dags/example_branch_day_of_week_operator.py for tasks to queue
[2026-02-11T00:09:25.144+0000] {logging_mixin.py:188} INFO - [2026-02-11T00:09:25.143+0000] {dagbag.py:540} INFO - Filling up the DagBag from /home/airflow/.local/lib/python3.12/site-packages/airflow/example_dags/example_branch_day_of_week_operator.py
[2026-02-11T00:09:25.150+0000] {processor.py:840} INFO - DAG(s) 'example_weekday_branch_operator' retrieved from /home/airflow/.local/lib/python3.12/site-packages/airflow/example_dags/example_branch_day_of_week_operator.py
[2026-02-11T00:09:25.171+0000] {logging_mixin.py:188} INFO - [2026-02-11T00:09:25.171+0000] {dag.py:3096} INFO - Sync 1 DAGs
[2026-02-11T00:09:25.193+0000] {logging_mixin.py:188} INFO - [2026-02-11T00:09:25.193+0000] {dag.py:3954} INFO - Setting next_dagrun for example_weekday_branch_operator to 2026-02-10 00:00:00+00:00, run_after=2026-02-11 00:00:00+00:00
[2026-02-11T00:09:25.213+0000] {processor.py:183} INFO - Processing /home/airflow/.local/lib/python3.12/site-packages/airflow/example_dags/example_branch_day_of_week_operator.py took 0.080 seconds
[2026-02-11T00:09:55.547+0000] {processor.py:161} INFO - Started process (PID=7378) to work on /home/airflow/.local/lib/python3.12/site-packages/airflow/example_dags/example_branch_day_of_week_operator.py
[2026-02-11T00:09:55.548+0000] {processor.py:830} INFO - Processing file /home/airflow/.local/lib/python3.12/site-packages/airflow/example_dags/example_branch_day_of_week_operator.py for tasks to queue
[2026-02-11T00:09:55.550+0000] {logging_mixin.py:188} INFO - [2026-02-11T00:09:55.550+0000] {dagbag.py:540} INFO - Filling up the DagBag from /home/airflow/.local/lib/python3.12/site-packages/airflow/example_dags/example_branch_day_of_week_operator.py
[2026-02-11T00:09:55.557+0000] {processor.py:840} INFO - DAG(s) 'example_weekday_branch_operator' retrieved from /home/airflow/.local/lib/python3.12/site-packages/airflow/example_dags/example_branch_day_of_week_operator.py
[2026-02-11T00:09:55.579+0000] {logging_mixin.py:188} INFO - [2026-02-11T00:09:55.579+0000] {dag.py:3096} INFO - Sync 1 DAGs
[2026-02-11T00:09:55.602+0000] {logging_mixin.py:188} INFO - [2026-02-11T00:09:55.602+0000] {dag.py:3954} INFO - Setting next_dagrun for example_weekday_branch_operator to 2026-02-10 00:00:00+00:00, run_after=2026-02-11 00:00:00+00:00
[2026-02-11T00:09:55.624+0000] {processor.py:183} INFO - Processing /home/airflow/.local/lib/python3.12/site-packages/airflow/example_dags/example_branch_day_of_week_operator.py took 0.083 seconds
[2026-02-11T00:10:25.769+0000] {processor.py:161} INFO - Started process (PID=7432) to work on /home/airflow/.local/lib/python3.12/site-packages/airflow/example_dags/example_branch_day_of_week_operator.py
[2026-02-11T00:10:25.770+0000] {processor.py:830} INFO - Processing file /home/airflow/.local/lib/python3.12/site-packages/airflow/example_dags/example_branch_day_of_week_operator.py for tasks to queue
[2026-02-11T00:10:25.772+0000] {logging_mixin.py:188} INFO - [2026-02-11T00:10:25.772+0000] {dagbag.py:540} INFO - Filling up the DagBag from /home/airflow/.local/lib/python3.12/site-packages/airflow/example_dags/example_branch_day_of_week_operator.py
[2026-02-11T00:10:25.779+0000] {processor.py:840} INFO - DAG(s) 'example_weekday_branch_operator' retrieved from /home/airflow/.local/lib/python3.12/site-packages/airflow/example_dags/example_branch_day_of_week_operator.py
[2026-02-11T00:10:25.800+0000] {logging_mixin.py:188} INFO - [2026-02-11T00:10:25.800+0000] {dag.py:3096} INFO - Sync 1 DAGs
[2026-02-11T00:10:25.819+0000] {logging_mixin.py:188} INFO - [2026-02-11T00:10:25.819+0000] {dag.py:3954} INFO - Setting next_dagrun for example_weekday_branch_operator to 2026-02-10 00:00:00+00:00, run_after=2026-02-11 00:00:00+00:00
[2026-02-11T00:10:25.839+0000] {processor.py:183} INFO - Processing /home/airflow/.local/lib/python3.12/site-packages/airflow/example_dags/example_branch_day_of_week_operator.py took 0.076 seconds
[2026-02-11T00:10:56.264+0000] {processor.py:161} INFO - Started process (PID=7486) to work on /home/airflow/.local/lib/python3.12/site-packages/airflow/example_dags/example_branch_day_of_week_operator.py
[2026-02-11T00:10:56.265+0000] {processor.py:830} INFO - Processing file /home/airflow/.local/lib/python3.12/site-packages/airflow/example_dags/example_branch_day_of_week_operator.py for tasks to queue
[2026-02-11T00:10:56.267+0000] {logging_mixin.py:188} INFO - [2026-02-11T00:10:56.266+0000] {dagbag.py:540} INFO - Filling up the DagBag from /home/airflow/.local/lib/python3.12/site-packages/airflow/example_dags/example_branch_day_of_week_operator.py
[2026-02-11T00:10:56.274+0000] {processor.py:840} INFO - DAG(s) 'example_weekday_branch_operator' retrieved from /home/airflow/.local/lib/python3.12/site-packages/airflow/example_dags/example_branch_day_of_week_operator.py
[2026-02-11T00:10:56.296+0000] {logging_mixin.py:188} INFO - [2026-02-11T00:10:56.295+0000] {dag.py:3096} INFO - Sync 1 DAGs
[2026-02-11T00:10:56.317+0000] {logging_mixin.py:188} INFO - [2026-02-11T00:10:56.316+0000] {dag.py:3954} INFO - Setting next_dagrun for example_weekday_branch_operator to 2026-02-10 00:00:00+00:00, run_after=2026-02-11 00:00:00+00:00
[2026-02-11T00:10:56.341+0000] {processor.py:183} INFO - Processing /home/airflow/.local/lib/python3.12/site-packages/airflow/example_dags/example_branch_day_of_week_operator.py took 0.082 seconds
[2026-02-11T00:11:26.401+0000] {processor.py:161} INFO - Started process (PID=7540) to work on /home/airflow/.local/lib/python3.12/site-packages/airflow/example_dags/example_branch_day_of_week_operator.py
[2026-02-11T00:11:26.402+0000] {processor.py:830} INFO - Processing file /home/airflow/.local/lib/python3.12/site-packages/airflow/example_dags/example_branch_day_of_week_operator.py for tasks to queue
[2026-02-11T00:11:26.405+0000] {logging_mixin.py:188} INFO - [2026-02-11T00:11:26.404+0000] {dagbag.py:540} INFO - Filling up the DagBag from /home/airflow/.local/lib/python3.12/site-packages/airflow/example_dags/example_branch_day_of_week_operator.py
[2026-02-11T00:11:26.412+0000] {processor.py:840} INFO - DAG(s) 'example_weekday_branch_operator' retrieved from /home/airflow/.local/lib/python3.12/site-packages/airflow/example_dags/example_branch_day_of_week_operator.py
[2026-02-11T00:11:26.433+0000] {logging_mixin.py:188} INFO - [2026-02-11T00:11:26.433+0000] {dag.py:3096} INFO - Sync 1 DAGs
[2026-02-11T00:11:26.455+0000] {logging_mixin.py:188} INFO - [2026-02-11T00:11:26.454+0000] {dag.py:3954} INFO - Setting next_dagrun for example_weekday_branch_operator to 2026-02-10 00:00:00+00:00, run_after=2026-02-11 00:00:00+00:00
[2026-02-11T00:11:26.474+0000] {processor.py:183} INFO - Processing /home/airflow/.local/lib/python3.12/site-packages/airflow/example_dags/example_branch_day_of_week_operator.py took 0.079 seconds
