[2026-02-11T00:00:26.377+0000] {processor.py:161} INFO - Started process (PID=6362) to work on /home/airflow/.local/lib/python3.12/site-packages/airflow/example_dags/example_datasets.py
[2026-02-11T00:00:26.378+0000] {processor.py:830} INFO - Processing file /home/airflow/.local/lib/python3.12/site-packages/airflow/example_dags/example_datasets.py for tasks to queue
[2026-02-11T00:00:26.381+0000] {logging_mixin.py:188} INFO - [2026-02-11T00:00:26.380+0000] {dagbag.py:540} INFO - Filling up the DagBag from /home/airflow/.local/lib/python3.12/site-packages/airflow/example_dags/example_datasets.py
[2026-02-11T00:00:26.397+0000] {processor.py:840} INFO - DAG(s) 'dataset_consumes_1_and_2', 'conditional_dataset_and_time_based_timetable', 'dataset_consumes_1_never_scheduled', 'dataset_consumes_1', 'consume_1_or_both_2_and_3_with_dataset_expressions', 'consume_1_or_2_with_dataset_expressions', 'dataset_consumes_unknown_never_scheduled', 'dataset_produces_2', 'consume_1_and_2_with_dataset_expressions', 'dataset_produces_1' retrieved from /home/airflow/.local/lib/python3.12/site-packages/airflow/example_dags/example_datasets.py
[2026-02-11T00:00:26.452+0000] {logging_mixin.py:188} INFO - [2026-02-11T00:00:26.451+0000] {dag.py:3096} INFO - Sync 10 DAGs
[2026-02-11T00:00:26.476+0000] {logging_mixin.py:188} INFO - [2026-02-11T00:00:26.476+0000] {dag.py:3954} INFO - Setting next_dagrun for conditional_dataset_and_time_based_timetable to 2026-02-04 01:00:00+00:00, run_after=2026-02-04 01:00:00+00:00
[2026-02-11T00:00:26.480+0000] {logging_mixin.py:188} INFO - [2026-02-11T00:00:26.480+0000] {dag.py:3954} INFO - Setting next_dagrun for consume_1_and_2_with_dataset_expressions to None, run_after=None
[2026-02-11T00:00:26.482+0000] {logging_mixin.py:188} INFO - [2026-02-11T00:00:26.482+0000] {dag.py:3954} INFO - Setting next_dagrun for consume_1_or_2_with_dataset_expressions to None, run_after=None
[2026-02-11T00:00:26.484+0000] {logging_mixin.py:188} INFO - [2026-02-11T00:00:26.484+0000] {dag.py:3954} INFO - Setting next_dagrun for consume_1_or_both_2_and_3_with_dataset_expressions to None, run_after=None
[2026-02-11T00:00:26.486+0000] {logging_mixin.py:188} INFO - [2026-02-11T00:00:26.486+0000] {dag.py:3954} INFO - Setting next_dagrun for dataset_consumes_1 to None, run_after=None
[2026-02-11T00:00:26.488+0000] {logging_mixin.py:188} INFO - [2026-02-11T00:00:26.488+0000] {dag.py:3954} INFO - Setting next_dagrun for dataset_consumes_1_and_2 to None, run_after=None
[2026-02-11T00:00:26.489+0000] {logging_mixin.py:188} INFO - [2026-02-11T00:00:26.489+0000] {dag.py:3954} INFO - Setting next_dagrun for dataset_consumes_1_never_scheduled to None, run_after=None
[2026-02-11T00:00:26.491+0000] {logging_mixin.py:188} INFO - [2026-02-11T00:00:26.491+0000] {dag.py:3954} INFO - Setting next_dagrun for dataset_consumes_unknown_never_scheduled to None, run_after=None
[2026-02-11T00:00:26.494+0000] {logging_mixin.py:188} INFO - [2026-02-11T00:00:26.494+0000] {dag.py:3954} INFO - Setting next_dagrun for dataset_produces_1 to 2026-02-10 00:00:00+00:00, run_after=2026-02-11 00:00:00+00:00
[2026-02-11T00:00:26.496+0000] {logging_mixin.py:188} INFO - [2026-02-11T00:00:26.495+0000] {dag.py:3954} INFO - Setting next_dagrun for dataset_produces_2 to None, run_after=None
[2026-02-11T00:00:26.540+0000] {processor.py:183} INFO - Processing /home/airflow/.local/lib/python3.12/site-packages/airflow/example_dags/example_datasets.py took 0.170 seconds
[2026-02-11T00:00:56.580+0000] {processor.py:161} INFO - Started process (PID=6415) to work on /home/airflow/.local/lib/python3.12/site-packages/airflow/example_dags/example_datasets.py
[2026-02-11T00:00:56.582+0000] {processor.py:830} INFO - Processing file /home/airflow/.local/lib/python3.12/site-packages/airflow/example_dags/example_datasets.py for tasks to queue
[2026-02-11T00:00:56.584+0000] {logging_mixin.py:188} INFO - [2026-02-11T00:00:56.583+0000] {dagbag.py:540} INFO - Filling up the DagBag from /home/airflow/.local/lib/python3.12/site-packages/airflow/example_dags/example_datasets.py
[2026-02-11T00:00:56.596+0000] {processor.py:840} INFO - DAG(s) 'consume_1_or_both_2_and_3_with_dataset_expressions', 'conditional_dataset_and_time_based_timetable', 'consume_1_and_2_with_dataset_expressions', 'dataset_consumes_1_never_scheduled', 'dataset_produces_2', 'dataset_consumes_unknown_never_scheduled', 'dataset_consumes_1', 'dataset_produces_1', 'consume_1_or_2_with_dataset_expressions', 'dataset_consumes_1_and_2' retrieved from /home/airflow/.local/lib/python3.12/site-packages/airflow/example_dags/example_datasets.py
[2026-02-11T00:00:56.643+0000] {logging_mixin.py:188} INFO - [2026-02-11T00:00:56.642+0000] {dag.py:3096} INFO - Sync 10 DAGs
[2026-02-11T00:00:56.667+0000] {logging_mixin.py:188} INFO - [2026-02-11T00:00:56.666+0000] {dag.py:3954} INFO - Setting next_dagrun for conditional_dataset_and_time_based_timetable to 2026-02-04 01:00:00+00:00, run_after=2026-02-04 01:00:00+00:00
[2026-02-11T00:00:56.671+0000] {logging_mixin.py:188} INFO - [2026-02-11T00:00:56.671+0000] {dag.py:3954} INFO - Setting next_dagrun for consume_1_and_2_with_dataset_expressions to None, run_after=None
[2026-02-11T00:00:56.673+0000] {logging_mixin.py:188} INFO - [2026-02-11T00:00:56.673+0000] {dag.py:3954} INFO - Setting next_dagrun for consume_1_or_2_with_dataset_expressions to None, run_after=None
[2026-02-11T00:00:56.675+0000] {logging_mixin.py:188} INFO - [2026-02-11T00:00:56.675+0000] {dag.py:3954} INFO - Setting next_dagrun for consume_1_or_both_2_and_3_with_dataset_expressions to None, run_after=None
[2026-02-11T00:00:56.677+0000] {logging_mixin.py:188} INFO - [2026-02-11T00:00:56.677+0000] {dag.py:3954} INFO - Setting next_dagrun for dataset_consumes_1 to None, run_after=None
[2026-02-11T00:00:56.679+0000] {logging_mixin.py:188} INFO - [2026-02-11T00:00:56.679+0000] {dag.py:3954} INFO - Setting next_dagrun for dataset_consumes_1_and_2 to None, run_after=None
[2026-02-11T00:00:56.682+0000] {logging_mixin.py:188} INFO - [2026-02-11T00:00:56.682+0000] {dag.py:3954} INFO - Setting next_dagrun for dataset_consumes_1_never_scheduled to None, run_after=None
[2026-02-11T00:00:56.683+0000] {logging_mixin.py:188} INFO - [2026-02-11T00:00:56.683+0000] {dag.py:3954} INFO - Setting next_dagrun for dataset_consumes_unknown_never_scheduled to None, run_after=None
[2026-02-11T00:00:56.689+0000] {logging_mixin.py:188} INFO - [2026-02-11T00:00:56.688+0000] {dag.py:3954} INFO - Setting next_dagrun for dataset_produces_1 to 2026-02-10 00:00:00+00:00, run_after=2026-02-11 00:00:00+00:00
[2026-02-11T00:00:56.691+0000] {logging_mixin.py:188} INFO - [2026-02-11T00:00:56.690+0000] {dag.py:3954} INFO - Setting next_dagrun for dataset_produces_2 to None, run_after=None
[2026-02-11T00:00:56.725+0000] {processor.py:183} INFO - Processing /home/airflow/.local/lib/python3.12/site-packages/airflow/example_dags/example_datasets.py took 0.150 seconds
[2026-02-11T00:01:26.814+0000] {processor.py:161} INFO - Started process (PID=6469) to work on /home/airflow/.local/lib/python3.12/site-packages/airflow/example_dags/example_datasets.py
[2026-02-11T00:01:26.816+0000] {processor.py:830} INFO - Processing file /home/airflow/.local/lib/python3.12/site-packages/airflow/example_dags/example_datasets.py for tasks to queue
[2026-02-11T00:01:26.821+0000] {logging_mixin.py:188} INFO - [2026-02-11T00:01:26.820+0000] {dagbag.py:540} INFO - Filling up the DagBag from /home/airflow/.local/lib/python3.12/site-packages/airflow/example_dags/example_datasets.py
[2026-02-11T00:01:26.861+0000] {processor.py:840} INFO - DAG(s) 'consume_1_or_both_2_and_3_with_dataset_expressions', 'dataset_consumes_1_never_scheduled', 'conditional_dataset_and_time_based_timetable', 'consume_1_and_2_with_dataset_expressions', 'dataset_consumes_1_and_2', 'dataset_produces_2', 'dataset_consumes_unknown_never_scheduled', 'consume_1_or_2_with_dataset_expressions', 'dataset_consumes_1', 'dataset_produces_1' retrieved from /home/airflow/.local/lib/python3.12/site-packages/airflow/example_dags/example_datasets.py
[2026-02-11T00:01:26.994+0000] {logging_mixin.py:188} INFO - [2026-02-11T00:01:26.993+0000] {dag.py:3096} INFO - Sync 10 DAGs
[2026-02-11T00:01:27.051+0000] {logging_mixin.py:188} INFO - [2026-02-11T00:01:27.051+0000] {dag.py:3954} INFO - Setting next_dagrun for conditional_dataset_and_time_based_timetable to 2026-02-04 01:00:00+00:00, run_after=2026-02-04 01:00:00+00:00
[2026-02-11T00:01:27.060+0000] {logging_mixin.py:188} INFO - [2026-02-11T00:01:27.059+0000] {dag.py:3954} INFO - Setting next_dagrun for consume_1_and_2_with_dataset_expressions to None, run_after=None
[2026-02-11T00:01:27.063+0000] {logging_mixin.py:188} INFO - [2026-02-11T00:01:27.062+0000] {dag.py:3954} INFO - Setting next_dagrun for consume_1_or_2_with_dataset_expressions to None, run_after=None
[2026-02-11T00:01:27.066+0000] {logging_mixin.py:188} INFO - [2026-02-11T00:01:27.065+0000] {dag.py:3954} INFO - Setting next_dagrun for consume_1_or_both_2_and_3_with_dataset_expressions to None, run_after=None
[2026-02-11T00:01:27.069+0000] {logging_mixin.py:188} INFO - [2026-02-11T00:01:27.068+0000] {dag.py:3954} INFO - Setting next_dagrun for dataset_consumes_1 to None, run_after=None
[2026-02-11T00:01:27.072+0000] {logging_mixin.py:188} INFO - [2026-02-11T00:01:27.071+0000] {dag.py:3954} INFO - Setting next_dagrun for dataset_consumes_1_and_2 to None, run_after=None
[2026-02-11T00:01:27.075+0000] {logging_mixin.py:188} INFO - [2026-02-11T00:01:27.074+0000] {dag.py:3954} INFO - Setting next_dagrun for dataset_consumes_1_never_scheduled to None, run_after=None
[2026-02-11T00:01:27.078+0000] {logging_mixin.py:188} INFO - [2026-02-11T00:01:27.078+0000] {dag.py:3954} INFO - Setting next_dagrun for dataset_consumes_unknown_never_scheduled to None, run_after=None
[2026-02-11T00:01:27.083+0000] {logging_mixin.py:188} INFO - [2026-02-11T00:01:27.082+0000] {dag.py:3954} INFO - Setting next_dagrun for dataset_produces_1 to 2026-02-10 00:00:00+00:00, run_after=2026-02-11 00:00:00+00:00
[2026-02-11T00:01:27.085+0000] {logging_mixin.py:188} INFO - [2026-02-11T00:01:27.085+0000] {dag.py:3954} INFO - Setting next_dagrun for dataset_produces_2 to None, run_after=None
[2026-02-11T00:01:27.147+0000] {processor.py:183} INFO - Processing /home/airflow/.local/lib/python3.12/site-packages/airflow/example_dags/example_datasets.py took 0.346 seconds
[2026-02-11T00:01:57.453+0000] {processor.py:161} INFO - Started process (PID=6523) to work on /home/airflow/.local/lib/python3.12/site-packages/airflow/example_dags/example_datasets.py
[2026-02-11T00:01:57.454+0000] {processor.py:830} INFO - Processing file /home/airflow/.local/lib/python3.12/site-packages/airflow/example_dags/example_datasets.py for tasks to queue
[2026-02-11T00:01:57.456+0000] {logging_mixin.py:188} INFO - [2026-02-11T00:01:57.456+0000] {dagbag.py:540} INFO - Filling up the DagBag from /home/airflow/.local/lib/python3.12/site-packages/airflow/example_dags/example_datasets.py
[2026-02-11T00:01:57.470+0000] {processor.py:840} INFO - DAG(s) 'dataset_consumes_unknown_never_scheduled', 'consume_1_and_2_with_dataset_expressions', 'dataset_consumes_1_and_2', 'dataset_produces_2', 'consume_1_or_2_with_dataset_expressions', 'dataset_produces_1', 'conditional_dataset_and_time_based_timetable', 'dataset_consumes_1_never_scheduled', 'dataset_consumes_1', 'consume_1_or_both_2_and_3_with_dataset_expressions' retrieved from /home/airflow/.local/lib/python3.12/site-packages/airflow/example_dags/example_datasets.py
[2026-02-11T00:01:57.518+0000] {logging_mixin.py:188} INFO - [2026-02-11T00:01:57.518+0000] {dag.py:3096} INFO - Sync 10 DAGs
[2026-02-11T00:01:57.543+0000] {logging_mixin.py:188} INFO - [2026-02-11T00:01:57.543+0000] {dag.py:3954} INFO - Setting next_dagrun for conditional_dataset_and_time_based_timetable to 2026-02-04 01:00:00+00:00, run_after=2026-02-04 01:00:00+00:00
[2026-02-11T00:01:57.547+0000] {logging_mixin.py:188} INFO - [2026-02-11T00:01:57.547+0000] {dag.py:3954} INFO - Setting next_dagrun for consume_1_and_2_with_dataset_expressions to None, run_after=None
[2026-02-11T00:01:57.551+0000] {logging_mixin.py:188} INFO - [2026-02-11T00:01:57.551+0000] {dag.py:3954} INFO - Setting next_dagrun for consume_1_or_2_with_dataset_expressions to None, run_after=None
[2026-02-11T00:01:57.553+0000] {logging_mixin.py:188} INFO - [2026-02-11T00:01:57.553+0000] {dag.py:3954} INFO - Setting next_dagrun for consume_1_or_both_2_and_3_with_dataset_expressions to None, run_after=None
[2026-02-11T00:01:57.555+0000] {logging_mixin.py:188} INFO - [2026-02-11T00:01:57.555+0000] {dag.py:3954} INFO - Setting next_dagrun for dataset_consumes_1 to None, run_after=None
[2026-02-11T00:01:57.557+0000] {logging_mixin.py:188} INFO - [2026-02-11T00:01:57.556+0000] {dag.py:3954} INFO - Setting next_dagrun for dataset_consumes_1_and_2 to None, run_after=None
[2026-02-11T00:01:57.558+0000] {logging_mixin.py:188} INFO - [2026-02-11T00:01:57.558+0000] {dag.py:3954} INFO - Setting next_dagrun for dataset_consumes_1_never_scheduled to None, run_after=None
[2026-02-11T00:01:57.559+0000] {logging_mixin.py:188} INFO - [2026-02-11T00:01:57.559+0000] {dag.py:3954} INFO - Setting next_dagrun for dataset_consumes_unknown_never_scheduled to None, run_after=None
[2026-02-11T00:01:57.561+0000] {logging_mixin.py:188} INFO - [2026-02-11T00:01:57.561+0000] {dag.py:3954} INFO - Setting next_dagrun for dataset_produces_1 to 2026-02-10 00:00:00+00:00, run_after=2026-02-11 00:00:00+00:00
[2026-02-11T00:01:57.562+0000] {logging_mixin.py:188} INFO - [2026-02-11T00:01:57.562+0000] {dag.py:3954} INFO - Setting next_dagrun for dataset_produces_2 to None, run_after=None
[2026-02-11T00:01:57.596+0000] {processor.py:183} INFO - Processing /home/airflow/.local/lib/python3.12/site-packages/airflow/example_dags/example_datasets.py took 0.148 seconds
[2026-02-11T00:02:27.751+0000] {processor.py:161} INFO - Started process (PID=6577) to work on /home/airflow/.local/lib/python3.12/site-packages/airflow/example_dags/example_datasets.py
[2026-02-11T00:02:27.752+0000] {processor.py:830} INFO - Processing file /home/airflow/.local/lib/python3.12/site-packages/airflow/example_dags/example_datasets.py for tasks to queue
[2026-02-11T00:02:27.754+0000] {logging_mixin.py:188} INFO - [2026-02-11T00:02:27.754+0000] {dagbag.py:540} INFO - Filling up the DagBag from /home/airflow/.local/lib/python3.12/site-packages/airflow/example_dags/example_datasets.py
[2026-02-11T00:02:27.768+0000] {processor.py:840} INFO - DAG(s) 'consume_1_or_both_2_and_3_with_dataset_expressions', 'dataset_consumes_1_and_2', 'conditional_dataset_and_time_based_timetable', 'consume_1_or_2_with_dataset_expressions', 'dataset_consumes_1', 'dataset_consumes_unknown_never_scheduled', 'dataset_produces_1', 'dataset_produces_2', 'consume_1_and_2_with_dataset_expressions', 'dataset_consumes_1_never_scheduled' retrieved from /home/airflow/.local/lib/python3.12/site-packages/airflow/example_dags/example_datasets.py
[2026-02-11T00:02:27.812+0000] {logging_mixin.py:188} INFO - [2026-02-11T00:02:27.812+0000] {dag.py:3096} INFO - Sync 10 DAGs
[2026-02-11T00:02:27.838+0000] {logging_mixin.py:188} INFO - [2026-02-11T00:02:27.838+0000] {dag.py:3954} INFO - Setting next_dagrun for conditional_dataset_and_time_based_timetable to 2026-02-04 01:00:00+00:00, run_after=2026-02-04 01:00:00+00:00
[2026-02-11T00:02:27.842+0000] {logging_mixin.py:188} INFO - [2026-02-11T00:02:27.841+0000] {dag.py:3954} INFO - Setting next_dagrun for consume_1_and_2_with_dataset_expressions to None, run_after=None
[2026-02-11T00:02:27.843+0000] {logging_mixin.py:188} INFO - [2026-02-11T00:02:27.843+0000] {dag.py:3954} INFO - Setting next_dagrun for consume_1_or_2_with_dataset_expressions to None, run_after=None
[2026-02-11T00:02:27.845+0000] {logging_mixin.py:188} INFO - [2026-02-11T00:02:27.845+0000] {dag.py:3954} INFO - Setting next_dagrun for consume_1_or_both_2_and_3_with_dataset_expressions to None, run_after=None
[2026-02-11T00:02:27.847+0000] {logging_mixin.py:188} INFO - [2026-02-11T00:02:27.847+0000] {dag.py:3954} INFO - Setting next_dagrun for dataset_consumes_1 to None, run_after=None
[2026-02-11T00:02:27.850+0000] {logging_mixin.py:188} INFO - [2026-02-11T00:02:27.849+0000] {dag.py:3954} INFO - Setting next_dagrun for dataset_consumes_1_and_2 to None, run_after=None
[2026-02-11T00:02:27.851+0000] {logging_mixin.py:188} INFO - [2026-02-11T00:02:27.851+0000] {dag.py:3954} INFO - Setting next_dagrun for dataset_consumes_1_never_scheduled to None, run_after=None
[2026-02-11T00:02:27.852+0000] {logging_mixin.py:188} INFO - [2026-02-11T00:02:27.852+0000] {dag.py:3954} INFO - Setting next_dagrun for dataset_consumes_unknown_never_scheduled to None, run_after=None
[2026-02-11T00:02:27.855+0000] {logging_mixin.py:188} INFO - [2026-02-11T00:02:27.855+0000] {dag.py:3954} INFO - Setting next_dagrun for dataset_produces_1 to 2026-02-10 00:00:00+00:00, run_after=2026-02-11 00:00:00+00:00
[2026-02-11T00:02:27.856+0000] {logging_mixin.py:188} INFO - [2026-02-11T00:02:27.856+0000] {dag.py:3954} INFO - Setting next_dagrun for dataset_produces_2 to None, run_after=None
[2026-02-11T00:02:27.889+0000] {processor.py:183} INFO - Processing /home/airflow/.local/lib/python3.12/site-packages/airflow/example_dags/example_datasets.py took 0.143 seconds
[2026-02-11T00:02:57.960+0000] {processor.py:161} INFO - Started process (PID=6631) to work on /home/airflow/.local/lib/python3.12/site-packages/airflow/example_dags/example_datasets.py
[2026-02-11T00:02:57.961+0000] {processor.py:830} INFO - Processing file /home/airflow/.local/lib/python3.12/site-packages/airflow/example_dags/example_datasets.py for tasks to queue
[2026-02-11T00:02:57.963+0000] {logging_mixin.py:188} INFO - [2026-02-11T00:02:57.963+0000] {dagbag.py:540} INFO - Filling up the DagBag from /home/airflow/.local/lib/python3.12/site-packages/airflow/example_dags/example_datasets.py
[2026-02-11T00:02:57.976+0000] {processor.py:840} INFO - DAG(s) 'dataset_produces_2', 'dataset_consumes_1', 'consume_1_or_2_with_dataset_expressions', 'dataset_consumes_1_and_2', 'dataset_produces_1', 'dataset_consumes_unknown_never_scheduled', 'conditional_dataset_and_time_based_timetable', 'consume_1_or_both_2_and_3_with_dataset_expressions', 'dataset_consumes_1_never_scheduled', 'consume_1_and_2_with_dataset_expressions' retrieved from /home/airflow/.local/lib/python3.12/site-packages/airflow/example_dags/example_datasets.py
[2026-02-11T00:02:58.024+0000] {logging_mixin.py:188} INFO - [2026-02-11T00:02:58.023+0000] {dag.py:3096} INFO - Sync 10 DAGs
[2026-02-11T00:02:58.050+0000] {logging_mixin.py:188} INFO - [2026-02-11T00:02:58.050+0000] {dag.py:3954} INFO - Setting next_dagrun for conditional_dataset_and_time_based_timetable to 2026-02-04 01:00:00+00:00, run_after=2026-02-04 01:00:00+00:00
[2026-02-11T00:02:58.055+0000] {logging_mixin.py:188} INFO - [2026-02-11T00:02:58.054+0000] {dag.py:3954} INFO - Setting next_dagrun for consume_1_and_2_with_dataset_expressions to None, run_after=None
[2026-02-11T00:02:58.057+0000] {logging_mixin.py:188} INFO - [2026-02-11T00:02:58.056+0000] {dag.py:3954} INFO - Setting next_dagrun for consume_1_or_2_with_dataset_expressions to None, run_after=None
[2026-02-11T00:02:58.058+0000] {logging_mixin.py:188} INFO - [2026-02-11T00:02:58.058+0000] {dag.py:3954} INFO - Setting next_dagrun for consume_1_or_both_2_and_3_with_dataset_expressions to None, run_after=None
[2026-02-11T00:02:58.060+0000] {logging_mixin.py:188} INFO - [2026-02-11T00:02:58.060+0000] {dag.py:3954} INFO - Setting next_dagrun for dataset_consumes_1 to None, run_after=None
[2026-02-11T00:02:58.061+0000] {logging_mixin.py:188} INFO - [2026-02-11T00:02:58.061+0000] {dag.py:3954} INFO - Setting next_dagrun for dataset_consumes_1_and_2 to None, run_after=None
[2026-02-11T00:02:58.063+0000] {logging_mixin.py:188} INFO - [2026-02-11T00:02:58.062+0000] {dag.py:3954} INFO - Setting next_dagrun for dataset_consumes_1_never_scheduled to None, run_after=None
[2026-02-11T00:02:58.064+0000] {logging_mixin.py:188} INFO - [2026-02-11T00:02:58.064+0000] {dag.py:3954} INFO - Setting next_dagrun for dataset_consumes_unknown_never_scheduled to None, run_after=None
[2026-02-11T00:02:58.066+0000] {logging_mixin.py:188} INFO - [2026-02-11T00:02:58.066+0000] {dag.py:3954} INFO - Setting next_dagrun for dataset_produces_1 to 2026-02-10 00:00:00+00:00, run_after=2026-02-11 00:00:00+00:00
[2026-02-11T00:02:58.070+0000] {logging_mixin.py:188} INFO - [2026-02-11T00:02:58.069+0000] {dag.py:3954} INFO - Setting next_dagrun for dataset_produces_2 to None, run_after=None
[2026-02-11T00:02:58.106+0000] {processor.py:183} INFO - Processing /home/airflow/.local/lib/python3.12/site-packages/airflow/example_dags/example_datasets.py took 0.151 seconds
[2026-02-11T00:03:28.327+0000] {processor.py:161} INFO - Started process (PID=6685) to work on /home/airflow/.local/lib/python3.12/site-packages/airflow/example_dags/example_datasets.py
[2026-02-11T00:03:28.328+0000] {processor.py:830} INFO - Processing file /home/airflow/.local/lib/python3.12/site-packages/airflow/example_dags/example_datasets.py for tasks to queue
[2026-02-11T00:03:28.330+0000] {logging_mixin.py:188} INFO - [2026-02-11T00:03:28.330+0000] {dagbag.py:540} INFO - Filling up the DagBag from /home/airflow/.local/lib/python3.12/site-packages/airflow/example_dags/example_datasets.py
[2026-02-11T00:03:28.345+0000] {processor.py:840} INFO - DAG(s) 'dataset_produces_2', 'consume_1_or_2_with_dataset_expressions', 'conditional_dataset_and_time_based_timetable', 'dataset_consumes_unknown_never_scheduled', 'consume_1_and_2_with_dataset_expressions', 'dataset_consumes_1', 'dataset_consumes_1_and_2', 'dataset_produces_1', 'dataset_consumes_1_never_scheduled', 'consume_1_or_both_2_and_3_with_dataset_expressions' retrieved from /home/airflow/.local/lib/python3.12/site-packages/airflow/example_dags/example_datasets.py
[2026-02-11T00:03:28.393+0000] {logging_mixin.py:188} INFO - [2026-02-11T00:03:28.393+0000] {dag.py:3096} INFO - Sync 10 DAGs
[2026-02-11T00:03:28.420+0000] {logging_mixin.py:188} INFO - [2026-02-11T00:03:28.420+0000] {dag.py:3954} INFO - Setting next_dagrun for conditional_dataset_and_time_based_timetable to 2026-02-04 01:00:00+00:00, run_after=2026-02-04 01:00:00+00:00
[2026-02-11T00:03:28.425+0000] {logging_mixin.py:188} INFO - [2026-02-11T00:03:28.425+0000] {dag.py:3954} INFO - Setting next_dagrun for consume_1_and_2_with_dataset_expressions to None, run_after=None
[2026-02-11T00:03:28.427+0000] {logging_mixin.py:188} INFO - [2026-02-11T00:03:28.426+0000] {dag.py:3954} INFO - Setting next_dagrun for consume_1_or_2_with_dataset_expressions to None, run_after=None
[2026-02-11T00:03:28.428+0000] {logging_mixin.py:188} INFO - [2026-02-11T00:03:28.428+0000] {dag.py:3954} INFO - Setting next_dagrun for consume_1_or_both_2_and_3_with_dataset_expressions to None, run_after=None
[2026-02-11T00:03:28.430+0000] {logging_mixin.py:188} INFO - [2026-02-11T00:03:28.429+0000] {dag.py:3954} INFO - Setting next_dagrun for dataset_consumes_1 to None, run_after=None
[2026-02-11T00:03:28.431+0000] {logging_mixin.py:188} INFO - [2026-02-11T00:03:28.431+0000] {dag.py:3954} INFO - Setting next_dagrun for dataset_consumes_1_and_2 to None, run_after=None
[2026-02-11T00:03:28.432+0000] {logging_mixin.py:188} INFO - [2026-02-11T00:03:28.432+0000] {dag.py:3954} INFO - Setting next_dagrun for dataset_consumes_1_never_scheduled to None, run_after=None
[2026-02-11T00:03:28.433+0000] {logging_mixin.py:188} INFO - [2026-02-11T00:03:28.433+0000] {dag.py:3954} INFO - Setting next_dagrun for dataset_consumes_unknown_never_scheduled to None, run_after=None
[2026-02-11T00:03:28.435+0000] {logging_mixin.py:188} INFO - [2026-02-11T00:03:28.435+0000] {dag.py:3954} INFO - Setting next_dagrun for dataset_produces_1 to 2026-02-10 00:00:00+00:00, run_after=2026-02-11 00:00:00+00:00
[2026-02-11T00:03:28.436+0000] {logging_mixin.py:188} INFO - [2026-02-11T00:03:28.436+0000] {dag.py:3954} INFO - Setting next_dagrun for dataset_produces_2 to None, run_after=None
[2026-02-11T00:03:28.468+0000] {processor.py:183} INFO - Processing /home/airflow/.local/lib/python3.12/site-packages/airflow/example_dags/example_datasets.py took 0.146 seconds
[2026-02-11T00:03:58.651+0000] {processor.py:161} INFO - Started process (PID=6739) to work on /home/airflow/.local/lib/python3.12/site-packages/airflow/example_dags/example_datasets.py
[2026-02-11T00:03:58.652+0000] {processor.py:830} INFO - Processing file /home/airflow/.local/lib/python3.12/site-packages/airflow/example_dags/example_datasets.py for tasks to queue
[2026-02-11T00:03:58.655+0000] {logging_mixin.py:188} INFO - [2026-02-11T00:03:58.654+0000] {dagbag.py:540} INFO - Filling up the DagBag from /home/airflow/.local/lib/python3.12/site-packages/airflow/example_dags/example_datasets.py
[2026-02-11T00:03:58.671+0000] {processor.py:840} INFO - DAG(s) 'consume_1_and_2_with_dataset_expressions', 'consume_1_or_both_2_and_3_with_dataset_expressions', 'dataset_consumes_1_never_scheduled', 'dataset_consumes_1_and_2', 'dataset_consumes_1', 'dataset_produces_2', 'consume_1_or_2_with_dataset_expressions', 'dataset_produces_1', 'dataset_consumes_unknown_never_scheduled', 'conditional_dataset_and_time_based_timetable' retrieved from /home/airflow/.local/lib/python3.12/site-packages/airflow/example_dags/example_datasets.py
[2026-02-11T00:03:58.726+0000] {logging_mixin.py:188} INFO - [2026-02-11T00:03:58.726+0000] {dag.py:3096} INFO - Sync 10 DAGs
[2026-02-11T00:03:58.753+0000] {logging_mixin.py:188} INFO - [2026-02-11T00:03:58.752+0000] {dag.py:3954} INFO - Setting next_dagrun for conditional_dataset_and_time_based_timetable to 2026-02-04 01:00:00+00:00, run_after=2026-02-04 01:00:00+00:00
[2026-02-11T00:03:58.757+0000] {logging_mixin.py:188} INFO - [2026-02-11T00:03:58.756+0000] {dag.py:3954} INFO - Setting next_dagrun for consume_1_and_2_with_dataset_expressions to None, run_after=None
[2026-02-11T00:03:58.758+0000] {logging_mixin.py:188} INFO - [2026-02-11T00:03:58.758+0000] {dag.py:3954} INFO - Setting next_dagrun for consume_1_or_2_with_dataset_expressions to None, run_after=None
[2026-02-11T00:03:58.760+0000] {logging_mixin.py:188} INFO - [2026-02-11T00:03:58.760+0000] {dag.py:3954} INFO - Setting next_dagrun for consume_1_or_both_2_and_3_with_dataset_expressions to None, run_after=None
[2026-02-11T00:03:58.761+0000] {logging_mixin.py:188} INFO - [2026-02-11T00:03:58.761+0000] {dag.py:3954} INFO - Setting next_dagrun for dataset_consumes_1 to None, run_after=None
[2026-02-11T00:03:58.763+0000] {logging_mixin.py:188} INFO - [2026-02-11T00:03:58.763+0000] {dag.py:3954} INFO - Setting next_dagrun for dataset_consumes_1_and_2 to None, run_after=None
[2026-02-11T00:03:58.764+0000] {logging_mixin.py:188} INFO - [2026-02-11T00:03:58.764+0000] {dag.py:3954} INFO - Setting next_dagrun for dataset_consumes_1_never_scheduled to None, run_after=None
[2026-02-11T00:03:58.766+0000] {logging_mixin.py:188} INFO - [2026-02-11T00:03:58.765+0000] {dag.py:3954} INFO - Setting next_dagrun for dataset_consumes_unknown_never_scheduled to None, run_after=None
[2026-02-11T00:03:58.767+0000] {logging_mixin.py:188} INFO - [2026-02-11T00:03:58.767+0000] {dag.py:3954} INFO - Setting next_dagrun for dataset_produces_1 to 2026-02-10 00:00:00+00:00, run_after=2026-02-11 00:00:00+00:00
[2026-02-11T00:03:58.769+0000] {logging_mixin.py:188} INFO - [2026-02-11T00:03:58.769+0000] {dag.py:3954} INFO - Setting next_dagrun for dataset_produces_2 to None, run_after=None
[2026-02-11T00:03:58.803+0000] {processor.py:183} INFO - Processing /home/airflow/.local/lib/python3.12/site-packages/airflow/example_dags/example_datasets.py took 0.159 seconds
[2026-02-11T00:04:28.931+0000] {processor.py:161} INFO - Started process (PID=6793) to work on /home/airflow/.local/lib/python3.12/site-packages/airflow/example_dags/example_datasets.py
[2026-02-11T00:04:28.932+0000] {processor.py:830} INFO - Processing file /home/airflow/.local/lib/python3.12/site-packages/airflow/example_dags/example_datasets.py for tasks to queue
[2026-02-11T00:04:28.934+0000] {logging_mixin.py:188} INFO - [2026-02-11T00:04:28.934+0000] {dagbag.py:540} INFO - Filling up the DagBag from /home/airflow/.local/lib/python3.12/site-packages/airflow/example_dags/example_datasets.py
[2026-02-11T00:04:28.947+0000] {processor.py:840} INFO - DAG(s) 'dataset_consumes_unknown_never_scheduled', 'dataset_consumes_1', 'conditional_dataset_and_time_based_timetable', 'dataset_consumes_1_never_scheduled', 'dataset_consumes_1_and_2', 'consume_1_or_both_2_and_3_with_dataset_expressions', 'consume_1_or_2_with_dataset_expressions', 'dataset_produces_2', 'dataset_produces_1', 'consume_1_and_2_with_dataset_expressions' retrieved from /home/airflow/.local/lib/python3.12/site-packages/airflow/example_dags/example_datasets.py
[2026-02-11T00:04:28.999+0000] {logging_mixin.py:188} INFO - [2026-02-11T00:04:28.998+0000] {dag.py:3096} INFO - Sync 10 DAGs
[2026-02-11T00:04:29.025+0000] {logging_mixin.py:188} INFO - [2026-02-11T00:04:29.024+0000] {dag.py:3954} INFO - Setting next_dagrun for conditional_dataset_and_time_based_timetable to 2026-02-04 01:00:00+00:00, run_after=2026-02-04 01:00:00+00:00
[2026-02-11T00:04:29.029+0000] {logging_mixin.py:188} INFO - [2026-02-11T00:04:29.029+0000] {dag.py:3954} INFO - Setting next_dagrun for consume_1_and_2_with_dataset_expressions to None, run_after=None
[2026-02-11T00:04:29.031+0000] {logging_mixin.py:188} INFO - [2026-02-11T00:04:29.031+0000] {dag.py:3954} INFO - Setting next_dagrun for consume_1_or_2_with_dataset_expressions to None, run_after=None
[2026-02-11T00:04:29.035+0000] {logging_mixin.py:188} INFO - [2026-02-11T00:04:29.034+0000] {dag.py:3954} INFO - Setting next_dagrun for consume_1_or_both_2_and_3_with_dataset_expressions to None, run_after=None
[2026-02-11T00:04:29.036+0000] {logging_mixin.py:188} INFO - [2026-02-11T00:04:29.036+0000] {dag.py:3954} INFO - Setting next_dagrun for dataset_consumes_1 to None, run_after=None
[2026-02-11T00:04:29.038+0000] {logging_mixin.py:188} INFO - [2026-02-11T00:04:29.038+0000] {dag.py:3954} INFO - Setting next_dagrun for dataset_consumes_1_and_2 to None, run_after=None
[2026-02-11T00:04:29.040+0000] {logging_mixin.py:188} INFO - [2026-02-11T00:04:29.039+0000] {dag.py:3954} INFO - Setting next_dagrun for dataset_consumes_1_never_scheduled to None, run_after=None
[2026-02-11T00:04:29.041+0000] {logging_mixin.py:188} INFO - [2026-02-11T00:04:29.041+0000] {dag.py:3954} INFO - Setting next_dagrun for dataset_consumes_unknown_never_scheduled to None, run_after=None
[2026-02-11T00:04:29.044+0000] {logging_mixin.py:188} INFO - [2026-02-11T00:04:29.044+0000] {dag.py:3954} INFO - Setting next_dagrun for dataset_produces_1 to 2026-02-10 00:00:00+00:00, run_after=2026-02-11 00:00:00+00:00
[2026-02-11T00:04:29.046+0000] {logging_mixin.py:188} INFO - [2026-02-11T00:04:29.046+0000] {dag.py:3954} INFO - Setting next_dagrun for dataset_produces_2 to None, run_after=None
[2026-02-11T00:04:29.083+0000] {processor.py:183} INFO - Processing /home/airflow/.local/lib/python3.12/site-packages/airflow/example_dags/example_datasets.py took 0.158 seconds
[2026-02-11T00:04:59.150+0000] {processor.py:161} INFO - Started process (PID=6847) to work on /home/airflow/.local/lib/python3.12/site-packages/airflow/example_dags/example_datasets.py
[2026-02-11T00:04:59.151+0000] {processor.py:830} INFO - Processing file /home/airflow/.local/lib/python3.12/site-packages/airflow/example_dags/example_datasets.py for tasks to queue
[2026-02-11T00:04:59.156+0000] {logging_mixin.py:188} INFO - [2026-02-11T00:04:59.155+0000] {dagbag.py:540} INFO - Filling up the DagBag from /home/airflow/.local/lib/python3.12/site-packages/airflow/example_dags/example_datasets.py
[2026-02-11T00:04:59.170+0000] {processor.py:840} INFO - DAG(s) 'conditional_dataset_and_time_based_timetable', 'consume_1_or_2_with_dataset_expressions', 'dataset_consumes_unknown_never_scheduled', 'consume_1_or_both_2_and_3_with_dataset_expressions', 'dataset_consumes_1_never_scheduled', 'dataset_produces_1', 'dataset_consumes_1_and_2', 'dataset_consumes_1', 'dataset_produces_2', 'consume_1_and_2_with_dataset_expressions' retrieved from /home/airflow/.local/lib/python3.12/site-packages/airflow/example_dags/example_datasets.py
[2026-02-11T00:04:59.216+0000] {logging_mixin.py:188} INFO - [2026-02-11T00:04:59.215+0000] {dag.py:3096} INFO - Sync 10 DAGs
[2026-02-11T00:04:59.242+0000] {logging_mixin.py:188} INFO - [2026-02-11T00:04:59.241+0000] {dag.py:3954} INFO - Setting next_dagrun for conditional_dataset_and_time_based_timetable to 2026-02-04 01:00:00+00:00, run_after=2026-02-04 01:00:00+00:00
[2026-02-11T00:04:59.246+0000] {logging_mixin.py:188} INFO - [2026-02-11T00:04:59.246+0000] {dag.py:3954} INFO - Setting next_dagrun for consume_1_and_2_with_dataset_expressions to None, run_after=None
[2026-02-11T00:04:59.248+0000] {logging_mixin.py:188} INFO - [2026-02-11T00:04:59.248+0000] {dag.py:3954} INFO - Setting next_dagrun for consume_1_or_2_with_dataset_expressions to None, run_after=None
[2026-02-11T00:04:59.250+0000] {logging_mixin.py:188} INFO - [2026-02-11T00:04:59.249+0000] {dag.py:3954} INFO - Setting next_dagrun for consume_1_or_both_2_and_3_with_dataset_expressions to None, run_after=None
[2026-02-11T00:04:59.251+0000] {logging_mixin.py:188} INFO - [2026-02-11T00:04:59.251+0000] {dag.py:3954} INFO - Setting next_dagrun for dataset_consumes_1 to None, run_after=None
[2026-02-11T00:04:59.252+0000] {logging_mixin.py:188} INFO - [2026-02-11T00:04:59.252+0000] {dag.py:3954} INFO - Setting next_dagrun for dataset_consumes_1_and_2 to None, run_after=None
[2026-02-11T00:04:59.254+0000] {logging_mixin.py:188} INFO - [2026-02-11T00:04:59.254+0000] {dag.py:3954} INFO - Setting next_dagrun for dataset_consumes_1_never_scheduled to None, run_after=None
[2026-02-11T00:04:59.255+0000] {logging_mixin.py:188} INFO - [2026-02-11T00:04:59.255+0000] {dag.py:3954} INFO - Setting next_dagrun for dataset_consumes_unknown_never_scheduled to None, run_after=None
[2026-02-11T00:04:59.258+0000] {logging_mixin.py:188} INFO - [2026-02-11T00:04:59.257+0000] {dag.py:3954} INFO - Setting next_dagrun for dataset_produces_1 to 2026-02-10 00:00:00+00:00, run_after=2026-02-11 00:00:00+00:00
[2026-02-11T00:04:59.259+0000] {logging_mixin.py:188} INFO - [2026-02-11T00:04:59.259+0000] {dag.py:3954} INFO - Setting next_dagrun for dataset_produces_2 to None, run_after=None
[2026-02-11T00:04:59.292+0000] {processor.py:183} INFO - Processing /home/airflow/.local/lib/python3.12/site-packages/airflow/example_dags/example_datasets.py took 0.149 seconds
[2026-02-11T00:05:29.382+0000] {processor.py:161} INFO - Started process (PID=6901) to work on /home/airflow/.local/lib/python3.12/site-packages/airflow/example_dags/example_datasets.py
[2026-02-11T00:05:29.383+0000] {processor.py:830} INFO - Processing file /home/airflow/.local/lib/python3.12/site-packages/airflow/example_dags/example_datasets.py for tasks to queue
[2026-02-11T00:05:29.385+0000] {logging_mixin.py:188} INFO - [2026-02-11T00:05:29.385+0000] {dagbag.py:540} INFO - Filling up the DagBag from /home/airflow/.local/lib/python3.12/site-packages/airflow/example_dags/example_datasets.py
[2026-02-11T00:05:29.400+0000] {processor.py:840} INFO - DAG(s) 'consume_1_or_2_with_dataset_expressions', 'dataset_produces_1', 'dataset_consumes_unknown_never_scheduled', 'consume_1_or_both_2_and_3_with_dataset_expressions', 'conditional_dataset_and_time_based_timetable', 'dataset_consumes_1_never_scheduled', 'consume_1_and_2_with_dataset_expressions', 'dataset_consumes_1_and_2', 'dataset_produces_2', 'dataset_consumes_1' retrieved from /home/airflow/.local/lib/python3.12/site-packages/airflow/example_dags/example_datasets.py
[2026-02-11T00:05:29.444+0000] {logging_mixin.py:188} INFO - [2026-02-11T00:05:29.443+0000] {dag.py:3096} INFO - Sync 10 DAGs
[2026-02-11T00:05:29.469+0000] {logging_mixin.py:188} INFO - [2026-02-11T00:05:29.468+0000] {dag.py:3954} INFO - Setting next_dagrun for conditional_dataset_and_time_based_timetable to 2026-02-04 01:00:00+00:00, run_after=2026-02-04 01:00:00+00:00
[2026-02-11T00:05:29.473+0000] {logging_mixin.py:188} INFO - [2026-02-11T00:05:29.473+0000] {dag.py:3954} INFO - Setting next_dagrun for consume_1_and_2_with_dataset_expressions to None, run_after=None
[2026-02-11T00:05:29.476+0000] {logging_mixin.py:188} INFO - [2026-02-11T00:05:29.475+0000] {dag.py:3954} INFO - Setting next_dagrun for consume_1_or_2_with_dataset_expressions to None, run_after=None
[2026-02-11T00:05:29.477+0000] {logging_mixin.py:188} INFO - [2026-02-11T00:05:29.477+0000] {dag.py:3954} INFO - Setting next_dagrun for consume_1_or_both_2_and_3_with_dataset_expressions to None, run_after=None
[2026-02-11T00:05:29.479+0000] {logging_mixin.py:188} INFO - [2026-02-11T00:05:29.479+0000] {dag.py:3954} INFO - Setting next_dagrun for dataset_consumes_1 to None, run_after=None
[2026-02-11T00:05:29.480+0000] {logging_mixin.py:188} INFO - [2026-02-11T00:05:29.480+0000] {dag.py:3954} INFO - Setting next_dagrun for dataset_consumes_1_and_2 to None, run_after=None
[2026-02-11T00:05:29.482+0000] {logging_mixin.py:188} INFO - [2026-02-11T00:05:29.481+0000] {dag.py:3954} INFO - Setting next_dagrun for dataset_consumes_1_never_scheduled to None, run_after=None
[2026-02-11T00:05:29.483+0000] {logging_mixin.py:188} INFO - [2026-02-11T00:05:29.483+0000] {dag.py:3954} INFO - Setting next_dagrun for dataset_consumes_unknown_never_scheduled to None, run_after=None
[2026-02-11T00:05:29.485+0000] {logging_mixin.py:188} INFO - [2026-02-11T00:05:29.485+0000] {dag.py:3954} INFO - Setting next_dagrun for dataset_produces_1 to 2026-02-10 00:00:00+00:00, run_after=2026-02-11 00:00:00+00:00
[2026-02-11T00:05:29.487+0000] {logging_mixin.py:188} INFO - [2026-02-11T00:05:29.487+0000] {dag.py:3954} INFO - Setting next_dagrun for dataset_produces_2 to None, run_after=None
[2026-02-11T00:05:29.522+0000] {processor.py:183} INFO - Processing /home/airflow/.local/lib/python3.12/site-packages/airflow/example_dags/example_datasets.py took 0.145 seconds
[2026-02-11T00:05:59.738+0000] {processor.py:161} INFO - Started process (PID=6955) to work on /home/airflow/.local/lib/python3.12/site-packages/airflow/example_dags/example_datasets.py
[2026-02-11T00:05:59.739+0000] {processor.py:830} INFO - Processing file /home/airflow/.local/lib/python3.12/site-packages/airflow/example_dags/example_datasets.py for tasks to queue
[2026-02-11T00:05:59.741+0000] {logging_mixin.py:188} INFO - [2026-02-11T00:05:59.740+0000] {dagbag.py:540} INFO - Filling up the DagBag from /home/airflow/.local/lib/python3.12/site-packages/airflow/example_dags/example_datasets.py
[2026-02-11T00:05:59.756+0000] {processor.py:840} INFO - DAG(s) 'dataset_consumes_1_never_scheduled', 'dataset_produces_2', 'consume_1_and_2_with_dataset_expressions', 'consume_1_or_2_with_dataset_expressions', 'consume_1_or_both_2_and_3_with_dataset_expressions', 'dataset_consumes_1_and_2', 'conditional_dataset_and_time_based_timetable', 'dataset_consumes_1', 'dataset_consumes_unknown_never_scheduled', 'dataset_produces_1' retrieved from /home/airflow/.local/lib/python3.12/site-packages/airflow/example_dags/example_datasets.py
[2026-02-11T00:05:59.805+0000] {logging_mixin.py:188} INFO - [2026-02-11T00:05:59.805+0000] {dag.py:3096} INFO - Sync 10 DAGs
[2026-02-11T00:05:59.830+0000] {logging_mixin.py:188} INFO - [2026-02-11T00:05:59.830+0000] {dag.py:3954} INFO - Setting next_dagrun for conditional_dataset_and_time_based_timetable to 2026-02-04 01:00:00+00:00, run_after=2026-02-04 01:00:00+00:00
[2026-02-11T00:05:59.835+0000] {logging_mixin.py:188} INFO - [2026-02-11T00:05:59.835+0000] {dag.py:3954} INFO - Setting next_dagrun for consume_1_and_2_with_dataset_expressions to None, run_after=None
[2026-02-11T00:05:59.837+0000] {logging_mixin.py:188} INFO - [2026-02-11T00:05:59.837+0000] {dag.py:3954} INFO - Setting next_dagrun for consume_1_or_2_with_dataset_expressions to None, run_after=None
[2026-02-11T00:05:59.840+0000] {logging_mixin.py:188} INFO - [2026-02-11T00:05:59.839+0000] {dag.py:3954} INFO - Setting next_dagrun for consume_1_or_both_2_and_3_with_dataset_expressions to None, run_after=None
[2026-02-11T00:05:59.842+0000] {logging_mixin.py:188} INFO - [2026-02-11T00:05:59.842+0000] {dag.py:3954} INFO - Setting next_dagrun for dataset_consumes_1 to None, run_after=None
[2026-02-11T00:05:59.844+0000] {logging_mixin.py:188} INFO - [2026-02-11T00:05:59.844+0000] {dag.py:3954} INFO - Setting next_dagrun for dataset_consumes_1_and_2 to None, run_after=None
[2026-02-11T00:05:59.846+0000] {logging_mixin.py:188} INFO - [2026-02-11T00:05:59.846+0000] {dag.py:3954} INFO - Setting next_dagrun for dataset_consumes_1_never_scheduled to None, run_after=None
[2026-02-11T00:05:59.848+0000] {logging_mixin.py:188} INFO - [2026-02-11T00:05:59.847+0000] {dag.py:3954} INFO - Setting next_dagrun for dataset_consumes_unknown_never_scheduled to None, run_after=None
[2026-02-11T00:05:59.850+0000] {logging_mixin.py:188} INFO - [2026-02-11T00:05:59.850+0000] {dag.py:3954} INFO - Setting next_dagrun for dataset_produces_1 to 2026-02-10 00:00:00+00:00, run_after=2026-02-11 00:00:00+00:00
[2026-02-11T00:05:59.851+0000] {logging_mixin.py:188} INFO - [2026-02-11T00:05:59.851+0000] {dag.py:3954} INFO - Setting next_dagrun for dataset_produces_2 to None, run_after=None
[2026-02-11T00:05:59.885+0000] {processor.py:183} INFO - Processing /home/airflow/.local/lib/python3.12/site-packages/airflow/example_dags/example_datasets.py took 0.153 seconds
[2026-02-11T00:06:29.965+0000] {processor.py:161} INFO - Started process (PID=7009) to work on /home/airflow/.local/lib/python3.12/site-packages/airflow/example_dags/example_datasets.py
[2026-02-11T00:06:29.966+0000] {processor.py:830} INFO - Processing file /home/airflow/.local/lib/python3.12/site-packages/airflow/example_dags/example_datasets.py for tasks to queue
[2026-02-11T00:06:29.968+0000] {logging_mixin.py:188} INFO - [2026-02-11T00:06:29.968+0000] {dagbag.py:540} INFO - Filling up the DagBag from /home/airflow/.local/lib/python3.12/site-packages/airflow/example_dags/example_datasets.py
[2026-02-11T00:06:29.982+0000] {processor.py:840} INFO - DAG(s) 'conditional_dataset_and_time_based_timetable', 'dataset_consumes_1', 'consume_1_or_2_with_dataset_expressions', 'consume_1_or_both_2_and_3_with_dataset_expressions', 'dataset_produces_2', 'consume_1_and_2_with_dataset_expressions', 'dataset_consumes_unknown_never_scheduled', 'dataset_produces_1', 'dataset_consumes_1_and_2', 'dataset_consumes_1_never_scheduled' retrieved from /home/airflow/.local/lib/python3.12/site-packages/airflow/example_dags/example_datasets.py
[2026-02-11T00:06:30.029+0000] {logging_mixin.py:188} INFO - [2026-02-11T00:06:30.028+0000] {dag.py:3096} INFO - Sync 10 DAGs
[2026-02-11T00:06:30.052+0000] {logging_mixin.py:188} INFO - [2026-02-11T00:06:30.052+0000] {dag.py:3954} INFO - Setting next_dagrun for conditional_dataset_and_time_based_timetable to 2026-02-04 01:00:00+00:00, run_after=2026-02-04 01:00:00+00:00
[2026-02-11T00:06:30.056+0000] {logging_mixin.py:188} INFO - [2026-02-11T00:06:30.056+0000] {dag.py:3954} INFO - Setting next_dagrun for consume_1_and_2_with_dataset_expressions to None, run_after=None
[2026-02-11T00:06:30.058+0000] {logging_mixin.py:188} INFO - [2026-02-11T00:06:30.058+0000] {dag.py:3954} INFO - Setting next_dagrun for consume_1_or_2_with_dataset_expressions to None, run_after=None
[2026-02-11T00:06:30.060+0000] {logging_mixin.py:188} INFO - [2026-02-11T00:06:30.060+0000] {dag.py:3954} INFO - Setting next_dagrun for consume_1_or_both_2_and_3_with_dataset_expressions to None, run_after=None
[2026-02-11T00:06:30.061+0000] {logging_mixin.py:188} INFO - [2026-02-11T00:06:30.061+0000] {dag.py:3954} INFO - Setting next_dagrun for dataset_consumes_1 to None, run_after=None
[2026-02-11T00:06:30.063+0000] {logging_mixin.py:188} INFO - [2026-02-11T00:06:30.063+0000] {dag.py:3954} INFO - Setting next_dagrun for dataset_consumes_1_and_2 to None, run_after=None
[2026-02-11T00:06:30.064+0000] {logging_mixin.py:188} INFO - [2026-02-11T00:06:30.064+0000] {dag.py:3954} INFO - Setting next_dagrun for dataset_consumes_1_never_scheduled to None, run_after=None
[2026-02-11T00:06:30.066+0000] {logging_mixin.py:188} INFO - [2026-02-11T00:06:30.066+0000] {dag.py:3954} INFO - Setting next_dagrun for dataset_consumes_unknown_never_scheduled to None, run_after=None
[2026-02-11T00:06:30.068+0000] {logging_mixin.py:188} INFO - [2026-02-11T00:06:30.068+0000] {dag.py:3954} INFO - Setting next_dagrun for dataset_produces_1 to 2026-02-10 00:00:00+00:00, run_after=2026-02-11 00:00:00+00:00
[2026-02-11T00:06:30.070+0000] {logging_mixin.py:188} INFO - [2026-02-11T00:06:30.070+0000] {dag.py:3954} INFO - Setting next_dagrun for dataset_produces_2 to None, run_after=None
[2026-02-11T00:06:30.104+0000] {processor.py:183} INFO - Processing /home/airflow/.local/lib/python3.12/site-packages/airflow/example_dags/example_datasets.py took 0.145 seconds
[2026-02-11T00:07:00.317+0000] {processor.py:161} INFO - Started process (PID=7063) to work on /home/airflow/.local/lib/python3.12/site-packages/airflow/example_dags/example_datasets.py
[2026-02-11T00:07:00.318+0000] {processor.py:830} INFO - Processing file /home/airflow/.local/lib/python3.12/site-packages/airflow/example_dags/example_datasets.py for tasks to queue
[2026-02-11T00:07:00.320+0000] {logging_mixin.py:188} INFO - [2026-02-11T00:07:00.319+0000] {dagbag.py:540} INFO - Filling up the DagBag from /home/airflow/.local/lib/python3.12/site-packages/airflow/example_dags/example_datasets.py
[2026-02-11T00:07:00.333+0000] {processor.py:840} INFO - DAG(s) 'dataset_consumes_1_never_scheduled', 'dataset_produces_1', 'dataset_consumes_unknown_never_scheduled', 'consume_1_or_2_with_dataset_expressions', 'consume_1_or_both_2_and_3_with_dataset_expressions', 'conditional_dataset_and_time_based_timetable', 'dataset_produces_2', 'dataset_consumes_1_and_2', 'consume_1_and_2_with_dataset_expressions', 'dataset_consumes_1' retrieved from /home/airflow/.local/lib/python3.12/site-packages/airflow/example_dags/example_datasets.py
[2026-02-11T00:07:00.385+0000] {logging_mixin.py:188} INFO - [2026-02-11T00:07:00.385+0000] {dag.py:3096} INFO - Sync 10 DAGs
[2026-02-11T00:07:00.417+0000] {logging_mixin.py:188} INFO - [2026-02-11T00:07:00.417+0000] {dag.py:3954} INFO - Setting next_dagrun for conditional_dataset_and_time_based_timetable to 2026-02-04 01:00:00+00:00, run_after=2026-02-04 01:00:00+00:00
[2026-02-11T00:07:00.421+0000] {logging_mixin.py:188} INFO - [2026-02-11T00:07:00.421+0000] {dag.py:3954} INFO - Setting next_dagrun for consume_1_and_2_with_dataset_expressions to None, run_after=None
[2026-02-11T00:07:00.424+0000] {logging_mixin.py:188} INFO - [2026-02-11T00:07:00.424+0000] {dag.py:3954} INFO - Setting next_dagrun for consume_1_or_2_with_dataset_expressions to None, run_after=None
[2026-02-11T00:07:00.427+0000] {logging_mixin.py:188} INFO - [2026-02-11T00:07:00.426+0000] {dag.py:3954} INFO - Setting next_dagrun for consume_1_or_both_2_and_3_with_dataset_expressions to None, run_after=None
[2026-02-11T00:07:00.429+0000] {logging_mixin.py:188} INFO - [2026-02-11T00:07:00.428+0000] {dag.py:3954} INFO - Setting next_dagrun for dataset_consumes_1 to None, run_after=None
[2026-02-11T00:07:00.431+0000] {logging_mixin.py:188} INFO - [2026-02-11T00:07:00.430+0000] {dag.py:3954} INFO - Setting next_dagrun for dataset_consumes_1_and_2 to None, run_after=None
[2026-02-11T00:07:00.432+0000] {logging_mixin.py:188} INFO - [2026-02-11T00:07:00.432+0000] {dag.py:3954} INFO - Setting next_dagrun for dataset_consumes_1_never_scheduled to None, run_after=None
[2026-02-11T00:07:00.434+0000] {logging_mixin.py:188} INFO - [2026-02-11T00:07:00.434+0000] {dag.py:3954} INFO - Setting next_dagrun for dataset_consumes_unknown_never_scheduled to None, run_after=None
[2026-02-11T00:07:00.437+0000] {logging_mixin.py:188} INFO - [2026-02-11T00:07:00.437+0000] {dag.py:3954} INFO - Setting next_dagrun for dataset_produces_1 to 2026-02-10 00:00:00+00:00, run_after=2026-02-11 00:00:00+00:00
[2026-02-11T00:07:00.440+0000] {logging_mixin.py:188} INFO - [2026-02-11T00:07:00.440+0000] {dag.py:3954} INFO - Setting next_dagrun for dataset_produces_2 to None, run_after=None
[2026-02-11T00:07:00.477+0000] {processor.py:183} INFO - Processing /home/airflow/.local/lib/python3.12/site-packages/airflow/example_dags/example_datasets.py took 0.169 seconds
[2026-02-11T00:07:30.638+0000] {processor.py:161} INFO - Started process (PID=7117) to work on /home/airflow/.local/lib/python3.12/site-packages/airflow/example_dags/example_datasets.py
[2026-02-11T00:07:30.640+0000] {processor.py:830} INFO - Processing file /home/airflow/.local/lib/python3.12/site-packages/airflow/example_dags/example_datasets.py for tasks to queue
[2026-02-11T00:07:30.643+0000] {logging_mixin.py:188} INFO - [2026-02-11T00:07:30.642+0000] {dagbag.py:540} INFO - Filling up the DagBag from /home/airflow/.local/lib/python3.12/site-packages/airflow/example_dags/example_datasets.py
[2026-02-11T00:07:30.665+0000] {processor.py:840} INFO - DAG(s) 'consume_1_or_2_with_dataset_expressions', 'dataset_produces_1', 'consume_1_and_2_with_dataset_expressions', 'dataset_consumes_1', 'dataset_consumes_1_never_scheduled', 'consume_1_or_both_2_and_3_with_dataset_expressions', 'dataset_consumes_unknown_never_scheduled', 'conditional_dataset_and_time_based_timetable', 'dataset_consumes_1_and_2', 'dataset_produces_2' retrieved from /home/airflow/.local/lib/python3.12/site-packages/airflow/example_dags/example_datasets.py
[2026-02-11T00:07:30.762+0000] {logging_mixin.py:188} INFO - [2026-02-11T00:07:30.762+0000] {dag.py:3096} INFO - Sync 10 DAGs
[2026-02-11T00:07:30.811+0000] {logging_mixin.py:188} INFO - [2026-02-11T00:07:30.811+0000] {dag.py:3954} INFO - Setting next_dagrun for conditional_dataset_and_time_based_timetable to 2026-02-04 01:00:00+00:00, run_after=2026-02-04 01:00:00+00:00
[2026-02-11T00:07:30.817+0000] {logging_mixin.py:188} INFO - [2026-02-11T00:07:30.817+0000] {dag.py:3954} INFO - Setting next_dagrun for consume_1_and_2_with_dataset_expressions to None, run_after=None
[2026-02-11T00:07:30.819+0000] {logging_mixin.py:188} INFO - [2026-02-11T00:07:30.819+0000] {dag.py:3954} INFO - Setting next_dagrun for consume_1_or_2_with_dataset_expressions to None, run_after=None
[2026-02-11T00:07:30.824+0000] {logging_mixin.py:188} INFO - [2026-02-11T00:07:30.823+0000] {dag.py:3954} INFO - Setting next_dagrun for consume_1_or_both_2_and_3_with_dataset_expressions to None, run_after=None
[2026-02-11T00:07:30.826+0000] {logging_mixin.py:188} INFO - [2026-02-11T00:07:30.826+0000] {dag.py:3954} INFO - Setting next_dagrun for dataset_consumes_1 to None, run_after=None
[2026-02-11T00:07:30.829+0000] {logging_mixin.py:188} INFO - [2026-02-11T00:07:30.828+0000] {dag.py:3954} INFO - Setting next_dagrun for dataset_consumes_1_and_2 to None, run_after=None
[2026-02-11T00:07:30.831+0000] {logging_mixin.py:188} INFO - [2026-02-11T00:07:30.831+0000] {dag.py:3954} INFO - Setting next_dagrun for dataset_consumes_1_never_scheduled to None, run_after=None
[2026-02-11T00:07:30.833+0000] {logging_mixin.py:188} INFO - [2026-02-11T00:07:30.832+0000] {dag.py:3954} INFO - Setting next_dagrun for dataset_consumes_unknown_never_scheduled to None, run_after=None
[2026-02-11T00:07:30.838+0000] {logging_mixin.py:188} INFO - [2026-02-11T00:07:30.837+0000] {dag.py:3954} INFO - Setting next_dagrun for dataset_produces_1 to 2026-02-10 00:00:00+00:00, run_after=2026-02-11 00:00:00+00:00
[2026-02-11T00:07:30.840+0000] {logging_mixin.py:188} INFO - [2026-02-11T00:07:30.840+0000] {dag.py:3954} INFO - Setting next_dagrun for dataset_produces_2 to None, run_after=None
[2026-02-11T00:07:30.893+0000] {processor.py:183} INFO - Processing /home/airflow/.local/lib/python3.12/site-packages/airflow/example_dags/example_datasets.py took 0.265 seconds
[2026-02-11T00:08:00.988+0000] {processor.py:161} INFO - Started process (PID=7171) to work on /home/airflow/.local/lib/python3.12/site-packages/airflow/example_dags/example_datasets.py
[2026-02-11T00:08:00.988+0000] {processor.py:830} INFO - Processing file /home/airflow/.local/lib/python3.12/site-packages/airflow/example_dags/example_datasets.py for tasks to queue
[2026-02-11T00:08:00.990+0000] {logging_mixin.py:188} INFO - [2026-02-11T00:08:00.990+0000] {dagbag.py:540} INFO - Filling up the DagBag from /home/airflow/.local/lib/python3.12/site-packages/airflow/example_dags/example_datasets.py
[2026-02-11T00:08:01.004+0000] {processor.py:840} INFO - DAG(s) 'dataset_consumes_1_never_scheduled', 'dataset_produces_2', 'consume_1_or_both_2_and_3_with_dataset_expressions', 'consume_1_or_2_with_dataset_expressions', 'dataset_consumes_1', 'consume_1_and_2_with_dataset_expressions', 'dataset_consumes_unknown_never_scheduled', 'dataset_produces_1', 'conditional_dataset_and_time_based_timetable', 'dataset_consumes_1_and_2' retrieved from /home/airflow/.local/lib/python3.12/site-packages/airflow/example_dags/example_datasets.py
[2026-02-11T00:08:01.056+0000] {logging_mixin.py:188} INFO - [2026-02-11T00:08:01.056+0000] {dag.py:3096} INFO - Sync 10 DAGs
[2026-02-11T00:08:01.090+0000] {logging_mixin.py:188} INFO - [2026-02-11T00:08:01.089+0000] {dag.py:3954} INFO - Setting next_dagrun for conditional_dataset_and_time_based_timetable to 2026-02-04 01:00:00+00:00, run_after=2026-02-04 01:00:00+00:00
[2026-02-11T00:08:01.095+0000] {logging_mixin.py:188} INFO - [2026-02-11T00:08:01.095+0000] {dag.py:3954} INFO - Setting next_dagrun for consume_1_and_2_with_dataset_expressions to None, run_after=None
[2026-02-11T00:08:01.097+0000] {logging_mixin.py:188} INFO - [2026-02-11T00:08:01.097+0000] {dag.py:3954} INFO - Setting next_dagrun for consume_1_or_2_with_dataset_expressions to None, run_after=None
[2026-02-11T00:08:01.099+0000] {logging_mixin.py:188} INFO - [2026-02-11T00:08:01.099+0000] {dag.py:3954} INFO - Setting next_dagrun for consume_1_or_both_2_and_3_with_dataset_expressions to None, run_after=None
[2026-02-11T00:08:01.100+0000] {logging_mixin.py:188} INFO - [2026-02-11T00:08:01.100+0000] {dag.py:3954} INFO - Setting next_dagrun for dataset_consumes_1 to None, run_after=None
[2026-02-11T00:08:01.101+0000] {logging_mixin.py:188} INFO - [2026-02-11T00:08:01.101+0000] {dag.py:3954} INFO - Setting next_dagrun for dataset_consumes_1_and_2 to None, run_after=None
[2026-02-11T00:08:01.103+0000] {logging_mixin.py:188} INFO - [2026-02-11T00:08:01.103+0000] {dag.py:3954} INFO - Setting next_dagrun for dataset_consumes_1_never_scheduled to None, run_after=None
[2026-02-11T00:08:01.104+0000] {logging_mixin.py:188} INFO - [2026-02-11T00:08:01.104+0000] {dag.py:3954} INFO - Setting next_dagrun for dataset_consumes_unknown_never_scheduled to None, run_after=None
[2026-02-11T00:08:01.108+0000] {logging_mixin.py:188} INFO - [2026-02-11T00:08:01.108+0000] {dag.py:3954} INFO - Setting next_dagrun for dataset_produces_1 to 2026-02-10 00:00:00+00:00, run_after=2026-02-11 00:00:00+00:00
[2026-02-11T00:08:01.110+0000] {logging_mixin.py:188} INFO - [2026-02-11T00:08:01.110+0000] {dag.py:3954} INFO - Setting next_dagrun for dataset_produces_2 to None, run_after=None
[2026-02-11T00:08:01.147+0000] {processor.py:183} INFO - Processing /home/airflow/.local/lib/python3.12/site-packages/airflow/example_dags/example_datasets.py took 0.164 seconds
[2026-02-11T00:08:31.279+0000] {processor.py:161} INFO - Started process (PID=7225) to work on /home/airflow/.local/lib/python3.12/site-packages/airflow/example_dags/example_datasets.py
[2026-02-11T00:08:31.281+0000] {processor.py:830} INFO - Processing file /home/airflow/.local/lib/python3.12/site-packages/airflow/example_dags/example_datasets.py for tasks to queue
[2026-02-11T00:08:31.283+0000] {logging_mixin.py:188} INFO - [2026-02-11T00:08:31.283+0000] {dagbag.py:540} INFO - Filling up the DagBag from /home/airflow/.local/lib/python3.12/site-packages/airflow/example_dags/example_datasets.py
[2026-02-11T00:08:31.300+0000] {processor.py:840} INFO - DAG(s) 'dataset_consumes_1_and_2', 'conditional_dataset_and_time_based_timetable', 'consume_1_or_both_2_and_3_with_dataset_expressions', 'dataset_consumes_unknown_never_scheduled', 'consume_1_and_2_with_dataset_expressions', 'dataset_produces_2', 'dataset_produces_1', 'dataset_consumes_1', 'consume_1_or_2_with_dataset_expressions', 'dataset_consumes_1_never_scheduled' retrieved from /home/airflow/.local/lib/python3.12/site-packages/airflow/example_dags/example_datasets.py
[2026-02-11T00:08:31.361+0000] {logging_mixin.py:188} INFO - [2026-02-11T00:08:31.360+0000] {dag.py:3096} INFO - Sync 10 DAGs
[2026-02-11T00:08:31.390+0000] {logging_mixin.py:188} INFO - [2026-02-11T00:08:31.390+0000] {dag.py:3954} INFO - Setting next_dagrun for conditional_dataset_and_time_based_timetable to 2026-02-04 01:00:00+00:00, run_after=2026-02-04 01:00:00+00:00
[2026-02-11T00:08:31.397+0000] {logging_mixin.py:188} INFO - [2026-02-11T00:08:31.396+0000] {dag.py:3954} INFO - Setting next_dagrun for consume_1_and_2_with_dataset_expressions to None, run_after=None
[2026-02-11T00:08:31.399+0000] {logging_mixin.py:188} INFO - [2026-02-11T00:08:31.399+0000] {dag.py:3954} INFO - Setting next_dagrun for consume_1_or_2_with_dataset_expressions to None, run_after=None
[2026-02-11T00:08:31.401+0000] {logging_mixin.py:188} INFO - [2026-02-11T00:08:31.401+0000] {dag.py:3954} INFO - Setting next_dagrun for consume_1_or_both_2_and_3_with_dataset_expressions to None, run_after=None
[2026-02-11T00:08:31.403+0000] {logging_mixin.py:188} INFO - [2026-02-11T00:08:31.402+0000] {dag.py:3954} INFO - Setting next_dagrun for dataset_consumes_1 to None, run_after=None
[2026-02-11T00:08:31.404+0000] {logging_mixin.py:188} INFO - [2026-02-11T00:08:31.404+0000] {dag.py:3954} INFO - Setting next_dagrun for dataset_consumes_1_and_2 to None, run_after=None
[2026-02-11T00:08:31.406+0000] {logging_mixin.py:188} INFO - [2026-02-11T00:08:31.406+0000] {dag.py:3954} INFO - Setting next_dagrun for dataset_consumes_1_never_scheduled to None, run_after=None
[2026-02-11T00:08:31.407+0000] {logging_mixin.py:188} INFO - [2026-02-11T00:08:31.407+0000] {dag.py:3954} INFO - Setting next_dagrun for dataset_consumes_unknown_never_scheduled to None, run_after=None
[2026-02-11T00:08:31.410+0000] {logging_mixin.py:188} INFO - [2026-02-11T00:08:31.410+0000] {dag.py:3954} INFO - Setting next_dagrun for dataset_produces_1 to 2026-02-10 00:00:00+00:00, run_after=2026-02-11 00:00:00+00:00
[2026-02-11T00:08:31.414+0000] {logging_mixin.py:188} INFO - [2026-02-11T00:08:31.413+0000] {dag.py:3954} INFO - Setting next_dagrun for dataset_produces_2 to None, run_after=None
[2026-02-11T00:08:31.452+0000] {processor.py:183} INFO - Processing /home/airflow/.local/lib/python3.12/site-packages/airflow/example_dags/example_datasets.py took 0.180 seconds
[2026-02-11T00:09:01.519+0000] {processor.py:161} INFO - Started process (PID=7279) to work on /home/airflow/.local/lib/python3.12/site-packages/airflow/example_dags/example_datasets.py
[2026-02-11T00:09:01.520+0000] {processor.py:830} INFO - Processing file /home/airflow/.local/lib/python3.12/site-packages/airflow/example_dags/example_datasets.py for tasks to queue
[2026-02-11T00:09:01.522+0000] {logging_mixin.py:188} INFO - [2026-02-11T00:09:01.521+0000] {dagbag.py:540} INFO - Filling up the DagBag from /home/airflow/.local/lib/python3.12/site-packages/airflow/example_dags/example_datasets.py
[2026-02-11T00:09:01.536+0000] {processor.py:840} INFO - DAG(s) 'dataset_produces_2', 'dataset_consumes_1', 'consume_1_or_both_2_and_3_with_dataset_expressions', 'conditional_dataset_and_time_based_timetable', 'dataset_consumes_1_never_scheduled', 'dataset_consumes_unknown_never_scheduled', 'dataset_produces_1', 'dataset_consumes_1_and_2', 'consume_1_or_2_with_dataset_expressions', 'consume_1_and_2_with_dataset_expressions' retrieved from /home/airflow/.local/lib/python3.12/site-packages/airflow/example_dags/example_datasets.py
[2026-02-11T00:09:01.580+0000] {logging_mixin.py:188} INFO - [2026-02-11T00:09:01.580+0000] {dag.py:3096} INFO - Sync 10 DAGs
[2026-02-11T00:09:01.609+0000] {logging_mixin.py:188} INFO - [2026-02-11T00:09:01.608+0000] {dag.py:3954} INFO - Setting next_dagrun for conditional_dataset_and_time_based_timetable to 2026-02-04 01:00:00+00:00, run_after=2026-02-04 01:00:00+00:00
[2026-02-11T00:09:01.613+0000] {logging_mixin.py:188} INFO - [2026-02-11T00:09:01.613+0000] {dag.py:3954} INFO - Setting next_dagrun for consume_1_and_2_with_dataset_expressions to None, run_after=None
[2026-02-11T00:09:01.615+0000] {logging_mixin.py:188} INFO - [2026-02-11T00:09:01.615+0000] {dag.py:3954} INFO - Setting next_dagrun for consume_1_or_2_with_dataset_expressions to None, run_after=None
[2026-02-11T00:09:01.617+0000] {logging_mixin.py:188} INFO - [2026-02-11T00:09:01.617+0000] {dag.py:3954} INFO - Setting next_dagrun for consume_1_or_both_2_and_3_with_dataset_expressions to None, run_after=None
[2026-02-11T00:09:01.623+0000] {logging_mixin.py:188} INFO - [2026-02-11T00:09:01.622+0000] {dag.py:3954} INFO - Setting next_dagrun for dataset_consumes_1 to None, run_after=None
[2026-02-11T00:09:01.624+0000] {logging_mixin.py:188} INFO - [2026-02-11T00:09:01.624+0000] {dag.py:3954} INFO - Setting next_dagrun for dataset_consumes_1_and_2 to None, run_after=None
[2026-02-11T00:09:01.626+0000] {logging_mixin.py:188} INFO - [2026-02-11T00:09:01.626+0000] {dag.py:3954} INFO - Setting next_dagrun for dataset_consumes_1_never_scheduled to None, run_after=None
[2026-02-11T00:09:01.628+0000] {logging_mixin.py:188} INFO - [2026-02-11T00:09:01.627+0000] {dag.py:3954} INFO - Setting next_dagrun for dataset_consumes_unknown_never_scheduled to None, run_after=None
[2026-02-11T00:09:01.631+0000] {logging_mixin.py:188} INFO - [2026-02-11T00:09:01.630+0000] {dag.py:3954} INFO - Setting next_dagrun for dataset_produces_1 to 2026-02-10 00:00:00+00:00, run_after=2026-02-11 00:00:00+00:00
[2026-02-11T00:09:01.633+0000] {logging_mixin.py:188} INFO - [2026-02-11T00:09:01.633+0000] {dag.py:3954} INFO - Setting next_dagrun for dataset_produces_2 to None, run_after=None
[2026-02-11T00:09:01.671+0000] {processor.py:183} INFO - Processing /home/airflow/.local/lib/python3.12/site-packages/airflow/example_dags/example_datasets.py took 0.158 seconds
[2026-02-11T00:09:31.749+0000] {processor.py:161} INFO - Started process (PID=7333) to work on /home/airflow/.local/lib/python3.12/site-packages/airflow/example_dags/example_datasets.py
[2026-02-11T00:09:31.751+0000] {processor.py:830} INFO - Processing file /home/airflow/.local/lib/python3.12/site-packages/airflow/example_dags/example_datasets.py for tasks to queue
[2026-02-11T00:09:31.753+0000] {logging_mixin.py:188} INFO - [2026-02-11T00:09:31.753+0000] {dagbag.py:540} INFO - Filling up the DagBag from /home/airflow/.local/lib/python3.12/site-packages/airflow/example_dags/example_datasets.py
[2026-02-11T00:09:31.776+0000] {processor.py:840} INFO - DAG(s) 'consume_1_or_2_with_dataset_expressions', 'dataset_consumes_1_never_scheduled', 'dataset_produces_2', 'dataset_consumes_1_and_2', 'conditional_dataset_and_time_based_timetable', 'dataset_consumes_1', 'dataset_consumes_unknown_never_scheduled', 'consume_1_or_both_2_and_3_with_dataset_expressions', 'dataset_produces_1', 'consume_1_and_2_with_dataset_expressions' retrieved from /home/airflow/.local/lib/python3.12/site-packages/airflow/example_dags/example_datasets.py
[2026-02-11T00:09:31.830+0000] {logging_mixin.py:188} INFO - [2026-02-11T00:09:31.829+0000] {dag.py:3096} INFO - Sync 10 DAGs
[2026-02-11T00:09:31.859+0000] {logging_mixin.py:188} INFO - [2026-02-11T00:09:31.858+0000] {dag.py:3954} INFO - Setting next_dagrun for conditional_dataset_and_time_based_timetable to 2026-02-04 01:00:00+00:00, run_after=2026-02-04 01:00:00+00:00
[2026-02-11T00:09:31.863+0000] {logging_mixin.py:188} INFO - [2026-02-11T00:09:31.862+0000] {dag.py:3954} INFO - Setting next_dagrun for consume_1_and_2_with_dataset_expressions to None, run_after=None
[2026-02-11T00:09:31.864+0000] {logging_mixin.py:188} INFO - [2026-02-11T00:09:31.864+0000] {dag.py:3954} INFO - Setting next_dagrun for consume_1_or_2_with_dataset_expressions to None, run_after=None
[2026-02-11T00:09:31.867+0000] {logging_mixin.py:188} INFO - [2026-02-11T00:09:31.866+0000] {dag.py:3954} INFO - Setting next_dagrun for consume_1_or_both_2_and_3_with_dataset_expressions to None, run_after=None
[2026-02-11T00:09:31.870+0000] {logging_mixin.py:188} INFO - [2026-02-11T00:09:31.870+0000] {dag.py:3954} INFO - Setting next_dagrun for dataset_consumes_1 to None, run_after=None
[2026-02-11T00:09:31.872+0000] {logging_mixin.py:188} INFO - [2026-02-11T00:09:31.872+0000] {dag.py:3954} INFO - Setting next_dagrun for dataset_consumes_1_and_2 to None, run_after=None
[2026-02-11T00:09:31.874+0000] {logging_mixin.py:188} INFO - [2026-02-11T00:09:31.874+0000] {dag.py:3954} INFO - Setting next_dagrun for dataset_consumes_1_never_scheduled to None, run_after=None
[2026-02-11T00:09:31.876+0000] {logging_mixin.py:188} INFO - [2026-02-11T00:09:31.875+0000] {dag.py:3954} INFO - Setting next_dagrun for dataset_consumes_unknown_never_scheduled to None, run_after=None
[2026-02-11T00:09:31.878+0000] {logging_mixin.py:188} INFO - [2026-02-11T00:09:31.878+0000] {dag.py:3954} INFO - Setting next_dagrun for dataset_produces_1 to 2026-02-10 00:00:00+00:00, run_after=2026-02-11 00:00:00+00:00
[2026-02-11T00:09:31.879+0000] {logging_mixin.py:188} INFO - [2026-02-11T00:09:31.879+0000] {dag.py:3954} INFO - Setting next_dagrun for dataset_produces_2 to None, run_after=None
[2026-02-11T00:09:31.910+0000] {processor.py:183} INFO - Processing /home/airflow/.local/lib/python3.12/site-packages/airflow/example_dags/example_datasets.py took 0.169 seconds
[2026-02-11T00:10:02.082+0000] {processor.py:161} INFO - Started process (PID=7387) to work on /home/airflow/.local/lib/python3.12/site-packages/airflow/example_dags/example_datasets.py
[2026-02-11T00:10:02.083+0000] {processor.py:830} INFO - Processing file /home/airflow/.local/lib/python3.12/site-packages/airflow/example_dags/example_datasets.py for tasks to queue
[2026-02-11T00:10:02.086+0000] {logging_mixin.py:188} INFO - [2026-02-11T00:10:02.085+0000] {dagbag.py:540} INFO - Filling up the DagBag from /home/airflow/.local/lib/python3.12/site-packages/airflow/example_dags/example_datasets.py
[2026-02-11T00:10:02.100+0000] {processor.py:840} INFO - DAG(s) 'consume_1_and_2_with_dataset_expressions', 'dataset_consumes_1_and_2', 'dataset_produces_2', 'consume_1_or_2_with_dataset_expressions', 'dataset_consumes_1', 'consume_1_or_both_2_and_3_with_dataset_expressions', 'conditional_dataset_and_time_based_timetable', 'dataset_consumes_unknown_never_scheduled', 'dataset_consumes_1_never_scheduled', 'dataset_produces_1' retrieved from /home/airflow/.local/lib/python3.12/site-packages/airflow/example_dags/example_datasets.py
[2026-02-11T00:10:02.153+0000] {logging_mixin.py:188} INFO - [2026-02-11T00:10:02.153+0000] {dag.py:3096} INFO - Sync 10 DAGs
[2026-02-11T00:10:02.181+0000] {logging_mixin.py:188} INFO - [2026-02-11T00:10:02.181+0000] {dag.py:3954} INFO - Setting next_dagrun for conditional_dataset_and_time_based_timetable to 2026-02-04 01:00:00+00:00, run_after=2026-02-04 01:00:00+00:00
[2026-02-11T00:10:02.185+0000] {logging_mixin.py:188} INFO - [2026-02-11T00:10:02.185+0000] {dag.py:3954} INFO - Setting next_dagrun for consume_1_and_2_with_dataset_expressions to None, run_after=None
[2026-02-11T00:10:02.187+0000] {logging_mixin.py:188} INFO - [2026-02-11T00:10:02.187+0000] {dag.py:3954} INFO - Setting next_dagrun for consume_1_or_2_with_dataset_expressions to None, run_after=None
[2026-02-11T00:10:02.189+0000] {logging_mixin.py:188} INFO - [2026-02-11T00:10:02.189+0000] {dag.py:3954} INFO - Setting next_dagrun for consume_1_or_both_2_and_3_with_dataset_expressions to None, run_after=None
[2026-02-11T00:10:02.191+0000] {logging_mixin.py:188} INFO - [2026-02-11T00:10:02.190+0000] {dag.py:3954} INFO - Setting next_dagrun for dataset_consumes_1 to None, run_after=None
[2026-02-11T00:10:02.192+0000] {logging_mixin.py:188} INFO - [2026-02-11T00:10:02.192+0000] {dag.py:3954} INFO - Setting next_dagrun for dataset_consumes_1_and_2 to None, run_after=None
[2026-02-11T00:10:02.193+0000] {logging_mixin.py:188} INFO - [2026-02-11T00:10:02.193+0000] {dag.py:3954} INFO - Setting next_dagrun for dataset_consumes_1_never_scheduled to None, run_after=None
[2026-02-11T00:10:02.195+0000] {logging_mixin.py:188} INFO - [2026-02-11T00:10:02.195+0000] {dag.py:3954} INFO - Setting next_dagrun for dataset_consumes_unknown_never_scheduled to None, run_after=None
[2026-02-11T00:10:02.197+0000] {logging_mixin.py:188} INFO - [2026-02-11T00:10:02.197+0000] {dag.py:3954} INFO - Setting next_dagrun for dataset_produces_1 to 2026-02-10 00:00:00+00:00, run_after=2026-02-11 00:00:00+00:00
[2026-02-11T00:10:02.199+0000] {logging_mixin.py:188} INFO - [2026-02-11T00:10:02.199+0000] {dag.py:3954} INFO - Setting next_dagrun for dataset_produces_2 to None, run_after=None
[2026-02-11T00:10:02.237+0000] {processor.py:183} INFO - Processing /home/airflow/.local/lib/python3.12/site-packages/airflow/example_dags/example_datasets.py took 0.160 seconds
[2026-02-11T00:10:32.293+0000] {processor.py:161} INFO - Started process (PID=7441) to work on /home/airflow/.local/lib/python3.12/site-packages/airflow/example_dags/example_datasets.py
[2026-02-11T00:10:32.295+0000] {processor.py:830} INFO - Processing file /home/airflow/.local/lib/python3.12/site-packages/airflow/example_dags/example_datasets.py for tasks to queue
[2026-02-11T00:10:32.298+0000] {logging_mixin.py:188} INFO - [2026-02-11T00:10:32.297+0000] {dagbag.py:540} INFO - Filling up the DagBag from /home/airflow/.local/lib/python3.12/site-packages/airflow/example_dags/example_datasets.py
[2026-02-11T00:10:32.317+0000] {processor.py:840} INFO - DAG(s) 'consume_1_or_2_with_dataset_expressions', 'dataset_consumes_unknown_never_scheduled', 'consume_1_and_2_with_dataset_expressions', 'conditional_dataset_and_time_based_timetable', 'dataset_produces_2', 'consume_1_or_both_2_and_3_with_dataset_expressions', 'dataset_consumes_1', 'dataset_consumes_1_and_2', 'dataset_consumes_1_never_scheduled', 'dataset_produces_1' retrieved from /home/airflow/.local/lib/python3.12/site-packages/airflow/example_dags/example_datasets.py
[2026-02-11T00:10:32.384+0000] {logging_mixin.py:188} INFO - [2026-02-11T00:10:32.384+0000] {dag.py:3096} INFO - Sync 10 DAGs
[2026-02-11T00:10:32.415+0000] {logging_mixin.py:188} INFO - [2026-02-11T00:10:32.414+0000] {dag.py:3954} INFO - Setting next_dagrun for conditional_dataset_and_time_based_timetable to 2026-02-04 01:00:00+00:00, run_after=2026-02-04 01:00:00+00:00
[2026-02-11T00:10:32.421+0000] {logging_mixin.py:188} INFO - [2026-02-11T00:10:32.421+0000] {dag.py:3954} INFO - Setting next_dagrun for consume_1_and_2_with_dataset_expressions to None, run_after=None
[2026-02-11T00:10:32.422+0000] {logging_mixin.py:188} INFO - [2026-02-11T00:10:32.422+0000] {dag.py:3954} INFO - Setting next_dagrun for consume_1_or_2_with_dataset_expressions to None, run_after=None
[2026-02-11T00:10:32.425+0000] {logging_mixin.py:188} INFO - [2026-02-11T00:10:32.425+0000] {dag.py:3954} INFO - Setting next_dagrun for consume_1_or_both_2_and_3_with_dataset_expressions to None, run_after=None
[2026-02-11T00:10:32.427+0000] {logging_mixin.py:188} INFO - [2026-02-11T00:10:32.426+0000] {dag.py:3954} INFO - Setting next_dagrun for dataset_consumes_1 to None, run_after=None
[2026-02-11T00:10:32.428+0000] {logging_mixin.py:188} INFO - [2026-02-11T00:10:32.428+0000] {dag.py:3954} INFO - Setting next_dagrun for dataset_consumes_1_and_2 to None, run_after=None
[2026-02-11T00:10:32.430+0000] {logging_mixin.py:188} INFO - [2026-02-11T00:10:32.430+0000] {dag.py:3954} INFO - Setting next_dagrun for dataset_consumes_1_never_scheduled to None, run_after=None
[2026-02-11T00:10:32.431+0000] {logging_mixin.py:188} INFO - [2026-02-11T00:10:32.431+0000] {dag.py:3954} INFO - Setting next_dagrun for dataset_consumes_unknown_never_scheduled to None, run_after=None
[2026-02-11T00:10:32.434+0000] {logging_mixin.py:188} INFO - [2026-02-11T00:10:32.434+0000] {dag.py:3954} INFO - Setting next_dagrun for dataset_produces_1 to 2026-02-10 00:00:00+00:00, run_after=2026-02-11 00:00:00+00:00
[2026-02-11T00:10:32.435+0000] {logging_mixin.py:188} INFO - [2026-02-11T00:10:32.435+0000] {dag.py:3954} INFO - Setting next_dagrun for dataset_produces_2 to None, run_after=None
[2026-02-11T00:10:32.472+0000] {processor.py:183} INFO - Processing /home/airflow/.local/lib/python3.12/site-packages/airflow/example_dags/example_datasets.py took 0.184 seconds
[2026-02-11T00:11:02.567+0000] {processor.py:161} INFO - Started process (PID=7495) to work on /home/airflow/.local/lib/python3.12/site-packages/airflow/example_dags/example_datasets.py
[2026-02-11T00:11:02.568+0000] {processor.py:830} INFO - Processing file /home/airflow/.local/lib/python3.12/site-packages/airflow/example_dags/example_datasets.py for tasks to queue
[2026-02-11T00:11:02.570+0000] {logging_mixin.py:188} INFO - [2026-02-11T00:11:02.569+0000] {dagbag.py:540} INFO - Filling up the DagBag from /home/airflow/.local/lib/python3.12/site-packages/airflow/example_dags/example_datasets.py
[2026-02-11T00:11:02.583+0000] {processor.py:840} INFO - DAG(s) 'dataset_produces_1', 'consume_1_and_2_with_dataset_expressions', 'dataset_produces_2', 'dataset_consumes_1', 'consume_1_or_both_2_and_3_with_dataset_expressions', 'dataset_consumes_1_and_2', 'conditional_dataset_and_time_based_timetable', 'dataset_consumes_1_never_scheduled', 'dataset_consumes_unknown_never_scheduled', 'consume_1_or_2_with_dataset_expressions' retrieved from /home/airflow/.local/lib/python3.12/site-packages/airflow/example_dags/example_datasets.py
[2026-02-11T00:11:02.629+0000] {logging_mixin.py:188} INFO - [2026-02-11T00:11:02.629+0000] {dag.py:3096} INFO - Sync 10 DAGs
[2026-02-11T00:11:02.655+0000] {logging_mixin.py:188} INFO - [2026-02-11T00:11:02.655+0000] {dag.py:3954} INFO - Setting next_dagrun for conditional_dataset_and_time_based_timetable to 2026-02-04 01:00:00+00:00, run_after=2026-02-04 01:00:00+00:00
[2026-02-11T00:11:02.659+0000] {logging_mixin.py:188} INFO - [2026-02-11T00:11:02.659+0000] {dag.py:3954} INFO - Setting next_dagrun for consume_1_and_2_with_dataset_expressions to None, run_after=None
[2026-02-11T00:11:02.661+0000] {logging_mixin.py:188} INFO - [2026-02-11T00:11:02.661+0000] {dag.py:3954} INFO - Setting next_dagrun for consume_1_or_2_with_dataset_expressions to None, run_after=None
[2026-02-11T00:11:02.663+0000] {logging_mixin.py:188} INFO - [2026-02-11T00:11:02.663+0000] {dag.py:3954} INFO - Setting next_dagrun for consume_1_or_both_2_and_3_with_dataset_expressions to None, run_after=None
[2026-02-11T00:11:02.664+0000] {logging_mixin.py:188} INFO - [2026-02-11T00:11:02.664+0000] {dag.py:3954} INFO - Setting next_dagrun for dataset_consumes_1 to None, run_after=None
[2026-02-11T00:11:02.666+0000] {logging_mixin.py:188} INFO - [2026-02-11T00:11:02.666+0000] {dag.py:3954} INFO - Setting next_dagrun for dataset_consumes_1_and_2 to None, run_after=None
[2026-02-11T00:11:02.667+0000] {logging_mixin.py:188} INFO - [2026-02-11T00:11:02.667+0000] {dag.py:3954} INFO - Setting next_dagrun for dataset_consumes_1_never_scheduled to None, run_after=None
[2026-02-11T00:11:02.668+0000] {logging_mixin.py:188} INFO - [2026-02-11T00:11:02.668+0000] {dag.py:3954} INFO - Setting next_dagrun for dataset_consumes_unknown_never_scheduled to None, run_after=None
[2026-02-11T00:11:02.670+0000] {logging_mixin.py:188} INFO - [2026-02-11T00:11:02.670+0000] {dag.py:3954} INFO - Setting next_dagrun for dataset_produces_1 to 2026-02-10 00:00:00+00:00, run_after=2026-02-11 00:00:00+00:00
[2026-02-11T00:11:02.671+0000] {logging_mixin.py:188} INFO - [2026-02-11T00:11:02.671+0000] {dag.py:3954} INFO - Setting next_dagrun for dataset_produces_2 to None, run_after=None
[2026-02-11T00:11:02.707+0000] {processor.py:183} INFO - Processing /home/airflow/.local/lib/python3.12/site-packages/airflow/example_dags/example_datasets.py took 0.145 seconds
[2026-02-11T00:11:32.973+0000] {processor.py:161} INFO - Started process (PID=7549) to work on /home/airflow/.local/lib/python3.12/site-packages/airflow/example_dags/example_datasets.py
[2026-02-11T00:11:32.974+0000] {processor.py:830} INFO - Processing file /home/airflow/.local/lib/python3.12/site-packages/airflow/example_dags/example_datasets.py for tasks to queue
[2026-02-11T00:11:32.977+0000] {logging_mixin.py:188} INFO - [2026-02-11T00:11:32.976+0000] {dagbag.py:540} INFO - Filling up the DagBag from /home/airflow/.local/lib/python3.12/site-packages/airflow/example_dags/example_datasets.py
[2026-02-11T00:11:32.994+0000] {processor.py:840} INFO - DAG(s) 'dataset_produces_1', 'dataset_consumes_1', 'dataset_consumes_unknown_never_scheduled', 'dataset_consumes_1_and_2', 'conditional_dataset_and_time_based_timetable', 'dataset_produces_2', 'consume_1_or_2_with_dataset_expressions', 'consume_1_and_2_with_dataset_expressions', 'dataset_consumes_1_never_scheduled', 'consume_1_or_both_2_and_3_with_dataset_expressions' retrieved from /home/airflow/.local/lib/python3.12/site-packages/airflow/example_dags/example_datasets.py
[2026-02-11T00:11:33.047+0000] {logging_mixin.py:188} INFO - [2026-02-11T00:11:33.047+0000] {dag.py:3096} INFO - Sync 10 DAGs
[2026-02-11T00:11:33.077+0000] {logging_mixin.py:188} INFO - [2026-02-11T00:11:33.077+0000] {dag.py:3954} INFO - Setting next_dagrun for conditional_dataset_and_time_based_timetable to 2026-02-04 01:00:00+00:00, run_after=2026-02-04 01:00:00+00:00
[2026-02-11T00:11:33.082+0000] {logging_mixin.py:188} INFO - [2026-02-11T00:11:33.082+0000] {dag.py:3954} INFO - Setting next_dagrun for consume_1_and_2_with_dataset_expressions to None, run_after=None
[2026-02-11T00:11:33.084+0000] {logging_mixin.py:188} INFO - [2026-02-11T00:11:33.084+0000] {dag.py:3954} INFO - Setting next_dagrun for consume_1_or_2_with_dataset_expressions to None, run_after=None
[2026-02-11T00:11:33.086+0000] {logging_mixin.py:188} INFO - [2026-02-11T00:11:33.086+0000] {dag.py:3954} INFO - Setting next_dagrun for consume_1_or_both_2_and_3_with_dataset_expressions to None, run_after=None
[2026-02-11T00:11:33.089+0000] {logging_mixin.py:188} INFO - [2026-02-11T00:11:33.088+0000] {dag.py:3954} INFO - Setting next_dagrun for dataset_consumes_1 to None, run_after=None
[2026-02-11T00:11:33.091+0000] {logging_mixin.py:188} INFO - [2026-02-11T00:11:33.090+0000] {dag.py:3954} INFO - Setting next_dagrun for dataset_consumes_1_and_2 to None, run_after=None
[2026-02-11T00:11:33.092+0000] {logging_mixin.py:188} INFO - [2026-02-11T00:11:33.092+0000] {dag.py:3954} INFO - Setting next_dagrun for dataset_consumes_1_never_scheduled to None, run_after=None
[2026-02-11T00:11:33.094+0000] {logging_mixin.py:188} INFO - [2026-02-11T00:11:33.094+0000] {dag.py:3954} INFO - Setting next_dagrun for dataset_consumes_unknown_never_scheduled to None, run_after=None
[2026-02-11T00:11:33.097+0000] {logging_mixin.py:188} INFO - [2026-02-11T00:11:33.097+0000] {dag.py:3954} INFO - Setting next_dagrun for dataset_produces_1 to 2026-02-10 00:00:00+00:00, run_after=2026-02-11 00:00:00+00:00
[2026-02-11T00:11:33.099+0000] {logging_mixin.py:188} INFO - [2026-02-11T00:11:33.099+0000] {dag.py:3954} INFO - Setting next_dagrun for dataset_produces_2 to None, run_after=None
[2026-02-11T00:11:33.139+0000] {processor.py:183} INFO - Processing /home/airflow/.local/lib/python3.12/site-packages/airflow/example_dags/example_datasets.py took 0.174 seconds
