[2026-02-11T00:00:18.512+0000] {processor.py:161} INFO - Started process (PID=6347) to work on /home/airflow/.local/lib/python3.12/site-packages/airflow/example_dags/example_python_operator.py
[2026-02-11T00:00:18.513+0000] {processor.py:830} INFO - Processing file /home/airflow/.local/lib/python3.12/site-packages/airflow/example_dags/example_python_operator.py for tasks to queue
[2026-02-11T00:00:18.515+0000] {logging_mixin.py:188} INFO - [2026-02-11T00:00:18.515+0000] {dagbag.py:540} INFO - Filling up the DagBag from /home/airflow/.local/lib/python3.12/site-packages/airflow/example_dags/example_python_operator.py
[2026-02-11T00:00:18.526+0000] {processor.py:840} INFO - DAG(s) 'example_python_operator' retrieved from /home/airflow/.local/lib/python3.12/site-packages/airflow/example_dags/example_python_operator.py
[2026-02-11T00:00:18.549+0000] {logging_mixin.py:188} INFO - [2026-02-11T00:00:18.549+0000] {dag.py:3096} INFO - Sync 1 DAGs
[2026-02-11T00:00:18.564+0000] {logging_mixin.py:188} INFO - [2026-02-11T00:00:18.564+0000] {dag.py:3954} INFO - Setting next_dagrun for example_python_operator to None, run_after=None
[2026-02-11T00:00:18.589+0000] {processor.py:183} INFO - Processing /home/airflow/.local/lib/python3.12/site-packages/airflow/example_dags/example_python_operator.py took 0.082 seconds
[2026-02-11T00:00:48.863+0000] {processor.py:161} INFO - Started process (PID=6401) to work on /home/airflow/.local/lib/python3.12/site-packages/airflow/example_dags/example_python_operator.py
[2026-02-11T00:00:48.865+0000] {processor.py:830} INFO - Processing file /home/airflow/.local/lib/python3.12/site-packages/airflow/example_dags/example_python_operator.py for tasks to queue
[2026-02-11T00:00:48.867+0000] {logging_mixin.py:188} INFO - [2026-02-11T00:00:48.866+0000] {dagbag.py:540} INFO - Filling up the DagBag from /home/airflow/.local/lib/python3.12/site-packages/airflow/example_dags/example_python_operator.py
[2026-02-11T00:00:48.876+0000] {processor.py:840} INFO - DAG(s) 'example_python_operator' retrieved from /home/airflow/.local/lib/python3.12/site-packages/airflow/example_dags/example_python_operator.py
[2026-02-11T00:00:48.901+0000] {logging_mixin.py:188} INFO - [2026-02-11T00:00:48.900+0000] {dag.py:3096} INFO - Sync 1 DAGs
[2026-02-11T00:00:48.912+0000] {logging_mixin.py:188} INFO - [2026-02-11T00:00:48.912+0000] {dag.py:3954} INFO - Setting next_dagrun for example_python_operator to None, run_after=None
[2026-02-11T00:00:48.944+0000] {processor.py:183} INFO - Processing /home/airflow/.local/lib/python3.12/site-packages/airflow/example_dags/example_python_operator.py took 0.087 seconds
[2026-02-11T00:01:19.170+0000] {processor.py:161} INFO - Started process (PID=6455) to work on /home/airflow/.local/lib/python3.12/site-packages/airflow/example_dags/example_python_operator.py
[2026-02-11T00:01:19.172+0000] {processor.py:830} INFO - Processing file /home/airflow/.local/lib/python3.12/site-packages/airflow/example_dags/example_python_operator.py for tasks to queue
[2026-02-11T00:01:19.174+0000] {logging_mixin.py:188} INFO - [2026-02-11T00:01:19.174+0000] {dagbag.py:540} INFO - Filling up the DagBag from /home/airflow/.local/lib/python3.12/site-packages/airflow/example_dags/example_python_operator.py
[2026-02-11T00:01:19.187+0000] {processor.py:840} INFO - DAG(s) 'example_python_operator' retrieved from /home/airflow/.local/lib/python3.12/site-packages/airflow/example_dags/example_python_operator.py
[2026-02-11T00:01:19.213+0000] {logging_mixin.py:188} INFO - [2026-02-11T00:01:19.213+0000] {dag.py:3096} INFO - Sync 1 DAGs
[2026-02-11T00:01:19.228+0000] {logging_mixin.py:188} INFO - [2026-02-11T00:01:19.227+0000] {dag.py:3954} INFO - Setting next_dagrun for example_python_operator to None, run_after=None
[2026-02-11T00:01:19.257+0000] {processor.py:183} INFO - Processing /home/airflow/.local/lib/python3.12/site-packages/airflow/example_dags/example_python_operator.py took 0.093 seconds
[2026-02-11T00:01:49.804+0000] {processor.py:161} INFO - Started process (PID=6509) to work on /home/airflow/.local/lib/python3.12/site-packages/airflow/example_dags/example_python_operator.py
[2026-02-11T00:01:49.806+0000] {processor.py:830} INFO - Processing file /home/airflow/.local/lib/python3.12/site-packages/airflow/example_dags/example_python_operator.py for tasks to queue
[2026-02-11T00:01:49.808+0000] {logging_mixin.py:188} INFO - [2026-02-11T00:01:49.808+0000] {dagbag.py:540} INFO - Filling up the DagBag from /home/airflow/.local/lib/python3.12/site-packages/airflow/example_dags/example_python_operator.py
[2026-02-11T00:01:49.819+0000] {processor.py:840} INFO - DAG(s) 'example_python_operator' retrieved from /home/airflow/.local/lib/python3.12/site-packages/airflow/example_dags/example_python_operator.py
[2026-02-11T00:01:49.840+0000] {logging_mixin.py:188} INFO - [2026-02-11T00:01:49.840+0000] {dag.py:3096} INFO - Sync 1 DAGs
[2026-02-11T00:01:49.852+0000] {logging_mixin.py:188} INFO - [2026-02-11T00:01:49.852+0000] {dag.py:3954} INFO - Setting next_dagrun for example_python_operator to None, run_after=None
[2026-02-11T00:01:49.886+0000] {processor.py:183} INFO - Processing /home/airflow/.local/lib/python3.12/site-packages/airflow/example_dags/example_python_operator.py took 0.089 seconds
[2026-02-11T00:02:20.007+0000] {processor.py:161} INFO - Started process (PID=6563) to work on /home/airflow/.local/lib/python3.12/site-packages/airflow/example_dags/example_python_operator.py
[2026-02-11T00:02:20.009+0000] {processor.py:830} INFO - Processing file /home/airflow/.local/lib/python3.12/site-packages/airflow/example_dags/example_python_operator.py for tasks to queue
[2026-02-11T00:02:20.010+0000] {logging_mixin.py:188} INFO - [2026-02-11T00:02:20.010+0000] {dagbag.py:540} INFO - Filling up the DagBag from /home/airflow/.local/lib/python3.12/site-packages/airflow/example_dags/example_python_operator.py
[2026-02-11T00:02:20.023+0000] {processor.py:840} INFO - DAG(s) 'example_python_operator' retrieved from /home/airflow/.local/lib/python3.12/site-packages/airflow/example_dags/example_python_operator.py
[2026-02-11T00:02:20.046+0000] {logging_mixin.py:188} INFO - [2026-02-11T00:02:20.046+0000] {dag.py:3096} INFO - Sync 1 DAGs
[2026-02-11T00:02:20.060+0000] {logging_mixin.py:188} INFO - [2026-02-11T00:02:20.060+0000] {dag.py:3954} INFO - Setting next_dagrun for example_python_operator to None, run_after=None
[2026-02-11T00:02:20.082+0000] {processor.py:183} INFO - Processing /home/airflow/.local/lib/python3.12/site-packages/airflow/example_dags/example_python_operator.py took 0.081 seconds
[2026-02-11T00:02:50.324+0000] {processor.py:161} INFO - Started process (PID=6617) to work on /home/airflow/.local/lib/python3.12/site-packages/airflow/example_dags/example_python_operator.py
[2026-02-11T00:02:50.326+0000] {processor.py:830} INFO - Processing file /home/airflow/.local/lib/python3.12/site-packages/airflow/example_dags/example_python_operator.py for tasks to queue
[2026-02-11T00:02:50.335+0000] {logging_mixin.py:188} INFO - [2026-02-11T00:02:50.334+0000] {dagbag.py:540} INFO - Filling up the DagBag from /home/airflow/.local/lib/python3.12/site-packages/airflow/example_dags/example_python_operator.py
[2026-02-11T00:02:50.351+0000] {processor.py:840} INFO - DAG(s) 'example_python_operator' retrieved from /home/airflow/.local/lib/python3.12/site-packages/airflow/example_dags/example_python_operator.py
[2026-02-11T00:02:50.387+0000] {logging_mixin.py:188} INFO - [2026-02-11T00:02:50.387+0000] {dag.py:3096} INFO - Sync 1 DAGs
[2026-02-11T00:02:50.408+0000] {logging_mixin.py:188} INFO - [2026-02-11T00:02:50.408+0000] {dag.py:3954} INFO - Setting next_dagrun for example_python_operator to None, run_after=None
[2026-02-11T00:02:50.435+0000] {processor.py:183} INFO - Processing /home/airflow/.local/lib/python3.12/site-packages/airflow/example_dags/example_python_operator.py took 0.120 seconds
[2026-02-11T00:03:20.529+0000] {processor.py:161} INFO - Started process (PID=6671) to work on /home/airflow/.local/lib/python3.12/site-packages/airflow/example_dags/example_python_operator.py
[2026-02-11T00:03:20.531+0000] {processor.py:830} INFO - Processing file /home/airflow/.local/lib/python3.12/site-packages/airflow/example_dags/example_python_operator.py for tasks to queue
[2026-02-11T00:03:20.535+0000] {logging_mixin.py:188} INFO - [2026-02-11T00:03:20.535+0000] {dagbag.py:540} INFO - Filling up the DagBag from /home/airflow/.local/lib/python3.12/site-packages/airflow/example_dags/example_python_operator.py
[2026-02-11T00:03:20.548+0000] {processor.py:840} INFO - DAG(s) 'example_python_operator' retrieved from /home/airflow/.local/lib/python3.12/site-packages/airflow/example_dags/example_python_operator.py
[2026-02-11T00:03:20.580+0000] {logging_mixin.py:188} INFO - [2026-02-11T00:03:20.579+0000] {dag.py:3096} INFO - Sync 1 DAGs
[2026-02-11T00:03:20.602+0000] {logging_mixin.py:188} INFO - [2026-02-11T00:03:20.601+0000] {dag.py:3954} INFO - Setting next_dagrun for example_python_operator to None, run_after=None
[2026-02-11T00:03:20.628+0000] {processor.py:183} INFO - Processing /home/airflow/.local/lib/python3.12/site-packages/airflow/example_dags/example_python_operator.py took 0.109 seconds
[2026-02-11T00:03:50.831+0000] {processor.py:161} INFO - Started process (PID=6725) to work on /home/airflow/.local/lib/python3.12/site-packages/airflow/example_dags/example_python_operator.py
[2026-02-11T00:03:50.833+0000] {processor.py:830} INFO - Processing file /home/airflow/.local/lib/python3.12/site-packages/airflow/example_dags/example_python_operator.py for tasks to queue
[2026-02-11T00:03:50.835+0000] {logging_mixin.py:188} INFO - [2026-02-11T00:03:50.834+0000] {dagbag.py:540} INFO - Filling up the DagBag from /home/airflow/.local/lib/python3.12/site-packages/airflow/example_dags/example_python_operator.py
[2026-02-11T00:03:50.846+0000] {processor.py:840} INFO - DAG(s) 'example_python_operator' retrieved from /home/airflow/.local/lib/python3.12/site-packages/airflow/example_dags/example_python_operator.py
[2026-02-11T00:03:50.870+0000] {logging_mixin.py:188} INFO - [2026-02-11T00:03:50.870+0000] {dag.py:3096} INFO - Sync 1 DAGs
[2026-02-11T00:03:50.882+0000] {logging_mixin.py:188} INFO - [2026-02-11T00:03:50.882+0000] {dag.py:3954} INFO - Setting next_dagrun for example_python_operator to None, run_after=None
[2026-02-11T00:03:50.916+0000] {processor.py:183} INFO - Processing /home/airflow/.local/lib/python3.12/site-packages/airflow/example_dags/example_python_operator.py took 0.089 seconds
[2026-02-11T00:04:21.233+0000] {processor.py:161} INFO - Started process (PID=6779) to work on /home/airflow/.local/lib/python3.12/site-packages/airflow/example_dags/example_python_operator.py
[2026-02-11T00:04:21.235+0000] {processor.py:830} INFO - Processing file /home/airflow/.local/lib/python3.12/site-packages/airflow/example_dags/example_python_operator.py for tasks to queue
[2026-02-11T00:04:21.237+0000] {logging_mixin.py:188} INFO - [2026-02-11T00:04:21.237+0000] {dagbag.py:540} INFO - Filling up the DagBag from /home/airflow/.local/lib/python3.12/site-packages/airflow/example_dags/example_python_operator.py
[2026-02-11T00:04:21.252+0000] {processor.py:840} INFO - DAG(s) 'example_python_operator' retrieved from /home/airflow/.local/lib/python3.12/site-packages/airflow/example_dags/example_python_operator.py
[2026-02-11T00:04:21.279+0000] {logging_mixin.py:188} INFO - [2026-02-11T00:04:21.278+0000] {dag.py:3096} INFO - Sync 1 DAGs
[2026-02-11T00:04:21.295+0000] {logging_mixin.py:188} INFO - [2026-02-11T00:04:21.295+0000] {dag.py:3954} INFO - Setting next_dagrun for example_python_operator to None, run_after=None
[2026-02-11T00:04:21.331+0000] {processor.py:183} INFO - Processing /home/airflow/.local/lib/python3.12/site-packages/airflow/example_dags/example_python_operator.py took 0.105 seconds
[2026-02-11T00:04:51.431+0000] {processor.py:161} INFO - Started process (PID=6833) to work on /home/airflow/.local/lib/python3.12/site-packages/airflow/example_dags/example_python_operator.py
[2026-02-11T00:04:51.433+0000] {processor.py:830} INFO - Processing file /home/airflow/.local/lib/python3.12/site-packages/airflow/example_dags/example_python_operator.py for tasks to queue
[2026-02-11T00:04:51.435+0000] {logging_mixin.py:188} INFO - [2026-02-11T00:04:51.434+0000] {dagbag.py:540} INFO - Filling up the DagBag from /home/airflow/.local/lib/python3.12/site-packages/airflow/example_dags/example_python_operator.py
[2026-02-11T00:04:51.447+0000] {processor.py:840} INFO - DAG(s) 'example_python_operator' retrieved from /home/airflow/.local/lib/python3.12/site-packages/airflow/example_dags/example_python_operator.py
[2026-02-11T00:04:51.472+0000] {logging_mixin.py:188} INFO - [2026-02-11T00:04:51.471+0000] {dag.py:3096} INFO - Sync 1 DAGs
[2026-02-11T00:04:51.484+0000] {logging_mixin.py:188} INFO - [2026-02-11T00:04:51.484+0000] {dag.py:3954} INFO - Setting next_dagrun for example_python_operator to None, run_after=None
[2026-02-11T00:04:51.515+0000] {processor.py:183} INFO - Processing /home/airflow/.local/lib/python3.12/site-packages/airflow/example_dags/example_python_operator.py took 0.089 seconds
[2026-02-11T00:05:21.718+0000] {processor.py:161} INFO - Started process (PID=6887) to work on /home/airflow/.local/lib/python3.12/site-packages/airflow/example_dags/example_python_operator.py
[2026-02-11T00:05:21.719+0000] {processor.py:830} INFO - Processing file /home/airflow/.local/lib/python3.12/site-packages/airflow/example_dags/example_python_operator.py for tasks to queue
[2026-02-11T00:05:21.721+0000] {logging_mixin.py:188} INFO - [2026-02-11T00:05:21.720+0000] {dagbag.py:540} INFO - Filling up the DagBag from /home/airflow/.local/lib/python3.12/site-packages/airflow/example_dags/example_python_operator.py
[2026-02-11T00:05:21.731+0000] {processor.py:840} INFO - DAG(s) 'example_python_operator' retrieved from /home/airflow/.local/lib/python3.12/site-packages/airflow/example_dags/example_python_operator.py
[2026-02-11T00:05:21.753+0000] {logging_mixin.py:188} INFO - [2026-02-11T00:05:21.753+0000] {dag.py:3096} INFO - Sync 1 DAGs
[2026-02-11T00:05:21.765+0000] {logging_mixin.py:188} INFO - [2026-02-11T00:05:21.765+0000] {dag.py:3954} INFO - Setting next_dagrun for example_python_operator to None, run_after=None
[2026-02-11T00:05:21.798+0000] {processor.py:183} INFO - Processing /home/airflow/.local/lib/python3.12/site-packages/airflow/example_dags/example_python_operator.py took 0.086 seconds
[2026-02-11T00:05:51.924+0000] {processor.py:161} INFO - Started process (PID=6941) to work on /home/airflow/.local/lib/python3.12/site-packages/airflow/example_dags/example_python_operator.py
[2026-02-11T00:05:51.925+0000] {processor.py:830} INFO - Processing file /home/airflow/.local/lib/python3.12/site-packages/airflow/example_dags/example_python_operator.py for tasks to queue
[2026-02-11T00:05:51.927+0000] {logging_mixin.py:188} INFO - [2026-02-11T00:05:51.927+0000] {dagbag.py:540} INFO - Filling up the DagBag from /home/airflow/.local/lib/python3.12/site-packages/airflow/example_dags/example_python_operator.py
[2026-02-11T00:05:51.938+0000] {processor.py:840} INFO - DAG(s) 'example_python_operator' retrieved from /home/airflow/.local/lib/python3.12/site-packages/airflow/example_dags/example_python_operator.py
[2026-02-11T00:05:51.963+0000] {logging_mixin.py:188} INFO - [2026-02-11T00:05:51.962+0000] {dag.py:3096} INFO - Sync 1 DAGs
[2026-02-11T00:05:51.976+0000] {logging_mixin.py:188} INFO - [2026-02-11T00:05:51.976+0000] {dag.py:3954} INFO - Setting next_dagrun for example_python_operator to None, run_after=None
[2026-02-11T00:05:51.997+0000] {processor.py:183} INFO - Processing /home/airflow/.local/lib/python3.12/site-packages/airflow/example_dags/example_python_operator.py took 0.079 seconds
[2026-02-11T00:06:22.097+0000] {processor.py:161} INFO - Started process (PID=6995) to work on /home/airflow/.local/lib/python3.12/site-packages/airflow/example_dags/example_python_operator.py
[2026-02-11T00:06:22.098+0000] {processor.py:830} INFO - Processing file /home/airflow/.local/lib/python3.12/site-packages/airflow/example_dags/example_python_operator.py for tasks to queue
[2026-02-11T00:06:22.100+0000] {logging_mixin.py:188} INFO - [2026-02-11T00:06:22.100+0000] {dagbag.py:540} INFO - Filling up the DagBag from /home/airflow/.local/lib/python3.12/site-packages/airflow/example_dags/example_python_operator.py
[2026-02-11T00:06:22.110+0000] {processor.py:840} INFO - DAG(s) 'example_python_operator' retrieved from /home/airflow/.local/lib/python3.12/site-packages/airflow/example_dags/example_python_operator.py
[2026-02-11T00:06:22.132+0000] {logging_mixin.py:188} INFO - [2026-02-11T00:06:22.132+0000] {dag.py:3096} INFO - Sync 1 DAGs
[2026-02-11T00:06:22.144+0000] {logging_mixin.py:188} INFO - [2026-02-11T00:06:22.144+0000] {dag.py:3954} INFO - Setting next_dagrun for example_python_operator to None, run_after=None
[2026-02-11T00:06:22.177+0000] {processor.py:183} INFO - Processing /home/airflow/.local/lib/python3.12/site-packages/airflow/example_dags/example_python_operator.py took 0.086 seconds
[2026-02-11T00:06:52.314+0000] {processor.py:161} INFO - Started process (PID=7049) to work on /home/airflow/.local/lib/python3.12/site-packages/airflow/example_dags/example_python_operator.py
[2026-02-11T00:06:52.315+0000] {processor.py:830} INFO - Processing file /home/airflow/.local/lib/python3.12/site-packages/airflow/example_dags/example_python_operator.py for tasks to queue
[2026-02-11T00:06:52.317+0000] {logging_mixin.py:188} INFO - [2026-02-11T00:06:52.317+0000] {dagbag.py:540} INFO - Filling up the DagBag from /home/airflow/.local/lib/python3.12/site-packages/airflow/example_dags/example_python_operator.py
[2026-02-11T00:06:52.327+0000] {processor.py:840} INFO - DAG(s) 'example_python_operator' retrieved from /home/airflow/.local/lib/python3.12/site-packages/airflow/example_dags/example_python_operator.py
[2026-02-11T00:06:52.350+0000] {logging_mixin.py:188} INFO - [2026-02-11T00:06:52.350+0000] {dag.py:3096} INFO - Sync 1 DAGs
[2026-02-11T00:06:52.361+0000] {logging_mixin.py:188} INFO - [2026-02-11T00:06:52.361+0000] {dag.py:3954} INFO - Setting next_dagrun for example_python_operator to None, run_after=None
[2026-02-11T00:06:52.383+0000] {processor.py:183} INFO - Processing /home/airflow/.local/lib/python3.12/site-packages/airflow/example_dags/example_python_operator.py took 0.074 seconds
[2026-02-11T00:07:22.858+0000] {processor.py:161} INFO - Started process (PID=7103) to work on /home/airflow/.local/lib/python3.12/site-packages/airflow/example_dags/example_python_operator.py
[2026-02-11T00:07:22.859+0000] {processor.py:830} INFO - Processing file /home/airflow/.local/lib/python3.12/site-packages/airflow/example_dags/example_python_operator.py for tasks to queue
[2026-02-11T00:07:22.861+0000] {logging_mixin.py:188} INFO - [2026-02-11T00:07:22.861+0000] {dagbag.py:540} INFO - Filling up the DagBag from /home/airflow/.local/lib/python3.12/site-packages/airflow/example_dags/example_python_operator.py
[2026-02-11T00:07:22.872+0000] {processor.py:840} INFO - DAG(s) 'example_python_operator' retrieved from /home/airflow/.local/lib/python3.12/site-packages/airflow/example_dags/example_python_operator.py
[2026-02-11T00:07:22.897+0000] {logging_mixin.py:188} INFO - [2026-02-11T00:07:22.896+0000] {dag.py:3096} INFO - Sync 1 DAGs
[2026-02-11T00:07:22.909+0000] {logging_mixin.py:188} INFO - [2026-02-11T00:07:22.909+0000] {dag.py:3954} INFO - Setting next_dagrun for example_python_operator to None, run_after=None
[2026-02-11T00:07:22.932+0000] {processor.py:183} INFO - Processing /home/airflow/.local/lib/python3.12/site-packages/airflow/example_dags/example_python_operator.py took 0.080 seconds
[2026-02-11T00:07:53.239+0000] {processor.py:161} INFO - Started process (PID=7157) to work on /home/airflow/.local/lib/python3.12/site-packages/airflow/example_dags/example_python_operator.py
[2026-02-11T00:07:53.241+0000] {processor.py:830} INFO - Processing file /home/airflow/.local/lib/python3.12/site-packages/airflow/example_dags/example_python_operator.py for tasks to queue
[2026-02-11T00:07:53.243+0000] {logging_mixin.py:188} INFO - [2026-02-11T00:07:53.242+0000] {dagbag.py:540} INFO - Filling up the DagBag from /home/airflow/.local/lib/python3.12/site-packages/airflow/example_dags/example_python_operator.py
[2026-02-11T00:07:53.255+0000] {processor.py:840} INFO - DAG(s) 'example_python_operator' retrieved from /home/airflow/.local/lib/python3.12/site-packages/airflow/example_dags/example_python_operator.py
[2026-02-11T00:07:53.284+0000] {logging_mixin.py:188} INFO - [2026-02-11T00:07:53.283+0000] {dag.py:3096} INFO - Sync 1 DAGs
[2026-02-11T00:07:53.300+0000] {logging_mixin.py:188} INFO - [2026-02-11T00:07:53.300+0000] {dag.py:3954} INFO - Setting next_dagrun for example_python_operator to None, run_after=None
[2026-02-11T00:07:53.321+0000] {processor.py:183} INFO - Processing /home/airflow/.local/lib/python3.12/site-packages/airflow/example_dags/example_python_operator.py took 0.087 seconds
[2026-02-11T00:08:23.513+0000] {processor.py:161} INFO - Started process (PID=7211) to work on /home/airflow/.local/lib/python3.12/site-packages/airflow/example_dags/example_python_operator.py
[2026-02-11T00:08:23.515+0000] {processor.py:830} INFO - Processing file /home/airflow/.local/lib/python3.12/site-packages/airflow/example_dags/example_python_operator.py for tasks to queue
[2026-02-11T00:08:23.517+0000] {logging_mixin.py:188} INFO - [2026-02-11T00:08:23.516+0000] {dagbag.py:540} INFO - Filling up the DagBag from /home/airflow/.local/lib/python3.12/site-packages/airflow/example_dags/example_python_operator.py
[2026-02-11T00:08:23.528+0000] {processor.py:840} INFO - DAG(s) 'example_python_operator' retrieved from /home/airflow/.local/lib/python3.12/site-packages/airflow/example_dags/example_python_operator.py
[2026-02-11T00:08:23.552+0000] {logging_mixin.py:188} INFO - [2026-02-11T00:08:23.552+0000] {dag.py:3096} INFO - Sync 1 DAGs
[2026-02-11T00:08:23.565+0000] {logging_mixin.py:188} INFO - [2026-02-11T00:08:23.565+0000] {dag.py:3954} INFO - Setting next_dagrun for example_python_operator to None, run_after=None
[2026-02-11T00:08:23.586+0000] {processor.py:183} INFO - Processing /home/airflow/.local/lib/python3.12/site-packages/airflow/example_dags/example_python_operator.py took 0.081 seconds
[2026-02-11T00:08:53.781+0000] {processor.py:161} INFO - Started process (PID=7265) to work on /home/airflow/.local/lib/python3.12/site-packages/airflow/example_dags/example_python_operator.py
[2026-02-11T00:08:53.782+0000] {processor.py:830} INFO - Processing file /home/airflow/.local/lib/python3.12/site-packages/airflow/example_dags/example_python_operator.py for tasks to queue
[2026-02-11T00:08:53.784+0000] {logging_mixin.py:188} INFO - [2026-02-11T00:08:53.784+0000] {dagbag.py:540} INFO - Filling up the DagBag from /home/airflow/.local/lib/python3.12/site-packages/airflow/example_dags/example_python_operator.py
[2026-02-11T00:08:53.794+0000] {processor.py:840} INFO - DAG(s) 'example_python_operator' retrieved from /home/airflow/.local/lib/python3.12/site-packages/airflow/example_dags/example_python_operator.py
[2026-02-11T00:08:53.820+0000] {logging_mixin.py:188} INFO - [2026-02-11T00:08:53.820+0000] {dag.py:3096} INFO - Sync 1 DAGs
[2026-02-11T00:08:53.832+0000] {logging_mixin.py:188} INFO - [2026-02-11T00:08:53.832+0000] {dag.py:3954} INFO - Setting next_dagrun for example_python_operator to None, run_after=None
[2026-02-11T00:08:53.852+0000] {processor.py:183} INFO - Processing /home/airflow/.local/lib/python3.12/site-packages/airflow/example_dags/example_python_operator.py took 0.077 seconds
[2026-02-11T00:09:23.973+0000] {processor.py:161} INFO - Started process (PID=7320) to work on /home/airflow/.local/lib/python3.12/site-packages/airflow/example_dags/example_python_operator.py
[2026-02-11T00:09:23.974+0000] {processor.py:830} INFO - Processing file /home/airflow/.local/lib/python3.12/site-packages/airflow/example_dags/example_python_operator.py for tasks to queue
[2026-02-11T00:09:23.976+0000] {logging_mixin.py:188} INFO - [2026-02-11T00:09:23.976+0000] {dagbag.py:540} INFO - Filling up the DagBag from /home/airflow/.local/lib/python3.12/site-packages/airflow/example_dags/example_python_operator.py
[2026-02-11T00:09:23.989+0000] {processor.py:840} INFO - DAG(s) 'example_python_operator' retrieved from /home/airflow/.local/lib/python3.12/site-packages/airflow/example_dags/example_python_operator.py
[2026-02-11T00:09:24.009+0000] {logging_mixin.py:188} INFO - [2026-02-11T00:09:24.009+0000] {dag.py:3096} INFO - Sync 1 DAGs
[2026-02-11T00:09:24.021+0000] {logging_mixin.py:188} INFO - [2026-02-11T00:09:24.021+0000] {dag.py:3954} INFO - Setting next_dagrun for example_python_operator to None, run_after=None
[2026-02-11T00:09:24.042+0000] {processor.py:183} INFO - Processing /home/airflow/.local/lib/python3.12/site-packages/airflow/example_dags/example_python_operator.py took 0.074 seconds
[2026-02-11T00:09:54.291+0000] {processor.py:161} INFO - Started process (PID=7373) to work on /home/airflow/.local/lib/python3.12/site-packages/airflow/example_dags/example_python_operator.py
[2026-02-11T00:09:54.293+0000] {processor.py:830} INFO - Processing file /home/airflow/.local/lib/python3.12/site-packages/airflow/example_dags/example_python_operator.py for tasks to queue
[2026-02-11T00:09:54.295+0000] {logging_mixin.py:188} INFO - [2026-02-11T00:09:54.295+0000] {dagbag.py:540} INFO - Filling up the DagBag from /home/airflow/.local/lib/python3.12/site-packages/airflow/example_dags/example_python_operator.py
[2026-02-11T00:09:54.306+0000] {processor.py:840} INFO - DAG(s) 'example_python_operator' retrieved from /home/airflow/.local/lib/python3.12/site-packages/airflow/example_dags/example_python_operator.py
[2026-02-11T00:09:54.329+0000] {logging_mixin.py:188} INFO - [2026-02-11T00:09:54.329+0000] {dag.py:3096} INFO - Sync 1 DAGs
[2026-02-11T00:09:54.343+0000] {logging_mixin.py:188} INFO - [2026-02-11T00:09:54.343+0000] {dag.py:3954} INFO - Setting next_dagrun for example_python_operator to None, run_after=None
[2026-02-11T00:09:54.364+0000] {processor.py:183} INFO - Processing /home/airflow/.local/lib/python3.12/site-packages/airflow/example_dags/example_python_operator.py took 0.079 seconds
[2026-02-11T00:10:24.526+0000] {processor.py:161} INFO - Started process (PID=7427) to work on /home/airflow/.local/lib/python3.12/site-packages/airflow/example_dags/example_python_operator.py
[2026-02-11T00:10:24.527+0000] {processor.py:830} INFO - Processing file /home/airflow/.local/lib/python3.12/site-packages/airflow/example_dags/example_python_operator.py for tasks to queue
[2026-02-11T00:10:24.529+0000] {logging_mixin.py:188} INFO - [2026-02-11T00:10:24.529+0000] {dagbag.py:540} INFO - Filling up the DagBag from /home/airflow/.local/lib/python3.12/site-packages/airflow/example_dags/example_python_operator.py
[2026-02-11T00:10:24.540+0000] {processor.py:840} INFO - DAG(s) 'example_python_operator' retrieved from /home/airflow/.local/lib/python3.12/site-packages/airflow/example_dags/example_python_operator.py
[2026-02-11T00:10:24.562+0000] {logging_mixin.py:188} INFO - [2026-02-11T00:10:24.562+0000] {dag.py:3096} INFO - Sync 1 DAGs
[2026-02-11T00:10:24.574+0000] {logging_mixin.py:188} INFO - [2026-02-11T00:10:24.574+0000] {dag.py:3954} INFO - Setting next_dagrun for example_python_operator to None, run_after=None
[2026-02-11T00:10:24.594+0000] {processor.py:183} INFO - Processing /home/airflow/.local/lib/python3.12/site-packages/airflow/example_dags/example_python_operator.py took 0.075 seconds
[2026-02-11T00:10:54.921+0000] {processor.py:161} INFO - Started process (PID=7481) to work on /home/airflow/.local/lib/python3.12/site-packages/airflow/example_dags/example_python_operator.py
[2026-02-11T00:10:54.922+0000] {processor.py:830} INFO - Processing file /home/airflow/.local/lib/python3.12/site-packages/airflow/example_dags/example_python_operator.py for tasks to queue
[2026-02-11T00:10:54.924+0000] {logging_mixin.py:188} INFO - [2026-02-11T00:10:54.924+0000] {dagbag.py:540} INFO - Filling up the DagBag from /home/airflow/.local/lib/python3.12/site-packages/airflow/example_dags/example_python_operator.py
[2026-02-11T00:10:54.934+0000] {processor.py:840} INFO - DAG(s) 'example_python_operator' retrieved from /home/airflow/.local/lib/python3.12/site-packages/airflow/example_dags/example_python_operator.py
[2026-02-11T00:10:54.959+0000] {logging_mixin.py:188} INFO - [2026-02-11T00:10:54.958+0000] {dag.py:3096} INFO - Sync 1 DAGs
[2026-02-11T00:10:54.971+0000] {logging_mixin.py:188} INFO - [2026-02-11T00:10:54.971+0000] {dag.py:3954} INFO - Setting next_dagrun for example_python_operator to None, run_after=None
[2026-02-11T00:10:54.993+0000] {processor.py:183} INFO - Processing /home/airflow/.local/lib/python3.12/site-packages/airflow/example_dags/example_python_operator.py took 0.077 seconds
[2026-02-11T00:11:25.097+0000] {processor.py:161} INFO - Started process (PID=7535) to work on /home/airflow/.local/lib/python3.12/site-packages/airflow/example_dags/example_python_operator.py
[2026-02-11T00:11:25.098+0000] {processor.py:830} INFO - Processing file /home/airflow/.local/lib/python3.12/site-packages/airflow/example_dags/example_python_operator.py for tasks to queue
[2026-02-11T00:11:25.100+0000] {logging_mixin.py:188} INFO - [2026-02-11T00:11:25.100+0000] {dagbag.py:540} INFO - Filling up the DagBag from /home/airflow/.local/lib/python3.12/site-packages/airflow/example_dags/example_python_operator.py
[2026-02-11T00:11:25.112+0000] {processor.py:840} INFO - DAG(s) 'example_python_operator' retrieved from /home/airflow/.local/lib/python3.12/site-packages/airflow/example_dags/example_python_operator.py
[2026-02-11T00:11:25.133+0000] {logging_mixin.py:188} INFO - [2026-02-11T00:11:25.133+0000] {dag.py:3096} INFO - Sync 1 DAGs
[2026-02-11T00:11:25.145+0000] {logging_mixin.py:188} INFO - [2026-02-11T00:11:25.145+0000] {dag.py:3954} INFO - Setting next_dagrun for example_python_operator to None, run_after=None
[2026-02-11T00:11:25.167+0000] {processor.py:183} INFO - Processing /home/airflow/.local/lib/python3.12/site-packages/airflow/example_dags/example_python_operator.py took 0.075 seconds
