[2026-02-11T00:00:00.556+0000] {processor.py:161} INFO - Started process (PID=6328) to work on /home/airflow/.local/lib/python3.12/site-packages/airflow/example_dags/example_short_circuit_operator.py
[2026-02-11T00:00:00.560+0000] {processor.py:830} INFO - Processing file /home/airflow/.local/lib/python3.12/site-packages/airflow/example_dags/example_short_circuit_operator.py for tasks to queue
[2026-02-11T00:00:00.565+0000] {logging_mixin.py:188} INFO - [2026-02-11T00:00:00.564+0000] {dagbag.py:540} INFO - Filling up the DagBag from /home/airflow/.local/lib/python3.12/site-packages/airflow/example_dags/example_short_circuit_operator.py
[2026-02-11T00:00:00.578+0000] {processor.py:840} INFO - DAG(s) 'example_short_circuit_operator' retrieved from /home/airflow/.local/lib/python3.12/site-packages/airflow/example_dags/example_short_circuit_operator.py
[2026-02-11T00:00:00.618+0000] {logging_mixin.py:188} INFO - [2026-02-11T00:00:00.617+0000] {dag.py:3096} INFO - Sync 1 DAGs
[2026-02-11T00:00:00.645+0000] {logging_mixin.py:188} INFO - [2026-02-11T00:00:00.645+0000] {dag.py:3954} INFO - Setting next_dagrun for example_short_circuit_operator to 2026-02-10 00:00:00+00:00, run_after=2026-02-11 00:00:00+00:00
[2026-02-11T00:00:00.668+0000] {processor.py:183} INFO - Processing /home/airflow/.local/lib/python3.12/site-packages/airflow/example_dags/example_short_circuit_operator.py took 0.129 seconds
[2026-02-11T00:00:30.895+0000] {processor.py:161} INFO - Started process (PID=6382) to work on /home/airflow/.local/lib/python3.12/site-packages/airflow/example_dags/example_short_circuit_operator.py
[2026-02-11T00:00:30.896+0000] {processor.py:830} INFO - Processing file /home/airflow/.local/lib/python3.12/site-packages/airflow/example_dags/example_short_circuit_operator.py for tasks to queue
[2026-02-11T00:00:30.898+0000] {logging_mixin.py:188} INFO - [2026-02-11T00:00:30.898+0000] {dagbag.py:540} INFO - Filling up the DagBag from /home/airflow/.local/lib/python3.12/site-packages/airflow/example_dags/example_short_circuit_operator.py
[2026-02-11T00:00:30.905+0000] {processor.py:840} INFO - DAG(s) 'example_short_circuit_operator' retrieved from /home/airflow/.local/lib/python3.12/site-packages/airflow/example_dags/example_short_circuit_operator.py
[2026-02-11T00:00:30.926+0000] {logging_mixin.py:188} INFO - [2026-02-11T00:00:30.926+0000] {dag.py:3096} INFO - Sync 1 DAGs
[2026-02-11T00:00:30.947+0000] {logging_mixin.py:188} INFO - [2026-02-11T00:00:30.947+0000] {dag.py:3954} INFO - Setting next_dagrun for example_short_circuit_operator to 2026-02-10 00:00:00+00:00, run_after=2026-02-11 00:00:00+00:00
[2026-02-11T00:00:30.968+0000] {processor.py:183} INFO - Processing /home/airflow/.local/lib/python3.12/site-packages/airflow/example_dags/example_short_circuit_operator.py took 0.079 seconds
[2026-02-11T00:01:01.226+0000] {processor.py:161} INFO - Started process (PID=6436) to work on /home/airflow/.local/lib/python3.12/site-packages/airflow/example_dags/example_short_circuit_operator.py
[2026-02-11T00:01:01.227+0000] {processor.py:830} INFO - Processing file /home/airflow/.local/lib/python3.12/site-packages/airflow/example_dags/example_short_circuit_operator.py for tasks to queue
[2026-02-11T00:01:01.229+0000] {logging_mixin.py:188} INFO - [2026-02-11T00:01:01.229+0000] {dagbag.py:540} INFO - Filling up the DagBag from /home/airflow/.local/lib/python3.12/site-packages/airflow/example_dags/example_short_circuit_operator.py
[2026-02-11T00:01:01.237+0000] {processor.py:840} INFO - DAG(s) 'example_short_circuit_operator' retrieved from /home/airflow/.local/lib/python3.12/site-packages/airflow/example_dags/example_short_circuit_operator.py
[2026-02-11T00:01:01.258+0000] {logging_mixin.py:188} INFO - [2026-02-11T00:01:01.258+0000] {dag.py:3096} INFO - Sync 1 DAGs
[2026-02-11T00:01:01.278+0000] {logging_mixin.py:188} INFO - [2026-02-11T00:01:01.278+0000] {dag.py:3954} INFO - Setting next_dagrun for example_short_circuit_operator to 2026-02-10 00:00:00+00:00, run_after=2026-02-11 00:00:00+00:00
[2026-02-11T00:01:01.298+0000] {processor.py:183} INFO - Processing /home/airflow/.local/lib/python3.12/site-packages/airflow/example_dags/example_short_circuit_operator.py took 0.078 seconds
[2026-02-11T00:01:31.691+0000] {processor.py:161} INFO - Started process (PID=6490) to work on /home/airflow/.local/lib/python3.12/site-packages/airflow/example_dags/example_short_circuit_operator.py
[2026-02-11T00:01:31.693+0000] {processor.py:830} INFO - Processing file /home/airflow/.local/lib/python3.12/site-packages/airflow/example_dags/example_short_circuit_operator.py for tasks to queue
[2026-02-11T00:01:31.695+0000] {logging_mixin.py:188} INFO - [2026-02-11T00:01:31.695+0000] {dagbag.py:540} INFO - Filling up the DagBag from /home/airflow/.local/lib/python3.12/site-packages/airflow/example_dags/example_short_circuit_operator.py
[2026-02-11T00:01:31.705+0000] {processor.py:840} INFO - DAG(s) 'example_short_circuit_operator' retrieved from /home/airflow/.local/lib/python3.12/site-packages/airflow/example_dags/example_short_circuit_operator.py
[2026-02-11T00:01:31.735+0000] {logging_mixin.py:188} INFO - [2026-02-11T00:01:31.734+0000] {dag.py:3096} INFO - Sync 1 DAGs
[2026-02-11T00:01:31.761+0000] {logging_mixin.py:188} INFO - [2026-02-11T00:01:31.761+0000] {dag.py:3954} INFO - Setting next_dagrun for example_short_circuit_operator to 2026-02-10 00:00:00+00:00, run_after=2026-02-11 00:00:00+00:00
[2026-02-11T00:01:31.783+0000] {processor.py:183} INFO - Processing /home/airflow/.local/lib/python3.12/site-packages/airflow/example_dags/example_short_circuit_operator.py took 0.100 seconds
[2026-02-11T00:02:01.937+0000] {processor.py:161} INFO - Started process (PID=6544) to work on /home/airflow/.local/lib/python3.12/site-packages/airflow/example_dags/example_short_circuit_operator.py
[2026-02-11T00:02:01.938+0000] {processor.py:830} INFO - Processing file /home/airflow/.local/lib/python3.12/site-packages/airflow/example_dags/example_short_circuit_operator.py for tasks to queue
[2026-02-11T00:02:01.941+0000] {logging_mixin.py:188} INFO - [2026-02-11T00:02:01.940+0000] {dagbag.py:540} INFO - Filling up the DagBag from /home/airflow/.local/lib/python3.12/site-packages/airflow/example_dags/example_short_circuit_operator.py
[2026-02-11T00:02:01.950+0000] {processor.py:840} INFO - DAG(s) 'example_short_circuit_operator' retrieved from /home/airflow/.local/lib/python3.12/site-packages/airflow/example_dags/example_short_circuit_operator.py
[2026-02-11T00:02:01.972+0000] {logging_mixin.py:188} INFO - [2026-02-11T00:02:01.972+0000] {dag.py:3096} INFO - Sync 1 DAGs
[2026-02-11T00:02:01.995+0000] {logging_mixin.py:188} INFO - [2026-02-11T00:02:01.995+0000] {dag.py:3954} INFO - Setting next_dagrun for example_short_circuit_operator to 2026-02-10 00:00:00+00:00, run_after=2026-02-11 00:00:00+00:00
[2026-02-11T00:02:02.017+0000] {processor.py:183} INFO - Processing /home/airflow/.local/lib/python3.12/site-packages/airflow/example_dags/example_short_circuit_operator.py took 0.087 seconds
[2026-02-11T00:02:32.226+0000] {processor.py:161} INFO - Started process (PID=6598) to work on /home/airflow/.local/lib/python3.12/site-packages/airflow/example_dags/example_short_circuit_operator.py
[2026-02-11T00:02:32.227+0000] {processor.py:830} INFO - Processing file /home/airflow/.local/lib/python3.12/site-packages/airflow/example_dags/example_short_circuit_operator.py for tasks to queue
[2026-02-11T00:02:32.229+0000] {logging_mixin.py:188} INFO - [2026-02-11T00:02:32.229+0000] {dagbag.py:540} INFO - Filling up the DagBag from /home/airflow/.local/lib/python3.12/site-packages/airflow/example_dags/example_short_circuit_operator.py
[2026-02-11T00:02:32.236+0000] {processor.py:840} INFO - DAG(s) 'example_short_circuit_operator' retrieved from /home/airflow/.local/lib/python3.12/site-packages/airflow/example_dags/example_short_circuit_operator.py
[2026-02-11T00:02:32.258+0000] {logging_mixin.py:188} INFO - [2026-02-11T00:02:32.258+0000] {dag.py:3096} INFO - Sync 1 DAGs
[2026-02-11T00:02:32.279+0000] {logging_mixin.py:188} INFO - [2026-02-11T00:02:32.279+0000] {dag.py:3954} INFO - Setting next_dagrun for example_short_circuit_operator to 2026-02-10 00:00:00+00:00, run_after=2026-02-11 00:00:00+00:00
[2026-02-11T00:02:32.299+0000] {processor.py:183} INFO - Processing /home/airflow/.local/lib/python3.12/site-packages/airflow/example_dags/example_short_circuit_operator.py took 0.079 seconds
[2026-02-11T00:03:02.426+0000] {processor.py:161} INFO - Started process (PID=6652) to work on /home/airflow/.local/lib/python3.12/site-packages/airflow/example_dags/example_short_circuit_operator.py
[2026-02-11T00:03:02.427+0000] {processor.py:830} INFO - Processing file /home/airflow/.local/lib/python3.12/site-packages/airflow/example_dags/example_short_circuit_operator.py for tasks to queue
[2026-02-11T00:03:02.429+0000] {logging_mixin.py:188} INFO - [2026-02-11T00:03:02.429+0000] {dagbag.py:540} INFO - Filling up the DagBag from /home/airflow/.local/lib/python3.12/site-packages/airflow/example_dags/example_short_circuit_operator.py
[2026-02-11T00:03:02.436+0000] {processor.py:840} INFO - DAG(s) 'example_short_circuit_operator' retrieved from /home/airflow/.local/lib/python3.12/site-packages/airflow/example_dags/example_short_circuit_operator.py
[2026-02-11T00:03:02.460+0000] {logging_mixin.py:188} INFO - [2026-02-11T00:03:02.460+0000] {dag.py:3096} INFO - Sync 1 DAGs
[2026-02-11T00:03:02.502+0000] {logging_mixin.py:188} INFO - [2026-02-11T00:03:02.502+0000] {dag.py:3954} INFO - Setting next_dagrun for example_short_circuit_operator to 2026-02-10 00:00:00+00:00, run_after=2026-02-11 00:00:00+00:00
[2026-02-11T00:03:02.523+0000] {processor.py:183} INFO - Processing /home/airflow/.local/lib/python3.12/site-packages/airflow/example_dags/example_short_circuit_operator.py took 0.103 seconds
[2026-02-11T00:03:32.671+0000] {processor.py:161} INFO - Started process (PID=6704) to work on /home/airflow/.local/lib/python3.12/site-packages/airflow/example_dags/example_short_circuit_operator.py
[2026-02-11T00:03:32.672+0000] {processor.py:830} INFO - Processing file /home/airflow/.local/lib/python3.12/site-packages/airflow/example_dags/example_short_circuit_operator.py for tasks to queue
[2026-02-11T00:03:32.675+0000] {logging_mixin.py:188} INFO - [2026-02-11T00:03:32.674+0000] {dagbag.py:540} INFO - Filling up the DagBag from /home/airflow/.local/lib/python3.12/site-packages/airflow/example_dags/example_short_circuit_operator.py
[2026-02-11T00:03:32.681+0000] {processor.py:840} INFO - DAG(s) 'example_short_circuit_operator' retrieved from /home/airflow/.local/lib/python3.12/site-packages/airflow/example_dags/example_short_circuit_operator.py
[2026-02-11T00:03:32.704+0000] {logging_mixin.py:188} INFO - [2026-02-11T00:03:32.704+0000] {dag.py:3096} INFO - Sync 1 DAGs
[2026-02-11T00:03:32.725+0000] {logging_mixin.py:188} INFO - [2026-02-11T00:03:32.725+0000] {dag.py:3954} INFO - Setting next_dagrun for example_short_circuit_operator to 2026-02-10 00:00:00+00:00, run_after=2026-02-11 00:00:00+00:00
[2026-02-11T00:03:32.747+0000] {processor.py:183} INFO - Processing /home/airflow/.local/lib/python3.12/site-packages/airflow/example_dags/example_short_circuit_operator.py took 0.081 seconds
[2026-02-11T00:04:03.098+0000] {processor.py:161} INFO - Started process (PID=6758) to work on /home/airflow/.local/lib/python3.12/site-packages/airflow/example_dags/example_short_circuit_operator.py
[2026-02-11T00:04:03.099+0000] {processor.py:830} INFO - Processing file /home/airflow/.local/lib/python3.12/site-packages/airflow/example_dags/example_short_circuit_operator.py for tasks to queue
[2026-02-11T00:04:03.102+0000] {logging_mixin.py:188} INFO - [2026-02-11T00:04:03.101+0000] {dagbag.py:540} INFO - Filling up the DagBag from /home/airflow/.local/lib/python3.12/site-packages/airflow/example_dags/example_short_circuit_operator.py
[2026-02-11T00:04:03.109+0000] {processor.py:840} INFO - DAG(s) 'example_short_circuit_operator' retrieved from /home/airflow/.local/lib/python3.12/site-packages/airflow/example_dags/example_short_circuit_operator.py
[2026-02-11T00:04:03.134+0000] {logging_mixin.py:188} INFO - [2026-02-11T00:04:03.134+0000] {dag.py:3096} INFO - Sync 1 DAGs
[2026-02-11T00:04:03.157+0000] {logging_mixin.py:188} INFO - [2026-02-11T00:04:03.157+0000] {dag.py:3954} INFO - Setting next_dagrun for example_short_circuit_operator to 2026-02-10 00:00:00+00:00, run_after=2026-02-11 00:00:00+00:00
[2026-02-11T00:04:03.178+0000] {processor.py:183} INFO - Processing /home/airflow/.local/lib/python3.12/site-packages/airflow/example_dags/example_short_circuit_operator.py took 0.088 seconds
[2026-02-11T00:04:33.271+0000] {processor.py:161} INFO - Started process (PID=6812) to work on /home/airflow/.local/lib/python3.12/site-packages/airflow/example_dags/example_short_circuit_operator.py
[2026-02-11T00:04:33.272+0000] {processor.py:830} INFO - Processing file /home/airflow/.local/lib/python3.12/site-packages/airflow/example_dags/example_short_circuit_operator.py for tasks to queue
[2026-02-11T00:04:33.275+0000] {logging_mixin.py:188} INFO - [2026-02-11T00:04:33.274+0000] {dagbag.py:540} INFO - Filling up the DagBag from /home/airflow/.local/lib/python3.12/site-packages/airflow/example_dags/example_short_circuit_operator.py
[2026-02-11T00:04:33.283+0000] {processor.py:840} INFO - DAG(s) 'example_short_circuit_operator' retrieved from /home/airflow/.local/lib/python3.12/site-packages/airflow/example_dags/example_short_circuit_operator.py
[2026-02-11T00:04:33.306+0000] {logging_mixin.py:188} INFO - [2026-02-11T00:04:33.305+0000] {dag.py:3096} INFO - Sync 1 DAGs
[2026-02-11T00:04:33.328+0000] {logging_mixin.py:188} INFO - [2026-02-11T00:04:33.328+0000] {dag.py:3954} INFO - Setting next_dagrun for example_short_circuit_operator to 2026-02-10 00:00:00+00:00, run_after=2026-02-11 00:00:00+00:00
[2026-02-11T00:04:33.348+0000] {processor.py:183} INFO - Processing /home/airflow/.local/lib/python3.12/site-packages/airflow/example_dags/example_short_circuit_operator.py took 0.087 seconds
[2026-02-11T00:05:03.469+0000] {processor.py:161} INFO - Started process (PID=6866) to work on /home/airflow/.local/lib/python3.12/site-packages/airflow/example_dags/example_short_circuit_operator.py
[2026-02-11T00:05:03.470+0000] {processor.py:830} INFO - Processing file /home/airflow/.local/lib/python3.12/site-packages/airflow/example_dags/example_short_circuit_operator.py for tasks to queue
[2026-02-11T00:05:03.471+0000] {logging_mixin.py:188} INFO - [2026-02-11T00:05:03.471+0000] {dagbag.py:540} INFO - Filling up the DagBag from /home/airflow/.local/lib/python3.12/site-packages/airflow/example_dags/example_short_circuit_operator.py
[2026-02-11T00:05:03.478+0000] {processor.py:840} INFO - DAG(s) 'example_short_circuit_operator' retrieved from /home/airflow/.local/lib/python3.12/site-packages/airflow/example_dags/example_short_circuit_operator.py
[2026-02-11T00:05:03.501+0000] {logging_mixin.py:188} INFO - [2026-02-11T00:05:03.501+0000] {dag.py:3096} INFO - Sync 1 DAGs
[2026-02-11T00:05:03.522+0000] {logging_mixin.py:188} INFO - [2026-02-11T00:05:03.522+0000] {dag.py:3954} INFO - Setting next_dagrun for example_short_circuit_operator to 2026-02-10 00:00:00+00:00, run_after=2026-02-11 00:00:00+00:00
[2026-02-11T00:05:03.544+0000] {processor.py:183} INFO - Processing /home/airflow/.local/lib/python3.12/site-packages/airflow/example_dags/example_short_circuit_operator.py took 0.081 seconds
[2026-02-11T00:05:33.637+0000] {processor.py:161} INFO - Started process (PID=6920) to work on /home/airflow/.local/lib/python3.12/site-packages/airflow/example_dags/example_short_circuit_operator.py
[2026-02-11T00:05:33.638+0000] {processor.py:830} INFO - Processing file /home/airflow/.local/lib/python3.12/site-packages/airflow/example_dags/example_short_circuit_operator.py for tasks to queue
[2026-02-11T00:05:33.640+0000] {logging_mixin.py:188} INFO - [2026-02-11T00:05:33.639+0000] {dagbag.py:540} INFO - Filling up the DagBag from /home/airflow/.local/lib/python3.12/site-packages/airflow/example_dags/example_short_circuit_operator.py
[2026-02-11T00:05:33.646+0000] {processor.py:840} INFO - DAG(s) 'example_short_circuit_operator' retrieved from /home/airflow/.local/lib/python3.12/site-packages/airflow/example_dags/example_short_circuit_operator.py
[2026-02-11T00:05:33.670+0000] {logging_mixin.py:188} INFO - [2026-02-11T00:05:33.669+0000] {dag.py:3096} INFO - Sync 1 DAGs
[2026-02-11T00:05:33.690+0000] {logging_mixin.py:188} INFO - [2026-02-11T00:05:33.689+0000] {dag.py:3954} INFO - Setting next_dagrun for example_short_circuit_operator to 2026-02-10 00:00:00+00:00, run_after=2026-02-11 00:00:00+00:00
[2026-02-11T00:05:33.710+0000] {processor.py:183} INFO - Processing /home/airflow/.local/lib/python3.12/site-packages/airflow/example_dags/example_short_circuit_operator.py took 0.079 seconds
[2026-02-11T00:06:03.901+0000] {processor.py:161} INFO - Started process (PID=6974) to work on /home/airflow/.local/lib/python3.12/site-packages/airflow/example_dags/example_short_circuit_operator.py
[2026-02-11T00:06:03.902+0000] {processor.py:830} INFO - Processing file /home/airflow/.local/lib/python3.12/site-packages/airflow/example_dags/example_short_circuit_operator.py for tasks to queue
[2026-02-11T00:06:03.904+0000] {logging_mixin.py:188} INFO - [2026-02-11T00:06:03.904+0000] {dagbag.py:540} INFO - Filling up the DagBag from /home/airflow/.local/lib/python3.12/site-packages/airflow/example_dags/example_short_circuit_operator.py
[2026-02-11T00:06:03.910+0000] {processor.py:840} INFO - DAG(s) 'example_short_circuit_operator' retrieved from /home/airflow/.local/lib/python3.12/site-packages/airflow/example_dags/example_short_circuit_operator.py
[2026-02-11T00:06:03.934+0000] {logging_mixin.py:188} INFO - [2026-02-11T00:06:03.934+0000] {dag.py:3096} INFO - Sync 1 DAGs
[2026-02-11T00:06:03.955+0000] {logging_mixin.py:188} INFO - [2026-02-11T00:06:03.954+0000] {dag.py:3954} INFO - Setting next_dagrun for example_short_circuit_operator to 2026-02-10 00:00:00+00:00, run_after=2026-02-11 00:00:00+00:00
[2026-02-11T00:06:03.974+0000] {processor.py:183} INFO - Processing /home/airflow/.local/lib/python3.12/site-packages/airflow/example_dags/example_short_circuit_operator.py took 0.078 seconds
[2026-02-11T00:06:34.221+0000] {processor.py:161} INFO - Started process (PID=7028) to work on /home/airflow/.local/lib/python3.12/site-packages/airflow/example_dags/example_short_circuit_operator.py
[2026-02-11T00:06:34.222+0000] {processor.py:830} INFO - Processing file /home/airflow/.local/lib/python3.12/site-packages/airflow/example_dags/example_short_circuit_operator.py for tasks to queue
[2026-02-11T00:06:34.224+0000] {logging_mixin.py:188} INFO - [2026-02-11T00:06:34.224+0000] {dagbag.py:540} INFO - Filling up the DagBag from /home/airflow/.local/lib/python3.12/site-packages/airflow/example_dags/example_short_circuit_operator.py
[2026-02-11T00:06:34.231+0000] {processor.py:840} INFO - DAG(s) 'example_short_circuit_operator' retrieved from /home/airflow/.local/lib/python3.12/site-packages/airflow/example_dags/example_short_circuit_operator.py
[2026-02-11T00:06:34.252+0000] {logging_mixin.py:188} INFO - [2026-02-11T00:06:34.252+0000] {dag.py:3096} INFO - Sync 1 DAGs
[2026-02-11T00:06:34.271+0000] {logging_mixin.py:188} INFO - [2026-02-11T00:06:34.271+0000] {dag.py:3954} INFO - Setting next_dagrun for example_short_circuit_operator to 2026-02-10 00:00:00+00:00, run_after=2026-02-11 00:00:00+00:00
[2026-02-11T00:06:34.291+0000] {processor.py:183} INFO - Processing /home/airflow/.local/lib/python3.12/site-packages/airflow/example_dags/example_short_circuit_operator.py took 0.075 seconds
[2026-02-11T00:07:04.593+0000] {processor.py:161} INFO - Started process (PID=7082) to work on /home/airflow/.local/lib/python3.12/site-packages/airflow/example_dags/example_short_circuit_operator.py
[2026-02-11T00:07:04.594+0000] {processor.py:830} INFO - Processing file /home/airflow/.local/lib/python3.12/site-packages/airflow/example_dags/example_short_circuit_operator.py for tasks to queue
[2026-02-11T00:07:04.596+0000] {logging_mixin.py:188} INFO - [2026-02-11T00:07:04.595+0000] {dagbag.py:540} INFO - Filling up the DagBag from /home/airflow/.local/lib/python3.12/site-packages/airflow/example_dags/example_short_circuit_operator.py
[2026-02-11T00:07:04.602+0000] {processor.py:840} INFO - DAG(s) 'example_short_circuit_operator' retrieved from /home/airflow/.local/lib/python3.12/site-packages/airflow/example_dags/example_short_circuit_operator.py
[2026-02-11T00:07:04.625+0000] {logging_mixin.py:188} INFO - [2026-02-11T00:07:04.625+0000] {dag.py:3096} INFO - Sync 1 DAGs
[2026-02-11T00:07:04.644+0000] {logging_mixin.py:188} INFO - [2026-02-11T00:07:04.644+0000] {dag.py:3954} INFO - Setting next_dagrun for example_short_circuit_operator to 2026-02-10 00:00:00+00:00, run_after=2026-02-11 00:00:00+00:00
[2026-02-11T00:07:04.663+0000] {processor.py:183} INFO - Processing /home/airflow/.local/lib/python3.12/site-packages/airflow/example_dags/example_short_circuit_operator.py took 0.076 seconds
[2026-02-11T00:07:35.001+0000] {processor.py:161} INFO - Started process (PID=7136) to work on /home/airflow/.local/lib/python3.12/site-packages/airflow/example_dags/example_short_circuit_operator.py
[2026-02-11T00:07:35.002+0000] {processor.py:830} INFO - Processing file /home/airflow/.local/lib/python3.12/site-packages/airflow/example_dags/example_short_circuit_operator.py for tasks to queue
[2026-02-11T00:07:35.005+0000] {logging_mixin.py:188} INFO - [2026-02-11T00:07:35.004+0000] {dagbag.py:540} INFO - Filling up the DagBag from /home/airflow/.local/lib/python3.12/site-packages/airflow/example_dags/example_short_circuit_operator.py
[2026-02-11T00:07:35.011+0000] {processor.py:840} INFO - DAG(s) 'example_short_circuit_operator' retrieved from /home/airflow/.local/lib/python3.12/site-packages/airflow/example_dags/example_short_circuit_operator.py
[2026-02-11T00:07:35.035+0000] {logging_mixin.py:188} INFO - [2026-02-11T00:07:35.035+0000] {dag.py:3096} INFO - Sync 1 DAGs
[2026-02-11T00:07:35.057+0000] {logging_mixin.py:188} INFO - [2026-02-11T00:07:35.057+0000] {dag.py:3954} INFO - Setting next_dagrun for example_short_circuit_operator to 2026-02-10 00:00:00+00:00, run_after=2026-02-11 00:00:00+00:00
[2026-02-11T00:07:35.076+0000] {processor.py:183} INFO - Processing /home/airflow/.local/lib/python3.12/site-packages/airflow/example_dags/example_short_circuit_operator.py took 0.080 seconds
[2026-02-11T00:08:05.147+0000] {processor.py:161} INFO - Started process (PID=7190) to work on /home/airflow/.local/lib/python3.12/site-packages/airflow/example_dags/example_short_circuit_operator.py
[2026-02-11T00:08:05.155+0000] {processor.py:830} INFO - Processing file /home/airflow/.local/lib/python3.12/site-packages/airflow/example_dags/example_short_circuit_operator.py for tasks to queue
[2026-02-11T00:08:05.157+0000] {logging_mixin.py:188} INFO - [2026-02-11T00:08:05.157+0000] {dagbag.py:540} INFO - Filling up the DagBag from /home/airflow/.local/lib/python3.12/site-packages/airflow/example_dags/example_short_circuit_operator.py
[2026-02-11T00:08:05.166+0000] {processor.py:840} INFO - DAG(s) 'example_short_circuit_operator' retrieved from /home/airflow/.local/lib/python3.12/site-packages/airflow/example_dags/example_short_circuit_operator.py
[2026-02-11T00:08:05.190+0000] {logging_mixin.py:188} INFO - [2026-02-11T00:08:05.190+0000] {dag.py:3096} INFO - Sync 1 DAGs
[2026-02-11T00:08:05.212+0000] {logging_mixin.py:188} INFO - [2026-02-11T00:08:05.212+0000] {dag.py:3954} INFO - Setting next_dagrun for example_short_circuit_operator to 2026-02-10 00:00:00+00:00, run_after=2026-02-11 00:00:00+00:00
[2026-02-11T00:08:05.235+0000] {processor.py:183} INFO - Processing /home/airflow/.local/lib/python3.12/site-packages/airflow/example_dags/example_short_circuit_operator.py took 0.095 seconds
[2026-02-11T00:08:35.582+0000] {processor.py:161} INFO - Started process (PID=7244) to work on /home/airflow/.local/lib/python3.12/site-packages/airflow/example_dags/example_short_circuit_operator.py
[2026-02-11T00:08:35.584+0000] {processor.py:830} INFO - Processing file /home/airflow/.local/lib/python3.12/site-packages/airflow/example_dags/example_short_circuit_operator.py for tasks to queue
[2026-02-11T00:08:35.586+0000] {logging_mixin.py:188} INFO - [2026-02-11T00:08:35.585+0000] {dagbag.py:540} INFO - Filling up the DagBag from /home/airflow/.local/lib/python3.12/site-packages/airflow/example_dags/example_short_circuit_operator.py
[2026-02-11T00:08:35.593+0000] {processor.py:840} INFO - DAG(s) 'example_short_circuit_operator' retrieved from /home/airflow/.local/lib/python3.12/site-packages/airflow/example_dags/example_short_circuit_operator.py
[2026-02-11T00:08:35.618+0000] {logging_mixin.py:188} INFO - [2026-02-11T00:08:35.618+0000] {dag.py:3096} INFO - Sync 1 DAGs
[2026-02-11T00:08:35.641+0000] {logging_mixin.py:188} INFO - [2026-02-11T00:08:35.641+0000] {dag.py:3954} INFO - Setting next_dagrun for example_short_circuit_operator to 2026-02-10 00:00:00+00:00, run_after=2026-02-11 00:00:00+00:00
[2026-02-11T00:08:35.660+0000] {processor.py:183} INFO - Processing /home/airflow/.local/lib/python3.12/site-packages/airflow/example_dags/example_short_circuit_operator.py took 0.084 seconds
[2026-02-11T00:09:05.829+0000] {processor.py:161} INFO - Started process (PID=7298) to work on /home/airflow/.local/lib/python3.12/site-packages/airflow/example_dags/example_short_circuit_operator.py
[2026-02-11T00:09:05.830+0000] {processor.py:830} INFO - Processing file /home/airflow/.local/lib/python3.12/site-packages/airflow/example_dags/example_short_circuit_operator.py for tasks to queue
[2026-02-11T00:09:05.832+0000] {logging_mixin.py:188} INFO - [2026-02-11T00:09:05.831+0000] {dagbag.py:540} INFO - Filling up the DagBag from /home/airflow/.local/lib/python3.12/site-packages/airflow/example_dags/example_short_circuit_operator.py
[2026-02-11T00:09:05.839+0000] {processor.py:840} INFO - DAG(s) 'example_short_circuit_operator' retrieved from /home/airflow/.local/lib/python3.12/site-packages/airflow/example_dags/example_short_circuit_operator.py
[2026-02-11T00:09:05.860+0000] {logging_mixin.py:188} INFO - [2026-02-11T00:09:05.860+0000] {dag.py:3096} INFO - Sync 1 DAGs
[2026-02-11T00:09:05.881+0000] {logging_mixin.py:188} INFO - [2026-02-11T00:09:05.881+0000] {dag.py:3954} INFO - Setting next_dagrun for example_short_circuit_operator to 2026-02-10 00:00:00+00:00, run_after=2026-02-11 00:00:00+00:00
[2026-02-11T00:09:05.901+0000] {processor.py:183} INFO - Processing /home/airflow/.local/lib/python3.12/site-packages/airflow/example_dags/example_short_circuit_operator.py took 0.078 seconds
[2026-02-11T00:09:36.024+0000] {processor.py:161} INFO - Started process (PID=7352) to work on /home/airflow/.local/lib/python3.12/site-packages/airflow/example_dags/example_short_circuit_operator.py
[2026-02-11T00:09:36.025+0000] {processor.py:830} INFO - Processing file /home/airflow/.local/lib/python3.12/site-packages/airflow/example_dags/example_short_circuit_operator.py for tasks to queue
[2026-02-11T00:09:36.027+0000] {logging_mixin.py:188} INFO - [2026-02-11T00:09:36.027+0000] {dagbag.py:540} INFO - Filling up the DagBag from /home/airflow/.local/lib/python3.12/site-packages/airflow/example_dags/example_short_circuit_operator.py
[2026-02-11T00:09:36.034+0000] {processor.py:840} INFO - DAG(s) 'example_short_circuit_operator' retrieved from /home/airflow/.local/lib/python3.12/site-packages/airflow/example_dags/example_short_circuit_operator.py
[2026-02-11T00:09:36.056+0000] {logging_mixin.py:188} INFO - [2026-02-11T00:09:36.056+0000] {dag.py:3096} INFO - Sync 1 DAGs
[2026-02-11T00:09:36.075+0000] {logging_mixin.py:188} INFO - [2026-02-11T00:09:36.075+0000] {dag.py:3954} INFO - Setting next_dagrun for example_short_circuit_operator to 2026-02-10 00:00:00+00:00, run_after=2026-02-11 00:00:00+00:00
[2026-02-11T00:09:36.094+0000] {processor.py:183} INFO - Processing /home/airflow/.local/lib/python3.12/site-packages/airflow/example_dags/example_short_circuit_operator.py took 0.076 seconds
[2026-02-11T00:10:06.313+0000] {processor.py:161} INFO - Started process (PID=7406) to work on /home/airflow/.local/lib/python3.12/site-packages/airflow/example_dags/example_short_circuit_operator.py
[2026-02-11T00:10:06.314+0000] {processor.py:830} INFO - Processing file /home/airflow/.local/lib/python3.12/site-packages/airflow/example_dags/example_short_circuit_operator.py for tasks to queue
[2026-02-11T00:10:06.317+0000] {logging_mixin.py:188} INFO - [2026-02-11T00:10:06.316+0000] {dagbag.py:540} INFO - Filling up the DagBag from /home/airflow/.local/lib/python3.12/site-packages/airflow/example_dags/example_short_circuit_operator.py
[2026-02-11T00:10:06.324+0000] {processor.py:840} INFO - DAG(s) 'example_short_circuit_operator' retrieved from /home/airflow/.local/lib/python3.12/site-packages/airflow/example_dags/example_short_circuit_operator.py
[2026-02-11T00:10:06.347+0000] {logging_mixin.py:188} INFO - [2026-02-11T00:10:06.347+0000] {dag.py:3096} INFO - Sync 1 DAGs
[2026-02-11T00:10:06.366+0000] {logging_mixin.py:188} INFO - [2026-02-11T00:10:06.366+0000] {dag.py:3954} INFO - Setting next_dagrun for example_short_circuit_operator to 2026-02-10 00:00:00+00:00, run_after=2026-02-11 00:00:00+00:00
[2026-02-11T00:10:06.386+0000] {processor.py:183} INFO - Processing /home/airflow/.local/lib/python3.12/site-packages/airflow/example_dags/example_short_circuit_operator.py took 0.079 seconds
[2026-02-11T00:10:36.544+0000] {processor.py:161} INFO - Started process (PID=7460) to work on /home/airflow/.local/lib/python3.12/site-packages/airflow/example_dags/example_short_circuit_operator.py
[2026-02-11T00:10:36.545+0000] {processor.py:830} INFO - Processing file /home/airflow/.local/lib/python3.12/site-packages/airflow/example_dags/example_short_circuit_operator.py for tasks to queue
[2026-02-11T00:10:36.548+0000] {logging_mixin.py:188} INFO - [2026-02-11T00:10:36.547+0000] {dagbag.py:540} INFO - Filling up the DagBag from /home/airflow/.local/lib/python3.12/site-packages/airflow/example_dags/example_short_circuit_operator.py
[2026-02-11T00:10:36.557+0000] {processor.py:840} INFO - DAG(s) 'example_short_circuit_operator' retrieved from /home/airflow/.local/lib/python3.12/site-packages/airflow/example_dags/example_short_circuit_operator.py
[2026-02-11T00:10:36.579+0000] {logging_mixin.py:188} INFO - [2026-02-11T00:10:36.579+0000] {dag.py:3096} INFO - Sync 1 DAGs
[2026-02-11T00:10:36.602+0000] {logging_mixin.py:188} INFO - [2026-02-11T00:10:36.602+0000] {dag.py:3954} INFO - Setting next_dagrun for example_short_circuit_operator to 2026-02-10 00:00:00+00:00, run_after=2026-02-11 00:00:00+00:00
[2026-02-11T00:10:36.620+0000] {processor.py:183} INFO - Processing /home/airflow/.local/lib/python3.12/site-packages/airflow/example_dags/example_short_circuit_operator.py took 0.083 seconds
[2026-02-11T00:11:06.758+0000] {processor.py:161} INFO - Started process (PID=7514) to work on /home/airflow/.local/lib/python3.12/site-packages/airflow/example_dags/example_short_circuit_operator.py
[2026-02-11T00:11:06.759+0000] {processor.py:830} INFO - Processing file /home/airflow/.local/lib/python3.12/site-packages/airflow/example_dags/example_short_circuit_operator.py for tasks to queue
[2026-02-11T00:11:06.761+0000] {logging_mixin.py:188} INFO - [2026-02-11T00:11:06.761+0000] {dagbag.py:540} INFO - Filling up the DagBag from /home/airflow/.local/lib/python3.12/site-packages/airflow/example_dags/example_short_circuit_operator.py
[2026-02-11T00:11:06.768+0000] {processor.py:840} INFO - DAG(s) 'example_short_circuit_operator' retrieved from /home/airflow/.local/lib/python3.12/site-packages/airflow/example_dags/example_short_circuit_operator.py
[2026-02-11T00:11:06.794+0000] {logging_mixin.py:188} INFO - [2026-02-11T00:11:06.793+0000] {dag.py:3096} INFO - Sync 1 DAGs
[2026-02-11T00:11:06.819+0000] {logging_mixin.py:188} INFO - [2026-02-11T00:11:06.818+0000] {dag.py:3954} INFO - Setting next_dagrun for example_short_circuit_operator to 2026-02-10 00:00:00+00:00, run_after=2026-02-11 00:00:00+00:00
[2026-02-11T00:11:06.842+0000] {processor.py:183} INFO - Processing /home/airflow/.local/lib/python3.12/site-packages/airflow/example_dags/example_short_circuit_operator.py took 0.090 seconds
[2026-02-11T00:11:37.351+0000] {processor.py:161} INFO - Started process (PID=7568) to work on /home/airflow/.local/lib/python3.12/site-packages/airflow/example_dags/example_short_circuit_operator.py
[2026-02-11T00:11:37.352+0000] {processor.py:830} INFO - Processing file /home/airflow/.local/lib/python3.12/site-packages/airflow/example_dags/example_short_circuit_operator.py for tasks to queue
[2026-02-11T00:11:37.354+0000] {logging_mixin.py:188} INFO - [2026-02-11T00:11:37.354+0000] {dagbag.py:540} INFO - Filling up the DagBag from /home/airflow/.local/lib/python3.12/site-packages/airflow/example_dags/example_short_circuit_operator.py
[2026-02-11T00:11:37.361+0000] {processor.py:840} INFO - DAG(s) 'example_short_circuit_operator' retrieved from /home/airflow/.local/lib/python3.12/site-packages/airflow/example_dags/example_short_circuit_operator.py
[2026-02-11T00:11:37.385+0000] {logging_mixin.py:188} INFO - [2026-02-11T00:11:37.385+0000] {dag.py:3096} INFO - Sync 1 DAGs
[2026-02-11T00:11:37.408+0000] {logging_mixin.py:188} INFO - [2026-02-11T00:11:37.407+0000] {dag.py:3954} INFO - Setting next_dagrun for example_short_circuit_operator to 2026-02-10 00:00:00+00:00, run_after=2026-02-11 00:00:00+00:00
[2026-02-11T00:11:37.429+0000] {processor.py:183} INFO - Processing /home/airflow/.local/lib/python3.12/site-packages/airflow/example_dags/example_short_circuit_operator.py took 0.085 seconds
