[2026-02-11T00:00:26.430+0000] {processor.py:161} INFO - Started process (PID=6363) to work on /home/airflow/.local/lib/python3.12/site-packages/airflow/example_dags/example_branch_python_dop_operator_3.py
[2026-02-11T00:00:26.431+0000] {processor.py:830} INFO - Processing file /home/airflow/.local/lib/python3.12/site-packages/airflow/example_dags/example_branch_python_dop_operator_3.py for tasks to queue
[2026-02-11T00:00:26.434+0000] {logging_mixin.py:188} INFO - [2026-02-11T00:00:26.434+0000] {dagbag.py:540} INFO - Filling up the DagBag from /home/airflow/.local/lib/python3.12/site-packages/airflow/example_dags/example_branch_python_dop_operator_3.py
[2026-02-11T00:00:26.443+0000] {processor.py:840} INFO - DAG(s) 'example_branch_dop_operator_v3' retrieved from /home/airflow/.local/lib/python3.12/site-packages/airflow/example_dags/example_branch_python_dop_operator_3.py
[2026-02-11T00:00:26.464+0000] {logging_mixin.py:188} INFO - [2026-02-11T00:00:26.464+0000] {dag.py:3096} INFO - Sync 1 DAGs
[2026-02-11T00:00:26.490+0000] {logging_mixin.py:188} INFO - [2026-02-11T00:00:26.489+0000] {dag.py:3954} INFO - Setting next_dagrun for example_branch_dop_operator_v3 to 2026-02-10 23:59:00+00:00, run_after=2026-02-11 00:00:00+00:00
[2026-02-11T00:00:26.511+0000] {processor.py:183} INFO - Processing /home/airflow/.local/lib/python3.12/site-packages/airflow/example_dags/example_branch_python_dop_operator_3.py took 0.087 seconds
[2026-02-11T00:00:56.702+0000] {processor.py:161} INFO - Started process (PID=6417) to work on /home/airflow/.local/lib/python3.12/site-packages/airflow/example_dags/example_branch_python_dop_operator_3.py
[2026-02-11T00:00:56.704+0000] {processor.py:830} INFO - Processing file /home/airflow/.local/lib/python3.12/site-packages/airflow/example_dags/example_branch_python_dop_operator_3.py for tasks to queue
[2026-02-11T00:00:56.706+0000] {logging_mixin.py:188} INFO - [2026-02-11T00:00:56.705+0000] {dagbag.py:540} INFO - Filling up the DagBag from /home/airflow/.local/lib/python3.12/site-packages/airflow/example_dags/example_branch_python_dop_operator_3.py
[2026-02-11T00:00:56.715+0000] {processor.py:840} INFO - DAG(s) 'example_branch_dop_operator_v3' retrieved from /home/airflow/.local/lib/python3.12/site-packages/airflow/example_dags/example_branch_python_dop_operator_3.py
[2026-02-11T00:00:56.737+0000] {logging_mixin.py:188} INFO - [2026-02-11T00:00:56.737+0000] {dag.py:3096} INFO - Sync 1 DAGs
[2026-02-11T00:00:56.761+0000] {logging_mixin.py:188} INFO - [2026-02-11T00:00:56.760+0000] {dag.py:3954} INFO - Setting next_dagrun for example_branch_dop_operator_v3 to 2026-02-10 23:59:00+00:00, run_after=2026-02-11 00:00:00+00:00
[2026-02-11T00:00:56.782+0000] {processor.py:183} INFO - Processing /home/airflow/.local/lib/python3.12/site-packages/airflow/example_dags/example_branch_python_dop_operator_3.py took 0.085 seconds
[2026-02-11T00:01:27.098+0000] {processor.py:161} INFO - Started process (PID=6471) to work on /home/airflow/.local/lib/python3.12/site-packages/airflow/example_dags/example_branch_python_dop_operator_3.py
[2026-02-11T00:01:27.100+0000] {processor.py:830} INFO - Processing file /home/airflow/.local/lib/python3.12/site-packages/airflow/example_dags/example_branch_python_dop_operator_3.py for tasks to queue
[2026-02-11T00:01:27.103+0000] {logging_mixin.py:188} INFO - [2026-02-11T00:01:27.102+0000] {dagbag.py:540} INFO - Filling up the DagBag from /home/airflow/.local/lib/python3.12/site-packages/airflow/example_dags/example_branch_python_dop_operator_3.py
[2026-02-11T00:01:27.117+0000] {processor.py:840} INFO - DAG(s) 'example_branch_dop_operator_v3' retrieved from /home/airflow/.local/lib/python3.12/site-packages/airflow/example_dags/example_branch_python_dop_operator_3.py
[2026-02-11T00:01:27.158+0000] {logging_mixin.py:188} INFO - [2026-02-11T00:01:27.157+0000] {dag.py:3096} INFO - Sync 1 DAGs
[2026-02-11T00:01:27.204+0000] {logging_mixin.py:188} INFO - [2026-02-11T00:01:27.204+0000] {dag.py:3954} INFO - Setting next_dagrun for example_branch_dop_operator_v3 to 2026-02-11 00:00:00+00:00, run_after=2026-02-11 00:01:00+00:00
[2026-02-11T00:01:27.238+0000] {processor.py:183} INFO - Processing /home/airflow/.local/lib/python3.12/site-packages/airflow/example_dags/example_branch_python_dop_operator_3.py took 0.150 seconds
[2026-02-11T00:01:57.636+0000] {processor.py:161} INFO - Started process (PID=6525) to work on /home/airflow/.local/lib/python3.12/site-packages/airflow/example_dags/example_branch_python_dop_operator_3.py
[2026-02-11T00:01:57.637+0000] {processor.py:830} INFO - Processing file /home/airflow/.local/lib/python3.12/site-packages/airflow/example_dags/example_branch_python_dop_operator_3.py for tasks to queue
[2026-02-11T00:01:57.640+0000] {logging_mixin.py:188} INFO - [2026-02-11T00:01:57.639+0000] {dagbag.py:540} INFO - Filling up the DagBag from /home/airflow/.local/lib/python3.12/site-packages/airflow/example_dags/example_branch_python_dop_operator_3.py
[2026-02-11T00:01:57.649+0000] {processor.py:840} INFO - DAG(s) 'example_branch_dop_operator_v3' retrieved from /home/airflow/.local/lib/python3.12/site-packages/airflow/example_dags/example_branch_python_dop_operator_3.py
[2026-02-11T00:01:57.672+0000] {logging_mixin.py:188} INFO - [2026-02-11T00:01:57.672+0000] {dag.py:3096} INFO - Sync 1 DAGs
[2026-02-11T00:01:57.698+0000] {logging_mixin.py:188} INFO - [2026-02-11T00:01:57.697+0000] {dag.py:3954} INFO - Setting next_dagrun for example_branch_dop_operator_v3 to 2026-02-11 00:00:00+00:00, run_after=2026-02-11 00:01:00+00:00
[2026-02-11T00:01:57.716+0000] {processor.py:183} INFO - Processing /home/airflow/.local/lib/python3.12/site-packages/airflow/example_dags/example_branch_python_dop_operator_3.py took 0.087 seconds
[2026-02-11T00:02:27.926+0000] {processor.py:161} INFO - Started process (PID=6579) to work on /home/airflow/.local/lib/python3.12/site-packages/airflow/example_dags/example_branch_python_dop_operator_3.py
[2026-02-11T00:02:27.928+0000] {processor.py:830} INFO - Processing file /home/airflow/.local/lib/python3.12/site-packages/airflow/example_dags/example_branch_python_dop_operator_3.py for tasks to queue
[2026-02-11T00:02:27.930+0000] {logging_mixin.py:188} INFO - [2026-02-11T00:02:27.929+0000] {dagbag.py:540} INFO - Filling up the DagBag from /home/airflow/.local/lib/python3.12/site-packages/airflow/example_dags/example_branch_python_dop_operator_3.py
[2026-02-11T00:02:27.939+0000] {processor.py:840} INFO - DAG(s) 'example_branch_dop_operator_v3' retrieved from /home/airflow/.local/lib/python3.12/site-packages/airflow/example_dags/example_branch_python_dop_operator_3.py
[2026-02-11T00:02:27.962+0000] {logging_mixin.py:188} INFO - [2026-02-11T00:02:27.962+0000] {dag.py:3096} INFO - Sync 1 DAGs
[2026-02-11T00:02:27.987+0000] {logging_mixin.py:188} INFO - [2026-02-11T00:02:27.987+0000] {dag.py:3954} INFO - Setting next_dagrun for example_branch_dop_operator_v3 to 2026-02-11 00:01:00+00:00, run_after=2026-02-11 00:02:00+00:00
[2026-02-11T00:02:28.010+0000] {processor.py:183} INFO - Processing /home/airflow/.local/lib/python3.12/site-packages/airflow/example_dags/example_branch_python_dop_operator_3.py took 0.089 seconds
[2026-02-11T00:02:58.142+0000] {processor.py:161} INFO - Started process (PID=6633) to work on /home/airflow/.local/lib/python3.12/site-packages/airflow/example_dags/example_branch_python_dop_operator_3.py
[2026-02-11T00:02:58.143+0000] {processor.py:830} INFO - Processing file /home/airflow/.local/lib/python3.12/site-packages/airflow/example_dags/example_branch_python_dop_operator_3.py for tasks to queue
[2026-02-11T00:02:58.145+0000] {logging_mixin.py:188} INFO - [2026-02-11T00:02:58.144+0000] {dagbag.py:540} INFO - Filling up the DagBag from /home/airflow/.local/lib/python3.12/site-packages/airflow/example_dags/example_branch_python_dop_operator_3.py
[2026-02-11T00:02:58.154+0000] {processor.py:840} INFO - DAG(s) 'example_branch_dop_operator_v3' retrieved from /home/airflow/.local/lib/python3.12/site-packages/airflow/example_dags/example_branch_python_dop_operator_3.py
[2026-02-11T00:02:58.174+0000] {logging_mixin.py:188} INFO - [2026-02-11T00:02:58.174+0000] {dag.py:3096} INFO - Sync 1 DAGs
[2026-02-11T00:02:58.197+0000] {logging_mixin.py:188} INFO - [2026-02-11T00:02:58.197+0000] {dag.py:3954} INFO - Setting next_dagrun for example_branch_dop_operator_v3 to 2026-02-11 00:01:00+00:00, run_after=2026-02-11 00:02:00+00:00
[2026-02-11T00:02:58.215+0000] {processor.py:183} INFO - Processing /home/airflow/.local/lib/python3.12/site-packages/airflow/example_dags/example_branch_python_dop_operator_3.py took 0.079 seconds
[2026-02-11T00:03:28.501+0000] {processor.py:161} INFO - Started process (PID=6687) to work on /home/airflow/.local/lib/python3.12/site-packages/airflow/example_dags/example_branch_python_dop_operator_3.py
[2026-02-11T00:03:28.502+0000] {processor.py:830} INFO - Processing file /home/airflow/.local/lib/python3.12/site-packages/airflow/example_dags/example_branch_python_dop_operator_3.py for tasks to queue
[2026-02-11T00:03:28.505+0000] {logging_mixin.py:188} INFO - [2026-02-11T00:03:28.505+0000] {dagbag.py:540} INFO - Filling up the DagBag from /home/airflow/.local/lib/python3.12/site-packages/airflow/example_dags/example_branch_python_dop_operator_3.py
[2026-02-11T00:03:28.514+0000] {processor.py:840} INFO - DAG(s) 'example_branch_dop_operator_v3' retrieved from /home/airflow/.local/lib/python3.12/site-packages/airflow/example_dags/example_branch_python_dop_operator_3.py
[2026-02-11T00:03:28.536+0000] {logging_mixin.py:188} INFO - [2026-02-11T00:03:28.536+0000] {dag.py:3096} INFO - Sync 1 DAGs
[2026-02-11T00:03:28.560+0000] {logging_mixin.py:188} INFO - [2026-02-11T00:03:28.559+0000] {dag.py:3954} INFO - Setting next_dagrun for example_branch_dop_operator_v3 to 2026-02-11 00:02:00+00:00, run_after=2026-02-11 00:03:00+00:00
[2026-02-11T00:03:28.581+0000] {processor.py:183} INFO - Processing /home/airflow/.local/lib/python3.12/site-packages/airflow/example_dags/example_branch_python_dop_operator_3.py took 0.085 seconds
[2026-02-11T00:03:58.836+0000] {processor.py:161} INFO - Started process (PID=6741) to work on /home/airflow/.local/lib/python3.12/site-packages/airflow/example_dags/example_branch_python_dop_operator_3.py
[2026-02-11T00:03:58.837+0000] {processor.py:830} INFO - Processing file /home/airflow/.local/lib/python3.12/site-packages/airflow/example_dags/example_branch_python_dop_operator_3.py for tasks to queue
[2026-02-11T00:03:58.839+0000] {logging_mixin.py:188} INFO - [2026-02-11T00:03:58.838+0000] {dagbag.py:540} INFO - Filling up the DagBag from /home/airflow/.local/lib/python3.12/site-packages/airflow/example_dags/example_branch_python_dop_operator_3.py
[2026-02-11T00:03:58.847+0000] {processor.py:840} INFO - DAG(s) 'example_branch_dop_operator_v3' retrieved from /home/airflow/.local/lib/python3.12/site-packages/airflow/example_dags/example_branch_python_dop_operator_3.py
[2026-02-11T00:03:58.869+0000] {logging_mixin.py:188} INFO - [2026-02-11T00:03:58.868+0000] {dag.py:3096} INFO - Sync 1 DAGs
[2026-02-11T00:03:58.894+0000] {logging_mixin.py:188} INFO - [2026-02-11T00:03:58.893+0000] {dag.py:3954} INFO - Setting next_dagrun for example_branch_dop_operator_v3 to 2026-02-11 00:02:00+00:00, run_after=2026-02-11 00:03:00+00:00
[2026-02-11T00:03:58.912+0000] {processor.py:183} INFO - Processing /home/airflow/.local/lib/python3.12/site-packages/airflow/example_dags/example_branch_python_dop_operator_3.py took 0.083 seconds
[2026-02-11T00:04:29.125+0000] {processor.py:161} INFO - Started process (PID=6795) to work on /home/airflow/.local/lib/python3.12/site-packages/airflow/example_dags/example_branch_python_dop_operator_3.py
[2026-02-11T00:04:29.127+0000] {processor.py:830} INFO - Processing file /home/airflow/.local/lib/python3.12/site-packages/airflow/example_dags/example_branch_python_dop_operator_3.py for tasks to queue
[2026-02-11T00:04:29.129+0000] {logging_mixin.py:188} INFO - [2026-02-11T00:04:29.129+0000] {dagbag.py:540} INFO - Filling up the DagBag from /home/airflow/.local/lib/python3.12/site-packages/airflow/example_dags/example_branch_python_dop_operator_3.py
[2026-02-11T00:04:29.138+0000] {processor.py:840} INFO - DAG(s) 'example_branch_dop_operator_v3' retrieved from /home/airflow/.local/lib/python3.12/site-packages/airflow/example_dags/example_branch_python_dop_operator_3.py
[2026-02-11T00:04:29.163+0000] {logging_mixin.py:188} INFO - [2026-02-11T00:04:29.162+0000] {dag.py:3096} INFO - Sync 1 DAGs
[2026-02-11T00:04:29.188+0000] {logging_mixin.py:188} INFO - [2026-02-11T00:04:29.188+0000] {dag.py:3954} INFO - Setting next_dagrun for example_branch_dop_operator_v3 to 2026-02-11 00:03:00+00:00, run_after=2026-02-11 00:04:00+00:00
[2026-02-11T00:04:29.210+0000] {processor.py:183} INFO - Processing /home/airflow/.local/lib/python3.12/site-packages/airflow/example_dags/example_branch_python_dop_operator_3.py took 0.092 seconds
[2026-02-11T00:04:59.329+0000] {processor.py:161} INFO - Started process (PID=6849) to work on /home/airflow/.local/lib/python3.12/site-packages/airflow/example_dags/example_branch_python_dop_operator_3.py
[2026-02-11T00:04:59.330+0000] {processor.py:830} INFO - Processing file /home/airflow/.local/lib/python3.12/site-packages/airflow/example_dags/example_branch_python_dop_operator_3.py for tasks to queue
[2026-02-11T00:04:59.332+0000] {logging_mixin.py:188} INFO - [2026-02-11T00:04:59.331+0000] {dagbag.py:540} INFO - Filling up the DagBag from /home/airflow/.local/lib/python3.12/site-packages/airflow/example_dags/example_branch_python_dop_operator_3.py
[2026-02-11T00:04:59.340+0000] {processor.py:840} INFO - DAG(s) 'example_branch_dop_operator_v3' retrieved from /home/airflow/.local/lib/python3.12/site-packages/airflow/example_dags/example_branch_python_dop_operator_3.py
[2026-02-11T00:04:59.362+0000] {logging_mixin.py:188} INFO - [2026-02-11T00:04:59.362+0000] {dag.py:3096} INFO - Sync 1 DAGs
[2026-02-11T00:04:59.386+0000] {logging_mixin.py:188} INFO - [2026-02-11T00:04:59.386+0000] {dag.py:3954} INFO - Setting next_dagrun for example_branch_dop_operator_v3 to 2026-02-11 00:03:00+00:00, run_after=2026-02-11 00:04:00+00:00
[2026-02-11T00:04:59.413+0000] {processor.py:183} INFO - Processing /home/airflow/.local/lib/python3.12/site-packages/airflow/example_dags/example_branch_python_dop_operator_3.py took 0.091 seconds
[2026-02-11T00:05:29.563+0000] {processor.py:161} INFO - Started process (PID=6903) to work on /home/airflow/.local/lib/python3.12/site-packages/airflow/example_dags/example_branch_python_dop_operator_3.py
[2026-02-11T00:05:29.565+0000] {processor.py:830} INFO - Processing file /home/airflow/.local/lib/python3.12/site-packages/airflow/example_dags/example_branch_python_dop_operator_3.py for tasks to queue
[2026-02-11T00:05:29.567+0000] {logging_mixin.py:188} INFO - [2026-02-11T00:05:29.567+0000] {dagbag.py:540} INFO - Filling up the DagBag from /home/airflow/.local/lib/python3.12/site-packages/airflow/example_dags/example_branch_python_dop_operator_3.py
[2026-02-11T00:05:29.575+0000] {processor.py:840} INFO - DAG(s) 'example_branch_dop_operator_v3' retrieved from /home/airflow/.local/lib/python3.12/site-packages/airflow/example_dags/example_branch_python_dop_operator_3.py
[2026-02-11T00:05:29.597+0000] {logging_mixin.py:188} INFO - [2026-02-11T00:05:29.597+0000] {dag.py:3096} INFO - Sync 1 DAGs
[2026-02-11T00:05:29.623+0000] {logging_mixin.py:188} INFO - [2026-02-11T00:05:29.623+0000] {dag.py:3954} INFO - Setting next_dagrun for example_branch_dop_operator_v3 to 2026-02-11 00:04:00+00:00, run_after=2026-02-11 00:05:00+00:00
[2026-02-11T00:05:29.643+0000] {processor.py:183} INFO - Processing /home/airflow/.local/lib/python3.12/site-packages/airflow/example_dags/example_branch_python_dop_operator_3.py took 0.086 seconds
[2026-02-11T00:05:59.922+0000] {processor.py:161} INFO - Started process (PID=6957) to work on /home/airflow/.local/lib/python3.12/site-packages/airflow/example_dags/example_branch_python_dop_operator_3.py
[2026-02-11T00:05:59.924+0000] {processor.py:830} INFO - Processing file /home/airflow/.local/lib/python3.12/site-packages/airflow/example_dags/example_branch_python_dop_operator_3.py for tasks to queue
[2026-02-11T00:05:59.926+0000] {logging_mixin.py:188} INFO - [2026-02-11T00:05:59.926+0000] {dagbag.py:540} INFO - Filling up the DagBag from /home/airflow/.local/lib/python3.12/site-packages/airflow/example_dags/example_branch_python_dop_operator_3.py
[2026-02-11T00:05:59.937+0000] {processor.py:840} INFO - DAG(s) 'example_branch_dop_operator_v3' retrieved from /home/airflow/.local/lib/python3.12/site-packages/airflow/example_dags/example_branch_python_dop_operator_3.py
[2026-02-11T00:05:59.961+0000] {logging_mixin.py:188} INFO - [2026-02-11T00:05:59.961+0000] {dag.py:3096} INFO - Sync 1 DAGs
[2026-02-11T00:05:59.988+0000] {logging_mixin.py:188} INFO - [2026-02-11T00:05:59.988+0000] {dag.py:3954} INFO - Setting next_dagrun for example_branch_dop_operator_v3 to 2026-02-11 00:04:00+00:00, run_after=2026-02-11 00:05:00+00:00
[2026-02-11T00:06:00.010+0000] {processor.py:183} INFO - Processing /home/airflow/.local/lib/python3.12/site-packages/airflow/example_dags/example_branch_python_dop_operator_3.py took 0.095 seconds
[2026-02-11T00:06:30.145+0000] {processor.py:161} INFO - Started process (PID=7011) to work on /home/airflow/.local/lib/python3.12/site-packages/airflow/example_dags/example_branch_python_dop_operator_3.py
[2026-02-11T00:06:30.146+0000] {processor.py:830} INFO - Processing file /home/airflow/.local/lib/python3.12/site-packages/airflow/example_dags/example_branch_python_dop_operator_3.py for tasks to queue
[2026-02-11T00:06:30.147+0000] {logging_mixin.py:188} INFO - [2026-02-11T00:06:30.147+0000] {dagbag.py:540} INFO - Filling up the DagBag from /home/airflow/.local/lib/python3.12/site-packages/airflow/example_dags/example_branch_python_dop_operator_3.py
[2026-02-11T00:06:30.155+0000] {processor.py:840} INFO - DAG(s) 'example_branch_dop_operator_v3' retrieved from /home/airflow/.local/lib/python3.12/site-packages/airflow/example_dags/example_branch_python_dop_operator_3.py
[2026-02-11T00:06:30.174+0000] {logging_mixin.py:188} INFO - [2026-02-11T00:06:30.174+0000] {dag.py:3096} INFO - Sync 1 DAGs
[2026-02-11T00:06:30.197+0000] {logging_mixin.py:188} INFO - [2026-02-11T00:06:30.197+0000] {dag.py:3954} INFO - Setting next_dagrun for example_branch_dop_operator_v3 to 2026-02-11 00:05:00+00:00, run_after=2026-02-11 00:06:00+00:00
[2026-02-11T00:06:30.218+0000] {processor.py:183} INFO - Processing /home/airflow/.local/lib/python3.12/site-packages/airflow/example_dags/example_branch_python_dop_operator_3.py took 0.079 seconds
[2026-02-11T00:07:00.526+0000] {processor.py:161} INFO - Started process (PID=7065) to work on /home/airflow/.local/lib/python3.12/site-packages/airflow/example_dags/example_branch_python_dop_operator_3.py
[2026-02-11T00:07:00.528+0000] {processor.py:830} INFO - Processing file /home/airflow/.local/lib/python3.12/site-packages/airflow/example_dags/example_branch_python_dop_operator_3.py for tasks to queue
[2026-02-11T00:07:00.531+0000] {logging_mixin.py:188} INFO - [2026-02-11T00:07:00.530+0000] {dagbag.py:540} INFO - Filling up the DagBag from /home/airflow/.local/lib/python3.12/site-packages/airflow/example_dags/example_branch_python_dop_operator_3.py
[2026-02-11T00:07:00.545+0000] {processor.py:840} INFO - DAG(s) 'example_branch_dop_operator_v3' retrieved from /home/airflow/.local/lib/python3.12/site-packages/airflow/example_dags/example_branch_python_dop_operator_3.py
[2026-02-11T00:07:00.577+0000] {logging_mixin.py:188} INFO - [2026-02-11T00:07:00.576+0000] {dag.py:3096} INFO - Sync 1 DAGs
[2026-02-11T00:07:00.614+0000] {logging_mixin.py:188} INFO - [2026-02-11T00:07:00.614+0000] {dag.py:3954} INFO - Setting next_dagrun for example_branch_dop_operator_v3 to 2026-02-11 00:06:00+00:00, run_after=2026-02-11 00:07:00+00:00
[2026-02-11T00:07:00.642+0000] {processor.py:183} INFO - Processing /home/airflow/.local/lib/python3.12/site-packages/airflow/example_dags/example_branch_python_dop_operator_3.py took 0.126 seconds
[2026-02-11T00:07:30.936+0000] {processor.py:161} INFO - Started process (PID=7119) to work on /home/airflow/.local/lib/python3.12/site-packages/airflow/example_dags/example_branch_python_dop_operator_3.py
[2026-02-11T00:07:30.937+0000] {processor.py:830} INFO - Processing file /home/airflow/.local/lib/python3.12/site-packages/airflow/example_dags/example_branch_python_dop_operator_3.py for tasks to queue
[2026-02-11T00:07:30.939+0000] {logging_mixin.py:188} INFO - [2026-02-11T00:07:30.939+0000] {dagbag.py:540} INFO - Filling up the DagBag from /home/airflow/.local/lib/python3.12/site-packages/airflow/example_dags/example_branch_python_dop_operator_3.py
[2026-02-11T00:07:30.953+0000] {processor.py:840} INFO - DAG(s) 'example_branch_dop_operator_v3' retrieved from /home/airflow/.local/lib/python3.12/site-packages/airflow/example_dags/example_branch_python_dop_operator_3.py
[2026-02-11T00:07:30.975+0000] {logging_mixin.py:188} INFO - [2026-02-11T00:07:30.975+0000] {dag.py:3096} INFO - Sync 1 DAGs
[2026-02-11T00:07:31.003+0000] {logging_mixin.py:188} INFO - [2026-02-11T00:07:31.003+0000] {dag.py:3954} INFO - Setting next_dagrun for example_branch_dop_operator_v3 to 2026-02-11 00:06:00+00:00, run_after=2026-02-11 00:07:00+00:00
[2026-02-11T00:07:31.023+0000] {processor.py:183} INFO - Processing /home/airflow/.local/lib/python3.12/site-packages/airflow/example_dags/example_branch_python_dop_operator_3.py took 0.095 seconds
[2026-02-11T00:08:01.185+0000] {processor.py:161} INFO - Started process (PID=7173) to work on /home/airflow/.local/lib/python3.12/site-packages/airflow/example_dags/example_branch_python_dop_operator_3.py
[2026-02-11T00:08:01.186+0000] {processor.py:830} INFO - Processing file /home/airflow/.local/lib/python3.12/site-packages/airflow/example_dags/example_branch_python_dop_operator_3.py for tasks to queue
[2026-02-11T00:08:01.188+0000] {logging_mixin.py:188} INFO - [2026-02-11T00:08:01.187+0000] {dagbag.py:540} INFO - Filling up the DagBag from /home/airflow/.local/lib/python3.12/site-packages/airflow/example_dags/example_branch_python_dop_operator_3.py
[2026-02-11T00:08:01.198+0000] {processor.py:840} INFO - DAG(s) 'example_branch_dop_operator_v3' retrieved from /home/airflow/.local/lib/python3.12/site-packages/airflow/example_dags/example_branch_python_dop_operator_3.py
[2026-02-11T00:08:01.220+0000] {logging_mixin.py:188} INFO - [2026-02-11T00:08:01.219+0000] {dag.py:3096} INFO - Sync 1 DAGs
[2026-02-11T00:08:01.253+0000] {logging_mixin.py:188} INFO - [2026-02-11T00:08:01.252+0000] {dag.py:3954} INFO - Setting next_dagrun for example_branch_dop_operator_v3 to 2026-02-11 00:07:00+00:00, run_after=2026-02-11 00:08:00+00:00
[2026-02-11T00:08:01.271+0000] {processor.py:183} INFO - Processing /home/airflow/.local/lib/python3.12/site-packages/airflow/example_dags/example_branch_python_dop_operator_3.py took 0.093 seconds
[2026-02-11T00:08:31.480+0000] {processor.py:161} INFO - Started process (PID=7227) to work on /home/airflow/.local/lib/python3.12/site-packages/airflow/example_dags/example_branch_python_dop_operator_3.py
[2026-02-11T00:08:31.481+0000] {processor.py:830} INFO - Processing file /home/airflow/.local/lib/python3.12/site-packages/airflow/example_dags/example_branch_python_dop_operator_3.py for tasks to queue
[2026-02-11T00:08:31.483+0000] {logging_mixin.py:188} INFO - [2026-02-11T00:08:31.482+0000] {dagbag.py:540} INFO - Filling up the DagBag from /home/airflow/.local/lib/python3.12/site-packages/airflow/example_dags/example_branch_python_dop_operator_3.py
[2026-02-11T00:08:31.492+0000] {processor.py:840} INFO - DAG(s) 'example_branch_dop_operator_v3' retrieved from /home/airflow/.local/lib/python3.12/site-packages/airflow/example_dags/example_branch_python_dop_operator_3.py
[2026-02-11T00:08:31.517+0000] {logging_mixin.py:188} INFO - [2026-02-11T00:08:31.516+0000] {dag.py:3096} INFO - Sync 1 DAGs
[2026-02-11T00:08:31.550+0000] {logging_mixin.py:188} INFO - [2026-02-11T00:08:31.550+0000] {dag.py:3954} INFO - Setting next_dagrun for example_branch_dop_operator_v3 to 2026-02-11 00:07:00+00:00, run_after=2026-02-11 00:08:00+00:00
[2026-02-11T00:08:31.575+0000] {processor.py:183} INFO - Processing /home/airflow/.local/lib/python3.12/site-packages/airflow/example_dags/example_branch_python_dop_operator_3.py took 0.105 seconds
[2026-02-11T00:09:01.709+0000] {processor.py:161} INFO - Started process (PID=7281) to work on /home/airflow/.local/lib/python3.12/site-packages/airflow/example_dags/example_branch_python_dop_operator_3.py
[2026-02-11T00:09:01.710+0000] {processor.py:830} INFO - Processing file /home/airflow/.local/lib/python3.12/site-packages/airflow/example_dags/example_branch_python_dop_operator_3.py for tasks to queue
[2026-02-11T00:09:01.712+0000] {logging_mixin.py:188} INFO - [2026-02-11T00:09:01.712+0000] {dagbag.py:540} INFO - Filling up the DagBag from /home/airflow/.local/lib/python3.12/site-packages/airflow/example_dags/example_branch_python_dop_operator_3.py
[2026-02-11T00:09:01.721+0000] {processor.py:840} INFO - DAG(s) 'example_branch_dop_operator_v3' retrieved from /home/airflow/.local/lib/python3.12/site-packages/airflow/example_dags/example_branch_python_dop_operator_3.py
[2026-02-11T00:09:01.758+0000] {logging_mixin.py:188} INFO - [2026-02-11T00:09:01.758+0000] {dag.py:3096} INFO - Sync 1 DAGs
[2026-02-11T00:09:01.787+0000] {logging_mixin.py:188} INFO - [2026-02-11T00:09:01.787+0000] {dag.py:3954} INFO - Setting next_dagrun for example_branch_dop_operator_v3 to 2026-02-11 00:08:00+00:00, run_after=2026-02-11 00:09:00+00:00
[2026-02-11T00:09:01.806+0000] {processor.py:183} INFO - Processing /home/airflow/.local/lib/python3.12/site-packages/airflow/example_dags/example_branch_python_dop_operator_3.py took 0.103 seconds
[2026-02-11T00:09:31.942+0000] {processor.py:161} INFO - Started process (PID=7335) to work on /home/airflow/.local/lib/python3.12/site-packages/airflow/example_dags/example_branch_python_dop_operator_3.py
[2026-02-11T00:09:31.943+0000] {processor.py:830} INFO - Processing file /home/airflow/.local/lib/python3.12/site-packages/airflow/example_dags/example_branch_python_dop_operator_3.py for tasks to queue
[2026-02-11T00:09:31.946+0000] {logging_mixin.py:188} INFO - [2026-02-11T00:09:31.945+0000] {dagbag.py:540} INFO - Filling up the DagBag from /home/airflow/.local/lib/python3.12/site-packages/airflow/example_dags/example_branch_python_dop_operator_3.py
[2026-02-11T00:09:31.954+0000] {processor.py:840} INFO - DAG(s) 'example_branch_dop_operator_v3' retrieved from /home/airflow/.local/lib/python3.12/site-packages/airflow/example_dags/example_branch_python_dop_operator_3.py
[2026-02-11T00:09:31.975+0000] {logging_mixin.py:188} INFO - [2026-02-11T00:09:31.975+0000] {dag.py:3096} INFO - Sync 1 DAGs
[2026-02-11T00:09:32.000+0000] {logging_mixin.py:188} INFO - [2026-02-11T00:09:32.000+0000] {dag.py:3954} INFO - Setting next_dagrun for example_branch_dop_operator_v3 to 2026-02-11 00:08:00+00:00, run_after=2026-02-11 00:09:00+00:00
[2026-02-11T00:09:32.018+0000] {processor.py:183} INFO - Processing /home/airflow/.local/lib/python3.12/site-packages/airflow/example_dags/example_branch_python_dop_operator_3.py took 0.082 seconds
[2026-02-11T00:10:02.269+0000] {processor.py:161} INFO - Started process (PID=7389) to work on /home/airflow/.local/lib/python3.12/site-packages/airflow/example_dags/example_branch_python_dop_operator_3.py
[2026-02-11T00:10:02.271+0000] {processor.py:830} INFO - Processing file /home/airflow/.local/lib/python3.12/site-packages/airflow/example_dags/example_branch_python_dop_operator_3.py for tasks to queue
[2026-02-11T00:10:02.274+0000] {logging_mixin.py:188} INFO - [2026-02-11T00:10:02.273+0000] {dagbag.py:540} INFO - Filling up the DagBag from /home/airflow/.local/lib/python3.12/site-packages/airflow/example_dags/example_branch_python_dop_operator_3.py
[2026-02-11T00:10:02.282+0000] {processor.py:840} INFO - DAG(s) 'example_branch_dop_operator_v3' retrieved from /home/airflow/.local/lib/python3.12/site-packages/airflow/example_dags/example_branch_python_dop_operator_3.py
[2026-02-11T00:10:02.303+0000] {logging_mixin.py:188} INFO - [2026-02-11T00:10:02.303+0000] {dag.py:3096} INFO - Sync 1 DAGs
[2026-02-11T00:10:02.328+0000] {logging_mixin.py:188} INFO - [2026-02-11T00:10:02.328+0000] {dag.py:3954} INFO - Setting next_dagrun for example_branch_dop_operator_v3 to 2026-02-11 00:09:00+00:00, run_after=2026-02-11 00:10:00+00:00
[2026-02-11T00:10:02.349+0000] {processor.py:183} INFO - Processing /home/airflow/.local/lib/python3.12/site-packages/airflow/example_dags/example_branch_python_dop_operator_3.py took 0.085 seconds
[2026-02-11T00:10:32.512+0000] {processor.py:161} INFO - Started process (PID=7443) to work on /home/airflow/.local/lib/python3.12/site-packages/airflow/example_dags/example_branch_python_dop_operator_3.py
[2026-02-11T00:10:32.514+0000] {processor.py:830} INFO - Processing file /home/airflow/.local/lib/python3.12/site-packages/airflow/example_dags/example_branch_python_dop_operator_3.py for tasks to queue
[2026-02-11T00:10:32.516+0000] {logging_mixin.py:188} INFO - [2026-02-11T00:10:32.516+0000] {dagbag.py:540} INFO - Filling up the DagBag from /home/airflow/.local/lib/python3.12/site-packages/airflow/example_dags/example_branch_python_dop_operator_3.py
[2026-02-11T00:10:32.525+0000] {processor.py:840} INFO - DAG(s) 'example_branch_dop_operator_v3' retrieved from /home/airflow/.local/lib/python3.12/site-packages/airflow/example_dags/example_branch_python_dop_operator_3.py
[2026-02-11T00:10:32.551+0000] {logging_mixin.py:188} INFO - [2026-02-11T00:10:32.550+0000] {dag.py:3096} INFO - Sync 1 DAGs
[2026-02-11T00:10:32.581+0000] {logging_mixin.py:188} INFO - [2026-02-11T00:10:32.580+0000] {dag.py:3954} INFO - Setting next_dagrun for example_branch_dop_operator_v3 to 2026-02-11 00:09:00+00:00, run_after=2026-02-11 00:10:00+00:00
[2026-02-11T00:10:32.601+0000] {processor.py:183} INFO - Processing /home/airflow/.local/lib/python3.12/site-packages/airflow/example_dags/example_branch_python_dop_operator_3.py took 0.095 seconds
[2026-02-11T00:11:02.741+0000] {processor.py:161} INFO - Started process (PID=7497) to work on /home/airflow/.local/lib/python3.12/site-packages/airflow/example_dags/example_branch_python_dop_operator_3.py
[2026-02-11T00:11:02.742+0000] {processor.py:830} INFO - Processing file /home/airflow/.local/lib/python3.12/site-packages/airflow/example_dags/example_branch_python_dop_operator_3.py for tasks to queue
[2026-02-11T00:11:02.744+0000] {logging_mixin.py:188} INFO - [2026-02-11T00:11:02.744+0000] {dagbag.py:540} INFO - Filling up the DagBag from /home/airflow/.local/lib/python3.12/site-packages/airflow/example_dags/example_branch_python_dop_operator_3.py
[2026-02-11T00:11:02.753+0000] {processor.py:840} INFO - DAG(s) 'example_branch_dop_operator_v3' retrieved from /home/airflow/.local/lib/python3.12/site-packages/airflow/example_dags/example_branch_python_dop_operator_3.py
[2026-02-11T00:11:02.774+0000] {logging_mixin.py:188} INFO - [2026-02-11T00:11:02.773+0000] {dag.py:3096} INFO - Sync 1 DAGs
[2026-02-11T00:11:02.796+0000] {logging_mixin.py:188} INFO - [2026-02-11T00:11:02.796+0000] {dag.py:3954} INFO - Setting next_dagrun for example_branch_dop_operator_v3 to 2026-02-11 00:10:00+00:00, run_after=2026-02-11 00:11:00+00:00
[2026-02-11T00:11:02.815+0000] {processor.py:183} INFO - Processing /home/airflow/.local/lib/python3.12/site-packages/airflow/example_dags/example_branch_python_dop_operator_3.py took 0.080 seconds
[2026-02-11T00:11:33.181+0000] {processor.py:161} INFO - Started process (PID=7551) to work on /home/airflow/.local/lib/python3.12/site-packages/airflow/example_dags/example_branch_python_dop_operator_3.py
[2026-02-11T00:11:33.182+0000] {processor.py:830} INFO - Processing file /home/airflow/.local/lib/python3.12/site-packages/airflow/example_dags/example_branch_python_dop_operator_3.py for tasks to queue
[2026-02-11T00:11:33.185+0000] {logging_mixin.py:188} INFO - [2026-02-11T00:11:33.184+0000] {dagbag.py:540} INFO - Filling up the DagBag from /home/airflow/.local/lib/python3.12/site-packages/airflow/example_dags/example_branch_python_dop_operator_3.py
[2026-02-11T00:11:33.195+0000] {processor.py:840} INFO - DAG(s) 'example_branch_dop_operator_v3' retrieved from /home/airflow/.local/lib/python3.12/site-packages/airflow/example_dags/example_branch_python_dop_operator_3.py
[2026-02-11T00:11:33.232+0000] {logging_mixin.py:188} INFO - [2026-02-11T00:11:33.232+0000] {dag.py:3096} INFO - Sync 1 DAGs
[2026-02-11T00:11:33.275+0000] {logging_mixin.py:188} INFO - [2026-02-11T00:11:33.275+0000] {dag.py:3954} INFO - Setting next_dagrun for example_branch_dop_operator_v3 to 2026-02-11 00:10:00+00:00, run_after=2026-02-11 00:11:00+00:00
[2026-02-11T00:11:33.305+0000] {processor.py:183} INFO - Processing /home/airflow/.local/lib/python3.12/site-packages/airflow/example_dags/example_branch_python_dop_operator_3.py took 0.131 seconds
