[2026-02-11T00:00:26.904+0000] {processor.py:161} INFO - Started process (PID=6370) to work on /home/airflow/.local/lib/python3.12/site-packages/airflow/example_dags/example_task_group_decorator.py
[2026-02-11T00:00:26.906+0000] {processor.py:830} INFO - Processing file /home/airflow/.local/lib/python3.12/site-packages/airflow/example_dags/example_task_group_decorator.py for tasks to queue
[2026-02-11T00:00:26.908+0000] {logging_mixin.py:188} INFO - [2026-02-11T00:00:26.908+0000] {dagbag.py:540} INFO - Filling up the DagBag from /home/airflow/.local/lib/python3.12/site-packages/airflow/example_dags/example_task_group_decorator.py
[2026-02-11T00:00:26.924+0000] {processor.py:840} INFO - DAG(s) 'example_task_group_decorator' retrieved from /home/airflow/.local/lib/python3.12/site-packages/airflow/example_dags/example_task_group_decorator.py
[2026-02-11T00:00:26.947+0000] {logging_mixin.py:188} INFO - [2026-02-11T00:00:26.947+0000] {dag.py:3096} INFO - Sync 1 DAGs
[2026-02-11T00:00:26.968+0000] {logging_mixin.py:188} INFO - [2026-02-11T00:00:26.968+0000] {dag.py:3954} INFO - Setting next_dagrun for example_task_group_decorator to 2026-02-10 00:00:00+00:00, run_after=2026-02-11 00:00:00+00:00
[2026-02-11T00:00:26.990+0000] {processor.py:183} INFO - Processing /home/airflow/.local/lib/python3.12/site-packages/airflow/example_dags/example_task_group_decorator.py took 0.092 seconds
[2026-02-11T00:00:57.128+0000] {processor.py:161} INFO - Started process (PID=6424) to work on /home/airflow/.local/lib/python3.12/site-packages/airflow/example_dags/example_task_group_decorator.py
[2026-02-11T00:00:57.130+0000] {processor.py:830} INFO - Processing file /home/airflow/.local/lib/python3.12/site-packages/airflow/example_dags/example_task_group_decorator.py for tasks to queue
[2026-02-11T00:00:57.132+0000] {logging_mixin.py:188} INFO - [2026-02-11T00:00:57.132+0000] {dagbag.py:540} INFO - Filling up the DagBag from /home/airflow/.local/lib/python3.12/site-packages/airflow/example_dags/example_task_group_decorator.py
[2026-02-11T00:00:57.147+0000] {processor.py:840} INFO - DAG(s) 'example_task_group_decorator' retrieved from /home/airflow/.local/lib/python3.12/site-packages/airflow/example_dags/example_task_group_decorator.py
[2026-02-11T00:00:57.175+0000] {logging_mixin.py:188} INFO - [2026-02-11T00:00:57.175+0000] {dag.py:3096} INFO - Sync 1 DAGs
[2026-02-11T00:00:57.200+0000] {logging_mixin.py:188} INFO - [2026-02-11T00:00:57.200+0000] {dag.py:3954} INFO - Setting next_dagrun for example_task_group_decorator to 2026-02-10 00:00:00+00:00, run_after=2026-02-11 00:00:00+00:00
[2026-02-11T00:00:57.221+0000] {processor.py:183} INFO - Processing /home/airflow/.local/lib/python3.12/site-packages/airflow/example_dags/example_task_group_decorator.py took 0.101 seconds
[2026-02-11T00:01:27.862+0000] {processor.py:161} INFO - Started process (PID=6478) to work on /home/airflow/.local/lib/python3.12/site-packages/airflow/example_dags/example_task_group_decorator.py
[2026-02-11T00:01:27.864+0000] {processor.py:830} INFO - Processing file /home/airflow/.local/lib/python3.12/site-packages/airflow/example_dags/example_task_group_decorator.py for tasks to queue
[2026-02-11T00:01:27.868+0000] {logging_mixin.py:188} INFO - [2026-02-11T00:01:27.867+0000] {dagbag.py:540} INFO - Filling up the DagBag from /home/airflow/.local/lib/python3.12/site-packages/airflow/example_dags/example_task_group_decorator.py
[2026-02-11T00:01:27.894+0000] {processor.py:840} INFO - DAG(s) 'example_task_group_decorator' retrieved from /home/airflow/.local/lib/python3.12/site-packages/airflow/example_dags/example_task_group_decorator.py
[2026-02-11T00:01:27.943+0000] {logging_mixin.py:188} INFO - [2026-02-11T00:01:27.942+0000] {dag.py:3096} INFO - Sync 1 DAGs
[2026-02-11T00:01:27.978+0000] {logging_mixin.py:188} INFO - [2026-02-11T00:01:27.977+0000] {dag.py:3954} INFO - Setting next_dagrun for example_task_group_decorator to 2026-02-10 00:00:00+00:00, run_after=2026-02-11 00:00:00+00:00
[2026-02-11T00:01:28.003+0000] {processor.py:183} INFO - Processing /home/airflow/.local/lib/python3.12/site-packages/airflow/example_dags/example_task_group_decorator.py took 0.152 seconds
[2026-02-11T00:01:58.081+0000] {processor.py:161} INFO - Started process (PID=6532) to work on /home/airflow/.local/lib/python3.12/site-packages/airflow/example_dags/example_task_group_decorator.py
[2026-02-11T00:01:58.082+0000] {processor.py:830} INFO - Processing file /home/airflow/.local/lib/python3.12/site-packages/airflow/example_dags/example_task_group_decorator.py for tasks to queue
[2026-02-11T00:01:58.084+0000] {logging_mixin.py:188} INFO - [2026-02-11T00:01:58.084+0000] {dagbag.py:540} INFO - Filling up the DagBag from /home/airflow/.local/lib/python3.12/site-packages/airflow/example_dags/example_task_group_decorator.py
[2026-02-11T00:01:58.096+0000] {processor.py:840} INFO - DAG(s) 'example_task_group_decorator' retrieved from /home/airflow/.local/lib/python3.12/site-packages/airflow/example_dags/example_task_group_decorator.py
[2026-02-11T00:01:58.121+0000] {logging_mixin.py:188} INFO - [2026-02-11T00:01:58.121+0000] {dag.py:3096} INFO - Sync 1 DAGs
[2026-02-11T00:01:58.142+0000] {logging_mixin.py:188} INFO - [2026-02-11T00:01:58.142+0000] {dag.py:3954} INFO - Setting next_dagrun for example_task_group_decorator to 2026-02-10 00:00:00+00:00, run_after=2026-02-11 00:00:00+00:00
[2026-02-11T00:01:58.161+0000] {processor.py:183} INFO - Processing /home/airflow/.local/lib/python3.12/site-packages/airflow/example_dags/example_task_group_decorator.py took 0.086 seconds
[2026-02-11T00:02:28.340+0000] {processor.py:161} INFO - Started process (PID=6586) to work on /home/airflow/.local/lib/python3.12/site-packages/airflow/example_dags/example_task_group_decorator.py
[2026-02-11T00:02:28.341+0000] {processor.py:830} INFO - Processing file /home/airflow/.local/lib/python3.12/site-packages/airflow/example_dags/example_task_group_decorator.py for tasks to queue
[2026-02-11T00:02:28.343+0000] {logging_mixin.py:188} INFO - [2026-02-11T00:02:28.343+0000] {dagbag.py:540} INFO - Filling up the DagBag from /home/airflow/.local/lib/python3.12/site-packages/airflow/example_dags/example_task_group_decorator.py
[2026-02-11T00:02:28.357+0000] {processor.py:840} INFO - DAG(s) 'example_task_group_decorator' retrieved from /home/airflow/.local/lib/python3.12/site-packages/airflow/example_dags/example_task_group_decorator.py
[2026-02-11T00:02:28.383+0000] {logging_mixin.py:188} INFO - [2026-02-11T00:02:28.382+0000] {dag.py:3096} INFO - Sync 1 DAGs
[2026-02-11T00:02:28.410+0000] {logging_mixin.py:188} INFO - [2026-02-11T00:02:28.410+0000] {dag.py:3954} INFO - Setting next_dagrun for example_task_group_decorator to 2026-02-10 00:00:00+00:00, run_after=2026-02-11 00:00:00+00:00
[2026-02-11T00:02:28.433+0000] {processor.py:183} INFO - Processing /home/airflow/.local/lib/python3.12/site-packages/airflow/example_dags/example_task_group_decorator.py took 0.100 seconds
[2026-02-11T00:02:58.547+0000] {processor.py:161} INFO - Started process (PID=6640) to work on /home/airflow/.local/lib/python3.12/site-packages/airflow/example_dags/example_task_group_decorator.py
[2026-02-11T00:02:58.548+0000] {processor.py:830} INFO - Processing file /home/airflow/.local/lib/python3.12/site-packages/airflow/example_dags/example_task_group_decorator.py for tasks to queue
[2026-02-11T00:02:58.550+0000] {logging_mixin.py:188} INFO - [2026-02-11T00:02:58.549+0000] {dagbag.py:540} INFO - Filling up the DagBag from /home/airflow/.local/lib/python3.12/site-packages/airflow/example_dags/example_task_group_decorator.py
[2026-02-11T00:02:58.563+0000] {processor.py:840} INFO - DAG(s) 'example_task_group_decorator' retrieved from /home/airflow/.local/lib/python3.12/site-packages/airflow/example_dags/example_task_group_decorator.py
[2026-02-11T00:02:58.587+0000] {logging_mixin.py:188} INFO - [2026-02-11T00:02:58.587+0000] {dag.py:3096} INFO - Sync 1 DAGs
[2026-02-11T00:02:58.608+0000] {logging_mixin.py:188} INFO - [2026-02-11T00:02:58.608+0000] {dag.py:3954} INFO - Setting next_dagrun for example_task_group_decorator to 2026-02-10 00:00:00+00:00, run_after=2026-02-11 00:00:00+00:00
[2026-02-11T00:02:58.629+0000] {processor.py:183} INFO - Processing /home/airflow/.local/lib/python3.12/site-packages/airflow/example_dags/example_task_group_decorator.py took 0.089 seconds
[2026-02-11T00:03:28.884+0000] {processor.py:161} INFO - Started process (PID=6694) to work on /home/airflow/.local/lib/python3.12/site-packages/airflow/example_dags/example_task_group_decorator.py
[2026-02-11T00:03:28.885+0000] {processor.py:830} INFO - Processing file /home/airflow/.local/lib/python3.12/site-packages/airflow/example_dags/example_task_group_decorator.py for tasks to queue
[2026-02-11T00:03:28.888+0000] {logging_mixin.py:188} INFO - [2026-02-11T00:03:28.887+0000] {dagbag.py:540} INFO - Filling up the DagBag from /home/airflow/.local/lib/python3.12/site-packages/airflow/example_dags/example_task_group_decorator.py
[2026-02-11T00:03:28.902+0000] {processor.py:840} INFO - DAG(s) 'example_task_group_decorator' retrieved from /home/airflow/.local/lib/python3.12/site-packages/airflow/example_dags/example_task_group_decorator.py
[2026-02-11T00:03:28.927+0000] {logging_mixin.py:188} INFO - [2026-02-11T00:03:28.927+0000] {dag.py:3096} INFO - Sync 1 DAGs
[2026-02-11T00:03:28.950+0000] {logging_mixin.py:188} INFO - [2026-02-11T00:03:28.950+0000] {dag.py:3954} INFO - Setting next_dagrun for example_task_group_decorator to 2026-02-10 00:00:00+00:00, run_after=2026-02-11 00:00:00+00:00
[2026-02-11T00:03:28.971+0000] {processor.py:183} INFO - Processing /home/airflow/.local/lib/python3.12/site-packages/airflow/example_dags/example_task_group_decorator.py took 0.092 seconds
[2026-02-11T00:03:59.236+0000] {processor.py:161} INFO - Started process (PID=6748) to work on /home/airflow/.local/lib/python3.12/site-packages/airflow/example_dags/example_task_group_decorator.py
[2026-02-11T00:03:59.237+0000] {processor.py:830} INFO - Processing file /home/airflow/.local/lib/python3.12/site-packages/airflow/example_dags/example_task_group_decorator.py for tasks to queue
[2026-02-11T00:03:59.239+0000] {logging_mixin.py:188} INFO - [2026-02-11T00:03:59.239+0000] {dagbag.py:540} INFO - Filling up the DagBag from /home/airflow/.local/lib/python3.12/site-packages/airflow/example_dags/example_task_group_decorator.py
[2026-02-11T00:03:59.254+0000] {processor.py:840} INFO - DAG(s) 'example_task_group_decorator' retrieved from /home/airflow/.local/lib/python3.12/site-packages/airflow/example_dags/example_task_group_decorator.py
[2026-02-11T00:03:59.279+0000] {logging_mixin.py:188} INFO - [2026-02-11T00:03:59.279+0000] {dag.py:3096} INFO - Sync 1 DAGs
[2026-02-11T00:03:59.301+0000] {logging_mixin.py:188} INFO - [2026-02-11T00:03:59.301+0000] {dag.py:3954} INFO - Setting next_dagrun for example_task_group_decorator to 2026-02-10 00:00:00+00:00, run_after=2026-02-11 00:00:00+00:00
[2026-02-11T00:03:59.321+0000] {processor.py:183} INFO - Processing /home/airflow/.local/lib/python3.12/site-packages/airflow/example_dags/example_task_group_decorator.py took 0.091 seconds
[2026-02-11T00:04:29.509+0000] {processor.py:161} INFO - Started process (PID=6802) to work on /home/airflow/.local/lib/python3.12/site-packages/airflow/example_dags/example_task_group_decorator.py
[2026-02-11T00:04:29.510+0000] {processor.py:830} INFO - Processing file /home/airflow/.local/lib/python3.12/site-packages/airflow/example_dags/example_task_group_decorator.py for tasks to queue
[2026-02-11T00:04:29.512+0000] {logging_mixin.py:188} INFO - [2026-02-11T00:04:29.511+0000] {dagbag.py:540} INFO - Filling up the DagBag from /home/airflow/.local/lib/python3.12/site-packages/airflow/example_dags/example_task_group_decorator.py
[2026-02-11T00:04:29.526+0000] {processor.py:840} INFO - DAG(s) 'example_task_group_decorator' retrieved from /home/airflow/.local/lib/python3.12/site-packages/airflow/example_dags/example_task_group_decorator.py
[2026-02-11T00:04:29.551+0000] {logging_mixin.py:188} INFO - [2026-02-11T00:04:29.550+0000] {dag.py:3096} INFO - Sync 1 DAGs
[2026-02-11T00:04:29.574+0000] {logging_mixin.py:188} INFO - [2026-02-11T00:04:29.574+0000] {dag.py:3954} INFO - Setting next_dagrun for example_task_group_decorator to 2026-02-10 00:00:00+00:00, run_after=2026-02-11 00:00:00+00:00
[2026-02-11T00:04:29.596+0000] {processor.py:183} INFO - Processing /home/airflow/.local/lib/python3.12/site-packages/airflow/example_dags/example_task_group_decorator.py took 0.093 seconds
[2026-02-11T00:04:59.718+0000] {processor.py:161} INFO - Started process (PID=6856) to work on /home/airflow/.local/lib/python3.12/site-packages/airflow/example_dags/example_task_group_decorator.py
[2026-02-11T00:04:59.719+0000] {processor.py:830} INFO - Processing file /home/airflow/.local/lib/python3.12/site-packages/airflow/example_dags/example_task_group_decorator.py for tasks to queue
[2026-02-11T00:04:59.721+0000] {logging_mixin.py:188} INFO - [2026-02-11T00:04:59.721+0000] {dagbag.py:540} INFO - Filling up the DagBag from /home/airflow/.local/lib/python3.12/site-packages/airflow/example_dags/example_task_group_decorator.py
[2026-02-11T00:04:59.735+0000] {processor.py:840} INFO - DAG(s) 'example_task_group_decorator' retrieved from /home/airflow/.local/lib/python3.12/site-packages/airflow/example_dags/example_task_group_decorator.py
[2026-02-11T00:04:59.761+0000] {logging_mixin.py:188} INFO - [2026-02-11T00:04:59.761+0000] {dag.py:3096} INFO - Sync 1 DAGs
[2026-02-11T00:04:59.784+0000] {logging_mixin.py:188} INFO - [2026-02-11T00:04:59.783+0000] {dag.py:3954} INFO - Setting next_dagrun for example_task_group_decorator to 2026-02-10 00:00:00+00:00, run_after=2026-02-11 00:00:00+00:00
[2026-02-11T00:04:59.804+0000] {processor.py:183} INFO - Processing /home/airflow/.local/lib/python3.12/site-packages/airflow/example_dags/example_task_group_decorator.py took 0.093 seconds
[2026-02-11T00:05:29.955+0000] {processor.py:161} INFO - Started process (PID=6910) to work on /home/airflow/.local/lib/python3.12/site-packages/airflow/example_dags/example_task_group_decorator.py
[2026-02-11T00:05:29.956+0000] {processor.py:830} INFO - Processing file /home/airflow/.local/lib/python3.12/site-packages/airflow/example_dags/example_task_group_decorator.py for tasks to queue
[2026-02-11T00:05:29.959+0000] {logging_mixin.py:188} INFO - [2026-02-11T00:05:29.959+0000] {dagbag.py:540} INFO - Filling up the DagBag from /home/airflow/.local/lib/python3.12/site-packages/airflow/example_dags/example_task_group_decorator.py
[2026-02-11T00:05:29.973+0000] {processor.py:840} INFO - DAG(s) 'example_task_group_decorator' retrieved from /home/airflow/.local/lib/python3.12/site-packages/airflow/example_dags/example_task_group_decorator.py
[2026-02-11T00:05:29.999+0000] {logging_mixin.py:188} INFO - [2026-02-11T00:05:29.999+0000] {dag.py:3096} INFO - Sync 1 DAGs
[2026-02-11T00:05:30.020+0000] {logging_mixin.py:188} INFO - [2026-02-11T00:05:30.020+0000] {dag.py:3954} INFO - Setting next_dagrun for example_task_group_decorator to 2026-02-10 00:00:00+00:00, run_after=2026-02-11 00:00:00+00:00
[2026-02-11T00:05:30.040+0000] {processor.py:183} INFO - Processing /home/airflow/.local/lib/python3.12/site-packages/airflow/example_dags/example_task_group_decorator.py took 0.092 seconds
[2026-02-11T00:06:00.366+0000] {processor.py:161} INFO - Started process (PID=6964) to work on /home/airflow/.local/lib/python3.12/site-packages/airflow/example_dags/example_task_group_decorator.py
[2026-02-11T00:06:00.368+0000] {processor.py:830} INFO - Processing file /home/airflow/.local/lib/python3.12/site-packages/airflow/example_dags/example_task_group_decorator.py for tasks to queue
[2026-02-11T00:06:00.370+0000] {logging_mixin.py:188} INFO - [2026-02-11T00:06:00.370+0000] {dagbag.py:540} INFO - Filling up the DagBag from /home/airflow/.local/lib/python3.12/site-packages/airflow/example_dags/example_task_group_decorator.py
[2026-02-11T00:06:00.385+0000] {processor.py:840} INFO - DAG(s) 'example_task_group_decorator' retrieved from /home/airflow/.local/lib/python3.12/site-packages/airflow/example_dags/example_task_group_decorator.py
[2026-02-11T00:06:00.414+0000] {logging_mixin.py:188} INFO - [2026-02-11T00:06:00.414+0000] {dag.py:3096} INFO - Sync 1 DAGs
[2026-02-11T00:06:00.437+0000] {logging_mixin.py:188} INFO - [2026-02-11T00:06:00.437+0000] {dag.py:3954} INFO - Setting next_dagrun for example_task_group_decorator to 2026-02-10 00:00:00+00:00, run_after=2026-02-11 00:00:00+00:00
[2026-02-11T00:06:00.460+0000] {processor.py:183} INFO - Processing /home/airflow/.local/lib/python3.12/site-packages/airflow/example_dags/example_task_group_decorator.py took 0.100 seconds
[2026-02-11T00:06:30.717+0000] {processor.py:161} INFO - Started process (PID=7018) to work on /home/airflow/.local/lib/python3.12/site-packages/airflow/example_dags/example_task_group_decorator.py
[2026-02-11T00:06:30.718+0000] {processor.py:830} INFO - Processing file /home/airflow/.local/lib/python3.12/site-packages/airflow/example_dags/example_task_group_decorator.py for tasks to queue
[2026-02-11T00:06:30.721+0000] {logging_mixin.py:188} INFO - [2026-02-11T00:06:30.721+0000] {dagbag.py:540} INFO - Filling up the DagBag from /home/airflow/.local/lib/python3.12/site-packages/airflow/example_dags/example_task_group_decorator.py
[2026-02-11T00:06:30.745+0000] {processor.py:840} INFO - DAG(s) 'example_task_group_decorator' retrieved from /home/airflow/.local/lib/python3.12/site-packages/airflow/example_dags/example_task_group_decorator.py
[2026-02-11T00:06:30.783+0000] {logging_mixin.py:188} INFO - [2026-02-11T00:06:30.783+0000] {dag.py:3096} INFO - Sync 1 DAGs
[2026-02-11T00:06:30.815+0000] {logging_mixin.py:188} INFO - [2026-02-11T00:06:30.815+0000] {dag.py:3954} INFO - Setting next_dagrun for example_task_group_decorator to 2026-02-10 00:00:00+00:00, run_after=2026-02-11 00:00:00+00:00
[2026-02-11T00:06:30.831+0000] {processor.py:183} INFO - Processing /home/airflow/.local/lib/python3.12/site-packages/airflow/example_dags/example_task_group_decorator.py took 0.123 seconds
[2026-02-11T00:07:01.023+0000] {processor.py:161} INFO - Started process (PID=7072) to work on /home/airflow/.local/lib/python3.12/site-packages/airflow/example_dags/example_task_group_decorator.py
[2026-02-11T00:07:01.024+0000] {processor.py:830} INFO - Processing file /home/airflow/.local/lib/python3.12/site-packages/airflow/example_dags/example_task_group_decorator.py for tasks to queue
[2026-02-11T00:07:01.026+0000] {logging_mixin.py:188} INFO - [2026-02-11T00:07:01.025+0000] {dagbag.py:540} INFO - Filling up the DagBag from /home/airflow/.local/lib/python3.12/site-packages/airflow/example_dags/example_task_group_decorator.py
[2026-02-11T00:07:01.042+0000] {processor.py:840} INFO - DAG(s) 'example_task_group_decorator' retrieved from /home/airflow/.local/lib/python3.12/site-packages/airflow/example_dags/example_task_group_decorator.py
[2026-02-11T00:07:01.068+0000] {logging_mixin.py:188} INFO - [2026-02-11T00:07:01.068+0000] {dag.py:3096} INFO - Sync 1 DAGs
[2026-02-11T00:07:01.093+0000] {logging_mixin.py:188} INFO - [2026-02-11T00:07:01.093+0000] {dag.py:3954} INFO - Setting next_dagrun for example_task_group_decorator to 2026-02-10 00:00:00+00:00, run_after=2026-02-11 00:00:00+00:00
[2026-02-11T00:07:01.110+0000] {processor.py:183} INFO - Processing /home/airflow/.local/lib/python3.12/site-packages/airflow/example_dags/example_task_group_decorator.py took 0.094 seconds
[2026-02-11T00:07:31.394+0000] {processor.py:161} INFO - Started process (PID=7126) to work on /home/airflow/.local/lib/python3.12/site-packages/airflow/example_dags/example_task_group_decorator.py
[2026-02-11T00:07:31.395+0000] {processor.py:830} INFO - Processing file /home/airflow/.local/lib/python3.12/site-packages/airflow/example_dags/example_task_group_decorator.py for tasks to queue
[2026-02-11T00:07:31.399+0000] {logging_mixin.py:188} INFO - [2026-02-11T00:07:31.398+0000] {dagbag.py:540} INFO - Filling up the DagBag from /home/airflow/.local/lib/python3.12/site-packages/airflow/example_dags/example_task_group_decorator.py
[2026-02-11T00:07:31.418+0000] {processor.py:840} INFO - DAG(s) 'example_task_group_decorator' retrieved from /home/airflow/.local/lib/python3.12/site-packages/airflow/example_dags/example_task_group_decorator.py
[2026-02-11T00:07:31.448+0000] {logging_mixin.py:188} INFO - [2026-02-11T00:07:31.448+0000] {dag.py:3096} INFO - Sync 1 DAGs
[2026-02-11T00:07:31.470+0000] {logging_mixin.py:188} INFO - [2026-02-11T00:07:31.470+0000] {dag.py:3954} INFO - Setting next_dagrun for example_task_group_decorator to 2026-02-10 00:00:00+00:00, run_after=2026-02-11 00:00:00+00:00
[2026-02-11T00:07:31.490+0000] {processor.py:183} INFO - Processing /home/airflow/.local/lib/python3.12/site-packages/airflow/example_dags/example_task_group_decorator.py took 0.104 seconds
[2026-02-11T00:08:01.599+0000] {processor.py:161} INFO - Started process (PID=7180) to work on /home/airflow/.local/lib/python3.12/site-packages/airflow/example_dags/example_task_group_decorator.py
[2026-02-11T00:08:01.600+0000] {processor.py:830} INFO - Processing file /home/airflow/.local/lib/python3.12/site-packages/airflow/example_dags/example_task_group_decorator.py for tasks to queue
[2026-02-11T00:08:01.602+0000] {logging_mixin.py:188} INFO - [2026-02-11T00:08:01.601+0000] {dagbag.py:540} INFO - Filling up the DagBag from /home/airflow/.local/lib/python3.12/site-packages/airflow/example_dags/example_task_group_decorator.py
[2026-02-11T00:08:01.617+0000] {processor.py:840} INFO - DAG(s) 'example_task_group_decorator' retrieved from /home/airflow/.local/lib/python3.12/site-packages/airflow/example_dags/example_task_group_decorator.py
[2026-02-11T00:08:01.639+0000] {logging_mixin.py:188} INFO - [2026-02-11T00:08:01.639+0000] {dag.py:3096} INFO - Sync 1 DAGs
[2026-02-11T00:08:01.665+0000] {logging_mixin.py:188} INFO - [2026-02-11T00:08:01.665+0000] {dag.py:3954} INFO - Setting next_dagrun for example_task_group_decorator to 2026-02-10 00:00:00+00:00, run_after=2026-02-11 00:00:00+00:00
[2026-02-11T00:08:01.685+0000] {processor.py:183} INFO - Processing /home/airflow/.local/lib/python3.12/site-packages/airflow/example_dags/example_task_group_decorator.py took 0.092 seconds
[2026-02-11T00:08:31.997+0000] {processor.py:161} INFO - Started process (PID=7234) to work on /home/airflow/.local/lib/python3.12/site-packages/airflow/example_dags/example_task_group_decorator.py
[2026-02-11T00:08:31.998+0000] {processor.py:830} INFO - Processing file /home/airflow/.local/lib/python3.12/site-packages/airflow/example_dags/example_task_group_decorator.py for tasks to queue
[2026-02-11T00:08:32.001+0000] {logging_mixin.py:188} INFO - [2026-02-11T00:08:32.000+0000] {dagbag.py:540} INFO - Filling up the DagBag from /home/airflow/.local/lib/python3.12/site-packages/airflow/example_dags/example_task_group_decorator.py
[2026-02-11T00:08:32.016+0000] {processor.py:840} INFO - DAG(s) 'example_task_group_decorator' retrieved from /home/airflow/.local/lib/python3.12/site-packages/airflow/example_dags/example_task_group_decorator.py
[2026-02-11T00:08:32.048+0000] {logging_mixin.py:188} INFO - [2026-02-11T00:08:32.048+0000] {dag.py:3096} INFO - Sync 1 DAGs
[2026-02-11T00:08:32.073+0000] {logging_mixin.py:188} INFO - [2026-02-11T00:08:32.073+0000] {dag.py:3954} INFO - Setting next_dagrun for example_task_group_decorator to 2026-02-10 00:00:00+00:00, run_after=2026-02-11 00:00:00+00:00
[2026-02-11T00:08:32.100+0000] {processor.py:183} INFO - Processing /home/airflow/.local/lib/python3.12/site-packages/airflow/example_dags/example_task_group_decorator.py took 0.109 seconds
[2026-02-11T00:09:02.178+0000] {processor.py:161} INFO - Started process (PID=7288) to work on /home/airflow/.local/lib/python3.12/site-packages/airflow/example_dags/example_task_group_decorator.py
[2026-02-11T00:09:02.179+0000] {processor.py:830} INFO - Processing file /home/airflow/.local/lib/python3.12/site-packages/airflow/example_dags/example_task_group_decorator.py for tasks to queue
[2026-02-11T00:09:02.181+0000] {logging_mixin.py:188} INFO - [2026-02-11T00:09:02.181+0000] {dagbag.py:540} INFO - Filling up the DagBag from /home/airflow/.local/lib/python3.12/site-packages/airflow/example_dags/example_task_group_decorator.py
[2026-02-11T00:09:02.194+0000] {processor.py:840} INFO - DAG(s) 'example_task_group_decorator' retrieved from /home/airflow/.local/lib/python3.12/site-packages/airflow/example_dags/example_task_group_decorator.py
[2026-02-11T00:09:02.219+0000] {logging_mixin.py:188} INFO - [2026-02-11T00:09:02.219+0000] {dag.py:3096} INFO - Sync 1 DAGs
[2026-02-11T00:09:02.239+0000] {logging_mixin.py:188} INFO - [2026-02-11T00:09:02.239+0000] {dag.py:3954} INFO - Setting next_dagrun for example_task_group_decorator to 2026-02-10 00:00:00+00:00, run_after=2026-02-11 00:00:00+00:00
[2026-02-11T00:09:02.259+0000] {processor.py:183} INFO - Processing /home/airflow/.local/lib/python3.12/site-packages/airflow/example_dags/example_task_group_decorator.py took 0.087 seconds
[2026-02-11T00:09:32.327+0000] {processor.py:161} INFO - Started process (PID=7342) to work on /home/airflow/.local/lib/python3.12/site-packages/airflow/example_dags/example_task_group_decorator.py
[2026-02-11T00:09:32.328+0000] {processor.py:830} INFO - Processing file /home/airflow/.local/lib/python3.12/site-packages/airflow/example_dags/example_task_group_decorator.py for tasks to queue
[2026-02-11T00:09:32.330+0000] {logging_mixin.py:188} INFO - [2026-02-11T00:09:32.330+0000] {dagbag.py:540} INFO - Filling up the DagBag from /home/airflow/.local/lib/python3.12/site-packages/airflow/example_dags/example_task_group_decorator.py
[2026-02-11T00:09:32.343+0000] {processor.py:840} INFO - DAG(s) 'example_task_group_decorator' retrieved from /home/airflow/.local/lib/python3.12/site-packages/airflow/example_dags/example_task_group_decorator.py
[2026-02-11T00:09:32.366+0000] {logging_mixin.py:188} INFO - [2026-02-11T00:09:32.365+0000] {dag.py:3096} INFO - Sync 1 DAGs
[2026-02-11T00:09:32.386+0000] {logging_mixin.py:188} INFO - [2026-02-11T00:09:32.386+0000] {dag.py:3954} INFO - Setting next_dagrun for example_task_group_decorator to 2026-02-10 00:00:00+00:00, run_after=2026-02-11 00:00:00+00:00
[2026-02-11T00:09:32.408+0000] {processor.py:183} INFO - Processing /home/airflow/.local/lib/python3.12/site-packages/airflow/example_dags/example_task_group_decorator.py took 0.086 seconds
[2026-02-11T00:10:02.675+0000] {processor.py:161} INFO - Started process (PID=7396) to work on /home/airflow/.local/lib/python3.12/site-packages/airflow/example_dags/example_task_group_decorator.py
[2026-02-11T00:10:02.677+0000] {processor.py:830} INFO - Processing file /home/airflow/.local/lib/python3.12/site-packages/airflow/example_dags/example_task_group_decorator.py for tasks to queue
[2026-02-11T00:10:02.679+0000] {logging_mixin.py:188} INFO - [2026-02-11T00:10:02.679+0000] {dagbag.py:540} INFO - Filling up the DagBag from /home/airflow/.local/lib/python3.12/site-packages/airflow/example_dags/example_task_group_decorator.py
[2026-02-11T00:10:02.696+0000] {processor.py:840} INFO - DAG(s) 'example_task_group_decorator' retrieved from /home/airflow/.local/lib/python3.12/site-packages/airflow/example_dags/example_task_group_decorator.py
[2026-02-11T00:10:02.720+0000] {logging_mixin.py:188} INFO - [2026-02-11T00:10:02.719+0000] {dag.py:3096} INFO - Sync 1 DAGs
[2026-02-11T00:10:02.746+0000] {logging_mixin.py:188} INFO - [2026-02-11T00:10:02.746+0000] {dag.py:3954} INFO - Setting next_dagrun for example_task_group_decorator to 2026-02-10 00:00:00+00:00, run_after=2026-02-11 00:00:00+00:00
[2026-02-11T00:10:02.769+0000] {processor.py:183} INFO - Processing /home/airflow/.local/lib/python3.12/site-packages/airflow/example_dags/example_task_group_decorator.py took 0.100 seconds
[2026-02-11T00:10:32.904+0000] {processor.py:161} INFO - Started process (PID=7450) to work on /home/airflow/.local/lib/python3.12/site-packages/airflow/example_dags/example_task_group_decorator.py
[2026-02-11T00:10:32.905+0000] {processor.py:830} INFO - Processing file /home/airflow/.local/lib/python3.12/site-packages/airflow/example_dags/example_task_group_decorator.py for tasks to queue
[2026-02-11T00:10:32.907+0000] {logging_mixin.py:188} INFO - [2026-02-11T00:10:32.906+0000] {dagbag.py:540} INFO - Filling up the DagBag from /home/airflow/.local/lib/python3.12/site-packages/airflow/example_dags/example_task_group_decorator.py
[2026-02-11T00:10:32.920+0000] {processor.py:840} INFO - DAG(s) 'example_task_group_decorator' retrieved from /home/airflow/.local/lib/python3.12/site-packages/airflow/example_dags/example_task_group_decorator.py
[2026-02-11T00:10:32.946+0000] {logging_mixin.py:188} INFO - [2026-02-11T00:10:32.946+0000] {dag.py:3096} INFO - Sync 1 DAGs
[2026-02-11T00:10:32.969+0000] {logging_mixin.py:188} INFO - [2026-02-11T00:10:32.968+0000] {dag.py:3954} INFO - Setting next_dagrun for example_task_group_decorator to 2026-02-10 00:00:00+00:00, run_after=2026-02-11 00:00:00+00:00
[2026-02-11T00:10:32.987+0000] {processor.py:183} INFO - Processing /home/airflow/.local/lib/python3.12/site-packages/airflow/example_dags/example_task_group_decorator.py took 0.089 seconds
[2026-02-11T00:11:03.136+0000] {processor.py:161} INFO - Started process (PID=7504) to work on /home/airflow/.local/lib/python3.12/site-packages/airflow/example_dags/example_task_group_decorator.py
[2026-02-11T00:11:03.137+0000] {processor.py:830} INFO - Processing file /home/airflow/.local/lib/python3.12/site-packages/airflow/example_dags/example_task_group_decorator.py for tasks to queue
[2026-02-11T00:11:03.139+0000] {logging_mixin.py:188} INFO - [2026-02-11T00:11:03.139+0000] {dagbag.py:540} INFO - Filling up the DagBag from /home/airflow/.local/lib/python3.12/site-packages/airflow/example_dags/example_task_group_decorator.py
[2026-02-11T00:11:03.153+0000] {processor.py:840} INFO - DAG(s) 'example_task_group_decorator' retrieved from /home/airflow/.local/lib/python3.12/site-packages/airflow/example_dags/example_task_group_decorator.py
[2026-02-11T00:11:03.179+0000] {logging_mixin.py:188} INFO - [2026-02-11T00:11:03.179+0000] {dag.py:3096} INFO - Sync 1 DAGs
[2026-02-11T00:11:03.200+0000] {logging_mixin.py:188} INFO - [2026-02-11T00:11:03.200+0000] {dag.py:3954} INFO - Setting next_dagrun for example_task_group_decorator to 2026-02-10 00:00:00+00:00, run_after=2026-02-11 00:00:00+00:00
[2026-02-11T00:11:03.219+0000] {processor.py:183} INFO - Processing /home/airflow/.local/lib/python3.12/site-packages/airflow/example_dags/example_task_group_decorator.py took 0.089 seconds
[2026-02-11T00:11:33.736+0000] {processor.py:161} INFO - Started process (PID=7558) to work on /home/airflow/.local/lib/python3.12/site-packages/airflow/example_dags/example_task_group_decorator.py
[2026-02-11T00:11:33.738+0000] {processor.py:830} INFO - Processing file /home/airflow/.local/lib/python3.12/site-packages/airflow/example_dags/example_task_group_decorator.py for tasks to queue
[2026-02-11T00:11:33.740+0000] {logging_mixin.py:188} INFO - [2026-02-11T00:11:33.740+0000] {dagbag.py:540} INFO - Filling up the DagBag from /home/airflow/.local/lib/python3.12/site-packages/airflow/example_dags/example_task_group_decorator.py
[2026-02-11T00:11:33.755+0000] {processor.py:840} INFO - DAG(s) 'example_task_group_decorator' retrieved from /home/airflow/.local/lib/python3.12/site-packages/airflow/example_dags/example_task_group_decorator.py
[2026-02-11T00:11:33.782+0000] {logging_mixin.py:188} INFO - [2026-02-11T00:11:33.781+0000] {dag.py:3096} INFO - Sync 1 DAGs
[2026-02-11T00:11:33.807+0000] {logging_mixin.py:188} INFO - [2026-02-11T00:11:33.807+0000] {dag.py:3954} INFO - Setting next_dagrun for example_task_group_decorator to 2026-02-10 00:00:00+00:00, run_after=2026-02-11 00:00:00+00:00
[2026-02-11T00:11:33.826+0000] {processor.py:183} INFO - Processing /home/airflow/.local/lib/python3.12/site-packages/airflow/example_dags/example_task_group_decorator.py took 0.097 seconds
