[2026-02-11T00:00:03.905+0000] {processor.py:161} INFO - Started process (PID=6335) to work on /home/airflow/.local/lib/python3.12/site-packages/airflow/example_dags/example_sla_dag.py
[2026-02-11T00:00:03.907+0000] {processor.py:830} INFO - Processing file /home/airflow/.local/lib/python3.12/site-packages/airflow/example_dags/example_sla_dag.py for tasks to queue
[2026-02-11T00:00:03.909+0000] {logging_mixin.py:188} INFO - [2026-02-11T00:00:03.908+0000] {dagbag.py:540} INFO - Filling up the DagBag from /home/airflow/.local/lib/python3.12/site-packages/airflow/example_dags/example_sla_dag.py
[2026-02-11T00:00:03.917+0000] {processor.py:840} INFO - DAG(s) 'example_sla_dag' retrieved from /home/airflow/.local/lib/python3.12/site-packages/airflow/example_dags/example_sla_dag.py
[2026-02-11T00:00:03.937+0000] {logging_mixin.py:188} INFO - [2026-02-11T00:00:03.937+0000] {dag.py:3096} INFO - Sync 1 DAGs
[2026-02-11T00:00:03.958+0000] {logging_mixin.py:188} INFO - [2026-02-11T00:00:03.958+0000] {dag.py:3954} INFO - Setting next_dagrun for example_sla_dag to 2026-02-10 23:58:00+00:00, run_after=2026-02-11 00:00:00+00:00
[2026-02-11T00:00:03.976+0000] {processor.py:183} INFO - Processing /home/airflow/.local/lib/python3.12/site-packages/airflow/example_dags/example_sla_dag.py took 0.076 seconds
[2026-02-11T00:00:34.290+0000] {processor.py:161} INFO - Started process (PID=6389) to work on /home/airflow/.local/lib/python3.12/site-packages/airflow/example_dags/example_sla_dag.py
[2026-02-11T00:00:34.291+0000] {processor.py:830} INFO - Processing file /home/airflow/.local/lib/python3.12/site-packages/airflow/example_dags/example_sla_dag.py for tasks to queue
[2026-02-11T00:00:34.293+0000] {logging_mixin.py:188} INFO - [2026-02-11T00:00:34.293+0000] {dagbag.py:540} INFO - Filling up the DagBag from /home/airflow/.local/lib/python3.12/site-packages/airflow/example_dags/example_sla_dag.py
[2026-02-11T00:00:34.301+0000] {processor.py:840} INFO - DAG(s) 'example_sla_dag' retrieved from /home/airflow/.local/lib/python3.12/site-packages/airflow/example_dags/example_sla_dag.py
[2026-02-11T00:00:34.324+0000] {logging_mixin.py:188} INFO - [2026-02-11T00:00:34.323+0000] {dag.py:3096} INFO - Sync 1 DAGs
[2026-02-11T00:00:34.347+0000] {logging_mixin.py:188} INFO - [2026-02-11T00:00:34.347+0000] {dag.py:3954} INFO - Setting next_dagrun for example_sla_dag to 2026-02-10 23:58:00+00:00, run_after=2026-02-11 00:00:00+00:00
[2026-02-11T00:00:34.367+0000] {processor.py:183} INFO - Processing /home/airflow/.local/lib/python3.12/site-packages/airflow/example_dags/example_sla_dag.py took 0.082 seconds
[2026-02-11T00:01:04.620+0000] {processor.py:161} INFO - Started process (PID=6443) to work on /home/airflow/.local/lib/python3.12/site-packages/airflow/example_dags/example_sla_dag.py
[2026-02-11T00:01:04.621+0000] {processor.py:830} INFO - Processing file /home/airflow/.local/lib/python3.12/site-packages/airflow/example_dags/example_sla_dag.py for tasks to queue
[2026-02-11T00:01:04.623+0000] {logging_mixin.py:188} INFO - [2026-02-11T00:01:04.622+0000] {dagbag.py:540} INFO - Filling up the DagBag from /home/airflow/.local/lib/python3.12/site-packages/airflow/example_dags/example_sla_dag.py
[2026-02-11T00:01:04.630+0000] {processor.py:840} INFO - DAG(s) 'example_sla_dag' retrieved from /home/airflow/.local/lib/python3.12/site-packages/airflow/example_dags/example_sla_dag.py
[2026-02-11T00:01:04.651+0000] {logging_mixin.py:188} INFO - [2026-02-11T00:01:04.650+0000] {dag.py:3096} INFO - Sync 1 DAGs
[2026-02-11T00:01:04.671+0000] {logging_mixin.py:188} INFO - [2026-02-11T00:01:04.671+0000] {dag.py:3954} INFO - Setting next_dagrun for example_sla_dag to 2026-02-10 23:58:00+00:00, run_after=2026-02-11 00:00:00+00:00
[2026-02-11T00:01:04.691+0000] {processor.py:183} INFO - Processing /home/airflow/.local/lib/python3.12/site-packages/airflow/example_dags/example_sla_dag.py took 0.076 seconds
[2026-02-11T00:01:35.132+0000] {processor.py:161} INFO - Started process (PID=6497) to work on /home/airflow/.local/lib/python3.12/site-packages/airflow/example_dags/example_sla_dag.py
[2026-02-11T00:01:35.133+0000] {processor.py:830} INFO - Processing file /home/airflow/.local/lib/python3.12/site-packages/airflow/example_dags/example_sla_dag.py for tasks to queue
[2026-02-11T00:01:35.135+0000] {logging_mixin.py:188} INFO - [2026-02-11T00:01:35.135+0000] {dagbag.py:540} INFO - Filling up the DagBag from /home/airflow/.local/lib/python3.12/site-packages/airflow/example_dags/example_sla_dag.py
[2026-02-11T00:01:35.144+0000] {processor.py:840} INFO - DAG(s) 'example_sla_dag' retrieved from /home/airflow/.local/lib/python3.12/site-packages/airflow/example_dags/example_sla_dag.py
[2026-02-11T00:01:35.165+0000] {logging_mixin.py:188} INFO - [2026-02-11T00:01:35.165+0000] {dag.py:3096} INFO - Sync 1 DAGs
[2026-02-11T00:01:35.190+0000] {logging_mixin.py:188} INFO - [2026-02-11T00:01:35.190+0000] {dag.py:3954} INFO - Setting next_dagrun for example_sla_dag to 2026-02-10 23:58:00+00:00, run_after=2026-02-11 00:00:00+00:00
[2026-02-11T00:01:35.210+0000] {processor.py:183} INFO - Processing /home/airflow/.local/lib/python3.12/site-packages/airflow/example_dags/example_sla_dag.py took 0.084 seconds
[2026-02-11T00:02:05.347+0000] {processor.py:161} INFO - Started process (PID=6551) to work on /home/airflow/.local/lib/python3.12/site-packages/airflow/example_dags/example_sla_dag.py
[2026-02-11T00:02:05.348+0000] {processor.py:830} INFO - Processing file /home/airflow/.local/lib/python3.12/site-packages/airflow/example_dags/example_sla_dag.py for tasks to queue
[2026-02-11T00:02:05.350+0000] {logging_mixin.py:188} INFO - [2026-02-11T00:02:05.350+0000] {dagbag.py:540} INFO - Filling up the DagBag from /home/airflow/.local/lib/python3.12/site-packages/airflow/example_dags/example_sla_dag.py
[2026-02-11T00:02:05.358+0000] {processor.py:840} INFO - DAG(s) 'example_sla_dag' retrieved from /home/airflow/.local/lib/python3.12/site-packages/airflow/example_dags/example_sla_dag.py
[2026-02-11T00:02:05.379+0000] {logging_mixin.py:188} INFO - [2026-02-11T00:02:05.378+0000] {dag.py:3096} INFO - Sync 1 DAGs
[2026-02-11T00:02:05.401+0000] {logging_mixin.py:188} INFO - [2026-02-11T00:02:05.401+0000] {dag.py:3954} INFO - Setting next_dagrun for example_sla_dag to 2026-02-11 00:00:00+00:00, run_after=2026-02-11 00:02:00+00:00
[2026-02-11T00:02:05.420+0000] {processor.py:183} INFO - Processing /home/airflow/.local/lib/python3.12/site-packages/airflow/example_dags/example_sla_dag.py took 0.079 seconds
[2026-02-11T00:02:35.668+0000] {processor.py:161} INFO - Started process (PID=6605) to work on /home/airflow/.local/lib/python3.12/site-packages/airflow/example_dags/example_sla_dag.py
[2026-02-11T00:02:35.669+0000] {processor.py:830} INFO - Processing file /home/airflow/.local/lib/python3.12/site-packages/airflow/example_dags/example_sla_dag.py for tasks to queue
[2026-02-11T00:02:35.670+0000] {logging_mixin.py:188} INFO - [2026-02-11T00:02:35.670+0000] {dagbag.py:540} INFO - Filling up the DagBag from /home/airflow/.local/lib/python3.12/site-packages/airflow/example_dags/example_sla_dag.py
[2026-02-11T00:02:35.679+0000] {processor.py:840} INFO - DAG(s) 'example_sla_dag' retrieved from /home/airflow/.local/lib/python3.12/site-packages/airflow/example_dags/example_sla_dag.py
[2026-02-11T00:02:35.701+0000] {logging_mixin.py:188} INFO - [2026-02-11T00:02:35.700+0000] {dag.py:3096} INFO - Sync 1 DAGs
[2026-02-11T00:02:35.723+0000] {logging_mixin.py:188} INFO - [2026-02-11T00:02:35.723+0000] {dag.py:3954} INFO - Setting next_dagrun for example_sla_dag to 2026-02-11 00:00:00+00:00, run_after=2026-02-11 00:02:00+00:00
[2026-02-11T00:02:35.744+0000] {processor.py:183} INFO - Processing /home/airflow/.local/lib/python3.12/site-packages/airflow/example_dags/example_sla_dag.py took 0.082 seconds
[2026-02-11T00:03:05.926+0000] {processor.py:161} INFO - Started process (PID=6659) to work on /home/airflow/.local/lib/python3.12/site-packages/airflow/example_dags/example_sla_dag.py
[2026-02-11T00:03:05.927+0000] {processor.py:830} INFO - Processing file /home/airflow/.local/lib/python3.12/site-packages/airflow/example_dags/example_sla_dag.py for tasks to queue
[2026-02-11T00:03:05.929+0000] {logging_mixin.py:188} INFO - [2026-02-11T00:03:05.929+0000] {dagbag.py:540} INFO - Filling up the DagBag from /home/airflow/.local/lib/python3.12/site-packages/airflow/example_dags/example_sla_dag.py
[2026-02-11T00:03:05.937+0000] {processor.py:840} INFO - DAG(s) 'example_sla_dag' retrieved from /home/airflow/.local/lib/python3.12/site-packages/airflow/example_dags/example_sla_dag.py
[2026-02-11T00:03:05.956+0000] {logging_mixin.py:188} INFO - [2026-02-11T00:03:05.956+0000] {dag.py:3096} INFO - Sync 1 DAGs
[2026-02-11T00:03:05.978+0000] {logging_mixin.py:188} INFO - [2026-02-11T00:03:05.978+0000] {dag.py:3954} INFO - Setting next_dagrun for example_sla_dag to 2026-02-11 00:00:00+00:00, run_after=2026-02-11 00:02:00+00:00
[2026-02-11T00:03:05.999+0000] {processor.py:183} INFO - Processing /home/airflow/.local/lib/python3.12/site-packages/airflow/example_dags/example_sla_dag.py took 0.078 seconds
[2026-02-11T00:03:36.205+0000] {processor.py:161} INFO - Started process (PID=6713) to work on /home/airflow/.local/lib/python3.12/site-packages/airflow/example_dags/example_sla_dag.py
[2026-02-11T00:03:36.206+0000] {processor.py:830} INFO - Processing file /home/airflow/.local/lib/python3.12/site-packages/airflow/example_dags/example_sla_dag.py for tasks to queue
[2026-02-11T00:03:36.208+0000] {logging_mixin.py:188} INFO - [2026-02-11T00:03:36.207+0000] {dagbag.py:540} INFO - Filling up the DagBag from /home/airflow/.local/lib/python3.12/site-packages/airflow/example_dags/example_sla_dag.py
[2026-02-11T00:03:36.216+0000] {processor.py:840} INFO - DAG(s) 'example_sla_dag' retrieved from /home/airflow/.local/lib/python3.12/site-packages/airflow/example_dags/example_sla_dag.py
[2026-02-11T00:03:36.237+0000] {logging_mixin.py:188} INFO - [2026-02-11T00:03:36.236+0000] {dag.py:3096} INFO - Sync 1 DAGs
[2026-02-11T00:03:36.260+0000] {logging_mixin.py:188} INFO - [2026-02-11T00:03:36.260+0000] {dag.py:3954} INFO - Setting next_dagrun for example_sla_dag to 2026-02-11 00:00:00+00:00, run_after=2026-02-11 00:02:00+00:00
[2026-02-11T00:03:36.281+0000] {processor.py:183} INFO - Processing /home/airflow/.local/lib/python3.12/site-packages/airflow/example_dags/example_sla_dag.py took 0.082 seconds
[2026-02-11T00:04:06.471+0000] {processor.py:161} INFO - Started process (PID=6767) to work on /home/airflow/.local/lib/python3.12/site-packages/airflow/example_dags/example_sla_dag.py
[2026-02-11T00:04:06.472+0000] {processor.py:830} INFO - Processing file /home/airflow/.local/lib/python3.12/site-packages/airflow/example_dags/example_sla_dag.py for tasks to queue
[2026-02-11T00:04:06.474+0000] {logging_mixin.py:188} INFO - [2026-02-11T00:04:06.474+0000] {dagbag.py:540} INFO - Filling up the DagBag from /home/airflow/.local/lib/python3.12/site-packages/airflow/example_dags/example_sla_dag.py
[2026-02-11T00:04:06.482+0000] {processor.py:840} INFO - DAG(s) 'example_sla_dag' retrieved from /home/airflow/.local/lib/python3.12/site-packages/airflow/example_dags/example_sla_dag.py
[2026-02-11T00:04:06.504+0000] {logging_mixin.py:188} INFO - [2026-02-11T00:04:06.504+0000] {dag.py:3096} INFO - Sync 1 DAGs
[2026-02-11T00:04:06.526+0000] {logging_mixin.py:188} INFO - [2026-02-11T00:04:06.526+0000] {dag.py:3954} INFO - Setting next_dagrun for example_sla_dag to 2026-02-11 00:02:00+00:00, run_after=2026-02-11 00:04:00+00:00
[2026-02-11T00:04:06.548+0000] {processor.py:183} INFO - Processing /home/airflow/.local/lib/python3.12/site-packages/airflow/example_dags/example_sla_dag.py took 0.082 seconds
[2026-02-11T00:04:36.658+0000] {processor.py:161} INFO - Started process (PID=6821) to work on /home/airflow/.local/lib/python3.12/site-packages/airflow/example_dags/example_sla_dag.py
[2026-02-11T00:04:36.659+0000] {processor.py:830} INFO - Processing file /home/airflow/.local/lib/python3.12/site-packages/airflow/example_dags/example_sla_dag.py for tasks to queue
[2026-02-11T00:04:36.660+0000] {logging_mixin.py:188} INFO - [2026-02-11T00:04:36.660+0000] {dagbag.py:540} INFO - Filling up the DagBag from /home/airflow/.local/lib/python3.12/site-packages/airflow/example_dags/example_sla_dag.py
[2026-02-11T00:04:36.669+0000] {processor.py:840} INFO - DAG(s) 'example_sla_dag' retrieved from /home/airflow/.local/lib/python3.12/site-packages/airflow/example_dags/example_sla_dag.py
[2026-02-11T00:04:36.693+0000] {logging_mixin.py:188} INFO - [2026-02-11T00:04:36.693+0000] {dag.py:3096} INFO - Sync 1 DAGs
[2026-02-11T00:04:36.716+0000] {logging_mixin.py:188} INFO - [2026-02-11T00:04:36.716+0000] {dag.py:3954} INFO - Setting next_dagrun for example_sla_dag to 2026-02-11 00:02:00+00:00, run_after=2026-02-11 00:04:00+00:00
[2026-02-11T00:04:36.737+0000] {processor.py:183} INFO - Processing /home/airflow/.local/lib/python3.12/site-packages/airflow/example_dags/example_sla_dag.py took 0.085 seconds
[2026-02-11T00:05:06.990+0000] {processor.py:161} INFO - Started process (PID=6875) to work on /home/airflow/.local/lib/python3.12/site-packages/airflow/example_dags/example_sla_dag.py
[2026-02-11T00:05:06.991+0000] {processor.py:830} INFO - Processing file /home/airflow/.local/lib/python3.12/site-packages/airflow/example_dags/example_sla_dag.py for tasks to queue
[2026-02-11T00:05:06.994+0000] {logging_mixin.py:188} INFO - [2026-02-11T00:05:06.993+0000] {dagbag.py:540} INFO - Filling up the DagBag from /home/airflow/.local/lib/python3.12/site-packages/airflow/example_dags/example_sla_dag.py
[2026-02-11T00:05:07.003+0000] {processor.py:840} INFO - DAG(s) 'example_sla_dag' retrieved from /home/airflow/.local/lib/python3.12/site-packages/airflow/example_dags/example_sla_dag.py
[2026-02-11T00:05:07.023+0000] {logging_mixin.py:188} INFO - [2026-02-11T00:05:07.022+0000] {dag.py:3096} INFO - Sync 1 DAGs
[2026-02-11T00:05:07.044+0000] {logging_mixin.py:188} INFO - [2026-02-11T00:05:07.043+0000] {dag.py:3954} INFO - Setting next_dagrun for example_sla_dag to 2026-02-11 00:02:00+00:00, run_after=2026-02-11 00:04:00+00:00
[2026-02-11T00:05:07.065+0000] {processor.py:183} INFO - Processing /home/airflow/.local/lib/python3.12/site-packages/airflow/example_dags/example_sla_dag.py took 0.081 seconds
[2026-02-11T00:05:37.204+0000] {processor.py:161} INFO - Started process (PID=6929) to work on /home/airflow/.local/lib/python3.12/site-packages/airflow/example_dags/example_sla_dag.py
[2026-02-11T00:05:37.205+0000] {processor.py:830} INFO - Processing file /home/airflow/.local/lib/python3.12/site-packages/airflow/example_dags/example_sla_dag.py for tasks to queue
[2026-02-11T00:05:37.207+0000] {logging_mixin.py:188} INFO - [2026-02-11T00:05:37.207+0000] {dagbag.py:540} INFO - Filling up the DagBag from /home/airflow/.local/lib/python3.12/site-packages/airflow/example_dags/example_sla_dag.py
[2026-02-11T00:05:37.215+0000] {processor.py:840} INFO - DAG(s) 'example_sla_dag' retrieved from /home/airflow/.local/lib/python3.12/site-packages/airflow/example_dags/example_sla_dag.py
[2026-02-11T00:05:37.235+0000] {logging_mixin.py:188} INFO - [2026-02-11T00:05:37.235+0000] {dag.py:3096} INFO - Sync 1 DAGs
[2026-02-11T00:05:37.257+0000] {logging_mixin.py:188} INFO - [2026-02-11T00:05:37.256+0000] {dag.py:3954} INFO - Setting next_dagrun for example_sla_dag to 2026-02-11 00:02:00+00:00, run_after=2026-02-11 00:04:00+00:00
[2026-02-11T00:05:37.277+0000] {processor.py:183} INFO - Processing /home/airflow/.local/lib/python3.12/site-packages/airflow/example_dags/example_sla_dag.py took 0.077 seconds
[2026-02-11T00:06:07.531+0000] {processor.py:161} INFO - Started process (PID=6983) to work on /home/airflow/.local/lib/python3.12/site-packages/airflow/example_dags/example_sla_dag.py
[2026-02-11T00:06:07.532+0000] {processor.py:830} INFO - Processing file /home/airflow/.local/lib/python3.12/site-packages/airflow/example_dags/example_sla_dag.py for tasks to queue
[2026-02-11T00:06:07.534+0000] {logging_mixin.py:188} INFO - [2026-02-11T00:06:07.534+0000] {dagbag.py:540} INFO - Filling up the DagBag from /home/airflow/.local/lib/python3.12/site-packages/airflow/example_dags/example_sla_dag.py
[2026-02-11T00:06:07.542+0000] {processor.py:840} INFO - DAG(s) 'example_sla_dag' retrieved from /home/airflow/.local/lib/python3.12/site-packages/airflow/example_dags/example_sla_dag.py
[2026-02-11T00:06:07.562+0000] {logging_mixin.py:188} INFO - [2026-02-11T00:06:07.562+0000] {dag.py:3096} INFO - Sync 1 DAGs
[2026-02-11T00:06:07.585+0000] {logging_mixin.py:188} INFO - [2026-02-11T00:06:07.585+0000] {dag.py:3954} INFO - Setting next_dagrun for example_sla_dag to 2026-02-11 00:04:00+00:00, run_after=2026-02-11 00:06:00+00:00
[2026-02-11T00:06:07.605+0000] {processor.py:183} INFO - Processing /home/airflow/.local/lib/python3.12/site-packages/airflow/example_dags/example_sla_dag.py took 0.079 seconds
[2026-02-11T00:06:37.768+0000] {processor.py:161} INFO - Started process (PID=7037) to work on /home/airflow/.local/lib/python3.12/site-packages/airflow/example_dags/example_sla_dag.py
[2026-02-11T00:06:37.769+0000] {processor.py:830} INFO - Processing file /home/airflow/.local/lib/python3.12/site-packages/airflow/example_dags/example_sla_dag.py for tasks to queue
[2026-02-11T00:06:37.771+0000] {logging_mixin.py:188} INFO - [2026-02-11T00:06:37.771+0000] {dagbag.py:540} INFO - Filling up the DagBag from /home/airflow/.local/lib/python3.12/site-packages/airflow/example_dags/example_sla_dag.py
[2026-02-11T00:06:37.779+0000] {processor.py:840} INFO - DAG(s) 'example_sla_dag' retrieved from /home/airflow/.local/lib/python3.12/site-packages/airflow/example_dags/example_sla_dag.py
[2026-02-11T00:06:37.801+0000] {logging_mixin.py:188} INFO - [2026-02-11T00:06:37.800+0000] {dag.py:3096} INFO - Sync 1 DAGs
[2026-02-11T00:06:37.822+0000] {logging_mixin.py:188} INFO - [2026-02-11T00:06:37.822+0000] {dag.py:3954} INFO - Setting next_dagrun for example_sla_dag to 2026-02-11 00:04:00+00:00, run_after=2026-02-11 00:06:00+00:00
[2026-02-11T00:06:37.842+0000] {processor.py:183} INFO - Processing /home/airflow/.local/lib/python3.12/site-packages/airflow/example_dags/example_sla_dag.py took 0.080 seconds
[2026-02-11T00:07:08.142+0000] {processor.py:161} INFO - Started process (PID=7091) to work on /home/airflow/.local/lib/python3.12/site-packages/airflow/example_dags/example_sla_dag.py
[2026-02-11T00:07:08.143+0000] {processor.py:830} INFO - Processing file /home/airflow/.local/lib/python3.12/site-packages/airflow/example_dags/example_sla_dag.py for tasks to queue
[2026-02-11T00:07:08.145+0000] {logging_mixin.py:188} INFO - [2026-02-11T00:07:08.145+0000] {dagbag.py:540} INFO - Filling up the DagBag from /home/airflow/.local/lib/python3.12/site-packages/airflow/example_dags/example_sla_dag.py
[2026-02-11T00:07:08.153+0000] {processor.py:840} INFO - DAG(s) 'example_sla_dag' retrieved from /home/airflow/.local/lib/python3.12/site-packages/airflow/example_dags/example_sla_dag.py
[2026-02-11T00:07:08.173+0000] {logging_mixin.py:188} INFO - [2026-02-11T00:07:08.173+0000] {dag.py:3096} INFO - Sync 1 DAGs
[2026-02-11T00:07:08.202+0000] {logging_mixin.py:188} INFO - [2026-02-11T00:07:08.201+0000] {dag.py:3954} INFO - Setting next_dagrun for example_sla_dag to 2026-02-11 00:04:00+00:00, run_after=2026-02-11 00:06:00+00:00
[2026-02-11T00:07:08.222+0000] {processor.py:183} INFO - Processing /home/airflow/.local/lib/python3.12/site-packages/airflow/example_dags/example_sla_dag.py took 0.085 seconds
[2026-02-11T00:07:38.635+0000] {processor.py:161} INFO - Started process (PID=7145) to work on /home/airflow/.local/lib/python3.12/site-packages/airflow/example_dags/example_sla_dag.py
[2026-02-11T00:07:38.637+0000] {processor.py:830} INFO - Processing file /home/airflow/.local/lib/python3.12/site-packages/airflow/example_dags/example_sla_dag.py for tasks to queue
[2026-02-11T00:07:38.641+0000] {logging_mixin.py:188} INFO - [2026-02-11T00:07:38.640+0000] {dagbag.py:540} INFO - Filling up the DagBag from /home/airflow/.local/lib/python3.12/site-packages/airflow/example_dags/example_sla_dag.py
[2026-02-11T00:07:38.649+0000] {processor.py:840} INFO - DAG(s) 'example_sla_dag' retrieved from /home/airflow/.local/lib/python3.12/site-packages/airflow/example_dags/example_sla_dag.py
[2026-02-11T00:07:38.676+0000] {logging_mixin.py:188} INFO - [2026-02-11T00:07:38.676+0000] {dag.py:3096} INFO - Sync 1 DAGs
[2026-02-11T00:07:38.702+0000] {logging_mixin.py:188} INFO - [2026-02-11T00:07:38.702+0000] {dag.py:3954} INFO - Setting next_dagrun for example_sla_dag to 2026-02-11 00:04:00+00:00, run_after=2026-02-11 00:06:00+00:00
[2026-02-11T00:07:38.734+0000] {processor.py:183} INFO - Processing /home/airflow/.local/lib/python3.12/site-packages/airflow/example_dags/example_sla_dag.py took 0.105 seconds
[2026-02-11T00:08:09.346+0000] {processor.py:161} INFO - Started process (PID=7197) to work on /home/airflow/.local/lib/python3.12/site-packages/airflow/example_dags/example_sla_dag.py
[2026-02-11T00:08:09.347+0000] {processor.py:830} INFO - Processing file /home/airflow/.local/lib/python3.12/site-packages/airflow/example_dags/example_sla_dag.py for tasks to queue
[2026-02-11T00:08:09.350+0000] {logging_mixin.py:188} INFO - [2026-02-11T00:08:09.349+0000] {dagbag.py:540} INFO - Filling up the DagBag from /home/airflow/.local/lib/python3.12/site-packages/airflow/example_dags/example_sla_dag.py
[2026-02-11T00:08:09.360+0000] {processor.py:840} INFO - DAG(s) 'example_sla_dag' retrieved from /home/airflow/.local/lib/python3.12/site-packages/airflow/example_dags/example_sla_dag.py
[2026-02-11T00:08:09.383+0000] {logging_mixin.py:188} INFO - [2026-02-11T00:08:09.383+0000] {dag.py:3096} INFO - Sync 1 DAGs
[2026-02-11T00:08:09.412+0000] {logging_mixin.py:188} INFO - [2026-02-11T00:08:09.412+0000] {dag.py:3954} INFO - Setting next_dagrun for example_sla_dag to 2026-02-11 00:06:00+00:00, run_after=2026-02-11 00:08:00+00:00
[2026-02-11T00:08:09.444+0000] {processor.py:183} INFO - Processing /home/airflow/.local/lib/python3.12/site-packages/airflow/example_dags/example_sla_dag.py took 0.105 seconds
[2026-02-11T00:08:39.850+0000] {processor.py:161} INFO - Started process (PID=7251) to work on /home/airflow/.local/lib/python3.12/site-packages/airflow/example_dags/example_sla_dag.py
[2026-02-11T00:08:39.851+0000] {processor.py:830} INFO - Processing file /home/airflow/.local/lib/python3.12/site-packages/airflow/example_dags/example_sla_dag.py for tasks to queue
[2026-02-11T00:08:39.853+0000] {logging_mixin.py:188} INFO - [2026-02-11T00:08:39.853+0000] {dagbag.py:540} INFO - Filling up the DagBag from /home/airflow/.local/lib/python3.12/site-packages/airflow/example_dags/example_sla_dag.py
[2026-02-11T00:08:39.862+0000] {processor.py:840} INFO - DAG(s) 'example_sla_dag' retrieved from /home/airflow/.local/lib/python3.12/site-packages/airflow/example_dags/example_sla_dag.py
[2026-02-11T00:08:39.883+0000] {logging_mixin.py:188} INFO - [2026-02-11T00:08:39.883+0000] {dag.py:3096} INFO - Sync 1 DAGs
[2026-02-11T00:08:39.905+0000] {logging_mixin.py:188} INFO - [2026-02-11T00:08:39.905+0000] {dag.py:3954} INFO - Setting next_dagrun for example_sla_dag to 2026-02-11 00:06:00+00:00, run_after=2026-02-11 00:08:00+00:00
[2026-02-11T00:08:39.927+0000] {processor.py:183} INFO - Processing /home/airflow/.local/lib/python3.12/site-packages/airflow/example_dags/example_sla_dag.py took 0.083 seconds
[2026-02-11T00:09:10.103+0000] {processor.py:161} INFO - Started process (PID=7305) to work on /home/airflow/.local/lib/python3.12/site-packages/airflow/example_dags/example_sla_dag.py
[2026-02-11T00:09:10.105+0000] {processor.py:830} INFO - Processing file /home/airflow/.local/lib/python3.12/site-packages/airflow/example_dags/example_sla_dag.py for tasks to queue
[2026-02-11T00:09:10.107+0000] {logging_mixin.py:188} INFO - [2026-02-11T00:09:10.106+0000] {dagbag.py:540} INFO - Filling up the DagBag from /home/airflow/.local/lib/python3.12/site-packages/airflow/example_dags/example_sla_dag.py
[2026-02-11T00:09:10.114+0000] {processor.py:840} INFO - DAG(s) 'example_sla_dag' retrieved from /home/airflow/.local/lib/python3.12/site-packages/airflow/example_dags/example_sla_dag.py
[2026-02-11T00:09:10.135+0000] {logging_mixin.py:188} INFO - [2026-02-11T00:09:10.134+0000] {dag.py:3096} INFO - Sync 1 DAGs
[2026-02-11T00:09:10.160+0000] {logging_mixin.py:188} INFO - [2026-02-11T00:09:10.159+0000] {dag.py:3954} INFO - Setting next_dagrun for example_sla_dag to 2026-02-11 00:06:00+00:00, run_after=2026-02-11 00:08:00+00:00
[2026-02-11T00:09:10.181+0000] {processor.py:183} INFO - Processing /home/airflow/.local/lib/python3.12/site-packages/airflow/example_dags/example_sla_dag.py took 0.084 seconds
[2026-02-11T00:09:40.287+0000] {processor.py:161} INFO - Started process (PID=7359) to work on /home/airflow/.local/lib/python3.12/site-packages/airflow/example_dags/example_sla_dag.py
[2026-02-11T00:09:40.289+0000] {processor.py:830} INFO - Processing file /home/airflow/.local/lib/python3.12/site-packages/airflow/example_dags/example_sla_dag.py for tasks to queue
[2026-02-11T00:09:40.291+0000] {logging_mixin.py:188} INFO - [2026-02-11T00:09:40.291+0000] {dagbag.py:540} INFO - Filling up the DagBag from /home/airflow/.local/lib/python3.12/site-packages/airflow/example_dags/example_sla_dag.py
[2026-02-11T00:09:40.299+0000] {processor.py:840} INFO - DAG(s) 'example_sla_dag' retrieved from /home/airflow/.local/lib/python3.12/site-packages/airflow/example_dags/example_sla_dag.py
[2026-02-11T00:09:40.321+0000] {logging_mixin.py:188} INFO - [2026-02-11T00:09:40.321+0000] {dag.py:3096} INFO - Sync 1 DAGs
[2026-02-11T00:09:40.346+0000] {logging_mixin.py:188} INFO - [2026-02-11T00:09:40.346+0000] {dag.py:3954} INFO - Setting next_dagrun for example_sla_dag to 2026-02-11 00:06:00+00:00, run_after=2026-02-11 00:08:00+00:00
[2026-02-11T00:09:40.378+0000] {processor.py:183} INFO - Processing /home/airflow/.local/lib/python3.12/site-packages/airflow/example_dags/example_sla_dag.py took 0.098 seconds
[2026-02-11T00:10:10.489+0000] {processor.py:161} INFO - Started process (PID=7413) to work on /home/airflow/.local/lib/python3.12/site-packages/airflow/example_dags/example_sla_dag.py
[2026-02-11T00:10:10.490+0000] {processor.py:830} INFO - Processing file /home/airflow/.local/lib/python3.12/site-packages/airflow/example_dags/example_sla_dag.py for tasks to queue
[2026-02-11T00:10:10.492+0000] {logging_mixin.py:188} INFO - [2026-02-11T00:10:10.492+0000] {dagbag.py:540} INFO - Filling up the DagBag from /home/airflow/.local/lib/python3.12/site-packages/airflow/example_dags/example_sla_dag.py
[2026-02-11T00:10:10.502+0000] {processor.py:840} INFO - DAG(s) 'example_sla_dag' retrieved from /home/airflow/.local/lib/python3.12/site-packages/airflow/example_dags/example_sla_dag.py
[2026-02-11T00:10:10.526+0000] {logging_mixin.py:188} INFO - [2026-02-11T00:10:10.525+0000] {dag.py:3096} INFO - Sync 1 DAGs
[2026-02-11T00:10:10.556+0000] {logging_mixin.py:188} INFO - [2026-02-11T00:10:10.556+0000] {dag.py:3954} INFO - Setting next_dagrun for example_sla_dag to 2026-02-11 00:08:00+00:00, run_after=2026-02-11 00:10:00+00:00
[2026-02-11T00:10:10.592+0000] {processor.py:183} INFO - Processing /home/airflow/.local/lib/python3.12/site-packages/airflow/example_dags/example_sla_dag.py took 0.110 seconds
[2026-02-11T00:10:40.876+0000] {processor.py:161} INFO - Started process (PID=7467) to work on /home/airflow/.local/lib/python3.12/site-packages/airflow/example_dags/example_sla_dag.py
[2026-02-11T00:10:40.880+0000] {processor.py:830} INFO - Processing file /home/airflow/.local/lib/python3.12/site-packages/airflow/example_dags/example_sla_dag.py for tasks to queue
[2026-02-11T00:10:40.886+0000] {logging_mixin.py:188} INFO - [2026-02-11T00:10:40.885+0000] {dagbag.py:540} INFO - Filling up the DagBag from /home/airflow/.local/lib/python3.12/site-packages/airflow/example_dags/example_sla_dag.py
[2026-02-11T00:10:40.902+0000] {processor.py:840} INFO - DAG(s) 'example_sla_dag' retrieved from /home/airflow/.local/lib/python3.12/site-packages/airflow/example_dags/example_sla_dag.py
[2026-02-11T00:10:40.945+0000] {logging_mixin.py:188} INFO - [2026-02-11T00:10:40.945+0000] {dag.py:3096} INFO - Sync 1 DAGs
[2026-02-11T00:10:40.996+0000] {logging_mixin.py:188} INFO - [2026-02-11T00:10:40.995+0000] {dag.py:3954} INFO - Setting next_dagrun for example_sla_dag to 2026-02-11 00:08:00+00:00, run_after=2026-02-11 00:10:00+00:00
[2026-02-11T00:10:41.038+0000] {processor.py:183} INFO - Processing /home/airflow/.local/lib/python3.12/site-packages/airflow/example_dags/example_sla_dag.py took 0.175 seconds
[2026-02-11T00:11:11.957+0000] {processor.py:161} INFO - Started process (PID=7521) to work on /home/airflow/.local/lib/python3.12/site-packages/airflow/example_dags/example_sla_dag.py
[2026-02-11T00:11:11.959+0000] {processor.py:830} INFO - Processing file /home/airflow/.local/lib/python3.12/site-packages/airflow/example_dags/example_sla_dag.py for tasks to queue
[2026-02-11T00:11:11.961+0000] {logging_mixin.py:188} INFO - [2026-02-11T00:11:11.961+0000] {dagbag.py:540} INFO - Filling up the DagBag from /home/airflow/.local/lib/python3.12/site-packages/airflow/example_dags/example_sla_dag.py
[2026-02-11T00:11:11.969+0000] {processor.py:840} INFO - DAG(s) 'example_sla_dag' retrieved from /home/airflow/.local/lib/python3.12/site-packages/airflow/example_dags/example_sla_dag.py
[2026-02-11T00:11:11.991+0000] {logging_mixin.py:188} INFO - [2026-02-11T00:11:11.990+0000] {dag.py:3096} INFO - Sync 1 DAGs
[2026-02-11T00:11:12.017+0000] {logging_mixin.py:188} INFO - [2026-02-11T00:11:12.017+0000] {dag.py:3954} INFO - Setting next_dagrun for example_sla_dag to 2026-02-11 00:08:00+00:00, run_after=2026-02-11 00:10:00+00:00
[2026-02-11T00:11:12.040+0000] {processor.py:183} INFO - Processing /home/airflow/.local/lib/python3.12/site-packages/airflow/example_dags/example_sla_dag.py took 0.089 seconds
