[2026-02-11T00:00:21.910+0000] {processor.py:161} INFO - Started process (PID=6355) to work on /home/airflow/.local/lib/python3.12/site-packages/airflow/example_dags/example_xcom.py
[2026-02-11T00:00:21.911+0000] {processor.py:830} INFO - Processing file /home/airflow/.local/lib/python3.12/site-packages/airflow/example_dags/example_xcom.py for tasks to queue
[2026-02-11T00:00:21.912+0000] {logging_mixin.py:188} INFO - [2026-02-11T00:00:21.912+0000] {dagbag.py:540} INFO - Filling up the DagBag from /home/airflow/.local/lib/python3.12/site-packages/airflow/example_dags/example_xcom.py
[2026-02-11T00:00:21.920+0000] {processor.py:840} INFO - DAG(s) 'example_xcom' retrieved from /home/airflow/.local/lib/python3.12/site-packages/airflow/example_dags/example_xcom.py
[2026-02-11T00:00:21.944+0000] {logging_mixin.py:188} INFO - [2026-02-11T00:00:21.944+0000] {dag.py:3096} INFO - Sync 1 DAGs
[2026-02-11T00:00:21.963+0000] {logging_mixin.py:188} INFO - [2026-02-11T00:00:21.963+0000] {dag.py:3954} INFO - Setting next_dagrun for example_xcom to 2021-01-01 00:00:00+00:00, run_after=2021-01-01 00:00:00+00:00
[2026-02-11T00:00:21.983+0000] {processor.py:183} INFO - Processing /home/airflow/.local/lib/python3.12/site-packages/airflow/example_dags/example_xcom.py took 0.079 seconds
[2026-02-11T00:00:52.249+0000] {processor.py:161} INFO - Started process (PID=6409) to work on /home/airflow/.local/lib/python3.12/site-packages/airflow/example_dags/example_xcom.py
[2026-02-11T00:00:52.250+0000] {processor.py:830} INFO - Processing file /home/airflow/.local/lib/python3.12/site-packages/airflow/example_dags/example_xcom.py for tasks to queue
[2026-02-11T00:00:52.252+0000] {logging_mixin.py:188} INFO - [2026-02-11T00:00:52.252+0000] {dagbag.py:540} INFO - Filling up the DagBag from /home/airflow/.local/lib/python3.12/site-packages/airflow/example_dags/example_xcom.py
[2026-02-11T00:00:52.259+0000] {processor.py:840} INFO - DAG(s) 'example_xcom' retrieved from /home/airflow/.local/lib/python3.12/site-packages/airflow/example_dags/example_xcom.py
[2026-02-11T00:00:52.282+0000] {logging_mixin.py:188} INFO - [2026-02-11T00:00:52.282+0000] {dag.py:3096} INFO - Sync 1 DAGs
[2026-02-11T00:00:52.317+0000] {logging_mixin.py:188} INFO - [2026-02-11T00:00:52.317+0000] {dag.py:3954} INFO - Setting next_dagrun for example_xcom to 2021-01-01 00:00:00+00:00, run_after=2021-01-01 00:00:00+00:00
[2026-02-11T00:00:52.336+0000] {processor.py:183} INFO - Processing /home/airflow/.local/lib/python3.12/site-packages/airflow/example_dags/example_xcom.py took 0.092 seconds
[2026-02-11T00:01:22.703+0000] {processor.py:161} INFO - Started process (PID=6463) to work on /home/airflow/.local/lib/python3.12/site-packages/airflow/example_dags/example_xcom.py
[2026-02-11T00:01:22.704+0000] {processor.py:830} INFO - Processing file /home/airflow/.local/lib/python3.12/site-packages/airflow/example_dags/example_xcom.py for tasks to queue
[2026-02-11T00:01:22.706+0000] {logging_mixin.py:188} INFO - [2026-02-11T00:01:22.706+0000] {dagbag.py:540} INFO - Filling up the DagBag from /home/airflow/.local/lib/python3.12/site-packages/airflow/example_dags/example_xcom.py
[2026-02-11T00:01:22.716+0000] {processor.py:840} INFO - DAG(s) 'example_xcom' retrieved from /home/airflow/.local/lib/python3.12/site-packages/airflow/example_dags/example_xcom.py
[2026-02-11T00:01:22.744+0000] {logging_mixin.py:188} INFO - [2026-02-11T00:01:22.743+0000] {dag.py:3096} INFO - Sync 1 DAGs
[2026-02-11T00:01:22.771+0000] {logging_mixin.py:188} INFO - [2026-02-11T00:01:22.771+0000] {dag.py:3954} INFO - Setting next_dagrun for example_xcom to 2021-01-01 00:00:00+00:00, run_after=2021-01-01 00:00:00+00:00
[2026-02-11T00:01:22.797+0000] {processor.py:183} INFO - Processing /home/airflow/.local/lib/python3.12/site-packages/airflow/example_dags/example_xcom.py took 0.101 seconds
[2026-02-11T00:01:53.201+0000] {processor.py:161} INFO - Started process (PID=6517) to work on /home/airflow/.local/lib/python3.12/site-packages/airflow/example_dags/example_xcom.py
[2026-02-11T00:01:53.202+0000] {processor.py:830} INFO - Processing file /home/airflow/.local/lib/python3.12/site-packages/airflow/example_dags/example_xcom.py for tasks to queue
[2026-02-11T00:01:53.204+0000] {logging_mixin.py:188} INFO - [2026-02-11T00:01:53.204+0000] {dagbag.py:540} INFO - Filling up the DagBag from /home/airflow/.local/lib/python3.12/site-packages/airflow/example_dags/example_xcom.py
[2026-02-11T00:01:53.212+0000] {processor.py:840} INFO - DAG(s) 'example_xcom' retrieved from /home/airflow/.local/lib/python3.12/site-packages/airflow/example_dags/example_xcom.py
[2026-02-11T00:01:53.232+0000] {logging_mixin.py:188} INFO - [2026-02-11T00:01:53.232+0000] {dag.py:3096} INFO - Sync 1 DAGs
[2026-02-11T00:01:53.251+0000] {logging_mixin.py:188} INFO - [2026-02-11T00:01:53.250+0000] {dag.py:3954} INFO - Setting next_dagrun for example_xcom to 2021-01-01 00:00:00+00:00, run_after=2021-01-01 00:00:00+00:00
[2026-02-11T00:01:53.272+0000] {processor.py:183} INFO - Processing /home/airflow/.local/lib/python3.12/site-packages/airflow/example_dags/example_xcom.py took 0.076 seconds
[2026-02-11T00:02:23.385+0000] {processor.py:161} INFO - Started process (PID=6571) to work on /home/airflow/.local/lib/python3.12/site-packages/airflow/example_dags/example_xcom.py
[2026-02-11T00:02:23.386+0000] {processor.py:830} INFO - Processing file /home/airflow/.local/lib/python3.12/site-packages/airflow/example_dags/example_xcom.py for tasks to queue
[2026-02-11T00:02:23.389+0000] {logging_mixin.py:188} INFO - [2026-02-11T00:02:23.388+0000] {dagbag.py:540} INFO - Filling up the DagBag from /home/airflow/.local/lib/python3.12/site-packages/airflow/example_dags/example_xcom.py
[2026-02-11T00:02:23.398+0000] {processor.py:840} INFO - DAG(s) 'example_xcom' retrieved from /home/airflow/.local/lib/python3.12/site-packages/airflow/example_dags/example_xcom.py
[2026-02-11T00:02:23.425+0000] {logging_mixin.py:188} INFO - [2026-02-11T00:02:23.424+0000] {dag.py:3096} INFO - Sync 1 DAGs
[2026-02-11T00:02:23.455+0000] {logging_mixin.py:188} INFO - [2026-02-11T00:02:23.455+0000] {dag.py:3954} INFO - Setting next_dagrun for example_xcom to 2021-01-01 00:00:00+00:00, run_after=2021-01-01 00:00:00+00:00
[2026-02-11T00:02:23.483+0000] {processor.py:183} INFO - Processing /home/airflow/.local/lib/python3.12/site-packages/airflow/example_dags/example_xcom.py took 0.104 seconds
[2026-02-11T00:02:53.741+0000] {processor.py:161} INFO - Started process (PID=6625) to work on /home/airflow/.local/lib/python3.12/site-packages/airflow/example_dags/example_xcom.py
[2026-02-11T00:02:53.742+0000] {processor.py:830} INFO - Processing file /home/airflow/.local/lib/python3.12/site-packages/airflow/example_dags/example_xcom.py for tasks to queue
[2026-02-11T00:02:53.744+0000] {logging_mixin.py:188} INFO - [2026-02-11T00:02:53.743+0000] {dagbag.py:540} INFO - Filling up the DagBag from /home/airflow/.local/lib/python3.12/site-packages/airflow/example_dags/example_xcom.py
[2026-02-11T00:02:53.752+0000] {processor.py:840} INFO - DAG(s) 'example_xcom' retrieved from /home/airflow/.local/lib/python3.12/site-packages/airflow/example_dags/example_xcom.py
[2026-02-11T00:02:53.774+0000] {logging_mixin.py:188} INFO - [2026-02-11T00:02:53.774+0000] {dag.py:3096} INFO - Sync 1 DAGs
[2026-02-11T00:02:53.794+0000] {logging_mixin.py:188} INFO - [2026-02-11T00:02:53.794+0000] {dag.py:3954} INFO - Setting next_dagrun for example_xcom to 2021-01-01 00:00:00+00:00, run_after=2021-01-01 00:00:00+00:00
[2026-02-11T00:02:53.815+0000] {processor.py:183} INFO - Processing /home/airflow/.local/lib/python3.12/site-packages/airflow/example_dags/example_xcom.py took 0.080 seconds
[2026-02-11T00:03:24.060+0000] {processor.py:161} INFO - Started process (PID=6679) to work on /home/airflow/.local/lib/python3.12/site-packages/airflow/example_dags/example_xcom.py
[2026-02-11T00:03:24.061+0000] {processor.py:830} INFO - Processing file /home/airflow/.local/lib/python3.12/site-packages/airflow/example_dags/example_xcom.py for tasks to queue
[2026-02-11T00:03:24.063+0000] {logging_mixin.py:188} INFO - [2026-02-11T00:03:24.063+0000] {dagbag.py:540} INFO - Filling up the DagBag from /home/airflow/.local/lib/python3.12/site-packages/airflow/example_dags/example_xcom.py
[2026-02-11T00:03:24.071+0000] {processor.py:840} INFO - DAG(s) 'example_xcom' retrieved from /home/airflow/.local/lib/python3.12/site-packages/airflow/example_dags/example_xcom.py
[2026-02-11T00:03:24.095+0000] {logging_mixin.py:188} INFO - [2026-02-11T00:03:24.094+0000] {dag.py:3096} INFO - Sync 1 DAGs
[2026-02-11T00:03:24.118+0000] {logging_mixin.py:188} INFO - [2026-02-11T00:03:24.118+0000] {dag.py:3954} INFO - Setting next_dagrun for example_xcom to 2021-01-01 00:00:00+00:00, run_after=2021-01-01 00:00:00+00:00
[2026-02-11T00:03:24.148+0000] {processor.py:183} INFO - Processing /home/airflow/.local/lib/python3.12/site-packages/airflow/example_dags/example_xcom.py took 0.094 seconds
[2026-02-11T00:03:54.300+0000] {processor.py:161} INFO - Started process (PID=6733) to work on /home/airflow/.local/lib/python3.12/site-packages/airflow/example_dags/example_xcom.py
[2026-02-11T00:03:54.301+0000] {processor.py:830} INFO - Processing file /home/airflow/.local/lib/python3.12/site-packages/airflow/example_dags/example_xcom.py for tasks to queue
[2026-02-11T00:03:54.303+0000] {logging_mixin.py:188} INFO - [2026-02-11T00:03:54.302+0000] {dagbag.py:540} INFO - Filling up the DagBag from /home/airflow/.local/lib/python3.12/site-packages/airflow/example_dags/example_xcom.py
[2026-02-11T00:03:54.310+0000] {processor.py:840} INFO - DAG(s) 'example_xcom' retrieved from /home/airflow/.local/lib/python3.12/site-packages/airflow/example_dags/example_xcom.py
[2026-02-11T00:03:54.329+0000] {logging_mixin.py:188} INFO - [2026-02-11T00:03:54.329+0000] {dag.py:3096} INFO - Sync 1 DAGs
[2026-02-11T00:03:54.349+0000] {logging_mixin.py:188} INFO - [2026-02-11T00:03:54.349+0000] {dag.py:3954} INFO - Setting next_dagrun for example_xcom to 2021-01-01 00:00:00+00:00, run_after=2021-01-01 00:00:00+00:00
[2026-02-11T00:03:54.381+0000] {processor.py:183} INFO - Processing /home/airflow/.local/lib/python3.12/site-packages/airflow/example_dags/example_xcom.py took 0.086 seconds
[2026-02-11T00:04:24.665+0000] {processor.py:161} INFO - Started process (PID=6787) to work on /home/airflow/.local/lib/python3.12/site-packages/airflow/example_dags/example_xcom.py
[2026-02-11T00:04:24.666+0000] {processor.py:830} INFO - Processing file /home/airflow/.local/lib/python3.12/site-packages/airflow/example_dags/example_xcom.py for tasks to queue
[2026-02-11T00:04:24.668+0000] {logging_mixin.py:188} INFO - [2026-02-11T00:04:24.668+0000] {dagbag.py:540} INFO - Filling up the DagBag from /home/airflow/.local/lib/python3.12/site-packages/airflow/example_dags/example_xcom.py
[2026-02-11T00:04:24.676+0000] {processor.py:840} INFO - DAG(s) 'example_xcom' retrieved from /home/airflow/.local/lib/python3.12/site-packages/airflow/example_dags/example_xcom.py
[2026-02-11T00:04:24.699+0000] {logging_mixin.py:188} INFO - [2026-02-11T00:04:24.699+0000] {dag.py:3096} INFO - Sync 1 DAGs
[2026-02-11T00:04:24.731+0000] {logging_mixin.py:188} INFO - [2026-02-11T00:04:24.731+0000] {dag.py:3954} INFO - Setting next_dagrun for example_xcom to 2021-01-01 00:00:00+00:00, run_after=2021-01-01 00:00:00+00:00
[2026-02-11T00:04:24.752+0000] {processor.py:183} INFO - Processing /home/airflow/.local/lib/python3.12/site-packages/airflow/example_dags/example_xcom.py took 0.093 seconds
[2026-02-11T00:04:54.806+0000] {processor.py:161} INFO - Started process (PID=6841) to work on /home/airflow/.local/lib/python3.12/site-packages/airflow/example_dags/example_xcom.py
[2026-02-11T00:04:54.807+0000] {processor.py:830} INFO - Processing file /home/airflow/.local/lib/python3.12/site-packages/airflow/example_dags/example_xcom.py for tasks to queue
[2026-02-11T00:04:54.809+0000] {logging_mixin.py:188} INFO - [2026-02-11T00:04:54.809+0000] {dagbag.py:540} INFO - Filling up the DagBag from /home/airflow/.local/lib/python3.12/site-packages/airflow/example_dags/example_xcom.py
[2026-02-11T00:04:54.816+0000] {processor.py:840} INFO - DAG(s) 'example_xcom' retrieved from /home/airflow/.local/lib/python3.12/site-packages/airflow/example_dags/example_xcom.py
[2026-02-11T00:04:54.837+0000] {logging_mixin.py:188} INFO - [2026-02-11T00:04:54.837+0000] {dag.py:3096} INFO - Sync 1 DAGs
[2026-02-11T00:04:54.857+0000] {logging_mixin.py:188} INFO - [2026-02-11T00:04:54.856+0000] {dag.py:3954} INFO - Setting next_dagrun for example_xcom to 2021-01-01 00:00:00+00:00, run_after=2021-01-01 00:00:00+00:00
[2026-02-11T00:04:54.877+0000] {processor.py:183} INFO - Processing /home/airflow/.local/lib/python3.12/site-packages/airflow/example_dags/example_xcom.py took 0.077 seconds
[2026-02-11T00:05:25.030+0000] {processor.py:161} INFO - Started process (PID=6895) to work on /home/airflow/.local/lib/python3.12/site-packages/airflow/example_dags/example_xcom.py
[2026-02-11T00:05:25.031+0000] {processor.py:830} INFO - Processing file /home/airflow/.local/lib/python3.12/site-packages/airflow/example_dags/example_xcom.py for tasks to queue
[2026-02-11T00:05:25.033+0000] {logging_mixin.py:188} INFO - [2026-02-11T00:05:25.033+0000] {dagbag.py:540} INFO - Filling up the DagBag from /home/airflow/.local/lib/python3.12/site-packages/airflow/example_dags/example_xcom.py
[2026-02-11T00:05:25.041+0000] {processor.py:840} INFO - DAG(s) 'example_xcom' retrieved from /home/airflow/.local/lib/python3.12/site-packages/airflow/example_dags/example_xcom.py
[2026-02-11T00:05:25.061+0000] {logging_mixin.py:188} INFO - [2026-02-11T00:05:25.061+0000] {dag.py:3096} INFO - Sync 1 DAGs
[2026-02-11T00:05:25.080+0000] {logging_mixin.py:188} INFO - [2026-02-11T00:05:25.080+0000] {dag.py:3954} INFO - Setting next_dagrun for example_xcom to 2021-01-01 00:00:00+00:00, run_after=2021-01-01 00:00:00+00:00
[2026-02-11T00:05:25.103+0000] {processor.py:183} INFO - Processing /home/airflow/.local/lib/python3.12/site-packages/airflow/example_dags/example_xcom.py took 0.079 seconds
[2026-02-11T00:05:55.330+0000] {processor.py:161} INFO - Started process (PID=6949) to work on /home/airflow/.local/lib/python3.12/site-packages/airflow/example_dags/example_xcom.py
[2026-02-11T00:05:55.331+0000] {processor.py:830} INFO - Processing file /home/airflow/.local/lib/python3.12/site-packages/airflow/example_dags/example_xcom.py for tasks to queue
[2026-02-11T00:05:55.334+0000] {logging_mixin.py:188} INFO - [2026-02-11T00:05:55.333+0000] {dagbag.py:540} INFO - Filling up the DagBag from /home/airflow/.local/lib/python3.12/site-packages/airflow/example_dags/example_xcom.py
[2026-02-11T00:05:55.341+0000] {processor.py:840} INFO - DAG(s) 'example_xcom' retrieved from /home/airflow/.local/lib/python3.12/site-packages/airflow/example_dags/example_xcom.py
[2026-02-11T00:05:55.362+0000] {logging_mixin.py:188} INFO - [2026-02-11T00:05:55.362+0000] {dag.py:3096} INFO - Sync 1 DAGs
[2026-02-11T00:05:55.383+0000] {logging_mixin.py:188} INFO - [2026-02-11T00:05:55.383+0000] {dag.py:3954} INFO - Setting next_dagrun for example_xcom to 2021-01-01 00:00:00+00:00, run_after=2021-01-01 00:00:00+00:00
[2026-02-11T00:05:55.415+0000] {processor.py:183} INFO - Processing /home/airflow/.local/lib/python3.12/site-packages/airflow/example_dags/example_xcom.py took 0.090 seconds
[2026-02-11T00:06:25.576+0000] {processor.py:161} INFO - Started process (PID=7003) to work on /home/airflow/.local/lib/python3.12/site-packages/airflow/example_dags/example_xcom.py
[2026-02-11T00:06:25.577+0000] {processor.py:830} INFO - Processing file /home/airflow/.local/lib/python3.12/site-packages/airflow/example_dags/example_xcom.py for tasks to queue
[2026-02-11T00:06:25.580+0000] {logging_mixin.py:188} INFO - [2026-02-11T00:06:25.580+0000] {dagbag.py:540} INFO - Filling up the DagBag from /home/airflow/.local/lib/python3.12/site-packages/airflow/example_dags/example_xcom.py
[2026-02-11T00:06:25.588+0000] {processor.py:840} INFO - DAG(s) 'example_xcom' retrieved from /home/airflow/.local/lib/python3.12/site-packages/airflow/example_dags/example_xcom.py
[2026-02-11T00:06:25.613+0000] {logging_mixin.py:188} INFO - [2026-02-11T00:06:25.613+0000] {dag.py:3096} INFO - Sync 1 DAGs
[2026-02-11T00:06:25.638+0000] {logging_mixin.py:188} INFO - [2026-02-11T00:06:25.638+0000] {dag.py:3954} INFO - Setting next_dagrun for example_xcom to 2021-01-01 00:00:00+00:00, run_after=2021-01-01 00:00:00+00:00
[2026-02-11T00:06:25.662+0000] {processor.py:183} INFO - Processing /home/airflow/.local/lib/python3.12/site-packages/airflow/example_dags/example_xcom.py took 0.093 seconds
[2026-02-11T00:06:55.744+0000] {processor.py:161} INFO - Started process (PID=7056) to work on /home/airflow/.local/lib/python3.12/site-packages/airflow/example_dags/example_xcom.py
[2026-02-11T00:06:55.746+0000] {processor.py:830} INFO - Processing file /home/airflow/.local/lib/python3.12/site-packages/airflow/example_dags/example_xcom.py for tasks to queue
[2026-02-11T00:06:55.748+0000] {logging_mixin.py:188} INFO - [2026-02-11T00:06:55.748+0000] {dagbag.py:540} INFO - Filling up the DagBag from /home/airflow/.local/lib/python3.12/site-packages/airflow/example_dags/example_xcom.py
[2026-02-11T00:06:55.761+0000] {processor.py:840} INFO - DAG(s) 'example_xcom' retrieved from /home/airflow/.local/lib/python3.12/site-packages/airflow/example_dags/example_xcom.py
[2026-02-11T00:06:55.783+0000] {logging_mixin.py:188} INFO - [2026-02-11T00:06:55.782+0000] {dag.py:3096} INFO - Sync 1 DAGs
[2026-02-11T00:06:55.805+0000] {logging_mixin.py:188} INFO - [2026-02-11T00:06:55.805+0000] {dag.py:3954} INFO - Setting next_dagrun for example_xcom to 2021-01-01 00:00:00+00:00, run_after=2021-01-01 00:00:00+00:00
[2026-02-11T00:06:55.831+0000] {processor.py:183} INFO - Processing /home/airflow/.local/lib/python3.12/site-packages/airflow/example_dags/example_xcom.py took 0.095 seconds
[2026-02-11T00:07:26.190+0000] {processor.py:161} INFO - Started process (PID=7110) to work on /home/airflow/.local/lib/python3.12/site-packages/airflow/example_dags/example_xcom.py
[2026-02-11T00:07:26.191+0000] {processor.py:830} INFO - Processing file /home/airflow/.local/lib/python3.12/site-packages/airflow/example_dags/example_xcom.py for tasks to queue
[2026-02-11T00:07:26.194+0000] {logging_mixin.py:188} INFO - [2026-02-11T00:07:26.193+0000] {dagbag.py:540} INFO - Filling up the DagBag from /home/airflow/.local/lib/python3.12/site-packages/airflow/example_dags/example_xcom.py
[2026-02-11T00:07:26.202+0000] {processor.py:840} INFO - DAG(s) 'example_xcom' retrieved from /home/airflow/.local/lib/python3.12/site-packages/airflow/example_dags/example_xcom.py
[2026-02-11T00:07:26.229+0000] {logging_mixin.py:188} INFO - [2026-02-11T00:07:26.229+0000] {dag.py:3096} INFO - Sync 1 DAGs
[2026-02-11T00:07:26.256+0000] {logging_mixin.py:188} INFO - [2026-02-11T00:07:26.255+0000] {dag.py:3954} INFO - Setting next_dagrun for example_xcom to 2021-01-01 00:00:00+00:00, run_after=2021-01-01 00:00:00+00:00
[2026-02-11T00:07:26.281+0000] {processor.py:183} INFO - Processing /home/airflow/.local/lib/python3.12/site-packages/airflow/example_dags/example_xcom.py took 0.098 seconds
[2026-02-11T00:07:56.481+0000] {processor.py:161} INFO - Started process (PID=7164) to work on /home/airflow/.local/lib/python3.12/site-packages/airflow/example_dags/example_xcom.py
[2026-02-11T00:07:56.482+0000] {processor.py:830} INFO - Processing file /home/airflow/.local/lib/python3.12/site-packages/airflow/example_dags/example_xcom.py for tasks to queue
[2026-02-11T00:07:56.485+0000] {logging_mixin.py:188} INFO - [2026-02-11T00:07:56.485+0000] {dagbag.py:540} INFO - Filling up the DagBag from /home/airflow/.local/lib/python3.12/site-packages/airflow/example_dags/example_xcom.py
[2026-02-11T00:07:56.495+0000] {processor.py:840} INFO - DAG(s) 'example_xcom' retrieved from /home/airflow/.local/lib/python3.12/site-packages/airflow/example_dags/example_xcom.py
[2026-02-11T00:07:56.524+0000] {logging_mixin.py:188} INFO - [2026-02-11T00:07:56.524+0000] {dag.py:3096} INFO - Sync 1 DAGs
[2026-02-11T00:07:56.546+0000] {logging_mixin.py:188} INFO - [2026-02-11T00:07:56.546+0000] {dag.py:3954} INFO - Setting next_dagrun for example_xcom to 2021-01-01 00:00:00+00:00, run_after=2021-01-01 00:00:00+00:00
[2026-02-11T00:07:56.569+0000] {processor.py:183} INFO - Processing /home/airflow/.local/lib/python3.12/site-packages/airflow/example_dags/example_xcom.py took 0.095 seconds
[2026-02-11T00:08:26.792+0000] {processor.py:161} INFO - Started process (PID=7218) to work on /home/airflow/.local/lib/python3.12/site-packages/airflow/example_dags/example_xcom.py
[2026-02-11T00:08:26.794+0000] {processor.py:830} INFO - Processing file /home/airflow/.local/lib/python3.12/site-packages/airflow/example_dags/example_xcom.py for tasks to queue
[2026-02-11T00:08:26.795+0000] {logging_mixin.py:188} INFO - [2026-02-11T00:08:26.795+0000] {dagbag.py:540} INFO - Filling up the DagBag from /home/airflow/.local/lib/python3.12/site-packages/airflow/example_dags/example_xcom.py
[2026-02-11T00:08:26.803+0000] {processor.py:840} INFO - DAG(s) 'example_xcom' retrieved from /home/airflow/.local/lib/python3.12/site-packages/airflow/example_dags/example_xcom.py
[2026-02-11T00:08:26.825+0000] {logging_mixin.py:188} INFO - [2026-02-11T00:08:26.824+0000] {dag.py:3096} INFO - Sync 1 DAGs
[2026-02-11T00:08:26.845+0000] {logging_mixin.py:188} INFO - [2026-02-11T00:08:26.845+0000] {dag.py:3954} INFO - Setting next_dagrun for example_xcom to 2021-01-01 00:00:00+00:00, run_after=2021-01-01 00:00:00+00:00
[2026-02-11T00:08:26.867+0000] {processor.py:183} INFO - Processing /home/airflow/.local/lib/python3.12/site-packages/airflow/example_dags/example_xcom.py took 0.081 seconds
[2026-02-11T00:08:57.042+0000] {processor.py:161} INFO - Started process (PID=7272) to work on /home/airflow/.local/lib/python3.12/site-packages/airflow/example_dags/example_xcom.py
[2026-02-11T00:08:57.043+0000] {processor.py:830} INFO - Processing file /home/airflow/.local/lib/python3.12/site-packages/airflow/example_dags/example_xcom.py for tasks to queue
[2026-02-11T00:08:57.045+0000] {logging_mixin.py:188} INFO - [2026-02-11T00:08:57.045+0000] {dagbag.py:540} INFO - Filling up the DagBag from /home/airflow/.local/lib/python3.12/site-packages/airflow/example_dags/example_xcom.py
[2026-02-11T00:08:57.052+0000] {processor.py:840} INFO - DAG(s) 'example_xcom' retrieved from /home/airflow/.local/lib/python3.12/site-packages/airflow/example_dags/example_xcom.py
[2026-02-11T00:08:57.075+0000] {logging_mixin.py:188} INFO - [2026-02-11T00:08:57.074+0000] {dag.py:3096} INFO - Sync 1 DAGs
[2026-02-11T00:08:57.100+0000] {logging_mixin.py:188} INFO - [2026-02-11T00:08:57.099+0000] {dag.py:3954} INFO - Setting next_dagrun for example_xcom to 2021-01-01 00:00:00+00:00, run_after=2021-01-01 00:00:00+00:00
[2026-02-11T00:08:57.126+0000] {processor.py:183} INFO - Processing /home/airflow/.local/lib/python3.12/site-packages/airflow/example_dags/example_xcom.py took 0.091 seconds
[2026-02-11T00:09:27.251+0000] {processor.py:161} INFO - Started process (PID=7326) to work on /home/airflow/.local/lib/python3.12/site-packages/airflow/example_dags/example_xcom.py
[2026-02-11T00:09:27.252+0000] {processor.py:830} INFO - Processing file /home/airflow/.local/lib/python3.12/site-packages/airflow/example_dags/example_xcom.py for tasks to queue
[2026-02-11T00:09:27.254+0000] {logging_mixin.py:188} INFO - [2026-02-11T00:09:27.254+0000] {dagbag.py:540} INFO - Filling up the DagBag from /home/airflow/.local/lib/python3.12/site-packages/airflow/example_dags/example_xcom.py
[2026-02-11T00:09:27.265+0000] {processor.py:840} INFO - DAG(s) 'example_xcom' retrieved from /home/airflow/.local/lib/python3.12/site-packages/airflow/example_dags/example_xcom.py
[2026-02-11T00:09:27.286+0000] {logging_mixin.py:188} INFO - [2026-02-11T00:09:27.286+0000] {dag.py:3096} INFO - Sync 1 DAGs
[2026-02-11T00:09:27.307+0000] {logging_mixin.py:188} INFO - [2026-02-11T00:09:27.306+0000] {dag.py:3954} INFO - Setting next_dagrun for example_xcom to 2021-01-01 00:00:00+00:00, run_after=2021-01-01 00:00:00+00:00
[2026-02-11T00:09:27.337+0000] {processor.py:183} INFO - Processing /home/airflow/.local/lib/python3.12/site-packages/airflow/example_dags/example_xcom.py took 0.091 seconds
[2026-02-11T00:09:57.570+0000] {processor.py:161} INFO - Started process (PID=7380) to work on /home/airflow/.local/lib/python3.12/site-packages/airflow/example_dags/example_xcom.py
[2026-02-11T00:09:57.572+0000] {processor.py:830} INFO - Processing file /home/airflow/.local/lib/python3.12/site-packages/airflow/example_dags/example_xcom.py for tasks to queue
[2026-02-11T00:09:57.574+0000] {logging_mixin.py:188} INFO - [2026-02-11T00:09:57.574+0000] {dagbag.py:540} INFO - Filling up the DagBag from /home/airflow/.local/lib/python3.12/site-packages/airflow/example_dags/example_xcom.py
[2026-02-11T00:09:57.583+0000] {processor.py:840} INFO - DAG(s) 'example_xcom' retrieved from /home/airflow/.local/lib/python3.12/site-packages/airflow/example_dags/example_xcom.py
[2026-02-11T00:09:57.607+0000] {logging_mixin.py:188} INFO - [2026-02-11T00:09:57.606+0000] {dag.py:3096} INFO - Sync 1 DAGs
[2026-02-11T00:09:57.632+0000] {logging_mixin.py:188} INFO - [2026-02-11T00:09:57.631+0000] {dag.py:3954} INFO - Setting next_dagrun for example_xcom to 2021-01-01 00:00:00+00:00, run_after=2021-01-01 00:00:00+00:00
[2026-02-11T00:09:57.658+0000] {processor.py:183} INFO - Processing /home/airflow/.local/lib/python3.12/site-packages/airflow/example_dags/example_xcom.py took 0.094 seconds
[2026-02-11T00:10:27.798+0000] {processor.py:161} INFO - Started process (PID=7434) to work on /home/airflow/.local/lib/python3.12/site-packages/airflow/example_dags/example_xcom.py
[2026-02-11T00:10:27.799+0000] {processor.py:830} INFO - Processing file /home/airflow/.local/lib/python3.12/site-packages/airflow/example_dags/example_xcom.py for tasks to queue
[2026-02-11T00:10:27.801+0000] {logging_mixin.py:188} INFO - [2026-02-11T00:10:27.801+0000] {dagbag.py:540} INFO - Filling up the DagBag from /home/airflow/.local/lib/python3.12/site-packages/airflow/example_dags/example_xcom.py
[2026-02-11T00:10:27.809+0000] {processor.py:840} INFO - DAG(s) 'example_xcom' retrieved from /home/airflow/.local/lib/python3.12/site-packages/airflow/example_dags/example_xcom.py
[2026-02-11T00:10:27.831+0000] {logging_mixin.py:188} INFO - [2026-02-11T00:10:27.831+0000] {dag.py:3096} INFO - Sync 1 DAGs
[2026-02-11T00:10:27.855+0000] {logging_mixin.py:188} INFO - [2026-02-11T00:10:27.855+0000] {dag.py:3954} INFO - Setting next_dagrun for example_xcom to 2021-01-01 00:00:00+00:00, run_after=2021-01-01 00:00:00+00:00
[2026-02-11T00:10:27.886+0000] {processor.py:183} INFO - Processing /home/airflow/.local/lib/python3.12/site-packages/airflow/example_dags/example_xcom.py took 0.094 seconds
[2026-02-11T00:10:58.290+0000] {processor.py:161} INFO - Started process (PID=7488) to work on /home/airflow/.local/lib/python3.12/site-packages/airflow/example_dags/example_xcom.py
[2026-02-11T00:10:58.291+0000] {processor.py:830} INFO - Processing file /home/airflow/.local/lib/python3.12/site-packages/airflow/example_dags/example_xcom.py for tasks to queue
[2026-02-11T00:10:58.293+0000] {logging_mixin.py:188} INFO - [2026-02-11T00:10:58.293+0000] {dagbag.py:540} INFO - Filling up the DagBag from /home/airflow/.local/lib/python3.12/site-packages/airflow/example_dags/example_xcom.py
[2026-02-11T00:10:58.301+0000] {processor.py:840} INFO - DAG(s) 'example_xcom' retrieved from /home/airflow/.local/lib/python3.12/site-packages/airflow/example_dags/example_xcom.py
[2026-02-11T00:10:58.321+0000] {logging_mixin.py:188} INFO - [2026-02-11T00:10:58.321+0000] {dag.py:3096} INFO - Sync 1 DAGs
[2026-02-11T00:10:58.345+0000] {logging_mixin.py:188} INFO - [2026-02-11T00:10:58.345+0000] {dag.py:3954} INFO - Setting next_dagrun for example_xcom to 2021-01-01 00:00:00+00:00, run_after=2021-01-01 00:00:00+00:00
[2026-02-11T00:10:58.365+0000] {processor.py:183} INFO - Processing /home/airflow/.local/lib/python3.12/site-packages/airflow/example_dags/example_xcom.py took 0.081 seconds
[2026-02-11T00:11:28.430+0000] {processor.py:161} INFO - Started process (PID=7542) to work on /home/airflow/.local/lib/python3.12/site-packages/airflow/example_dags/example_xcom.py
[2026-02-11T00:11:28.431+0000] {processor.py:830} INFO - Processing file /home/airflow/.local/lib/python3.12/site-packages/airflow/example_dags/example_xcom.py for tasks to queue
[2026-02-11T00:11:28.433+0000] {logging_mixin.py:188} INFO - [2026-02-11T00:11:28.433+0000] {dagbag.py:540} INFO - Filling up the DagBag from /home/airflow/.local/lib/python3.12/site-packages/airflow/example_dags/example_xcom.py
[2026-02-11T00:11:28.444+0000] {processor.py:840} INFO - DAG(s) 'example_xcom' retrieved from /home/airflow/.local/lib/python3.12/site-packages/airflow/example_dags/example_xcom.py
[2026-02-11T00:11:28.466+0000] {logging_mixin.py:188} INFO - [2026-02-11T00:11:28.465+0000] {dag.py:3096} INFO - Sync 1 DAGs
[2026-02-11T00:11:28.487+0000] {logging_mixin.py:188} INFO - [2026-02-11T00:11:28.487+0000] {dag.py:3954} INFO - Setting next_dagrun for example_xcom to 2021-01-01 00:00:00+00:00, run_after=2021-01-01 00:00:00+00:00
[2026-02-11T00:11:28.518+0000] {processor.py:183} INFO - Processing /home/airflow/.local/lib/python3.12/site-packages/airflow/example_dags/example_xcom.py took 0.095 seconds
