[2026-02-11T00:00:19.766+0000] {processor.py:161} INFO - Started process (PID=6352) to work on /home/airflow/.local/lib/python3.12/site-packages/airflow/example_dags/example_setup_teardown.py
[2026-02-11T00:00:19.767+0000] {processor.py:830} INFO - Processing file /home/airflow/.local/lib/python3.12/site-packages/airflow/example_dags/example_setup_teardown.py for tasks to queue
[2026-02-11T00:00:19.769+0000] {logging_mixin.py:188} INFO - [2026-02-11T00:00:19.769+0000] {dagbag.py:540} INFO - Filling up the DagBag from /home/airflow/.local/lib/python3.12/site-packages/airflow/example_dags/example_setup_teardown.py
[2026-02-11T00:00:19.778+0000] {processor.py:840} INFO - DAG(s) 'example_setup_teardown' retrieved from /home/airflow/.local/lib/python3.12/site-packages/airflow/example_dags/example_setup_teardown.py
[2026-02-11T00:00:19.800+0000] {logging_mixin.py:188} INFO - [2026-02-11T00:00:19.800+0000] {dag.py:3096} INFO - Sync 1 DAGs
[2026-02-11T00:00:19.821+0000] {logging_mixin.py:188} INFO - [2026-02-11T00:00:19.821+0000] {dag.py:3954} INFO - Setting next_dagrun for example_setup_teardown to 2026-02-10 00:00:00+00:00, run_after=2026-02-11 00:00:00+00:00
[2026-02-11T00:00:19.842+0000] {processor.py:183} INFO - Processing /home/airflow/.local/lib/python3.12/site-packages/airflow/example_dags/example_setup_teardown.py took 0.082 seconds
[2026-02-11T00:00:50.096+0000] {processor.py:161} INFO - Started process (PID=6406) to work on /home/airflow/.local/lib/python3.12/site-packages/airflow/example_dags/example_setup_teardown.py
[2026-02-11T00:00:50.097+0000] {processor.py:830} INFO - Processing file /home/airflow/.local/lib/python3.12/site-packages/airflow/example_dags/example_setup_teardown.py for tasks to queue
[2026-02-11T00:00:50.099+0000] {logging_mixin.py:188} INFO - [2026-02-11T00:00:50.099+0000] {dagbag.py:540} INFO - Filling up the DagBag from /home/airflow/.local/lib/python3.12/site-packages/airflow/example_dags/example_setup_teardown.py
[2026-02-11T00:00:50.106+0000] {processor.py:840} INFO - DAG(s) 'example_setup_teardown' retrieved from /home/airflow/.local/lib/python3.12/site-packages/airflow/example_dags/example_setup_teardown.py
[2026-02-11T00:00:50.132+0000] {logging_mixin.py:188} INFO - [2026-02-11T00:00:50.132+0000] {dag.py:3096} INFO - Sync 1 DAGs
[2026-02-11T00:00:50.157+0000] {logging_mixin.py:188} INFO - [2026-02-11T00:00:50.157+0000] {dag.py:3954} INFO - Setting next_dagrun for example_setup_teardown to 2026-02-10 00:00:00+00:00, run_after=2026-02-11 00:00:00+00:00
[2026-02-11T00:00:50.181+0000] {processor.py:183} INFO - Processing /home/airflow/.local/lib/python3.12/site-packages/airflow/example_dags/example_setup_teardown.py took 0.091 seconds
[2026-02-11T00:01:20.416+0000] {processor.py:161} INFO - Started process (PID=6460) to work on /home/airflow/.local/lib/python3.12/site-packages/airflow/example_dags/example_setup_teardown.py
[2026-02-11T00:01:20.417+0000] {processor.py:830} INFO - Processing file /home/airflow/.local/lib/python3.12/site-packages/airflow/example_dags/example_setup_teardown.py for tasks to queue
[2026-02-11T00:01:20.420+0000] {logging_mixin.py:188} INFO - [2026-02-11T00:01:20.419+0000] {dagbag.py:540} INFO - Filling up the DagBag from /home/airflow/.local/lib/python3.12/site-packages/airflow/example_dags/example_setup_teardown.py
[2026-02-11T00:01:20.431+0000] {processor.py:840} INFO - DAG(s) 'example_setup_teardown' retrieved from /home/airflow/.local/lib/python3.12/site-packages/airflow/example_dags/example_setup_teardown.py
[2026-02-11T00:01:20.466+0000] {logging_mixin.py:188} INFO - [2026-02-11T00:01:20.466+0000] {dag.py:3096} INFO - Sync 1 DAGs
[2026-02-11T00:01:20.497+0000] {logging_mixin.py:188} INFO - [2026-02-11T00:01:20.496+0000] {dag.py:3954} INFO - Setting next_dagrun for example_setup_teardown to 2026-02-10 00:00:00+00:00, run_after=2026-02-11 00:00:00+00:00
[2026-02-11T00:01:20.532+0000] {processor.py:183} INFO - Processing /home/airflow/.local/lib/python3.12/site-packages/airflow/example_dags/example_setup_teardown.py took 0.124 seconds
[2026-02-11T00:01:51.045+0000] {processor.py:161} INFO - Started process (PID=6514) to work on /home/airflow/.local/lib/python3.12/site-packages/airflow/example_dags/example_setup_teardown.py
[2026-02-11T00:01:51.046+0000] {processor.py:830} INFO - Processing file /home/airflow/.local/lib/python3.12/site-packages/airflow/example_dags/example_setup_teardown.py for tasks to queue
[2026-02-11T00:01:51.048+0000] {logging_mixin.py:188} INFO - [2026-02-11T00:01:51.048+0000] {dagbag.py:540} INFO - Filling up the DagBag from /home/airflow/.local/lib/python3.12/site-packages/airflow/example_dags/example_setup_teardown.py
[2026-02-11T00:01:51.056+0000] {processor.py:840} INFO - DAG(s) 'example_setup_teardown' retrieved from /home/airflow/.local/lib/python3.12/site-packages/airflow/example_dags/example_setup_teardown.py
[2026-02-11T00:01:51.081+0000] {logging_mixin.py:188} INFO - [2026-02-11T00:01:51.081+0000] {dag.py:3096} INFO - Sync 1 DAGs
[2026-02-11T00:01:51.105+0000] {logging_mixin.py:188} INFO - [2026-02-11T00:01:51.105+0000] {dag.py:3954} INFO - Setting next_dagrun for example_setup_teardown to 2026-02-10 00:00:00+00:00, run_after=2026-02-11 00:00:00+00:00
[2026-02-11T00:01:51.138+0000] {processor.py:183} INFO - Processing /home/airflow/.local/lib/python3.12/site-packages/airflow/example_dags/example_setup_teardown.py took 0.101 seconds
[2026-02-11T00:02:21.236+0000] {processor.py:161} INFO - Started process (PID=6568) to work on /home/airflow/.local/lib/python3.12/site-packages/airflow/example_dags/example_setup_teardown.py
[2026-02-11T00:02:21.237+0000] {processor.py:830} INFO - Processing file /home/airflow/.local/lib/python3.12/site-packages/airflow/example_dags/example_setup_teardown.py for tasks to queue
[2026-02-11T00:02:21.239+0000] {logging_mixin.py:188} INFO - [2026-02-11T00:02:21.238+0000] {dagbag.py:540} INFO - Filling up the DagBag from /home/airflow/.local/lib/python3.12/site-packages/airflow/example_dags/example_setup_teardown.py
[2026-02-11T00:02:21.245+0000] {processor.py:840} INFO - DAG(s) 'example_setup_teardown' retrieved from /home/airflow/.local/lib/python3.12/site-packages/airflow/example_dags/example_setup_teardown.py
[2026-02-11T00:02:21.267+0000] {logging_mixin.py:188} INFO - [2026-02-11T00:02:21.267+0000] {dag.py:3096} INFO - Sync 1 DAGs
[2026-02-11T00:02:21.288+0000] {logging_mixin.py:188} INFO - [2026-02-11T00:02:21.287+0000] {dag.py:3954} INFO - Setting next_dagrun for example_setup_teardown to 2026-02-10 00:00:00+00:00, run_after=2026-02-11 00:00:00+00:00
[2026-02-11T00:02:21.317+0000] {processor.py:183} INFO - Processing /home/airflow/.local/lib/python3.12/site-packages/airflow/example_dags/example_setup_teardown.py took 0.087 seconds
[2026-02-11T00:02:51.609+0000] {processor.py:161} INFO - Started process (PID=6622) to work on /home/airflow/.local/lib/python3.12/site-packages/airflow/example_dags/example_setup_teardown.py
[2026-02-11T00:02:51.610+0000] {processor.py:830} INFO - Processing file /home/airflow/.local/lib/python3.12/site-packages/airflow/example_dags/example_setup_teardown.py for tasks to queue
[2026-02-11T00:02:51.612+0000] {logging_mixin.py:188} INFO - [2026-02-11T00:02:51.612+0000] {dagbag.py:540} INFO - Filling up the DagBag from /home/airflow/.local/lib/python3.12/site-packages/airflow/example_dags/example_setup_teardown.py
[2026-02-11T00:02:51.619+0000] {processor.py:840} INFO - DAG(s) 'example_setup_teardown' retrieved from /home/airflow/.local/lib/python3.12/site-packages/airflow/example_dags/example_setup_teardown.py
[2026-02-11T00:02:51.640+0000] {logging_mixin.py:188} INFO - [2026-02-11T00:02:51.640+0000] {dag.py:3096} INFO - Sync 1 DAGs
[2026-02-11T00:02:51.661+0000] {logging_mixin.py:188} INFO - [2026-02-11T00:02:51.660+0000] {dag.py:3954} INFO - Setting next_dagrun for example_setup_teardown to 2026-02-10 00:00:00+00:00, run_after=2026-02-11 00:00:00+00:00
[2026-02-11T00:02:51.682+0000] {processor.py:183} INFO - Processing /home/airflow/.local/lib/python3.12/site-packages/airflow/example_dags/example_setup_teardown.py took 0.078 seconds
[2026-02-11T00:03:21.922+0000] {processor.py:161} INFO - Started process (PID=6676) to work on /home/airflow/.local/lib/python3.12/site-packages/airflow/example_dags/example_setup_teardown.py
[2026-02-11T00:03:21.923+0000] {processor.py:830} INFO - Processing file /home/airflow/.local/lib/python3.12/site-packages/airflow/example_dags/example_setup_teardown.py for tasks to queue
[2026-02-11T00:03:21.925+0000] {logging_mixin.py:188} INFO - [2026-02-11T00:03:21.925+0000] {dagbag.py:540} INFO - Filling up the DagBag from /home/airflow/.local/lib/python3.12/site-packages/airflow/example_dags/example_setup_teardown.py
[2026-02-11T00:03:21.934+0000] {processor.py:840} INFO - DAG(s) 'example_setup_teardown' retrieved from /home/airflow/.local/lib/python3.12/site-packages/airflow/example_dags/example_setup_teardown.py
[2026-02-11T00:03:21.959+0000] {logging_mixin.py:188} INFO - [2026-02-11T00:03:21.959+0000] {dag.py:3096} INFO - Sync 1 DAGs
[2026-02-11T00:03:21.982+0000] {logging_mixin.py:188} INFO - [2026-02-11T00:03:21.982+0000] {dag.py:3954} INFO - Setting next_dagrun for example_setup_teardown to 2026-02-10 00:00:00+00:00, run_after=2026-02-11 00:00:00+00:00
[2026-02-11T00:03:22.001+0000] {processor.py:183} INFO - Processing /home/airflow/.local/lib/python3.12/site-packages/airflow/example_dags/example_setup_teardown.py took 0.086 seconds
[2026-02-11T00:03:52.058+0000] {processor.py:161} INFO - Started process (PID=6729) to work on /home/airflow/.local/lib/python3.12/site-packages/airflow/example_dags/example_setup_teardown.py
[2026-02-11T00:03:52.059+0000] {processor.py:830} INFO - Processing file /home/airflow/.local/lib/python3.12/site-packages/airflow/example_dags/example_setup_teardown.py for tasks to queue
[2026-02-11T00:03:52.061+0000] {logging_mixin.py:188} INFO - [2026-02-11T00:03:52.061+0000] {dagbag.py:540} INFO - Filling up the DagBag from /home/airflow/.local/lib/python3.12/site-packages/airflow/example_dags/example_setup_teardown.py
[2026-02-11T00:03:52.067+0000] {processor.py:840} INFO - DAG(s) 'example_setup_teardown' retrieved from /home/airflow/.local/lib/python3.12/site-packages/airflow/example_dags/example_setup_teardown.py
[2026-02-11T00:03:52.087+0000] {logging_mixin.py:188} INFO - [2026-02-11T00:03:52.087+0000] {dag.py:3096} INFO - Sync 1 DAGs
[2026-02-11T00:03:52.106+0000] {logging_mixin.py:188} INFO - [2026-02-11T00:03:52.106+0000] {dag.py:3954} INFO - Setting next_dagrun for example_setup_teardown to 2026-02-10 00:00:00+00:00, run_after=2026-02-11 00:00:00+00:00
[2026-02-11T00:03:52.127+0000] {processor.py:183} INFO - Processing /home/airflow/.local/lib/python3.12/site-packages/airflow/example_dags/example_setup_teardown.py took 0.074 seconds
[2026-02-11T00:04:22.390+0000] {processor.py:161} INFO - Started process (PID=6783) to work on /home/airflow/.local/lib/python3.12/site-packages/airflow/example_dags/example_setup_teardown.py
[2026-02-11T00:04:22.392+0000] {processor.py:830} INFO - Processing file /home/airflow/.local/lib/python3.12/site-packages/airflow/example_dags/example_setup_teardown.py for tasks to queue
[2026-02-11T00:04:22.394+0000] {logging_mixin.py:188} INFO - [2026-02-11T00:04:22.394+0000] {dagbag.py:540} INFO - Filling up the DagBag from /home/airflow/.local/lib/python3.12/site-packages/airflow/example_dags/example_setup_teardown.py
[2026-02-11T00:04:22.401+0000] {processor.py:840} INFO - DAG(s) 'example_setup_teardown' retrieved from /home/airflow/.local/lib/python3.12/site-packages/airflow/example_dags/example_setup_teardown.py
[2026-02-11T00:04:22.425+0000] {logging_mixin.py:188} INFO - [2026-02-11T00:04:22.425+0000] {dag.py:3096} INFO - Sync 1 DAGs
[2026-02-11T00:04:22.449+0000] {logging_mixin.py:188} INFO - [2026-02-11T00:04:22.449+0000] {dag.py:3954} INFO - Setting next_dagrun for example_setup_teardown to 2026-02-10 00:00:00+00:00, run_after=2026-02-11 00:00:00+00:00
[2026-02-11T00:04:22.471+0000] {processor.py:183} INFO - Processing /home/airflow/.local/lib/python3.12/site-packages/airflow/example_dags/example_setup_teardown.py took 0.087 seconds
[2026-02-11T00:04:52.571+0000] {processor.py:161} INFO - Started process (PID=6837) to work on /home/airflow/.local/lib/python3.12/site-packages/airflow/example_dags/example_setup_teardown.py
[2026-02-11T00:04:52.572+0000] {processor.py:830} INFO - Processing file /home/airflow/.local/lib/python3.12/site-packages/airflow/example_dags/example_setup_teardown.py for tasks to queue
[2026-02-11T00:04:52.574+0000] {logging_mixin.py:188} INFO - [2026-02-11T00:04:52.573+0000] {dagbag.py:540} INFO - Filling up the DagBag from /home/airflow/.local/lib/python3.12/site-packages/airflow/example_dags/example_setup_teardown.py
[2026-02-11T00:04:52.580+0000] {processor.py:840} INFO - DAG(s) 'example_setup_teardown' retrieved from /home/airflow/.local/lib/python3.12/site-packages/airflow/example_dags/example_setup_teardown.py
[2026-02-11T00:04:52.600+0000] {logging_mixin.py:188} INFO - [2026-02-11T00:04:52.600+0000] {dag.py:3096} INFO - Sync 1 DAGs
[2026-02-11T00:04:52.620+0000] {logging_mixin.py:188} INFO - [2026-02-11T00:04:52.620+0000] {dag.py:3954} INFO - Setting next_dagrun for example_setup_teardown to 2026-02-10 00:00:00+00:00, run_after=2026-02-11 00:00:00+00:00
[2026-02-11T00:04:52.638+0000] {processor.py:183} INFO - Processing /home/airflow/.local/lib/python3.12/site-packages/airflow/example_dags/example_setup_teardown.py took 0.073 seconds
[2026-02-11T00:05:22.863+0000] {processor.py:161} INFO - Started process (PID=6891) to work on /home/airflow/.local/lib/python3.12/site-packages/airflow/example_dags/example_setup_teardown.py
[2026-02-11T00:05:22.864+0000] {processor.py:830} INFO - Processing file /home/airflow/.local/lib/python3.12/site-packages/airflow/example_dags/example_setup_teardown.py for tasks to queue
[2026-02-11T00:05:22.866+0000] {logging_mixin.py:188} INFO - [2026-02-11T00:05:22.865+0000] {dagbag.py:540} INFO - Filling up the DagBag from /home/airflow/.local/lib/python3.12/site-packages/airflow/example_dags/example_setup_teardown.py
[2026-02-11T00:05:22.873+0000] {processor.py:840} INFO - DAG(s) 'example_setup_teardown' retrieved from /home/airflow/.local/lib/python3.12/site-packages/airflow/example_dags/example_setup_teardown.py
[2026-02-11T00:05:22.897+0000] {logging_mixin.py:188} INFO - [2026-02-11T00:05:22.897+0000] {dag.py:3096} INFO - Sync 1 DAGs
[2026-02-11T00:05:22.927+0000] {logging_mixin.py:188} INFO - [2026-02-11T00:05:22.927+0000] {dag.py:3954} INFO - Setting next_dagrun for example_setup_teardown to 2026-02-10 00:00:00+00:00, run_after=2026-02-11 00:00:00+00:00
[2026-02-11T00:05:22.951+0000] {processor.py:183} INFO - Processing /home/airflow/.local/lib/python3.12/site-packages/airflow/example_dags/example_setup_teardown.py took 0.095 seconds
[2026-02-11T00:05:53.169+0000] {processor.py:161} INFO - Started process (PID=6945) to work on /home/airflow/.local/lib/python3.12/site-packages/airflow/example_dags/example_setup_teardown.py
[2026-02-11T00:05:53.170+0000] {processor.py:830} INFO - Processing file /home/airflow/.local/lib/python3.12/site-packages/airflow/example_dags/example_setup_teardown.py for tasks to queue
[2026-02-11T00:05:53.173+0000] {logging_mixin.py:188} INFO - [2026-02-11T00:05:53.172+0000] {dagbag.py:540} INFO - Filling up the DagBag from /home/airflow/.local/lib/python3.12/site-packages/airflow/example_dags/example_setup_teardown.py
[2026-02-11T00:05:53.182+0000] {processor.py:840} INFO - DAG(s) 'example_setup_teardown' retrieved from /home/airflow/.local/lib/python3.12/site-packages/airflow/example_dags/example_setup_teardown.py
[2026-02-11T00:05:53.206+0000] {logging_mixin.py:188} INFO - [2026-02-11T00:05:53.205+0000] {dag.py:3096} INFO - Sync 1 DAGs
[2026-02-11T00:05:53.231+0000] {logging_mixin.py:188} INFO - [2026-02-11T00:05:53.231+0000] {dag.py:3954} INFO - Setting next_dagrun for example_setup_teardown to 2026-02-10 00:00:00+00:00, run_after=2026-02-11 00:00:00+00:00
[2026-02-11T00:05:53.254+0000] {processor.py:183} INFO - Processing /home/airflow/.local/lib/python3.12/site-packages/airflow/example_dags/example_setup_teardown.py took 0.091 seconds
[2026-02-11T00:06:23.323+0000] {processor.py:161} INFO - Started process (PID=6999) to work on /home/airflow/.local/lib/python3.12/site-packages/airflow/example_dags/example_setup_teardown.py
[2026-02-11T00:06:23.324+0000] {processor.py:830} INFO - Processing file /home/airflow/.local/lib/python3.12/site-packages/airflow/example_dags/example_setup_teardown.py for tasks to queue
[2026-02-11T00:06:23.330+0000] {logging_mixin.py:188} INFO - [2026-02-11T00:06:23.329+0000] {dagbag.py:540} INFO - Filling up the DagBag from /home/airflow/.local/lib/python3.12/site-packages/airflow/example_dags/example_setup_teardown.py
[2026-02-11T00:06:23.338+0000] {processor.py:840} INFO - DAG(s) 'example_setup_teardown' retrieved from /home/airflow/.local/lib/python3.12/site-packages/airflow/example_dags/example_setup_teardown.py
[2026-02-11T00:06:23.360+0000] {logging_mixin.py:188} INFO - [2026-02-11T00:06:23.360+0000] {dag.py:3096} INFO - Sync 1 DAGs
[2026-02-11T00:06:23.381+0000] {logging_mixin.py:188} INFO - [2026-02-11T00:06:23.381+0000] {dag.py:3954} INFO - Setting next_dagrun for example_setup_teardown to 2026-02-10 00:00:00+00:00, run_after=2026-02-11 00:00:00+00:00
[2026-02-11T00:06:23.401+0000] {processor.py:183} INFO - Processing /home/airflow/.local/lib/python3.12/site-packages/airflow/example_dags/example_setup_teardown.py took 0.085 seconds
[2026-02-11T00:06:53.509+0000] {processor.py:161} INFO - Started process (PID=7053) to work on /home/airflow/.local/lib/python3.12/site-packages/airflow/example_dags/example_setup_teardown.py
[2026-02-11T00:06:53.510+0000] {processor.py:830} INFO - Processing file /home/airflow/.local/lib/python3.12/site-packages/airflow/example_dags/example_setup_teardown.py for tasks to queue
[2026-02-11T00:06:53.512+0000] {logging_mixin.py:188} INFO - [2026-02-11T00:06:53.512+0000] {dagbag.py:540} INFO - Filling up the DagBag from /home/airflow/.local/lib/python3.12/site-packages/airflow/example_dags/example_setup_teardown.py
[2026-02-11T00:06:53.519+0000] {processor.py:840} INFO - DAG(s) 'example_setup_teardown' retrieved from /home/airflow/.local/lib/python3.12/site-packages/airflow/example_dags/example_setup_teardown.py
[2026-02-11T00:06:53.541+0000] {logging_mixin.py:188} INFO - [2026-02-11T00:06:53.541+0000] {dag.py:3096} INFO - Sync 1 DAGs
[2026-02-11T00:06:53.564+0000] {logging_mixin.py:188} INFO - [2026-02-11T00:06:53.564+0000] {dag.py:3954} INFO - Setting next_dagrun for example_setup_teardown to 2026-02-10 00:00:00+00:00, run_after=2026-02-11 00:00:00+00:00
[2026-02-11T00:06:53.582+0000] {processor.py:183} INFO - Processing /home/airflow/.local/lib/python3.12/site-packages/airflow/example_dags/example_setup_teardown.py took 0.078 seconds
[2026-02-11T00:07:24.049+0000] {processor.py:161} INFO - Started process (PID=7107) to work on /home/airflow/.local/lib/python3.12/site-packages/airflow/example_dags/example_setup_teardown.py
[2026-02-11T00:07:24.050+0000] {processor.py:830} INFO - Processing file /home/airflow/.local/lib/python3.12/site-packages/airflow/example_dags/example_setup_teardown.py for tasks to queue
[2026-02-11T00:07:24.052+0000] {logging_mixin.py:188} INFO - [2026-02-11T00:07:24.052+0000] {dagbag.py:540} INFO - Filling up the DagBag from /home/airflow/.local/lib/python3.12/site-packages/airflow/example_dags/example_setup_teardown.py
[2026-02-11T00:07:24.059+0000] {processor.py:840} INFO - DAG(s) 'example_setup_teardown' retrieved from /home/airflow/.local/lib/python3.12/site-packages/airflow/example_dags/example_setup_teardown.py
[2026-02-11T00:07:24.080+0000] {logging_mixin.py:188} INFO - [2026-02-11T00:07:24.079+0000] {dag.py:3096} INFO - Sync 1 DAGs
[2026-02-11T00:07:24.100+0000] {logging_mixin.py:188} INFO - [2026-02-11T00:07:24.100+0000] {dag.py:3954} INFO - Setting next_dagrun for example_setup_teardown to 2026-02-10 00:00:00+00:00, run_after=2026-02-11 00:00:00+00:00
[2026-02-11T00:07:24.120+0000] {processor.py:183} INFO - Processing /home/airflow/.local/lib/python3.12/site-packages/airflow/example_dags/example_setup_teardown.py took 0.076 seconds
[2026-02-11T00:07:54.431+0000] {processor.py:161} INFO - Started process (PID=7161) to work on /home/airflow/.local/lib/python3.12/site-packages/airflow/example_dags/example_setup_teardown.py
[2026-02-11T00:07:54.432+0000] {processor.py:830} INFO - Processing file /home/airflow/.local/lib/python3.12/site-packages/airflow/example_dags/example_setup_teardown.py for tasks to queue
[2026-02-11T00:07:54.434+0000] {logging_mixin.py:188} INFO - [2026-02-11T00:07:54.434+0000] {dagbag.py:540} INFO - Filling up the DagBag from /home/airflow/.local/lib/python3.12/site-packages/airflow/example_dags/example_setup_teardown.py
[2026-02-11T00:07:54.440+0000] {processor.py:840} INFO - DAG(s) 'example_setup_teardown' retrieved from /home/airflow/.local/lib/python3.12/site-packages/airflow/example_dags/example_setup_teardown.py
[2026-02-11T00:07:54.465+0000] {logging_mixin.py:188} INFO - [2026-02-11T00:07:54.464+0000] {dag.py:3096} INFO - Sync 1 DAGs
[2026-02-11T00:07:54.485+0000] {logging_mixin.py:188} INFO - [2026-02-11T00:07:54.485+0000] {dag.py:3954} INFO - Setting next_dagrun for example_setup_teardown to 2026-02-10 00:00:00+00:00, run_after=2026-02-11 00:00:00+00:00
[2026-02-11T00:07:54.507+0000] {processor.py:183} INFO - Processing /home/airflow/.local/lib/python3.12/site-packages/airflow/example_dags/example_setup_teardown.py took 0.081 seconds
[2026-02-11T00:08:24.659+0000] {processor.py:161} INFO - Started process (PID=7215) to work on /home/airflow/.local/lib/python3.12/site-packages/airflow/example_dags/example_setup_teardown.py
[2026-02-11T00:08:24.660+0000] {processor.py:830} INFO - Processing file /home/airflow/.local/lib/python3.12/site-packages/airflow/example_dags/example_setup_teardown.py for tasks to queue
[2026-02-11T00:08:24.662+0000] {logging_mixin.py:188} INFO - [2026-02-11T00:08:24.662+0000] {dagbag.py:540} INFO - Filling up the DagBag from /home/airflow/.local/lib/python3.12/site-packages/airflow/example_dags/example_setup_teardown.py
[2026-02-11T00:08:24.669+0000] {processor.py:840} INFO - DAG(s) 'example_setup_teardown' retrieved from /home/airflow/.local/lib/python3.12/site-packages/airflow/example_dags/example_setup_teardown.py
[2026-02-11T00:08:24.690+0000] {logging_mixin.py:188} INFO - [2026-02-11T00:08:24.690+0000] {dag.py:3096} INFO - Sync 1 DAGs
[2026-02-11T00:08:24.713+0000] {logging_mixin.py:188} INFO - [2026-02-11T00:08:24.713+0000] {dag.py:3954} INFO - Setting next_dagrun for example_setup_teardown to 2026-02-10 00:00:00+00:00, run_after=2026-02-11 00:00:00+00:00
[2026-02-11T00:08:24.734+0000] {processor.py:183} INFO - Processing /home/airflow/.local/lib/python3.12/site-packages/airflow/example_dags/example_setup_teardown.py took 0.082 seconds
[2026-02-11T00:08:54.915+0000] {processor.py:161} INFO - Started process (PID=7269) to work on /home/airflow/.local/lib/python3.12/site-packages/airflow/example_dags/example_setup_teardown.py
[2026-02-11T00:08:54.916+0000] {processor.py:830} INFO - Processing file /home/airflow/.local/lib/python3.12/site-packages/airflow/example_dags/example_setup_teardown.py for tasks to queue
[2026-02-11T00:08:54.918+0000] {logging_mixin.py:188} INFO - [2026-02-11T00:08:54.917+0000] {dagbag.py:540} INFO - Filling up the DagBag from /home/airflow/.local/lib/python3.12/site-packages/airflow/example_dags/example_setup_teardown.py
[2026-02-11T00:08:54.924+0000] {processor.py:840} INFO - DAG(s) 'example_setup_teardown' retrieved from /home/airflow/.local/lib/python3.12/site-packages/airflow/example_dags/example_setup_teardown.py
[2026-02-11T00:08:54.945+0000] {logging_mixin.py:188} INFO - [2026-02-11T00:08:54.945+0000] {dag.py:3096} INFO - Sync 1 DAGs
[2026-02-11T00:08:54.964+0000] {logging_mixin.py:188} INFO - [2026-02-11T00:08:54.964+0000] {dag.py:3954} INFO - Setting next_dagrun for example_setup_teardown to 2026-02-10 00:00:00+00:00, run_after=2026-02-11 00:00:00+00:00
[2026-02-11T00:08:54.983+0000] {processor.py:183} INFO - Processing /home/airflow/.local/lib/python3.12/site-packages/airflow/example_dags/example_setup_teardown.py took 0.074 seconds
[2026-02-11T00:09:25.125+0000] {processor.py:161} INFO - Started process (PID=7323) to work on /home/airflow/.local/lib/python3.12/site-packages/airflow/example_dags/example_setup_teardown.py
[2026-02-11T00:09:25.128+0000] {processor.py:830} INFO - Processing file /home/airflow/.local/lib/python3.12/site-packages/airflow/example_dags/example_setup_teardown.py for tasks to queue
[2026-02-11T00:09:25.130+0000] {logging_mixin.py:188} INFO - [2026-02-11T00:09:25.130+0000] {dagbag.py:540} INFO - Filling up the DagBag from /home/airflow/.local/lib/python3.12/site-packages/airflow/example_dags/example_setup_teardown.py
[2026-02-11T00:09:25.137+0000] {processor.py:840} INFO - DAG(s) 'example_setup_teardown' retrieved from /home/airflow/.local/lib/python3.12/site-packages/airflow/example_dags/example_setup_teardown.py
[2026-02-11T00:09:25.155+0000] {logging_mixin.py:188} INFO - [2026-02-11T00:09:25.155+0000] {dag.py:3096} INFO - Sync 1 DAGs
[2026-02-11T00:09:25.175+0000] {logging_mixin.py:188} INFO - [2026-02-11T00:09:25.174+0000] {dag.py:3954} INFO - Setting next_dagrun for example_setup_teardown to 2026-02-10 00:00:00+00:00, run_after=2026-02-11 00:00:00+00:00
[2026-02-11T00:09:25.195+0000] {processor.py:183} INFO - Processing /home/airflow/.local/lib/python3.12/site-packages/airflow/example_dags/example_setup_teardown.py took 0.077 seconds
[2026-02-11T00:09:55.434+0000] {processor.py:161} INFO - Started process (PID=7377) to work on /home/airflow/.local/lib/python3.12/site-packages/airflow/example_dags/example_setup_teardown.py
[2026-02-11T00:09:55.435+0000] {processor.py:830} INFO - Processing file /home/airflow/.local/lib/python3.12/site-packages/airflow/example_dags/example_setup_teardown.py for tasks to queue
[2026-02-11T00:09:55.437+0000] {logging_mixin.py:188} INFO - [2026-02-11T00:09:55.436+0000] {dagbag.py:540} INFO - Filling up the DagBag from /home/airflow/.local/lib/python3.12/site-packages/airflow/example_dags/example_setup_teardown.py
[2026-02-11T00:09:55.443+0000] {processor.py:840} INFO - DAG(s) 'example_setup_teardown' retrieved from /home/airflow/.local/lib/python3.12/site-packages/airflow/example_dags/example_setup_teardown.py
[2026-02-11T00:09:55.464+0000] {logging_mixin.py:188} INFO - [2026-02-11T00:09:55.464+0000] {dag.py:3096} INFO - Sync 1 DAGs
[2026-02-11T00:09:55.484+0000] {logging_mixin.py:188} INFO - [2026-02-11T00:09:55.484+0000] {dag.py:3954} INFO - Setting next_dagrun for example_setup_teardown to 2026-02-10 00:00:00+00:00, run_after=2026-02-11 00:00:00+00:00
[2026-02-11T00:09:55.507+0000] {processor.py:183} INFO - Processing /home/airflow/.local/lib/python3.12/site-packages/airflow/example_dags/example_setup_teardown.py took 0.079 seconds
[2026-02-11T00:10:25.661+0000] {processor.py:161} INFO - Started process (PID=7431) to work on /home/airflow/.local/lib/python3.12/site-packages/airflow/example_dags/example_setup_teardown.py
[2026-02-11T00:10:25.662+0000] {processor.py:830} INFO - Processing file /home/airflow/.local/lib/python3.12/site-packages/airflow/example_dags/example_setup_teardown.py for tasks to queue
[2026-02-11T00:10:25.665+0000] {logging_mixin.py:188} INFO - [2026-02-11T00:10:25.664+0000] {dagbag.py:540} INFO - Filling up the DagBag from /home/airflow/.local/lib/python3.12/site-packages/airflow/example_dags/example_setup_teardown.py
[2026-02-11T00:10:25.671+0000] {processor.py:840} INFO - DAG(s) 'example_setup_teardown' retrieved from /home/airflow/.local/lib/python3.12/site-packages/airflow/example_dags/example_setup_teardown.py
[2026-02-11T00:10:25.690+0000] {logging_mixin.py:188} INFO - [2026-02-11T00:10:25.690+0000] {dag.py:3096} INFO - Sync 1 DAGs
[2026-02-11T00:10:25.709+0000] {logging_mixin.py:188} INFO - [2026-02-11T00:10:25.709+0000] {dag.py:3954} INFO - Setting next_dagrun for example_setup_teardown to 2026-02-10 00:00:00+00:00, run_after=2026-02-11 00:00:00+00:00
[2026-02-11T00:10:25.729+0000] {processor.py:183} INFO - Processing /home/airflow/.local/lib/python3.12/site-packages/airflow/example_dags/example_setup_teardown.py took 0.074 seconds
[2026-02-11T00:10:56.154+0000] {processor.py:161} INFO - Started process (PID=7485) to work on /home/airflow/.local/lib/python3.12/site-packages/airflow/example_dags/example_setup_teardown.py
[2026-02-11T00:10:56.155+0000] {processor.py:830} INFO - Processing file /home/airflow/.local/lib/python3.12/site-packages/airflow/example_dags/example_setup_teardown.py for tasks to queue
[2026-02-11T00:10:56.157+0000] {logging_mixin.py:188} INFO - [2026-02-11T00:10:56.157+0000] {dagbag.py:540} INFO - Filling up the DagBag from /home/airflow/.local/lib/python3.12/site-packages/airflow/example_dags/example_setup_teardown.py
[2026-02-11T00:10:56.164+0000] {processor.py:840} INFO - DAG(s) 'example_setup_teardown' retrieved from /home/airflow/.local/lib/python3.12/site-packages/airflow/example_dags/example_setup_teardown.py
[2026-02-11T00:10:56.185+0000] {logging_mixin.py:188} INFO - [2026-02-11T00:10:56.184+0000] {dag.py:3096} INFO - Sync 1 DAGs
[2026-02-11T00:10:56.205+0000] {logging_mixin.py:188} INFO - [2026-02-11T00:10:56.204+0000] {dag.py:3954} INFO - Setting next_dagrun for example_setup_teardown to 2026-02-10 00:00:00+00:00, run_after=2026-02-11 00:00:00+00:00
[2026-02-11T00:10:56.224+0000] {processor.py:183} INFO - Processing /home/airflow/.local/lib/python3.12/site-packages/airflow/example_dags/example_setup_teardown.py took 0.076 seconds
[2026-02-11T00:11:26.292+0000] {processor.py:161} INFO - Started process (PID=7539) to work on /home/airflow/.local/lib/python3.12/site-packages/airflow/example_dags/example_setup_teardown.py
[2026-02-11T00:11:26.293+0000] {processor.py:830} INFO - Processing file /home/airflow/.local/lib/python3.12/site-packages/airflow/example_dags/example_setup_teardown.py for tasks to queue
[2026-02-11T00:11:26.295+0000] {logging_mixin.py:188} INFO - [2026-02-11T00:11:26.295+0000] {dagbag.py:540} INFO - Filling up the DagBag from /home/airflow/.local/lib/python3.12/site-packages/airflow/example_dags/example_setup_teardown.py
[2026-02-11T00:11:26.301+0000] {processor.py:840} INFO - DAG(s) 'example_setup_teardown' retrieved from /home/airflow/.local/lib/python3.12/site-packages/airflow/example_dags/example_setup_teardown.py
[2026-02-11T00:11:26.322+0000] {logging_mixin.py:188} INFO - [2026-02-11T00:11:26.322+0000] {dag.py:3096} INFO - Sync 1 DAGs
[2026-02-11T00:11:26.343+0000] {logging_mixin.py:188} INFO - [2026-02-11T00:11:26.343+0000] {dag.py:3954} INFO - Setting next_dagrun for example_setup_teardown to 2026-02-10 00:00:00+00:00, run_after=2026-02-11 00:00:00+00:00
[2026-02-11T00:11:26.363+0000] {processor.py:183} INFO - Processing /home/airflow/.local/lib/python3.12/site-packages/airflow/example_dags/example_setup_teardown.py took 0.077 seconds
