[2026-02-11T00:00:03.781+0000] {processor.py:161} INFO - Started process (PID=6334) to work on /home/airflow/.local/lib/python3.12/site-packages/airflow/example_dags/example_branch_datetime_operator.py
[2026-02-11T00:00:03.782+0000] {processor.py:830} INFO - Processing file /home/airflow/.local/lib/python3.12/site-packages/airflow/example_dags/example_branch_datetime_operator.py for tasks to queue
[2026-02-11T00:00:03.784+0000] {logging_mixin.py:188} INFO - [2026-02-11T00:00:03.783+0000] {dagbag.py:540} INFO - Filling up the DagBag from /home/airflow/.local/lib/python3.12/site-packages/airflow/example_dags/example_branch_datetime_operator.py
[2026-02-11T00:00:03.793+0000] {processor.py:840} INFO - DAG(s) 'example_branch_datetime_operator', 'example_branch_datetime_operator_3', 'example_branch_datetime_operator_2' retrieved from /home/airflow/.local/lib/python3.12/site-packages/airflow/example_dags/example_branch_datetime_operator.py
[2026-02-11T00:00:03.821+0000] {logging_mixin.py:188} INFO - [2026-02-11T00:00:03.820+0000] {dag.py:3096} INFO - Sync 3 DAGs
[2026-02-11T00:00:03.841+0000] {logging_mixin.py:188} INFO - [2026-02-11T00:00:03.841+0000] {dag.py:3954} INFO - Setting next_dagrun for example_branch_datetime_operator to 2026-02-10 00:00:00+00:00, run_after=2026-02-11 00:00:00+00:00
[2026-02-11T00:00:03.846+0000] {logging_mixin.py:188} INFO - [2026-02-11T00:00:03.846+0000] {dag.py:3954} INFO - Setting next_dagrun for example_branch_datetime_operator_2 to 2026-02-10 00:00:00+00:00, run_after=2026-02-11 00:00:00+00:00
[2026-02-11T00:00:03.849+0000] {logging_mixin.py:188} INFO - [2026-02-11T00:00:03.849+0000] {dag.py:3954} INFO - Setting next_dagrun for example_branch_datetime_operator_3 to 2026-02-10 00:00:00+00:00, run_after=2026-02-11 00:00:00+00:00
[2026-02-11T00:00:03.866+0000] {processor.py:183} INFO - Processing /home/airflow/.local/lib/python3.12/site-packages/airflow/example_dags/example_branch_datetime_operator.py took 0.092 seconds
[2026-02-11T00:00:34.162+0000] {processor.py:161} INFO - Started process (PID=6388) to work on /home/airflow/.local/lib/python3.12/site-packages/airflow/example_dags/example_branch_datetime_operator.py
[2026-02-11T00:00:34.163+0000] {processor.py:830} INFO - Processing file /home/airflow/.local/lib/python3.12/site-packages/airflow/example_dags/example_branch_datetime_operator.py for tasks to queue
[2026-02-11T00:00:34.166+0000] {logging_mixin.py:188} INFO - [2026-02-11T00:00:34.165+0000] {dagbag.py:540} INFO - Filling up the DagBag from /home/airflow/.local/lib/python3.12/site-packages/airflow/example_dags/example_branch_datetime_operator.py
[2026-02-11T00:00:34.175+0000] {processor.py:840} INFO - DAG(s) 'example_branch_datetime_operator', 'example_branch_datetime_operator_3', 'example_branch_datetime_operator_2' retrieved from /home/airflow/.local/lib/python3.12/site-packages/airflow/example_dags/example_branch_datetime_operator.py
[2026-02-11T00:00:34.202+0000] {logging_mixin.py:188} INFO - [2026-02-11T00:00:34.202+0000] {dag.py:3096} INFO - Sync 3 DAGs
[2026-02-11T00:00:34.224+0000] {logging_mixin.py:188} INFO - [2026-02-11T00:00:34.224+0000] {dag.py:3954} INFO - Setting next_dagrun for example_branch_datetime_operator to 2026-02-10 00:00:00+00:00, run_after=2026-02-11 00:00:00+00:00
[2026-02-11T00:00:34.229+0000] {logging_mixin.py:188} INFO - [2026-02-11T00:00:34.229+0000] {dag.py:3954} INFO - Setting next_dagrun for example_branch_datetime_operator_2 to 2026-02-10 00:00:00+00:00, run_after=2026-02-11 00:00:00+00:00
[2026-02-11T00:00:34.231+0000] {logging_mixin.py:188} INFO - [2026-02-11T00:00:34.231+0000] {dag.py:3954} INFO - Setting next_dagrun for example_branch_datetime_operator_3 to 2026-02-10 00:00:00+00:00, run_after=2026-02-11 00:00:00+00:00
[2026-02-11T00:00:34.250+0000] {processor.py:183} INFO - Processing /home/airflow/.local/lib/python3.12/site-packages/airflow/example_dags/example_branch_datetime_operator.py took 0.094 seconds
[2026-02-11T00:01:04.491+0000] {processor.py:161} INFO - Started process (PID=6442) to work on /home/airflow/.local/lib/python3.12/site-packages/airflow/example_dags/example_branch_datetime_operator.py
[2026-02-11T00:01:04.492+0000] {processor.py:830} INFO - Processing file /home/airflow/.local/lib/python3.12/site-packages/airflow/example_dags/example_branch_datetime_operator.py for tasks to queue
[2026-02-11T00:01:04.494+0000] {logging_mixin.py:188} INFO - [2026-02-11T00:01:04.493+0000] {dagbag.py:540} INFO - Filling up the DagBag from /home/airflow/.local/lib/python3.12/site-packages/airflow/example_dags/example_branch_datetime_operator.py
[2026-02-11T00:01:04.503+0000] {processor.py:840} INFO - DAG(s) 'example_branch_datetime_operator', 'example_branch_datetime_operator_3', 'example_branch_datetime_operator_2' retrieved from /home/airflow/.local/lib/python3.12/site-packages/airflow/example_dags/example_branch_datetime_operator.py
[2026-02-11T00:01:04.531+0000] {logging_mixin.py:188} INFO - [2026-02-11T00:01:04.531+0000] {dag.py:3096} INFO - Sync 3 DAGs
[2026-02-11T00:01:04.552+0000] {logging_mixin.py:188} INFO - [2026-02-11T00:01:04.552+0000] {dag.py:3954} INFO - Setting next_dagrun for example_branch_datetime_operator to 2026-02-10 00:00:00+00:00, run_after=2026-02-11 00:00:00+00:00
[2026-02-11T00:01:04.557+0000] {logging_mixin.py:188} INFO - [2026-02-11T00:01:04.556+0000] {dag.py:3954} INFO - Setting next_dagrun for example_branch_datetime_operator_2 to 2026-02-10 00:00:00+00:00, run_after=2026-02-11 00:00:00+00:00
[2026-02-11T00:01:04.560+0000] {logging_mixin.py:188} INFO - [2026-02-11T00:01:04.560+0000] {dag.py:3954} INFO - Setting next_dagrun for example_branch_datetime_operator_3 to 2026-02-10 00:00:00+00:00, run_after=2026-02-11 00:00:00+00:00
[2026-02-11T00:01:04.578+0000] {processor.py:183} INFO - Processing /home/airflow/.local/lib/python3.12/site-packages/airflow/example_dags/example_branch_datetime_operator.py took 0.093 seconds
[2026-02-11T00:01:35.000+0000] {processor.py:161} INFO - Started process (PID=6496) to work on /home/airflow/.local/lib/python3.12/site-packages/airflow/example_dags/example_branch_datetime_operator.py
[2026-02-11T00:01:35.001+0000] {processor.py:830} INFO - Processing file /home/airflow/.local/lib/python3.12/site-packages/airflow/example_dags/example_branch_datetime_operator.py for tasks to queue
[2026-02-11T00:01:35.003+0000] {logging_mixin.py:188} INFO - [2026-02-11T00:01:35.003+0000] {dagbag.py:540} INFO - Filling up the DagBag from /home/airflow/.local/lib/python3.12/site-packages/airflow/example_dags/example_branch_datetime_operator.py
[2026-02-11T00:01:35.012+0000] {processor.py:840} INFO - DAG(s) 'example_branch_datetime_operator_2', 'example_branch_datetime_operator_3', 'example_branch_datetime_operator' retrieved from /home/airflow/.local/lib/python3.12/site-packages/airflow/example_dags/example_branch_datetime_operator.py
[2026-02-11T00:01:35.041+0000] {logging_mixin.py:188} INFO - [2026-02-11T00:01:35.040+0000] {dag.py:3096} INFO - Sync 3 DAGs
[2026-02-11T00:01:35.065+0000] {logging_mixin.py:188} INFO - [2026-02-11T00:01:35.065+0000] {dag.py:3954} INFO - Setting next_dagrun for example_branch_datetime_operator to 2026-02-10 00:00:00+00:00, run_after=2026-02-11 00:00:00+00:00
[2026-02-11T00:01:35.070+0000] {logging_mixin.py:188} INFO - [2026-02-11T00:01:35.070+0000] {dag.py:3954} INFO - Setting next_dagrun for example_branch_datetime_operator_2 to 2026-02-10 00:00:00+00:00, run_after=2026-02-11 00:00:00+00:00
[2026-02-11T00:01:35.073+0000] {logging_mixin.py:188} INFO - [2026-02-11T00:01:35.073+0000] {dag.py:3954} INFO - Setting next_dagrun for example_branch_datetime_operator_3 to 2026-02-10 00:00:00+00:00, run_after=2026-02-11 00:00:00+00:00
[2026-02-11T00:01:35.093+0000] {processor.py:183} INFO - Processing /home/airflow/.local/lib/python3.12/site-packages/airflow/example_dags/example_branch_datetime_operator.py took 0.099 seconds
[2026-02-11T00:02:05.222+0000] {processor.py:161} INFO - Started process (PID=6550) to work on /home/airflow/.local/lib/python3.12/site-packages/airflow/example_dags/example_branch_datetime_operator.py
[2026-02-11T00:02:05.223+0000] {processor.py:830} INFO - Processing file /home/airflow/.local/lib/python3.12/site-packages/airflow/example_dags/example_branch_datetime_operator.py for tasks to queue
[2026-02-11T00:02:05.225+0000] {logging_mixin.py:188} INFO - [2026-02-11T00:02:05.225+0000] {dagbag.py:540} INFO - Filling up the DagBag from /home/airflow/.local/lib/python3.12/site-packages/airflow/example_dags/example_branch_datetime_operator.py
[2026-02-11T00:02:05.234+0000] {processor.py:840} INFO - DAG(s) 'example_branch_datetime_operator_2', 'example_branch_datetime_operator_3', 'example_branch_datetime_operator' retrieved from /home/airflow/.local/lib/python3.12/site-packages/airflow/example_dags/example_branch_datetime_operator.py
[2026-02-11T00:02:05.262+0000] {logging_mixin.py:188} INFO - [2026-02-11T00:02:05.262+0000] {dag.py:3096} INFO - Sync 3 DAGs
[2026-02-11T00:02:05.285+0000] {logging_mixin.py:188} INFO - [2026-02-11T00:02:05.284+0000] {dag.py:3954} INFO - Setting next_dagrun for example_branch_datetime_operator to 2026-02-10 00:00:00+00:00, run_after=2026-02-11 00:00:00+00:00
[2026-02-11T00:02:05.289+0000] {logging_mixin.py:188} INFO - [2026-02-11T00:02:05.289+0000] {dag.py:3954} INFO - Setting next_dagrun for example_branch_datetime_operator_2 to 2026-02-10 00:00:00+00:00, run_after=2026-02-11 00:00:00+00:00
[2026-02-11T00:02:05.292+0000] {logging_mixin.py:188} INFO - [2026-02-11T00:02:05.291+0000] {dag.py:3954} INFO - Setting next_dagrun for example_branch_datetime_operator_3 to 2026-02-10 00:00:00+00:00, run_after=2026-02-11 00:00:00+00:00
[2026-02-11T00:02:05.309+0000] {processor.py:183} INFO - Processing /home/airflow/.local/lib/python3.12/site-packages/airflow/example_dags/example_branch_datetime_operator.py took 0.094 seconds
[2026-02-11T00:02:35.536+0000] {processor.py:161} INFO - Started process (PID=6604) to work on /home/airflow/.local/lib/python3.12/site-packages/airflow/example_dags/example_branch_datetime_operator.py
[2026-02-11T00:02:35.537+0000] {processor.py:830} INFO - Processing file /home/airflow/.local/lib/python3.12/site-packages/airflow/example_dags/example_branch_datetime_operator.py for tasks to queue
[2026-02-11T00:02:35.539+0000] {logging_mixin.py:188} INFO - [2026-02-11T00:02:35.538+0000] {dagbag.py:540} INFO - Filling up the DagBag from /home/airflow/.local/lib/python3.12/site-packages/airflow/example_dags/example_branch_datetime_operator.py
[2026-02-11T00:02:35.548+0000] {processor.py:840} INFO - DAG(s) 'example_branch_datetime_operator', 'example_branch_datetime_operator_3', 'example_branch_datetime_operator_2' retrieved from /home/airflow/.local/lib/python3.12/site-packages/airflow/example_dags/example_branch_datetime_operator.py
[2026-02-11T00:02:35.578+0000] {logging_mixin.py:188} INFO - [2026-02-11T00:02:35.578+0000] {dag.py:3096} INFO - Sync 3 DAGs
[2026-02-11T00:02:35.602+0000] {logging_mixin.py:188} INFO - [2026-02-11T00:02:35.602+0000] {dag.py:3954} INFO - Setting next_dagrun for example_branch_datetime_operator to 2026-02-10 00:00:00+00:00, run_after=2026-02-11 00:00:00+00:00
[2026-02-11T00:02:35.607+0000] {logging_mixin.py:188} INFO - [2026-02-11T00:02:35.607+0000] {dag.py:3954} INFO - Setting next_dagrun for example_branch_datetime_operator_2 to 2026-02-10 00:00:00+00:00, run_after=2026-02-11 00:00:00+00:00
[2026-02-11T00:02:35.611+0000] {logging_mixin.py:188} INFO - [2026-02-11T00:02:35.611+0000] {dag.py:3954} INFO - Setting next_dagrun for example_branch_datetime_operator_3 to 2026-02-10 00:00:00+00:00, run_after=2026-02-11 00:00:00+00:00
[2026-02-11T00:02:35.630+0000] {processor.py:183} INFO - Processing /home/airflow/.local/lib/python3.12/site-packages/airflow/example_dags/example_branch_datetime_operator.py took 0.101 seconds
[2026-02-11T00:03:05.800+0000] {processor.py:161} INFO - Started process (PID=6658) to work on /home/airflow/.local/lib/python3.12/site-packages/airflow/example_dags/example_branch_datetime_operator.py
[2026-02-11T00:03:05.801+0000] {processor.py:830} INFO - Processing file /home/airflow/.local/lib/python3.12/site-packages/airflow/example_dags/example_branch_datetime_operator.py for tasks to queue
[2026-02-11T00:03:05.803+0000] {logging_mixin.py:188} INFO - [2026-02-11T00:03:05.803+0000] {dagbag.py:540} INFO - Filling up the DagBag from /home/airflow/.local/lib/python3.12/site-packages/airflow/example_dags/example_branch_datetime_operator.py
[2026-02-11T00:03:05.812+0000] {processor.py:840} INFO - DAG(s) 'example_branch_datetime_operator', 'example_branch_datetime_operator_2', 'example_branch_datetime_operator_3' retrieved from /home/airflow/.local/lib/python3.12/site-packages/airflow/example_dags/example_branch_datetime_operator.py
[2026-02-11T00:03:05.842+0000] {logging_mixin.py:188} INFO - [2026-02-11T00:03:05.841+0000] {dag.py:3096} INFO - Sync 3 DAGs
[2026-02-11T00:03:05.862+0000] {logging_mixin.py:188} INFO - [2026-02-11T00:03:05.862+0000] {dag.py:3954} INFO - Setting next_dagrun for example_branch_datetime_operator to 2026-02-10 00:00:00+00:00, run_after=2026-02-11 00:00:00+00:00
[2026-02-11T00:03:05.867+0000] {logging_mixin.py:188} INFO - [2026-02-11T00:03:05.867+0000] {dag.py:3954} INFO - Setting next_dagrun for example_branch_datetime_operator_2 to 2026-02-10 00:00:00+00:00, run_after=2026-02-11 00:00:00+00:00
[2026-02-11T00:03:05.870+0000] {logging_mixin.py:188} INFO - [2026-02-11T00:03:05.870+0000] {dag.py:3954} INFO - Setting next_dagrun for example_branch_datetime_operator_3 to 2026-02-10 00:00:00+00:00, run_after=2026-02-11 00:00:00+00:00
[2026-02-11T00:03:05.889+0000] {processor.py:183} INFO - Processing /home/airflow/.local/lib/python3.12/site-packages/airflow/example_dags/example_branch_datetime_operator.py took 0.094 seconds
[2026-02-11T00:03:36.079+0000] {processor.py:161} INFO - Started process (PID=6712) to work on /home/airflow/.local/lib/python3.12/site-packages/airflow/example_dags/example_branch_datetime_operator.py
[2026-02-11T00:03:36.080+0000] {processor.py:830} INFO - Processing file /home/airflow/.local/lib/python3.12/site-packages/airflow/example_dags/example_branch_datetime_operator.py for tasks to queue
[2026-02-11T00:03:36.082+0000] {logging_mixin.py:188} INFO - [2026-02-11T00:03:36.081+0000] {dagbag.py:540} INFO - Filling up the DagBag from /home/airflow/.local/lib/python3.12/site-packages/airflow/example_dags/example_branch_datetime_operator.py
[2026-02-11T00:03:36.091+0000] {processor.py:840} INFO - DAG(s) 'example_branch_datetime_operator_3', 'example_branch_datetime_operator', 'example_branch_datetime_operator_2' retrieved from /home/airflow/.local/lib/python3.12/site-packages/airflow/example_dags/example_branch_datetime_operator.py
[2026-02-11T00:03:36.117+0000] {logging_mixin.py:188} INFO - [2026-02-11T00:03:36.117+0000] {dag.py:3096} INFO - Sync 3 DAGs
[2026-02-11T00:03:36.138+0000] {logging_mixin.py:188} INFO - [2026-02-11T00:03:36.138+0000] {dag.py:3954} INFO - Setting next_dagrun for example_branch_datetime_operator to 2026-02-10 00:00:00+00:00, run_after=2026-02-11 00:00:00+00:00
[2026-02-11T00:03:36.143+0000] {logging_mixin.py:188} INFO - [2026-02-11T00:03:36.143+0000] {dag.py:3954} INFO - Setting next_dagrun for example_branch_datetime_operator_2 to 2026-02-10 00:00:00+00:00, run_after=2026-02-11 00:00:00+00:00
[2026-02-11T00:03:36.146+0000] {logging_mixin.py:188} INFO - [2026-02-11T00:03:36.146+0000] {dag.py:3954} INFO - Setting next_dagrun for example_branch_datetime_operator_3 to 2026-02-10 00:00:00+00:00, run_after=2026-02-11 00:00:00+00:00
[2026-02-11T00:03:36.164+0000] {processor.py:183} INFO - Processing /home/airflow/.local/lib/python3.12/site-packages/airflow/example_dags/example_branch_datetime_operator.py took 0.091 seconds
[2026-02-11T00:04:06.471+0000] {processor.py:161} INFO - Started process (PID=6766) to work on /home/airflow/.local/lib/python3.12/site-packages/airflow/example_dags/example_branch_datetime_operator.py
[2026-02-11T00:04:06.472+0000] {processor.py:830} INFO - Processing file /home/airflow/.local/lib/python3.12/site-packages/airflow/example_dags/example_branch_datetime_operator.py for tasks to queue
[2026-02-11T00:04:06.474+0000] {logging_mixin.py:188} INFO - [2026-02-11T00:04:06.474+0000] {dagbag.py:540} INFO - Filling up the DagBag from /home/airflow/.local/lib/python3.12/site-packages/airflow/example_dags/example_branch_datetime_operator.py
[2026-02-11T00:04:06.483+0000] {processor.py:840} INFO - DAG(s) 'example_branch_datetime_operator_3', 'example_branch_datetime_operator_2', 'example_branch_datetime_operator' retrieved from /home/airflow/.local/lib/python3.12/site-packages/airflow/example_dags/example_branch_datetime_operator.py
[2026-02-11T00:04:06.510+0000] {logging_mixin.py:188} INFO - [2026-02-11T00:04:06.510+0000] {dag.py:3096} INFO - Sync 3 DAGs
[2026-02-11T00:04:06.532+0000] {logging_mixin.py:188} INFO - [2026-02-11T00:04:06.532+0000] {dag.py:3954} INFO - Setting next_dagrun for example_branch_datetime_operator to 2026-02-10 00:00:00+00:00, run_after=2026-02-11 00:00:00+00:00
[2026-02-11T00:04:06.538+0000] {logging_mixin.py:188} INFO - [2026-02-11T00:04:06.537+0000] {dag.py:3954} INFO - Setting next_dagrun for example_branch_datetime_operator_2 to 2026-02-10 00:00:00+00:00, run_after=2026-02-11 00:00:00+00:00
[2026-02-11T00:04:06.540+0000] {logging_mixin.py:188} INFO - [2026-02-11T00:04:06.540+0000] {dag.py:3954} INFO - Setting next_dagrun for example_branch_datetime_operator_3 to 2026-02-10 00:00:00+00:00, run_after=2026-02-11 00:00:00+00:00
[2026-02-11T00:04:06.559+0000] {processor.py:183} INFO - Processing /home/airflow/.local/lib/python3.12/site-packages/airflow/example_dags/example_branch_datetime_operator.py took 0.094 seconds
[2026-02-11T00:04:36.658+0000] {processor.py:161} INFO - Started process (PID=6820) to work on /home/airflow/.local/lib/python3.12/site-packages/airflow/example_dags/example_branch_datetime_operator.py
[2026-02-11T00:04:36.660+0000] {processor.py:830} INFO - Processing file /home/airflow/.local/lib/python3.12/site-packages/airflow/example_dags/example_branch_datetime_operator.py for tasks to queue
[2026-02-11T00:04:36.662+0000] {logging_mixin.py:188} INFO - [2026-02-11T00:04:36.662+0000] {dagbag.py:540} INFO - Filling up the DagBag from /home/airflow/.local/lib/python3.12/site-packages/airflow/example_dags/example_branch_datetime_operator.py
[2026-02-11T00:04:36.672+0000] {processor.py:840} INFO - DAG(s) 'example_branch_datetime_operator_3', 'example_branch_datetime_operator_2', 'example_branch_datetime_operator' retrieved from /home/airflow/.local/lib/python3.12/site-packages/airflow/example_dags/example_branch_datetime_operator.py
[2026-02-11T00:04:36.711+0000] {logging_mixin.py:188} INFO - [2026-02-11T00:04:36.710+0000] {dag.py:3096} INFO - Sync 3 DAGs
[2026-02-11T00:04:36.734+0000] {logging_mixin.py:188} INFO - [2026-02-11T00:04:36.733+0000] {dag.py:3954} INFO - Setting next_dagrun for example_branch_datetime_operator to 2026-02-10 00:00:00+00:00, run_after=2026-02-11 00:00:00+00:00
[2026-02-11T00:04:36.739+0000] {logging_mixin.py:188} INFO - [2026-02-11T00:04:36.738+0000] {dag.py:3954} INFO - Setting next_dagrun for example_branch_datetime_operator_2 to 2026-02-10 00:00:00+00:00, run_after=2026-02-11 00:00:00+00:00
[2026-02-11T00:04:36.742+0000] {logging_mixin.py:188} INFO - [2026-02-11T00:04:36.742+0000] {dag.py:3954} INFO - Setting next_dagrun for example_branch_datetime_operator_3 to 2026-02-10 00:00:00+00:00, run_after=2026-02-11 00:00:00+00:00
[2026-02-11T00:04:36.759+0000] {processor.py:183} INFO - Processing /home/airflow/.local/lib/python3.12/site-packages/airflow/example_dags/example_branch_datetime_operator.py took 0.108 seconds
[2026-02-11T00:05:06.864+0000] {processor.py:161} INFO - Started process (PID=6874) to work on /home/airflow/.local/lib/python3.12/site-packages/airflow/example_dags/example_branch_datetime_operator.py
[2026-02-11T00:05:06.865+0000] {processor.py:830} INFO - Processing file /home/airflow/.local/lib/python3.12/site-packages/airflow/example_dags/example_branch_datetime_operator.py for tasks to queue
[2026-02-11T00:05:06.867+0000] {logging_mixin.py:188} INFO - [2026-02-11T00:05:06.867+0000] {dagbag.py:540} INFO - Filling up the DagBag from /home/airflow/.local/lib/python3.12/site-packages/airflow/example_dags/example_branch_datetime_operator.py
[2026-02-11T00:05:06.877+0000] {processor.py:840} INFO - DAG(s) 'example_branch_datetime_operator_2', 'example_branch_datetime_operator_3', 'example_branch_datetime_operator' retrieved from /home/airflow/.local/lib/python3.12/site-packages/airflow/example_dags/example_branch_datetime_operator.py
[2026-02-11T00:05:06.905+0000] {logging_mixin.py:188} INFO - [2026-02-11T00:05:06.905+0000] {dag.py:3096} INFO - Sync 3 DAGs
[2026-02-11T00:05:06.926+0000] {logging_mixin.py:188} INFO - [2026-02-11T00:05:06.925+0000] {dag.py:3954} INFO - Setting next_dagrun for example_branch_datetime_operator to 2026-02-10 00:00:00+00:00, run_after=2026-02-11 00:00:00+00:00
[2026-02-11T00:05:06.930+0000] {logging_mixin.py:188} INFO - [2026-02-11T00:05:06.930+0000] {dag.py:3954} INFO - Setting next_dagrun for example_branch_datetime_operator_2 to 2026-02-10 00:00:00+00:00, run_after=2026-02-11 00:00:00+00:00
[2026-02-11T00:05:06.934+0000] {logging_mixin.py:188} INFO - [2026-02-11T00:05:06.933+0000] {dag.py:3954} INFO - Setting next_dagrun for example_branch_datetime_operator_3 to 2026-02-10 00:00:00+00:00, run_after=2026-02-11 00:00:00+00:00
[2026-02-11T00:05:06.952+0000] {processor.py:183} INFO - Processing /home/airflow/.local/lib/python3.12/site-packages/airflow/example_dags/example_branch_datetime_operator.py took 0.093 seconds
[2026-02-11T00:05:37.204+0000] {processor.py:161} INFO - Started process (PID=6928) to work on /home/airflow/.local/lib/python3.12/site-packages/airflow/example_dags/example_branch_datetime_operator.py
[2026-02-11T00:05:37.205+0000] {processor.py:830} INFO - Processing file /home/airflow/.local/lib/python3.12/site-packages/airflow/example_dags/example_branch_datetime_operator.py for tasks to queue
[2026-02-11T00:05:37.207+0000] {logging_mixin.py:188} INFO - [2026-02-11T00:05:37.207+0000] {dagbag.py:540} INFO - Filling up the DagBag from /home/airflow/.local/lib/python3.12/site-packages/airflow/example_dags/example_branch_datetime_operator.py
[2026-02-11T00:05:37.216+0000] {processor.py:840} INFO - DAG(s) 'example_branch_datetime_operator_3', 'example_branch_datetime_operator_2', 'example_branch_datetime_operator' retrieved from /home/airflow/.local/lib/python3.12/site-packages/airflow/example_dags/example_branch_datetime_operator.py
[2026-02-11T00:05:37.242+0000] {logging_mixin.py:188} INFO - [2026-02-11T00:05:37.242+0000] {dag.py:3096} INFO - Sync 3 DAGs
[2026-02-11T00:05:37.263+0000] {logging_mixin.py:188} INFO - [2026-02-11T00:05:37.262+0000] {dag.py:3954} INFO - Setting next_dagrun for example_branch_datetime_operator to 2026-02-10 00:00:00+00:00, run_after=2026-02-11 00:00:00+00:00
[2026-02-11T00:05:37.267+0000] {logging_mixin.py:188} INFO - [2026-02-11T00:05:37.267+0000] {dag.py:3954} INFO - Setting next_dagrun for example_branch_datetime_operator_2 to 2026-02-10 00:00:00+00:00, run_after=2026-02-11 00:00:00+00:00
[2026-02-11T00:05:37.270+0000] {logging_mixin.py:188} INFO - [2026-02-11T00:05:37.270+0000] {dag.py:3954} INFO - Setting next_dagrun for example_branch_datetime_operator_3 to 2026-02-10 00:00:00+00:00, run_after=2026-02-11 00:00:00+00:00
[2026-02-11T00:05:37.289+0000] {processor.py:183} INFO - Processing /home/airflow/.local/lib/python3.12/site-packages/airflow/example_dags/example_branch_datetime_operator.py took 0.090 seconds
[2026-02-11T00:06:07.397+0000] {processor.py:161} INFO - Started process (PID=6982) to work on /home/airflow/.local/lib/python3.12/site-packages/airflow/example_dags/example_branch_datetime_operator.py
[2026-02-11T00:06:07.398+0000] {processor.py:830} INFO - Processing file /home/airflow/.local/lib/python3.12/site-packages/airflow/example_dags/example_branch_datetime_operator.py for tasks to queue
[2026-02-11T00:06:07.401+0000] {logging_mixin.py:188} INFO - [2026-02-11T00:06:07.400+0000] {dagbag.py:540} INFO - Filling up the DagBag from /home/airflow/.local/lib/python3.12/site-packages/airflow/example_dags/example_branch_datetime_operator.py
[2026-02-11T00:06:07.411+0000] {processor.py:840} INFO - DAG(s) 'example_branch_datetime_operator_2', 'example_branch_datetime_operator_3', 'example_branch_datetime_operator' retrieved from /home/airflow/.local/lib/python3.12/site-packages/airflow/example_dags/example_branch_datetime_operator.py
[2026-02-11T00:06:07.441+0000] {logging_mixin.py:188} INFO - [2026-02-11T00:06:07.441+0000] {dag.py:3096} INFO - Sync 3 DAGs
[2026-02-11T00:06:07.463+0000] {logging_mixin.py:188} INFO - [2026-02-11T00:06:07.463+0000] {dag.py:3954} INFO - Setting next_dagrun for example_branch_datetime_operator to 2026-02-10 00:00:00+00:00, run_after=2026-02-11 00:00:00+00:00
[2026-02-11T00:06:07.468+0000] {logging_mixin.py:188} INFO - [2026-02-11T00:06:07.468+0000] {dag.py:3954} INFO - Setting next_dagrun for example_branch_datetime_operator_2 to 2026-02-10 00:00:00+00:00, run_after=2026-02-11 00:00:00+00:00
[2026-02-11T00:06:07.471+0000] {logging_mixin.py:188} INFO - [2026-02-11T00:06:07.471+0000] {dag.py:3954} INFO - Setting next_dagrun for example_branch_datetime_operator_3 to 2026-02-10 00:00:00+00:00, run_after=2026-02-11 00:00:00+00:00
[2026-02-11T00:06:07.489+0000] {processor.py:183} INFO - Processing /home/airflow/.local/lib/python3.12/site-packages/airflow/example_dags/example_branch_datetime_operator.py took 0.098 seconds
[2026-02-11T00:06:37.632+0000] {processor.py:161} INFO - Started process (PID=7036) to work on /home/airflow/.local/lib/python3.12/site-packages/airflow/example_dags/example_branch_datetime_operator.py
[2026-02-11T00:06:37.633+0000] {processor.py:830} INFO - Processing file /home/airflow/.local/lib/python3.12/site-packages/airflow/example_dags/example_branch_datetime_operator.py for tasks to queue
[2026-02-11T00:06:37.636+0000] {logging_mixin.py:188} INFO - [2026-02-11T00:06:37.636+0000] {dagbag.py:540} INFO - Filling up the DagBag from /home/airflow/.local/lib/python3.12/site-packages/airflow/example_dags/example_branch_datetime_operator.py
[2026-02-11T00:06:37.647+0000] {processor.py:840} INFO - DAG(s) 'example_branch_datetime_operator_3', 'example_branch_datetime_operator_2', 'example_branch_datetime_operator' retrieved from /home/airflow/.local/lib/python3.12/site-packages/airflow/example_dags/example_branch_datetime_operator.py
[2026-02-11T00:06:37.678+0000] {logging_mixin.py:188} INFO - [2026-02-11T00:06:37.678+0000] {dag.py:3096} INFO - Sync 3 DAGs
[2026-02-11T00:06:37.702+0000] {logging_mixin.py:188} INFO - [2026-02-11T00:06:37.702+0000] {dag.py:3954} INFO - Setting next_dagrun for example_branch_datetime_operator to 2026-02-10 00:00:00+00:00, run_after=2026-02-11 00:00:00+00:00
[2026-02-11T00:06:37.707+0000] {logging_mixin.py:188} INFO - [2026-02-11T00:06:37.707+0000] {dag.py:3954} INFO - Setting next_dagrun for example_branch_datetime_operator_2 to 2026-02-10 00:00:00+00:00, run_after=2026-02-11 00:00:00+00:00
[2026-02-11T00:06:37.710+0000] {logging_mixin.py:188} INFO - [2026-02-11T00:06:37.710+0000] {dag.py:3954} INFO - Setting next_dagrun for example_branch_datetime_operator_3 to 2026-02-10 00:00:00+00:00, run_after=2026-02-11 00:00:00+00:00
[2026-02-11T00:06:37.730+0000] {processor.py:183} INFO - Processing /home/airflow/.local/lib/python3.12/site-packages/airflow/example_dags/example_branch_datetime_operator.py took 0.105 seconds
[2026-02-11T00:07:08.142+0000] {processor.py:161} INFO - Started process (PID=7090) to work on /home/airflow/.local/lib/python3.12/site-packages/airflow/example_dags/example_branch_datetime_operator.py
[2026-02-11T00:07:08.143+0000] {processor.py:830} INFO - Processing file /home/airflow/.local/lib/python3.12/site-packages/airflow/example_dags/example_branch_datetime_operator.py for tasks to queue
[2026-02-11T00:07:08.145+0000] {logging_mixin.py:188} INFO - [2026-02-11T00:07:08.145+0000] {dagbag.py:540} INFO - Filling up the DagBag from /home/airflow/.local/lib/python3.12/site-packages/airflow/example_dags/example_branch_datetime_operator.py
[2026-02-11T00:07:08.154+0000] {processor.py:840} INFO - DAG(s) 'example_branch_datetime_operator_3', 'example_branch_datetime_operator', 'example_branch_datetime_operator_2' retrieved from /home/airflow/.local/lib/python3.12/site-packages/airflow/example_dags/example_branch_datetime_operator.py
[2026-02-11T00:07:08.181+0000] {logging_mixin.py:188} INFO - [2026-02-11T00:07:08.181+0000] {dag.py:3096} INFO - Sync 3 DAGs
[2026-02-11T00:07:08.206+0000] {logging_mixin.py:188} INFO - [2026-02-11T00:07:08.206+0000] {dag.py:3954} INFO - Setting next_dagrun for example_branch_datetime_operator to 2026-02-10 00:00:00+00:00, run_after=2026-02-11 00:00:00+00:00
[2026-02-11T00:07:08.211+0000] {logging_mixin.py:188} INFO - [2026-02-11T00:07:08.211+0000] {dag.py:3954} INFO - Setting next_dagrun for example_branch_datetime_operator_2 to 2026-02-10 00:00:00+00:00, run_after=2026-02-11 00:00:00+00:00
[2026-02-11T00:07:08.213+0000] {logging_mixin.py:188} INFO - [2026-02-11T00:07:08.213+0000] {dag.py:3954} INFO - Setting next_dagrun for example_branch_datetime_operator_3 to 2026-02-10 00:00:00+00:00, run_after=2026-02-11 00:00:00+00:00
[2026-02-11T00:07:08.232+0000] {processor.py:183} INFO - Processing /home/airflow/.local/lib/python3.12/site-packages/airflow/example_dags/example_branch_datetime_operator.py took 0.095 seconds
[2026-02-11T00:07:38.635+0000] {processor.py:161} INFO - Started process (PID=7144) to work on /home/airflow/.local/lib/python3.12/site-packages/airflow/example_dags/example_branch_datetime_operator.py
[2026-02-11T00:07:38.638+0000] {processor.py:830} INFO - Processing file /home/airflow/.local/lib/python3.12/site-packages/airflow/example_dags/example_branch_datetime_operator.py for tasks to queue
[2026-02-11T00:07:38.641+0000] {logging_mixin.py:188} INFO - [2026-02-11T00:07:38.640+0000] {dagbag.py:540} INFO - Filling up the DagBag from /home/airflow/.local/lib/python3.12/site-packages/airflow/example_dags/example_branch_datetime_operator.py
[2026-02-11T00:07:38.650+0000] {processor.py:840} INFO - DAG(s) 'example_branch_datetime_operator_3', 'example_branch_datetime_operator', 'example_branch_datetime_operator_2' retrieved from /home/airflow/.local/lib/python3.12/site-packages/airflow/example_dags/example_branch_datetime_operator.py
[2026-02-11T00:07:38.687+0000] {logging_mixin.py:188} INFO - [2026-02-11T00:07:38.686+0000] {dag.py:3096} INFO - Sync 3 DAGs
[2026-02-11T00:07:38.711+0000] {logging_mixin.py:188} INFO - [2026-02-11T00:07:38.711+0000] {dag.py:3954} INFO - Setting next_dagrun for example_branch_datetime_operator to 2026-02-10 00:00:00+00:00, run_after=2026-02-11 00:00:00+00:00
[2026-02-11T00:07:38.717+0000] {logging_mixin.py:188} INFO - [2026-02-11T00:07:38.717+0000] {dag.py:3954} INFO - Setting next_dagrun for example_branch_datetime_operator_2 to 2026-02-10 00:00:00+00:00, run_after=2026-02-11 00:00:00+00:00
[2026-02-11T00:07:38.720+0000] {logging_mixin.py:188} INFO - [2026-02-11T00:07:38.720+0000] {dag.py:3954} INFO - Setting next_dagrun for example_branch_datetime_operator_3 to 2026-02-10 00:00:00+00:00, run_after=2026-02-11 00:00:00+00:00
[2026-02-11T00:07:38.740+0000] {processor.py:183} INFO - Processing /home/airflow/.local/lib/python3.12/site-packages/airflow/example_dags/example_branch_datetime_operator.py took 0.111 seconds
[2026-02-11T00:08:09.343+0000] {processor.py:161} INFO - Started process (PID=7196) to work on /home/airflow/.local/lib/python3.12/site-packages/airflow/example_dags/example_branch_datetime_operator.py
[2026-02-11T00:08:09.345+0000] {processor.py:830} INFO - Processing file /home/airflow/.local/lib/python3.12/site-packages/airflow/example_dags/example_branch_datetime_operator.py for tasks to queue
[2026-02-11T00:08:09.347+0000] {logging_mixin.py:188} INFO - [2026-02-11T00:08:09.346+0000] {dagbag.py:540} INFO - Filling up the DagBag from /home/airflow/.local/lib/python3.12/site-packages/airflow/example_dags/example_branch_datetime_operator.py
[2026-02-11T00:08:09.358+0000] {processor.py:840} INFO - DAG(s) 'example_branch_datetime_operator_2', 'example_branch_datetime_operator', 'example_branch_datetime_operator_3' retrieved from /home/airflow/.local/lib/python3.12/site-packages/airflow/example_dags/example_branch_datetime_operator.py
[2026-02-11T00:08:09.392+0000] {logging_mixin.py:188} INFO - [2026-02-11T00:08:09.392+0000] {dag.py:3096} INFO - Sync 3 DAGs
[2026-02-11T00:08:09.418+0000] {logging_mixin.py:188} INFO - [2026-02-11T00:08:09.418+0000] {dag.py:3954} INFO - Setting next_dagrun for example_branch_datetime_operator to 2026-02-10 00:00:00+00:00, run_after=2026-02-11 00:00:00+00:00
[2026-02-11T00:08:09.425+0000] {logging_mixin.py:188} INFO - [2026-02-11T00:08:09.425+0000] {dag.py:3954} INFO - Setting next_dagrun for example_branch_datetime_operator_2 to 2026-02-10 00:00:00+00:00, run_after=2026-02-11 00:00:00+00:00
[2026-02-11T00:08:09.428+0000] {logging_mixin.py:188} INFO - [2026-02-11T00:08:09.428+0000] {dag.py:3954} INFO - Setting next_dagrun for example_branch_datetime_operator_3 to 2026-02-10 00:00:00+00:00, run_after=2026-02-11 00:00:00+00:00
[2026-02-11T00:08:09.447+0000] {processor.py:183} INFO - Processing /home/airflow/.local/lib/python3.12/site-packages/airflow/example_dags/example_branch_datetime_operator.py took 0.110 seconds
[2026-02-11T00:08:39.851+0000] {processor.py:161} INFO - Started process (PID=7250) to work on /home/airflow/.local/lib/python3.12/site-packages/airflow/example_dags/example_branch_datetime_operator.py
[2026-02-11T00:08:39.851+0000] {processor.py:830} INFO - Processing file /home/airflow/.local/lib/python3.12/site-packages/airflow/example_dags/example_branch_datetime_operator.py for tasks to queue
[2026-02-11T00:08:39.853+0000] {logging_mixin.py:188} INFO - [2026-02-11T00:08:39.853+0000] {dagbag.py:540} INFO - Filling up the DagBag from /home/airflow/.local/lib/python3.12/site-packages/airflow/example_dags/example_branch_datetime_operator.py
[2026-02-11T00:08:39.865+0000] {processor.py:840} INFO - DAG(s) 'example_branch_datetime_operator_3', 'example_branch_datetime_operator_2', 'example_branch_datetime_operator' retrieved from /home/airflow/.local/lib/python3.12/site-packages/airflow/example_dags/example_branch_datetime_operator.py
[2026-02-11T00:08:39.891+0000] {logging_mixin.py:188} INFO - [2026-02-11T00:08:39.891+0000] {dag.py:3096} INFO - Sync 3 DAGs
[2026-02-11T00:08:39.914+0000] {logging_mixin.py:188} INFO - [2026-02-11T00:08:39.913+0000] {dag.py:3954} INFO - Setting next_dagrun for example_branch_datetime_operator to 2026-02-10 00:00:00+00:00, run_after=2026-02-11 00:00:00+00:00
[2026-02-11T00:08:39.919+0000] {logging_mixin.py:188} INFO - [2026-02-11T00:08:39.919+0000] {dag.py:3954} INFO - Setting next_dagrun for example_branch_datetime_operator_2 to 2026-02-10 00:00:00+00:00, run_after=2026-02-11 00:00:00+00:00
[2026-02-11T00:08:39.921+0000] {logging_mixin.py:188} INFO - [2026-02-11T00:08:39.921+0000] {dag.py:3954} INFO - Setting next_dagrun for example_branch_datetime_operator_3 to 2026-02-10 00:00:00+00:00, run_after=2026-02-11 00:00:00+00:00
[2026-02-11T00:08:39.941+0000] {processor.py:183} INFO - Processing /home/airflow/.local/lib/python3.12/site-packages/airflow/example_dags/example_branch_datetime_operator.py took 0.098 seconds
[2026-02-11T00:09:10.103+0000] {processor.py:161} INFO - Started process (PID=7304) to work on /home/airflow/.local/lib/python3.12/site-packages/airflow/example_dags/example_branch_datetime_operator.py
[2026-02-11T00:09:10.104+0000] {processor.py:830} INFO - Processing file /home/airflow/.local/lib/python3.12/site-packages/airflow/example_dags/example_branch_datetime_operator.py for tasks to queue
[2026-02-11T00:09:10.107+0000] {logging_mixin.py:188} INFO - [2026-02-11T00:09:10.106+0000] {dagbag.py:540} INFO - Filling up the DagBag from /home/airflow/.local/lib/python3.12/site-packages/airflow/example_dags/example_branch_datetime_operator.py
[2026-02-11T00:09:10.115+0000] {processor.py:840} INFO - DAG(s) 'example_branch_datetime_operator_3', 'example_branch_datetime_operator', 'example_branch_datetime_operator_2' retrieved from /home/airflow/.local/lib/python3.12/site-packages/airflow/example_dags/example_branch_datetime_operator.py
[2026-02-11T00:09:10.141+0000] {logging_mixin.py:188} INFO - [2026-02-11T00:09:10.140+0000] {dag.py:3096} INFO - Sync 3 DAGs
[2026-02-11T00:09:10.163+0000] {logging_mixin.py:188} INFO - [2026-02-11T00:09:10.163+0000] {dag.py:3954} INFO - Setting next_dagrun for example_branch_datetime_operator to 2026-02-10 00:00:00+00:00, run_after=2026-02-11 00:00:00+00:00
[2026-02-11T00:09:10.168+0000] {logging_mixin.py:188} INFO - [2026-02-11T00:09:10.168+0000] {dag.py:3954} INFO - Setting next_dagrun for example_branch_datetime_operator_2 to 2026-02-10 00:00:00+00:00, run_after=2026-02-11 00:00:00+00:00
[2026-02-11T00:09:10.171+0000] {logging_mixin.py:188} INFO - [2026-02-11T00:09:10.170+0000] {dag.py:3954} INFO - Setting next_dagrun for example_branch_datetime_operator_3 to 2026-02-10 00:00:00+00:00, run_after=2026-02-11 00:00:00+00:00
[2026-02-11T00:09:10.191+0000] {processor.py:183} INFO - Processing /home/airflow/.local/lib/python3.12/site-packages/airflow/example_dags/example_branch_datetime_operator.py took 0.094 seconds
[2026-02-11T00:09:40.288+0000] {processor.py:161} INFO - Started process (PID=7358) to work on /home/airflow/.local/lib/python3.12/site-packages/airflow/example_dags/example_branch_datetime_operator.py
[2026-02-11T00:09:40.288+0000] {processor.py:830} INFO - Processing file /home/airflow/.local/lib/python3.12/site-packages/airflow/example_dags/example_branch_datetime_operator.py for tasks to queue
[2026-02-11T00:09:40.291+0000] {logging_mixin.py:188} INFO - [2026-02-11T00:09:40.291+0000] {dagbag.py:540} INFO - Filling up the DagBag from /home/airflow/.local/lib/python3.12/site-packages/airflow/example_dags/example_branch_datetime_operator.py
[2026-02-11T00:09:40.301+0000] {processor.py:840} INFO - DAG(s) 'example_branch_datetime_operator_3', 'example_branch_datetime_operator_2', 'example_branch_datetime_operator' retrieved from /home/airflow/.local/lib/python3.12/site-packages/airflow/example_dags/example_branch_datetime_operator.py
[2026-02-11T00:09:40.332+0000] {logging_mixin.py:188} INFO - [2026-02-11T00:09:40.332+0000] {dag.py:3096} INFO - Sync 3 DAGs
[2026-02-11T00:09:40.356+0000] {logging_mixin.py:188} INFO - [2026-02-11T00:09:40.355+0000] {dag.py:3954} INFO - Setting next_dagrun for example_branch_datetime_operator to 2026-02-10 00:00:00+00:00, run_after=2026-02-11 00:00:00+00:00
[2026-02-11T00:09:40.361+0000] {logging_mixin.py:188} INFO - [2026-02-11T00:09:40.361+0000] {dag.py:3954} INFO - Setting next_dagrun for example_branch_datetime_operator_2 to 2026-02-10 00:00:00+00:00, run_after=2026-02-11 00:00:00+00:00
[2026-02-11T00:09:40.364+0000] {logging_mixin.py:188} INFO - [2026-02-11T00:09:40.363+0000] {dag.py:3954} INFO - Setting next_dagrun for example_branch_datetime_operator_3 to 2026-02-10 00:00:00+00:00, run_after=2026-02-11 00:00:00+00:00
[2026-02-11T00:09:40.383+0000] {processor.py:183} INFO - Processing /home/airflow/.local/lib/python3.12/site-packages/airflow/example_dags/example_branch_datetime_operator.py took 0.102 seconds
[2026-02-11T00:10:10.488+0000] {processor.py:161} INFO - Started process (PID=7412) to work on /home/airflow/.local/lib/python3.12/site-packages/airflow/example_dags/example_branch_datetime_operator.py
[2026-02-11T00:10:10.489+0000] {processor.py:830} INFO - Processing file /home/airflow/.local/lib/python3.12/site-packages/airflow/example_dags/example_branch_datetime_operator.py for tasks to queue
[2026-02-11T00:10:10.492+0000] {logging_mixin.py:188} INFO - [2026-02-11T00:10:10.492+0000] {dagbag.py:540} INFO - Filling up the DagBag from /home/airflow/.local/lib/python3.12/site-packages/airflow/example_dags/example_branch_datetime_operator.py
[2026-02-11T00:10:10.503+0000] {processor.py:840} INFO - DAG(s) 'example_branch_datetime_operator_3', 'example_branch_datetime_operator', 'example_branch_datetime_operator_2' retrieved from /home/airflow/.local/lib/python3.12/site-packages/airflow/example_dags/example_branch_datetime_operator.py
[2026-02-11T00:10:10.534+0000] {logging_mixin.py:188} INFO - [2026-02-11T00:10:10.533+0000] {dag.py:3096} INFO - Sync 3 DAGs
[2026-02-11T00:10:10.565+0000] {logging_mixin.py:188} INFO - [2026-02-11T00:10:10.565+0000] {dag.py:3954} INFO - Setting next_dagrun for example_branch_datetime_operator to 2026-02-10 00:00:00+00:00, run_after=2026-02-11 00:00:00+00:00
[2026-02-11T00:10:10.571+0000] {logging_mixin.py:188} INFO - [2026-02-11T00:10:10.571+0000] {dag.py:3954} INFO - Setting next_dagrun for example_branch_datetime_operator_2 to 2026-02-10 00:00:00+00:00, run_after=2026-02-11 00:00:00+00:00
[2026-02-11T00:10:10.575+0000] {logging_mixin.py:188} INFO - [2026-02-11T00:10:10.575+0000] {dag.py:3954} INFO - Setting next_dagrun for example_branch_datetime_operator_3 to 2026-02-10 00:00:00+00:00, run_after=2026-02-11 00:00:00+00:00
[2026-02-11T00:10:10.600+0000] {processor.py:183} INFO - Processing /home/airflow/.local/lib/python3.12/site-packages/airflow/example_dags/example_branch_datetime_operator.py took 0.119 seconds
[2026-02-11T00:10:40.875+0000] {processor.py:161} INFO - Started process (PID=7466) to work on /home/airflow/.local/lib/python3.12/site-packages/airflow/example_dags/example_branch_datetime_operator.py
[2026-02-11T00:10:40.883+0000] {processor.py:830} INFO - Processing file /home/airflow/.local/lib/python3.12/site-packages/airflow/example_dags/example_branch_datetime_operator.py for tasks to queue
[2026-02-11T00:10:40.887+0000] {logging_mixin.py:188} INFO - [2026-02-11T00:10:40.887+0000] {dagbag.py:540} INFO - Filling up the DagBag from /home/airflow/.local/lib/python3.12/site-packages/airflow/example_dags/example_branch_datetime_operator.py
[2026-02-11T00:10:40.908+0000] {processor.py:840} INFO - DAG(s) 'example_branch_datetime_operator', 'example_branch_datetime_operator_3', 'example_branch_datetime_operator_2' retrieved from /home/airflow/.local/lib/python3.12/site-packages/airflow/example_dags/example_branch_datetime_operator.py
[2026-02-11T00:10:40.964+0000] {logging_mixin.py:188} INFO - [2026-02-11T00:10:40.963+0000] {dag.py:3096} INFO - Sync 3 DAGs
[2026-02-11T00:10:41.021+0000] {logging_mixin.py:188} INFO - [2026-02-11T00:10:41.021+0000] {dag.py:3954} INFO - Setting next_dagrun for example_branch_datetime_operator to 2026-02-10 00:00:00+00:00, run_after=2026-02-11 00:00:00+00:00
[2026-02-11T00:10:41.032+0000] {logging_mixin.py:188} INFO - [2026-02-11T00:10:41.031+0000] {dag.py:3954} INFO - Setting next_dagrun for example_branch_datetime_operator_2 to 2026-02-10 00:00:00+00:00, run_after=2026-02-11 00:00:00+00:00
[2026-02-11T00:10:41.038+0000] {logging_mixin.py:188} INFO - [2026-02-11T00:10:41.038+0000] {dag.py:3954} INFO - Setting next_dagrun for example_branch_datetime_operator_3 to 2026-02-10 00:00:00+00:00, run_after=2026-02-11 00:00:00+00:00
[2026-02-11T00:10:41.079+0000] {processor.py:183} INFO - Processing /home/airflow/.local/lib/python3.12/site-packages/airflow/example_dags/example_branch_datetime_operator.py took 0.218 seconds
[2026-02-11T00:11:11.957+0000] {processor.py:161} INFO - Started process (PID=7520) to work on /home/airflow/.local/lib/python3.12/site-packages/airflow/example_dags/example_branch_datetime_operator.py
[2026-02-11T00:11:11.959+0000] {processor.py:830} INFO - Processing file /home/airflow/.local/lib/python3.12/site-packages/airflow/example_dags/example_branch_datetime_operator.py for tasks to queue
[2026-02-11T00:11:11.961+0000] {logging_mixin.py:188} INFO - [2026-02-11T00:11:11.961+0000] {dagbag.py:540} INFO - Filling up the DagBag from /home/airflow/.local/lib/python3.12/site-packages/airflow/example_dags/example_branch_datetime_operator.py
[2026-02-11T00:11:11.970+0000] {processor.py:840} INFO - DAG(s) 'example_branch_datetime_operator', 'example_branch_datetime_operator_3', 'example_branch_datetime_operator_2' retrieved from /home/airflow/.local/lib/python3.12/site-packages/airflow/example_dags/example_branch_datetime_operator.py
[2026-02-11T00:11:11.998+0000] {logging_mixin.py:188} INFO - [2026-02-11T00:11:11.997+0000] {dag.py:3096} INFO - Sync 3 DAGs
[2026-02-11T00:11:12.023+0000] {logging_mixin.py:188} INFO - [2026-02-11T00:11:12.022+0000] {dag.py:3954} INFO - Setting next_dagrun for example_branch_datetime_operator to 2026-02-10 00:00:00+00:00, run_after=2026-02-11 00:00:00+00:00
[2026-02-11T00:11:12.030+0000] {logging_mixin.py:188} INFO - [2026-02-11T00:11:12.030+0000] {dag.py:3954} INFO - Setting next_dagrun for example_branch_datetime_operator_2 to 2026-02-10 00:00:00+00:00, run_after=2026-02-11 00:00:00+00:00
[2026-02-11T00:11:12.032+0000] {logging_mixin.py:188} INFO - [2026-02-11T00:11:12.032+0000] {dag.py:3954} INFO - Setting next_dagrun for example_branch_datetime_operator_3 to 2026-02-10 00:00:00+00:00, run_after=2026-02-11 00:00:00+00:00
[2026-02-11T00:11:12.054+0000] {processor.py:183} INFO - Processing /home/airflow/.local/lib/python3.12/site-packages/airflow/example_dags/example_branch_datetime_operator.py took 0.103 seconds
