[2026-02-11T00:00:08.176+0000] {processor.py:161} INFO - Started process (PID=6340) to work on /home/airflow/.local/lib/python3.12/site-packages/airflow/example_dags/example_params_ui_tutorial.py
[2026-02-11T00:00:08.177+0000] {processor.py:830} INFO - Processing file /home/airflow/.local/lib/python3.12/site-packages/airflow/example_dags/example_params_ui_tutorial.py for tasks to queue
[2026-02-11T00:00:08.178+0000] {logging_mixin.py:188} INFO - [2026-02-11T00:00:08.178+0000] {dagbag.py:540} INFO - Filling up the DagBag from /home/airflow/.local/lib/python3.12/site-packages/airflow/example_dags/example_params_ui_tutorial.py
[2026-02-11T00:00:08.190+0000] {processor.py:840} INFO - DAG(s) 'example_params_ui_tutorial' retrieved from /home/airflow/.local/lib/python3.12/site-packages/airflow/example_dags/example_params_ui_tutorial.py
[2026-02-11T00:00:08.321+0000] {logging_mixin.py:188} INFO - [2026-02-11T00:00:08.320+0000] {dag.py:3096} INFO - Sync 1 DAGs
[2026-02-11T00:00:08.331+0000] {logging_mixin.py:188} INFO - [2026-02-11T00:00:08.331+0000] {dag.py:3954} INFO - Setting next_dagrun for example_params_ui_tutorial to None, run_after=None
[2026-02-11T00:00:08.352+0000] {processor.py:183} INFO - Processing /home/airflow/.local/lib/python3.12/site-packages/airflow/example_dags/example_params_ui_tutorial.py took 0.183 seconds
[2026-02-11T00:00:38.572+0000] {processor.py:161} INFO - Started process (PID=6394) to work on /home/airflow/.local/lib/python3.12/site-packages/airflow/example_dags/example_params_ui_tutorial.py
[2026-02-11T00:00:38.573+0000] {processor.py:830} INFO - Processing file /home/airflow/.local/lib/python3.12/site-packages/airflow/example_dags/example_params_ui_tutorial.py for tasks to queue
[2026-02-11T00:00:38.575+0000] {logging_mixin.py:188} INFO - [2026-02-11T00:00:38.575+0000] {dagbag.py:540} INFO - Filling up the DagBag from /home/airflow/.local/lib/python3.12/site-packages/airflow/example_dags/example_params_ui_tutorial.py
[2026-02-11T00:00:38.588+0000] {processor.py:840} INFO - DAG(s) 'example_params_ui_tutorial' retrieved from /home/airflow/.local/lib/python3.12/site-packages/airflow/example_dags/example_params_ui_tutorial.py
[2026-02-11T00:00:38.638+0000] {logging_mixin.py:188} INFO - [2026-02-11T00:00:38.638+0000] {dag.py:3096} INFO - Sync 1 DAGs
[2026-02-11T00:00:38.651+0000] {logging_mixin.py:188} INFO - [2026-02-11T00:00:38.651+0000] {dag.py:3954} INFO - Setting next_dagrun for example_params_ui_tutorial to None, run_after=None
[2026-02-11T00:00:38.671+0000] {processor.py:183} INFO - Processing /home/airflow/.local/lib/python3.12/site-packages/airflow/example_dags/example_params_ui_tutorial.py took 0.105 seconds
[2026-02-11T00:01:08.872+0000] {processor.py:161} INFO - Started process (PID=6448) to work on /home/airflow/.local/lib/python3.12/site-packages/airflow/example_dags/example_params_ui_tutorial.py
[2026-02-11T00:01:08.873+0000] {processor.py:830} INFO - Processing file /home/airflow/.local/lib/python3.12/site-packages/airflow/example_dags/example_params_ui_tutorial.py for tasks to queue
[2026-02-11T00:01:08.875+0000] {logging_mixin.py:188} INFO - [2026-02-11T00:01:08.875+0000] {dagbag.py:540} INFO - Filling up the DagBag from /home/airflow/.local/lib/python3.12/site-packages/airflow/example_dags/example_params_ui_tutorial.py
[2026-02-11T00:01:08.887+0000] {processor.py:840} INFO - DAG(s) 'example_params_ui_tutorial' retrieved from /home/airflow/.local/lib/python3.12/site-packages/airflow/example_dags/example_params_ui_tutorial.py
[2026-02-11T00:01:08.936+0000] {logging_mixin.py:188} INFO - [2026-02-11T00:01:08.936+0000] {dag.py:3096} INFO - Sync 1 DAGs
[2026-02-11T00:01:08.949+0000] {logging_mixin.py:188} INFO - [2026-02-11T00:01:08.949+0000] {dag.py:3954} INFO - Setting next_dagrun for example_params_ui_tutorial to None, run_after=None
[2026-02-11T00:01:08.972+0000] {processor.py:183} INFO - Processing /home/airflow/.local/lib/python3.12/site-packages/airflow/example_dags/example_params_ui_tutorial.py took 0.106 seconds
[2026-02-11T00:01:39.417+0000] {processor.py:161} INFO - Started process (PID=6502) to work on /home/airflow/.local/lib/python3.12/site-packages/airflow/example_dags/example_params_ui_tutorial.py
[2026-02-11T00:01:39.419+0000] {processor.py:830} INFO - Processing file /home/airflow/.local/lib/python3.12/site-packages/airflow/example_dags/example_params_ui_tutorial.py for tasks to queue
[2026-02-11T00:01:39.421+0000] {logging_mixin.py:188} INFO - [2026-02-11T00:01:39.420+0000] {dagbag.py:540} INFO - Filling up the DagBag from /home/airflow/.local/lib/python3.12/site-packages/airflow/example_dags/example_params_ui_tutorial.py
[2026-02-11T00:01:39.432+0000] {processor.py:840} INFO - DAG(s) 'example_params_ui_tutorial' retrieved from /home/airflow/.local/lib/python3.12/site-packages/airflow/example_dags/example_params_ui_tutorial.py
[2026-02-11T00:01:39.486+0000] {logging_mixin.py:188} INFO - [2026-02-11T00:01:39.485+0000] {dag.py:3096} INFO - Sync 1 DAGs
[2026-02-11T00:01:39.499+0000] {logging_mixin.py:188} INFO - [2026-02-11T00:01:39.499+0000] {dag.py:3954} INFO - Setting next_dagrun for example_params_ui_tutorial to None, run_after=None
[2026-02-11T00:01:39.522+0000] {processor.py:183} INFO - Processing /home/airflow/.local/lib/python3.12/site-packages/airflow/example_dags/example_params_ui_tutorial.py took 0.110 seconds
[2026-02-11T00:02:09.622+0000] {processor.py:161} INFO - Started process (PID=6556) to work on /home/airflow/.local/lib/python3.12/site-packages/airflow/example_dags/example_params_ui_tutorial.py
[2026-02-11T00:02:09.623+0000] {processor.py:830} INFO - Processing file /home/airflow/.local/lib/python3.12/site-packages/airflow/example_dags/example_params_ui_tutorial.py for tasks to queue
[2026-02-11T00:02:09.626+0000] {logging_mixin.py:188} INFO - [2026-02-11T00:02:09.626+0000] {dagbag.py:540} INFO - Filling up the DagBag from /home/airflow/.local/lib/python3.12/site-packages/airflow/example_dags/example_params_ui_tutorial.py
[2026-02-11T00:02:09.638+0000] {processor.py:840} INFO - DAG(s) 'example_params_ui_tutorial' retrieved from /home/airflow/.local/lib/python3.12/site-packages/airflow/example_dags/example_params_ui_tutorial.py
[2026-02-11T00:02:09.688+0000] {logging_mixin.py:188} INFO - [2026-02-11T00:02:09.687+0000] {dag.py:3096} INFO - Sync 1 DAGs
[2026-02-11T00:02:09.700+0000] {logging_mixin.py:188} INFO - [2026-02-11T00:02:09.700+0000] {dag.py:3954} INFO - Setting next_dagrun for example_params_ui_tutorial to None, run_after=None
[2026-02-11T00:02:09.719+0000] {processor.py:183} INFO - Processing /home/airflow/.local/lib/python3.12/site-packages/airflow/example_dags/example_params_ui_tutorial.py took 0.104 seconds
[2026-02-11T00:02:39.949+0000] {processor.py:161} INFO - Started process (PID=6610) to work on /home/airflow/.local/lib/python3.12/site-packages/airflow/example_dags/example_params_ui_tutorial.py
[2026-02-11T00:02:39.950+0000] {processor.py:830} INFO - Processing file /home/airflow/.local/lib/python3.12/site-packages/airflow/example_dags/example_params_ui_tutorial.py for tasks to queue
[2026-02-11T00:02:39.952+0000] {logging_mixin.py:188} INFO - [2026-02-11T00:02:39.952+0000] {dagbag.py:540} INFO - Filling up the DagBag from /home/airflow/.local/lib/python3.12/site-packages/airflow/example_dags/example_params_ui_tutorial.py
[2026-02-11T00:02:39.964+0000] {processor.py:840} INFO - DAG(s) 'example_params_ui_tutorial' retrieved from /home/airflow/.local/lib/python3.12/site-packages/airflow/example_dags/example_params_ui_tutorial.py
[2026-02-11T00:02:40.015+0000] {logging_mixin.py:188} INFO - [2026-02-11T00:02:40.014+0000] {dag.py:3096} INFO - Sync 1 DAGs
[2026-02-11T00:02:40.027+0000] {logging_mixin.py:188} INFO - [2026-02-11T00:02:40.026+0000] {dag.py:3954} INFO - Setting next_dagrun for example_params_ui_tutorial to None, run_after=None
[2026-02-11T00:02:40.054+0000] {processor.py:183} INFO - Processing /home/airflow/.local/lib/python3.12/site-packages/airflow/example_dags/example_params_ui_tutorial.py took 0.112 seconds
[2026-02-11T00:03:10.202+0000] {processor.py:161} INFO - Started process (PID=6664) to work on /home/airflow/.local/lib/python3.12/site-packages/airflow/example_dags/example_params_ui_tutorial.py
[2026-02-11T00:03:10.203+0000] {processor.py:830} INFO - Processing file /home/airflow/.local/lib/python3.12/site-packages/airflow/example_dags/example_params_ui_tutorial.py for tasks to queue
[2026-02-11T00:03:10.205+0000] {logging_mixin.py:188} INFO - [2026-02-11T00:03:10.205+0000] {dagbag.py:540} INFO - Filling up the DagBag from /home/airflow/.local/lib/python3.12/site-packages/airflow/example_dags/example_params_ui_tutorial.py
[2026-02-11T00:03:10.219+0000] {processor.py:840} INFO - DAG(s) 'example_params_ui_tutorial' retrieved from /home/airflow/.local/lib/python3.12/site-packages/airflow/example_dags/example_params_ui_tutorial.py
[2026-02-11T00:03:10.275+0000] {logging_mixin.py:188} INFO - [2026-02-11T00:03:10.274+0000] {dag.py:3096} INFO - Sync 1 DAGs
[2026-02-11T00:03:10.290+0000] {logging_mixin.py:188} INFO - [2026-02-11T00:03:10.290+0000] {dag.py:3954} INFO - Setting next_dagrun for example_params_ui_tutorial to None, run_after=None
[2026-02-11T00:03:10.317+0000] {processor.py:183} INFO - Processing /home/airflow/.local/lib/python3.12/site-packages/airflow/example_dags/example_params_ui_tutorial.py took 0.121 seconds
[2026-02-11T00:03:40.486+0000] {processor.py:161} INFO - Started process (PID=6718) to work on /home/airflow/.local/lib/python3.12/site-packages/airflow/example_dags/example_params_ui_tutorial.py
[2026-02-11T00:03:40.488+0000] {processor.py:830} INFO - Processing file /home/airflow/.local/lib/python3.12/site-packages/airflow/example_dags/example_params_ui_tutorial.py for tasks to queue
[2026-02-11T00:03:40.490+0000] {logging_mixin.py:188} INFO - [2026-02-11T00:03:40.490+0000] {dagbag.py:540} INFO - Filling up the DagBag from /home/airflow/.local/lib/python3.12/site-packages/airflow/example_dags/example_params_ui_tutorial.py
[2026-02-11T00:03:40.507+0000] {processor.py:840} INFO - DAG(s) 'example_params_ui_tutorial' retrieved from /home/airflow/.local/lib/python3.12/site-packages/airflow/example_dags/example_params_ui_tutorial.py
[2026-02-11T00:03:40.567+0000] {logging_mixin.py:188} INFO - [2026-02-11T00:03:40.567+0000] {dag.py:3096} INFO - Sync 1 DAGs
[2026-02-11T00:03:40.581+0000] {logging_mixin.py:188} INFO - [2026-02-11T00:03:40.581+0000] {dag.py:3954} INFO - Setting next_dagrun for example_params_ui_tutorial to None, run_after=None
[2026-02-11T00:03:40.608+0000] {processor.py:183} INFO - Processing /home/airflow/.local/lib/python3.12/site-packages/airflow/example_dags/example_params_ui_tutorial.py took 0.131 seconds
[2026-02-11T00:04:10.856+0000] {processor.py:161} INFO - Started process (PID=6772) to work on /home/airflow/.local/lib/python3.12/site-packages/airflow/example_dags/example_params_ui_tutorial.py
[2026-02-11T00:04:10.857+0000] {processor.py:830} INFO - Processing file /home/airflow/.local/lib/python3.12/site-packages/airflow/example_dags/example_params_ui_tutorial.py for tasks to queue
[2026-02-11T00:04:10.859+0000] {logging_mixin.py:188} INFO - [2026-02-11T00:04:10.859+0000] {dagbag.py:540} INFO - Filling up the DagBag from /home/airflow/.local/lib/python3.12/site-packages/airflow/example_dags/example_params_ui_tutorial.py
[2026-02-11T00:04:10.871+0000] {processor.py:840} INFO - DAG(s) 'example_params_ui_tutorial' retrieved from /home/airflow/.local/lib/python3.12/site-packages/airflow/example_dags/example_params_ui_tutorial.py
[2026-02-11T00:04:10.919+0000] {logging_mixin.py:188} INFO - [2026-02-11T00:04:10.918+0000] {dag.py:3096} INFO - Sync 1 DAGs
[2026-02-11T00:04:10.932+0000] {logging_mixin.py:188} INFO - [2026-02-11T00:04:10.931+0000] {dag.py:3954} INFO - Setting next_dagrun for example_params_ui_tutorial to None, run_after=None
[2026-02-11T00:04:10.963+0000] {processor.py:183} INFO - Processing /home/airflow/.local/lib/python3.12/site-packages/airflow/example_dags/example_params_ui_tutorial.py took 0.113 seconds
[2026-02-11T00:04:41.039+0000] {processor.py:161} INFO - Started process (PID=6826) to work on /home/airflow/.local/lib/python3.12/site-packages/airflow/example_dags/example_params_ui_tutorial.py
[2026-02-11T00:04:41.040+0000] {processor.py:830} INFO - Processing file /home/airflow/.local/lib/python3.12/site-packages/airflow/example_dags/example_params_ui_tutorial.py for tasks to queue
[2026-02-11T00:04:41.043+0000] {logging_mixin.py:188} INFO - [2026-02-11T00:04:41.042+0000] {dagbag.py:540} INFO - Filling up the DagBag from /home/airflow/.local/lib/python3.12/site-packages/airflow/example_dags/example_params_ui_tutorial.py
[2026-02-11T00:04:41.057+0000] {processor.py:840} INFO - DAG(s) 'example_params_ui_tutorial' retrieved from /home/airflow/.local/lib/python3.12/site-packages/airflow/example_dags/example_params_ui_tutorial.py
[2026-02-11T00:04:41.156+0000] {logging_mixin.py:188} INFO - [2026-02-11T00:04:41.156+0000] {dag.py:3096} INFO - Sync 1 DAGs
[2026-02-11T00:04:41.186+0000] {logging_mixin.py:188} INFO - [2026-02-11T00:04:41.185+0000] {dag.py:3954} INFO - Setting next_dagrun for example_params_ui_tutorial to None, run_after=None
[2026-02-11T00:04:41.223+0000] {processor.py:183} INFO - Processing /home/airflow/.local/lib/python3.12/site-packages/airflow/example_dags/example_params_ui_tutorial.py took 0.193 seconds
[2026-02-11T00:05:11.325+0000] {processor.py:161} INFO - Started process (PID=6882) to work on /home/airflow/.local/lib/python3.12/site-packages/airflow/example_dags/example_params_ui_tutorial.py
[2026-02-11T00:05:11.326+0000] {processor.py:830} INFO - Processing file /home/airflow/.local/lib/python3.12/site-packages/airflow/example_dags/example_params_ui_tutorial.py for tasks to queue
[2026-02-11T00:05:11.328+0000] {logging_mixin.py:188} INFO - [2026-02-11T00:05:11.328+0000] {dagbag.py:540} INFO - Filling up the DagBag from /home/airflow/.local/lib/python3.12/site-packages/airflow/example_dags/example_params_ui_tutorial.py
[2026-02-11T00:05:11.339+0000] {processor.py:840} INFO - DAG(s) 'example_params_ui_tutorial' retrieved from /home/airflow/.local/lib/python3.12/site-packages/airflow/example_dags/example_params_ui_tutorial.py
[2026-02-11T00:05:11.383+0000] {logging_mixin.py:188} INFO - [2026-02-11T00:05:11.383+0000] {dag.py:3096} INFO - Sync 1 DAGs
[2026-02-11T00:05:11.395+0000] {logging_mixin.py:188} INFO - [2026-02-11T00:05:11.395+0000] {dag.py:3954} INFO - Setting next_dagrun for example_params_ui_tutorial to None, run_after=None
[2026-02-11T00:05:11.416+0000] {processor.py:183} INFO - Processing /home/airflow/.local/lib/python3.12/site-packages/airflow/example_dags/example_params_ui_tutorial.py took 0.097 seconds
[2026-02-11T00:05:41.609+0000] {processor.py:161} INFO - Started process (PID=6934) to work on /home/airflow/.local/lib/python3.12/site-packages/airflow/example_dags/example_params_ui_tutorial.py
[2026-02-11T00:05:41.611+0000] {processor.py:830} INFO - Processing file /home/airflow/.local/lib/python3.12/site-packages/airflow/example_dags/example_params_ui_tutorial.py for tasks to queue
[2026-02-11T00:05:41.615+0000] {logging_mixin.py:188} INFO - [2026-02-11T00:05:41.614+0000] {dagbag.py:540} INFO - Filling up the DagBag from /home/airflow/.local/lib/python3.12/site-packages/airflow/example_dags/example_params_ui_tutorial.py
[2026-02-11T00:05:41.629+0000] {processor.py:840} INFO - DAG(s) 'example_params_ui_tutorial' retrieved from /home/airflow/.local/lib/python3.12/site-packages/airflow/example_dags/example_params_ui_tutorial.py
[2026-02-11T00:05:41.685+0000] {logging_mixin.py:188} INFO - [2026-02-11T00:05:41.684+0000] {dag.py:3096} INFO - Sync 1 DAGs
[2026-02-11T00:05:41.703+0000] {logging_mixin.py:188} INFO - [2026-02-11T00:05:41.703+0000] {dag.py:3954} INFO - Setting next_dagrun for example_params_ui_tutorial to None, run_after=None
[2026-02-11T00:05:41.737+0000] {processor.py:183} INFO - Processing /home/airflow/.local/lib/python3.12/site-packages/airflow/example_dags/example_params_ui_tutorial.py took 0.136 seconds
[2026-02-11T00:06:11.792+0000] {processor.py:161} INFO - Started process (PID=6988) to work on /home/airflow/.local/lib/python3.12/site-packages/airflow/example_dags/example_params_ui_tutorial.py
[2026-02-11T00:06:11.793+0000] {processor.py:830} INFO - Processing file /home/airflow/.local/lib/python3.12/site-packages/airflow/example_dags/example_params_ui_tutorial.py for tasks to queue
[2026-02-11T00:06:11.795+0000] {logging_mixin.py:188} INFO - [2026-02-11T00:06:11.795+0000] {dagbag.py:540} INFO - Filling up the DagBag from /home/airflow/.local/lib/python3.12/site-packages/airflow/example_dags/example_params_ui_tutorial.py
[2026-02-11T00:06:11.808+0000] {processor.py:840} INFO - DAG(s) 'example_params_ui_tutorial' retrieved from /home/airflow/.local/lib/python3.12/site-packages/airflow/example_dags/example_params_ui_tutorial.py
[2026-02-11T00:06:11.857+0000] {logging_mixin.py:188} INFO - [2026-02-11T00:06:11.856+0000] {dag.py:3096} INFO - Sync 1 DAGs
[2026-02-11T00:06:11.868+0000] {logging_mixin.py:188} INFO - [2026-02-11T00:06:11.868+0000] {dag.py:3954} INFO - Setting next_dagrun for example_params_ui_tutorial to None, run_after=None
[2026-02-11T00:06:11.898+0000] {processor.py:183} INFO - Processing /home/airflow/.local/lib/python3.12/site-packages/airflow/example_dags/example_params_ui_tutorial.py took 0.112 seconds
[2026-02-11T00:06:42.040+0000] {processor.py:161} INFO - Started process (PID=7042) to work on /home/airflow/.local/lib/python3.12/site-packages/airflow/example_dags/example_params_ui_tutorial.py
[2026-02-11T00:06:42.042+0000] {processor.py:830} INFO - Processing file /home/airflow/.local/lib/python3.12/site-packages/airflow/example_dags/example_params_ui_tutorial.py for tasks to queue
[2026-02-11T00:06:42.044+0000] {logging_mixin.py:188} INFO - [2026-02-11T00:06:42.044+0000] {dagbag.py:540} INFO - Filling up the DagBag from /home/airflow/.local/lib/python3.12/site-packages/airflow/example_dags/example_params_ui_tutorial.py
[2026-02-11T00:06:42.056+0000] {processor.py:840} INFO - DAG(s) 'example_params_ui_tutorial' retrieved from /home/airflow/.local/lib/python3.12/site-packages/airflow/example_dags/example_params_ui_tutorial.py
[2026-02-11T00:06:42.105+0000] {logging_mixin.py:188} INFO - [2026-02-11T00:06:42.105+0000] {dag.py:3096} INFO - Sync 1 DAGs
[2026-02-11T00:06:42.118+0000] {logging_mixin.py:188} INFO - [2026-02-11T00:06:42.118+0000] {dag.py:3954} INFO - Setting next_dagrun for example_params_ui_tutorial to None, run_after=None
[2026-02-11T00:06:42.147+0000] {processor.py:183} INFO - Processing /home/airflow/.local/lib/python3.12/site-packages/airflow/example_dags/example_params_ui_tutorial.py took 0.113 seconds
[2026-02-11T00:07:12.538+0000] {processor.py:161} INFO - Started process (PID=7096) to work on /home/airflow/.local/lib/python3.12/site-packages/airflow/example_dags/example_params_ui_tutorial.py
[2026-02-11T00:07:12.539+0000] {processor.py:830} INFO - Processing file /home/airflow/.local/lib/python3.12/site-packages/airflow/example_dags/example_params_ui_tutorial.py for tasks to queue
[2026-02-11T00:07:12.541+0000] {logging_mixin.py:188} INFO - [2026-02-11T00:07:12.541+0000] {dagbag.py:540} INFO - Filling up the DagBag from /home/airflow/.local/lib/python3.12/site-packages/airflow/example_dags/example_params_ui_tutorial.py
[2026-02-11T00:07:12.554+0000] {processor.py:840} INFO - DAG(s) 'example_params_ui_tutorial' retrieved from /home/airflow/.local/lib/python3.12/site-packages/airflow/example_dags/example_params_ui_tutorial.py
[2026-02-11T00:07:12.603+0000] {logging_mixin.py:188} INFO - [2026-02-11T00:07:12.602+0000] {dag.py:3096} INFO - Sync 1 DAGs
[2026-02-11T00:07:12.615+0000] {logging_mixin.py:188} INFO - [2026-02-11T00:07:12.615+0000] {dag.py:3954} INFO - Setting next_dagrun for example_params_ui_tutorial to None, run_after=None
[2026-02-11T00:07:12.651+0000] {processor.py:183} INFO - Processing /home/airflow/.local/lib/python3.12/site-packages/airflow/example_dags/example_params_ui_tutorial.py took 0.119 seconds
[2026-02-11T00:07:42.925+0000] {processor.py:161} INFO - Started process (PID=7150) to work on /home/airflow/.local/lib/python3.12/site-packages/airflow/example_dags/example_params_ui_tutorial.py
[2026-02-11T00:07:42.926+0000] {processor.py:830} INFO - Processing file /home/airflow/.local/lib/python3.12/site-packages/airflow/example_dags/example_params_ui_tutorial.py for tasks to queue
[2026-02-11T00:07:42.929+0000] {logging_mixin.py:188} INFO - [2026-02-11T00:07:42.929+0000] {dagbag.py:540} INFO - Filling up the DagBag from /home/airflow/.local/lib/python3.12/site-packages/airflow/example_dags/example_params_ui_tutorial.py
[2026-02-11T00:07:42.941+0000] {processor.py:840} INFO - DAG(s) 'example_params_ui_tutorial' retrieved from /home/airflow/.local/lib/python3.12/site-packages/airflow/example_dags/example_params_ui_tutorial.py
[2026-02-11T00:07:42.997+0000] {logging_mixin.py:188} INFO - [2026-02-11T00:07:42.997+0000] {dag.py:3096} INFO - Sync 1 DAGs
[2026-02-11T00:07:43.012+0000] {logging_mixin.py:188} INFO - [2026-02-11T00:07:43.012+0000] {dag.py:3954} INFO - Setting next_dagrun for example_params_ui_tutorial to None, run_after=None
[2026-02-11T00:07:43.047+0000] {processor.py:183} INFO - Processing /home/airflow/.local/lib/python3.12/site-packages/airflow/example_dags/example_params_ui_tutorial.py took 0.128 seconds
[2026-02-11T00:08:13.129+0000] {processor.py:161} INFO - Started process (PID=7206) to work on /home/airflow/.local/lib/python3.12/site-packages/airflow/example_dags/example_params_ui_tutorial.py
[2026-02-11T00:08:13.130+0000] {processor.py:830} INFO - Processing file /home/airflow/.local/lib/python3.12/site-packages/airflow/example_dags/example_params_ui_tutorial.py for tasks to queue
[2026-02-11T00:08:13.131+0000] {logging_mixin.py:188} INFO - [2026-02-11T00:08:13.131+0000] {dagbag.py:540} INFO - Filling up the DagBag from /home/airflow/.local/lib/python3.12/site-packages/airflow/example_dags/example_params_ui_tutorial.py
[2026-02-11T00:08:13.142+0000] {processor.py:840} INFO - DAG(s) 'example_params_ui_tutorial' retrieved from /home/airflow/.local/lib/python3.12/site-packages/airflow/example_dags/example_params_ui_tutorial.py
[2026-02-11T00:08:13.190+0000] {logging_mixin.py:188} INFO - [2026-02-11T00:08:13.190+0000] {dag.py:3096} INFO - Sync 1 DAGs
[2026-02-11T00:08:13.203+0000] {logging_mixin.py:188} INFO - [2026-02-11T00:08:13.203+0000] {dag.py:3954} INFO - Setting next_dagrun for example_params_ui_tutorial to None, run_after=None
[2026-02-11T00:08:13.233+0000] {processor.py:183} INFO - Processing /home/airflow/.local/lib/python3.12/site-packages/airflow/example_dags/example_params_ui_tutorial.py took 0.110 seconds
[2026-02-11T00:08:43.370+0000] {processor.py:161} INFO - Started process (PID=7258) to work on /home/airflow/.local/lib/python3.12/site-packages/airflow/example_dags/example_params_ui_tutorial.py
[2026-02-11T00:08:43.372+0000] {processor.py:830} INFO - Processing file /home/airflow/.local/lib/python3.12/site-packages/airflow/example_dags/example_params_ui_tutorial.py for tasks to queue
[2026-02-11T00:08:43.374+0000] {logging_mixin.py:188} INFO - [2026-02-11T00:08:43.374+0000] {dagbag.py:540} INFO - Filling up the DagBag from /home/airflow/.local/lib/python3.12/site-packages/airflow/example_dags/example_params_ui_tutorial.py
[2026-02-11T00:08:43.389+0000] {processor.py:840} INFO - DAG(s) 'example_params_ui_tutorial' retrieved from /home/airflow/.local/lib/python3.12/site-packages/airflow/example_dags/example_params_ui_tutorial.py
[2026-02-11T00:08:43.446+0000] {logging_mixin.py:188} INFO - [2026-02-11T00:08:43.446+0000] {dag.py:3096} INFO - Sync 1 DAGs
[2026-02-11T00:08:43.471+0000] {logging_mixin.py:188} INFO - [2026-02-11T00:08:43.471+0000] {dag.py:3954} INFO - Setting next_dagrun for example_params_ui_tutorial to None, run_after=None
[2026-02-11T00:08:43.504+0000] {processor.py:183} INFO - Processing /home/airflow/.local/lib/python3.12/site-packages/airflow/example_dags/example_params_ui_tutorial.py took 0.140 seconds
[2026-02-11T00:09:13.606+0000] {processor.py:161} INFO - Started process (PID=7312) to work on /home/airflow/.local/lib/python3.12/site-packages/airflow/example_dags/example_params_ui_tutorial.py
[2026-02-11T00:09:13.611+0000] {processor.py:830} INFO - Processing file /home/airflow/.local/lib/python3.12/site-packages/airflow/example_dags/example_params_ui_tutorial.py for tasks to queue
[2026-02-11T00:09:13.614+0000] {logging_mixin.py:188} INFO - [2026-02-11T00:09:13.613+0000] {dagbag.py:540} INFO - Filling up the DagBag from /home/airflow/.local/lib/python3.12/site-packages/airflow/example_dags/example_params_ui_tutorial.py
[2026-02-11T00:09:13.626+0000] {processor.py:840} INFO - DAG(s) 'example_params_ui_tutorial' retrieved from /home/airflow/.local/lib/python3.12/site-packages/airflow/example_dags/example_params_ui_tutorial.py
[2026-02-11T00:09:13.671+0000] {logging_mixin.py:188} INFO - [2026-02-11T00:09:13.671+0000] {dag.py:3096} INFO - Sync 1 DAGs
[2026-02-11T00:09:13.685+0000] {logging_mixin.py:188} INFO - [2026-02-11T00:09:13.684+0000] {dag.py:3954} INFO - Setting next_dagrun for example_params_ui_tutorial to None, run_after=None
[2026-02-11T00:09:13.703+0000] {processor.py:183} INFO - Processing /home/airflow/.local/lib/python3.12/site-packages/airflow/example_dags/example_params_ui_tutorial.py took 0.104 seconds
[2026-02-11T00:09:43.890+0000] {processor.py:161} INFO - Started process (PID=7366) to work on /home/airflow/.local/lib/python3.12/site-packages/airflow/example_dags/example_params_ui_tutorial.py
[2026-02-11T00:09:43.892+0000] {processor.py:830} INFO - Processing file /home/airflow/.local/lib/python3.12/site-packages/airflow/example_dags/example_params_ui_tutorial.py for tasks to queue
[2026-02-11T00:09:43.895+0000] {logging_mixin.py:188} INFO - [2026-02-11T00:09:43.894+0000] {dagbag.py:540} INFO - Filling up the DagBag from /home/airflow/.local/lib/python3.12/site-packages/airflow/example_dags/example_params_ui_tutorial.py
[2026-02-11T00:09:43.908+0000] {processor.py:840} INFO - DAG(s) 'example_params_ui_tutorial' retrieved from /home/airflow/.local/lib/python3.12/site-packages/airflow/example_dags/example_params_ui_tutorial.py
[2026-02-11T00:09:43.967+0000] {logging_mixin.py:188} INFO - [2026-02-11T00:09:43.967+0000] {dag.py:3096} INFO - Sync 1 DAGs
[2026-02-11T00:09:43.983+0000] {logging_mixin.py:188} INFO - [2026-02-11T00:09:43.982+0000] {dag.py:3954} INFO - Setting next_dagrun for example_params_ui_tutorial to None, run_after=None
[2026-02-11T00:09:44.018+0000] {processor.py:183} INFO - Processing /home/airflow/.local/lib/python3.12/site-packages/airflow/example_dags/example_params_ui_tutorial.py took 0.133 seconds
[2026-02-11T00:10:14.121+0000] {processor.py:161} INFO - Started process (PID=7420) to work on /home/airflow/.local/lib/python3.12/site-packages/airflow/example_dags/example_params_ui_tutorial.py
[2026-02-11T00:10:14.122+0000] {processor.py:830} INFO - Processing file /home/airflow/.local/lib/python3.12/site-packages/airflow/example_dags/example_params_ui_tutorial.py for tasks to queue
[2026-02-11T00:10:14.124+0000] {logging_mixin.py:188} INFO - [2026-02-11T00:10:14.124+0000] {dagbag.py:540} INFO - Filling up the DagBag from /home/airflow/.local/lib/python3.12/site-packages/airflow/example_dags/example_params_ui_tutorial.py
[2026-02-11T00:10:14.135+0000] {processor.py:840} INFO - DAG(s) 'example_params_ui_tutorial' retrieved from /home/airflow/.local/lib/python3.12/site-packages/airflow/example_dags/example_params_ui_tutorial.py
[2026-02-11T00:10:14.183+0000] {logging_mixin.py:188} INFO - [2026-02-11T00:10:14.183+0000] {dag.py:3096} INFO - Sync 1 DAGs
[2026-02-11T00:10:14.195+0000] {logging_mixin.py:188} INFO - [2026-02-11T00:10:14.194+0000] {dag.py:3954} INFO - Setting next_dagrun for example_params_ui_tutorial to None, run_after=None
[2026-02-11T00:10:14.225+0000] {processor.py:183} INFO - Processing /home/airflow/.local/lib/python3.12/site-packages/airflow/example_dags/example_params_ui_tutorial.py took 0.110 seconds
[2026-02-11T00:10:44.610+0000] {processor.py:161} INFO - Started process (PID=7474) to work on /home/airflow/.local/lib/python3.12/site-packages/airflow/example_dags/example_params_ui_tutorial.py
[2026-02-11T00:10:44.611+0000] {processor.py:830} INFO - Processing file /home/airflow/.local/lib/python3.12/site-packages/airflow/example_dags/example_params_ui_tutorial.py for tasks to queue
[2026-02-11T00:10:44.613+0000] {logging_mixin.py:188} INFO - [2026-02-11T00:10:44.613+0000] {dagbag.py:540} INFO - Filling up the DagBag from /home/airflow/.local/lib/python3.12/site-packages/airflow/example_dags/example_params_ui_tutorial.py
[2026-02-11T00:10:44.625+0000] {processor.py:840} INFO - DAG(s) 'example_params_ui_tutorial' retrieved from /home/airflow/.local/lib/python3.12/site-packages/airflow/example_dags/example_params_ui_tutorial.py
[2026-02-11T00:10:44.674+0000] {logging_mixin.py:188} INFO - [2026-02-11T00:10:44.674+0000] {dag.py:3096} INFO - Sync 1 DAGs
[2026-02-11T00:10:44.687+0000] {logging_mixin.py:188} INFO - [2026-02-11T00:10:44.687+0000] {dag.py:3954} INFO - Setting next_dagrun for example_params_ui_tutorial to None, run_after=None
[2026-02-11T00:10:44.709+0000] {processor.py:183} INFO - Processing /home/airflow/.local/lib/python3.12/site-packages/airflow/example_dags/example_params_ui_tutorial.py took 0.106 seconds
[2026-02-11T00:11:14.810+0000] {processor.py:161} INFO - Started process (PID=7528) to work on /home/airflow/.local/lib/python3.12/site-packages/airflow/example_dags/example_params_ui_tutorial.py
[2026-02-11T00:11:14.811+0000] {processor.py:830} INFO - Processing file /home/airflow/.local/lib/python3.12/site-packages/airflow/example_dags/example_params_ui_tutorial.py for tasks to queue
[2026-02-11T00:11:14.813+0000] {logging_mixin.py:188} INFO - [2026-02-11T00:11:14.813+0000] {dagbag.py:540} INFO - Filling up the DagBag from /home/airflow/.local/lib/python3.12/site-packages/airflow/example_dags/example_params_ui_tutorial.py
[2026-02-11T00:11:14.825+0000] {processor.py:840} INFO - DAG(s) 'example_params_ui_tutorial' retrieved from /home/airflow/.local/lib/python3.12/site-packages/airflow/example_dags/example_params_ui_tutorial.py
[2026-02-11T00:11:14.876+0000] {logging_mixin.py:188} INFO - [2026-02-11T00:11:14.876+0000] {dag.py:3096} INFO - Sync 1 DAGs
[2026-02-11T00:11:14.888+0000] {logging_mixin.py:188} INFO - [2026-02-11T00:11:14.888+0000] {dag.py:3954} INFO - Setting next_dagrun for example_params_ui_tutorial to None, run_after=None
[2026-02-11T00:11:14.908+0000] {processor.py:183} INFO - Processing /home/airflow/.local/lib/python3.12/site-packages/airflow/example_dags/example_params_ui_tutorial.py took 0.104 seconds
