[2026-02-11T00:00:26.773+0000] {processor.py:161} INFO - Started process (PID=6368) to work on /home/airflow/.local/lib/python3.12/site-packages/airflow/example_dags/example_params_trigger_ui.py
[2026-02-11T00:00:26.775+0000] {processor.py:830} INFO - Processing file /home/airflow/.local/lib/python3.12/site-packages/airflow/example_dags/example_params_trigger_ui.py for tasks to queue
[2026-02-11T00:00:26.777+0000] {logging_mixin.py:188} INFO - [2026-02-11T00:00:26.776+0000] {dagbag.py:540} INFO - Filling up the DagBag from /home/airflow/.local/lib/python3.12/site-packages/airflow/example_dags/example_params_trigger_ui.py
[2026-02-11T00:00:26.791+0000] {processor.py:840} INFO - DAG(s) 'example_params_trigger_ui' retrieved from /home/airflow/.local/lib/python3.12/site-packages/airflow/example_dags/example_params_trigger_ui.py
[2026-02-11T00:00:26.835+0000] {logging_mixin.py:188} INFO - [2026-02-11T00:00:26.835+0000] {dag.py:3096} INFO - Sync 1 DAGs
[2026-02-11T00:00:26.847+0000] {logging_mixin.py:188} INFO - [2026-02-11T00:00:26.847+0000] {dag.py:3954} INFO - Setting next_dagrun for example_params_trigger_ui to None, run_after=None
[2026-02-11T00:00:26.869+0000] {processor.py:183} INFO - Processing /home/airflow/.local/lib/python3.12/site-packages/airflow/example_dags/example_params_trigger_ui.py took 0.103 seconds
[2026-02-11T00:00:56.985+0000] {processor.py:161} INFO - Started process (PID=6422) to work on /home/airflow/.local/lib/python3.12/site-packages/airflow/example_dags/example_params_trigger_ui.py
[2026-02-11T00:00:56.987+0000] {processor.py:830} INFO - Processing file /home/airflow/.local/lib/python3.12/site-packages/airflow/example_dags/example_params_trigger_ui.py for tasks to queue
[2026-02-11T00:00:56.989+0000] {logging_mixin.py:188} INFO - [2026-02-11T00:00:56.989+0000] {dagbag.py:540} INFO - Filling up the DagBag from /home/airflow/.local/lib/python3.12/site-packages/airflow/example_dags/example_params_trigger_ui.py
[2026-02-11T00:00:57.004+0000] {processor.py:840} INFO - DAG(s) 'example_params_trigger_ui' retrieved from /home/airflow/.local/lib/python3.12/site-packages/airflow/example_dags/example_params_trigger_ui.py
[2026-02-11T00:00:57.055+0000] {logging_mixin.py:188} INFO - [2026-02-11T00:00:57.054+0000] {dag.py:3096} INFO - Sync 1 DAGs
[2026-02-11T00:00:57.069+0000] {logging_mixin.py:188} INFO - [2026-02-11T00:00:57.069+0000] {dag.py:3954} INFO - Setting next_dagrun for example_params_trigger_ui to None, run_after=None
[2026-02-11T00:00:57.092+0000] {processor.py:183} INFO - Processing /home/airflow/.local/lib/python3.12/site-packages/airflow/example_dags/example_params_trigger_ui.py took 0.113 seconds
[2026-02-11T00:01:27.633+0000] {processor.py:161} INFO - Started process (PID=6476) to work on /home/airflow/.local/lib/python3.12/site-packages/airflow/example_dags/example_params_trigger_ui.py
[2026-02-11T00:01:27.635+0000] {processor.py:830} INFO - Processing file /home/airflow/.local/lib/python3.12/site-packages/airflow/example_dags/example_params_trigger_ui.py for tasks to queue
[2026-02-11T00:01:27.641+0000] {logging_mixin.py:188} INFO - [2026-02-11T00:01:27.641+0000] {dagbag.py:540} INFO - Filling up the DagBag from /home/airflow/.local/lib/python3.12/site-packages/airflow/example_dags/example_params_trigger_ui.py
[2026-02-11T00:01:27.670+0000] {processor.py:840} INFO - DAG(s) 'example_params_trigger_ui' retrieved from /home/airflow/.local/lib/python3.12/site-packages/airflow/example_dags/example_params_trigger_ui.py
[2026-02-11T00:01:27.752+0000] {logging_mixin.py:188} INFO - [2026-02-11T00:01:27.751+0000] {dag.py:3096} INFO - Sync 1 DAGs
[2026-02-11T00:01:27.774+0000] {logging_mixin.py:188} INFO - [2026-02-11T00:01:27.773+0000] {dag.py:3954} INFO - Setting next_dagrun for example_params_trigger_ui to None, run_after=None
[2026-02-11T00:01:27.808+0000] {processor.py:183} INFO - Processing /home/airflow/.local/lib/python3.12/site-packages/airflow/example_dags/example_params_trigger_ui.py took 0.187 seconds
[2026-02-11T00:01:57.896+0000] {processor.py:161} INFO - Started process (PID=6530) to work on /home/airflow/.local/lib/python3.12/site-packages/airflow/example_dags/example_params_trigger_ui.py
[2026-02-11T00:01:57.897+0000] {processor.py:830} INFO - Processing file /home/airflow/.local/lib/python3.12/site-packages/airflow/example_dags/example_params_trigger_ui.py for tasks to queue
[2026-02-11T00:01:57.899+0000] {logging_mixin.py:188} INFO - [2026-02-11T00:01:57.899+0000] {dagbag.py:540} INFO - Filling up the DagBag from /home/airflow/.local/lib/python3.12/site-packages/airflow/example_dags/example_params_trigger_ui.py
[2026-02-11T00:01:57.914+0000] {processor.py:840} INFO - DAG(s) 'example_params_trigger_ui' retrieved from /home/airflow/.local/lib/python3.12/site-packages/airflow/example_dags/example_params_trigger_ui.py
[2026-02-11T00:01:57.957+0000] {logging_mixin.py:188} INFO - [2026-02-11T00:01:57.957+0000] {dag.py:3096} INFO - Sync 1 DAGs
[2026-02-11T00:01:57.969+0000] {logging_mixin.py:188} INFO - [2026-02-11T00:01:57.969+0000] {dag.py:3954} INFO - Setting next_dagrun for example_params_trigger_ui to None, run_after=None
[2026-02-11T00:01:57.988+0000] {processor.py:183} INFO - Processing /home/airflow/.local/lib/python3.12/site-packages/airflow/example_dags/example_params_trigger_ui.py took 0.098 seconds
[2026-02-11T00:02:28.211+0000] {processor.py:161} INFO - Started process (PID=6584) to work on /home/airflow/.local/lib/python3.12/site-packages/airflow/example_dags/example_params_trigger_ui.py
[2026-02-11T00:02:28.213+0000] {processor.py:830} INFO - Processing file /home/airflow/.local/lib/python3.12/site-packages/airflow/example_dags/example_params_trigger_ui.py for tasks to queue
[2026-02-11T00:02:28.215+0000] {logging_mixin.py:188} INFO - [2026-02-11T00:02:28.214+0000] {dagbag.py:540} INFO - Filling up the DagBag from /home/airflow/.local/lib/python3.12/site-packages/airflow/example_dags/example_params_trigger_ui.py
[2026-02-11T00:02:28.229+0000] {processor.py:840} INFO - DAG(s) 'example_params_trigger_ui' retrieved from /home/airflow/.local/lib/python3.12/site-packages/airflow/example_dags/example_params_trigger_ui.py
[2026-02-11T00:02:28.270+0000] {logging_mixin.py:188} INFO - [2026-02-11T00:02:28.269+0000] {dag.py:3096} INFO - Sync 1 DAGs
[2026-02-11T00:02:28.283+0000] {logging_mixin.py:188} INFO - [2026-02-11T00:02:28.282+0000] {dag.py:3954} INFO - Setting next_dagrun for example_params_trigger_ui to None, run_after=None
[2026-02-11T00:02:28.305+0000] {processor.py:183} INFO - Processing /home/airflow/.local/lib/python3.12/site-packages/airflow/example_dags/example_params_trigger_ui.py took 0.099 seconds
[2026-02-11T00:02:58.414+0000] {processor.py:161} INFO - Started process (PID=6638) to work on /home/airflow/.local/lib/python3.12/site-packages/airflow/example_dags/example_params_trigger_ui.py
[2026-02-11T00:02:58.416+0000] {processor.py:830} INFO - Processing file /home/airflow/.local/lib/python3.12/site-packages/airflow/example_dags/example_params_trigger_ui.py for tasks to queue
[2026-02-11T00:02:58.418+0000] {logging_mixin.py:188} INFO - [2026-02-11T00:02:58.417+0000] {dagbag.py:540} INFO - Filling up the DagBag from /home/airflow/.local/lib/python3.12/site-packages/airflow/example_dags/example_params_trigger_ui.py
[2026-02-11T00:02:58.432+0000] {processor.py:840} INFO - DAG(s) 'example_params_trigger_ui' retrieved from /home/airflow/.local/lib/python3.12/site-packages/airflow/example_dags/example_params_trigger_ui.py
[2026-02-11T00:02:58.471+0000] {logging_mixin.py:188} INFO - [2026-02-11T00:02:58.471+0000] {dag.py:3096} INFO - Sync 1 DAGs
[2026-02-11T00:02:58.485+0000] {logging_mixin.py:188} INFO - [2026-02-11T00:02:58.485+0000] {dag.py:3954} INFO - Setting next_dagrun for example_params_trigger_ui to None, run_after=None
[2026-02-11T00:02:58.509+0000] {processor.py:183} INFO - Processing /home/airflow/.local/lib/python3.12/site-packages/airflow/example_dags/example_params_trigger_ui.py took 0.101 seconds
[2026-02-11T00:03:28.756+0000] {processor.py:161} INFO - Started process (PID=6692) to work on /home/airflow/.local/lib/python3.12/site-packages/airflow/example_dags/example_params_trigger_ui.py
[2026-02-11T00:03:28.758+0000] {processor.py:830} INFO - Processing file /home/airflow/.local/lib/python3.12/site-packages/airflow/example_dags/example_params_trigger_ui.py for tasks to queue
[2026-02-11T00:03:28.760+0000] {logging_mixin.py:188} INFO - [2026-02-11T00:03:28.759+0000] {dagbag.py:540} INFO - Filling up the DagBag from /home/airflow/.local/lib/python3.12/site-packages/airflow/example_dags/example_params_trigger_ui.py
[2026-02-11T00:03:28.773+0000] {processor.py:840} INFO - DAG(s) 'example_params_trigger_ui' retrieved from /home/airflow/.local/lib/python3.12/site-packages/airflow/example_dags/example_params_trigger_ui.py
[2026-02-11T00:03:28.815+0000] {logging_mixin.py:188} INFO - [2026-02-11T00:03:28.815+0000] {dag.py:3096} INFO - Sync 1 DAGs
[2026-02-11T00:03:28.828+0000] {logging_mixin.py:188} INFO - [2026-02-11T00:03:28.828+0000] {dag.py:3954} INFO - Setting next_dagrun for example_params_trigger_ui to None, run_after=None
[2026-02-11T00:03:28.850+0000] {processor.py:183} INFO - Processing /home/airflow/.local/lib/python3.12/site-packages/airflow/example_dags/example_params_trigger_ui.py took 0.100 seconds
[2026-02-11T00:03:59.102+0000] {processor.py:161} INFO - Started process (PID=6746) to work on /home/airflow/.local/lib/python3.12/site-packages/airflow/example_dags/example_params_trigger_ui.py
[2026-02-11T00:03:59.103+0000] {processor.py:830} INFO - Processing file /home/airflow/.local/lib/python3.12/site-packages/airflow/example_dags/example_params_trigger_ui.py for tasks to queue
[2026-02-11T00:03:59.105+0000] {logging_mixin.py:188} INFO - [2026-02-11T00:03:59.105+0000] {dagbag.py:540} INFO - Filling up the DagBag from /home/airflow/.local/lib/python3.12/site-packages/airflow/example_dags/example_params_trigger_ui.py
[2026-02-11T00:03:59.119+0000] {processor.py:840} INFO - DAG(s) 'example_params_trigger_ui' retrieved from /home/airflow/.local/lib/python3.12/site-packages/airflow/example_dags/example_params_trigger_ui.py
[2026-02-11T00:03:59.169+0000] {logging_mixin.py:188} INFO - [2026-02-11T00:03:59.169+0000] {dag.py:3096} INFO - Sync 1 DAGs
[2026-02-11T00:03:59.182+0000] {logging_mixin.py:188} INFO - [2026-02-11T00:03:59.182+0000] {dag.py:3954} INFO - Setting next_dagrun for example_params_trigger_ui to None, run_after=None
[2026-02-11T00:03:59.202+0000] {processor.py:183} INFO - Processing /home/airflow/.local/lib/python3.12/site-packages/airflow/example_dags/example_params_trigger_ui.py took 0.107 seconds
[2026-02-11T00:04:29.379+0000] {processor.py:161} INFO - Started process (PID=6800) to work on /home/airflow/.local/lib/python3.12/site-packages/airflow/example_dags/example_params_trigger_ui.py
[2026-02-11T00:04:29.380+0000] {processor.py:830} INFO - Processing file /home/airflow/.local/lib/python3.12/site-packages/airflow/example_dags/example_params_trigger_ui.py for tasks to queue
[2026-02-11T00:04:29.382+0000] {logging_mixin.py:188} INFO - [2026-02-11T00:04:29.382+0000] {dagbag.py:540} INFO - Filling up the DagBag from /home/airflow/.local/lib/python3.12/site-packages/airflow/example_dags/example_params_trigger_ui.py
[2026-02-11T00:04:29.399+0000] {processor.py:840} INFO - DAG(s) 'example_params_trigger_ui' retrieved from /home/airflow/.local/lib/python3.12/site-packages/airflow/example_dags/example_params_trigger_ui.py
[2026-02-11T00:04:29.441+0000] {logging_mixin.py:188} INFO - [2026-02-11T00:04:29.441+0000] {dag.py:3096} INFO - Sync 1 DAGs
[2026-02-11T00:04:29.454+0000] {logging_mixin.py:188} INFO - [2026-02-11T00:04:29.453+0000] {dag.py:3954} INFO - Setting next_dagrun for example_params_trigger_ui to None, run_after=None
[2026-02-11T00:04:29.475+0000] {processor.py:183} INFO - Processing /home/airflow/.local/lib/python3.12/site-packages/airflow/example_dags/example_params_trigger_ui.py took 0.102 seconds
[2026-02-11T00:04:59.585+0000] {processor.py:161} INFO - Started process (PID=6854) to work on /home/airflow/.local/lib/python3.12/site-packages/airflow/example_dags/example_params_trigger_ui.py
[2026-02-11T00:04:59.586+0000] {processor.py:830} INFO - Processing file /home/airflow/.local/lib/python3.12/site-packages/airflow/example_dags/example_params_trigger_ui.py for tasks to queue
[2026-02-11T00:04:59.588+0000] {logging_mixin.py:188} INFO - [2026-02-11T00:04:59.588+0000] {dagbag.py:540} INFO - Filling up the DagBag from /home/airflow/.local/lib/python3.12/site-packages/airflow/example_dags/example_params_trigger_ui.py
[2026-02-11T00:04:59.601+0000] {processor.py:840} INFO - DAG(s) 'example_params_trigger_ui' retrieved from /home/airflow/.local/lib/python3.12/site-packages/airflow/example_dags/example_params_trigger_ui.py
[2026-02-11T00:04:59.643+0000] {logging_mixin.py:188} INFO - [2026-02-11T00:04:59.642+0000] {dag.py:3096} INFO - Sync 1 DAGs
[2026-02-11T00:04:59.657+0000] {logging_mixin.py:188} INFO - [2026-02-11T00:04:59.657+0000] {dag.py:3954} INFO - Setting next_dagrun for example_params_trigger_ui to None, run_after=None
[2026-02-11T00:04:59.676+0000] {processor.py:183} INFO - Processing /home/airflow/.local/lib/python3.12/site-packages/airflow/example_dags/example_params_trigger_ui.py took 0.098 seconds
[2026-02-11T00:05:29.822+0000] {processor.py:161} INFO - Started process (PID=6908) to work on /home/airflow/.local/lib/python3.12/site-packages/airflow/example_dags/example_params_trigger_ui.py
[2026-02-11T00:05:29.823+0000] {processor.py:830} INFO - Processing file /home/airflow/.local/lib/python3.12/site-packages/airflow/example_dags/example_params_trigger_ui.py for tasks to queue
[2026-02-11T00:05:29.826+0000] {logging_mixin.py:188} INFO - [2026-02-11T00:05:29.826+0000] {dagbag.py:540} INFO - Filling up the DagBag from /home/airflow/.local/lib/python3.12/site-packages/airflow/example_dags/example_params_trigger_ui.py
[2026-02-11T00:05:29.841+0000] {processor.py:840} INFO - DAG(s) 'example_params_trigger_ui' retrieved from /home/airflow/.local/lib/python3.12/site-packages/airflow/example_dags/example_params_trigger_ui.py
[2026-02-11T00:05:29.883+0000] {logging_mixin.py:188} INFO - [2026-02-11T00:05:29.883+0000] {dag.py:3096} INFO - Sync 1 DAGs
[2026-02-11T00:05:29.896+0000] {logging_mixin.py:188} INFO - [2026-02-11T00:05:29.895+0000] {dag.py:3954} INFO - Setting next_dagrun for example_params_trigger_ui to None, run_after=None
[2026-02-11T00:05:29.919+0000] {processor.py:183} INFO - Processing /home/airflow/.local/lib/python3.12/site-packages/airflow/example_dags/example_params_trigger_ui.py took 0.104 seconds
[2026-02-11T00:06:00.243+0000] {processor.py:161} INFO - Started process (PID=6962) to work on /home/airflow/.local/lib/python3.12/site-packages/airflow/example_dags/example_params_trigger_ui.py
[2026-02-11T00:06:00.245+0000] {processor.py:830} INFO - Processing file /home/airflow/.local/lib/python3.12/site-packages/airflow/example_dags/example_params_trigger_ui.py for tasks to queue
[2026-02-11T00:06:00.246+0000] {logging_mixin.py:188} INFO - [2026-02-11T00:06:00.246+0000] {dagbag.py:540} INFO - Filling up the DagBag from /home/airflow/.local/lib/python3.12/site-packages/airflow/example_dags/example_params_trigger_ui.py
[2026-02-11T00:06:00.261+0000] {processor.py:840} INFO - DAG(s) 'example_params_trigger_ui' retrieved from /home/airflow/.local/lib/python3.12/site-packages/airflow/example_dags/example_params_trigger_ui.py
[2026-02-11T00:06:00.302+0000] {logging_mixin.py:188} INFO - [2026-02-11T00:06:00.301+0000] {dag.py:3096} INFO - Sync 1 DAGs
[2026-02-11T00:06:00.314+0000] {logging_mixin.py:188} INFO - [2026-02-11T00:06:00.314+0000] {dag.py:3954} INFO - Setting next_dagrun for example_params_trigger_ui to None, run_after=None
[2026-02-11T00:06:00.332+0000] {processor.py:183} INFO - Processing /home/airflow/.local/lib/python3.12/site-packages/airflow/example_dags/example_params_trigger_ui.py took 0.095 seconds
[2026-02-11T00:06:30.505+0000] {processor.py:161} INFO - Started process (PID=7016) to work on /home/airflow/.local/lib/python3.12/site-packages/airflow/example_dags/example_params_trigger_ui.py
[2026-02-11T00:06:30.506+0000] {processor.py:830} INFO - Processing file /home/airflow/.local/lib/python3.12/site-packages/airflow/example_dags/example_params_trigger_ui.py for tasks to queue
[2026-02-11T00:06:30.509+0000] {logging_mixin.py:188} INFO - [2026-02-11T00:06:30.509+0000] {dagbag.py:540} INFO - Filling up the DagBag from /home/airflow/.local/lib/python3.12/site-packages/airflow/example_dags/example_params_trigger_ui.py
[2026-02-11T00:06:30.531+0000] {processor.py:840} INFO - DAG(s) 'example_params_trigger_ui' retrieved from /home/airflow/.local/lib/python3.12/site-packages/airflow/example_dags/example_params_trigger_ui.py
[2026-02-11T00:06:30.598+0000] {logging_mixin.py:188} INFO - [2026-02-11T00:06:30.597+0000] {dag.py:3096} INFO - Sync 1 DAGs
[2026-02-11T00:06:30.630+0000] {logging_mixin.py:188} INFO - [2026-02-11T00:06:30.630+0000] {dag.py:3954} INFO - Setting next_dagrun for example_params_trigger_ui to None, run_after=None
[2026-02-11T00:06:30.657+0000] {processor.py:183} INFO - Processing /home/airflow/.local/lib/python3.12/site-packages/airflow/example_dags/example_params_trigger_ui.py took 0.161 seconds
[2026-02-11T00:07:00.898+0000] {processor.py:161} INFO - Started process (PID=7070) to work on /home/airflow/.local/lib/python3.12/site-packages/airflow/example_dags/example_params_trigger_ui.py
[2026-02-11T00:07:00.900+0000] {processor.py:830} INFO - Processing file /home/airflow/.local/lib/python3.12/site-packages/airflow/example_dags/example_params_trigger_ui.py for tasks to queue
[2026-02-11T00:07:00.902+0000] {logging_mixin.py:188} INFO - [2026-02-11T00:07:00.901+0000] {dagbag.py:540} INFO - Filling up the DagBag from /home/airflow/.local/lib/python3.12/site-packages/airflow/example_dags/example_params_trigger_ui.py
[2026-02-11T00:07:00.915+0000] {processor.py:840} INFO - DAG(s) 'example_params_trigger_ui' retrieved from /home/airflow/.local/lib/python3.12/site-packages/airflow/example_dags/example_params_trigger_ui.py
[2026-02-11T00:07:00.958+0000] {logging_mixin.py:188} INFO - [2026-02-11T00:07:00.958+0000] {dag.py:3096} INFO - Sync 1 DAGs
[2026-02-11T00:07:00.973+0000] {logging_mixin.py:188} INFO - [2026-02-11T00:07:00.973+0000] {dag.py:3954} INFO - Setting next_dagrun for example_params_trigger_ui to None, run_after=None
[2026-02-11T00:07:00.994+0000] {processor.py:183} INFO - Processing /home/airflow/.local/lib/python3.12/site-packages/airflow/example_dags/example_params_trigger_ui.py took 0.102 seconds
[2026-02-11T00:07:31.270+0000] {processor.py:161} INFO - Started process (PID=7124) to work on /home/airflow/.local/lib/python3.12/site-packages/airflow/example_dags/example_params_trigger_ui.py
[2026-02-11T00:07:31.272+0000] {processor.py:830} INFO - Processing file /home/airflow/.local/lib/python3.12/site-packages/airflow/example_dags/example_params_trigger_ui.py for tasks to queue
[2026-02-11T00:07:31.274+0000] {logging_mixin.py:188} INFO - [2026-02-11T00:07:31.273+0000] {dagbag.py:540} INFO - Filling up the DagBag from /home/airflow/.local/lib/python3.12/site-packages/airflow/example_dags/example_params_trigger_ui.py
[2026-02-11T00:07:31.288+0000] {processor.py:840} INFO - DAG(s) 'example_params_trigger_ui' retrieved from /home/airflow/.local/lib/python3.12/site-packages/airflow/example_dags/example_params_trigger_ui.py
[2026-02-11T00:07:31.337+0000] {logging_mixin.py:188} INFO - [2026-02-11T00:07:31.336+0000] {dag.py:3096} INFO - Sync 1 DAGs
[2026-02-11T00:07:31.351+0000] {logging_mixin.py:188} INFO - [2026-02-11T00:07:31.351+0000] {dag.py:3954} INFO - Setting next_dagrun for example_params_trigger_ui to None, run_after=None
[2026-02-11T00:07:31.377+0000] {processor.py:183} INFO - Processing /home/airflow/.local/lib/python3.12/site-packages/airflow/example_dags/example_params_trigger_ui.py took 0.112 seconds
[2026-02-11T00:08:01.456+0000] {processor.py:161} INFO - Started process (PID=7178) to work on /home/airflow/.local/lib/python3.12/site-packages/airflow/example_dags/example_params_trigger_ui.py
[2026-02-11T00:08:01.457+0000] {processor.py:830} INFO - Processing file /home/airflow/.local/lib/python3.12/site-packages/airflow/example_dags/example_params_trigger_ui.py for tasks to queue
[2026-02-11T00:08:01.460+0000] {logging_mixin.py:188} INFO - [2026-02-11T00:08:01.459+0000] {dagbag.py:540} INFO - Filling up the DagBag from /home/airflow/.local/lib/python3.12/site-packages/airflow/example_dags/example_params_trigger_ui.py
[2026-02-11T00:08:01.476+0000] {processor.py:840} INFO - DAG(s) 'example_params_trigger_ui' retrieved from /home/airflow/.local/lib/python3.12/site-packages/airflow/example_dags/example_params_trigger_ui.py
[2026-02-11T00:08:01.524+0000] {logging_mixin.py:188} INFO - [2026-02-11T00:08:01.524+0000] {dag.py:3096} INFO - Sync 1 DAGs
[2026-02-11T00:08:01.541+0000] {logging_mixin.py:188} INFO - [2026-02-11T00:08:01.540+0000] {dag.py:3954} INFO - Setting next_dagrun for example_params_trigger_ui to None, run_after=None
[2026-02-11T00:08:01.564+0000] {processor.py:183} INFO - Processing /home/airflow/.local/lib/python3.12/site-packages/airflow/example_dags/example_params_trigger_ui.py took 0.116 seconds
[2026-02-11T00:08:31.856+0000] {processor.py:161} INFO - Started process (PID=7232) to work on /home/airflow/.local/lib/python3.12/site-packages/airflow/example_dags/example_params_trigger_ui.py
[2026-02-11T00:08:31.857+0000] {processor.py:830} INFO - Processing file /home/airflow/.local/lib/python3.12/site-packages/airflow/example_dags/example_params_trigger_ui.py for tasks to queue
[2026-02-11T00:08:31.860+0000] {logging_mixin.py:188} INFO - [2026-02-11T00:08:31.859+0000] {dagbag.py:540} INFO - Filling up the DagBag from /home/airflow/.local/lib/python3.12/site-packages/airflow/example_dags/example_params_trigger_ui.py
[2026-02-11T00:08:31.879+0000] {processor.py:840} INFO - DAG(s) 'example_params_trigger_ui' retrieved from /home/airflow/.local/lib/python3.12/site-packages/airflow/example_dags/example_params_trigger_ui.py
[2026-02-11T00:08:31.920+0000] {logging_mixin.py:188} INFO - [2026-02-11T00:08:31.920+0000] {dag.py:3096} INFO - Sync 1 DAGs
[2026-02-11T00:08:31.936+0000] {logging_mixin.py:188} INFO - [2026-02-11T00:08:31.935+0000] {dag.py:3954} INFO - Setting next_dagrun for example_params_trigger_ui to None, run_after=None
[2026-02-11T00:08:31.957+0000] {processor.py:183} INFO - Processing /home/airflow/.local/lib/python3.12/site-packages/airflow/example_dags/example_params_trigger_ui.py took 0.108 seconds
[2026-02-11T00:09:02.050+0000] {processor.py:161} INFO - Started process (PID=7286) to work on /home/airflow/.local/lib/python3.12/site-packages/airflow/example_dags/example_params_trigger_ui.py
[2026-02-11T00:09:02.051+0000] {processor.py:830} INFO - Processing file /home/airflow/.local/lib/python3.12/site-packages/airflow/example_dags/example_params_trigger_ui.py for tasks to queue
[2026-02-11T00:09:02.053+0000] {logging_mixin.py:188} INFO - [2026-02-11T00:09:02.052+0000] {dagbag.py:540} INFO - Filling up the DagBag from /home/airflow/.local/lib/python3.12/site-packages/airflow/example_dags/example_params_trigger_ui.py
[2026-02-11T00:09:02.066+0000] {processor.py:840} INFO - DAG(s) 'example_params_trigger_ui' retrieved from /home/airflow/.local/lib/python3.12/site-packages/airflow/example_dags/example_params_trigger_ui.py
[2026-02-11T00:09:02.104+0000] {logging_mixin.py:188} INFO - [2026-02-11T00:09:02.104+0000] {dag.py:3096} INFO - Sync 1 DAGs
[2026-02-11T00:09:02.115+0000] {logging_mixin.py:188} INFO - [2026-02-11T00:09:02.115+0000] {dag.py:3954} INFO - Setting next_dagrun for example_params_trigger_ui to None, run_after=None
[2026-02-11T00:09:02.135+0000] {processor.py:183} INFO - Processing /home/airflow/.local/lib/python3.12/site-packages/airflow/example_dags/example_params_trigger_ui.py took 0.092 seconds
[2026-02-11T00:09:32.195+0000] {processor.py:161} INFO - Started process (PID=7340) to work on /home/airflow/.local/lib/python3.12/site-packages/airflow/example_dags/example_params_trigger_ui.py
[2026-02-11T00:09:32.196+0000] {processor.py:830} INFO - Processing file /home/airflow/.local/lib/python3.12/site-packages/airflow/example_dags/example_params_trigger_ui.py for tasks to queue
[2026-02-11T00:09:32.199+0000] {logging_mixin.py:188} INFO - [2026-02-11T00:09:32.199+0000] {dagbag.py:540} INFO - Filling up the DagBag from /home/airflow/.local/lib/python3.12/site-packages/airflow/example_dags/example_params_trigger_ui.py
[2026-02-11T00:09:32.214+0000] {processor.py:840} INFO - DAG(s) 'example_params_trigger_ui' retrieved from /home/airflow/.local/lib/python3.12/site-packages/airflow/example_dags/example_params_trigger_ui.py
[2026-02-11T00:09:32.257+0000] {logging_mixin.py:188} INFO - [2026-02-11T00:09:32.257+0000] {dag.py:3096} INFO - Sync 1 DAGs
[2026-02-11T00:09:32.268+0000] {logging_mixin.py:188} INFO - [2026-02-11T00:09:32.268+0000] {dag.py:3954} INFO - Setting next_dagrun for example_params_trigger_ui to None, run_after=None
[2026-02-11T00:09:32.290+0000] {processor.py:183} INFO - Processing /home/airflow/.local/lib/python3.12/site-packages/airflow/example_dags/example_params_trigger_ui.py took 0.103 seconds
[2026-02-11T00:10:02.544+0000] {processor.py:161} INFO - Started process (PID=7394) to work on /home/airflow/.local/lib/python3.12/site-packages/airflow/example_dags/example_params_trigger_ui.py
[2026-02-11T00:10:02.545+0000] {processor.py:830} INFO - Processing file /home/airflow/.local/lib/python3.12/site-packages/airflow/example_dags/example_params_trigger_ui.py for tasks to queue
[2026-02-11T00:10:02.547+0000] {logging_mixin.py:188} INFO - [2026-02-11T00:10:02.547+0000] {dagbag.py:540} INFO - Filling up the DagBag from /home/airflow/.local/lib/python3.12/site-packages/airflow/example_dags/example_params_trigger_ui.py
[2026-02-11T00:10:02.561+0000] {processor.py:840} INFO - DAG(s) 'example_params_trigger_ui' retrieved from /home/airflow/.local/lib/python3.12/site-packages/airflow/example_dags/example_params_trigger_ui.py
[2026-02-11T00:10:02.608+0000] {logging_mixin.py:188} INFO - [2026-02-11T00:10:02.608+0000] {dag.py:3096} INFO - Sync 1 DAGs
[2026-02-11T00:10:02.621+0000] {logging_mixin.py:188} INFO - [2026-02-11T00:10:02.620+0000] {dag.py:3954} INFO - Setting next_dagrun for example_params_trigger_ui to None, run_after=None
[2026-02-11T00:10:02.641+0000] {processor.py:183} INFO - Processing /home/airflow/.local/lib/python3.12/site-packages/airflow/example_dags/example_params_trigger_ui.py took 0.104 seconds
[2026-02-11T00:10:32.763+0000] {processor.py:161} INFO - Started process (PID=7448) to work on /home/airflow/.local/lib/python3.12/site-packages/airflow/example_dags/example_params_trigger_ui.py
[2026-02-11T00:10:32.764+0000] {processor.py:830} INFO - Processing file /home/airflow/.local/lib/python3.12/site-packages/airflow/example_dags/example_params_trigger_ui.py for tasks to queue
[2026-02-11T00:10:32.766+0000] {logging_mixin.py:188} INFO - [2026-02-11T00:10:32.766+0000] {dagbag.py:540} INFO - Filling up the DagBag from /home/airflow/.local/lib/python3.12/site-packages/airflow/example_dags/example_params_trigger_ui.py
[2026-02-11T00:10:32.780+0000] {processor.py:840} INFO - DAG(s) 'example_params_trigger_ui' retrieved from /home/airflow/.local/lib/python3.12/site-packages/airflow/example_dags/example_params_trigger_ui.py
[2026-02-11T00:10:32.819+0000] {logging_mixin.py:188} INFO - [2026-02-11T00:10:32.819+0000] {dag.py:3096} INFO - Sync 1 DAGs
[2026-02-11T00:10:32.832+0000] {logging_mixin.py:188} INFO - [2026-02-11T00:10:32.831+0000] {dag.py:3954} INFO - Setting next_dagrun for example_params_trigger_ui to None, run_after=None
[2026-02-11T00:10:32.852+0000] {processor.py:183} INFO - Processing /home/airflow/.local/lib/python3.12/site-packages/airflow/example_dags/example_params_trigger_ui.py took 0.096 seconds
[2026-02-11T00:11:03.009+0000] {processor.py:161} INFO - Started process (PID=7502) to work on /home/airflow/.local/lib/python3.12/site-packages/airflow/example_dags/example_params_trigger_ui.py
[2026-02-11T00:11:03.010+0000] {processor.py:830} INFO - Processing file /home/airflow/.local/lib/python3.12/site-packages/airflow/example_dags/example_params_trigger_ui.py for tasks to queue
[2026-02-11T00:11:03.012+0000] {logging_mixin.py:188} INFO - [2026-02-11T00:11:03.012+0000] {dagbag.py:540} INFO - Filling up the DagBag from /home/airflow/.local/lib/python3.12/site-packages/airflow/example_dags/example_params_trigger_ui.py
[2026-02-11T00:11:03.026+0000] {processor.py:840} INFO - DAG(s) 'example_params_trigger_ui' retrieved from /home/airflow/.local/lib/python3.12/site-packages/airflow/example_dags/example_params_trigger_ui.py
[2026-02-11T00:11:03.070+0000] {logging_mixin.py:188} INFO - [2026-02-11T00:11:03.070+0000] {dag.py:3096} INFO - Sync 1 DAGs
[2026-02-11T00:11:03.082+0000] {logging_mixin.py:188} INFO - [2026-02-11T00:11:03.082+0000] {dag.py:3954} INFO - Setting next_dagrun for example_params_trigger_ui to None, run_after=None
[2026-02-11T00:11:03.104+0000] {processor.py:183} INFO - Processing /home/airflow/.local/lib/python3.12/site-packages/airflow/example_dags/example_params_trigger_ui.py took 0.103 seconds
[2026-02-11T00:11:33.525+0000] {processor.py:161} INFO - Started process (PID=7556) to work on /home/airflow/.local/lib/python3.12/site-packages/airflow/example_dags/example_params_trigger_ui.py
[2026-02-11T00:11:33.526+0000] {processor.py:830} INFO - Processing file /home/airflow/.local/lib/python3.12/site-packages/airflow/example_dags/example_params_trigger_ui.py for tasks to queue
[2026-02-11T00:11:33.530+0000] {logging_mixin.py:188} INFO - [2026-02-11T00:11:33.529+0000] {dagbag.py:540} INFO - Filling up the DagBag from /home/airflow/.local/lib/python3.12/site-packages/airflow/example_dags/example_params_trigger_ui.py
[2026-02-11T00:11:33.548+0000] {processor.py:840} INFO - DAG(s) 'example_params_trigger_ui' retrieved from /home/airflow/.local/lib/python3.12/site-packages/airflow/example_dags/example_params_trigger_ui.py
[2026-02-11T00:11:33.639+0000] {logging_mixin.py:188} INFO - [2026-02-11T00:11:33.638+0000] {dag.py:3096} INFO - Sync 1 DAGs
[2026-02-11T00:11:33.664+0000] {logging_mixin.py:188} INFO - [2026-02-11T00:11:33.664+0000] {dag.py:3954} INFO - Setting next_dagrun for example_params_trigger_ui to None, run_after=None
[2026-02-11T00:11:33.693+0000] {processor.py:183} INFO - Processing /home/airflow/.local/lib/python3.12/site-packages/airflow/example_dags/example_params_trigger_ui.py took 0.183 seconds
