[2026-02-11T00:00:28.197+0000] {processor.py:161} INFO - Started process (PID=6375) to work on /home/airflow/.local/lib/python3.12/site-packages/airflow/example_dags/example_sensor_decorator.py
[2026-02-11T00:00:28.198+0000] {processor.py:830} INFO - Processing file /home/airflow/.local/lib/python3.12/site-packages/airflow/example_dags/example_sensor_decorator.py for tasks to queue
[2026-02-11T00:00:28.200+0000] {logging_mixin.py:188} INFO - [2026-02-11T00:00:28.200+0000] {dagbag.py:540} INFO - Filling up the DagBag from /home/airflow/.local/lib/python3.12/site-packages/airflow/example_dags/example_sensor_decorator.py
[2026-02-11T00:00:28.206+0000] {processor.py:840} INFO - DAG(s) 'example_sensor_decorator' retrieved from /home/airflow/.local/lib/python3.12/site-packages/airflow/example_dags/example_sensor_decorator.py
[2026-02-11T00:00:28.226+0000] {logging_mixin.py:188} INFO - [2026-02-11T00:00:28.226+0000] {dag.py:3096} INFO - Sync 1 DAGs
[2026-02-11T00:00:28.239+0000] {logging_mixin.py:188} INFO - [2026-02-11T00:00:28.239+0000] {dag.py:3954} INFO - Setting next_dagrun for example_sensor_decorator to None, run_after=None
[2026-02-11T00:00:28.261+0000] {processor.py:183} INFO - Processing /home/airflow/.local/lib/python3.12/site-packages/airflow/example_dags/example_sensor_decorator.py took 0.070 seconds
[2026-02-11T00:00:58.439+0000] {processor.py:161} INFO - Started process (PID=6429) to work on /home/airflow/.local/lib/python3.12/site-packages/airflow/example_dags/example_sensor_decorator.py
[2026-02-11T00:00:58.440+0000] {processor.py:830} INFO - Processing file /home/airflow/.local/lib/python3.12/site-packages/airflow/example_dags/example_sensor_decorator.py for tasks to queue
[2026-02-11T00:00:58.443+0000] {logging_mixin.py:188} INFO - [2026-02-11T00:00:58.442+0000] {dagbag.py:540} INFO - Filling up the DagBag from /home/airflow/.local/lib/python3.12/site-packages/airflow/example_dags/example_sensor_decorator.py
[2026-02-11T00:00:58.450+0000] {processor.py:840} INFO - DAG(s) 'example_sensor_decorator' retrieved from /home/airflow/.local/lib/python3.12/site-packages/airflow/example_dags/example_sensor_decorator.py
[2026-02-11T00:00:58.470+0000] {logging_mixin.py:188} INFO - [2026-02-11T00:00:58.470+0000] {dag.py:3096} INFO - Sync 1 DAGs
[2026-02-11T00:00:58.483+0000] {logging_mixin.py:188} INFO - [2026-02-11T00:00:58.483+0000] {dag.py:3954} INFO - Setting next_dagrun for example_sensor_decorator to None, run_after=None
[2026-02-11T00:00:58.506+0000] {processor.py:183} INFO - Processing /home/airflow/.local/lib/python3.12/site-packages/airflow/example_dags/example_sensor_decorator.py took 0.073 seconds
[2026-02-11T00:01:29.244+0000] {processor.py:161} INFO - Started process (PID=6483) to work on /home/airflow/.local/lib/python3.12/site-packages/airflow/example_dags/example_sensor_decorator.py
[2026-02-11T00:01:29.245+0000] {processor.py:830} INFO - Processing file /home/airflow/.local/lib/python3.12/site-packages/airflow/example_dags/example_sensor_decorator.py for tasks to queue
[2026-02-11T00:01:29.247+0000] {logging_mixin.py:188} INFO - [2026-02-11T00:01:29.247+0000] {dagbag.py:540} INFO - Filling up the DagBag from /home/airflow/.local/lib/python3.12/site-packages/airflow/example_dags/example_sensor_decorator.py
[2026-02-11T00:01:29.254+0000] {processor.py:840} INFO - DAG(s) 'example_sensor_decorator' retrieved from /home/airflow/.local/lib/python3.12/site-packages/airflow/example_dags/example_sensor_decorator.py
[2026-02-11T00:01:29.275+0000] {logging_mixin.py:188} INFO - [2026-02-11T00:01:29.275+0000] {dag.py:3096} INFO - Sync 1 DAGs
[2026-02-11T00:01:29.293+0000] {logging_mixin.py:188} INFO - [2026-02-11T00:01:29.293+0000] {dag.py:3954} INFO - Setting next_dagrun for example_sensor_decorator to None, run_after=None
[2026-02-11T00:01:29.316+0000] {processor.py:183} INFO - Processing /home/airflow/.local/lib/python3.12/site-packages/airflow/example_dags/example_sensor_decorator.py took 0.078 seconds
[2026-02-11T00:01:59.466+0000] {processor.py:161} INFO - Started process (PID=6537) to work on /home/airflow/.local/lib/python3.12/site-packages/airflow/example_dags/example_sensor_decorator.py
[2026-02-11T00:01:59.468+0000] {processor.py:830} INFO - Processing file /home/airflow/.local/lib/python3.12/site-packages/airflow/example_dags/example_sensor_decorator.py for tasks to queue
[2026-02-11T00:01:59.470+0000] {logging_mixin.py:188} INFO - [2026-02-11T00:01:59.469+0000] {dagbag.py:540} INFO - Filling up the DagBag from /home/airflow/.local/lib/python3.12/site-packages/airflow/example_dags/example_sensor_decorator.py
[2026-02-11T00:01:59.477+0000] {processor.py:840} INFO - DAG(s) 'example_sensor_decorator' retrieved from /home/airflow/.local/lib/python3.12/site-packages/airflow/example_dags/example_sensor_decorator.py
[2026-02-11T00:01:59.499+0000] {logging_mixin.py:188} INFO - [2026-02-11T00:01:59.499+0000] {dag.py:3096} INFO - Sync 1 DAGs
[2026-02-11T00:01:59.510+0000] {logging_mixin.py:188} INFO - [2026-02-11T00:01:59.510+0000] {dag.py:3954} INFO - Setting next_dagrun for example_sensor_decorator to None, run_after=None
[2026-02-11T00:01:59.531+0000] {processor.py:183} INFO - Processing /home/airflow/.local/lib/python3.12/site-packages/airflow/example_dags/example_sensor_decorator.py took 0.071 seconds
[2026-02-11T00:02:29.662+0000] {processor.py:161} INFO - Started process (PID=6591) to work on /home/airflow/.local/lib/python3.12/site-packages/airflow/example_dags/example_sensor_decorator.py
[2026-02-11T00:02:29.663+0000] {processor.py:830} INFO - Processing file /home/airflow/.local/lib/python3.12/site-packages/airflow/example_dags/example_sensor_decorator.py for tasks to queue
[2026-02-11T00:02:29.665+0000] {logging_mixin.py:188} INFO - [2026-02-11T00:02:29.665+0000] {dagbag.py:540} INFO - Filling up the DagBag from /home/airflow/.local/lib/python3.12/site-packages/airflow/example_dags/example_sensor_decorator.py
[2026-02-11T00:02:29.671+0000] {processor.py:840} INFO - DAG(s) 'example_sensor_decorator' retrieved from /home/airflow/.local/lib/python3.12/site-packages/airflow/example_dags/example_sensor_decorator.py
[2026-02-11T00:02:29.692+0000] {logging_mixin.py:188} INFO - [2026-02-11T00:02:29.691+0000] {dag.py:3096} INFO - Sync 1 DAGs
[2026-02-11T00:02:29.703+0000] {logging_mixin.py:188} INFO - [2026-02-11T00:02:29.702+0000] {dag.py:3954} INFO - Setting next_dagrun for example_sensor_decorator to None, run_after=None
[2026-02-11T00:02:29.724+0000] {processor.py:183} INFO - Processing /home/airflow/.local/lib/python3.12/site-packages/airflow/example_dags/example_sensor_decorator.py took 0.068 seconds
[2026-02-11T00:02:59.829+0000] {processor.py:161} INFO - Started process (PID=6645) to work on /home/airflow/.local/lib/python3.12/site-packages/airflow/example_dags/example_sensor_decorator.py
[2026-02-11T00:02:59.830+0000] {processor.py:830} INFO - Processing file /home/airflow/.local/lib/python3.12/site-packages/airflow/example_dags/example_sensor_decorator.py for tasks to queue
[2026-02-11T00:02:59.831+0000] {logging_mixin.py:188} INFO - [2026-02-11T00:02:59.831+0000] {dagbag.py:540} INFO - Filling up the DagBag from /home/airflow/.local/lib/python3.12/site-packages/airflow/example_dags/example_sensor_decorator.py
[2026-02-11T00:02:59.837+0000] {processor.py:840} INFO - DAG(s) 'example_sensor_decorator' retrieved from /home/airflow/.local/lib/python3.12/site-packages/airflow/example_dags/example_sensor_decorator.py
[2026-02-11T00:02:59.858+0000] {logging_mixin.py:188} INFO - [2026-02-11T00:02:59.858+0000] {dag.py:3096} INFO - Sync 1 DAGs
[2026-02-11T00:02:59.870+0000] {logging_mixin.py:188} INFO - [2026-02-11T00:02:59.870+0000] {dag.py:3954} INFO - Setting next_dagrun for example_sensor_decorator to None, run_after=None
[2026-02-11T00:02:59.890+0000] {processor.py:183} INFO - Processing /home/airflow/.local/lib/python3.12/site-packages/airflow/example_dags/example_sensor_decorator.py took 0.066 seconds
[2026-02-11T00:03:30.206+0000] {processor.py:161} INFO - Started process (PID=6699) to work on /home/airflow/.local/lib/python3.12/site-packages/airflow/example_dags/example_sensor_decorator.py
[2026-02-11T00:03:30.207+0000] {processor.py:830} INFO - Processing file /home/airflow/.local/lib/python3.12/site-packages/airflow/example_dags/example_sensor_decorator.py for tasks to queue
[2026-02-11T00:03:30.209+0000] {logging_mixin.py:188} INFO - [2026-02-11T00:03:30.209+0000] {dagbag.py:540} INFO - Filling up the DagBag from /home/airflow/.local/lib/python3.12/site-packages/airflow/example_dags/example_sensor_decorator.py
[2026-02-11T00:03:30.215+0000] {processor.py:840} INFO - DAG(s) 'example_sensor_decorator' retrieved from /home/airflow/.local/lib/python3.12/site-packages/airflow/example_dags/example_sensor_decorator.py
[2026-02-11T00:03:30.235+0000] {logging_mixin.py:188} INFO - [2026-02-11T00:03:30.235+0000] {dag.py:3096} INFO - Sync 1 DAGs
[2026-02-11T00:03:30.251+0000] {logging_mixin.py:188} INFO - [2026-02-11T00:03:30.251+0000] {dag.py:3954} INFO - Setting next_dagrun for example_sensor_decorator to None, run_after=None
[2026-02-11T00:03:30.282+0000] {processor.py:183} INFO - Processing /home/airflow/.local/lib/python3.12/site-packages/airflow/example_dags/example_sensor_decorator.py took 0.081 seconds
[2026-02-11T00:04:00.735+0000] {processor.py:161} INFO - Started process (PID=6753) to work on /home/airflow/.local/lib/python3.12/site-packages/airflow/example_dags/example_sensor_decorator.py
[2026-02-11T00:04:00.737+0000] {processor.py:830} INFO - Processing file /home/airflow/.local/lib/python3.12/site-packages/airflow/example_dags/example_sensor_decorator.py for tasks to queue
[2026-02-11T00:04:00.740+0000] {logging_mixin.py:188} INFO - [2026-02-11T00:04:00.739+0000] {dagbag.py:540} INFO - Filling up the DagBag from /home/airflow/.local/lib/python3.12/site-packages/airflow/example_dags/example_sensor_decorator.py
[2026-02-11T00:04:00.751+0000] {processor.py:840} INFO - DAG(s) 'example_sensor_decorator' retrieved from /home/airflow/.local/lib/python3.12/site-packages/airflow/example_dags/example_sensor_decorator.py
[2026-02-11T00:04:00.772+0000] {logging_mixin.py:188} INFO - [2026-02-11T00:04:00.772+0000] {dag.py:3096} INFO - Sync 1 DAGs
[2026-02-11T00:04:00.788+0000] {logging_mixin.py:188} INFO - [2026-02-11T00:04:00.788+0000] {dag.py:3954} INFO - Setting next_dagrun for example_sensor_decorator to None, run_after=None
[2026-02-11T00:04:00.807+0000] {processor.py:183} INFO - Processing /home/airflow/.local/lib/python3.12/site-packages/airflow/example_dags/example_sensor_decorator.py took 0.081 seconds
[2026-02-11T00:04:30.891+0000] {processor.py:161} INFO - Started process (PID=6807) to work on /home/airflow/.local/lib/python3.12/site-packages/airflow/example_dags/example_sensor_decorator.py
[2026-02-11T00:04:30.892+0000] {processor.py:830} INFO - Processing file /home/airflow/.local/lib/python3.12/site-packages/airflow/example_dags/example_sensor_decorator.py for tasks to queue
[2026-02-11T00:04:30.896+0000] {logging_mixin.py:188} INFO - [2026-02-11T00:04:30.896+0000] {dagbag.py:540} INFO - Filling up the DagBag from /home/airflow/.local/lib/python3.12/site-packages/airflow/example_dags/example_sensor_decorator.py
[2026-02-11T00:04:30.904+0000] {processor.py:840} INFO - DAG(s) 'example_sensor_decorator' retrieved from /home/airflow/.local/lib/python3.12/site-packages/airflow/example_dags/example_sensor_decorator.py
[2026-02-11T00:04:30.927+0000] {logging_mixin.py:188} INFO - [2026-02-11T00:04:30.926+0000] {dag.py:3096} INFO - Sync 1 DAGs
[2026-02-11T00:04:30.939+0000] {logging_mixin.py:188} INFO - [2026-02-11T00:04:30.939+0000] {dag.py:3954} INFO - Setting next_dagrun for example_sensor_decorator to None, run_after=None
[2026-02-11T00:04:30.958+0000] {processor.py:183} INFO - Processing /home/airflow/.local/lib/python3.12/site-packages/airflow/example_dags/example_sensor_decorator.py took 0.078 seconds
[2026-02-11T00:05:01.035+0000] {processor.py:161} INFO - Started process (PID=6861) to work on /home/airflow/.local/lib/python3.12/site-packages/airflow/example_dags/example_sensor_decorator.py
[2026-02-11T00:05:01.036+0000] {processor.py:830} INFO - Processing file /home/airflow/.local/lib/python3.12/site-packages/airflow/example_dags/example_sensor_decorator.py for tasks to queue
[2026-02-11T00:05:01.038+0000] {logging_mixin.py:188} INFO - [2026-02-11T00:05:01.038+0000] {dagbag.py:540} INFO - Filling up the DagBag from /home/airflow/.local/lib/python3.12/site-packages/airflow/example_dags/example_sensor_decorator.py
[2026-02-11T00:05:01.045+0000] {processor.py:840} INFO - DAG(s) 'example_sensor_decorator' retrieved from /home/airflow/.local/lib/python3.12/site-packages/airflow/example_dags/example_sensor_decorator.py
[2026-02-11T00:05:01.065+0000] {logging_mixin.py:188} INFO - [2026-02-11T00:05:01.065+0000] {dag.py:3096} INFO - Sync 1 DAGs
[2026-02-11T00:05:01.078+0000] {logging_mixin.py:188} INFO - [2026-02-11T00:05:01.078+0000] {dag.py:3954} INFO - Setting next_dagrun for example_sensor_decorator to None, run_after=None
[2026-02-11T00:05:01.104+0000] {processor.py:183} INFO - Processing /home/airflow/.local/lib/python3.12/site-packages/airflow/example_dags/example_sensor_decorator.py took 0.075 seconds
[2026-02-11T00:05:31.272+0000] {processor.py:161} INFO - Started process (PID=6915) to work on /home/airflow/.local/lib/python3.12/site-packages/airflow/example_dags/example_sensor_decorator.py
[2026-02-11T00:05:31.274+0000] {processor.py:830} INFO - Processing file /home/airflow/.local/lib/python3.12/site-packages/airflow/example_dags/example_sensor_decorator.py for tasks to queue
[2026-02-11T00:05:31.276+0000] {logging_mixin.py:188} INFO - [2026-02-11T00:05:31.276+0000] {dagbag.py:540} INFO - Filling up the DagBag from /home/airflow/.local/lib/python3.12/site-packages/airflow/example_dags/example_sensor_decorator.py
[2026-02-11T00:05:31.282+0000] {processor.py:840} INFO - DAG(s) 'example_sensor_decorator' retrieved from /home/airflow/.local/lib/python3.12/site-packages/airflow/example_dags/example_sensor_decorator.py
[2026-02-11T00:05:31.306+0000] {logging_mixin.py:188} INFO - [2026-02-11T00:05:31.305+0000] {dag.py:3096} INFO - Sync 1 DAGs
[2026-02-11T00:05:31.318+0000] {logging_mixin.py:188} INFO - [2026-02-11T00:05:31.318+0000] {dag.py:3954} INFO - Setting next_dagrun for example_sensor_decorator to None, run_after=None
[2026-02-11T00:05:31.340+0000] {processor.py:183} INFO - Processing /home/airflow/.local/lib/python3.12/site-packages/airflow/example_dags/example_sensor_decorator.py took 0.073 seconds
[2026-02-11T00:06:02.646+0000] {processor.py:161} INFO - Started process (PID=6969) to work on /home/airflow/.local/lib/python3.12/site-packages/airflow/example_dags/example_sensor_decorator.py
[2026-02-11T00:06:02.647+0000] {processor.py:830} INFO - Processing file /home/airflow/.local/lib/python3.12/site-packages/airflow/example_dags/example_sensor_decorator.py for tasks to queue
[2026-02-11T00:06:02.650+0000] {logging_mixin.py:188} INFO - [2026-02-11T00:06:02.649+0000] {dagbag.py:540} INFO - Filling up the DagBag from /home/airflow/.local/lib/python3.12/site-packages/airflow/example_dags/example_sensor_decorator.py
[2026-02-11T00:06:02.660+0000] {processor.py:840} INFO - DAG(s) 'example_sensor_decorator' retrieved from /home/airflow/.local/lib/python3.12/site-packages/airflow/example_dags/example_sensor_decorator.py
[2026-02-11T00:06:02.689+0000] {logging_mixin.py:188} INFO - [2026-02-11T00:06:02.689+0000] {dag.py:3096} INFO - Sync 1 DAGs
[2026-02-11T00:06:02.702+0000] {logging_mixin.py:188} INFO - [2026-02-11T00:06:02.702+0000] {dag.py:3954} INFO - Setting next_dagrun for example_sensor_decorator to None, run_after=None
[2026-02-11T00:06:02.726+0000] {processor.py:183} INFO - Processing /home/airflow/.local/lib/python3.12/site-packages/airflow/example_dags/example_sensor_decorator.py took 0.086 seconds
[2026-02-11T00:06:32.993+0000] {processor.py:161} INFO - Started process (PID=7023) to work on /home/airflow/.local/lib/python3.12/site-packages/airflow/example_dags/example_sensor_decorator.py
[2026-02-11T00:06:32.994+0000] {processor.py:830} INFO - Processing file /home/airflow/.local/lib/python3.12/site-packages/airflow/example_dags/example_sensor_decorator.py for tasks to queue
[2026-02-11T00:06:32.996+0000] {logging_mixin.py:188} INFO - [2026-02-11T00:06:32.996+0000] {dagbag.py:540} INFO - Filling up the DagBag from /home/airflow/.local/lib/python3.12/site-packages/airflow/example_dags/example_sensor_decorator.py
[2026-02-11T00:06:33.002+0000] {processor.py:840} INFO - DAG(s) 'example_sensor_decorator' retrieved from /home/airflow/.local/lib/python3.12/site-packages/airflow/example_dags/example_sensor_decorator.py
[2026-02-11T00:06:33.021+0000] {logging_mixin.py:188} INFO - [2026-02-11T00:06:33.020+0000] {dag.py:3096} INFO - Sync 1 DAGs
[2026-02-11T00:06:33.032+0000] {logging_mixin.py:188} INFO - [2026-02-11T00:06:33.032+0000] {dag.py:3954} INFO - Setting next_dagrun for example_sensor_decorator to None, run_after=None
[2026-02-11T00:06:33.053+0000] {processor.py:183} INFO - Processing /home/airflow/.local/lib/python3.12/site-packages/airflow/example_dags/example_sensor_decorator.py took 0.065 seconds
[2026-02-11T00:07:03.356+0000] {processor.py:161} INFO - Started process (PID=7077) to work on /home/airflow/.local/lib/python3.12/site-packages/airflow/example_dags/example_sensor_decorator.py
[2026-02-11T00:07:03.357+0000] {processor.py:830} INFO - Processing file /home/airflow/.local/lib/python3.12/site-packages/airflow/example_dags/example_sensor_decorator.py for tasks to queue
[2026-02-11T00:07:03.359+0000] {logging_mixin.py:188} INFO - [2026-02-11T00:07:03.359+0000] {dagbag.py:540} INFO - Filling up the DagBag from /home/airflow/.local/lib/python3.12/site-packages/airflow/example_dags/example_sensor_decorator.py
[2026-02-11T00:07:03.366+0000] {processor.py:840} INFO - DAG(s) 'example_sensor_decorator' retrieved from /home/airflow/.local/lib/python3.12/site-packages/airflow/example_dags/example_sensor_decorator.py
[2026-02-11T00:07:03.385+0000] {logging_mixin.py:188} INFO - [2026-02-11T00:07:03.385+0000] {dag.py:3096} INFO - Sync 1 DAGs
[2026-02-11T00:07:03.400+0000] {logging_mixin.py:188} INFO - [2026-02-11T00:07:03.399+0000] {dag.py:3954} INFO - Setting next_dagrun for example_sensor_decorator to None, run_after=None
[2026-02-11T00:07:03.420+0000] {processor.py:183} INFO - Processing /home/airflow/.local/lib/python3.12/site-packages/airflow/example_dags/example_sensor_decorator.py took 0.069 seconds
[2026-02-11T00:07:33.748+0000] {processor.py:161} INFO - Started process (PID=7131) to work on /home/airflow/.local/lib/python3.12/site-packages/airflow/example_dags/example_sensor_decorator.py
[2026-02-11T00:07:33.750+0000] {processor.py:830} INFO - Processing file /home/airflow/.local/lib/python3.12/site-packages/airflow/example_dags/example_sensor_decorator.py for tasks to queue
[2026-02-11T00:07:33.751+0000] {logging_mixin.py:188} INFO - [2026-02-11T00:07:33.751+0000] {dagbag.py:540} INFO - Filling up the DagBag from /home/airflow/.local/lib/python3.12/site-packages/airflow/example_dags/example_sensor_decorator.py
[2026-02-11T00:07:33.758+0000] {processor.py:840} INFO - DAG(s) 'example_sensor_decorator' retrieved from /home/airflow/.local/lib/python3.12/site-packages/airflow/example_dags/example_sensor_decorator.py
[2026-02-11T00:07:33.781+0000] {logging_mixin.py:188} INFO - [2026-02-11T00:07:33.781+0000] {dag.py:3096} INFO - Sync 1 DAGs
[2026-02-11T00:07:33.794+0000] {logging_mixin.py:188} INFO - [2026-02-11T00:07:33.794+0000] {dag.py:3954} INFO - Setting next_dagrun for example_sensor_decorator to None, run_after=None
[2026-02-11T00:07:33.827+0000] {processor.py:183} INFO - Processing /home/airflow/.local/lib/python3.12/site-packages/airflow/example_dags/example_sensor_decorator.py took 0.084 seconds
[2026-02-11T00:08:03.907+0000] {processor.py:161} INFO - Started process (PID=7185) to work on /home/airflow/.local/lib/python3.12/site-packages/airflow/example_dags/example_sensor_decorator.py
[2026-02-11T00:08:03.908+0000] {processor.py:830} INFO - Processing file /home/airflow/.local/lib/python3.12/site-packages/airflow/example_dags/example_sensor_decorator.py for tasks to queue
[2026-02-11T00:08:03.910+0000] {logging_mixin.py:188} INFO - [2026-02-11T00:08:03.909+0000] {dagbag.py:540} INFO - Filling up the DagBag from /home/airflow/.local/lib/python3.12/site-packages/airflow/example_dags/example_sensor_decorator.py
[2026-02-11T00:08:03.916+0000] {processor.py:840} INFO - DAG(s) 'example_sensor_decorator' retrieved from /home/airflow/.local/lib/python3.12/site-packages/airflow/example_dags/example_sensor_decorator.py
[2026-02-11T00:08:03.936+0000] {logging_mixin.py:188} INFO - [2026-02-11T00:08:03.935+0000] {dag.py:3096} INFO - Sync 1 DAGs
[2026-02-11T00:08:03.949+0000] {logging_mixin.py:188} INFO - [2026-02-11T00:08:03.949+0000] {dag.py:3954} INFO - Setting next_dagrun for example_sensor_decorator to None, run_after=None
[2026-02-11T00:08:03.979+0000] {processor.py:183} INFO - Processing /home/airflow/.local/lib/python3.12/site-packages/airflow/example_dags/example_sensor_decorator.py took 0.078 seconds
[2026-02-11T00:08:34.310+0000] {processor.py:161} INFO - Started process (PID=7239) to work on /home/airflow/.local/lib/python3.12/site-packages/airflow/example_dags/example_sensor_decorator.py
[2026-02-11T00:08:34.312+0000] {processor.py:830} INFO - Processing file /home/airflow/.local/lib/python3.12/site-packages/airflow/example_dags/example_sensor_decorator.py for tasks to queue
[2026-02-11T00:08:34.314+0000] {logging_mixin.py:188} INFO - [2026-02-11T00:08:34.314+0000] {dagbag.py:540} INFO - Filling up the DagBag from /home/airflow/.local/lib/python3.12/site-packages/airflow/example_dags/example_sensor_decorator.py
[2026-02-11T00:08:34.324+0000] {processor.py:840} INFO - DAG(s) 'example_sensor_decorator' retrieved from /home/airflow/.local/lib/python3.12/site-packages/airflow/example_dags/example_sensor_decorator.py
[2026-02-11T00:08:34.351+0000] {logging_mixin.py:188} INFO - [2026-02-11T00:08:34.351+0000] {dag.py:3096} INFO - Sync 1 DAGs
[2026-02-11T00:08:34.366+0000] {logging_mixin.py:188} INFO - [2026-02-11T00:08:34.366+0000] {dag.py:3954} INFO - Setting next_dagrun for example_sensor_decorator to None, run_after=None
[2026-02-11T00:08:34.406+0000] {processor.py:183} INFO - Processing /home/airflow/.local/lib/python3.12/site-packages/airflow/example_dags/example_sensor_decorator.py took 0.105 seconds
[2026-02-11T00:09:04.580+0000] {processor.py:161} INFO - Started process (PID=7293) to work on /home/airflow/.local/lib/python3.12/site-packages/airflow/example_dags/example_sensor_decorator.py
[2026-02-11T00:09:04.581+0000] {processor.py:830} INFO - Processing file /home/airflow/.local/lib/python3.12/site-packages/airflow/example_dags/example_sensor_decorator.py for tasks to queue
[2026-02-11T00:09:04.583+0000] {logging_mixin.py:188} INFO - [2026-02-11T00:09:04.582+0000] {dagbag.py:540} INFO - Filling up the DagBag from /home/airflow/.local/lib/python3.12/site-packages/airflow/example_dags/example_sensor_decorator.py
[2026-02-11T00:09:04.589+0000] {processor.py:840} INFO - DAG(s) 'example_sensor_decorator' retrieved from /home/airflow/.local/lib/python3.12/site-packages/airflow/example_dags/example_sensor_decorator.py
[2026-02-11T00:09:04.609+0000] {logging_mixin.py:188} INFO - [2026-02-11T00:09:04.609+0000] {dag.py:3096} INFO - Sync 1 DAGs
[2026-02-11T00:09:04.622+0000] {logging_mixin.py:188} INFO - [2026-02-11T00:09:04.621+0000] {dag.py:3954} INFO - Setting next_dagrun for example_sensor_decorator to None, run_after=None
[2026-02-11T00:09:04.653+0000] {processor.py:183} INFO - Processing /home/airflow/.local/lib/python3.12/site-packages/airflow/example_dags/example_sensor_decorator.py took 0.079 seconds
[2026-02-11T00:09:34.691+0000] {processor.py:161} INFO - Started process (PID=7347) to work on /home/airflow/.local/lib/python3.12/site-packages/airflow/example_dags/example_sensor_decorator.py
[2026-02-11T00:09:34.693+0000] {processor.py:830} INFO - Processing file /home/airflow/.local/lib/python3.12/site-packages/airflow/example_dags/example_sensor_decorator.py for tasks to queue
[2026-02-11T00:09:34.695+0000] {logging_mixin.py:188} INFO - [2026-02-11T00:09:34.695+0000] {dagbag.py:540} INFO - Filling up the DagBag from /home/airflow/.local/lib/python3.12/site-packages/airflow/example_dags/example_sensor_decorator.py
[2026-02-11T00:09:34.701+0000] {processor.py:840} INFO - DAG(s) 'example_sensor_decorator' retrieved from /home/airflow/.local/lib/python3.12/site-packages/airflow/example_dags/example_sensor_decorator.py
[2026-02-11T00:09:34.721+0000] {logging_mixin.py:188} INFO - [2026-02-11T00:09:34.720+0000] {dag.py:3096} INFO - Sync 1 DAGs
[2026-02-11T00:09:34.733+0000] {logging_mixin.py:188} INFO - [2026-02-11T00:09:34.732+0000] {dag.py:3954} INFO - Setting next_dagrun for example_sensor_decorator to None, run_after=None
[2026-02-11T00:09:34.753+0000] {processor.py:183} INFO - Processing /home/airflow/.local/lib/python3.12/site-packages/airflow/example_dags/example_sensor_decorator.py took 0.068 seconds
[2026-02-11T00:10:04.958+0000] {processor.py:161} INFO - Started process (PID=7401) to work on /home/airflow/.local/lib/python3.12/site-packages/airflow/example_dags/example_sensor_decorator.py
[2026-02-11T00:10:04.959+0000] {processor.py:830} INFO - Processing file /home/airflow/.local/lib/python3.12/site-packages/airflow/example_dags/example_sensor_decorator.py for tasks to queue
[2026-02-11T00:10:04.961+0000] {logging_mixin.py:188} INFO - [2026-02-11T00:10:04.961+0000] {dagbag.py:540} INFO - Filling up the DagBag from /home/airflow/.local/lib/python3.12/site-packages/airflow/example_dags/example_sensor_decorator.py
[2026-02-11T00:10:04.967+0000] {processor.py:840} INFO - DAG(s) 'example_sensor_decorator' retrieved from /home/airflow/.local/lib/python3.12/site-packages/airflow/example_dags/example_sensor_decorator.py
[2026-02-11T00:10:04.990+0000] {logging_mixin.py:188} INFO - [2026-02-11T00:10:04.989+0000] {dag.py:3096} INFO - Sync 1 DAGs
[2026-02-11T00:10:05.002+0000] {logging_mixin.py:188} INFO - [2026-02-11T00:10:05.002+0000] {dag.py:3954} INFO - Setting next_dagrun for example_sensor_decorator to None, run_after=None
[2026-02-11T00:10:05.034+0000] {processor.py:183} INFO - Processing /home/airflow/.local/lib/python3.12/site-packages/airflow/example_dags/example_sensor_decorator.py took 0.081 seconds
[2026-02-11T00:10:35.150+0000] {processor.py:161} INFO - Started process (PID=7455) to work on /home/airflow/.local/lib/python3.12/site-packages/airflow/example_dags/example_sensor_decorator.py
[2026-02-11T00:10:35.151+0000] {processor.py:830} INFO - Processing file /home/airflow/.local/lib/python3.12/site-packages/airflow/example_dags/example_sensor_decorator.py for tasks to queue
[2026-02-11T00:10:35.154+0000] {logging_mixin.py:188} INFO - [2026-02-11T00:10:35.153+0000] {dagbag.py:540} INFO - Filling up the DagBag from /home/airflow/.local/lib/python3.12/site-packages/airflow/example_dags/example_sensor_decorator.py
[2026-02-11T00:10:35.160+0000] {processor.py:840} INFO - DAG(s) 'example_sensor_decorator' retrieved from /home/airflow/.local/lib/python3.12/site-packages/airflow/example_dags/example_sensor_decorator.py
[2026-02-11T00:10:35.182+0000] {logging_mixin.py:188} INFO - [2026-02-11T00:10:35.181+0000] {dag.py:3096} INFO - Sync 1 DAGs
[2026-02-11T00:10:35.194+0000] {logging_mixin.py:188} INFO - [2026-02-11T00:10:35.194+0000] {dag.py:3954} INFO - Setting next_dagrun for example_sensor_decorator to None, run_after=None
[2026-02-11T00:10:35.216+0000] {processor.py:183} INFO - Processing /home/airflow/.local/lib/python3.12/site-packages/airflow/example_dags/example_sensor_decorator.py took 0.071 seconds
[2026-02-11T00:11:05.388+0000] {processor.py:161} INFO - Started process (PID=7509) to work on /home/airflow/.local/lib/python3.12/site-packages/airflow/example_dags/example_sensor_decorator.py
[2026-02-11T00:11:05.389+0000] {processor.py:830} INFO - Processing file /home/airflow/.local/lib/python3.12/site-packages/airflow/example_dags/example_sensor_decorator.py for tasks to queue
[2026-02-11T00:11:05.391+0000] {logging_mixin.py:188} INFO - [2026-02-11T00:11:05.391+0000] {dagbag.py:540} INFO - Filling up the DagBag from /home/airflow/.local/lib/python3.12/site-packages/airflow/example_dags/example_sensor_decorator.py
[2026-02-11T00:11:05.398+0000] {processor.py:840} INFO - DAG(s) 'example_sensor_decorator' retrieved from /home/airflow/.local/lib/python3.12/site-packages/airflow/example_dags/example_sensor_decorator.py
[2026-02-11T00:11:05.421+0000] {logging_mixin.py:188} INFO - [2026-02-11T00:11:05.421+0000] {dag.py:3096} INFO - Sync 1 DAGs
[2026-02-11T00:11:05.433+0000] {logging_mixin.py:188} INFO - [2026-02-11T00:11:05.433+0000] {dag.py:3954} INFO - Setting next_dagrun for example_sensor_decorator to None, run_after=None
[2026-02-11T00:11:05.463+0000] {processor.py:183} INFO - Processing /home/airflow/.local/lib/python3.12/site-packages/airflow/example_dags/example_sensor_decorator.py took 0.081 seconds
[2026-02-11T00:11:36.023+0000] {processor.py:161} INFO - Started process (PID=7563) to work on /home/airflow/.local/lib/python3.12/site-packages/airflow/example_dags/example_sensor_decorator.py
[2026-02-11T00:11:36.024+0000] {processor.py:830} INFO - Processing file /home/airflow/.local/lib/python3.12/site-packages/airflow/example_dags/example_sensor_decorator.py for tasks to queue
[2026-02-11T00:11:36.026+0000] {logging_mixin.py:188} INFO - [2026-02-11T00:11:36.026+0000] {dagbag.py:540} INFO - Filling up the DagBag from /home/airflow/.local/lib/python3.12/site-packages/airflow/example_dags/example_sensor_decorator.py
[2026-02-11T00:11:36.032+0000] {processor.py:840} INFO - DAG(s) 'example_sensor_decorator' retrieved from /home/airflow/.local/lib/python3.12/site-packages/airflow/example_dags/example_sensor_decorator.py
[2026-02-11T00:11:36.057+0000] {logging_mixin.py:188} INFO - [2026-02-11T00:11:36.057+0000] {dag.py:3096} INFO - Sync 1 DAGs
[2026-02-11T00:11:36.071+0000] {logging_mixin.py:188} INFO - [2026-02-11T00:11:36.071+0000] {dag.py:3954} INFO - Setting next_dagrun for example_sensor_decorator to None, run_after=None
[2026-02-11T00:11:36.095+0000] {processor.py:183} INFO - Processing /home/airflow/.local/lib/python3.12/site-packages/airflow/example_dags/example_sensor_decorator.py took 0.078 seconds
