[2026-02-11T00:00:05.039+0000] {processor.py:161} INFO - Started process (PID=6338) to work on /home/airflow/.local/lib/python3.12/site-packages/airflow/example_dags/tutorial.py
[2026-02-11T00:00:05.040+0000] {processor.py:830} INFO - Processing file /home/airflow/.local/lib/python3.12/site-packages/airflow/example_dags/tutorial.py for tasks to queue
[2026-02-11T00:00:05.043+0000] {logging_mixin.py:188} INFO - [2026-02-11T00:00:05.043+0000] {dagbag.py:540} INFO - Filling up the DagBag from /home/airflow/.local/lib/python3.12/site-packages/airflow/example_dags/tutorial.py
[2026-02-11T00:00:05.049+0000] {processor.py:840} INFO - DAG(s) 'tutorial' retrieved from /home/airflow/.local/lib/python3.12/site-packages/airflow/example_dags/tutorial.py
[2026-02-11T00:00:05.070+0000] {logging_mixin.py:188} INFO - [2026-02-11T00:00:05.070+0000] {dag.py:3096} INFO - Sync 1 DAGs
[2026-02-11T00:00:05.091+0000] {logging_mixin.py:188} INFO - [2026-02-11T00:00:05.090+0000] {dag.py:3954} INFO - Setting next_dagrun for tutorial to 2026-02-10 00:00:00+00:00, run_after=2026-02-11 00:00:00+00:00
[2026-02-11T00:00:05.111+0000] {processor.py:183} INFO - Processing /home/airflow/.local/lib/python3.12/site-packages/airflow/example_dags/tutorial.py took 0.078 seconds
[2026-02-11T00:00:35.429+0000] {processor.py:161} INFO - Started process (PID=6392) to work on /home/airflow/.local/lib/python3.12/site-packages/airflow/example_dags/tutorial.py
[2026-02-11T00:00:35.430+0000] {processor.py:830} INFO - Processing file /home/airflow/.local/lib/python3.12/site-packages/airflow/example_dags/tutorial.py for tasks to queue
[2026-02-11T00:00:35.433+0000] {logging_mixin.py:188} INFO - [2026-02-11T00:00:35.432+0000] {dagbag.py:540} INFO - Filling up the DagBag from /home/airflow/.local/lib/python3.12/site-packages/airflow/example_dags/tutorial.py
[2026-02-11T00:00:35.439+0000] {processor.py:840} INFO - DAG(s) 'tutorial' retrieved from /home/airflow/.local/lib/python3.12/site-packages/airflow/example_dags/tutorial.py
[2026-02-11T00:00:35.459+0000] {logging_mixin.py:188} INFO - [2026-02-11T00:00:35.459+0000] {dag.py:3096} INFO - Sync 1 DAGs
[2026-02-11T00:00:35.481+0000] {logging_mixin.py:188} INFO - [2026-02-11T00:00:35.481+0000] {dag.py:3954} INFO - Setting next_dagrun for tutorial to 2026-02-10 00:00:00+00:00, run_after=2026-02-11 00:00:00+00:00
[2026-02-11T00:00:35.506+0000] {processor.py:183} INFO - Processing /home/airflow/.local/lib/python3.12/site-packages/airflow/example_dags/tutorial.py took 0.082 seconds
[2026-02-11T00:01:05.736+0000] {processor.py:161} INFO - Started process (PID=6446) to work on /home/airflow/.local/lib/python3.12/site-packages/airflow/example_dags/tutorial.py
[2026-02-11T00:01:05.737+0000] {processor.py:830} INFO - Processing file /home/airflow/.local/lib/python3.12/site-packages/airflow/example_dags/tutorial.py for tasks to queue
[2026-02-11T00:01:05.740+0000] {logging_mixin.py:188} INFO - [2026-02-11T00:01:05.740+0000] {dagbag.py:540} INFO - Filling up the DagBag from /home/airflow/.local/lib/python3.12/site-packages/airflow/example_dags/tutorial.py
[2026-02-11T00:01:05.745+0000] {processor.py:840} INFO - DAG(s) 'tutorial' retrieved from /home/airflow/.local/lib/python3.12/site-packages/airflow/example_dags/tutorial.py
[2026-02-11T00:01:05.765+0000] {logging_mixin.py:188} INFO - [2026-02-11T00:01:05.765+0000] {dag.py:3096} INFO - Sync 1 DAGs
[2026-02-11T00:01:05.786+0000] {logging_mixin.py:188} INFO - [2026-02-11T00:01:05.786+0000] {dag.py:3954} INFO - Setting next_dagrun for tutorial to 2026-02-10 00:00:00+00:00, run_after=2026-02-11 00:00:00+00:00
[2026-02-11T00:01:05.807+0000] {processor.py:183} INFO - Processing /home/airflow/.local/lib/python3.12/site-packages/airflow/example_dags/tutorial.py took 0.077 seconds
[2026-02-11T00:01:36.268+0000] {processor.py:161} INFO - Started process (PID=6500) to work on /home/airflow/.local/lib/python3.12/site-packages/airflow/example_dags/tutorial.py
[2026-02-11T00:01:36.269+0000] {processor.py:830} INFO - Processing file /home/airflow/.local/lib/python3.12/site-packages/airflow/example_dags/tutorial.py for tasks to queue
[2026-02-11T00:01:36.271+0000] {logging_mixin.py:188} INFO - [2026-02-11T00:01:36.271+0000] {dagbag.py:540} INFO - Filling up the DagBag from /home/airflow/.local/lib/python3.12/site-packages/airflow/example_dags/tutorial.py
[2026-02-11T00:01:36.278+0000] {processor.py:840} INFO - DAG(s) 'tutorial' retrieved from /home/airflow/.local/lib/python3.12/site-packages/airflow/example_dags/tutorial.py
[2026-02-11T00:01:36.297+0000] {logging_mixin.py:188} INFO - [2026-02-11T00:01:36.296+0000] {dag.py:3096} INFO - Sync 1 DAGs
[2026-02-11T00:01:36.317+0000] {logging_mixin.py:188} INFO - [2026-02-11T00:01:36.316+0000] {dag.py:3954} INFO - Setting next_dagrun for tutorial to 2026-02-10 00:00:00+00:00, run_after=2026-02-11 00:00:00+00:00
[2026-02-11T00:01:36.337+0000] {processor.py:183} INFO - Processing /home/airflow/.local/lib/python3.12/site-packages/airflow/example_dags/tutorial.py took 0.075 seconds
[2026-02-11T00:02:06.482+0000] {processor.py:161} INFO - Started process (PID=6554) to work on /home/airflow/.local/lib/python3.12/site-packages/airflow/example_dags/tutorial.py
[2026-02-11T00:02:06.483+0000] {processor.py:830} INFO - Processing file /home/airflow/.local/lib/python3.12/site-packages/airflow/example_dags/tutorial.py for tasks to queue
[2026-02-11T00:02:06.486+0000] {logging_mixin.py:188} INFO - [2026-02-11T00:02:06.486+0000] {dagbag.py:540} INFO - Filling up the DagBag from /home/airflow/.local/lib/python3.12/site-packages/airflow/example_dags/tutorial.py
[2026-02-11T00:02:06.493+0000] {processor.py:840} INFO - DAG(s) 'tutorial' retrieved from /home/airflow/.local/lib/python3.12/site-packages/airflow/example_dags/tutorial.py
[2026-02-11T00:02:06.515+0000] {logging_mixin.py:188} INFO - [2026-02-11T00:02:06.515+0000] {dag.py:3096} INFO - Sync 1 DAGs
[2026-02-11T00:02:06.538+0000] {logging_mixin.py:188} INFO - [2026-02-11T00:02:06.537+0000] {dag.py:3954} INFO - Setting next_dagrun for tutorial to 2026-02-10 00:00:00+00:00, run_after=2026-02-11 00:00:00+00:00
[2026-02-11T00:02:06.558+0000] {processor.py:183} INFO - Processing /home/airflow/.local/lib/python3.12/site-packages/airflow/example_dags/tutorial.py took 0.083 seconds
[2026-02-11T00:02:36.804+0000] {processor.py:161} INFO - Started process (PID=6608) to work on /home/airflow/.local/lib/python3.12/site-packages/airflow/example_dags/tutorial.py
[2026-02-11T00:02:36.805+0000] {processor.py:830} INFO - Processing file /home/airflow/.local/lib/python3.12/site-packages/airflow/example_dags/tutorial.py for tasks to queue
[2026-02-11T00:02:36.808+0000] {logging_mixin.py:188} INFO - [2026-02-11T00:02:36.807+0000] {dagbag.py:540} INFO - Filling up the DagBag from /home/airflow/.local/lib/python3.12/site-packages/airflow/example_dags/tutorial.py
[2026-02-11T00:02:36.813+0000] {processor.py:840} INFO - DAG(s) 'tutorial' retrieved from /home/airflow/.local/lib/python3.12/site-packages/airflow/example_dags/tutorial.py
[2026-02-11T00:02:36.833+0000] {logging_mixin.py:188} INFO - [2026-02-11T00:02:36.833+0000] {dag.py:3096} INFO - Sync 1 DAGs
[2026-02-11T00:02:36.855+0000] {logging_mixin.py:188} INFO - [2026-02-11T00:02:36.855+0000] {dag.py:3954} INFO - Setting next_dagrun for tutorial to 2026-02-10 00:00:00+00:00, run_after=2026-02-11 00:00:00+00:00
[2026-02-11T00:02:36.880+0000] {processor.py:183} INFO - Processing /home/airflow/.local/lib/python3.12/site-packages/airflow/example_dags/tutorial.py took 0.081 seconds
[2026-02-11T00:03:07.059+0000] {processor.py:161} INFO - Started process (PID=6662) to work on /home/airflow/.local/lib/python3.12/site-packages/airflow/example_dags/tutorial.py
[2026-02-11T00:03:07.060+0000] {processor.py:830} INFO - Processing file /home/airflow/.local/lib/python3.12/site-packages/airflow/example_dags/tutorial.py for tasks to queue
[2026-02-11T00:03:07.062+0000] {logging_mixin.py:188} INFO - [2026-02-11T00:03:07.061+0000] {dagbag.py:540} INFO - Filling up the DagBag from /home/airflow/.local/lib/python3.12/site-packages/airflow/example_dags/tutorial.py
[2026-02-11T00:03:07.068+0000] {processor.py:840} INFO - DAG(s) 'tutorial' retrieved from /home/airflow/.local/lib/python3.12/site-packages/airflow/example_dags/tutorial.py
[2026-02-11T00:03:07.088+0000] {logging_mixin.py:188} INFO - [2026-02-11T00:03:07.088+0000] {dag.py:3096} INFO - Sync 1 DAGs
[2026-02-11T00:03:07.112+0000] {logging_mixin.py:188} INFO - [2026-02-11T00:03:07.111+0000] {dag.py:3954} INFO - Setting next_dagrun for tutorial to 2026-02-10 00:00:00+00:00, run_after=2026-02-11 00:00:00+00:00
[2026-02-11T00:03:07.131+0000] {processor.py:183} INFO - Processing /home/airflow/.local/lib/python3.12/site-packages/airflow/example_dags/tutorial.py took 0.078 seconds
[2026-02-11T00:03:37.322+0000] {processor.py:161} INFO - Started process (PID=6716) to work on /home/airflow/.local/lib/python3.12/site-packages/airflow/example_dags/tutorial.py
[2026-02-11T00:03:37.323+0000] {processor.py:830} INFO - Processing file /home/airflow/.local/lib/python3.12/site-packages/airflow/example_dags/tutorial.py for tasks to queue
[2026-02-11T00:03:37.326+0000] {logging_mixin.py:188} INFO - [2026-02-11T00:03:37.326+0000] {dagbag.py:540} INFO - Filling up the DagBag from /home/airflow/.local/lib/python3.12/site-packages/airflow/example_dags/tutorial.py
[2026-02-11T00:03:37.333+0000] {processor.py:840} INFO - DAG(s) 'tutorial' retrieved from /home/airflow/.local/lib/python3.12/site-packages/airflow/example_dags/tutorial.py
[2026-02-11T00:03:37.353+0000] {logging_mixin.py:188} INFO - [2026-02-11T00:03:37.353+0000] {dag.py:3096} INFO - Sync 1 DAGs
[2026-02-11T00:03:37.375+0000] {logging_mixin.py:188} INFO - [2026-02-11T00:03:37.375+0000] {dag.py:3954} INFO - Setting next_dagrun for tutorial to 2026-02-10 00:00:00+00:00, run_after=2026-02-11 00:00:00+00:00
[2026-02-11T00:03:37.396+0000] {processor.py:183} INFO - Processing /home/airflow/.local/lib/python3.12/site-packages/airflow/example_dags/tutorial.py took 0.080 seconds
[2026-02-11T00:04:07.701+0000] {processor.py:161} INFO - Started process (PID=6770) to work on /home/airflow/.local/lib/python3.12/site-packages/airflow/example_dags/tutorial.py
[2026-02-11T00:04:07.703+0000] {processor.py:830} INFO - Processing file /home/airflow/.local/lib/python3.12/site-packages/airflow/example_dags/tutorial.py for tasks to queue
[2026-02-11T00:04:07.705+0000] {logging_mixin.py:188} INFO - [2026-02-11T00:04:07.705+0000] {dagbag.py:540} INFO - Filling up the DagBag from /home/airflow/.local/lib/python3.12/site-packages/airflow/example_dags/tutorial.py
[2026-02-11T00:04:07.710+0000] {processor.py:840} INFO - DAG(s) 'tutorial' retrieved from /home/airflow/.local/lib/python3.12/site-packages/airflow/example_dags/tutorial.py
[2026-02-11T00:04:07.730+0000] {logging_mixin.py:188} INFO - [2026-02-11T00:04:07.730+0000] {dag.py:3096} INFO - Sync 1 DAGs
[2026-02-11T00:04:07.752+0000] {logging_mixin.py:188} INFO - [2026-02-11T00:04:07.752+0000] {dag.py:3954} INFO - Setting next_dagrun for tutorial to 2026-02-10 00:00:00+00:00, run_after=2026-02-11 00:00:00+00:00
[2026-02-11T00:04:07.773+0000] {processor.py:183} INFO - Processing /home/airflow/.local/lib/python3.12/site-packages/airflow/example_dags/tutorial.py took 0.077 seconds
[2026-02-11T00:04:37.892+0000] {processor.py:161} INFO - Started process (PID=6824) to work on /home/airflow/.local/lib/python3.12/site-packages/airflow/example_dags/tutorial.py
[2026-02-11T00:04:37.893+0000] {processor.py:830} INFO - Processing file /home/airflow/.local/lib/python3.12/site-packages/airflow/example_dags/tutorial.py for tasks to queue
[2026-02-11T00:04:37.896+0000] {logging_mixin.py:188} INFO - [2026-02-11T00:04:37.895+0000] {dagbag.py:540} INFO - Filling up the DagBag from /home/airflow/.local/lib/python3.12/site-packages/airflow/example_dags/tutorial.py
[2026-02-11T00:04:37.901+0000] {processor.py:840} INFO - DAG(s) 'tutorial' retrieved from /home/airflow/.local/lib/python3.12/site-packages/airflow/example_dags/tutorial.py
[2026-02-11T00:04:37.921+0000] {logging_mixin.py:188} INFO - [2026-02-11T00:04:37.921+0000] {dag.py:3096} INFO - Sync 1 DAGs
[2026-02-11T00:04:37.942+0000] {logging_mixin.py:188} INFO - [2026-02-11T00:04:37.942+0000] {dag.py:3954} INFO - Setting next_dagrun for tutorial to 2026-02-10 00:00:00+00:00, run_after=2026-02-11 00:00:00+00:00
[2026-02-11T00:04:37.961+0000] {processor.py:183} INFO - Processing /home/airflow/.local/lib/python3.12/site-packages/airflow/example_dags/tutorial.py took 0.076 seconds
[2026-02-11T00:05:08.125+0000] {processor.py:161} INFO - Started process (PID=6878) to work on /home/airflow/.local/lib/python3.12/site-packages/airflow/example_dags/tutorial.py
[2026-02-11T00:05:08.126+0000] {processor.py:830} INFO - Processing file /home/airflow/.local/lib/python3.12/site-packages/airflow/example_dags/tutorial.py for tasks to queue
[2026-02-11T00:05:08.128+0000] {logging_mixin.py:188} INFO - [2026-02-11T00:05:08.128+0000] {dagbag.py:540} INFO - Filling up the DagBag from /home/airflow/.local/lib/python3.12/site-packages/airflow/example_dags/tutorial.py
[2026-02-11T00:05:08.134+0000] {processor.py:840} INFO - DAG(s) 'tutorial' retrieved from /home/airflow/.local/lib/python3.12/site-packages/airflow/example_dags/tutorial.py
[2026-02-11T00:05:08.155+0000] {logging_mixin.py:188} INFO - [2026-02-11T00:05:08.155+0000] {dag.py:3096} INFO - Sync 1 DAGs
[2026-02-11T00:05:08.176+0000] {logging_mixin.py:188} INFO - [2026-02-11T00:05:08.176+0000] {dag.py:3954} INFO - Setting next_dagrun for tutorial to 2026-02-10 00:00:00+00:00, run_after=2026-02-11 00:00:00+00:00
[2026-02-11T00:05:08.195+0000] {processor.py:183} INFO - Processing /home/airflow/.local/lib/python3.12/site-packages/airflow/example_dags/tutorial.py took 0.077 seconds
[2026-02-11T00:05:38.441+0000] {processor.py:161} INFO - Started process (PID=6932) to work on /home/airflow/.local/lib/python3.12/site-packages/airflow/example_dags/tutorial.py
[2026-02-11T00:05:38.442+0000] {processor.py:830} INFO - Processing file /home/airflow/.local/lib/python3.12/site-packages/airflow/example_dags/tutorial.py for tasks to queue
[2026-02-11T00:05:38.444+0000] {logging_mixin.py:188} INFO - [2026-02-11T00:05:38.444+0000] {dagbag.py:540} INFO - Filling up the DagBag from /home/airflow/.local/lib/python3.12/site-packages/airflow/example_dags/tutorial.py
[2026-02-11T00:05:38.451+0000] {processor.py:840} INFO - DAG(s) 'tutorial' retrieved from /home/airflow/.local/lib/python3.12/site-packages/airflow/example_dags/tutorial.py
[2026-02-11T00:05:38.472+0000] {logging_mixin.py:188} INFO - [2026-02-11T00:05:38.471+0000] {dag.py:3096} INFO - Sync 1 DAGs
[2026-02-11T00:05:38.495+0000] {logging_mixin.py:188} INFO - [2026-02-11T00:05:38.494+0000] {dag.py:3954} INFO - Setting next_dagrun for tutorial to 2026-02-10 00:00:00+00:00, run_after=2026-02-11 00:00:00+00:00
[2026-02-11T00:05:38.521+0000] {processor.py:183} INFO - Processing /home/airflow/.local/lib/python3.12/site-packages/airflow/example_dags/tutorial.py took 0.085 seconds
[2026-02-11T00:06:08.656+0000] {processor.py:161} INFO - Started process (PID=6986) to work on /home/airflow/.local/lib/python3.12/site-packages/airflow/example_dags/tutorial.py
[2026-02-11T00:06:08.658+0000] {processor.py:830} INFO - Processing file /home/airflow/.local/lib/python3.12/site-packages/airflow/example_dags/tutorial.py for tasks to queue
[2026-02-11T00:06:08.660+0000] {logging_mixin.py:188} INFO - [2026-02-11T00:06:08.659+0000] {dagbag.py:540} INFO - Filling up the DagBag from /home/airflow/.local/lib/python3.12/site-packages/airflow/example_dags/tutorial.py
[2026-02-11T00:06:08.666+0000] {processor.py:840} INFO - DAG(s) 'tutorial' retrieved from /home/airflow/.local/lib/python3.12/site-packages/airflow/example_dags/tutorial.py
[2026-02-11T00:06:08.686+0000] {logging_mixin.py:188} INFO - [2026-02-11T00:06:08.686+0000] {dag.py:3096} INFO - Sync 1 DAGs
[2026-02-11T00:06:08.707+0000] {logging_mixin.py:188} INFO - [2026-02-11T00:06:08.707+0000] {dag.py:3954} INFO - Setting next_dagrun for tutorial to 2026-02-10 00:00:00+00:00, run_after=2026-02-11 00:00:00+00:00
[2026-02-11T00:06:08.730+0000] {processor.py:183} INFO - Processing /home/airflow/.local/lib/python3.12/site-packages/airflow/example_dags/tutorial.py took 0.080 seconds
[2026-02-11T00:06:38.900+0000] {processor.py:161} INFO - Started process (PID=7040) to work on /home/airflow/.local/lib/python3.12/site-packages/airflow/example_dags/tutorial.py
[2026-02-11T00:06:38.901+0000] {processor.py:830} INFO - Processing file /home/airflow/.local/lib/python3.12/site-packages/airflow/example_dags/tutorial.py for tasks to queue
[2026-02-11T00:06:38.906+0000] {logging_mixin.py:188} INFO - [2026-02-11T00:06:38.906+0000] {dagbag.py:540} INFO - Filling up the DagBag from /home/airflow/.local/lib/python3.12/site-packages/airflow/example_dags/tutorial.py
[2026-02-11T00:06:38.913+0000] {processor.py:840} INFO - DAG(s) 'tutorial' retrieved from /home/airflow/.local/lib/python3.12/site-packages/airflow/example_dags/tutorial.py
[2026-02-11T00:06:38.934+0000] {logging_mixin.py:188} INFO - [2026-02-11T00:06:38.934+0000] {dag.py:3096} INFO - Sync 1 DAGs
[2026-02-11T00:06:38.955+0000] {logging_mixin.py:188} INFO - [2026-02-11T00:06:38.955+0000] {dag.py:3954} INFO - Setting next_dagrun for tutorial to 2026-02-10 00:00:00+00:00, run_after=2026-02-11 00:00:00+00:00
[2026-02-11T00:06:38.974+0000] {processor.py:183} INFO - Processing /home/airflow/.local/lib/python3.12/site-packages/airflow/example_dags/tutorial.py took 0.079 seconds
[2026-02-11T00:07:09.387+0000] {processor.py:161} INFO - Started process (PID=7094) to work on /home/airflow/.local/lib/python3.12/site-packages/airflow/example_dags/tutorial.py
[2026-02-11T00:07:09.390+0000] {processor.py:830} INFO - Processing file /home/airflow/.local/lib/python3.12/site-packages/airflow/example_dags/tutorial.py for tasks to queue
[2026-02-11T00:07:09.392+0000] {logging_mixin.py:188} INFO - [2026-02-11T00:07:09.392+0000] {dagbag.py:540} INFO - Filling up the DagBag from /home/airflow/.local/lib/python3.12/site-packages/airflow/example_dags/tutorial.py
[2026-02-11T00:07:09.401+0000] {processor.py:840} INFO - DAG(s) 'tutorial' retrieved from /home/airflow/.local/lib/python3.12/site-packages/airflow/example_dags/tutorial.py
[2026-02-11T00:07:09.426+0000] {logging_mixin.py:188} INFO - [2026-02-11T00:07:09.426+0000] {dag.py:3096} INFO - Sync 1 DAGs
[2026-02-11T00:07:09.449+0000] {logging_mixin.py:188} INFO - [2026-02-11T00:07:09.449+0000] {dag.py:3954} INFO - Setting next_dagrun for tutorial to 2026-02-10 00:00:00+00:00, run_after=2026-02-11 00:00:00+00:00
[2026-02-11T00:07:09.469+0000] {processor.py:183} INFO - Processing /home/airflow/.local/lib/python3.12/site-packages/airflow/example_dags/tutorial.py took 0.089 seconds
[2026-02-11T00:07:39.778+0000] {processor.py:161} INFO - Started process (PID=7148) to work on /home/airflow/.local/lib/python3.12/site-packages/airflow/example_dags/tutorial.py
[2026-02-11T00:07:39.780+0000] {processor.py:830} INFO - Processing file /home/airflow/.local/lib/python3.12/site-packages/airflow/example_dags/tutorial.py for tasks to queue
[2026-02-11T00:07:39.783+0000] {logging_mixin.py:188} INFO - [2026-02-11T00:07:39.783+0000] {dagbag.py:540} INFO - Filling up the DagBag from /home/airflow/.local/lib/python3.12/site-packages/airflow/example_dags/tutorial.py
[2026-02-11T00:07:39.791+0000] {processor.py:840} INFO - DAG(s) 'tutorial' retrieved from /home/airflow/.local/lib/python3.12/site-packages/airflow/example_dags/tutorial.py
[2026-02-11T00:07:39.812+0000] {logging_mixin.py:188} INFO - [2026-02-11T00:07:39.812+0000] {dag.py:3096} INFO - Sync 1 DAGs
[2026-02-11T00:07:39.834+0000] {logging_mixin.py:188} INFO - [2026-02-11T00:07:39.834+0000] {dag.py:3954} INFO - Setting next_dagrun for tutorial to 2026-02-10 00:00:00+00:00, run_after=2026-02-11 00:00:00+00:00
[2026-02-11T00:07:39.857+0000] {processor.py:183} INFO - Processing /home/airflow/.local/lib/python3.12/site-packages/airflow/example_dags/tutorial.py took 0.088 seconds
[2026-02-11T00:08:09.925+0000] {processor.py:161} INFO - Started process (PID=7202) to work on /home/airflow/.local/lib/python3.12/site-packages/airflow/example_dags/tutorial.py
[2026-02-11T00:08:09.926+0000] {processor.py:830} INFO - Processing file /home/airflow/.local/lib/python3.12/site-packages/airflow/example_dags/tutorial.py for tasks to queue
[2026-02-11T00:08:09.929+0000] {logging_mixin.py:188} INFO - [2026-02-11T00:08:09.928+0000] {dagbag.py:540} INFO - Filling up the DagBag from /home/airflow/.local/lib/python3.12/site-packages/airflow/example_dags/tutorial.py
[2026-02-11T00:08:09.936+0000] {processor.py:840} INFO - DAG(s) 'tutorial' retrieved from /home/airflow/.local/lib/python3.12/site-packages/airflow/example_dags/tutorial.py
[2026-02-11T00:08:09.954+0000] {logging_mixin.py:188} INFO - [2026-02-11T00:08:09.953+0000] {dag.py:3096} INFO - Sync 1 DAGs
[2026-02-11T00:08:09.977+0000] {logging_mixin.py:188} INFO - [2026-02-11T00:08:09.977+0000] {dag.py:3954} INFO - Setting next_dagrun for tutorial to 2026-02-10 00:00:00+00:00, run_after=2026-02-11 00:00:00+00:00
[2026-02-11T00:08:09.999+0000] {processor.py:183} INFO - Processing /home/airflow/.local/lib/python3.12/site-packages/airflow/example_dags/tutorial.py took 0.079 seconds
[2026-02-11T00:08:40.228+0000] {processor.py:161} INFO - Started process (PID=7256) to work on /home/airflow/.local/lib/python3.12/site-packages/airflow/example_dags/tutorial.py
[2026-02-11T00:08:40.229+0000] {processor.py:830} INFO - Processing file /home/airflow/.local/lib/python3.12/site-packages/airflow/example_dags/tutorial.py for tasks to queue
[2026-02-11T00:08:40.232+0000] {logging_mixin.py:188} INFO - [2026-02-11T00:08:40.231+0000] {dagbag.py:540} INFO - Filling up the DagBag from /home/airflow/.local/lib/python3.12/site-packages/airflow/example_dags/tutorial.py
[2026-02-11T00:08:40.238+0000] {processor.py:840} INFO - DAG(s) 'tutorial' retrieved from /home/airflow/.local/lib/python3.12/site-packages/airflow/example_dags/tutorial.py
[2026-02-11T00:08:40.259+0000] {logging_mixin.py:188} INFO - [2026-02-11T00:08:40.259+0000] {dag.py:3096} INFO - Sync 1 DAGs
[2026-02-11T00:08:40.282+0000] {logging_mixin.py:188} INFO - [2026-02-11T00:08:40.282+0000] {dag.py:3954} INFO - Setting next_dagrun for tutorial to 2026-02-10 00:00:00+00:00, run_after=2026-02-11 00:00:00+00:00
[2026-02-11T00:08:40.301+0000] {processor.py:183} INFO - Processing /home/airflow/.local/lib/python3.12/site-packages/airflow/example_dags/tutorial.py took 0.080 seconds
[2026-02-11T00:09:10.343+0000] {processor.py:161} INFO - Started process (PID=7309) to work on /home/airflow/.local/lib/python3.12/site-packages/airflow/example_dags/tutorial.py
[2026-02-11T00:09:10.345+0000] {processor.py:830} INFO - Processing file /home/airflow/.local/lib/python3.12/site-packages/airflow/example_dags/tutorial.py for tasks to queue
[2026-02-11T00:09:10.347+0000] {logging_mixin.py:188} INFO - [2026-02-11T00:09:10.346+0000] {dagbag.py:540} INFO - Filling up the DagBag from /home/airflow/.local/lib/python3.12/site-packages/airflow/example_dags/tutorial.py
[2026-02-11T00:09:10.353+0000] {processor.py:840} INFO - DAG(s) 'tutorial' retrieved from /home/airflow/.local/lib/python3.12/site-packages/airflow/example_dags/tutorial.py
[2026-02-11T00:09:10.373+0000] {logging_mixin.py:188} INFO - [2026-02-11T00:09:10.373+0000] {dag.py:3096} INFO - Sync 1 DAGs
[2026-02-11T00:09:10.399+0000] {logging_mixin.py:188} INFO - [2026-02-11T00:09:10.399+0000] {dag.py:3954} INFO - Setting next_dagrun for tutorial to 2026-02-10 00:00:00+00:00, run_after=2026-02-11 00:00:00+00:00
[2026-02-11T00:09:10.422+0000] {processor.py:183} INFO - Processing /home/airflow/.local/lib/python3.12/site-packages/airflow/example_dags/tutorial.py took 0.084 seconds
[2026-02-11T00:09:40.715+0000] {processor.py:161} INFO - Started process (PID=7362) to work on /home/airflow/.local/lib/python3.12/site-packages/airflow/example_dags/tutorial.py
[2026-02-11T00:09:40.716+0000] {processor.py:830} INFO - Processing file /home/airflow/.local/lib/python3.12/site-packages/airflow/example_dags/tutorial.py for tasks to queue
[2026-02-11T00:09:40.719+0000] {logging_mixin.py:188} INFO - [2026-02-11T00:09:40.719+0000] {dagbag.py:540} INFO - Filling up the DagBag from /home/airflow/.local/lib/python3.12/site-packages/airflow/example_dags/tutorial.py
[2026-02-11T00:09:40.728+0000] {processor.py:840} INFO - DAG(s) 'tutorial' retrieved from /home/airflow/.local/lib/python3.12/site-packages/airflow/example_dags/tutorial.py
[2026-02-11T00:09:40.759+0000] {logging_mixin.py:188} INFO - [2026-02-11T00:09:40.759+0000] {dag.py:3096} INFO - Sync 1 DAGs
[2026-02-11T00:09:40.789+0000] {logging_mixin.py:188} INFO - [2026-02-11T00:09:40.789+0000] {dag.py:3954} INFO - Setting next_dagrun for tutorial to 2026-02-10 00:00:00+00:00, run_after=2026-02-11 00:00:00+00:00
[2026-02-11T00:09:40.813+0000] {processor.py:183} INFO - Processing /home/airflow/.local/lib/python3.12/site-packages/airflow/example_dags/tutorial.py took 0.107 seconds
[2026-02-11T00:10:10.969+0000] {processor.py:161} INFO - Started process (PID=7416) to work on /home/airflow/.local/lib/python3.12/site-packages/airflow/example_dags/tutorial.py
[2026-02-11T00:10:10.970+0000] {processor.py:830} INFO - Processing file /home/airflow/.local/lib/python3.12/site-packages/airflow/example_dags/tutorial.py for tasks to queue
[2026-02-11T00:10:10.972+0000] {logging_mixin.py:188} INFO - [2026-02-11T00:10:10.972+0000] {dagbag.py:540} INFO - Filling up the DagBag from /home/airflow/.local/lib/python3.12/site-packages/airflow/example_dags/tutorial.py
[2026-02-11T00:10:10.979+0000] {processor.py:840} INFO - DAG(s) 'tutorial' retrieved from /home/airflow/.local/lib/python3.12/site-packages/airflow/example_dags/tutorial.py
[2026-02-11T00:10:11.001+0000] {logging_mixin.py:188} INFO - [2026-02-11T00:10:11.000+0000] {dag.py:3096} INFO - Sync 1 DAGs
[2026-02-11T00:10:11.022+0000] {logging_mixin.py:188} INFO - [2026-02-11T00:10:11.022+0000] {dag.py:3954} INFO - Setting next_dagrun for tutorial to 2026-02-10 00:00:00+00:00, run_after=2026-02-11 00:00:00+00:00
[2026-02-11T00:10:11.041+0000] {processor.py:183} INFO - Processing /home/airflow/.local/lib/python3.12/site-packages/airflow/example_dags/tutorial.py took 0.078 seconds
[2026-02-11T00:10:41.294+0000] {processor.py:161} INFO - Started process (PID=7470) to work on /home/airflow/.local/lib/python3.12/site-packages/airflow/example_dags/tutorial.py
[2026-02-11T00:10:41.296+0000] {processor.py:830} INFO - Processing file /home/airflow/.local/lib/python3.12/site-packages/airflow/example_dags/tutorial.py for tasks to queue
[2026-02-11T00:10:41.299+0000] {logging_mixin.py:188} INFO - [2026-02-11T00:10:41.298+0000] {dagbag.py:540} INFO - Filling up the DagBag from /home/airflow/.local/lib/python3.12/site-packages/airflow/example_dags/tutorial.py
[2026-02-11T00:10:41.308+0000] {processor.py:840} INFO - DAG(s) 'tutorial' retrieved from /home/airflow/.local/lib/python3.12/site-packages/airflow/example_dags/tutorial.py
[2026-02-11T00:10:41.335+0000] {logging_mixin.py:188} INFO - [2026-02-11T00:10:41.335+0000] {dag.py:3096} INFO - Sync 1 DAGs
[2026-02-11T00:10:41.363+0000] {logging_mixin.py:188} INFO - [2026-02-11T00:10:41.363+0000] {dag.py:3954} INFO - Setting next_dagrun for tutorial to 2026-02-10 00:00:00+00:00, run_after=2026-02-11 00:00:00+00:00
[2026-02-11T00:10:41.388+0000] {processor.py:183} INFO - Processing /home/airflow/.local/lib/python3.12/site-packages/airflow/example_dags/tutorial.py took 0.102 seconds
[2026-02-11T00:11:12.228+0000] {processor.py:161} INFO - Started process (PID=7524) to work on /home/airflow/.local/lib/python3.12/site-packages/airflow/example_dags/tutorial.py
[2026-02-11T00:11:12.229+0000] {processor.py:830} INFO - Processing file /home/airflow/.local/lib/python3.12/site-packages/airflow/example_dags/tutorial.py for tasks to queue
[2026-02-11T00:11:12.231+0000] {logging_mixin.py:188} INFO - [2026-02-11T00:11:12.231+0000] {dagbag.py:540} INFO - Filling up the DagBag from /home/airflow/.local/lib/python3.12/site-packages/airflow/example_dags/tutorial.py
[2026-02-11T00:11:12.238+0000] {processor.py:840} INFO - DAG(s) 'tutorial' retrieved from /home/airflow/.local/lib/python3.12/site-packages/airflow/example_dags/tutorial.py
[2026-02-11T00:11:12.259+0000] {logging_mixin.py:188} INFO - [2026-02-11T00:11:12.259+0000] {dag.py:3096} INFO - Sync 1 DAGs
[2026-02-11T00:11:12.282+0000] {logging_mixin.py:188} INFO - [2026-02-11T00:11:12.281+0000] {dag.py:3954} INFO - Setting next_dagrun for tutorial to 2026-02-10 00:00:00+00:00, run_after=2026-02-11 00:00:00+00:00
[2026-02-11T00:11:12.304+0000] {processor.py:183} INFO - Processing /home/airflow/.local/lib/python3.12/site-packages/airflow/example_dags/tutorial.py took 0.082 seconds
