[2026-02-11T00:00:22.023+0000] {processor.py:161} INFO - Started process (PID=6356) to work on /home/airflow/.local/lib/python3.12/site-packages/airflow/example_dags/tutorial_taskflow_api.py
[2026-02-11T00:00:22.024+0000] {processor.py:830} INFO - Processing file /home/airflow/.local/lib/python3.12/site-packages/airflow/example_dags/tutorial_taskflow_api.py for tasks to queue
[2026-02-11T00:00:22.026+0000] {logging_mixin.py:188} INFO - [2026-02-11T00:00:22.026+0000] {dagbag.py:540} INFO - Filling up the DagBag from /home/airflow/.local/lib/python3.12/site-packages/airflow/example_dags/tutorial_taskflow_api.py
[2026-02-11T00:00:22.033+0000] {processor.py:840} INFO - DAG(s) 'tutorial_taskflow_api' retrieved from /home/airflow/.local/lib/python3.12/site-packages/airflow/example_dags/tutorial_taskflow_api.py
[2026-02-11T00:00:22.053+0000] {logging_mixin.py:188} INFO - [2026-02-11T00:00:22.053+0000] {dag.py:3096} INFO - Sync 1 DAGs
[2026-02-11T00:00:22.064+0000] {logging_mixin.py:188} INFO - [2026-02-11T00:00:22.064+0000] {dag.py:3954} INFO - Setting next_dagrun for tutorial_taskflow_api to None, run_after=None
[2026-02-11T00:00:22.085+0000] {processor.py:183} INFO - Processing /home/airflow/.local/lib/python3.12/site-packages/airflow/example_dags/tutorial_taskflow_api.py took 0.068 seconds
[2026-02-11T00:00:52.374+0000] {processor.py:161} INFO - Started process (PID=6410) to work on /home/airflow/.local/lib/python3.12/site-packages/airflow/example_dags/tutorial_taskflow_api.py
[2026-02-11T00:00:52.375+0000] {processor.py:830} INFO - Processing file /home/airflow/.local/lib/python3.12/site-packages/airflow/example_dags/tutorial_taskflow_api.py for tasks to queue
[2026-02-11T00:00:52.377+0000] {logging_mixin.py:188} INFO - [2026-02-11T00:00:52.377+0000] {dagbag.py:540} INFO - Filling up the DagBag from /home/airflow/.local/lib/python3.12/site-packages/airflow/example_dags/tutorial_taskflow_api.py
[2026-02-11T00:00:52.384+0000] {processor.py:840} INFO - DAG(s) 'tutorial_taskflow_api' retrieved from /home/airflow/.local/lib/python3.12/site-packages/airflow/example_dags/tutorial_taskflow_api.py
[2026-02-11T00:00:52.406+0000] {logging_mixin.py:188} INFO - [2026-02-11T00:00:52.406+0000] {dag.py:3096} INFO - Sync 1 DAGs
[2026-02-11T00:00:52.422+0000] {logging_mixin.py:188} INFO - [2026-02-11T00:00:52.421+0000] {dag.py:3954} INFO - Setting next_dagrun for tutorial_taskflow_api to None, run_after=None
[2026-02-11T00:00:52.442+0000] {processor.py:183} INFO - Processing /home/airflow/.local/lib/python3.12/site-packages/airflow/example_dags/tutorial_taskflow_api.py took 0.073 seconds
[2026-02-11T00:01:22.837+0000] {processor.py:161} INFO - Started process (PID=6464) to work on /home/airflow/.local/lib/python3.12/site-packages/airflow/example_dags/tutorial_taskflow_api.py
[2026-02-11T00:01:22.839+0000] {processor.py:830} INFO - Processing file /home/airflow/.local/lib/python3.12/site-packages/airflow/example_dags/tutorial_taskflow_api.py for tasks to queue
[2026-02-11T00:01:22.842+0000] {logging_mixin.py:188} INFO - [2026-02-11T00:01:22.841+0000] {dagbag.py:540} INFO - Filling up the DagBag from /home/airflow/.local/lib/python3.12/site-packages/airflow/example_dags/tutorial_taskflow_api.py
[2026-02-11T00:01:22.854+0000] {processor.py:840} INFO - DAG(s) 'tutorial_taskflow_api' retrieved from /home/airflow/.local/lib/python3.12/site-packages/airflow/example_dags/tutorial_taskflow_api.py
[2026-02-11T00:01:22.894+0000] {logging_mixin.py:188} INFO - [2026-02-11T00:01:22.893+0000] {dag.py:3096} INFO - Sync 1 DAGs
[2026-02-11T00:01:22.912+0000] {logging_mixin.py:188} INFO - [2026-02-11T00:01:22.911+0000] {dag.py:3954} INFO - Setting next_dagrun for tutorial_taskflow_api to None, run_after=None
[2026-02-11T00:01:22.938+0000] {processor.py:183} INFO - Processing /home/airflow/.local/lib/python3.12/site-packages/airflow/example_dags/tutorial_taskflow_api.py took 0.108 seconds
[2026-02-11T00:01:53.316+0000] {processor.py:161} INFO - Started process (PID=6518) to work on /home/airflow/.local/lib/python3.12/site-packages/airflow/example_dags/tutorial_taskflow_api.py
[2026-02-11T00:01:53.317+0000] {processor.py:830} INFO - Processing file /home/airflow/.local/lib/python3.12/site-packages/airflow/example_dags/tutorial_taskflow_api.py for tasks to queue
[2026-02-11T00:01:53.319+0000] {logging_mixin.py:188} INFO - [2026-02-11T00:01:53.319+0000] {dagbag.py:540} INFO - Filling up the DagBag from /home/airflow/.local/lib/python3.12/site-packages/airflow/example_dags/tutorial_taskflow_api.py
[2026-02-11T00:01:53.326+0000] {processor.py:840} INFO - DAG(s) 'tutorial_taskflow_api' retrieved from /home/airflow/.local/lib/python3.12/site-packages/airflow/example_dags/tutorial_taskflow_api.py
[2026-02-11T00:01:53.348+0000] {logging_mixin.py:188} INFO - [2026-02-11T00:01:53.348+0000] {dag.py:3096} INFO - Sync 1 DAGs
[2026-02-11T00:01:53.360+0000] {logging_mixin.py:188} INFO - [2026-02-11T00:01:53.360+0000] {dag.py:3954} INFO - Setting next_dagrun for tutorial_taskflow_api to None, run_after=None
[2026-02-11T00:01:53.382+0000] {processor.py:183} INFO - Processing /home/airflow/.local/lib/python3.12/site-packages/airflow/example_dags/tutorial_taskflow_api.py took 0.071 seconds
[2026-02-11T00:02:23.519+0000] {processor.py:161} INFO - Started process (PID=6572) to work on /home/airflow/.local/lib/python3.12/site-packages/airflow/example_dags/tutorial_taskflow_api.py
[2026-02-11T00:02:23.520+0000] {processor.py:830} INFO - Processing file /home/airflow/.local/lib/python3.12/site-packages/airflow/example_dags/tutorial_taskflow_api.py for tasks to queue
[2026-02-11T00:02:23.522+0000] {logging_mixin.py:188} INFO - [2026-02-11T00:02:23.521+0000] {dagbag.py:540} INFO - Filling up the DagBag from /home/airflow/.local/lib/python3.12/site-packages/airflow/example_dags/tutorial_taskflow_api.py
[2026-02-11T00:02:23.528+0000] {processor.py:840} INFO - DAG(s) 'tutorial_taskflow_api' retrieved from /home/airflow/.local/lib/python3.12/site-packages/airflow/example_dags/tutorial_taskflow_api.py
[2026-02-11T00:02:23.549+0000] {logging_mixin.py:188} INFO - [2026-02-11T00:02:23.549+0000] {dag.py:3096} INFO - Sync 1 DAGs
[2026-02-11T00:02:23.562+0000] {logging_mixin.py:188} INFO - [2026-02-11T00:02:23.562+0000] {dag.py:3954} INFO - Setting next_dagrun for tutorial_taskflow_api to None, run_after=None
[2026-02-11T00:02:23.584+0000] {processor.py:183} INFO - Processing /home/airflow/.local/lib/python3.12/site-packages/airflow/example_dags/tutorial_taskflow_api.py took 0.071 seconds
[2026-02-11T00:02:53.972+0000] {processor.py:161} INFO - Started process (PID=6626) to work on /home/airflow/.local/lib/python3.12/site-packages/airflow/example_dags/tutorial_taskflow_api.py
[2026-02-11T00:02:53.974+0000] {processor.py:830} INFO - Processing file /home/airflow/.local/lib/python3.12/site-packages/airflow/example_dags/tutorial_taskflow_api.py for tasks to queue
[2026-02-11T00:02:53.976+0000] {logging_mixin.py:188} INFO - [2026-02-11T00:02:53.975+0000] {dagbag.py:540} INFO - Filling up the DagBag from /home/airflow/.local/lib/python3.12/site-packages/airflow/example_dags/tutorial_taskflow_api.py
[2026-02-11T00:02:53.988+0000] {processor.py:840} INFO - DAG(s) 'tutorial_taskflow_api' retrieved from /home/airflow/.local/lib/python3.12/site-packages/airflow/example_dags/tutorial_taskflow_api.py
[2026-02-11T00:02:54.024+0000] {logging_mixin.py:188} INFO - [2026-02-11T00:02:54.023+0000] {dag.py:3096} INFO - Sync 1 DAGs
[2026-02-11T00:02:54.037+0000] {logging_mixin.py:188} INFO - [2026-02-11T00:02:54.037+0000] {dag.py:3954} INFO - Setting next_dagrun for tutorial_taskflow_api to None, run_after=None
[2026-02-11T00:02:54.059+0000] {processor.py:183} INFO - Processing /home/airflow/.local/lib/python3.12/site-packages/airflow/example_dags/tutorial_taskflow_api.py took 0.101 seconds
[2026-02-11T00:03:24.189+0000] {processor.py:161} INFO - Started process (PID=6680) to work on /home/airflow/.local/lib/python3.12/site-packages/airflow/example_dags/tutorial_taskflow_api.py
[2026-02-11T00:03:24.190+0000] {processor.py:830} INFO - Processing file /home/airflow/.local/lib/python3.12/site-packages/airflow/example_dags/tutorial_taskflow_api.py for tasks to queue
[2026-02-11T00:03:24.192+0000] {logging_mixin.py:188} INFO - [2026-02-11T00:03:24.192+0000] {dagbag.py:540} INFO - Filling up the DagBag from /home/airflow/.local/lib/python3.12/site-packages/airflow/example_dags/tutorial_taskflow_api.py
[2026-02-11T00:03:24.200+0000] {processor.py:840} INFO - DAG(s) 'tutorial_taskflow_api' retrieved from /home/airflow/.local/lib/python3.12/site-packages/airflow/example_dags/tutorial_taskflow_api.py
[2026-02-11T00:03:24.219+0000] {logging_mixin.py:188} INFO - [2026-02-11T00:03:24.218+0000] {dag.py:3096} INFO - Sync 1 DAGs
[2026-02-11T00:03:24.232+0000] {logging_mixin.py:188} INFO - [2026-02-11T00:03:24.231+0000] {dag.py:3954} INFO - Setting next_dagrun for tutorial_taskflow_api to None, run_after=None
[2026-02-11T00:03:24.253+0000] {processor.py:183} INFO - Processing /home/airflow/.local/lib/python3.12/site-packages/airflow/example_dags/tutorial_taskflow_api.py took 0.069 seconds
[2026-02-11T00:03:54.415+0000] {processor.py:161} INFO - Started process (PID=6734) to work on /home/airflow/.local/lib/python3.12/site-packages/airflow/example_dags/tutorial_taskflow_api.py
[2026-02-11T00:03:54.416+0000] {processor.py:830} INFO - Processing file /home/airflow/.local/lib/python3.12/site-packages/airflow/example_dags/tutorial_taskflow_api.py for tasks to queue
[2026-02-11T00:03:54.418+0000] {logging_mixin.py:188} INFO - [2026-02-11T00:03:54.418+0000] {dagbag.py:540} INFO - Filling up the DagBag from /home/airflow/.local/lib/python3.12/site-packages/airflow/example_dags/tutorial_taskflow_api.py
[2026-02-11T00:03:54.424+0000] {processor.py:840} INFO - DAG(s) 'tutorial_taskflow_api' retrieved from /home/airflow/.local/lib/python3.12/site-packages/airflow/example_dags/tutorial_taskflow_api.py
[2026-02-11T00:03:54.444+0000] {logging_mixin.py:188} INFO - [2026-02-11T00:03:54.444+0000] {dag.py:3096} INFO - Sync 1 DAGs
[2026-02-11T00:03:54.456+0000] {logging_mixin.py:188} INFO - [2026-02-11T00:03:54.455+0000] {dag.py:3954} INFO - Setting next_dagrun for tutorial_taskflow_api to None, run_after=None
[2026-02-11T00:03:54.476+0000] {processor.py:183} INFO - Processing /home/airflow/.local/lib/python3.12/site-packages/airflow/example_dags/tutorial_taskflow_api.py took 0.067 seconds
[2026-02-11T00:04:24.768+0000] {processor.py:161} INFO - Started process (PID=6788) to work on /home/airflow/.local/lib/python3.12/site-packages/airflow/example_dags/tutorial_taskflow_api.py
[2026-02-11T00:04:24.769+0000] {processor.py:830} INFO - Processing file /home/airflow/.local/lib/python3.12/site-packages/airflow/example_dags/tutorial_taskflow_api.py for tasks to queue
[2026-02-11T00:04:24.771+0000] {logging_mixin.py:188} INFO - [2026-02-11T00:04:24.771+0000] {dagbag.py:540} INFO - Filling up the DagBag from /home/airflow/.local/lib/python3.12/site-packages/airflow/example_dags/tutorial_taskflow_api.py
[2026-02-11T00:04:24.779+0000] {processor.py:840} INFO - DAG(s) 'tutorial_taskflow_api' retrieved from /home/airflow/.local/lib/python3.12/site-packages/airflow/example_dags/tutorial_taskflow_api.py
[2026-02-11T00:04:24.799+0000] {logging_mixin.py:188} INFO - [2026-02-11T00:04:24.799+0000] {dag.py:3096} INFO - Sync 1 DAGs
[2026-02-11T00:04:24.812+0000] {logging_mixin.py:188} INFO - [2026-02-11T00:04:24.811+0000] {dag.py:3954} INFO - Setting next_dagrun for tutorial_taskflow_api to None, run_after=None
[2026-02-11T00:04:24.832+0000] {processor.py:183} INFO - Processing /home/airflow/.local/lib/python3.12/site-packages/airflow/example_dags/tutorial_taskflow_api.py took 0.069 seconds
[2026-02-11T00:04:54.912+0000] {processor.py:161} INFO - Started process (PID=6842) to work on /home/airflow/.local/lib/python3.12/site-packages/airflow/example_dags/tutorial_taskflow_api.py
[2026-02-11T00:04:54.913+0000] {processor.py:830} INFO - Processing file /home/airflow/.local/lib/python3.12/site-packages/airflow/example_dags/tutorial_taskflow_api.py for tasks to queue
[2026-02-11T00:04:54.915+0000] {logging_mixin.py:188} INFO - [2026-02-11T00:04:54.915+0000] {dagbag.py:540} INFO - Filling up the DagBag from /home/airflow/.local/lib/python3.12/site-packages/airflow/example_dags/tutorial_taskflow_api.py
[2026-02-11T00:04:54.921+0000] {processor.py:840} INFO - DAG(s) 'tutorial_taskflow_api' retrieved from /home/airflow/.local/lib/python3.12/site-packages/airflow/example_dags/tutorial_taskflow_api.py
[2026-02-11T00:04:54.942+0000] {logging_mixin.py:188} INFO - [2026-02-11T00:04:54.942+0000] {dag.py:3096} INFO - Sync 1 DAGs
[2026-02-11T00:04:54.954+0000] {logging_mixin.py:188} INFO - [2026-02-11T00:04:54.954+0000] {dag.py:3954} INFO - Setting next_dagrun for tutorial_taskflow_api to None, run_after=None
[2026-02-11T00:04:54.974+0000] {processor.py:183} INFO - Processing /home/airflow/.local/lib/python3.12/site-packages/airflow/example_dags/tutorial_taskflow_api.py took 0.067 seconds
[2026-02-11T00:05:25.138+0000] {processor.py:161} INFO - Started process (PID=6896) to work on /home/airflow/.local/lib/python3.12/site-packages/airflow/example_dags/tutorial_taskflow_api.py
[2026-02-11T00:05:25.139+0000] {processor.py:830} INFO - Processing file /home/airflow/.local/lib/python3.12/site-packages/airflow/example_dags/tutorial_taskflow_api.py for tasks to queue
[2026-02-11T00:05:25.141+0000] {logging_mixin.py:188} INFO - [2026-02-11T00:05:25.141+0000] {dagbag.py:540} INFO - Filling up the DagBag from /home/airflow/.local/lib/python3.12/site-packages/airflow/example_dags/tutorial_taskflow_api.py
[2026-02-11T00:05:25.148+0000] {processor.py:840} INFO - DAG(s) 'tutorial_taskflow_api' retrieved from /home/airflow/.local/lib/python3.12/site-packages/airflow/example_dags/tutorial_taskflow_api.py
[2026-02-11T00:05:25.168+0000] {logging_mixin.py:188} INFO - [2026-02-11T00:05:25.168+0000] {dag.py:3096} INFO - Sync 1 DAGs
[2026-02-11T00:05:25.181+0000] {logging_mixin.py:188} INFO - [2026-02-11T00:05:25.180+0000] {dag.py:3954} INFO - Setting next_dagrun for tutorial_taskflow_api to None, run_after=None
[2026-02-11T00:05:25.202+0000] {processor.py:183} INFO - Processing /home/airflow/.local/lib/python3.12/site-packages/airflow/example_dags/tutorial_taskflow_api.py took 0.070 seconds
[2026-02-11T00:05:55.455+0000] {processor.py:161} INFO - Started process (PID=6950) to work on /home/airflow/.local/lib/python3.12/site-packages/airflow/example_dags/tutorial_taskflow_api.py
[2026-02-11T00:05:55.456+0000] {processor.py:830} INFO - Processing file /home/airflow/.local/lib/python3.12/site-packages/airflow/example_dags/tutorial_taskflow_api.py for tasks to queue
[2026-02-11T00:05:55.458+0000] {logging_mixin.py:188} INFO - [2026-02-11T00:05:55.458+0000] {dagbag.py:540} INFO - Filling up the DagBag from /home/airflow/.local/lib/python3.12/site-packages/airflow/example_dags/tutorial_taskflow_api.py
[2026-02-11T00:05:55.464+0000] {processor.py:840} INFO - DAG(s) 'tutorial_taskflow_api' retrieved from /home/airflow/.local/lib/python3.12/site-packages/airflow/example_dags/tutorial_taskflow_api.py
[2026-02-11T00:05:55.484+0000] {logging_mixin.py:188} INFO - [2026-02-11T00:05:55.483+0000] {dag.py:3096} INFO - Sync 1 DAGs
[2026-02-11T00:05:55.495+0000] {logging_mixin.py:188} INFO - [2026-02-11T00:05:55.495+0000] {dag.py:3954} INFO - Setting next_dagrun for tutorial_taskflow_api to None, run_after=None
[2026-02-11T00:05:55.515+0000] {processor.py:183} INFO - Processing /home/airflow/.local/lib/python3.12/site-packages/airflow/example_dags/tutorial_taskflow_api.py took 0.066 seconds
[2026-02-11T00:06:25.699+0000] {processor.py:161} INFO - Started process (PID=7004) to work on /home/airflow/.local/lib/python3.12/site-packages/airflow/example_dags/tutorial_taskflow_api.py
[2026-02-11T00:06:25.700+0000] {processor.py:830} INFO - Processing file /home/airflow/.local/lib/python3.12/site-packages/airflow/example_dags/tutorial_taskflow_api.py for tasks to queue
[2026-02-11T00:06:25.703+0000] {logging_mixin.py:188} INFO - [2026-02-11T00:06:25.702+0000] {dagbag.py:540} INFO - Filling up the DagBag from /home/airflow/.local/lib/python3.12/site-packages/airflow/example_dags/tutorial_taskflow_api.py
[2026-02-11T00:06:25.711+0000] {processor.py:840} INFO - DAG(s) 'tutorial_taskflow_api' retrieved from /home/airflow/.local/lib/python3.12/site-packages/airflow/example_dags/tutorial_taskflow_api.py
[2026-02-11T00:06:25.735+0000] {logging_mixin.py:188} INFO - [2026-02-11T00:06:25.734+0000] {dag.py:3096} INFO - Sync 1 DAGs
[2026-02-11T00:06:25.747+0000] {logging_mixin.py:188} INFO - [2026-02-11T00:06:25.747+0000] {dag.py:3954} INFO - Setting next_dagrun for tutorial_taskflow_api to None, run_after=None
[2026-02-11T00:06:25.769+0000] {processor.py:183} INFO - Processing /home/airflow/.local/lib/python3.12/site-packages/airflow/example_dags/tutorial_taskflow_api.py took 0.076 seconds
[2026-02-11T00:06:55.871+0000] {processor.py:161} INFO - Started process (PID=7058) to work on /home/airflow/.local/lib/python3.12/site-packages/airflow/example_dags/tutorial_taskflow_api.py
[2026-02-11T00:06:55.873+0000] {processor.py:830} INFO - Processing file /home/airflow/.local/lib/python3.12/site-packages/airflow/example_dags/tutorial_taskflow_api.py for tasks to queue
[2026-02-11T00:06:55.876+0000] {logging_mixin.py:188} INFO - [2026-02-11T00:06:55.876+0000] {dagbag.py:540} INFO - Filling up the DagBag from /home/airflow/.local/lib/python3.12/site-packages/airflow/example_dags/tutorial_taskflow_api.py
[2026-02-11T00:06:55.886+0000] {processor.py:840} INFO - DAG(s) 'tutorial_taskflow_api' retrieved from /home/airflow/.local/lib/python3.12/site-packages/airflow/example_dags/tutorial_taskflow_api.py
[2026-02-11T00:06:55.912+0000] {logging_mixin.py:188} INFO - [2026-02-11T00:06:55.911+0000] {dag.py:3096} INFO - Sync 1 DAGs
[2026-02-11T00:06:55.929+0000] {logging_mixin.py:188} INFO - [2026-02-11T00:06:55.929+0000] {dag.py:3954} INFO - Setting next_dagrun for tutorial_taskflow_api to None, run_after=None
[2026-02-11T00:06:55.960+0000] {processor.py:183} INFO - Processing /home/airflow/.local/lib/python3.12/site-packages/airflow/example_dags/tutorial_taskflow_api.py took 0.100 seconds
[2026-02-11T00:07:26.328+0000] {processor.py:161} INFO - Started process (PID=7111) to work on /home/airflow/.local/lib/python3.12/site-packages/airflow/example_dags/tutorial_taskflow_api.py
[2026-02-11T00:07:26.329+0000] {processor.py:830} INFO - Processing file /home/airflow/.local/lib/python3.12/site-packages/airflow/example_dags/tutorial_taskflow_api.py for tasks to queue
[2026-02-11T00:07:26.331+0000] {logging_mixin.py:188} INFO - [2026-02-11T00:07:26.331+0000] {dagbag.py:540} INFO - Filling up the DagBag from /home/airflow/.local/lib/python3.12/site-packages/airflow/example_dags/tutorial_taskflow_api.py
[2026-02-11T00:07:26.339+0000] {processor.py:840} INFO - DAG(s) 'tutorial_taskflow_api' retrieved from /home/airflow/.local/lib/python3.12/site-packages/airflow/example_dags/tutorial_taskflow_api.py
[2026-02-11T00:07:26.361+0000] {logging_mixin.py:188} INFO - [2026-02-11T00:07:26.361+0000] {dag.py:3096} INFO - Sync 1 DAGs
[2026-02-11T00:07:26.374+0000] {logging_mixin.py:188} INFO - [2026-02-11T00:07:26.374+0000] {dag.py:3954} INFO - Setting next_dagrun for tutorial_taskflow_api to None, run_after=None
[2026-02-11T00:07:26.396+0000] {processor.py:183} INFO - Processing /home/airflow/.local/lib/python3.12/site-packages/airflow/example_dags/tutorial_taskflow_api.py took 0.075 seconds
[2026-02-11T00:07:56.606+0000] {processor.py:161} INFO - Started process (PID=7165) to work on /home/airflow/.local/lib/python3.12/site-packages/airflow/example_dags/tutorial_taskflow_api.py
[2026-02-11T00:07:56.607+0000] {processor.py:830} INFO - Processing file /home/airflow/.local/lib/python3.12/site-packages/airflow/example_dags/tutorial_taskflow_api.py for tasks to queue
[2026-02-11T00:07:56.609+0000] {logging_mixin.py:188} INFO - [2026-02-11T00:07:56.609+0000] {dagbag.py:540} INFO - Filling up the DagBag from /home/airflow/.local/lib/python3.12/site-packages/airflow/example_dags/tutorial_taskflow_api.py
[2026-02-11T00:07:56.616+0000] {processor.py:840} INFO - DAG(s) 'tutorial_taskflow_api' retrieved from /home/airflow/.local/lib/python3.12/site-packages/airflow/example_dags/tutorial_taskflow_api.py
[2026-02-11T00:07:56.635+0000] {logging_mixin.py:188} INFO - [2026-02-11T00:07:56.634+0000] {dag.py:3096} INFO - Sync 1 DAGs
[2026-02-11T00:07:56.647+0000] {logging_mixin.py:188} INFO - [2026-02-11T00:07:56.646+0000] {dag.py:3954} INFO - Setting next_dagrun for tutorial_taskflow_api to None, run_after=None
[2026-02-11T00:07:56.668+0000] {processor.py:183} INFO - Processing /home/airflow/.local/lib/python3.12/site-packages/airflow/example_dags/tutorial_taskflow_api.py took 0.068 seconds
[2026-02-11T00:08:26.901+0000] {processor.py:161} INFO - Started process (PID=7219) to work on /home/airflow/.local/lib/python3.12/site-packages/airflow/example_dags/tutorial_taskflow_api.py
[2026-02-11T00:08:26.902+0000] {processor.py:830} INFO - Processing file /home/airflow/.local/lib/python3.12/site-packages/airflow/example_dags/tutorial_taskflow_api.py for tasks to queue
[2026-02-11T00:08:26.904+0000] {logging_mixin.py:188} INFO - [2026-02-11T00:08:26.904+0000] {dagbag.py:540} INFO - Filling up the DagBag from /home/airflow/.local/lib/python3.12/site-packages/airflow/example_dags/tutorial_taskflow_api.py
[2026-02-11T00:08:26.911+0000] {processor.py:840} INFO - DAG(s) 'tutorial_taskflow_api' retrieved from /home/airflow/.local/lib/python3.12/site-packages/airflow/example_dags/tutorial_taskflow_api.py
[2026-02-11T00:08:26.932+0000] {logging_mixin.py:188} INFO - [2026-02-11T00:08:26.932+0000] {dag.py:3096} INFO - Sync 1 DAGs
[2026-02-11T00:08:26.944+0000] {logging_mixin.py:188} INFO - [2026-02-11T00:08:26.943+0000] {dag.py:3954} INFO - Setting next_dagrun for tutorial_taskflow_api to None, run_after=None
[2026-02-11T00:08:26.966+0000] {processor.py:183} INFO - Processing /home/airflow/.local/lib/python3.12/site-packages/airflow/example_dags/tutorial_taskflow_api.py took 0.071 seconds
[2026-02-11T00:08:57.161+0000] {processor.py:161} INFO - Started process (PID=7273) to work on /home/airflow/.local/lib/python3.12/site-packages/airflow/example_dags/tutorial_taskflow_api.py
[2026-02-11T00:08:57.162+0000] {processor.py:830} INFO - Processing file /home/airflow/.local/lib/python3.12/site-packages/airflow/example_dags/tutorial_taskflow_api.py for tasks to queue
[2026-02-11T00:08:57.164+0000] {logging_mixin.py:188} INFO - [2026-02-11T00:08:57.163+0000] {dagbag.py:540} INFO - Filling up the DagBag from /home/airflow/.local/lib/python3.12/site-packages/airflow/example_dags/tutorial_taskflow_api.py
[2026-02-11T00:08:57.170+0000] {processor.py:840} INFO - DAG(s) 'tutorial_taskflow_api' retrieved from /home/airflow/.local/lib/python3.12/site-packages/airflow/example_dags/tutorial_taskflow_api.py
[2026-02-11T00:08:57.190+0000] {logging_mixin.py:188} INFO - [2026-02-11T00:08:57.190+0000] {dag.py:3096} INFO - Sync 1 DAGs
[2026-02-11T00:08:57.202+0000] {logging_mixin.py:188} INFO - [2026-02-11T00:08:57.201+0000] {dag.py:3954} INFO - Setting next_dagrun for tutorial_taskflow_api to None, run_after=None
[2026-02-11T00:08:57.221+0000] {processor.py:183} INFO - Processing /home/airflow/.local/lib/python3.12/site-packages/airflow/example_dags/tutorial_taskflow_api.py took 0.066 seconds
[2026-02-11T00:09:27.375+0000] {processor.py:161} INFO - Started process (PID=7327) to work on /home/airflow/.local/lib/python3.12/site-packages/airflow/example_dags/tutorial_taskflow_api.py
[2026-02-11T00:09:27.377+0000] {processor.py:830} INFO - Processing file /home/airflow/.local/lib/python3.12/site-packages/airflow/example_dags/tutorial_taskflow_api.py for tasks to queue
[2026-02-11T00:09:27.379+0000] {logging_mixin.py:188} INFO - [2026-02-11T00:09:27.379+0000] {dagbag.py:540} INFO - Filling up the DagBag from /home/airflow/.local/lib/python3.12/site-packages/airflow/example_dags/tutorial_taskflow_api.py
[2026-02-11T00:09:27.386+0000] {processor.py:840} INFO - DAG(s) 'tutorial_taskflow_api' retrieved from /home/airflow/.local/lib/python3.12/site-packages/airflow/example_dags/tutorial_taskflow_api.py
[2026-02-11T00:09:27.410+0000] {logging_mixin.py:188} INFO - [2026-02-11T00:09:27.410+0000] {dag.py:3096} INFO - Sync 1 DAGs
[2026-02-11T00:09:27.423+0000] {logging_mixin.py:188} INFO - [2026-02-11T00:09:27.422+0000] {dag.py:3954} INFO - Setting next_dagrun for tutorial_taskflow_api to None, run_after=None
[2026-02-11T00:09:27.442+0000] {processor.py:183} INFO - Processing /home/airflow/.local/lib/python3.12/site-packages/airflow/example_dags/tutorial_taskflow_api.py took 0.073 seconds
[2026-02-11T00:09:57.699+0000] {processor.py:161} INFO - Started process (PID=7381) to work on /home/airflow/.local/lib/python3.12/site-packages/airflow/example_dags/tutorial_taskflow_api.py
[2026-02-11T00:09:57.700+0000] {processor.py:830} INFO - Processing file /home/airflow/.local/lib/python3.12/site-packages/airflow/example_dags/tutorial_taskflow_api.py for tasks to queue
[2026-02-11T00:09:57.702+0000] {logging_mixin.py:188} INFO - [2026-02-11T00:09:57.702+0000] {dagbag.py:540} INFO - Filling up the DagBag from /home/airflow/.local/lib/python3.12/site-packages/airflow/example_dags/tutorial_taskflow_api.py
[2026-02-11T00:09:57.709+0000] {processor.py:840} INFO - DAG(s) 'tutorial_taskflow_api' retrieved from /home/airflow/.local/lib/python3.12/site-packages/airflow/example_dags/tutorial_taskflow_api.py
[2026-02-11T00:09:57.731+0000] {logging_mixin.py:188} INFO - [2026-02-11T00:09:57.731+0000] {dag.py:3096} INFO - Sync 1 DAGs
[2026-02-11T00:09:57.745+0000] {logging_mixin.py:188} INFO - [2026-02-11T00:09:57.744+0000] {dag.py:3954} INFO - Setting next_dagrun for tutorial_taskflow_api to None, run_after=None
[2026-02-11T00:09:57.768+0000] {processor.py:183} INFO - Processing /home/airflow/.local/lib/python3.12/site-packages/airflow/example_dags/tutorial_taskflow_api.py took 0.075 seconds
[2026-02-11T00:10:27.920+0000] {processor.py:161} INFO - Started process (PID=7435) to work on /home/airflow/.local/lib/python3.12/site-packages/airflow/example_dags/tutorial_taskflow_api.py
[2026-02-11T00:10:27.921+0000] {processor.py:830} INFO - Processing file /home/airflow/.local/lib/python3.12/site-packages/airflow/example_dags/tutorial_taskflow_api.py for tasks to queue
[2026-02-11T00:10:27.923+0000] {logging_mixin.py:188} INFO - [2026-02-11T00:10:27.923+0000] {dagbag.py:540} INFO - Filling up the DagBag from /home/airflow/.local/lib/python3.12/site-packages/airflow/example_dags/tutorial_taskflow_api.py
[2026-02-11T00:10:27.929+0000] {processor.py:840} INFO - DAG(s) 'tutorial_taskflow_api' retrieved from /home/airflow/.local/lib/python3.12/site-packages/airflow/example_dags/tutorial_taskflow_api.py
[2026-02-11T00:10:27.949+0000] {logging_mixin.py:188} INFO - [2026-02-11T00:10:27.949+0000] {dag.py:3096} INFO - Sync 1 DAGs
[2026-02-11T00:10:27.961+0000] {logging_mixin.py:188} INFO - [2026-02-11T00:10:27.960+0000] {dag.py:3954} INFO - Setting next_dagrun for tutorial_taskflow_api to None, run_after=None
[2026-02-11T00:10:27.982+0000] {processor.py:183} INFO - Processing /home/airflow/.local/lib/python3.12/site-packages/airflow/example_dags/tutorial_taskflow_api.py took 0.068 seconds
[2026-02-11T00:10:58.394+0000] {processor.py:161} INFO - Started process (PID=7489) to work on /home/airflow/.local/lib/python3.12/site-packages/airflow/example_dags/tutorial_taskflow_api.py
[2026-02-11T00:10:58.395+0000] {processor.py:830} INFO - Processing file /home/airflow/.local/lib/python3.12/site-packages/airflow/example_dags/tutorial_taskflow_api.py for tasks to queue
[2026-02-11T00:10:58.397+0000] {logging_mixin.py:188} INFO - [2026-02-11T00:10:58.397+0000] {dagbag.py:540} INFO - Filling up the DagBag from /home/airflow/.local/lib/python3.12/site-packages/airflow/example_dags/tutorial_taskflow_api.py
[2026-02-11T00:10:58.405+0000] {processor.py:840} INFO - DAG(s) 'tutorial_taskflow_api' retrieved from /home/airflow/.local/lib/python3.12/site-packages/airflow/example_dags/tutorial_taskflow_api.py
[2026-02-11T00:10:58.425+0000] {logging_mixin.py:188} INFO - [2026-02-11T00:10:58.425+0000] {dag.py:3096} INFO - Sync 1 DAGs
[2026-02-11T00:10:58.437+0000] {logging_mixin.py:188} INFO - [2026-02-11T00:10:58.437+0000] {dag.py:3954} INFO - Setting next_dagrun for tutorial_taskflow_api to None, run_after=None
[2026-02-11T00:10:58.458+0000] {processor.py:183} INFO - Processing /home/airflow/.local/lib/python3.12/site-packages/airflow/example_dags/tutorial_taskflow_api.py took 0.072 seconds
[2026-02-11T00:11:28.555+0000] {processor.py:161} INFO - Started process (PID=7543) to work on /home/airflow/.local/lib/python3.12/site-packages/airflow/example_dags/tutorial_taskflow_api.py
[2026-02-11T00:11:28.556+0000] {processor.py:830} INFO - Processing file /home/airflow/.local/lib/python3.12/site-packages/airflow/example_dags/tutorial_taskflow_api.py for tasks to queue
[2026-02-11T00:11:28.559+0000] {logging_mixin.py:188} INFO - [2026-02-11T00:11:28.558+0000] {dagbag.py:540} INFO - Filling up the DagBag from /home/airflow/.local/lib/python3.12/site-packages/airflow/example_dags/tutorial_taskflow_api.py
[2026-02-11T00:11:28.567+0000] {processor.py:840} INFO - DAG(s) 'tutorial_taskflow_api' retrieved from /home/airflow/.local/lib/python3.12/site-packages/airflow/example_dags/tutorial_taskflow_api.py
[2026-02-11T00:11:28.587+0000] {logging_mixin.py:188} INFO - [2026-02-11T00:11:28.587+0000] {dag.py:3096} INFO - Sync 1 DAGs
[2026-02-11T00:11:28.601+0000] {logging_mixin.py:188} INFO - [2026-02-11T00:11:28.600+0000] {dag.py:3954} INFO - Setting next_dagrun for tutorial_taskflow_api to None, run_after=None
[2026-02-11T00:11:28.621+0000] {processor.py:183} INFO - Processing /home/airflow/.local/lib/python3.12/site-packages/airflow/example_dags/tutorial_taskflow_api.py took 0.072 seconds
